[   0.058] [SMA] ARMED (MOSFET on); idle=0.500 V
[   0.058] [STATUS] t_ms=389707 hwm=256 cap=256 dropped=74 dropped_total=4766 crc_err=0 crc_err_total=0 rate1=390 rate2=390 prod1=477 prod2=478 dac_err=0 tx_drop=377 hb_ms=0 sma_state=0 m7_us=402605513 m4_us=400142147 vdd=5.067 offset=0.5000 aref=3.145 loop_us_avg=30 loop_us_max=333057 loop_hz=33333 cycle_log_ms=1 n_cycle=4 cc=0 cc_hz=0 cc_i_tgt=0.1000 cc_u=0.5013 cc_r=4.9799 cc_tau_ms=7.00
[   0.184] _ALM
[   0.184] [ADC1
[   0.184] ] STATUS alarm(s
[   0.184] PGAH_ALM PGAD
[   1.064] [STATUS] t_ms=390707 hwm=196 cap=256 dropped=0 dropped_total=4766 crc_err=0 crc_err_total=0 rate1=606 rate2=607 prod1=512 prod2=512 dac_err=0 tx_drop=377 hb_ms=0 sma_state=0 m7_us=403638895 m4_us=401445079 vdd=5.067 offset=0.5000 aref=3.145 loop_us_avg=22 loop_us_max=5568 loop_hz=45454 cycle_log_ms=1 n_cycle=4 cc=0 cc_hz=0 cc_i_tgt=0.1000 cc_u=0.5013 cc_r=4.9799 cc_tau_ms=7.00
[   1.191] _ALM
[   1.191] [A
[   1.191] DC1] STATUS ala
[   1.191] rm(s): 0x4F PGA
[   1.191] L_ALM PGAH_ALM P
[   1.191] GAD
[   0.063] [SMA] [CC] start i_high=550.0mA i_low=100.0mA t_high=100 t_idle=12000 n=6 (0=cont) tau_ms=7.0 wdt_ms=5000
[   0.063] [SMA] [ACT] heat n=1/6 I=550.0mA ms=100
[   0.063] [STATUS] t_ms=391707 hwm=2 cap=256 dropped=0 dropped_total=4766 crc_err=0 crc_err_total=0 rate1=512 rate2=512 prod1=512 prod2=512 dac_err=0 tx_drop=377 hb_ms=0 sma_state=5 m7_us=404672356 m4_us=402478621 vdd=5.067 offset=0.5000 aref=3.145 loop_us_avg=23 loop_us_max=2089 loop_hz=43478 cycle_log_ms=1 n_cycle=4 cc=1 cc_hz=60 cc_i_tgt=0.5500 cc_u=0.6956 cc_r=0.0000 cc_tau_ms=7.00
[   0.126] [SMA] [ACT] cool n=1/6 I=100.0mA ms=12000
[   0.190] _ALM
[   1.135] [STATUS] t_ms=392707 hwm=3 cap=256 dropped=0 dropped_total=4766 crc_err=0 crc_err_total=0 rate1=512 rate2=512 prod1=512 prod2=512 dac_err=0 tx_drop=377 hb_ms=0 sma_state=6 m7_us=405706028 m4_us=403512148 vdd=5.067 offset=0.5000 aref=3.145 loop_us_avg=91 loop_us_max=2758 loop_hz=10989 cycle_log_ms=1 n_cycle=4 cc=1 cc_hz=1030 cc_i_tgt=0.1000 cc_u=0.6265 cc_r=6.2902 cc_tau_ms=7.00
[   1.199] _ALM
[   2.148] [STATUS] t_ms=393707 hwm=3 cap=256 dropped=0 dropped_total=4766 crc_err=0 crc_err_total=0 rate1=513 rate2=512 prod1=513 prod2=512 dac_err=0 tx_drop=377 hb_ms=0 sma_state=6 m7_us=406740190 m4_us=404546662 vdd=5.067 offset=0.5000 aref=3.145 loop_us_avg=92 loop_us_max=2872 loop_hz=10869 cycle_log_ms=1 n_cycle=4 cc=1 cc_hz=1030 cc_i_tgt=0.1000 cc_u=0.6327 cc_r=6.2504 cc_tau_ms=7.00
[   2.208] _ALM
[   3.206] [STATUS] t_ms=394707 hwm=3 cap=256 dropped=0 dropped_total=4766 crc_err=0 crc_err_total=0 rate1=512 rate2=512 prod1=512 prod2=512 dac_err=0 tx_drop=377 hb_ms=0 sma_state=6 m7_us=407773980 m4_us=405580099 vdd=5.067 offset=0.5000 aref=3.145 loop_us_avg=93 loop_us_max=2984 loop_hz=10752 cycle_log_ms=1 n_cycle=4 cc=1 cc_hz=1029 cc_i_tgt=0.1000 cc_u=0.6219 cc_r=6.2628 cc_tau_ms=7.00
[   3.269] _AL
[   3.269] M
[   4.210] [STATUS] t_ms=395707 hwm=3 cap=256 dropped=0 dropped_total=4766 crc_err=0 crc_err_total=0 rate1=512 rate2=512 prod1=512 prod2=512 dac_err=0 tx_drop=377 hb_ms=0 sma_state=6 m7_us=408806989 m4_us=406613545 vdd=5.067 offset=0.5000 aref=3.145 loop_us_avg=92 loop_us_max=3001 loop_hz=10869 cycle_log_ms=1 n_cycle=4 cc=1 cc_hz=1029 cc_i_tgt=0.1000 cc_u=0.6381 cc_r=6.2820 cc_tau_ms=7.00
[   4.273] _ALM
[   5.286] _ALM
[   5.286] [STATUS] t_ms=396707 hwm=3 cap=256 dropped=0 dropped_total=4766 crc_err=0 crc_err_total=0 rate1=512 rate2=512 prod1=512 prod2=512 dac_err=0 tx_drop=377 hb_ms=0 sma_state=6 m7_us=409840445 m4_us=407646963 vdd=5.067 offset=0.5000 aref=3.145 loop_us_avg=93 loop_us_max=2885 loop_hz=10752 cycle_log_ms=1 n_cycle=4 cc=1 cc_hz=1029 cc_i_tgt=0.1000 cc_u=0.6210 cc_r=6.2220 cc_tau_ms=7.00
[   6.300] _ALM
[   6.300] [
[   6.300] [STATUS] t_ms=397707 hwm=3 cap=256 dropped=0 dropped_total=4766 crc_err=0 crc_err_total=0 rate1=512 rate2=512 prod1=512 prod2=512 dac_err=0 tx_drop=377 hb_ms=0 sma_state=6 m7_us=410874139 m4_us=408680355 vdd=5.067 offset=0.5000 aref=3.145 loop_us_avg=93 loop_us_max=2934 loop_hz=10752 cycle_log_ms=1 n_cycle=4 cc=1 cc_hz=1029 cc_i_tgt=0.1000 cc_u=0.6237 cc_r=6.2673 cc_tau_ms=7.00
[   7.309] _ALM
[   7.309] [STATUS] t_ms=398707 hwm=3 cap=256 dropped=0 dropped_total=4766 crc_err=0 crc_err_total=0 rate1=512 rate2=512 prod1=512 prod2=512 dac_err=0 tx_drop=377 hb_ms=0 sma_state=6 m7_us=411907210 m4_us=409713734 vdd=5.067 offset=0.5000 aref=3.145 loop_us_avg=93 loop_us_max=2846 loop_hz=10752 cycle_log_ms=1 n_cycle=4 cc=1 cc_hz=1029 cc_i_tgt=0.1000 cc_u=0.6141 cc_r=6.1870 cc_tau_ms=7.00
[   8.313] _ALM
[   8.377] [STATUS] t_ms=399707 hwm=3 cap=256 dropped=0 dropped_total=4766 crc_err=0 crc_err_total=0 rate1=512 rate2=512 prod1=512 prod2=512 dac_err=0 tx_drop=377 hb_ms=0 sma_state=6 m7_us=412940910 m4_us=410747078 vdd=5.067 offset=0.5000 aref=3.145 loop_us_avg=91 loop_us_max=2872 loop_hz=10989 cycle_log_ms=1 n_cycle=4 cc=1 cc_hz=1029 cc_i_tgt=0.1000 cc_u=0.6254 cc_r=6.2780 cc_tau_ms=7.00
[   9.323] _ALM
[   9.386] [STATUS] t_ms=400707 hwm=3 cap=256 dropped=0 dropped_total=4766 crc_err=0 crc_err_total=0 rate1=512 rate2=512 prod1=512 prod2=512 dac_err=0 tx_drop=377 hb_ms=0 sma_state=6 m7_us=413974170 m4_us=411780432 vdd=5.067 offset=0.5000 aref=3.145 loop_us_avg=93 loop_us_max=2957 loop_hz=10752 cycle_log_ms=1 n_cycle=4 cc=1 cc_hz=1026 cc_i_tgt=0.1000 cc_u=0.6242 cc_r=6.2429 cc_tau_ms=7.00
[  10.304] _ALM
[  10.429] [STATUS] t_ms=401707 hwm=3 cap=256 dropped=0 dropped_total=4766 crc_err=0 crc_err_total=0 rate1=512 rate2=512 prod1=512 prod2=512 dac_err=0 tx_drop=377 hb_ms=0 sma_state=6 m7_us=415007593 m4_us=412813817 vdd=5.067 offset=0.5000 aref=3.145 loop_us_avg=93 loop_us_max=2830 loop_hz=10752 cycle_log_ms=1 n_cycle=4 cc=1 cc_hz=1026 cc_i_tgt=0.1000 cc_u=0.6250 cc_r=6.2903 cc_tau_ms=7.00
[  11.317] _ALM
[  11.317] [ADC1
[  11.317] ] STATUS alarm(s): 0
[  11.442] [STATUS] t_ms=402707 hwm=3 cap=256 dropped=0 dropped_total=4766 crc_err=0 crc_err_total=0 rate1=512 rate2=512 prod1=512 prod2=512 dac_err=0 tx_drop=377 hb_ms=0 sma_state=6 m7_us=416040954 m4_us=413847174 vdd=5.067 offset=0.5000 aref=3.145 loop_us_avg=92 loop_us_max=2993 loop_hz=10869 cycle_log_ms=1 n_cycle=4 cc=1 cc_hz=1026 cc_i_tgt=0.1000 cc_u=0.6271 cc_r=6.2661 cc_tau_ms=7.00
[  12.323] _ALM
[  12.513] [STATUS] t_ms=403707 hwm=3 cap=256 dropped=0 dropped_total=4766 crc_err=0 crc_err_total=0 rate1=512 rate2=512 prod1=512 prod2=512 dac_err=0 tx_drop=377 hb_ms=0 sma_state=6 m7_us=417074107 m4_us=414880537 vdd=5.067 offset=0.5000 aref=3.145 loop_us_avg=92 loop_us_max=2852 loop_hz=10869 cycle_log_ms=1 n_cycle=4 cc=1 cc_hz=1029 cc_i_tgt=0.1000 cc_u=0.6322 cc_r=6.2711 cc_tau_ms=7.00
[  12.513] [SMA] [ACT] heat n=2/6 I=550.0mA ms=100
[  12.641] [SMA] [ACT] cool n=2/6 I=100.0mA ms=12000
[  13.334] _ALM
[  13.526] [STATUS] t_ms=404707 hwm=3 cap=256 dropped=0 dropped_total=4766 crc_err=0 crc_err_total=0 rate1=512 rate2=512 prod1=512 prod2=512 dac_err=0 tx_drop=377 hb_ms=0 sma_state=6 m7_us=418107730 m4_us=415913913 vdd=5.067 offset=0.5000 aref=3.145 loop_us_avg=93 loop_us_max=3070 loop_hz=10752 cycle_log_ms=1 n_cycle=4 cc=1 cc_hz=1028 cc_i_tgt=0.1000 cc_u=0.6278 cc_r=6.2500 cc_tau_ms=7.00
[  14.346] _ALM
[  14.346] [ADC1] STATUS alar
[  14.536] [STATUS] t_ms=405707 hwm=3 cap=256 dropped=0 dropped_total=4766 crc_err=0 crc_err_total=0 rate1=512 rate2=512 prod1=512 prod2=512 dac_err=0 tx_drop=377 hb_ms=0 sma_state=6 m7_us=419140742 m4_us=416947318 vdd=5.067 offset=0.5000 aref=3.145 loop_us_avg=92 loop_us_max=2993 loop_hz=10869 cycle_log_ms=1 n_cycle=4 cc=1 cc_hz=1029 cc_i_tgt=0.1000 cc_u=0.6220 cc_r=6.2346 cc_tau_ms=7.00
[  15.359] _A
[  15.615] [STATUS] t_ms=406707 hwm=3 cap=256 dropped=0 dropped_total=4766 crc_err=0 crc_err_total=0 rate1=512 rate2=512 prod1=512 prod2=512 dac_err=0 tx_drop=377 hb_ms=0 sma_state=6 m7_us=420174654 m4_us=417980710 vdd=5.067 offset=0.5000 aref=3.145 loop_us_avg=93 loop_us_max=2888 loop_hz=10752 cycle_log_ms=1 n_cycle=4 cc=1 cc_hz=1029 cc_i_tgt=0.1000 cc_u=0.6327 cc_r=6.2337 cc_tau_ms=7.00
[  16.371] _ALM
[  16.625] [STATUS] t_ms=407707 hwm=3 cap=256 dropped=0 dropped_total=4766 crc_err=0 crc_err_total=0 rate1=512 rate2=512 prod1=512 prod2=512 dac_err=0 tx_drop=377 hb_ms=0 sma_state=6 m7_us=421207552 m4_us=419014128 vdd=5.067 offset=0.5000 aref=3.145 loop_us_avg=91 loop_us_max=3260 loop_hz=10989 cycle_log_ms=1 n_cycle=4 cc=1 cc_hz=1029 cc_i_tgt=0.1000 cc_u=0.6314 cc_r=6.2818 cc_tau_ms=7.00
[  17.382] _ALM
[  17.382] [ADC1] ST
[  17.382] ATUS alarm(s): 0x4F
[  17.636] [STATUS] t_ms=408707 hwm=3 cap=256 dropped=0 dropped_total=4766 crc_err=0 crc_err_total=0 rate1=511 rate2=512 prod1=511 prod2=512 dac_err=0 tx_drop=377 hb_ms=0 sma_state=6 m7_us=422240344 m4_us=420046503 vdd=5.067 offset=0.5000 aref=3.145 loop_us_avg=92 loop_us_max=2882 loop_hz=10869 cycle_log_ms=1 n_cycle=4 cc=1 cc_hz=1029 cc_i_tgt=0.1000 cc_u=0.6294 cc_r=6.2198 cc_tau_ms=7.00
[  18.389] _ALM
[  18.389] AH_ALM PGAD
[  18.705] [STATUS] t_ms=409707 hwm=3 cap=256 dropped=0 dropped_total=4766 crc_err=0 crc_err_total=0 rate1=513 rate2=512 prod1=513 prod2=512 dac_err=0 tx_drop=377 hb_ms=0 sma_state=6 m7_us=423274311 m4_us=421080905 vdd=5.067 offset=0.5000 aref=3.145 loop_us_avg=92 loop_us_max=3088 loop_hz=10869 cycle_log_ms=1 n_cycle=4 cc=1 cc_hz=1030 cc_i_tgt=0.1000 cc_u=0.6320 cc_r=6.2715 cc_tau_ms=7.00
[  19.400] _ALM
[  19.719] [STATUS] t_ms=410707 hwm=3 cap=256 dropped=0 dropped_total=4766 crc_err=0 crc_err_total=0 rate1=512 rate2=512 prod1=512 prod2=512 dac_err=0 tx_drop=377 hb_ms=0 sma_state=6 m7_us=424308182 m4_us=422114316 vdd=5.067 offset=0.5000 aref=3.145 loop_us_avg=92 loop_us_max=2882 loop_hz=10869 cycle_log_ms=1 n_cycle=4 cc=1 cc_hz=1029 cc_i_tgt=0.1000 cc_u=0.6142 cc_r=6.1960 cc_tau_ms=7.00
[  20.413] _ALM
[  20.790] [STATUS] t_ms=411707 hwm=3 cap=256 dropped=0 dropped_total=4766 crc_err=0 crc_err_total=0 rate1=512 rate2=512 prod1=512 prod2=512 dac_err=0 tx_drop=377 hb_ms=0 sma_state=6 m7_us=425341252 m4_us=423147725 vdd=5.067 offset=0.5000 aref=3.145 loop_us_avg=93 loop_us_max=3173 loop_hz=10752 cycle_log_ms=1 n_cycle=4 cc=1 cc_hz=1029 cc_i_tgt=0.1000 cc_u=0.6189 cc_r=6.2068 cc_tau_ms=7.00
[  21.415] _ALM
[  21.791] [STATUS] t_ms=412707 hwm=3 cap=256 dropped=0 dropped_total=4766 crc_err=0 crc_err_total=0 rate1=512 rate2=512 prod1=512 prod2=512 dac_err=0 tx_drop=377 hb_ms=0 sma_state=6 m7_us=426374564 m4_us=424181136 vdd=5.067 offset=0.5000 aref=3.145 loop_us_avg=92 loop_us_max=3498 loop_hz=10869 cycle_log_ms=1 n_cycle=4 cc=1 cc_hz=1029 cc_i_tgt=0.1000 cc_u=0.6230 cc_r=6.2614 cc_tau_ms=7.00
[  22.424] _ALM
[  22.806] [STATUS] t_ms=413707 hwm=3 cap=256 dropped=0 dropped_total=4766 crc_err=0 crc_err_total=0 rate1=511 rate2=512 prod1=511 prod2=512 dac_err=0 tx_drop=377 hb_ms=0 sma_state=6 m7_us=427407460 m4_us=425213524 vdd=5.067 offset=0.5000 aref=3.145 loop_us_avg=92 loop_us_max=2970 loop_hz=10869 cycle_log_ms=1 n_cycle=4 cc=1 cc_hz=1029 cc_i_tgt=0.1000 cc_u=0.6270 cc_r=6.2434 cc_tau_ms=7.00
[  23.432] _ALM
[  23.874] [STATUS] t_ms=414707 hwm=3 cap=256 dropped=0 dropped_total=4766 crc_err=0 crc_err_total=0 rate1=513 rate2=512 prod1=513 prod2=512 dac_err=0 tx_drop=377 hb_ms=0 sma_state=6 m7_us=428441465 m4_us=426247920 vdd=5.067 offset=0.5000 aref=3.145 loop_us_avg=93 loop_us_max=3079 loop_hz=10752 cycle_log_ms=1 n_cycle=4 cc=1 cc_hz=1030 cc_i_tgt=0.1000 cc_u=0.6049 cc_r=6.2513 cc_tau_ms=7.00
[  24.439] _ALM
[  24.872] [STATUS] t_ms=415707 hwm=3 cap=256 dropped=0 dropped_total=4766 crc_err=0 crc_err_total=0 rate1=512 rate2=512 prod1=512 prod2=512 dac_err=0 tx_drop=377 hb_ms=0 sma_state=6 m7_us=429475071 m4_us=427281264 vdd=5.067 offset=0.5000 aref=3.145 loop_us_avg=92 loop_us_max=3164 loop_hz=10869 cycle_log_ms=1 n_cycle=4 cc=1 cc_hz=1026 cc_i_tgt=0.1000 cc_u=0.6221 cc_r=6.2518 cc_tau_ms=7.00
[  25.060] [SMA] [ACT] heat n=3/6 I=550.0mA ms=100
[  25.124] [SMA] [ACT] cool n=3/6 I=100.0mA ms=12000
[  25.434] _ALM
[  25.434] [ADC1]
[  25.434] STATUS alarm(s): 0x
[  25.936] [STATUS] t_ms=416707 hwm=3 cap=256 dropped=0 dropped_total=4766 crc_err=0 crc_err_total=0 rate1=512 rate2=512 prod1=512 prod2=512 dac_err=0 tx_drop=377 hb_ms=0 sma_state=6 m7_us=430508340 m4_us=428314585 vdd=5.067 offset=0.5000 aref=3.145 loop_us_avg=92 loop_us_max=3135 loop_hz=10869 cycle_log_ms=1 n_cycle=4 cc=1 cc_hz=1029 cc_i_tgt=0.1000 cc_u=0.6263 cc_r=6.2116 cc_tau_ms=7.00
[  26.437] _ALM
[  26.437] [AD
[  26.437] C1] STATUS alarm(s
[  26.941] [STATUS] t_ms=417707 hwm=3 cap=256 dropped=0 dropped_total=4766 crc_err=0 crc_err_total=0 rate1=512 rate2=512 prod1=512 prod2=512 dac_err=0 tx_drop=377 hb_ms=0 sma_state=6 m7_us=431541649 m4_us=429347952 vdd=5.067 offset=0.5000 aref=3.145 loop_us_avg=93 loop_us_max=2802 loop_hz=10752 cycle_log_ms=1 n_cycle=4 cc=1 cc_hz=1026 cc_i_tgt=0.1000 cc_u=0.6250 cc_r=6.2294 cc_tau_ms=7.00
[  27.449] _ALM
[  28.016] [STATUS] t_ms=418707 hwm=3 cap=256 dropped=0 dropped_total=4766 crc_err=0 crc_err_total=0 rate1=512 rate2=512 prod1=512 prod2=512 dac_err=0 tx_drop=377 hb_ms=0 sma_state=6 m7_us=432574986 m4_us=430381232 vdd=5.067 offset=0.5000 aref=3.145 loop_us_avg=93 loop_us_max=2797 loop_hz=10752 cycle_log_ms=1 n_cycle=4 cc=1 cc_hz=1026 cc_i_tgt=0.1000 cc_u=0.6273 cc_r=6.2517 cc_tau_ms=7.00
[  28.459] _ALM
[  28.459] [ADC
[  28.459] 1] STATUS alarm(s):
[  29.019] [STATUS] t_ms=419707 hwm=3 cap=256 dropped=0 dropped_total=4766 crc_err=0 crc_err_total=0 rate1=512 rate2=512 prod1=512 prod2=512 dac_err=0 tx_drop=377 hb_ms=0 sma_state=6 m7_us=433608292 m4_us=431414553 vdd=5.067 offset=0.5000 aref=3.145 loop_us_avg=93 loop_us_max=2888 loop_hz=10752 cycle_log_ms=1 n_cycle=4 cc=1 cc_hz=1026 cc_i_tgt=0.1000 cc_u=0.6056 cc_r=6.1836 cc_tau_ms=7.00
[  29.453] _ALM
[  29.453] LM PGAD
[  30.076] [STATUS] t_ms=420707 hwm=3 cap=256 dropped=0 dropped_total=4766 crc_err=0 crc_err_total=0 rate1=512 rate2=512 prod1=512 prod2=512 dac_err=0 tx_drop=377 hb_ms=0 sma_state=6 m7_us=434641337 m4_us=432447859 vdd=5.067 offset=0.5000 aref=3.145 loop_us_avg=92 loop_us_max=2794 loop_hz=10869 cycle_log_ms=1 n_cycle=4 cc=1 cc_hz=1029 cc_i_tgt=0.1000 cc_u=0.6165 cc_r=6.1755 cc_tau_ms=7.00
[  30.514] _ALM
[  30.514] [ADC1
[  30.514] ] STATUS alarm(s)
[  31.078] [STATUS] t_ms=421707 hwm=3 cap=256 dropped=0 dropped_total=4766 crc_err=0 crc_err_total=0 rate1=512 rate2=512 prod1=512 prod2=512 dac_err=0 tx_drop=377 hb_ms=0 sma_state=6 m7_us=435675019 m4_us=433481136 vdd=5.067 offset=0.5000 aref=3.145 loop_us_avg=92 loop_us_max=2899 loop_hz=10869 cycle_log_ms=1 n_cycle=4 cc=1 cc_hz=1029 cc_i_tgt=0.1000 cc_u=0.6205 cc_r=6.2394 cc_tau_ms=7.00
[  31.520] _ALM
[  32.141] [STATUS] t_ms=422707 hwm=3 cap=256 dropped=0 dropped_total=4766 crc_err=0 crc_err_total=0 rate1=512 rate2=512 prod1=512 prod2=512 dac_err=0 tx_drop=377 hb_ms=0 sma_state=6 m7_us=436708229 m4_us=434514454 vdd=5.067 offset=0.5000 aref=3.145 loop_us_avg=93 loop_us_max=2963 loop_hz=10752 cycle_log_ms=1 n_cycle=4 cc=1 cc_hz=1026 cc_i_tgt=0.1000 cc_u=0.6166 cc_r=6.1984 cc_tau_ms=7.00
[  32.515] _ALM
[  32.515] [
[  33.199] [STATUS] t_ms=423707 hwm=3 cap=256 dropped=0 dropped_total=4766 crc_err=0 crc_err_total=0 rate1=512 rate2=512 prod1=512 prod2=512 dac_err=0 tx_drop=377 hb_ms=0 sma_state=6 m7_us=437741494 m4_us=435547740 vdd=5.067 offset=0.5000 aref=3.145 loop_us_avg=92 loop_us_max=2874 loop_hz=10869 cycle_log_ms=1 n_cycle=4 cc=1 cc_hz=1026 cc_i_tgt=0.1000 cc_u=0.6196 cc_r=6.2142 cc_tau_ms=7.00
[  33.505] _ALM
[  33.505] [ADC1] STATUS alarm(s)
[  34.199] [STATUS] t_ms=424707 hwm=3 cap=256 dropped=0 dropped_total=4766 crc_err=0 crc_err_total=0 rate1=512 rate2=512 prod1=512 prod2=512 dac_err=0 tx_drop=377 hb_ms=0 sma_state=6 m7_us=438774771 m4_us=436580988 vdd=5.067 offset=0.5000 aref=3.145 loop_us_avg=92 loop_us_max=2939 loop_hz=10869 cycle_log_ms=1 n_cycle=4 cc=1 cc_hz=1026 cc_i_tgt=0.1000 cc_u=0.6387 cc_r=6.2802 cc_tau_ms=7.00
[  34.514] _ALM
[  35.206] [STATUS] t_ms=425707 hwm=3 cap=256 dropped=0 dropped_total=4766 crc_err=0 crc_err_total=0 rate1=512 rate2=512 prod1=512 prod2=512 dac_err=0 tx_drop=377 hb_ms=0 sma_state=6 m7_us=439808050 m4_us=437614268 vdd=5.067 offset=0.5000 aref=3.145 loop_us_avg=92 loop_us_max=2997 loop_hz=10869 cycle_log_ms=1 n_cycle=4 cc=1 cc_hz=1026 cc_i_tgt=0.1000 cc_u=0.6260 cc_r=6.2990 cc_tau_ms=7.00
[  35.523] _ALM
[  36.277] [STATUS] t_ms=426707 hwm=3 cap=256 dropped=0 dropped_total=4766 crc_err=0 crc_err_total=0 rate1=512 rate2=512 prod1=512 prod2=512 dac_err=0 tx_drop=377 hb_ms=0 sma_state=6 m7_us=440841334 m4_us=438647545 vdd=5.067 offset=0.5000 aref=3.145 loop_us_avg=93 loop_us_max=2807 loop_hz=10752 cycle_log_ms=1 n_cycle=4 cc=1 cc_hz=1026 cc_i_tgt=0.1000 cc_u=0.6377 cc_r=6.3007 cc_tau_ms=7.00
[  36.530] _A
[  37.289] [STATUS] t_ms=427707 hwm=3 cap=256 dropped=0 dropped_total=4766 crc_err=0 crc_err_total=0 rate1=512 rate2=512 prod1=512 prod2=512 dac_err=0 tx_drop=377 hb_ms=0 sma_state=6 m7_us=441874272 m4_us=439680848 vdd=5.067 offset=0.5000 aref=3.145 loop_us_avg=93 loop_us_max=2972 loop_hz=10752 cycle_log_ms=1 n_cycle=4 cc=1 cc_hz=1026 cc_i_tgt=0.1000 cc_u=0.6323 cc_r=6.2772 cc_tau_ms=7.00
[  37.541] [SMA] [ACT] heat n=4/6 I=550.0mA ms=100
[  37.541] _ALM
[  37.668] [SMA] [ACT] cool n=4/6 I=100.0mA ms=12000
[  38.300] [STATUS] t_ms=428707 hwm=3 cap=256 dropped=0 dropped_total=4766 crc_err=0 crc_err_total=0 rate1=512 rate2=512 prod1=512 prod2=512 dac_err=0 tx_drop=377 hb_ms=0 sma_state=6 m7_us=442907846 m4_us=440714157 vdd=5.067 offset=0.5000 aref=3.145 loop_us_avg=92 loop_us_max=2866 loop_hz=10869 cycle_log_ms=1 n_cycle=4 cc=1 cc_hz=1028 cc_i_tgt=0.1000 cc_u=0.6289 cc_r=6.2412 cc_tau_ms=7.00
[  38.553] _AL
[  38.553] M
[  38.553] [ADC1] STATUS ala
[  39.376] [STATUS] t_ms=429707 hwm=3 cap=256 dropped=0 dropped_total=4766 crc_err=0 crc_err_total=0 rate1=512 rate2=512 prod1=512 prod2=512 dac_err=0 tx_drop=377 hb_ms=0 sma_state=6 m7_us=443941212 m4_us=441747468 vdd=5.067 offset=0.5000 aref=3.145 loop_us_avg=93 loop_us_max=2837 loop_hz=10752 cycle_log_ms=1 n_cycle=4 cc=1 cc_hz=1026 cc_i_tgt=0.1000 cc_u=0.6174 cc_r=6.2024 cc_tau_ms=7.00
[  39.565] _ALM
[  39.565] GA
[  40.387] [STATUS] t_ms=430707 hwm=3 cap=256 dropped=0 dropped_total=4766 crc_err=0 crc_err_total=0 rate1=512 rate2=512 prod1=512 prod2=512 dac_err=0 tx_drop=377 hb_ms=0 sma_state=6 m7_us=444974580 m4_us=442780793 vdd=5.067 offset=0.5000 aref=3.145 loop_us_avg=92 loop_us_max=2858 loop_hz=10869 cycle_log_ms=1 n_cycle=4 cc=1 cc_hz=1026 cc_i_tgt=0.1000 cc_u=0.6235 cc_r=6.2063 cc_tau_ms=7.00
[  40.576] D_ALM
[  41.459] [STATUS] t_ms=431707 hwm=3 cap=256 dropped=0 dropped_total=4766 crc_err=0 crc_err_total=0 rate1=512 rate2=512 prod1=512 prod2=512 dac_err=0 tx_drop=377 hb_ms=0 sma_state=6 m7_us=446007861 m4_us=443814141 vdd=5.067 offset=0.5000 aref=3.145 loop_us_avg=92 loop_us_max=2964 loop_hz=10869 cycle_log_ms=1 n_cycle=4 cc=1 cc_hz=1026 cc_i_tgt=0.1000 cc_u=0.6205 cc_r=6.1725 cc_tau_ms=7.00
[  41.587] D_ALM
[  42.472] [STATUS] t_ms=432707 hwm=3 cap=256 dropped=0 dropped_total=4766 crc_err=0 crc_err_total=0 rate1=512 rate2=512 prod1=512 prod2=512 dac_err=0 tx_drop=377 hb_ms=0 sma_state=6 m7_us=447041193 m4_us=444847459 vdd=5.067 offset=0.5000 aref=3.145 loop_us_avg=93 loop_us_max=2828 loop_hz=10752 cycle_log_ms=1 n_cycle=4 cc=1 cc_hz=1026 cc_i_tgt=0.1000 cc_u=0.6225 cc_r=6.2443 cc_tau_ms=7.00
[  42.597] D_ALM
[  42.597] [A
[  43.477] [STATUS] t_ms=433707 hwm=3 cap=256 dropped=0 dropped_total=4766 crc_err=0 crc_err_total=0 rate1=511 rate2=512 prod1=511 prod2=512 dac_err=0 tx_drop=377 hb_ms=0 sma_state=6 m7_us=448074450 m4_us=445879748 vdd=5.067 offset=0.5000 aref=3.145 loop_us_avg=91 loop_us_max=2829 loop_hz=10989 cycle_log_ms=1 n_cycle=4 cc=1 cc_hz=1026 cc_i_tgt=0.1000 cc_u=0.6159 cc_r=6.2049 cc_tau_ms=7.00
[  43.604] D_ALM
[  43.604] [ADC1] STATUS alar
[  43.604] LM PGAH_ALM PGA
[  44.548] [STATUS] t_ms=434707 hwm=4 cap=256 dropped=0 dropped_total=4766 crc_err=0 crc_err_total=0 rate1=512 rate2=512 prod1=512 prod2=512 dac_err=0 tx_drop=377 hb_ms=0 sma_state=6 m7_us=449107709 m4_us=446913066 vdd=5.067 offset=0.5000 aref=3.145 loop_us_avg=93 loop_us_max=3751 loop_hz=10752 cycle_log_ms=1 n_cycle=4 cc=1 cc_hz=1026 cc_i_tgt=0.1000 cc_u=0.6251 cc_r=6.2249 cc_tau_ms=7.00
[  44.610] D_ALM
[  45.539] [STATUS] t_ms=435707 hwm=4 cap=256 dropped=0 dropped_total=4766 crc_err=0 crc_err_total=0 rate1=512 rate2=512 prod1=512 prod2=512 dac_err=0 tx_drop=377 hb_ms=0 sma_state=6 m7_us=450141154 m4_us=447946407 vdd=5.067 offset=0.5000 aref=3.145 loop_us_avg=92 loop_us_max=3881 loop_hz=10869 cycle_log_ms=1 n_cycle=4 cc=1 cc_hz=1026 cc_i_tgt=0.1000 cc_u=0.6303 cc_r=6.2679 cc_tau_ms=7.00
[  45.603] D_ALM
[  46.595] [STATUS] t_ms=436707 hwm=4 cap=256 dropped=0 dropped_total=4766 crc_err=0 crc_err_total=0 rate1=512 rate2=512 prod1=512 prod2=512 dac_err=0 tx_drop=377 hb_ms=0 sma_state=6 m7_us=451174453 m4_us=448979780 vdd=5.067 offset=0.5000 aref=3.145 loop_us_avg=92 loop_us_max=3693 loop_hz=10869 cycle_log_ms=1 n_cycle=4 cc=1 cc_hz=1026 cc_i_tgt=0.1000 cc_u=0.6324 cc_r=6.2748 cc_tau_ms=7.00
[  46.658] D_ALM
[  47.601] [STATUS] t_ms=437707 hwm=4 cap=256 dropped=0 dropped_total=4766 crc_err=0 crc_err_total=0 rate1=512 rate2=512 prod1=513 prod2=512 dac_err=0 tx_drop=377 hb_ms=0 sma_state=6 m7_us=452207764 m4_us=450013124 vdd=5.067 offset=0.5000 aref=3.145 loop_us_avg=92 loop_us_max=3644 loop_hz=10869 cycle_log_ms=1 n_cycle=4 cc=1 cc_hz=1026 cc_i_tgt=0.1000 cc_u=0.6295 cc_r=6.2634 cc_tau_ms=7.00
[  47.665] D_AL
[  47.665] M
[  47.665] [ADC1] STATUS
[  48.670] D_
[  48.670] ALM
[  48.670] [STATUS] t_ms=438707 hwm=4 cap=256 dropped=0 dropped_total=4766 crc_err=0 crc_err_total=0 rate1=512 rate2=512 prod1=511 prod2=512 dac_err=0 tx_drop=377 hb_ms=0 sma_state=6 m7_us=453241129 m4_us=451046426 vdd=5.067 offset=0.5000 aref=3.145 loop_us_avg=92 loop_us_max=3681 loop_hz=10869 cycle_log_ms=1 n_cycle=4 cc=1 cc_hz=1026 cc_i_tgt=0.1000 cc_u=0.6287 cc_r=6.2563 cc_tau_ms=7.00
[  49.683] D_AL
[  49.683] M
[  49.683] [ADC1] STATUS ala
[  49.683] [STATUS] t_ms=439707 hwm=4 cap=256 dropped=0 dropped_total=4766 crc_err=0 crc_err_total=0 rate1=512 rate2=512 prod1=512 prod2=512 dac_err=0 tx_drop=377 hb_ms=0 sma_state=6 m7_us=454274464 m4_us=452079722 vdd=5.067 offset=0.5000 aref=3.145 loop_us_avg=93 loop_us_max=3699 loop_hz=10752 cycle_log_ms=1 n_cycle=4 cc=1 cc_hz=1026 cc_i_tgt=0.1000 cc_u=0.6256 cc_r=6.2465 cc_tau_ms=7.00
[  50.061] [SMA] [ACT] heat n=5/6 I=550.0mA ms=100
[  50.123] [SMA] [ACT] cool n=5/6 I=100.0mA ms=12000
[  50.689] D_ALM
[  50.689] LM PGA
[  50.753] [STATUS] t_ms=440707 hwm=4 cap=256 dropped=0 dropped_total=4766 crc_err=0 crc_err_total=0 rate1=512 rate2=512 prod1=512 prod2=512 dac_err=0 tx_drop=377 hb_ms=0 sma_state=6 m7_us=455307663 m4_us=453113002 vdd=5.067 offset=0.5000 aref=3.145 loop_us_avg=93 loop_us_max=3691 loop_hz=10752 cycle_log_ms=1 n_cycle=4 cc=1 cc_hz=1028 cc_i_tgt=0.1000 cc_u=0.5062 cc_r=5.0317 cc_tau_ms=7.00
[  51.696] D_ALM
[  51.759] [STATUS] t_ms=441707 hwm=4 cap=256 dropped=0 dropped_total=4766 crc_err=0 crc_err_total=0 rate1=512 rate2=512 prod1=512 prod2=512 dac_err=0 tx_drop=377 hb_ms=0 sma_state=6 m7_us=456340930 m4_us=454146298 vdd=5.067 offset=0.5000 aref=3.145 loop_us_avg=92 loop_us_max=3687 loop_hz=10869 cycle_log_ms=1 n_cycle=4 cc=1 cc_hz=1026 cc_i_tgt=0.1000 cc_u=0.5133 cc_r=5.0030 cc_tau_ms=7.00
[  52.704] D_ALM
[  52.767] [STATUS] t_ms=442707 hwm=4 cap=256 dropped=0 dropped_total=4766 crc_err=0 crc_err_total=0 rate1=512 rate2=512 prod1=513 prod2=512 dac_err=0 tx_drop=377 hb_ms=0 sma_state=6 m7_us=457374364 m4_us=455179591 vdd=5.067 offset=0.5000 aref=3.145 loop_us_avg=92 loop_us_max=3642 loop_hz=10869 cycle_log_ms=1 n_cycle=4 cc=1 cc_hz=1026 cc_i_tgt=0.1000 cc_u=0.5026 cc_r=4.9856 cc_tau_ms=7.00
[  53.711] D_ALM
[  53.711] [ADC1
[  53.836] [STATUS] t_ms=443707 hwm=4 cap=256 dropped=0 dropped_total=4766 crc_err=0 crc_err_total=0 rate1=512 rate2=512 prod1=511 prod2=512 dac_err=0 tx_drop=377 hb_ms=0 sma_state=6 m7_us=458407624 m4_us=456212906 vdd=5.067 offset=0.5000 aref=3.145 loop_us_avg=93 loop_us_max=3827 loop_hz=10752 cycle_log_ms=1 n_cycle=4 cc=1 cc_hz=1026 cc_i_tgt=0.1000 cc_u=0.5000 cc_r=4.9109 cc_tau_ms=7.00
[  54.721] D_ALM
[  54.721] _ALM PGAH_ALM PGA
[  54.848] [STATUS] t_ms=444707 hwm=4 cap=256 dropped=0 dropped_total=4766 crc_err=0 crc_err_total=0 rate1=512 rate2=512 prod1=512 prod2=512 dac_err=0 tx_drop=377 hb_ms=0 sma_state=6 m7_us=459440807 m4_us=457246199 vdd=5.067 offset=0.5000 aref=3.145 loop_us_avg=93 loop_us_max=3650 loop_hz=10752 cycle_log_ms=1 n_cycle=4 cc=1 cc_hz=1026 cc_i_tgt=0.1000 cc_u=0.5142 cc_r=5.0229 cc_tau_ms=7.00
[  55.731] D_ALM
[  55.917] [STATUS] t_ms=445707 hwm=4 cap=256 dropped=0 dropped_total=4766 crc_err=0 crc_err_total=0 rate1=513 rate2=512 prod1=513 prod2=512 dac_err=0 tx_drop=377 hb_ms=0 sma_state=6 m7_us=460474262 m4_us=458280521 vdd=5.067 offset=0.5000 aref=3.145 loop_us_avg=92 loop_us_max=3607 loop_hz=10869 cycle_log_ms=1 n_cycle=4 cc=1 cc_hz=1026 cc_i_tgt=0.1000 cc_u=0.5064 cc_r=5.0257 cc_tau_ms=7.00
[  56.739] D_ALM
[  56.926] [STATUS] t_ms=446707 hwm=3 cap=256 dropped=0 dropped_total=4766 crc_err=0 crc_err_total=0 rate1=511 rate2=512 prod1=511 prod2=512 dac_err=0 tx_drop=377 hb_ms=0 sma_state=6 m7_us=461507535 m4_us=459312797 vdd=5.067 offset=0.5000 aref=3.145 loop_us_avg=92 loop_us_max=2795 loop_hz=10869 cycle_log_ms=1 n_cycle=4 cc=1 cc_hz=1026 cc_i_tgt=0.1000 cc_u=0.5093 cc_r=5.0250 cc_tau_ms=7.00
[  57.749] D_ALM
[  57.940] [STATUS] t_ms=447707 hwm=4 cap=256 dropped=0 dropped_total=4766 crc_err=0 crc_err_total=0 rate1=512 rate2=512 prod1=512 prod2=512 dac_err=0 tx_drop=377 hb_ms=0 sma_state=6 m7_us=462540723 m4_us=460346077 vdd=5.067 offset=0.5000 aref=3.145 loop_us_avg=92 loop_us_max=3921 loop_hz=10869 cycle_log_ms=1 n_cycle=4 cc=1 cc_hz=1026 cc_i_tgt=0.1000 cc_u=0.5045 cc_r=4.9540 cc_tau_ms=7.00
[  58.762] D_ALM
[  58.762] [ADC1
[  58.762] ] STATUS alarm(s)
[  59.015] [STATUS] t_ms=448707 hwm=4 cap=256 dropped=0 dropped_total=4766 crc_err=0 crc_err_total=0 rate1=512 rate2=512 prod1=513 prod2=512 dac_err=0 tx_drop=377 hb_ms=0 sma_state=6 m7_us=463573980 m4_us=461379341 vdd=5.067 offset=0.5000 aref=3.145 loop_us_avg=93 loop_us_max=3672 loop_hz=10752 cycle_log_ms=1 n_cycle=4 cc=1 cc_hz=1026 cc_i_tgt=0.1000 cc_u=0.5267 cc_r=5.0503 cc_tau_ms=7.00
[  59.775] D_ALM
[  59.775] [A
[  60.028] [STATUS] t_ms=449707 hwm=4 cap=256 dropped=0 dropped_total=4766 crc_err=0 crc_err_total=0 rate1=512 rate2=512 prod1=511 prod2=512 dac_err=0 tx_drop=377 hb_ms=0 sma_state=6 m7_us=464607290 m4_us=462412622 vdd=5.067 offset=0.5000 aref=3.145 loop_us_avg=92 loop_us_max=3707 loop_hz=10869 cycle_log_ms=1 n_cycle=4 cc=1 cc_hz=1026 cc_i_tgt=0.1000 cc_u=0.5001 cc_r=5.0733 cc_tau_ms=7.00
[  60.788] D_ALM
[  60.788] [ADC1] STATUS alarm(s
[  60.788] PGAH_ALM PGA
[  61.042] [STATUS] t_ms=450707 hwm=4 cap=256 dropped=0 dropped_total=4766 crc_err=0 crc_err_total=0 rate1=512 rate2=512 prod1=512 prod2=512 dac_err=0 tx_drop=377 hb_ms=0 sma_state=6 m7_us=465640578 m4_us=463445882 vdd=5.067 offset=0.5000 aref=3.145 loop_us_avg=93 loop_us_max=3693 loop_hz=10752 cycle_log_ms=1 n_cycle=4 cc=1 cc_hz=1026 cc_i_tgt=0.1000 cc_u=0.5055 cc_r=5.0345 cc_tau_ms=7.00
[  61.784] D_ALM
[  61.784] A
[  62.100] [STATUS] t_ms=451707 hwm=4 cap=256 dropped=0 dropped_total=4766 crc_err=0 crc_err_total=0 rate1=512 rate2=512 prod1=513 prod2=512 dac_err=0 tx_drop=377 hb_ms=0 sma_state=6 m7_us=466673802 m4_us=464479143 vdd=5.067 offset=0.5000 aref=3.145 loop_us_avg=92 loop_us_max=3669 loop_hz=10869 cycle_log_ms=1 n_cycle=4 cc=1 cc_hz=1026 cc_i_tgt=0.1000 cc_u=0.5000 cc_r=4.9590 cc_tau_ms=7.00
[  62.540] [SMA] [ACT] heat n=6/6 I=550.0mA ms=100
[  62.666] [SMA] [ACT] cool n=6/6 I=100.0mA ms=12000
[  62.793] D_ALM
[  62.793] [ADC
[  63.107] [STATUS] t_ms=452707 hwm=4 cap=256 dropped=0 dropped_total=4766 crc_err=0 crc_err_total=0 rate1=513 rate2=512 prod1=512 prod2=512 dac_err=0 tx_drop=377 hb_ms=0 sma_state=6 m7_us=467707094 m4_us=465513401 vdd=5.067 offset=0.5000 aref=3.145 loop_us_avg=93 loop_us_max=3702 loop_hz=10752 cycle_log_ms=1 n_cycle=4 cc=1 cc_hz=1029 cc_i_tgt=0.1000 cc_u=0.5021 cc_r=4.9857 cc_tau_ms=7.00
[  63.798] D_ALM
[  64.170] [STATUS] t_ms=453707 hwm=3 cap=256 dropped=0 dropped_total=4766 crc_err=0 crc_err_total=0 rate1=511 rate2=512 prod1=511 prod2=512 dac_err=0 tx_drop=377 hb_ms=0 sma_state=6 m7_us=468740366 m4_us=466545646 vdd=5.067 offset=0.5000 aref=3.145 loop_us_avg=93 loop_us_max=2790 loop_hz=10752 cycle_log_ms=1 n_cycle=4 cc=1 cc_hz=1026 cc_i_tgt=0.1000 cc_u=0.5046 cc_r=4.9610 cc_tau_ms=7.00
[  64.798] D_ALM
[  64.798] [A
[  64.798] DC1] STATUS alarm(
[  65.173] [STATUS] t_ms=454707 hwm=4 cap=256 dropped=0 dropped_total=4766 crc_err=0 crc_err_total=0 rate1=512 rate2=512 prod1=512 prod2=512 dac_err=0 tx_drop=377 hb_ms=0 sma_state=6 m7_us=469773644 m4_us=467578906 vdd=5.067 offset=0.5000 aref=3.145 loop_us_avg=93 loop_us_max=3689 loop_hz=10752 cycle_log_ms=1 n_cycle=4 cc=1 cc_hz=1026 cc_i_tgt=0.1000 cc_u=0.5024 cc_r=4.9539 cc_tau_ms=7.00
[  65.801] D_ALM
[  65.801] ALM PGA
[  66.246] [STATUS] t_ms=455707 hwm=4 cap=256 dropped=0 dropped_total=4766 crc_err=0 crc_err_total=0 rate1=512 rate2=512 prod1=512 prod2=512 dac_err=0 tx_drop=377 hb_ms=0 sma_state=6 m7_us=470806844 m4_us=468612193 vdd=5.067 offset=0.5000 aref=3.145 loop_us_avg=93 loop_us_max=3765 loop_hz=10752 cycle_log_ms=1 n_cycle=4 cc=1 cc_hz=1026 cc_i_tgt=0.1000 cc_u=0.5010 cc_r=4.9930 cc_tau_ms=7.00
[  66.814] D_ALM
[  67.257] [STATUS] t_ms=456707 hwm=4 cap=256 dropped=0 dropped_total=4766 crc_err=0 crc_err_total=0 rate1=512 rate2=512 prod1=513 prod2=512 dac_err=0 tx_drop=377 hb_ms=0 sma_state=6 m7_us=471840100 m4_us=469645457 vdd=5.067 offset=0.5000 aref=3.145 loop_us_avg=92 loop_us_max=3737 loop_hz=10869 cycle_log_ms=1 n_cycle=4 cc=1 cc_hz=1026 cc_i_tgt=0.1000 cc_u=0.5170 cc_r=4.9976 cc_tau_ms=7.00
[  67.824] D_ALM
[  68.264] [STATUS] t_ms=457707 hwm=4 cap=256 dropped=0 dropped_total=4766 crc_err=0 crc_err_total=0 rate1=512 rate2=512 prod1=511 prod2=512 dac_err=0 tx_drop=377 hb_ms=0 sma_state=6 m7_us=472873449 m4_us=470678734 vdd=5.067 offset=0.5000 aref=3.145 loop_us_avg=93 loop_us_max=3731 loop_hz=10752 cycle_log_ms=1 n_cycle=4 cc=1 cc_hz=1026 cc_i_tgt=0.1000 cc_u=0.5047 cc_r=4.9640 cc_tau_ms=7.00
[  68.836] D_ALM
[  69.343] [STATUS] t_ms=458707 hwm=4 cap=256 dropped=0 dropped_total=4766 crc_err=0 crc_err_total=0 rate1=512 rate2=512 prod1=512 prod2=512 dac_err=0 tx_drop=377 hb_ms=0 sma_state=6 m7_us=473906739 m4_us=471711991 vdd=5.067 offset=0.5000 aref=3.145 loop_us_avg=93 loop_us_max=3670 loop_hz=10752 cycle_log_ms=1 n_cycle=4 cc=1 cc_hz=1026 cc_i_tgt=0.1000 cc_u=0.5094 cc_r=5.0321 cc_tau_ms=7.00
[  69.847] D_ALM
[  70.352] [STATUS] t_ms=459707 hwm=4 cap=256 dropped=0 dropped_total=4766 crc_err=0 crc_err_total=0 rate1=512 rate2=512 prod1=513 prod2=512 dac_err=0 tx_drop=377 hb_ms=0 sma_state=6 m7_us=474939927 m4_us=472745287 vdd=5.067 offset=0.5000 aref=3.145 loop_us_avg=92 loop_us_max=3829 loop_hz=10869 cycle_log_ms=1 n_cycle=4 cc=1 cc_hz=1026 cc_i_tgt=0.1000 cc_u=0.5000 cc_r=5.0167 cc_tau_ms=7.00
[  70.854] D_ALM
[  70.854] [ADC1]
[  71.423] [STATUS] t_ms=460707 hwm=4 cap=256 dropped=0 dropped_total=4766 crc_err=0 crc_err_total=0 rate1=512 rate2=512 prod1=511 prod2=512 dac_err=0 tx_drop=377 hb_ms=0 sma_state=6 m7_us=475973303 m4_us=473778593 vdd=5.067 offset=0.5000 aref=3.145 loop_us_avg=92 loop_us_max=3687 loop_hz=10869 cycle_log_ms=1 n_cycle=4 cc=1 cc_hz=1026 cc_i_tgt=0.1000 cc_u=0.5000 cc_r=5.0157 cc_tau_ms=7.00
[  71.864] D_ALM
[  71.864] [ADC1] STATUS alarm(s): 0xCF P
[  71.864] GAL_ALM PGAH_ALM PGA
[  72.435] [STATUS] t_ms=461707 hwm=4 cap=256 dropped=0 dropped_total=4766 crc_err=0 crc_err_total=0 rate1=512 rate2=512 prod1=512 prod2=512 dac_err=0 tx_drop=377 hb_ms=0 sma_state=6 m7_us=477006683 m4_us=474811908 vdd=5.067 offset=0.5000 aref=3.145 loop_us_avg=93 loop_us_max=3681 loop_hz=10752 cycle_log_ms=1 n_cycle=4 cc=1 cc_hz=1026 cc_i_tgt=0.1000 cc_u=0.5080 cc_r=5.0099 cc_tau_ms=7.00
[  72.876] D_ALM
[  73.448] [STATUS] t_ms=462707 hwm=4 cap=256 dropped=0 dropped_total=4766 crc_err=0 crc_err_total=0 rate1=512 rate2=512 prod1=512 prod2=512 dac_err=0 tx_drop=377 hb_ms=0 sma_state=6 m7_us=478039903 m4_us=475845249 vdd=5.067 offset=0.5000 aref=3.145 loop_us_avg=92 loop_us_max=3707 loop_hz=10869 cycle_log_ms=1 n_cycle=4 cc=1 cc_hz=1026 cc_i_tgt=0.1000 cc_u=0.5000 cc_r=5.0033 cc_tau_ms=7.00
[  73.890] D_ALM
[  74.520] [STATUS] t_ms=463707 hwm=4 cap=256 dropped=0 dropped_total=4766 crc_err=0 crc_err_total=0 rate1=512 rate2=512 prod1=512 prod2=512 dac_err=0 tx_drop=377 hb_ms=0 sma_state=6 m7_us=479073271 m4_us=476878561 vdd=5.067 offset=0.5000 aref=3.145 loop_us_avg=92 loop_us_max=3673 loop_hz=10869 cycle_log_ms=1 n_cycle=4 cc=1 cc_hz=1026 cc_i_tgt=0.1000 cc_u=0.6305 cc_r=6.2715 cc_tau_ms=7.00
[  74.900] D_A
[  75.027] [SMA] [ACT] -> idle (done) after 6 cycle(s); still armed
[  75.531] [STATUS] t_ms=464707 hwm=4 cap=256 dropped=0 dropped_total=4766 crc_err=0 crc_err_total=0 rate1=512 rate2=512 prod1=512 prod2=512 dac_err=0 tx_drop=377 hb_ms=0 sma_state=0 m7_us=480106583 m4_us=477911901 vdd=5.067 offset=0.5000 aref=3.145 loop_us_avg=38 loop_us_max=3659 loop_hz=26315 cycle_log_ms=1 n_cycle=4 cc=0 cc_hz=554 cc_i_tgt=0.1000 cc_u=0.6329 cc_r=6.2158 cc_tau_ms=7.00
