[   0.062] [SMA] ARMED (MOSFET on); idle=0.500 V
[   0.063] [STATUS] t_ms=144453 hwm=58 cap=256 dropped=0 dropped_total=2320 crc_err=0 crc_err_total=0 rate1=511 rate2=511 prod1=512 prod2=511 dac_err=0 tx_drop=43203 hb_ms=0 sma_state=0 m7_us=148990177 m4_us=146794634 vdd=5.067 offset=0.5000 aref=3.145 loop_us_avg=23 loop_us_max=59383 loop_hz=43478 cycle_log_ms=1 n_cycle=4 cc=0 cc_hz=0 cc_i_tgt=0.1000 cc_u=0.5000 cc_r=4.8753 cc_tau_ms=7.00
[   0.313] [ADC1]
[   0.313] STATUS alarm(s):
[   1.065] [STATUS] t_ms=145453 hwm=6 cap=256 dropped=0 dropped_total=2320 crc_err=0 crc_err_total=0 rate1=512 rate2=512 prod1=511 prod2=512 dac_err=0 tx_drop=43203 hb_ms=0 sma_state=0 m7_us=150022057 m4_us=147826726 vdd=5.067 offset=0.5000 aref=3.145 loop_us_avg=22 loop_us_max=6411 loop_hz=45454 cycle_log_ms=1 n_cycle=4 cc=0 cc_hz=0 cc_i_tgt=0.1000 cc_u=0.5000 cc_r=4.8753 cc_tau_ms=7.00
[   1.379] [
[   1.379] ADC1] STATUS alar
[   1.379] ALM
[   0.064] [SMA] [CC] start i_high=850.0mA i_low=100.0mA t_high=100 t_idle=15000 n=6 (0=cont) tau_ms=7.0 wdt_ms=5000
[   0.064] [SMA] [ACT] heat n=1/6 I=850.0mA ms=100
[   0.127] [STATUS] t_ms=146453 hwm=6 cap=256 dropped=0 dropped_total=2320 crc_err=0 crc_err_total=0 rate1=512 rate2=512 prod1=512 prod2=512 dac_err=0 tx_drop=43203 hb_ms=0 sma_state=5 m7_us=151054154 m4_us=148858822 vdd=5.067 offset=0.5000 aref=3.145 loop_us_avg=23 loop_us_max=5520 loop_hz=43478 cycle_log_ms=1 n_cycle=4 cc=1 cc_hz=55 cc_i_tgt=0.8500 cc_u=0.8157 cc_r=0.0000 cc_tau_ms=7.00
[   0.127] [SMA] [ACT] cool n=1/6 I=100.0mA ms=15000
[   0.381] [ADC1] STATUS alarm(s): 0x
[   1.141] [STATUS] t_ms=147453 hwm=6 cap=256 dropped=0 dropped_total=2320 crc_err=0 crc_err_total=0 rate1=512 rate2=512 prod1=512 prod2=512 dac_err=0 tx_drop=43203 hb_ms=0 sma_state=6 m7_us=152086159 m4_us=149890826 vdd=5.067 offset=0.5000 aref=3.145 loop_us_avg=90 loop_us_max=6188 loop_hz=11111 cycle_log_ms=1 n_cycle=4 cc=1 cc_hz=1025 cc_i_tgt=0.1000 cc_u=0.5442 cc_r=6.3930 cc_tau_ms=7.00
[   2.154] [STATUS] t_ms=148453 hwm=6 cap=256 dropped=0 dropped_total=2320 crc_err=0 crc_err_total=0 rate1=512 rate2=512 prod1=512 prod2=512 dac_err=0 tx_drop=43203 hb_ms=0 sma_state=6 m7_us=153118083 m4_us=150922752 vdd=5.067 offset=0.5000 aref=3.145 loop_us_avg=92 loop_us_max=6212 loop_hz=10869 cycle_log_ms=1 n_cycle=4 cc=1 cc_hz=1026 cc_i_tgt=0.1000 cc_u=0.5049 cc_r=4.8808 cc_tau_ms=7.00
[   2.343] [ADC1] S
[   3.164] [STATUS] t_ms=149453 hwm=6 cap=256 dropped=0 dropped_total=2320 crc_err=0 crc_err_total=0 rate1=512 rate2=512 prod1=512 prod2=512 dac_err=0 tx_drop=43203 hb_ms=0 sma_state=6 m7_us=154149988 m4_us=151954656 vdd=5.067 offset=0.5000 aref=3.145 loop_us_avg=93 loop_us_max=6192 loop_hz=10752 cycle_log_ms=1 n_cycle=4 cc=1 cc_hz=1026 cc_i_tgt=0.1000 cc_u=0.5000 cc_r=4.9304 cc_tau_ms=7.00
[   3.354] [A
[   3.354] DC1] STATUS alar
[   4.232] [STATUS] t_ms=150453 hwm=6 cap=256 dropped=0 dropped_total=2320 crc_err=0 crc_err_total=0 rate1=512 rate2=512 prod1=512 prod2=512 dac_err=0 tx_drop=43203 hb_ms=0 sma_state=6 m7_us=155181938 m4_us=152986608 vdd=5.067 offset=0.5000 aref=3.145 loop_us_avg=93 loop_us_max=6196 loop_hz=10752 cycle_log_ms=1 n_cycle=4 cc=1 cc_hz=1026 cc_i_tgt=0.1000 cc_u=0.5056 cc_r=4.9417 cc_tau_ms=7.00
[   5.239] [STATUS] t_ms=151453 hwm=6 cap=256 dropped=0 dropped_total=2320 crc_err=0 crc_err_total=0 rate1=512 rate2=512 prod1=512 prod2=512 dac_err=0 tx_drop=43203 hb_ms=0 sma_state=6 m7_us=156213882 m4_us=154018554 vdd=5.067 offset=0.5000 aref=3.145 loop_us_avg=93 loop_us_max=6196 loop_hz=10752 cycle_log_ms=1 n_cycle=4 cc=1 cc_hz=1026 cc_i_tgt=0.1000 cc_u=0.5000 cc_r=4.8379 cc_tau_ms=7.00
[   6.312] [STATUS] t_ms=152453 hwm=6 cap=256 dropped=0 dropped_total=2320 crc_err=0 crc_err_total=0 rate1=512 rate2=512 prod1=512 prod2=512 dac_err=0 tx_drop=43203 hb_ms=0 sma_state=6 m7_us=157245817 m4_us=155050458 vdd=5.067 offset=0.5000 aref=3.145 loop_us_avg=92 loop_us_max=6195 loop_hz=10869 cycle_log_ms=1 n_cycle=4 cc=1 cc_hz=1026 cc_i_tgt=0.1000 cc_u=0.5089 cc_r=4.9002 cc_tau_ms=7.00
[   7.319] [STATUS] t_ms=153453 hwm=6 cap=256 dropped=0 dropped_total=2320 crc_err=0 crc_err_total=0 rate1=513 rate2=512 prod1=513 prod2=512 dac_err=0 tx_drop=43203 hb_ms=0 sma_state=6 m7_us=158277767 m4_us=156083340 vdd=5.067 offset=0.5000 aref=3.145 loop_us_avg=92 loop_us_max=6226 loop_hz=10869 cycle_log_ms=1 n_cycle=4 cc=1 cc_hz=1025 cc_i_tgt=0.1000 cc_u=0.5000 cc_r=4.8548 cc_tau_ms=7.00
[   7.381] [ADC1] S
[   8.332] [STATUS] t_ms=154453 hwm=5 cap=256 dropped=0 dropped_total=2320 crc_err=0 crc_err_total=0 rate1=512 rate2=512 prod1=512 prod2=512 dac_err=0 tx_drop=43203 hb_ms=0 sma_state=6 m7_us=159309611 m4_us=157115180 vdd=5.067 offset=0.5000 aref=3.145 loop_us_avg=92 loop_us_max=5401 loop_hz=10869 cycle_log_ms=1 n_cycle=4 cc=1 cc_hz=1025 cc_i_tgt=0.1000 cc_u=0.5000 cc_r=4.8948 cc_tau_ms=7.00
[   8.394] [ADC1]
[   8.394] STATUS alarm(s): 0
[   9.394] [STATUS] t_ms=155453 hwm=5 cap=256 dropped=0 dropped_total=2320 crc_err=0 crc_err_total=0 rate1=512 rate2=512 prod1=512 prod2=512 dac_err=0 tx_drop=43203 hb_ms=0 sma_state=6 m7_us=160341501 m4_us=158147049 vdd=5.067 offset=0.5000 aref=3.145 loop_us_avg=93 loop_us_max=5412 loop_hz=10752 cycle_log_ms=1 n_cycle=4 cc=1 cc_hz=1025 cc_i_tgt=0.1000 cc_u=0.5048 cc_r=4.8525 cc_tau_ms=7.00
[  10.438] [STATUS] t_ms=156453 hwm=5 cap=256 dropped=0 dropped_total=2320 crc_err=0 crc_err_total=0 rate1=512 rate2=512 prod1=512 prod2=512 dac_err=0 tx_drop=43203 hb_ms=0 sma_state=6 m7_us=161373340 m4_us=159178892 vdd=5.067 offset=0.5000 aref=3.145 loop_us_avg=93 loop_us_max=5429 loop_hz=10752 cycle_log_ms=1 n_cycle=4 cc=1 cc_hz=1025 cc_i_tgt=0.1000 cc_u=0.5039 cc_r=4.9001 cc_tau_ms=7.00
[  11.425] [A
[  11.425] DC1] STATUS alarm(s
[  11.425] [STATUS] t_ms=157453 hwm=5 cap=256 dropped=0 dropped_total=2320 crc_err=0 crc_err_total=0 rate1=512 rate2=512 prod1=512 prod2=512 dac_err=0 tx_drop=43203 hb_ms=0 sma_state=6 m7_us=162405161 m4_us=160210729 vdd=5.067 offset=0.5000 aref=3.145 loop_us_avg=93 loop_us_max=5415 loop_hz=10752 cycle_log_ms=1 n_cycle=4 cc=1 cc_hz=1025 cc_i_tgt=0.1000 cc_u=0.5000 cc_r=4.8366 cc_tau_ms=7.00
[  12.493] [STATUS] t_ms=158453 hwm=5 cap=256 dropped=0 dropped_total=2320 crc_err=0 crc_err_total=0 rate1=512 rate2=512 prod1=512 prod2=512 dac_err=0 tx_drop=43203 hb_ms=0 sma_state=6 m7_us=163437003 m4_us=161242575 vdd=5.067 offset=0.5000 aref=3.145 loop_us_avg=92 loop_us_max=5395 loop_hz=10869 cycle_log_ms=1 n_cycle=4 cc=1 cc_hz=1025 cc_i_tgt=0.1000 cc_u=0.5378 cc_r=5.0347 cc_tau_ms=7.00
[  13.503] [STATUS] t_ms=159453 hwm=5 cap=256 dropped=0 dropped_total=2320 crc_err=0 crc_err_total=0 rate1=512 rate2=512 prod1=512 prod2=512 dac_err=0 tx_drop=43203 hb_ms=0 sma_state=6 m7_us=164468871 m4_us=162274447 vdd=5.067 offset=0.5000 aref=3.145 loop_us_avg=93 loop_us_max=5405 loop_hz=10752 cycle_log_ms=1 n_cycle=4 cc=1 cc_hz=1025 cc_i_tgt=0.1000 cc_u=0.5149 cc_r=4.9159 cc_tau_ms=7.00
[  14.512] [STATUS] t_ms=160453 hwm=5 cap=256 dropped=0 dropped_total=2320 crc_err=0 crc_err_total=0 rate1=512 rate2=512 prod1=512 prod2=512 dac_err=0 tx_drop=43203 hb_ms=0 sma_state=6 m7_us=165500713 m4_us=163306287 vdd=5.067 offset=0.5000 aref=3.145 loop_us_avg=92 loop_us_max=5400 loop_hz=10869 cycle_log_ms=1 n_cycle=4 cc=1 cc_hz=1025 cc_i_tgt=0.1000 cc_u=0.5000 cc_r=4.9035 cc_tau_ms=7.00
[  15.458] [AD
[  15.583] [STATUS] t_ms=161453 hwm=5 cap=256 dropped=0 dropped_total=2320 crc_err=0 crc_err_total=0 rate1=512 rate2=512 prod1=512 prod2=512 dac_err=0 tx_drop=43203 hb_ms=0 sma_state=6 m7_us=166532533 m4_us=164338105 vdd=5.067 offset=0.5000 aref=3.145 loop_us_avg=93 loop_us_max=5400 loop_hz=10752 cycle_log_ms=1 n_cycle=4 cc=1 cc_hz=1025 cc_i_tgt=0.1000 cc_u=0.5000 cc_r=4.8974 cc_tau_ms=7.00
[  15.647] [SMA] [ACT] heat n=2/6 I=850.0mA ms=100
[  15.710] [SMA] [ACT] cool n=2/6 I=100.0mA ms=15000
[  16.467] [AD
[  16.467] C1] STATUS alarm(s
[  16.592] [STATUS] t_ms=162453 hwm=5 cap=256 dropped=0 dropped_total=2320 crc_err=0 crc_err_total=0 rate1=512 rate2=512 prod1=512 prod2=512 dac_err=0 tx_drop=43203 hb_ms=0 sma_state=6 m7_us=167564354 m4_us=165369925 vdd=5.067 offset=0.5000 aref=3.145 loop_us_avg=93 loop_us_max=5409 loop_hz=10752 cycle_log_ms=1 n_cycle=4 cc=1 cc_hz=1023 cc_i_tgt=0.1000 cc_u=0.5000 cc_r=4.8976 cc_tau_ms=7.00
[  17.664] [STATUS] t_ms=163453 hwm=5 cap=256 dropped=0 dropped_total=2320 crc_err=0 crc_err_total=0 rate1=512 rate2=512 prod1=512 prod2=512 dac_err=0 tx_drop=43203 hb_ms=0 sma_state=6 m7_us=168596182 m4_us=166401743 vdd=5.067 offset=0.5000 aref=3.145 loop_us_avg=92 loop_us_max=5402 loop_hz=10869 cycle_log_ms=1 n_cycle=4 cc=1 cc_hz=1025 cc_i_tgt=0.1000 cc_u=0.5145 cc_r=4.9073 cc_tau_ms=7.00
[  18.674] [STATUS] t_ms=164453 hwm=5 cap=256 dropped=0 dropped_total=2320 crc_err=0 crc_err_total=0 rate1=512 rate2=512 prod1=512 prod2=512 dac_err=0 tx_drop=43203 hb_ms=0 sma_state=6 m7_us=169627989 m4_us=167433551 vdd=5.067 offset=0.5000 aref=3.145 loop_us_avg=93 loop_us_max=5408 loop_hz=10752 cycle_log_ms=1 n_cycle=4 cc=1 cc_hz=1025 cc_i_tgt=0.1000 cc_u=0.5002 cc_r=4.9087 cc_tau_ms=7.00
[  19.678] [STATUS] t_ms=165453 hwm=5 cap=256 dropped=0 dropped_total=2320 crc_err=0 crc_err_total=0 rate1=512 rate2=512 prod1=512 prod2=512 dac_err=0 tx_drop=43203 hb_ms=0 sma_state=6 m7_us=170659777 m4_us=168465340 vdd=5.067 offset=0.5000 aref=3.145 loop_us_avg=92 loop_us_max=5418 loop_hz=10869 cycle_log_ms=1 n_cycle=4 cc=1 cc_hz=1025 cc_i_tgt=0.1000 cc_u=0.5336 cc_r=4.9361 cc_tau_ms=7.00
[  20.747] [STATUS] t_ms=166453 hwm=5 cap=256 dropped=0 dropped_total=2320 crc_err=0 crc_err_total=0 rate1=512 rate2=512 prod1=512 prod2=512 dac_err=0 tx_drop=43203 hb_ms=0 sma_state=6 m7_us=171691542 m4_us=169497113 vdd=5.067 offset=0.5000 aref=3.145 loop_us_avg=93 loop_us_max=5406 loop_hz=10752 cycle_log_ms=1 n_cycle=4 cc=1 cc_hz=1025 cc_i_tgt=0.1000 cc_u=0.5014 cc_r=4.8486 cc_tau_ms=7.00
[  21.521] [ADC1] ST
[  21.774] [STATUS] t_ms=167453 hwm=5 cap=256 dropped=0 dropped_total=2320 crc_err=0 crc_err_total=0 rate1=512 rate2=512 prod1=512 prod2=512 dac_err=0 tx_drop=43203 hb_ms=0 sma_state=6 m7_us=172723309 m4_us=170528885 vdd=5.067 offset=0.5000 aref=3.145 loop_us_avg=93 loop_us_max=5403 loop_hz=10752 cycle_log_ms=1 n_cycle=4 cc=1 cc_hz=1025 cc_i_tgt=0.1000 cc_u=0.5000 cc_r=4.8766 cc_tau_ms=7.00
[  22.784] [STATUS] t_ms=168453 hwm=5 cap=256 dropped=0 dropped_total=2320 crc_err=0 crc_err_total=0 rate1=512 rate2=512 prod1=512 prod2=512 dac_err=0 tx_drop=43203 hb_ms=0 sma_state=6 m7_us=173755064 m4_us=171560633 vdd=5.067 offset=0.5000 aref=3.145 loop_us_avg=94 loop_us_max=5406 loop_hz=10638 cycle_log_ms=1 n_cycle=4 cc=1 cc_hz=1025 cc_i_tgt=0.1000 cc_u=0.5065 cc_r=4.9286 cc_tau_ms=7.00
[  23.854] [STATUS] t_ms=169453 hwm=5 cap=256 dropped=0 dropped_total=2320 crc_err=0 crc_err_total=0 rate1=512 rate2=512 prod1=512 prod2=512 dac_err=0 tx_drop=43203 hb_ms=0 sma_state=6 m7_us=174786827 m4_us=172592396 vdd=5.067 offset=0.5000 aref=3.145 loop_us_avg=93 loop_us_max=5407 loop_hz=10752 cycle_log_ms=1 n_cycle=4 cc=1 cc_hz=1025 cc_i_tgt=0.1000 cc_u=0.5009 cc_r=4.8447 cc_tau_ms=7.00
[  24.862] [STATUS] t_ms=170453 hwm=5 cap=256 dropped=0 dropped_total=2320 crc_err=0 crc_err_total=0 rate1=512 rate2=512 prod1=512 prod2=512 dac_err=0 tx_drop=43203 hb_ms=0 sma_state=6 m7_us=175818580 m4_us=173624149 vdd=5.067 offset=0.5000 aref=3.145 loop_us_avg=93 loop_us_max=5406 loop_hz=10752 cycle_log_ms=1 n_cycle=4 cc=1 cc_hz=1025 cc_i_tgt=0.1000 cc_u=0.5008 cc_r=4.9405 cc_tau_ms=7.00
[  25.874] [STATUS] t_ms=171453 hwm=5 cap=256 dropped=0 dropped_total=2320 crc_err=0 crc_err_total=0 rate1=512 rate2=512 prod1=512 prod2=512 dac_err=0 tx_drop=43203 hb_ms=0 sma_state=6 m7_us=176850372 m4_us=174655938 vdd=5.067 offset=0.5000 aref=3.145 loop_us_avg=94 loop_us_max=5410 loop_hz=10638 cycle_log_ms=1 n_cycle=4 cc=1 cc_hz=1025 cc_i_tgt=0.1000 cc_u=0.5000 cc_r=4.8294 cc_tau_ms=7.00
[  26.566] [ADC1]
[  26.945] [STATUS] t_ms=172453 hwm=5 cap=256 dropped=0 dropped_total=2320 crc_err=0 crc_err_total=0 rate1=512 rate2=512 prod1=512 prod2=512 dac_err=0 tx_drop=43203 hb_ms=0 sma_state=6 m7_us=177882148 m4_us=175687714 vdd=5.067 offset=0.5000 aref=3.145 loop_us_avg=93 loop_us_max=5394 loop_hz=10752 cycle_log_ms=1 n_cycle=4 cc=1 cc_hz=1025 cc_i_tgt=0.1000 cc_u=0.5000 cc_r=4.9009 cc_tau_ms=7.00
[  27.577] [ADC1] STA
[  27.577] TUS alarm(s): 0x49
[  27.955] [STATUS] t_ms=173453 hwm=5 cap=256 dropped=0 dropped_total=2320 crc_err=0 crc_err_total=0 rate1=512 rate2=512 prod1=512 prod2=512 dac_err=0 tx_drop=43203 hb_ms=0 sma_state=6 m7_us=178913938 m4_us=176719503 vdd=5.067 offset=0.5000 aref=3.145 loop_us_avg=92 loop_us_max=5397 loop_hz=10869 cycle_log_ms=1 n_cycle=4 cc=1 cc_hz=1025 cc_i_tgt=0.1000 cc_u=0.5129 cc_r=4.9147 cc_tau_ms=7.00
[  28.965] [STATUS] t_ms=174453 hwm=5 cap=256 dropped=0 dropped_total=2320 crc_err=0 crc_err_total=0 rate1=512 rate2=512 prod1=512 prod2=512 dac_err=0 tx_drop=43203 hb_ms=0 sma_state=6 m7_us=179945710 m4_us=177751273 vdd=5.067 offset=0.5000 aref=3.145 loop_us_avg=92 loop_us_max=5406 loop_hz=10869 cycle_log_ms=1 n_cycle=4 cc=1 cc_hz=1025 cc_i_tgt=0.1000 cc_u=0.5044 cc_r=4.8607 cc_tau_ms=7.00
[  30.035] [STATUS] t_ms=175453 hwm=5 cap=256 dropped=0 dropped_total=2320 crc_err=0 crc_err_total=0 rate1=512 rate2=512 prod1=512 prod2=512 dac_err=0 tx_drop=43203 hb_ms=0 sma_state=6 m7_us=180977468 m4_us=178783036 vdd=5.067 offset=0.5000 aref=3.145 loop_us_avg=93 loop_us_max=5404 loop_hz=10752 cycle_log_ms=1 n_cycle=4 cc=1 cc_hz=1025 cc_i_tgt=0.1000 cc_u=0.5000 cc_r=4.9405 cc_tau_ms=7.00
[  31.045] [STATUS] t_ms=176453 hwm=5 cap=256 dropped=0 dropped_total=2320 crc_err=0 crc_err_total=0 rate1=512 rate2=512 prod1=512 prod2=512 dac_err=0 tx_drop=43203 hb_ms=0 sma_state=6 m7_us=182009274 m4_us=179814844 vdd=5.067 offset=0.5000 aref=3.145 loop_us_avg=93 loop_us_max=5401 loop_hz=10752 cycle_log_ms=1 n_cycle=4 cc=1 cc_hz=1025 cc_i_tgt=0.1000 cc_u=0.5000 cc_r=4.8737 cc_tau_ms=7.00
[  31.172] [SMA] [ACT] heat n=3/6 I=850.0mA ms=100
[  31.299] [SMA] [ACT] cool n=3/6 I=100.0mA ms=15000
[  32.055] [STATUS] t_ms=177453 hwm=5 cap=256 dropped=0 dropped_total=2320 crc_err=0 crc_err_total=0 rate1=512 rate2=512 prod1=512 prod2=512 dac_err=0 tx_drop=43203 hb_ms=0 sma_state=6 m7_us=183041117 m4_us=180846690 vdd=5.067 offset=0.5000 aref=3.145 loop_us_avg=93 loop_us_max=5398 loop_hz=10752 cycle_log_ms=1 n_cycle=4 cc=1 cc_hz=1023 cc_i_tgt=0.1000 cc_u=0.5000 cc_r=4.8632 cc_tau_ms=7.00
[  32.624] [AD
[  32.624] C1] STATUS alar
[  33.125] [STATUS] t_ms=178453 hwm=5 cap=256 dropped=0 dropped_total=2320 crc_err=0 crc_err_total=0 rate1=512 rate2=512 prod1=512 prod2=512 dac_err=0 tx_drop=43203 hb_ms=0 sma_state=6 m7_us=184072956 m4_us=181878517 vdd=5.067 offset=0.5000 aref=3.145 loop_us_avg=93 loop_us_max=5409 loop_hz=10752 cycle_log_ms=1 n_cycle=4 cc=1 cc_hz=1025 cc_i_tgt=0.1000 cc_u=0.5000 cc_r=4.8837 cc_tau_ms=7.00
[  33.630] [ADC1] STATUS alarm(s):
[  34.133] [STATUS] t_ms=179453 hwm=5 cap=256 dropped=0 dropped_total=2320 crc_err=0 crc_err_total=0 rate1=512 rate2=512 prod1=512 prod2=512 dac_err=0 tx_drop=43203 hb_ms=0 sma_state=6 m7_us=185104740 m4_us=182910313 vdd=5.067 offset=0.5000 aref=3.145 loop_us_avg=92 loop_us_max=5415 loop_hz=10869 cycle_log_ms=1 n_cycle=4 cc=1 cc_hz=1025 cc_i_tgt=0.1000 cc_u=0.5000 cc_r=4.8516 cc_tau_ms=7.00
[  35.209] [STATUS] t_ms=180453 hwm=5 cap=256 dropped=0 dropped_total=2320 crc_err=0 crc_err_total=0 rate1=512 rate2=512 prod1=512 prod2=512 dac_err=0 tx_drop=43203 hb_ms=0 sma_state=6 m7_us=186136513 m4_us=183942082 vdd=5.067 offset=0.5000 aref=3.145 loop_us_avg=93 loop_us_max=5409 loop_hz=10752 cycle_log_ms=1 n_cycle=4 cc=1 cc_hz=1025 cc_i_tgt=0.1000 cc_u=0.5000 cc_r=4.8252 cc_tau_ms=7.00
[  36.218] [STATUS] t_ms=181453 hwm=5 cap=256 dropped=0 dropped_total=2320 crc_err=0 crc_err_total=0 rate1=512 rate2=512 prod1=512 prod2=512 dac_err=0 tx_drop=43203 hb_ms=0 sma_state=6 m7_us=187168297 m4_us=184973865 vdd=5.067 offset=0.5000 aref=3.145 loop_us_avg=92 loop_us_max=5406 loop_hz=10869 cycle_log_ms=1 n_cycle=4 cc=1 cc_hz=1025 cc_i_tgt=0.1000 cc_u=0.5180 cc_r=4.8986 cc_tau_ms=7.00
[  37.228] [STATUS] t_ms=182453 hwm=5 cap=256 dropped=0 dropped_total=2320 crc_err=0 crc_err_total=0 rate1=512 rate2=512 prod1=512 prod2=512 dac_err=0 tx_drop=43203 hb_ms=0 sma_state=6 m7_us=188200054 m4_us=186005618 vdd=5.067 offset=0.5000 aref=3.145 loop_us_avg=93 loop_us_max=5408 loop_hz=10752 cycle_log_ms=1 n_cycle=4 cc=1 cc_hz=1025 cc_i_tgt=0.1000 cc_u=0.5000 cc_r=4.8622 cc_tau_ms=7.00
[  37.607] [ADC1]
[  38.300] [STATUS] t_ms=183453 hwm=5 cap=256 dropped=0 dropped_total=2320 crc_err=0 crc_err_total=0 rate1=512 rate2=512 prod1=512 prod2=512 dac_err=0 tx_drop=43203 hb_ms=0 sma_state=6 m7_us=189231799 m4_us=187037362 vdd=5.067 offset=0.5000 aref=3.145 loop_us_avg=93 loop_us_max=5405 loop_hz=10752 cycle_log_ms=1 n_cycle=4 cc=1 cc_hz=1025 cc_i_tgt=0.1000 cc_u=0.5013 cc_r=4.8523 cc_tau_ms=7.00
[  38.616] [ADC
[  38.616] 1] STATUS alarm(s): 0
[  39.313] [STATUS] t_ms=184453 hwm=5 cap=256 dropped=0 dropped_total=2320 crc_err=0 crc_err_total=0 rate1=512 rate2=512 prod1=512 prod2=512 dac_err=0 tx_drop=43203 hb_ms=0 sma_state=6 m7_us=190263524 m4_us=188069084 vdd=5.067 offset=0.5000 aref=3.145 loop_us_avg=94 loop_us_max=5425 loop_hz=10638 cycle_log_ms=1 n_cycle=4 cc=1 cc_hz=1025 cc_i_tgt=0.1000 cc_u=0.5000 cc_r=4.8754 cc_tau_ms=7.00
[  40.320] [STATUS] t_ms=185453 hwm=5 cap=256 dropped=0 dropped_total=2320 crc_err=0 crc_err_total=0 rate1=512 rate2=512 prod1=512 prod2=512 dac_err=0 tx_drop=43203 hb_ms=0 sma_state=6 m7_us=191295250 m4_us=189100802 vdd=5.067 offset=0.5000 aref=3.145 loop_us_avg=92 loop_us_max=5407 loop_hz=10869 cycle_log_ms=1 n_cycle=4 cc=1 cc_hz=1025 cc_i_tgt=0.1000 cc_u=0.5058 cc_r=4.8949 cc_tau_ms=7.00
[  41.393] [STATUS] t_ms=186453 hwm=5 cap=256 dropped=0 dropped_total=2320 crc_err=0 crc_err_total=0 rate1=512 rate2=512 prod1=512 prod2=512 dac_err=0 tx_drop=43203 hb_ms=0 sma_state=6 m7_us=192326969 m4_us=190132540 vdd=5.067 offset=0.5000 aref=3.145 loop_us_avg=92 loop_us_max=5418 loop_hz=10869 cycle_log_ms=1 n_cycle=4 cc=1 cc_hz=1025 cc_i_tgt=0.1000 cc_u=0.5016 cc_r=4.8833 cc_tau_ms=7.00
[  42.399] [STATUS] t_ms=187453 hwm=5 cap=256 dropped=0 dropped_total=2320 crc_err=0 crc_err_total=0 rate1=512 rate2=512 prod1=512 prod2=512 dac_err=0 tx_drop=43203 hb_ms=0 sma_state=6 m7_us=193358719 m4_us=191164290 vdd=5.067 offset=0.5000 aref=3.145 loop_us_avg=93 loop_us_max=5395 loop_hz=10752 cycle_log_ms=1 n_cycle=4 cc=1 cc_hz=1025 cc_i_tgt=0.1000 cc_u=0.5000 cc_r=4.9461 cc_tau_ms=7.00
[  43.414] [STATUS] t_ms=188453 hwm=5 cap=256 dropped=0 dropped_total=2320 crc_err=0 crc_err_total=0 rate1=512 rate2=512 prod1=512 prod2=512 dac_err=0 tx_drop=43203 hb_ms=0 sma_state=6 m7_us=194390485 m4_us=192196057 vdd=5.067 offset=0.5000 aref=3.145 loop_us_avg=93 loop_us_max=5398 loop_hz=10752 cycle_log_ms=1 n_cycle=4 cc=1 cc_hz=1025 cc_i_tgt=0.1000 cc_u=0.5000 cc_r=4.9279 cc_tau_ms=7.00
[  44.490] [STATUS] t_ms=189453 hwm=5 cap=256 dropped=0 dropped_total=2320 crc_err=0 crc_err_total=0 rate1=512 rate2=512 prod1=512 prod2=512 dac_err=0 tx_drop=43203 hb_ms=0 sma_state=6 m7_us=195422305 m4_us=193227858 vdd=5.067 offset=0.5000 aref=3.145 loop_us_avg=92 loop_us_max=5411 loop_hz=10869 cycle_log_ms=1 n_cycle=4 cc=1 cc_hz=1025 cc_i_tgt=0.1000 cc_u=0.5053 cc_r=4.9207 cc_tau_ms=7.00
[  44.679] [ADC1]
[  45.495] [STATUS] t_ms=190453 hwm=5 cap=256 dropped=0 dropped_total=2320 crc_err=0 crc_err_total=0 rate1=512 rate2=512 prod1=512 prod2=512 dac_err=0 tx_drop=43203 hb_ms=0 sma_state=6 m7_us=196454062 m4_us=194259618 vdd=5.067 offset=0.5000 aref=3.145 loop_us_avg=93 loop_us_max=5444 loop_hz=10752 cycle_log_ms=1 n_cycle=4 cc=1 cc_hz=1025 cc_i_tgt=0.1000 cc_u=0.5025 cc_r=4.8704 cc_tau_ms=7.00
[  45.686] [ADC1] ST
[  45.686] ATUS alarm(s): 0xC
[  46.508] [STATUS] t_ms=191453 hwm=5 cap=256 dropped=0 dropped_total=2320 crc_err=0 crc_err_total=0 rate1=512 rate2=512 prod1=512 prod2=512 dac_err=0 tx_drop=43203 hb_ms=0 sma_state=6 m7_us=197485818 m4_us=195291388 vdd=5.067 offset=0.5000 aref=3.145 loop_us_avg=92 loop_us_max=5406 loop_hz=10869 cycle_log_ms=1 n_cycle=4 cc=1 cc_hz=1025 cc_i_tgt=0.1000 cc_u=0.5000 cc_r=4.8244 cc_tau_ms=7.00
[  46.762] [SMA] [ACT] heat n=4/6 I=850.0mA ms=100
[  46.889] [SMA] [ACT] cool n=4/6 I=100.0mA ms=15000
[  47.582] [STATUS] t_ms=192453 hwm=5 cap=256 dropped=0 dropped_total=2320 crc_err=0 crc_err_total=0 rate1=512 rate2=512 prod1=512 prod2=512 dac_err=0 tx_drop=43203 hb_ms=0 sma_state=6 m7_us=198517615 m4_us=196323173 vdd=5.067 offset=0.5000 aref=3.145 loop_us_avg=93 loop_us_max=5399 loop_hz=10752 cycle_log_ms=1 n_cycle=4 cc=1 cc_hz=1023 cc_i_tgt=0.1000 cc_u=0.5056 cc_r=4.9237 cc_tau_ms=7.00
[  48.594] [STATUS] t_ms=193453 hwm=5 cap=256 dropped=0 dropped_total=2320 crc_err=0 crc_err_total=0 rate1=512 rate2=512 prod1=512 prod2=512 dac_err=0 tx_drop=43203 hb_ms=0 sma_state=6 m7_us=199549383 m4_us=197354949 vdd=5.067 offset=0.5000 aref=3.145 loop_us_avg=93 loop_us_max=5418 loop_hz=10752 cycle_log_ms=1 n_cycle=4 cc=1 cc_hz=1025 cc_i_tgt=0.1000 cc_u=0.5000 cc_r=4.9105 cc_tau_ms=7.00
[  49.604] [STATUS] t_ms=194453 hwm=5 cap=256 dropped=0 dropped_total=2320 crc_err=0 crc_err_total=0 rate1=512 rate2=512 prod1=512 prod2=512 dac_err=0 tx_drop=43203 hb_ms=0 sma_state=6 m7_us=200581132 m4_us=198386700 vdd=5.067 offset=0.5000 aref=3.145 loop_us_avg=93 loop_us_max=5398 loop_hz=10752 cycle_log_ms=1 n_cycle=4 cc=1 cc_hz=1025 cc_i_tgt=0.1000 cc_u=0.5000 cc_r=4.8942 cc_tau_ms=7.00
[  50.672] [STATUS] t_ms=195453 hwm=5 cap=256 dropped=0 dropped_total=2320 crc_err=0 crc_err_total=0 rate1=512 rate2=512 prod1=512 prod2=512 dac_err=0 tx_drop=43203 hb_ms=0 sma_state=6 m7_us=201612845 m4_us=199418409 vdd=5.067 offset=0.5000 aref=3.145 loop_us_avg=94 loop_us_max=5404 loop_hz=10638 cycle_log_ms=1 n_cycle=4 cc=1 cc_hz=1025 cc_i_tgt=0.1000 cc_u=0.5000 cc_r=4.9130 cc_tau_ms=7.00
[  50.735] [ADC1] STAT
[  51.700] [STATUS] t_ms=196453 hwm=5 cap=256 dropped=0 dropped_total=2320 crc_err=0 crc_err_total=0 rate1=512 rate2=512 prod1=512 prod2=512 dac_err=0 tx_drop=43203 hb_ms=0 sma_state=6 m7_us=202644555 m4_us=200450124 vdd=5.067 offset=0.5000 aref=3.145 loop_us_avg=92 loop_us_max=5398 loop_hz=10869 cycle_log_ms=1 n_cycle=4 cc=1 cc_hz=1025 cc_i_tgt=0.1000 cc_u=0.5014 cc_r=4.8698 cc_tau_ms=7.00
[  51.763] [ADC1] STATUS alarm(s): 0xC9
[  52.713] [STATUS] t_ms=197453 hwm=5 cap=256 dropped=0 dropped_total=2320 crc_err=0 crc_err_total=0 rate1=512 rate2=512 prod1=512 prod2=512 dac_err=0 tx_drop=43203 hb_ms=0 sma_state=6 m7_us=203676278 m4_us=201481849 vdd=5.067 offset=0.5000 aref=3.145 loop_us_avg=93 loop_us_max=5393 loop_hz=10752 cycle_log_ms=1 n_cycle=4 cc=1 cc_hz=1025 cc_i_tgt=0.1000 cc_u=0.5019 cc_r=4.9606 cc_tau_ms=7.00
[  53.725] [STATUS] t_ms=198453 hwm=5 cap=256 dropped=0 dropped_total=2320 crc_err=0 crc_err_total=0 rate1=512 rate2=512 prod1=512 prod2=512 dac_err=0 tx_drop=43203 hb_ms=0 sma_state=6 m7_us=204708005 m4_us=202513577 vdd=5.067 offset=0.5000 aref=3.145 loop_us_avg=94 loop_us_max=5406 loop_hz=10638 cycle_log_ms=1 n_cycle=4 cc=1 cc_hz=1025 cc_i_tgt=0.1000 cc_u=0.5000 cc_r=4.8758 cc_tau_ms=7.00
[  54.800] [STATUS] t_ms=199453 hwm=5 cap=256 dropped=0 dropped_total=2320 crc_err=0 crc_err_total=0 rate1=512 rate2=512 prod1=512 prod2=512 dac_err=0 tx_drop=43203 hb_ms=0 sma_state=6 m7_us=205739755 m4_us=203545327 vdd=5.067 offset=0.5000 aref=3.145 loop_us_avg=93 loop_us_max=5404 loop_hz=10752 cycle_log_ms=1 n_cycle=4 cc=1 cc_hz=1025 cc_i_tgt=0.1000 cc_u=0.5000 cc_r=4.9009 cc_tau_ms=7.00
[  55.807] [STATUS] t_ms=200453 hwm=5 cap=256 dropped=0 dropped_total=2320 crc_err=0 crc_err_total=0 rate1=512 rate2=512 prod1=512 prod2=512 dac_err=0 tx_drop=43203 hb_ms=0 sma_state=6 m7_us=206771512 m4_us=204577084 vdd=5.067 offset=0.5000 aref=3.145 loop_us_avg=93 loop_us_max=5402 loop_hz=10752 cycle_log_ms=1 n_cycle=4 cc=1 cc_hz=1025 cc_i_tgt=0.1000 cc_u=0.5000 cc_r=4.8975 cc_tau_ms=7.00
[  56.822] [STATUS] t_ms=201453 hwm=5 cap=256 dropped=0 dropped_total=2320 crc_err=0 crc_err_total=0 rate1=512 rate2=512 prod1=512 prod2=512 dac_err=0 tx_drop=43203 hb_ms=0 sma_state=6 m7_us=207803266 m4_us=205608834 vdd=5.067 offset=0.5000 aref=3.145 loop_us_avg=93 loop_us_max=5409 loop_hz=10752 cycle_log_ms=1 n_cycle=4 cc=1 cc_hz=1025 cc_i_tgt=0.1000 cc_u=0.5000 cc_r=4.8843 cc_tau_ms=7.00
[  57.894] [STATUS] t_ms=202453 hwm=5 cap=256 dropped=0 dropped_total=2320 crc_err=0 crc_err_total=0 rate1=512 rate2=512 prod1=512 prod2=512 dac_err=0 tx_drop=43203 hb_ms=0 sma_state=6 m7_us=208834995 m4_us=206640562 vdd=5.067 offset=0.5000 aref=3.145 loop_us_avg=93 loop_us_max=5408 loop_hz=10752 cycle_log_ms=1 n_cycle=4 cc=1 cc_hz=1025 cc_i_tgt=0.1000 cc_u=0.5000 cc_r=4.9430 cc_tau_ms=7.00
[  58.776] [ADC1] STA
[  58.900] [STATUS] t_ms=203453 hwm=5 cap=256 dropped=0 dropped_total=2320 crc_err=0 crc_err_total=0 rate1=512 rate2=512 prod1=512 prod2=512 dac_err=0 tx_drop=43203 hb_ms=0 sma_state=6 m7_us=209866773 m4_us=207672329 vdd=5.067 offset=0.5000 aref=3.145 loop_us_avg=92 loop_us_max=5399 loop_hz=10869 cycle_log_ms=1 n_cycle=4 cc=1 cc_hz=1025 cc_i_tgt=0.1000 cc_u=0.5062 cc_r=4.8782 cc_tau_ms=7.00
[  59.784] [ADC1] STATUS alarm(s): 0xC9
[  59.910] [STATUS] t_ms=204453 hwm=5 cap=256 dropped=0 dropped_total=2320 crc_err=0 crc_err_total=0 rate1=512 rate2=512 prod1=512 prod2=512 dac_err=0 tx_drop=43203 hb_ms=0 sma_state=6 m7_us=210898474 m4_us=208704044 vdd=5.067 offset=0.5000 aref=3.145 loop_us_avg=92 loop_us_max=5401 loop_hz=10869 cycle_log_ms=1 n_cycle=4 cc=1 cc_hz=1025 cc_i_tgt=0.1000 cc_u=0.5075 cc_r=4.8786 cc_tau_ms=7.00
[  60.984] [STATUS] t_ms=205453 hwm=5 cap=256 dropped=0 dropped_total=2320 crc_err=0 crc_err_total=0 rate1=512 rate2=512 prod1=512 prod2=512 dac_err=0 tx_drop=43203 hb_ms=0 sma_state=6 m7_us=211930215 m4_us=209735785 vdd=5.067 offset=0.5000 aref=3.145 loop_us_avg=93 loop_us_max=5396 loop_hz=10752 cycle_log_ms=1 n_cycle=4 cc=1 cc_hz=1025 cc_i_tgt=0.1000 cc_u=0.5000 cc_r=4.8810 cc_tau_ms=7.00
[  61.996] [STATUS] t_ms=206453 hwm=5 cap=256 dropped=0 dropped_total=2320 crc_err=0 crc_err_total=0 rate1=512 rate2=512 prod1=512 prod2=512 dac_err=0 tx_drop=43203 hb_ms=0 sma_state=6 m7_us=212961945 m4_us=210767516 vdd=5.067 offset=0.5000 aref=3.145 loop_us_avg=93 loop_us_max=5397 loop_hz=10752 cycle_log_ms=1 n_cycle=4 cc=1 cc_hz=1025 cc_i_tgt=0.1000 cc_u=0.5000 cc_r=4.8763 cc_tau_ms=7.00
[  62.376] [SMA] [ACT] heat n=5/6 I=850.0mA ms=100
[  62.439] [SMA] [ACT] cool n=5/6 I=100.0mA ms=15000
[  63.008] [STATUS] t_ms=207453 hwm=5 cap=256 dropped=0 dropped_total=2320 crc_err=0 crc_err_total=0 rate1=512 rate2=512 prod1=512 prod2=512 dac_err=0 tx_drop=43203 hb_ms=0 sma_state=6 m7_us=213993701 m4_us=211799273 vdd=5.067 offset=0.5000 aref=3.145 loop_us_avg=93 loop_us_max=5414 loop_hz=10752 cycle_log_ms=1 n_cycle=4 cc=1 cc_hz=1023 cc_i_tgt=0.1000 cc_u=0.5000 cc_r=4.8800 cc_tau_ms=7.00
[  63.827] [ADC1]
[  64.078] [STATUS] t_ms=208453 hwm=5 cap=256 dropped=0 dropped_total=2320 crc_err=0 crc_err_total=0 rate1=512 rate2=512 prod1=512 prod2=512 dac_err=0 tx_drop=43203 hb_ms=0 sma_state=6 m7_us=215025441 m4_us=212831013 vdd=5.067 offset=0.5000 aref=3.145 loop_us_avg=94 loop_us_max=5415 loop_hz=10638 cycle_log_ms=1 n_cycle=4 cc=1 cc_hz=1025 cc_i_tgt=0.1000 cc_u=0.5290 cc_r=4.9835 cc_tau_ms=7.00
[  64.832] [
[  64.832] ADC1] STATUS alarm(
[  65.084] [STATUS] t_ms=209453 hwm=6 cap=256 dropped=0 dropped_total=2320 crc_err=0 crc_err_total=0 rate1=512 rate2=512 prod1=512 prod2=512 dac_err=0 tx_drop=43203 hb_ms=0 sma_state=6 m7_us=216057158 m4_us=213862716 vdd=5.067 offset=0.5000 aref=3.145 loop_us_avg=94 loop_us_max=5683 loop_hz=10638 cycle_log_ms=1 n_cycle=4 cc=1 cc_hz=1026 cc_i_tgt=0.1000 cc_u=0.5133 cc_r=4.9129 cc_tau_ms=7.00
[  66.157] [STATUS] t_ms=210453 hwm=5 cap=256 dropped=0 dropped_total=2320 crc_err=0 crc_err_total=0 rate1=512 rate2=512 prod1=512 prod2=512 dac_err=0 tx_drop=43203 hb_ms=0 sma_state=6 m7_us=217088888 m4_us=214894457 vdd=5.067 offset=0.5000 aref=3.145 loop_us_avg=92 loop_us_max=5414 loop_hz=10869 cycle_log_ms=1 n_cycle=4 cc=1 cc_hz=1025 cc_i_tgt=0.1000 cc_u=0.5027 cc_r=4.8958 cc_tau_ms=7.00
[  67.169] [STATUS] t_ms=211453 hwm=5 cap=256 dropped=0 dropped_total=2320 crc_err=0 crc_err_total=0 rate1=512 rate2=512 prod1=512 prod2=512 dac_err=0 tx_drop=43203 hb_ms=0 sma_state=6 m7_us=218120639 m4_us=215926210 vdd=5.067 offset=0.5000 aref=3.145 loop_us_avg=92 loop_us_max=5400 loop_hz=10869 cycle_log_ms=1 n_cycle=4 cc=1 cc_hz=1025 cc_i_tgt=0.1000 cc_u=0.5000 cc_r=4.9077 cc_tau_ms=7.00
[  68.180] [STATUS] t_ms=212453 hwm=5 cap=256 dropped=0 dropped_total=2320 crc_err=0 crc_err_total=0 rate1=512 rate2=512 prod1=512 prod2=512 dac_err=0 tx_drop=43203 hb_ms=0 sma_state=6 m7_us=219152375 m4_us=216957938 vdd=5.067 offset=0.5000 aref=3.145 loop_us_avg=93 loop_us_max=5405 loop_hz=10752 cycle_log_ms=1 n_cycle=4 cc=1 cc_hz=1025 cc_i_tgt=0.1000 cc_u=0.5054 cc_r=4.8940 cc_tau_ms=7.00
[  69.256] [STATUS] t_ms=213453 hwm=5 cap=256 dropped=0 dropped_total=2320 crc_err=0 crc_err_total=0 rate1=512 rate2=512 prod1=512 prod2=512 dac_err=0 tx_drop=43203 hb_ms=0 sma_state=6 m7_us=220184120 m4_us=217989689 vdd=5.067 offset=0.5000 aref=3.145 loop_us_avg=93 loop_us_max=5414 loop_hz=10752 cycle_log_ms=1 n_cycle=4 cc=1 cc_hz=1025 cc_i_tgt=0.1000 cc_u=0.5096 cc_r=5.0139 cc_tau_ms=7.00
[  69.884] [ADC1] S
[  70.263] [STATUS] t_ms=214453 hwm=5 cap=256 dropped=0 dropped_total=2320 crc_err=0 crc_err_total=0 rate1=512 rate2=512 prod1=512 prod2=512 dac_err=0 tx_drop=43203 hb_ms=0 sma_state=6 m7_us=221215847 m4_us=219021407 vdd=5.067 offset=0.5000 aref=3.145 loop_us_avg=94 loop_us_max=5415 loop_hz=10638 cycle_log_ms=1 n_cycle=4 cc=1 cc_hz=1025 cc_i_tgt=0.1000 cc_u=0.5000 cc_r=4.9096 cc_tau_ms=7.00
[  70.896] [ADC1] STATUS
[  70.896] alarm(s): 0x89 PGA
[  70.896] L_ALM
[  71.277] [STATUS] t_ms=215453 hwm=5 cap=256 dropped=0 dropped_total=2320 crc_err=0 crc_err_total=0 rate1=512 rate2=512 prod1=512 prod2=512 dac_err=0 tx_drop=43203 hb_ms=0 sma_state=6 m7_us=222247603 m4_us=220053170 vdd=5.067 offset=0.5000 aref=3.145 loop_us_avg=92 loop_us_max=5400 loop_hz=10869 cycle_log_ms=1 n_cycle=4 cc=1 cc_hz=1025 cc_i_tgt=0.1000 cc_u=0.5000 cc_r=4.9311 cc_tau_ms=7.00
[  72.348] [STATUS] t_ms=216453 hwm=5 cap=256 dropped=0 dropped_total=2320 crc_err=0 crc_err_total=0 rate1=512 rate2=512 prod1=512 prod2=512 dac_err=0 tx_drop=43203 hb_ms=0 sma_state=6 m7_us=223279382 m4_us=221084953 vdd=5.067 offset=0.5000 aref=3.145 loop_us_avg=92 loop_us_max=5404 loop_hz=10869 cycle_log_ms=1 n_cycle=4 cc=1 cc_hz=1025 cc_i_tgt=0.1000 cc_u=0.5000 cc_r=4.8237 cc_tau_ms=7.00
[  73.356] [STATUS] t_ms=217453 hwm=5 cap=256 dropped=0 dropped_total=2320 crc_err=0 crc_err_total=0 rate1=512 rate2=512 prod1=512 prod2=512 dac_err=0 tx_drop=43203 hb_ms=0 sma_state=6 m7_us=224311130 m4_us=222116700 vdd=5.067 offset=0.5000 aref=3.145 loop_us_avg=93 loop_us_max=5464 loop_hz=10752 cycle_log_ms=1 n_cycle=4 cc=1 cc_hz=1025 cc_i_tgt=0.1000 cc_u=0.5035 cc_r=4.8704 cc_tau_ms=7.00
[  74.366] [STATUS] t_ms=218453 hwm=5 cap=256 dropped=0 dropped_total=2320 crc_err=0 crc_err_total=0 rate1=512 rate2=512 prod1=512 prod2=512 dac_err=0 tx_drop=43203 hb_ms=0 sma_state=6 m7_us=225342922 m4_us=223148498 vdd=5.067 offset=0.5000 aref=3.145 loop_us_avg=94 loop_us_max=5407 loop_hz=10638 cycle_log_ms=1 n_cycle=4 cc=1 cc_hz=1025 cc_i_tgt=0.1000 cc_u=0.5100 cc_r=4.9365 cc_tau_ms=7.00
[  75.440] [STATUS] t_ms=219453 hwm=5 cap=256 dropped=0 dropped_total=2320 crc_err=0 crc_err_total=0 rate1=512 rate2=512 prod1=512 prod2=512 dac_err=0 tx_drop=43203 hb_ms=0 sma_state=6 m7_us=226374692 m4_us=224180265 vdd=5.067 offset=0.5000 aref=3.145 loop_us_avg=93 loop_us_max=5398 loop_hz=10752 cycle_log_ms=1 n_cycle=4 cc=1 cc_hz=1025 cc_i_tgt=0.1000 cc_u=0.5000 cc_r=4.8819 cc_tau_ms=7.00
[  75.944] [ADC
[  75.944] 1] STATUS alarm(s):
[  76.448] [STATUS] t_ms=220453 hwm=5 cap=256 dropped=0 dropped_total=2320 crc_err=0 crc_err_total=0 rate1=512 rate2=512 prod1=512 prod2=512 dac_err=0 tx_drop=43203 hb_ms=0 sma_state=6 m7_us=227406480 m4_us=225212009 vdd=5.067 offset=0.5000 aref=3.145 loop_us_avg=93 loop_us_max=5394 loop_hz=10752 cycle_log_ms=1 n_cycle=4 cc=1 cc_hz=1025 cc_i_tgt=0.1000 cc_u=0.5004 cc_r=4.9182 cc_tau_ms=7.00
[  77.457] [STATUS] t_ms=221453 hwm=5 cap=256 dropped=0 dropped_total=2320 crc_err=0 crc_err_total=0 rate1=512 rate2=512 prod1=512 prod2=512 dac_err=0 tx_drop=43203 hb_ms=0 sma_state=6 m7_us=228438207 m4_us=226243781 vdd=5.067 offset=0.5000 aref=3.145 loop_us_avg=93 loop_us_max=5436 loop_hz=10752 cycle_log_ms=1 n_cycle=4 cc=1 cc_hz=1025 cc_i_tgt=0.1000 cc_u=0.5035 cc_r=4.9214 cc_tau_ms=7.00
[  77.903] [SMA] [ACT] heat n=6/6 I=850.0mA ms=100
[  78.030] [SMA] [ACT] cool n=6/6 I=100.0mA ms=15000
[  78.534] [STATUS] t_ms=222453 hwm=5 cap=256 dropped=0 dropped_total=2320 crc_err=0 crc_err_total=0 rate1=512 rate2=512 prod1=512 prod2=512 dac_err=0 tx_drop=43203 hb_ms=0 sma_state=6 m7_us=229469931 m4_us=227275497 vdd=5.067 offset=0.5000 aref=3.145 loop_us_avg=92 loop_us_max=5391 loop_hz=10869 cycle_log_ms=1 n_cycle=4 cc=1 cc_hz=1023 cc_i_tgt=0.1000 cc_u=0.5000 cc_r=4.8578 cc_tau_ms=7.00
[  79.543] [STATUS] t_ms=223453 hwm=5 cap=256 dropped=0 dropped_total=2320 crc_err=0 crc_err_total=0 rate1=512 rate2=512 prod1=512 prod2=512 dac_err=0 tx_drop=43203 hb_ms=0 sma_state=6 m7_us=230501672 m4_us=228307241 vdd=5.067 offset=0.5000 aref=3.145 loop_us_avg=94 loop_us_max=5418 loop_hz=10638 cycle_log_ms=1 n_cycle=4 cc=1 cc_hz=1025 cc_i_tgt=0.1000 cc_u=0.5000 cc_r=4.8041 cc_tau_ms=7.00
[  80.543] [STATUS] t_ms=224453 hwm=5 cap=256 dropped=0 dropped_total=2320 crc_err=0 crc_err_total=0 rate1=512 rate2=512 prod1=512 prod2=512 dac_err=0 tx_drop=43203 hb_ms=0 sma_state=6 m7_us=231533414 m4_us=229338969 vdd=5.067 offset=0.5000 aref=3.145 loop_us_avg=94 loop_us_max=5408 loop_hz=10638 cycle_log_ms=1 n_cycle=4 cc=1 cc_hz=1025 cc_i_tgt=0.1000 cc_u=0.5137 cc_r=4.9018 cc_tau_ms=7.00
[  80.984] [ADC1
[  81.613] [STATUS] t_ms=225453 hwm=5 cap=256 dropped=0 dropped_total=2320 crc_err=0 crc_err_total=0 rate1=512 rate2=512 prod1=512 prod2=512 dac_err=0 tx_drop=43203 hb_ms=0 sma_state=6 m7_us=232565100 m4_us=230370668 vdd=5.067 offset=0.5000 aref=3.145 loop_us_avg=92 loop_us_max=5396 loop_hz=10869 cycle_log_ms=1 n_cycle=4 cc=1 cc_hz=1025 cc_i_tgt=0.1000 cc_u=0.5087 cc_r=4.8744 cc_tau_ms=7.00
[  81.993] [ADC1] STATUS alarm(s
[  82.622] [STATUS] t_ms=226453 hwm=5 cap=256 dropped=0 dropped_total=2320 crc_err=0 crc_err_total=0 rate1=512 rate2=512 prod1=512 prod2=512 dac_err=0 tx_drop=43203 hb_ms=0 sma_state=6 m7_us=233596780 m4_us=231402348 vdd=5.067 offset=0.5000 aref=3.145 loop_us_avg=94 loop_us_max=5398 loop_hz=10638 cycle_log_ms=1 n_cycle=4 cc=1 cc_hz=1025 cc_i_tgt=0.1000 cc_u=0.5000 cc_r=4.9171 cc_tau_ms=7.00
[  83.694] [STATUS] t_ms=227453 hwm=5 cap=256 dropped=0 dropped_total=2320 crc_err=0 crc_err_total=0 rate1=512 rate2=512 prod1=512 prod2=512 dac_err=0 tx_drop=43203 hb_ms=0 sma_state=6 m7_us=234628460 m4_us=232434028 vdd=5.067 offset=0.5000 aref=3.145 loop_us_avg=92 loop_us_max=5400 loop_hz=10869 cycle_log_ms=1 n_cycle=4 cc=1 cc_hz=1025 cc_i_tgt=0.1000 cc_u=0.5138 cc_r=4.8993 cc_tau_ms=7.00
[  84.704] [STATUS] t_ms=228453 hwm=5 cap=256 dropped=0 dropped_total=2320 crc_err=0 crc_err_total=0 rate1=512 rate2=512 prod1=512 prod2=512 dac_err=0 tx_drop=43203 hb_ms=0 sma_state=6 m7_us=235660170 m4_us=233465733 vdd=5.067 offset=0.5000 aref=3.145 loop_us_avg=93 loop_us_max=5405 loop_hz=10752 cycle_log_ms=1 n_cycle=4 cc=1 cc_hz=1025 cc_i_tgt=0.1000 cc_u=0.5000 cc_r=4.8854 cc_tau_ms=7.00
[  85.713] [STATUS] t_ms=229453 hwm=5 cap=256 dropped=0 dropped_total=2320 crc_err=0 crc_err_total=0 rate1=512 rate2=512 prod1=512 prod2=512 dac_err=0 tx_drop=43203 hb_ms=0 sma_state=6 m7_us=236691882 m4_us=234497439 vdd=5.067 offset=0.5000 aref=3.145 loop_us_avg=92 loop_us_max=5401 loop_hz=10869 cycle_log_ms=1 n_cycle=4 cc=1 cc_hz=1025 cc_i_tgt=0.1000 cc_u=0.6373 cc_r=5.6230 cc_tau_ms=7.00
[  86.786] [STATUS] t_ms=230453 hwm=5 cap=256 dropped=0 dropped_total=2320 crc_err=0 crc_err_total=0 rate1=512 rate2=512 prod1=512 prod2=512 dac_err=0 tx_drop=43203 hb_ms=0 sma_state=6 m7_us=237723580 m4_us=235529141 vdd=5.067 offset=0.5000 aref=3.145 loop_us_avg=94 loop_us_max=5412 loop_hz=10638 cycle_log_ms=1 n_cycle=4 cc=1 cc_hz=1025 cc_i_tgt=0.1000 cc_u=0.5006 cc_r=4.9144 cc_tau_ms=7.00
[  87.795] [STATUS] t_ms=231453 hwm=5 cap=256 dropped=0 dropped_total=2320 crc_err=0 crc_err_total=0 rate1=512 rate2=512 prod1=512 prod2=512 dac_err=0 tx_drop=43203 hb_ms=0 sma_state=6 m7_us=238755309 m4_us=236560879 vdd=5.067 offset=0.5000 aref=3.145 loop_us_avg=92 loop_us_max=5405 loop_hz=10869 cycle_log_ms=1 n_cycle=4 cc=1 cc_hz=1025 cc_i_tgt=0.1000 cc_u=0.5000 cc_r=4.9206 cc_tau_ms=7.00
[  87.982] [ADC1] STAT
[  88.809] [STATUS] t_ms=232453 hwm=5 cap=256 dropped=0 dropped_total=2320 crc_err=0 crc_err_total=0 rate1=512 rate2=512 prod1=512 prod2=512 dac_err=0 tx_drop=43203 hb_ms=0 sma_state=6 m7_us=239787044 m4_us=237592613 vdd=5.067 offset=0.5000 aref=3.145 loop_us_avg=91 loop_us_max=5404 loop_hz=10989 cycle_log_ms=1 n_cycle=4 cc=1 cc_hz=1025 cc_i_tgt=0.1000 cc_u=0.5000 cc_r=4.8826 cc_tau_ms=7.00
[  89.849] [STATUS] t_ms=233453 hwm=5 cap=256 dropped=0 dropped_total=2320 crc_err=0 crc_err_total=0 rate1=512 rate2=512 prod1=512 prod2=512 dac_err=0 tx_drop=43203 hb_ms=0 sma_state=6 m7_us=240818772 m4_us=238624338 vdd=5.067 offset=0.5000 aref=3.145 loop_us_avg=92 loop_us_max=5441 loop_hz=10869 cycle_log_ms=1 n_cycle=4 cc=1 cc_hz=1025 cc_i_tgt=0.1000 cc_u=0.5000 cc_r=4.8814 cc_tau_ms=7.00
[  90.915] [STATUS] t_ms=234453 hwm=5 cap=256 dropped=0 dropped_total=2320 crc_err=0 crc_err_total=0 rate1=512 rate2=512 prod1=512 prod2=512 dac_err=0 tx_drop=43203 hb_ms=0 sma_state=6 m7_us=241850485 m4_us=239656050 vdd=5.067 offset=0.5000 aref=3.145 loop_us_avg=94 loop_us_max=5403 loop_hz=10638 cycle_log_ms=1 n_cycle=4 cc=1 cc_hz=1025 cc_i_tgt=0.1000 cc_u=0.5091 cc_r=4.8778 cc_tau_ms=7.00
[  91.923] [STATUS] t_ms=235453 hwm=5 cap=256 dropped=0 dropped_total=2320 crc_err=0 crc_err_total=0 rate1=512 rate2=512 prod1=512 prod2=512 dac_err=0 tx_drop=43203 hb_ms=0 sma_state=6 m7_us=242882238 m4_us=240687788 vdd=5.067 offset=0.5000 aref=3.145 loop_us_avg=93 loop_us_max=5425 loop_hz=10752 cycle_log_ms=1 n_cycle=4 cc=1 cc_hz=1025 cc_i_tgt=0.1000 cc_u=0.5000 cc_r=4.8415 cc_tau_ms=7.00
[  92.927] [STATUS] t_ms=236453 hwm=5 cap=256 dropped=0 dropped_total=2320 crc_err=0 crc_err_total=0 rate1=512 rate2=512 prod1=512 prod2=512 dac_err=0 tx_drop=43203 hb_ms=0 sma_state=6 m7_us=243913938 m4_us=241719506 vdd=5.067 offset=0.5000 aref=3.145 loop_us_avg=92 loop_us_max=5396 loop_hz=10869 cycle_log_ms=1 n_cycle=4 cc=1 cc_hz=1025 cc_i_tgt=0.1000 cc_u=0.5000 cc_r=4.8871 cc_tau_ms=7.00
[  93.055] [ADC1]
[  93.497] [SMA] [ACT] -> idle (done) after 6 cycle(s); still armed
