[   0.063] [SMA] ARMED (MOSFET on); idle=0.500 V
[   0.064] L_ALM
[   0.064] [ADC1] STATUS alarm(s): 0x49 PGA
[   0.064] [STATUS] t_ms=931892 hwm=71 cap=256 dropped=0 dropped_total=15795 crc_err=0 crc_err_total=0 rate1=507 rate2=507 prod1=511 prod2=512 dac_err=0 tx_drop=43203 hb_ms=0 sma_state=0 m7_us=961446698 m4_us=959242985 vdd=5.067 offset=0.5000 aref=3.145 loop_us_avg=23 loop_us_max=72343 loop_hz=43478 cycle_log_ms=1 n_cycle=4 cc=0 cc_hz=0 cc_i_tgt=0.1000 cc_u=0.5118 cc_r=4.9471 cc_tau_ms=7.00
[   1.010] L_ALM
[   1.010] [ADC1] STATUS
[   1.010] alarm(s): 0x49
[   1.010] PGA
[   1.074] [STATUS] t_ms=932892 hwm=13 cap=256 dropped=0 dropped_total=15795 crc_err=0 crc_err_total=0 rate1=517 rate2=516 prod1=513 prod2=512 dac_err=0 tx_drop=43203 hb_ms=0 sma_state=0 m7_us=962478929 m4_us=960284978 vdd=5.067 offset=0.5000 aref=3.145 loop_us_avg=22 loop_us_max=6643 loop_hz=45454 cycle_log_ms=1 n_cycle=4 cc=0 cc_hz=0 cc_i_tgt=0.1000 cc_u=0.5118 cc_r=4.9471 cc_tau_ms=7.00
[   2.020] L_ALM
[   2.020] [ADC1] STATUS al
[   2.020] arm(s): 0x49 PGA
[   0.062] [SMA] [CC] start i_high=650.0mA i_low=100.0mA t_high=400 t_idle=25000 n=6 (0=cont) tau_ms=7.0 wdt_ms=5000
[   0.062] [SMA] [ACT] heat n=1/6 I=650.0mA ms=400
[   0.062] [STATUS] t_ms=933892 hwm=4 cap=256 dropped=0 dropped_total=15795 crc_err=0 crc_err_total=0 rate1=511 rate2=512 prod1=511 prod2=512 dac_err=0 tx_drop=43203 hb_ms=0 sma_state=5 m7_us=963510552 m4_us=961315939 vdd=5.067 offset=0.5000 aref=3.145 loop_us_avg=23 loop_us_max=4708 loop_hz=43478 cycle_log_ms=1 n_cycle=4 cc=1 cc_hz=41 cc_i_tgt=0.6500 cc_u=0.6774 cc_r=0.0000 cc_tau_ms=7.00
[   0.438] [SMA] [ACT] cool n=1/6 I=100.0mA ms=25000
[   1.008] L_ALM
[   1.008] [ADC1] STATUS alarm(s): 0x49 PGA
[   1.133] [STATUS] t_ms=934892 hwm=6 cap=256 dropped=0 dropped_total=15795 crc_err=0 crc_err_total=0 rate1=512 rate2=512 prod1=512 prod2=512 dac_err=0 tx_drop=43203 hb_ms=0 sma_state=6 m7_us=964542480 m4_us=962347862 vdd=5.067 offset=0.5000 aref=3.145 loop_us_avg=88 loop_us_max=5338 loop_hz=11363 cycle_log_ms=1 n_cycle=4 cc=1 cc_hz=1026 cc_i_tgt=0.1000 cc_u=0.8513 cc_r=0.0000 cc_tau_ms=7.00
[   2.017] L_ALM
[   2.017] [ADC1] S
[   2.017] TATUS alarm(s): 0x9 PGA
[   2.144] [STATUS] t_ms=935892 hwm=6 cap=256 dropped=0 dropped_total=15795 crc_err=0 crc_err_total=0 rate1=512 rate2=512 prod1=512 prod2=512 dac_err=0 tx_drop=43203 hb_ms=0 sma_state=6 m7_us=965573807 m4_us=963379690 vdd=5.067 offset=0.5000 aref=3.145 loop_us_avg=93 loop_us_max=5329 loop_hz=10752 cycle_log_ms=1 n_cycle=4 cc=1 cc_hz=1026 cc_i_tgt=0.1000 cc_u=0.5000 cc_r=6.0402 cc_tau_ms=7.00
[   3.025] L_ALM
[   3.025] [ADC1] STATUS alarm(s): 0x89 PGA
[   3.149] [STATUS] t_ms=936892 hwm=5 cap=256 dropped=0 dropped_total=15795 crc_err=0 crc_err_total=0 rate1=512 rate2=512 prod1=512 prod2=512 dac_err=0 tx_drop=43203 hb_ms=0 sma_state=6 m7_us=966606136 m4_us=964411485 vdd=5.067 offset=0.5000 aref=3.145 loop_us_avg=94 loop_us_max=5416 loop_hz=10638 cycle_log_ms=1 n_cycle=4 cc=1 cc_hz=1026 cc_i_tgt=0.1000 cc_u=0.5161 cc_r=4.9104 cc_tau_ms=7.00
[   4.033] L_ALM
[   4.033] [ADC1] STATUS alarm(s): 0xC9 PGA
[   4.221] [STATUS] t_ms=937892 hwm=6 cap=256 dropped=0 dropped_total=15795 crc_err=0 crc_err_total=0 rate1=512 rate2=512 prod1=512 prod2=512 dac_err=0 tx_drop=43203 hb_ms=0 sma_state=6 m7_us=967637317 m4_us=965443286 vdd=5.067 offset=0.5000 aref=3.145 loop_us_avg=93 loop_us_max=5346 loop_hz=10752 cycle_log_ms=1 n_cycle=4 cc=1 cc_hz=1026 cc_i_tgt=0.1000 cc_u=0.5000 cc_r=4.9103 cc_tau_ms=7.00
[   5.041] L_ALM
[   5.041] [ADC1] STATUS alarm(s)
[   5.041] : 0xC9 PGA
[   5.231] [STATUS] t_ms=938892 hwm=5 cap=256 dropped=0 dropped_total=15795 crc_err=0 crc_err_total=0 rate1=512 rate2=512 prod1=512 prod2=512 dac_err=0 tx_drop=43203 hb_ms=0 sma_state=6 m7_us=968669738 m4_us=966475066 vdd=5.067 offset=0.5000 aref=3.145 loop_us_avg=92 loop_us_max=5338 loop_hz=10869 cycle_log_ms=1 n_cycle=4 cc=1 cc_hz=1026 cc_i_tgt=0.1000 cc_u=0.5000 cc_r=4.8278 cc_tau_ms=7.00
[   6.055] L_ALM
[   6.055] [ADC1] STATUS alarm(s): 0xC9 PGA
[   6.245] [STATUS] t_ms=939892 hwm=6 cap=256 dropped=0 dropped_total=15795 crc_err=0 crc_err_total=0 rate1=512 rate2=512 prod1=512 prod2=512 dac_err=0 tx_drop=43203 hb_ms=0 sma_state=6 m7_us=969700909 m4_us=967506880 vdd=5.067 offset=0.5000 aref=3.145 loop_us_avg=94 loop_us_max=5370 loop_hz=10638 cycle_log_ms=1 n_cycle=4 cc=1 cc_hz=1026 cc_i_tgt=0.1000 cc_u=0.5000 cc_r=4.8711 cc_tau_ms=7.00
[   7.063] L_ALM
[   7.063] [ADC1] STATUS alarm(s): 0x49 PGA
[   7.316] [STATUS] t_ms=940892 hwm=5 cap=256 dropped=0 dropped_total=15795 crc_err=0 crc_err_total=0 rate1=512 rate2=512 prod1=512 prod2=512 dac_err=0 tx_drop=43203 hb_ms=0 sma_state=6 m7_us=970733353 m4_us=968538698 vdd=5.067 offset=0.5000 aref=3.145 loop_us_avg=93 loop_us_max=5328 loop_hz=10752 cycle_log_ms=1 n_cycle=4 cc=1 cc_hz=1026 cc_i_tgt=0.1000 cc_u=0.5027 cc_r=4.9112 cc_tau_ms=7.00
[   8.076] L_ALM
[   8.076] [ADC1] STATUS alarm(s): 0x49 PGA
[   8.330] [STATUS] t_ms=941892 hwm=6 cap=256 dropped=0 dropped_total=15795 crc_err=0 crc_err_total=0 rate1=512 rate2=512 prod1=512 prod2=512 dac_err=0 tx_drop=43203 hb_ms=0 sma_state=6 m7_us=971764475 m4_us=969570448 vdd=5.067 offset=0.5000 aref=3.145 loop_us_avg=94 loop_us_max=5374 loop_hz=10638 cycle_log_ms=1 n_cycle=4 cc=1 cc_hz=1026 cc_i_tgt=0.1000 cc_u=0.5035 cc_r=4.8358 cc_tau_ms=7.00
[   9.089] L_AL
[   9.089] M
[   9.089] [ADC1] STATUS alarm(s): 0x49 PGA
[   9.343] [STATUS] t_ms=942892 hwm=5 cap=256 dropped=0 dropped_total=15795 crc_err=0 crc_err_total=0 rate1=512 rate2=512 prod1=512 prod2=512 dac_err=0 tx_drop=43203 hb_ms=0 sma_state=6 m7_us=972796891 m4_us=970602227 vdd=5.067 offset=0.5000 aref=3.145 loop_us_avg=92 loop_us_max=5338 loop_hz=10869 cycle_log_ms=1 n_cycle=4 cc=1 cc_hz=1026 cc_i_tgt=0.1000 cc_u=0.5000 cc_r=4.8726 cc_tau_ms=7.00
[  10.102] L_ALM
[  10.102] [ADC1] STATUS alarm(s): 0x49 PGA
[  10.419] [STATUS] t_ms=943892 hwm=6 cap=256 dropped=0 dropped_total=15795 crc_err=0 crc_err_total=0 rate1=512 rate2=512 prod1=512 prod2=512 dac_err=0 tx_drop=43203 hb_ms=0 sma_state=6 m7_us=973827991 m4_us=971633974 vdd=5.067 offset=0.5000 aref=3.145 loop_us_avg=94 loop_us_max=5365 loop_hz=10638 cycle_log_ms=1 n_cycle=4 cc=1 cc_hz=1026 cc_i_tgt=0.1000 cc_u=0.5000 cc_r=4.8972 cc_tau_ms=7.00
[  11.050] L_ALM
[  11.050] [ADC1] STATUS alarm(s): 0x9 PGA
[  11.426] [STATUS] t_ms=944892 hwm=5 cap=256 dropped=0 dropped_total=15795 crc_err=0 crc_err_total=0 rate1=512 rate2=512 prod1=512 prod2=512 dac_err=0 tx_drop=43203 hb_ms=0 sma_state=6 m7_us=974860378 m4_us=972665725 vdd=5.067 offset=0.5000 aref=3.145 loop_us_avg=92 loop_us_max=5333 loop_hz=10869 cycle_log_ms=1 n_cycle=4 cc=1 cc_hz=1026 cc_i_tgt=0.1000 cc_u=0.5000 cc_r=4.9114 cc_tau_ms=7.00
[  12.119] L_ALM
[  12.119] [ADC1] STATUS alarm(s): 0x89 PGA
[  12.435] [STATUS] t_ms=945892 hwm=6 cap=256 dropped=0 dropped_total=15795 crc_err=0 crc_err_total=0 rate1=512 rate2=512 prod1=512 prod2=512 dac_err=0 tx_drop=43203 hb_ms=0 sma_state=6 m7_us=975891539 m4_us=973697510 vdd=5.067 offset=0.5000 aref=3.145 loop_us_avg=93 loop_us_max=5358 loop_hz=10752 cycle_log_ms=1 n_cycle=4 cc=1 cc_hz=1026 cc_i_tgt=0.1000 cc_u=0.5159 cc_r=4.9251 cc_tau_ms=7.00
[  13.124] L_ALM
[  13.124] [ADC1] STATUS alarm(s): 0xC9 PGA
[  13.498] [STATUS] t_ms=946892 hwm=5 cap=256 dropped=0 dropped_total=15795 crc_err=0 crc_err_total=0 rate1=512 rate2=512 prod1=512 prod2=512 dac_err=0 tx_drop=43203 hb_ms=0 sma_state=6 m7_us=976923898 m4_us=974729245 vdd=5.067 offset=0.5000 aref=3.145 loop_us_avg=93 loop_us_max=5326 loop_hz=10752 cycle_log_ms=1 n_cycle=4 cc=1 cc_hz=1026 cc_i_tgt=0.1000 cc_u=0.5000 cc_r=4.8367 cc_tau_ms=7.00
[  14.130] L_ALM
[  14.130] [ADC1] STATUS alarm(s): 0xC9 PGA
[  14.511] [STATUS] t_ms=947892 hwm=6 cap=256 dropped=0 dropped_total=15795 crc_err=0 crc_err_total=0 rate1=512 rate2=512 prod1=512 prod2=512 dac_err=0 tx_drop=43203 hb_ms=0 sma_state=6 m7_us=977955019 m4_us=975760992 vdd=5.067 offset=0.5000 aref=3.145 loop_us_avg=94 loop_us_max=5364 loop_hz=10638 cycle_log_ms=1 n_cycle=4 cc=1 cc_hz=1026 cc_i_tgt=0.1000 cc_u=0.5005 cc_r=4.8244 cc_tau_ms=7.00
[  15.080] L_ALM
[  15.080] [ADC1] STATUS al
[  15.080] arm(s): 0x49 PGA
[  15.585] [STATUS] t_ms=948892 hwm=5 cap=256 dropped=0 dropped_total=15795 crc_err=0 crc_err_total=0 rate1=512 rate2=512 prod1=512 prod2=512 dac_err=0 tx_drop=43203 hb_ms=0 sma_state=6 m7_us=978987427 m4_us=976792755 vdd=5.067 offset=0.5000 aref=3.145 loop_us_avg=92 loop_us_max=5332 loop_hz=10869 cycle_log_ms=1 n_cycle=4 cc=1 cc_hz=1026 cc_i_tgt=0.1000 cc_u=0.5000 cc_r=4.9008 cc_tau_ms=7.00
[  16.093] L_ALM
[  16.093] [ADC1] STATUS alarm(s): 0x49 PGA
[  16.597] [STATUS] t_ms=949892 hwm=6 cap=256 dropped=0 dropped_total=15795 crc_err=0 crc_err_total=0 rate1=512 rate2=512 prod1=512 prod2=512 dac_err=0 tx_drop=43203 hb_ms=0 sma_state=6 m7_us=980018537 m4_us=977824528 vdd=5.067 offset=0.5000 aref=3.145 loop_us_avg=94 loop_us_max=5369 loop_hz=10638 cycle_log_ms=1 n_cycle=4 cc=1 cc_hz=1026 cc_i_tgt=0.1000 cc_u=0.5000 cc_r=4.9125 cc_tau_ms=7.00
[  17.104] L_ALM
[  17.104] [ADC1] STATUS alarm(s): 0x49 PGA
[  17.607] [STATUS] t_ms=950892 hwm=5 cap=256 dropped=0 dropped_total=15795 crc_err=0 crc_err_total=0 rate1=512 rate2=512 prod1=512 prod2=512 dac_err=0 tx_drop=43203 hb_ms=0 sma_state=6 m7_us=981050975 m4_us=978856323 vdd=5.067 offset=0.5000 aref=3.145 loop_us_avg=93 loop_us_max=5334 loop_hz=10752 cycle_log_ms=1 n_cycle=4 cc=1 cc_hz=1026 cc_i_tgt=0.1000 cc_u=0.5093 cc_r=4.9528 cc_tau_ms=7.00
[  18.256] L_ALM
[  18.256] [ADC1] STATUS alarm(s): 0x49 PGA
[  18.633] [STATUS] t_ms=951892 hwm=218 cap=256 dropped=0 dropped_total=15795 crc_err=0 crc_err_total=0 rate1=511 rate2=510 prod1=512 prod2=512 dac_err=0 tx_drop=43203 hb_ms=0 sma_state=6 m7_us=982082217 m4_us=979888032 vdd=5.067 offset=0.5000 aref=3.145 loop_us_avg=119 loop_us_max=219945 loop_hz=8403 cycle_log_ms=1 n_cycle=4 cc=1 cc_hz=803 cc_i_tgt=0.1000 cc_u=0.5000 cc_r=4.8707 cc_tau_ms=7.00
[  19.141] L_ALM
[  19.141] [ADC
[  19.141] 1] STATUS alarm(s
[  19.141] ): 0x9 PGA
[  19.707] [STATUS] t_ms=952892 hwm=5 cap=256 dropped=0 dropped_total=15795 crc_err=0 crc_err_total=0 rate1=512 rate2=512 prod1=512 prod2=512 dac_err=0 tx_drop=43203 hb_ms=0 sma_state=6 m7_us=983113805 m4_us=980919789 vdd=5.067 offset=0.5000 aref=3.145 loop_us_avg=93 loop_us_max=5428 loop_hz=10752 cycle_log_ms=1 n_cycle=4 cc=1 cc_hz=1025 cc_i_tgt=0.1000 cc_u=0.5122 cc_r=4.9094 cc_tau_ms=7.00
[  20.152] L_ALM
[  20.152] [ADC1] STATUS alarm(s): 0xC9 PGA
[  20.723] [STATUS] t_ms=953892 hwm=5 cap=256 dropped=0 dropped_total=15795 crc_err=0 crc_err_total=0 rate1=512 rate2=512 prod1=512 prod2=512 dac_err=0 tx_drop=43203 hb_ms=0 sma_state=6 m7_us=984146231 m4_us=981951590 vdd=5.067 offset=0.5000 aref=3.145 loop_us_avg=93 loop_us_max=5332 loop_hz=10752 cycle_log_ms=1 n_cycle=4 cc=1 cc_hz=1026 cc_i_tgt=0.1000 cc_u=0.5032 cc_r=4.9339 cc_tau_ms=7.00
[  21.168] L_ALM
[  21.168] [ADC1] STATUS alarm(s): 0xC9 PGA
[  21.731] [STATUS] t_ms=954892 hwm=6 cap=256 dropped=0 dropped_total=15795 crc_err=0 crc_err_total=0 rate1=512 rate2=512 prod1=512 prod2=512 dac_err=0 tx_drop=43203 hb_ms=0 sma_state=6 m7_us=985177423 m4_us=982983398 vdd=5.067 offset=0.5000 aref=3.145 loop_us_avg=93 loop_us_max=5416 loop_hz=10752 cycle_log_ms=1 n_cycle=4 cc=1 cc_hz=1026 cc_i_tgt=0.1000 cc_u=0.5930 cc_r=5.3768 cc_tau_ms=7.00
[  22.171] L_ALM
[  22.171] [A
[  22.171] DC1] STATUS alarm(s
[  22.171] ): 0xC9 PGA
[  22.800] [STATUS] t_ms=955892 hwm=5 cap=256 dropped=0 dropped_total=15795 crc_err=0 crc_err_total=0 rate1=512 rate2=512 prod1=512 prod2=512 dac_err=0 tx_drop=43203 hb_ms=0 sma_state=6 m7_us=986209446 m4_us=984015213 vdd=5.067 offset=0.5000 aref=3.145 loop_us_avg=92 loop_us_max=5336 loop_hz=10869 cycle_log_ms=1 n_cycle=4 cc=1 cc_hz=1027 cc_i_tgt=0.1000 cc_u=0.5000 cc_r=4.9342 cc_tau_ms=7.00
[  23.183] L_ALM
[  23.183] [ADC1] STATUS alarm(s): 0x49 PGA
[  23.812] [STATUS] t_ms=956892 hwm=5 cap=256 dropped=0 dropped_total=15795 crc_err=0 crc_err_total=0 rate1=512 rate2=512 prod1=512 prod2=512 dac_err=0 tx_drop=43203 hb_ms=0 sma_state=6 m7_us=987241684 m4_us=985047030 vdd=5.067 offset=0.5000 aref=3.145 loop_us_avg=94 loop_us_max=5426 loop_hz=10638 cycle_log_ms=1 n_cycle=4 cc=1 cc_hz=1026 cc_i_tgt=0.1000 cc_u=0.5000 cc_r=4.8821 cc_tau_ms=7.00
[  24.192] L_AL
[  24.192] M
[  24.192] [ADC1] STATUS
[  24.192] alarm(s): 0x49 PGA
[  24.823] [STATUS] t_ms=957892 hwm=6 cap=256 dropped=0 dropped_total=15795 crc_err=0 crc_err_total=0 rate1=512 rate2=512 prod1=512 prod2=512 dac_err=0 tx_drop=43203 hb_ms=0 sma_state=6 m7_us=988272870 m4_us=986078858 vdd=5.067 offset=0.5000 aref=3.145 loop_us_avg=94 loop_us_max=5401 loop_hz=10638 cycle_log_ms=1 n_cycle=4 cc=1 cc_hz=1026 cc_i_tgt=0.1000 cc_u=0.5000 cc_r=4.8743 cc_tau_ms=7.00
[  25.198] L_ALM
[  25.198] [ADC1] STATUS alarm(s): 0x49 PGA
[  25.894] [STATUS] t_ms=958892 hwm=5 cap=256 dropped=0 dropped_total=15795 crc_err=0 crc_err_total=0 rate1=512 rate2=512 prod1=512 prod2=512 dac_err=0 tx_drop=43203 hb_ms=0 sma_state=6 m7_us=989304883 m4_us=987110691 vdd=5.067 offset=0.5000 aref=3.145 loop_us_avg=93 loop_us_max=5324 loop_hz=10752 cycle_log_ms=1 n_cycle=4 cc=1 cc_hz=1027 cc_i_tgt=0.1000 cc_u=0.5000 cc_r=4.9315 cc_tau_ms=7.00
[  26.209] L_ALM
[  26.209] [ADC1] STATUS alarm(s): 0x49 PGA
[  26.272] [SMA] [ACT] heat n=2/6 I=650.0mA ms=400
[  26.653] [SMA] [ACT] cool n=2/6 I=100.0mA ms=25000
[  26.906] [STATUS] t_ms=959892 hwm=5 cap=256 dropped=0 dropped_total=15795 crc_err=0 crc_err_total=0 rate1=512 rate2=512 prod1=512 prod2=512 dac_err=0 tx_drop=43203 hb_ms=0 sma_state=6 m7_us=990337185 m4_us=988142534 vdd=5.067 offset=0.5000 aref=3.145 loop_us_avg=94 loop_us_max=5393 loop_hz=10638 cycle_log_ms=1 n_cycle=4 cc=1 cc_hz=1024 cc_i_tgt=0.1000 cc_u=0.5000 cc_r=4.7705 cc_tau_ms=7.00
[  27.223] L_ALM
[  27.223] [ADC1] STATUS alarm(s): 0x49 PGA
[  27.916] [STATUS] t_ms=960892 hwm=6 cap=256 dropped=0 dropped_total=15795 crc_err=0 crc_err_total=0 rate1=512 rate2=512 prod1=512 prod2=512 dac_err=0 tx_drop=43203 hb_ms=0 sma_state=6 m7_us=991368360 m4_us=989174346 vdd=5.067 offset=0.5000 aref=3.145 loop_us_avg=92 loop_us_max=5347 loop_hz=10869 cycle_log_ms=1 n_cycle=4 cc=1 cc_hz=1026 cc_i_tgt=0.1000 cc_u=0.5000 cc_r=4.8335 cc_tau_ms=7.00
[  28.231] L_ALM
[  28.231] [ADC1
[  28.231] ] STATUS alarm(s
[  28.231] ): 0x9 PGA
[  28.986] [STATUS] t_ms=961892 hwm=5 cap=256 dropped=0 dropped_total=15795 crc_err=0 crc_err_total=0 rate1=512 rate2=512 prod1=512 prod2=512 dac_err=0 tx_drop=43203 hb_ms=0 sma_state=6 m7_us=992400742 m4_us=990206112 vdd=5.067 offset=0.5000 aref=3.145 loop_us_avg=93 loop_us_max=5336 loop_hz=10752 cycle_log_ms=1 n_cycle=4 cc=1 cc_hz=1026 cc_i_tgt=0.1000 cc_u=0.5008 cc_r=5.2382 cc_tau_ms=7.00
[  29.241] L_ALM
[  29.241] [
[  29.241] ADC1] STATUS alarm(s): 0xC9 PGA
[  29.999] [STATUS] t_ms=962892 hwm=6 cap=256 dropped=0 dropped_total=15795 crc_err=0 crc_err_total=0 rate1=512 rate2=512 prod1=512 prod2=512 dac_err=0 tx_drop=43203 hb_ms=0 sma_state=6 m7_us=993431897 m4_us=991237875 vdd=5.067 offset=0.5000 aref=3.145 loop_us_avg=94 loop_us_max=5409 loop_hz=10638 cycle_log_ms=1 n_cycle=4 cc=1 cc_hz=1026 cc_i_tgt=0.1000 cc_u=0.5908 cc_r=5.8889 cc_tau_ms=7.00
[  30.251] L_ALM
[  30.251] [ADC1] STATUS alarm(s): 0xC9 PGA
[  31.012] [STATUS] t_ms=963892 hwm=5 cap=256 dropped=0 dropped_total=15795 crc_err=0 crc_err_total=0 rate1=512 rate2=512 prod1=512 prod2=512 dac_err=0 tx_drop=43203 hb_ms=0 sma_state=6 m7_us=994464276 m4_us=992269610 vdd=5.067 offset=0.5000 aref=3.145 loop_us_avg=93 loop_us_max=5326 loop_hz=10752 cycle_log_ms=1 n_cycle=4 cc=1 cc_hz=1026 cc_i_tgt=0.1000 cc_u=0.5068 cc_r=5.6686 cc_tau_ms=7.00
[  31.202] L_ALM
[  31.202] [ADC1] STATUS alarm(s): 0x49 PGA
[  32.092] [STATUS] t_ms=964892 hwm=6 cap=256 dropped=0 dropped_total=15795 crc_err=0 crc_err_total=0 rate1=512 rate2=512 prod1=512 prod2=512 dac_err=0 tx_drop=43203 hb_ms=0 sma_state=6 m7_us=995495373 m4_us=993301334 vdd=5.067 offset=0.5000 aref=3.145 loop_us_avg=94 loop_us_max=5354 loop_hz=10638 cycle_log_ms=1 n_cycle=4 cc=1 cc_hz=1026 cc_i_tgt=0.1000 cc_u=0.6088 cc_r=5.3703 cc_tau_ms=7.00
[  32.219] L_ALM
[  32.219] [ADC1] STATUS alarm
[  32.219] (s): 0x49 PGA
[  33.101] [STATUS] t_ms=965892 hwm=5 cap=256 dropped=0 dropped_total=15795 crc_err=0 crc_err_total=0 rate1=512 rate2=512 prod1=512 prod2=512 dac_err=0 tx_drop=43203 hb_ms=0 sma_state=6 m7_us=996527751 m4_us=994333078 vdd=5.067 offset=0.5000 aref=3.145 loop_us_avg=93 loop_us_max=5463 loop_hz=10752 cycle_log_ms=1 n_cycle=4 cc=1 cc_hz=1026 cc_i_tgt=0.1000 cc_u=0.5955 cc_r=5.9787 cc_tau_ms=7.00
[  33.228] L_ALM
[  33.228] [ADC1] STATUS alarm(s): 0x49 PGA
[  34.107] [STATUS] t_ms=966892 hwm=6 cap=256 dropped=0 dropped_total=15795 crc_err=0 crc_err_total=0 rate1=512 rate2=512 prod1=512 prod2=512 dac_err=0 tx_drop=43203 hb_ms=0 sma_state=6 m7_us=997558827 m4_us=995364816 vdd=5.067 offset=0.5000 aref=3.145 loop_us_avg=93 loop_us_max=5354 loop_hz=10752 cycle_log_ms=1 n_cycle=4 cc=1 cc_hz=1026 cc_i_tgt=0.1000 cc_u=0.5000 cc_r=4.9227 cc_tau_ms=7.00
[  34.233] L_ALM
[  34.233] [ADC1] STATUS alarm(s): 0x9 PGA
[  35.183] [STATUS] t_ms=967892 hwm=5 cap=256 dropped=0 dropped_total=15795 crc_err=0 crc_err_total=0 rate1=512 rate2=512 prod1=512 prod2=512 dac_err=0 tx_drop=43203 hb_ms=0 sma_state=6 m7_us=998591151 m4_us=996396544 vdd=5.067 offset=0.5000 aref=3.145 loop_us_avg=93 loop_us_max=5395 loop_hz=10752 cycle_log_ms=1 n_cycle=4 cc=1 cc_hz=1026 cc_i_tgt=0.1000 cc_u=0.5241 cc_r=4.9690 cc_tau_ms=7.00
[  35.246] L_ALM
[  35.246] [ADC1] STATUS alarm(s): 0x89 PGA
[  36.190] [STATUS] t_ms=968892 hwm=6 cap=256 dropped=0 dropped_total=15795 crc_err=0 crc_err_total=0 rate1=512 rate2=512 prod1=512 prod2=512 dac_err=0 tx_drop=43203 hb_ms=0 sma_state=6 m7_us=999622295 m4_us=997428272 vdd=5.067 offset=0.5000 aref=3.145 loop_us_avg=94 loop_us_max=5359 loop_hz=10638 cycle_log_ms=1 n_cycle=4 cc=1 cc_hz=1026 cc_i_tgt=0.1000 cc_u=0.6571 cc_r=6.3804 cc_tau_ms=7.00
[  36.254] L_AL
[  36.254] M
[  36.254] [ADC1] STATUS alarm(s): 0xC9 PGA
[  37.204] [STATUS] t_ms=969892 hwm=5 cap=256 dropped=0 dropped_total=15795 crc_err=0 crc_err_total=0 rate1=512 rate2=512 prod1=512 prod2=512 dac_err=0 tx_drop=43203 hb_ms=0 sma_state=6 m7_us=1000654104 m4_us=998459990 vdd=5.067 offset=0.5000 aref=3.145 loop_us_avg=94 loop_us_max=5621 loop_hz=10638 cycle_log_ms=1 n_cycle=4 cc=1 cc_hz=1025 cc_i_tgt=0.1000 cc_u=0.5000 cc_r=4.9352 cc_tau_ms=7.00
[  37.268] L_ALM
[  37.268] [ADC1] STATUS alarm(s): 0xC9 PGA
[  38.278] [STATUS] t_ms=970892 hwm=5 cap=256 dropped=0 dropped_total=15795 crc_err=0 crc_err_total=0 rate1=512 rate2=512 prod1=512 prod2=512 dac_err=0 tx_drop=43203 hb_ms=0 sma_state=6 m7_us=1001686449 m4_us=999491731 vdd=5.067 offset=0.5000 aref=3.145 loop_us_avg=92 loop_us_max=5411 loop_hz=10869 cycle_log_ms=1 n_cycle=4 cc=1 cc_hz=1026 cc_i_tgt=0.1000 cc_u=0.5056 cc_r=4.8952 cc_tau_ms=7.00
[  38.278] L_ALM
[  38.278] [ADC1] STATUS alarm(s): 0x49 PGA
[  39.286] [STATUS] t_ms=971892 hwm=6 cap=256 dropped=0 dropped_total=15795 crc_err=0 crc_err_total=0 rate1=512 rate2=512 prod1=512 prod2=512 dac_err=0 tx_drop=43203 hb_ms=0 sma_state=6 m7_us=1002717573 m4_us=1000523472 vdd=5.067 offset=0.5000 aref=3.145 loop_us_avg=94 loop_us_max=5354 loop_hz=10638 cycle_log_ms=1 n_cycle=4 cc=1 cc_hz=1026 cc_i_tgt=0.1000 cc_u=0.5064 cc_r=4.8816 cc_tau_ms=7.00
[  39.286] L_ALM
[  39.286] [ADC1] STATUS alarm(s): 0x49 PGA
[  40.302] L_ALM
[  40.302] [ADC1] STATUS a
[  40.302] larm(s): 0x49 PGA
[  40.302] [STATUS] t_ms=972892 hwm=5 cap=256 dropped=0 dropped_total=15795 crc_err=0 crc_err_total=0 rate1=512 rate2=512 prod1=512 prod2=512 dac_err=0 tx_drop=43203 hb_ms=0 sma_state=6 m7_us=1003749920 m4_us=1001555213 vdd=5.067 offset=0.5000 aref=3.145 loop_us_avg=94 loop_us_max=5430 loop_hz=10638 cycle_log_ms=1 n_cycle=4 cc=1 cc_hz=1026 cc_i_tgt=0.1000 cc_u=0.5000 cc_r=4.8604 cc_tau_ms=7.00
[  41.308] L_ALM
[  41.308] [ADC1] STATUS alarm(s): 0x9 PGA
[  41.371] [STATUS] t_ms=973892 hwm=6 cap=256 dropped=0 dropped_total=15795 crc_err=0 crc_err_total=0 rate1=512 rate2=512 prod1=512 prod2=512 dac_err=0 tx_drop=43203 hb_ms=0 sma_state=6 m7_us=1004780989 m4_us=1002586973 vdd=5.067 offset=0.5000 aref=3.145 loop_us_avg=93 loop_us_max=5359 loop_hz=10752 cycle_log_ms=1 n_cycle=4 cc=1 cc_hz=1026 cc_i_tgt=0.1000 cc_u=0.5000 cc_r=4.8891 cc_tau_ms=7.00
[  42.320] L_ALM
[  42.320] [ADC1] STATUS alarm(s): 0xC9 PGA
[  42.382] [STATUS] t_ms=974892 hwm=5 cap=256 dropped=0 dropped_total=15795 crc_err=0 crc_err_total=0 rate1=512 rate2=512 prod1=512 prod2=512 dac_err=0 tx_drop=43203 hb_ms=0 sma_state=6 m7_us=1005813350 m4_us=1003618749 vdd=5.067 offset=0.5000 aref=3.145 loop_us_avg=93 loop_us_max=5324 loop_hz=10752 cycle_log_ms=1 n_cycle=4 cc=1 cc_hz=1026 cc_i_tgt=0.1000 cc_u=0.5001 cc_r=4.8423 cc_tau_ms=7.00
[  43.333] L_ALM
[  43.333] [ADC1] STATUS alarm(s): 0xC9 PGA
[  43.396] [STATUS] t_ms=975892 hwm=6 cap=256 dropped=0 dropped_total=15795 crc_err=0 crc_err_total=0 rate1=512 rate2=512 prod1=512 prod2=512 dac_err=0 tx_drop=43203 hb_ms=0 sma_state=6 m7_us=1006844558 m4_us=1004650538 vdd=5.067 offset=0.5000 aref=3.145 loop_us_avg=94 loop_us_max=5348 loop_hz=10638 cycle_log_ms=1 n_cycle=4 cc=1 cc_hz=1026 cc_i_tgt=0.1000 cc_u=0.5342 cc_r=4.9890 cc_tau_ms=7.00
[  44.343] L_ALM
[  44.343] [ADC1] STATUS alarm(s): 0xC9 PGA
[  44.469] [STATUS] t_ms=976892 hwm=5 cap=256 dropped=0 dropped_total=15795 crc_err=0 crc_err_total=0 rate1=512 rate2=512 prod1=512 prod2=512 dac_err=0 tx_drop=43203 hb_ms=0 sma_state=6 m7_us=1007876912 m4_us=1005682294 vdd=5.067 offset=0.5000 aref=3.145 loop_us_avg=92 loop_us_max=5344 loop_hz=10869 cycle_log_ms=1 n_cycle=4 cc=1 cc_hz=1026 cc_i_tgt=0.1000 cc_u=0.5000 cc_r=4.8742 cc_tau_ms=7.00
[  45.352] L_
[  45.352] ALM
[  45.352] [ADC1] STATU
[  45.352] S alarm(s): 0x49 P
[  45.352] GA
[  45.478] [STATUS] t_ms=977892 hwm=6 cap=256 dropped=0 dropped_total=15795 crc_err=0 crc_err_total=0 rate1=512 rate2=512 prod1=512 prod2=512 dac_err=0 tx_drop=43203 hb_ms=0 sma_state=6 m7_us=1008908074 m4_us=1006714045 vdd=5.067 offset=0.5000 aref=3.145 loop_us_avg=92 loop_us_max=5398 loop_hz=10869 cycle_log_ms=1 n_cycle=4 cc=1 cc_hz=1026 cc_i_tgt=0.1000 cc_u=0.5145 cc_r=5.0120 cc_tau_ms=7.00
[  46.360] L_ALM
[  46.360] [ADC1] STATUS alarm(s): 0x49 PGA
[  46.486] [STATUS] t_ms=978892 hwm=5 cap=256 dropped=0 dropped_total=15795 crc_err=0 crc_err_total=0 rate1=512 rate2=512 prod1=512 prod2=512 dac_err=0 tx_drop=43203 hb_ms=0 sma_state=6 m7_us=1009940428 m4_us=1007745808 vdd=5.067 offset=0.5000 aref=3.145 loop_us_avg=92 loop_us_max=5333 loop_hz=10869 cycle_log_ms=1 n_cycle=4 cc=1 cc_hz=1026 cc_i_tgt=0.1000 cc_u=0.5000 cc_r=4.9705 cc_tau_ms=7.00
[  47.371] L_ALM
[  47.371] [ADC1] STATUS alarm(s): 0x49 PGA
[  47.559] [STATUS] t_ms=979892 hwm=6 cap=256 dropped=0 dropped_total=15795 crc_err=0 crc_err_total=0 rate1=512 rate2=512 prod1=512 prod2=512 dac_err=0 tx_drop=43203 hb_ms=0 sma_state=6 m7_us=1010971614 m4_us=1008777584 vdd=5.067 offset=0.5000 aref=3.145 loop_us_avg=92 loop_us_max=5351 loop_hz=10869 cycle_log_ms=1 n_cycle=4 cc=1 cc_hz=1026 cc_i_tgt=0.1000 cc_u=0.5000 cc_r=4.8359 cc_tau_ms=7.00
[  48.380] L_ALM
[  48.380] [ADC1] STATUS alarm(s): 0x9 PGA
[  48.568] [STATUS] t_ms=980892 hwm=5 cap=256 dropped=0 dropped_total=15795 crc_err=0 crc_err_total=0 rate1=512 rate2=512 prod1=512 prod2=512 dac_err=0 tx_drop=43203 hb_ms=0 sma_state=6 m7_us=1012004012 m4_us=1009809350 vdd=5.067 offset=0.5000 aref=3.145 loop_us_avg=93 loop_us_max=5340 loop_hz=10752 cycle_log_ms=1 n_cycle=4 cc=1 cc_hz=1026 cc_i_tgt=0.1000 cc_u=0.5075 cc_r=4.9125 cc_tau_ms=7.00
[  49.391] L_ALM
[  49.391] [ADC1] STATUS alarm(s): 0xC9 PGA
[  49.577] [STATUS] t_ms=981892 hwm=6 cap=256 dropped=0 dropped_total=15795 crc_err=0 crc_err_total=0 rate1=512 rate2=512 prod1=512 prod2=512 dac_err=0 tx_drop=43203 hb_ms=0 sma_state=6 m7_us=1013035133 m4_us=1010841107 vdd=5.067 offset=0.5000 aref=3.145 loop_us_avg=94 loop_us_max=5353 loop_hz=10638 cycle_log_ms=1 n_cycle=4 cc=1 cc_hz=1026 cc_i_tgt=0.1000 cc_u=0.5131 cc_r=4.9230 cc_tau_ms=7.00
[  50.399] L_ALM
[  50.399] [ADC1]
[  50.399] STATUS alarm(s): 0xC9 PGA
[  50.652] [STATUS] t_ms=982892 hwm=5 cap=256 dropped=0 dropped_total=15795 crc_err=0 crc_err_total=0 rate1=512 rate2=512 prod1=512 prod2=512 dac_err=0 tx_drop=43203 hb_ms=0 sma_state=6 m7_us=1014066950 m4_us=1011872893 vdd=5.067 offset=0.5000 aref=3.145 loop_us_avg=93 loop_us_max=5463 loop_hz=10752 cycle_log_ms=1 n_cycle=4 cc=1 cc_hz=1025 cc_i_tgt=0.1000 cc_u=0.5023 cc_r=4.8901 cc_tau_ms=7.00
[  51.412] L_ALM
[  51.412] [ADC1
[  51.412] ] STATUS alarm(s): 0xC9 PGA
[  51.663] [STATUS] t_ms=983892 hwm=5 cap=256 dropped=0 dropped_total=15795 crc_err=0 crc_err_total=0 rate1=512 rate2=512 prod1=512 prod2=512 dac_err=0 tx_drop=43203 hb_ms=0 sma_state=6 m7_us=1015099323 m4_us=1012904675 vdd=5.067 offset=0.5000 aref=3.145 loop_us_avg=92 loop_us_max=5372 loop_hz=10869 cycle_log_ms=1 n_cycle=4 cc=1 cc_hz=1026 cc_i_tgt=0.1000 cc_u=0.5019 cc_r=4.9101 cc_tau_ms=7.00
[  52.422] L_ALM
[  52.422] [ADC1] STATUS alarm(s): 0x49 PGA
[  52.422] [SMA] [ACT] heat n=3/6 I=650.0mA ms=400
[  52.674] [STATUS] t_ms=984892 hwm=6 cap=256 dropped=0 dropped_total=15795 crc_err=0 crc_err_total=0 rate1=512 rate2=512 prod1=512 prod2=512 dac_err=0 tx_drop=43203 hb_ms=0 sma_state=5 m7_us=1016130491 m4_us=1013936458 vdd=5.067 offset=0.5000 aref=3.145 loop_us_avg=93 loop_us_max=5350 loop_hz=10752 cycle_log_ms=1 n_cycle=4 cc=1 cc_hz=1025 cc_i_tgt=0.6500 cc_u=2.8212 cc_r=4.3894 cc_tau_ms=7.00
[  52.861] [SMA] [ACT] cool n=3/6 I=100.0mA ms=25000
[  53.370] L_ALM
[  53.370] [ADC1] STATUS alarm(s): 0x49 PGA
[  53.750] [STATUS] t_ms=985892 hwm=5 cap=256 dropped=0 dropped_total=15795 crc_err=0 crc_err_total=0 rate1=512 rate2=512 prod1=512 prod2=512 dac_err=0 tx_drop=43203 hb_ms=0 sma_state=6 m7_us=1017162881 m4_us=1014968253 vdd=5.067 offset=0.5000 aref=3.145 loop_us_avg=93 loop_us_max=5338 loop_hz=10752 cycle_log_ms=1 n_cycle=4 cc=1 cc_hz=1025 cc_i_tgt=0.1000 cc_u=0.5000 cc_r=5.0632 cc_tau_ms=7.00
[  54.382] L_ALM
[  54.382] [ADC1] STATUS alarm(s): 0x49 PGA
[  54.762] [STATUS] t_ms=986892 hwm=6 cap=256 dropped=0 dropped_total=15795 crc_err=0 crc_err_total=0 rate1=512 rate2=512 prod1=512 prod2=512 dac_err=0 tx_drop=43203 hb_ms=0 sma_state=6 m7_us=1018194042 m4_us=1016000026 vdd=5.067 offset=0.5000 aref=3.145 loop_us_avg=93 loop_us_max=5351 loop_hz=10752 cycle_log_ms=1 n_cycle=4 cc=1 cc_hz=1026 cc_i_tgt=0.1000 cc_u=0.5096 cc_r=4.9974 cc_tau_ms=7.00
[  55.395] L_ALM
[  55.395] [ADC1] STATUS alarm(s): 0x49 PGA
[  55.774] [STATUS] t_ms=987892 hwm=5 cap=256 dropped=0 dropped_total=15795 crc_err=0 crc_err_total=0 rate1=512 rate2=512 prod1=512 prod2=512 dac_err=0 tx_drop=43203 hb_ms=0 sma_state=6 m7_us=1019226433 m4_us=1017031827 vdd=5.067 offset=0.5000 aref=3.145 loop_us_avg=93 loop_us_max=5337 loop_hz=10752 cycle_log_ms=1 n_cycle=4 cc=1 cc_hz=1026 cc_i_tgt=0.1000 cc_u=0.5653 cc_r=5.6399 cc_tau_ms=7.00
[  56.411] L_ALM
[  56.411] [AD
[  56.411] C1] STATUS alarm(
[  56.411] s): 0x9 PGA
[  56.851] [STATUS] t_ms=988892 hwm=6 cap=256 dropped=0 dropped_total=15795 crc_err=0 crc_err_total=0 rate1=512 rate2=512 prod1=512 prod2=512 dac_err=0 tx_drop=43203 hb_ms=0 sma_state=6 m7_us=1020257643 m4_us=1018063619 vdd=5.067 offset=0.5000 aref=3.145 loop_us_avg=94 loop_us_max=5350 loop_hz=10638 cycle_log_ms=1 n_cycle=4 cc=1 cc_hz=1026 cc_i_tgt=0.1000 cc_u=0.5000 cc_r=5.4185 cc_tau_ms=7.00
[  57.419] L_ALM
[  57.419] [ADC1] STATUS alarm(s): 0xC9 PGA
[  57.861] [STATUS] t_ms=989892 hwm=5 cap=256 dropped=0 dropped_total=15795 crc_err=0 crc_err_total=0 rate1=512 rate2=512 prod1=512 prod2=512 dac_err=0 tx_drop=43203 hb_ms=0 sma_state=6 m7_us=1021290022 m4_us=1019095402 vdd=5.067 offset=0.5000 aref=3.145 loop_us_avg=92 loop_us_max=5336 loop_hz=10869 cycle_log_ms=1 n_cycle=4 cc=1 cc_hz=1026 cc_i_tgt=0.1000 cc_u=0.5000 cc_r=4.8525 cc_tau_ms=7.00
[  58.426] L_ALM
[  58.426] [ADC1] STATUS alarm(s): 0xC9 PGA
[  58.867] [STATUS] t_ms=990892 hwm=6 cap=256 dropped=0 dropped_total=15795 crc_err=0 crc_err_total=0 rate1=512 rate2=512 prod1=512 prod2=512 dac_err=0 tx_drop=43203 hb_ms=0 sma_state=6 m7_us=1022321167 m4_us=1020127155 vdd=5.067 offset=0.5000 aref=3.145 loop_us_avg=92 loop_us_max=5355 loop_hz=10869 cycle_log_ms=1 n_cycle=4 cc=1 cc_hz=1026 cc_i_tgt=0.1000 cc_u=0.6211 cc_r=5.9392 cc_tau_ms=7.00
[  59.434] L_AL
[  59.434] M
[  59.434] [ADC1] STATUS
[  59.434] alarm(s): 0x49 PG
[  59.940] [STATUS] t_ms=991892 hwm=5 cap=256 dropped=0 dropped_total=15795 crc_err=0 crc_err_total=0 rate1=512 rate2=512 prod1=512 prod2=512 dac_err=0 tx_drop=43203 hb_ms=0 sma_state=6 m7_us=1023353537 m4_us=1021158867 vdd=5.067 offset=0.5000 aref=3.145 loop_us_avg=94 loop_us_max=5336 loop_hz=10638 cycle_log_ms=1 n_cycle=4 cc=1 cc_hz=1026 cc_i_tgt=0.1000 cc_u=0.6173 cc_r=6.1914 cc_tau_ms=7.00
[  60.445] AL_A
[  60.445] [ADC1] STATUS alarm(s): 0x49 PG
[  60.951] [STATUS] t_ms=992892 hwm=6 cap=256 dropped=0 dropped_total=15795 crc_err=0 crc_err_total=0 rate1=512 rate2=512 prod1=512 prod2=512 dac_err=0 tx_drop=43203 hb_ms=0 sma_state=6 m7_us=1024384605 m4_us=1022190598 vdd=5.067 offset=0.5000 aref=3.145 loop_us_avg=93 loop_us_max=5350 loop_hz=10752 cycle_log_ms=1 n_cycle=4 cc=1 cc_hz=1026 cc_i_tgt=0.1000 cc_u=0.5039 cc_r=4.9168 cc_tau_ms=7.00
[  61.460] AL_ALM
[  61.460] [ADC1] STATUS alarm(s): 0x49 PG
[  61.968] [STATUS] t_ms=993892 hwm=5 cap=256 dropped=0 dropped_total=15795 crc_err=0 crc_err_total=0 rate1=512 rate2=512 prod1=512 prod2=512 dac_err=0 tx_drop=43203 hb_ms=0 sma_state=6 m7_us=1025417010 m4_us=1023222349 vdd=5.067 offset=0.5000 aref=3.145 loop_us_avg=92 loop_us_max=5350 loop_hz=10869 cycle_log_ms=1 n_cycle=4 cc=1 cc_hz=1026 cc_i_tgt=0.1000 cc_u=0.5000 cc_r=4.8831 cc_tau_ms=7.00
[  62.474] AL_ALM
[  62.474] [ADC1] STATUS alarm(s): 0x49 PG
[  63.040] [STATUS] t_ms=994892 hwm=6 cap=256 dropped=0 dropped_total=15795 crc_err=0 crc_err_total=0 rate1=512 rate2=512 prod1=512 prod2=512 dac_err=0 tx_drop=43203 hb_ms=0 sma_state=6 m7_us=1026448137 m4_us=1024254118 vdd=5.067 offset=0.5000 aref=3.145 loop_us_avg=92 loop_us_max=5350 loop_hz=10869 cycle_log_ms=1 n_cycle=4 cc=1 cc_hz=1026 cc_i_tgt=0.1000 cc_u=0.5161 cc_r=4.9344 cc_tau_ms=7.00
[  63.484] AL_ALM
[  63.484] [ADC1] STATUS alarm(s): 0x89 PG
[  64.053] [STATUS] t_ms=995892 hwm=5 cap=256 dropped=0 dropped_total=15795 crc_err=0 crc_err_total=0 rate1=512 rate2=512 prod1=512 prod2=512 dac_err=0 tx_drop=43203 hb_ms=0 sma_state=6 m7_us=1027480500 m4_us=1025285878 vdd=5.067 offset=0.5000 aref=3.145 loop_us_avg=92 loop_us_max=5330 loop_hz=10869 cycle_log_ms=1 n_cycle=4 cc=1 cc_hz=1026 cc_i_tgt=0.1000 cc_u=0.5018 cc_r=4.8666 cc_tau_ms=7.00
[  64.496] AL_ALM
[  64.496] [ADC1] STATUS alarm(s): 0xC9 PG
[  65.059] [STATUS] t_ms=996892 hwm=6 cap=256 dropped=0 dropped_total=15795 crc_err=0 crc_err_total=0 rate1=512 rate2=512 prod1=512 prod2=512 dac_err=0 tx_drop=43203 hb_ms=0 sma_state=6 m7_us=1028511721 m4_us=1026317645 vdd=5.067 offset=0.5000 aref=3.145 loop_us_avg=93 loop_us_max=5603 loop_hz=10752 cycle_log_ms=1 n_cycle=4 cc=1 cc_hz=1026 cc_i_tgt=0.1000 cc_u=0.5035 cc_r=4.8529 cc_tau_ms=7.00
[  65.500] AL_ALM
[  65.500] [ADC1] STATUS alarm(s): 0xC9 PG
[  66.132] [STATUS] t_ms=997892 hwm=5 cap=256 dropped=0 dropped_total=15795 crc_err=0 crc_err_total=0 rate1=512 rate2=512 prod1=512 prod2=512 dac_err=0 tx_drop=43203 hb_ms=0 sma_state=6 m7_us=1029544117 m4_us=1027349434 vdd=5.067 offset=0.5000 aref=3.145 loop_us_avg=94 loop_us_max=5415 loop_hz=10638 cycle_log_ms=1 n_cycle=4 cc=1 cc_hz=1026 cc_i_tgt=0.1000 cc_u=0.5000 cc_r=4.8550 cc_tau_ms=7.00
[  66.510] AL_ALM
[  66.510] [ADC1] STATUS alarm(s): 0x49 PG
[  67.143] [STATUS] t_ms=998892 hwm=6 cap=256 dropped=0 dropped_total=15795 crc_err=0 crc_err_total=0 rate1=512 rate2=512 prod1=512 prod2=512 dac_err=0 tx_drop=43203 hb_ms=0 sma_state=6 m7_us=1030575232 m4_us=1028381222 vdd=5.067 offset=0.5000 aref=3.145 loop_us_avg=94 loop_us_max=5373 loop_hz=10638 cycle_log_ms=1 n_cycle=4 cc=1 cc_hz=1026 cc_i_tgt=0.1000 cc_u=0.5064 cc_r=4.8741 cc_tau_ms=7.00
[  67.522] AL_ALM
[  67.522] [ADC1] STATUS alarm(s): 0x49 PG
[  68.208] [STATUS] t_ms=999892 hwm=5 cap=256 dropped=0 dropped_total=15795 crc_err=0 crc_err_total=0 rate1=512 rate2=512 prod1=512 prod2=512 dac_err=0 tx_drop=43203 hb_ms=0 sma_state=6 m7_us=1031607635 m4_us=1029412986 vdd=5.067 offset=0.5000 aref=3.145 loop_us_avg=92 loop_us_max=5388 loop_hz=10869 cycle_log_ms=1 n_cycle=4 cc=1 cc_hz=1026 cc_i_tgt=0.1000 cc_u=0.5007 cc_r=4.8750 cc_tau_ms=7.00
[  68.525] AL_ALM
[  68.525] [ADC1] STATUS alarm(s): 0x49 PG
[  69.222] [STATUS] t_ms=1000892 hwm=6 cap=256 dropped=0 dropped_total=15795 crc_err=0 crc_err_total=0 rate1=512 rate2=512 prod1=512 prod2=512 dac_err=0 tx_drop=43203 hb_ms=0 sma_state=6 m7_us=1032638778 m4_us=1030444752 vdd=5.067 offset=0.5000 aref=3.145 loop_us_avg=94 loop_us_max=5356 loop_hz=10638 cycle_log_ms=1 n_cycle=4 cc=1 cc_hz=1026 cc_i_tgt=0.1000 cc_u=0.5000 cc_r=4.8403 cc_tau_ms=7.00
[  69.536] AL_ALM
[  69.536] [ADC1] STATUS alarm(s): 0x49 PG
[  70.311] [STATUS] t_ms=1001945 hwm=222 cap=256 dropped=0 dropped_total=15795 crc_err=0 crc_err_total=0 rate1=435 rate2=435 prod1=511 prod2=511 dac_err=0 tx_drop=43203 hb_ms=0 sma_state=6 m7_us=1033725330 m4_us=1031369693 vdd=5.067 offset=0.5000 aref=3.145 loop_us_avg=117 loop_us_max=223828 loop_hz=8547 cycle_log_ms=1 n_cycle=4 cc=1 cc_hz=855 cc_i_tgt=0.1000 cc_u=0.5039 cc_r=4.9103 cc_tau_ms=7.00
[  70.499] AL_ALM
[  70.499] [ADC1] STATUS alarm(s): 0x89 PG
[  71.320] [STATUS] t_ms=1002945 hwm=164 cap=256 dropped=0 dropped_total=15795 crc_err=0 crc_err_total=0 rate1=591 rate2=591 prod1=513 prod2=512 dac_err=0 tx_drop=43203 hb_ms=0 sma_state=6 m7_us=1034757575 m4_us=1032563631 vdd=5.067 offset=0.5000 aref=3.145 loop_us_avg=94 loop_us_max=7428 loop_hz=10638 cycle_log_ms=1 n_cycle=4 cc=1 cc_hz=1024 cc_i_tgt=0.1000 cc_u=0.5065 cc_r=5.3352 cc_tau_ms=7.00
[  71.509] AL_ALM
[  71.509] [ADC1] STATUS alarm(s): 0xC9 PG
[  72.328] [STATUS] t_ms=1003945 hwm=5 cap=256 dropped=0 dropped_total=15795 crc_err=0 crc_err_total=0 rate1=511 rate2=512 prod1=511 prod2=512 dac_err=0 tx_drop=43203 hb_ms=0 sma_state=6 m7_us=1035788682 m4_us=1033594416 vdd=5.067 offset=0.5000 aref=3.145 loop_us_avg=92 loop_us_max=5425 loop_hz=10869 cycle_log_ms=1 n_cycle=4 cc=1 cc_hz=1026 cc_i_tgt=0.1000 cc_u=0.5123 cc_r=4.9000 cc_tau_ms=7.00
[  72.518] AL_ALM
[  72.518] [ADC1
[  72.518] ] STATUS alarm(s
[  72.518] ): 0xC9 PG
[  73.399] [STATUS] t_ms=1004945 hwm=5 cap=256 dropped=0 dropped_total=15795 crc_err=0 crc_err_total=0 rate1=513 rate2=512 prod1=513 prod2=512 dac_err=0 tx_drop=43203 hb_ms=0 sma_state=6 m7_us=1036821158 m4_us=1034627221 vdd=5.067 offset=0.5000 aref=3.145 loop_us_avg=94 loop_us_max=5325 loop_hz=10638 cycle_log_ms=1 n_cycle=4 cc=1 cc_hz=1026 cc_i_tgt=0.1000 cc_u=0.5000 cc_r=4.9469 cc_tau_ms=7.00
[  73.525] AL_ALM
[  73.525] [ADC1] STATUS alarm(s): 0x49 PG
[  74.407] [STATUS] t_ms=1005945 hwm=5 cap=256 dropped=0 dropped_total=15795 crc_err=0 crc_err_total=0 rate1=511 rate2=512 prod1=511 prod2=512 dac_err=0 tx_drop=43203 hb_ms=0 sma_state=6 m7_us=1037852267 m4_us=1035657997 vdd=5.067 offset=0.5000 aref=3.145 loop_us_avg=94 loop_us_max=5409 loop_hz=10638 cycle_log_ms=1 n_cycle=4 cc=1 cc_hz=1026 cc_i_tgt=0.1000 cc_u=0.5000 cc_r=4.8629 cc_tau_ms=7.00
[  74.534] AL_ALM
[  74.534] [ADC1] STATUS alarm(s): 0x49 PG
[  75.482] [STATUS] t_ms=1006945 hwm=5 cap=256 dropped=0 dropped_total=15795 crc_err=0 crc_err_total=0 rate1=513 rate2=512 prod1=513 prod2=512 dac_err=0 tx_drop=43203 hb_ms=0 sma_state=6 m7_us=1038884726 m4_us=1036690789 vdd=5.067 offset=0.5000 aref=3.145 loop_us_avg=93 loop_us_max=5331 loop_hz=10752 cycle_log_ms=1 n_cycle=4 cc=1 cc_hz=1026 cc_i_tgt=0.1000 cc_u=0.6623 cc_r=5.5366 cc_tau_ms=7.00
[  75.545] AL_ALM
[  75.545] [ADC1] STATUS alarm(s): 0x49 PG
[  76.495] [STATUS] t_ms=1007945 hwm=5 cap=256 dropped=0 dropped_total=15795 crc_err=0 crc_err_total=0 rate1=512 rate2=512 prod1=512 prod2=512 dac_err=0 tx_drop=43203 hb_ms=0 sma_state=6 m7_us=1039916782 m4_us=1037722533 vdd=5.067 offset=0.5000 aref=3.145 loop_us_avg=92 loop_us_max=5412 loop_hz=10869 cycle_log_ms=1 n_cycle=4 cc=1 cc_hz=1026 cc_i_tgt=0.1000 cc_u=0.6288 cc_r=6.1914 cc_tau_ms=7.00
[  76.558] AL_ALM
[  76.558] [ADC1] STATUS alarm(s): 0x49 PG
[  77.500] [STATUS] t_ms=1008945 hwm=5 cap=256 dropped=0 dropped_total=15795 crc_err=0 crc_err_total=0 rate1=512 rate2=512 prod1=512 prod2=512 dac_err=0 tx_drop=43203 hb_ms=0 sma_state=6 m7_us=1040948234 m4_us=1038754309 vdd=5.067 offset=0.5000 aref=3.145 loop_us_avg=93 loop_us_max=5415 loop_hz=10752 cycle_log_ms=1 n_cycle=4 cc=1 cc_hz=1025 cc_i_tgt=0.1000 cc_u=0.5000 cc_r=4.8685 cc_tau_ms=7.00
[  77.564] AL_ALM
[  77.564] [ADC1] STATUS alarm(s): 0x89 PG
[  78.574] [STATUS] t_ms=1009945 hwm=5 cap=256 dropped=0 dropped_total=15795 crc_err=0 crc_err_total=0 rate1=511 rate2=512 prod1=511 prod2=512 dac_err=0 tx_drop=43203 hb_ms=0 sma_state=6 m7_us=1041979347 m4_us=1039785094 vdd=5.067 offset=0.5000 aref=3.145 loop_us_avg=92 loop_us_max=5401 loop_hz=10869 cycle_log_ms=1 n_cycle=4 cc=1 cc_hz=1026 cc_i_tgt=0.1000 cc_u=0.5000 cc_r=4.8650 cc_tau_ms=7.00
[  78.574] AL_ALM
[  78.574] [ADC1] STATUS ala
[  78.574] rm(s): 0xC9 PG
[  78.637] [SMA] [ACT] heat n=4/6 I=650.0mA ms=400
[  79.081] [SMA] [ACT] cool n=4/6 I=100.0mA ms=25000
[  79.585] [STATUS] t_ms=1010945 hwm=5 cap=256 dropped=0 dropped_total=15795 crc_err=0 crc_err_total=0 rate1=513 rate2=512 prod1=513 prod2=512 dac_err=0 tx_drop=43203 hb_ms=0 sma_state=6 m7_us=1043011820 m4_us=1040817881 vdd=5.067 offset=0.5000 aref=3.145 loop_us_avg=94 loop_us_max=5322 loop_hz=10638 cycle_log_ms=1 n_cycle=4 cc=1 cc_hz=1024 cc_i_tgt=0.1000 cc_u=0.6174 cc_r=5.4930 cc_tau_ms=7.00
[  79.585] AL_AL
[  79.585] M
[  79.585] [ADC1] STATUS a
[  79.585] larm(s): 0xC9 PG
[  80.599] AL_ALM
[  80.599] [ADC1] STATUS alarm(s): 0x49 PG
[  80.599] [STATUS] t_ms=1011945 hwm=5 cap=256 dropped=0 dropped_total=15795 crc_err=0 crc_err_total=0 rate1=512 rate2=512 prod1=512 prod2=512 dac_err=0 tx_drop=43203 hb_ms=0 sma_state=6 m7_us=1044043911 m4_us=1041849647 vdd=5.067 offset=0.5000 aref=3.145 loop_us_avg=94 loop_us_max=5415 loop_hz=10638 cycle_log_ms=1 n_cycle=4 cc=1 cc_hz=1026 cc_i_tgt=0.1000 cc_u=0.6186 cc_r=5.9907 cc_tau_ms=7.00
[  81.616] AL_ALM
[  81.616] [ADC1
[  81.616] ] STATUS alarm(s
[  81.616] ): 0x49 PG
[  81.616] [STATUS] t_ms=1012945 hwm=5 cap=256 dropped=0 dropped_total=15795 crc_err=0 crc_err_total=0 rate1=512 rate2=512 prod1=512 prod2=512 dac_err=0 tx_drop=43203 hb_ms=0 sma_state=6 m7_us=1045075388 m4_us=1042881449 vdd=5.067 offset=0.5000 aref=3.145 loop_us_avg=92 loop_us_max=5413 loop_hz=10869 cycle_log_ms=1 n_cycle=4 cc=1 cc_hz=1025 cc_i_tgt=0.1000 cc_u=0.5000 cc_r=4.9204 cc_tau_ms=7.00
[  82.621] AL_ALM
[  82.621] [ADC1] STATUS alarm(s): 0x49 PG
[  82.684] [STATUS] t_ms=1013945 hwm=5 cap=256 dropped=0 dropped_total=15795 crc_err=0 crc_err_total=0 rate1=511 rate2=512 prod1=511 prod2=512 dac_err=0 tx_drop=43203 hb_ms=0 sma_state=6 m7_us=1046106563 m4_us=1043912272 vdd=5.067 offset=0.5000 aref=3.145 loop_us_avg=92 loop_us_max=5404 loop_hz=10869 cycle_log_ms=1 n_cycle=4 cc=1 cc_hz=1026 cc_i_tgt=0.1000 cc_u=0.5219 cc_r=4.8768 cc_tau_ms=7.00
[  83.636] AL_ALM
[  83.636] [ADC1] STATUS alarm(s): 0x49 PG
[  83.699] [STATUS] t_ms=1014945 hwm=5 cap=256 dropped=0 dropped_total=15795 crc_err=0 crc_err_total=0 rate1=513 rate2=512 prod1=513 prod2=512 dac_err=0 tx_drop=43203 hb_ms=0 sma_state=6 m7_us=1047139055 m4_us=1044945113 vdd=5.067 offset=0.5000 aref=3.145 loop_us_avg=92 loop_us_max=5347 loop_hz=10869 cycle_log_ms=1 n_cycle=4 cc=1 cc_hz=1026 cc_i_tgt=0.1000 cc_u=0.6029 cc_r=5.9297 cc_tau_ms=7.00
[  84.648] AL_ALM
[  84.648] [AD
[  84.648] C1] STATUS alarm(
[  84.648] s): 0x9 PG
[  84.711] [STATUS] t_ms=1015945 hwm=5 cap=256 dropped=0 dropped_total=15795 crc_err=0 crc_err_total=0 rate1=511 rate2=512 prod1=511 prod2=512 dac_err=0 tx_drop=43203 hb_ms=0 sma_state=6 m7_us=1048170186 m4_us=1045975917 vdd=5.067 offset=0.5000 aref=3.145 loop_us_avg=92 loop_us_max=5408 loop_hz=10869 cycle_log_ms=1 n_cycle=4 cc=1 cc_hz=1026 cc_i_tgt=0.1000 cc_u=0.5000 cc_r=4.8471 cc_tau_ms=7.00
[  85.657] AL_ALM
[  85.657] [ADC1] STATUS alarm(s): 0x89 PG
[  85.784] [STATUS] t_ms=1016945 hwm=5 cap=256 dropped=0 dropped_total=15795 crc_err=0 crc_err_total=0 rate1=513 rate2=512 prod1=513 prod2=512 dac_err=0 tx_drop=43203 hb_ms=0 sma_state=6 m7_us=1049202637 m4_us=1047008697 vdd=5.067 offset=0.5000 aref=3.145 loop_us_avg=92 loop_us_max=5336 loop_hz=10869 cycle_log_ms=1 n_cycle=4 cc=1 cc_hz=1026 cc_i_tgt=0.1000 cc_u=0.5000 cc_r=4.8787 cc_tau_ms=7.00
[  86.668] AL_ALM
[  86.668] [ADC1] STATUS alarm(s): 0xC9 PG
[  86.793] [STATUS] t_ms=1017945 hwm=5 cap=256 dropped=0 dropped_total=15795 crc_err=0 crc_err_total=0 rate1=511 rate2=512 prod1=511 prod2=512 dac_err=0 tx_drop=43203 hb_ms=0 sma_state=6 m7_us=1050233832 m4_us=1048039501 vdd=5.067 offset=0.5000 aref=3.145 loop_us_avg=93 loop_us_max=5406 loop_hz=10752 cycle_log_ms=1 n_cycle=4 cc=1 cc_hz=1026 cc_i_tgt=0.1000 cc_u=0.5112 cc_r=4.9168 cc_tau_ms=7.00
[  87.679] AL_ALM
[  87.679] [ADC1] STATUS alarm(s): 0xC9 PG
[  87.807] [STATUS] t_ms=1018945 hwm=5 cap=256 dropped=0 dropped_total=15795 crc_err=0 crc_err_total=0 rate1=513 rate2=512 prod1=513 prod2=512 dac_err=0 tx_drop=43203 hb_ms=0 sma_state=6 m7_us=1051266271 m4_us=1049072319 vdd=5.067 offset=0.5000 aref=3.145 loop_us_avg=93 loop_us_max=5358 loop_hz=10752 cycle_log_ms=1 n_cycle=4 cc=1 cc_hz=1026 cc_i_tgt=0.1000 cc_u=0.5000 cc_r=4.8523 cc_tau_ms=7.00
[  88.691] AL_ALM
[  88.691] [ADC1] STATUS alarm(s): 0x49 PG
[  88.880] [STATUS] t_ms=1019945 hwm=5 cap=256 dropped=0 dropped_total=15795 crc_err=0 crc_err_total=0 rate1=511 rate2=512 prod1=511 prod2=512 dac_err=0 tx_drop=43203 hb_ms=0 sma_state=6 m7_us=1052297420 m4_us=1050103133 vdd=5.067 offset=0.5000 aref=3.145 loop_us_avg=94 loop_us_max=5410 loop_hz=10638 cycle_log_ms=1 n_cycle=4 cc=1 cc_hz=1026 cc_i_tgt=0.1000 cc_u=0.5037 cc_r=4.8428 cc_tau_ms=7.00
[  89.640] AL_ALM
[  89.640] [ADC1] STATUS alarm(s): 0x49 PG
[  89.893] [STATUS] t_ms=1020945 hwm=5 cap=256 dropped=0 dropped_total=15795 crc_err=0 crc_err_total=0 rate1=513 rate2=512 prod1=513 prod2=512 dac_err=0 tx_drop=43203 hb_ms=0 sma_state=6 m7_us=1053329895 m4_us=1051135961 vdd=5.067 offset=0.5000 aref=3.145 loop_us_avg=93 loop_us_max=5352 loop_hz=10752 cycle_log_ms=1 n_cycle=4 cc=1 cc_hz=1026 cc_i_tgt=0.1000 cc_u=0.5000 cc_r=4.9028 cc_tau_ms=7.00
[  90.649] AL_ALM
[  90.649] [ADC1] STATUS alarm(s): 0x49 PG
[  90.903] [STATUS] t_ms=1021945 hwm=5 cap=256 dropped=0 dropped_total=15795 crc_err=0 crc_err_total=0 rate1=511 rate2=512 prod1=511 prod2=512 dac_err=0 tx_drop=43203 hb_ms=0 sma_state=6 m7_us=1054361099 m4_us=1052166800 vdd=5.067 offset=0.5000 aref=3.145 loop_us_avg=93 loop_us_max=5419 loop_hz=10752 cycle_log_ms=1 n_cycle=4 cc=1 cc_hz=1026 cc_i_tgt=0.1000 cc_u=0.5041 cc_r=4.8499 cc_tau_ms=7.00
[  91.661] AL_ALM
[  91.661] [A
[  91.661] DC1] STATUS alarm(s): 0x49 PG
[  91.978] [STATUS] t_ms=1022945 hwm=5 cap=256 dropped=0 dropped_total=15795 crc_err=0 crc_err_total=0 rate1=513 rate2=512 prod1=513 prod2=512 dac_err=0 tx_drop=43203 hb_ms=0 sma_state=6 m7_us=1055393593 m4_us=1053199663 vdd=5.067 offset=0.5000 aref=3.145 loop_us_avg=93 loop_us_max=5373 loop_hz=10752 cycle_log_ms=1 n_cycle=4 cc=1 cc_hz=1026 cc_i_tgt=0.1000 cc_u=0.5000 cc_r=4.9008 cc_tau_ms=7.00
[  92.671] AL_ALM
[  92.671] [ADC1] STATUS alarm(s): 0x9 PG
[  92.986] [STATUS] t_ms=1023945 hwm=5 cap=256 dropped=0 dropped_total=15795 crc_err=0 crc_err_total=0 rate1=511 rate2=512 prod1=511 prod2=512 dac_err=0 tx_drop=43203 hb_ms=0 sma_state=6 m7_us=1056424749 m4_us=1054230496 vdd=5.067 offset=0.5000 aref=3.145 loop_us_avg=93 loop_us_max=5426 loop_hz=10752 cycle_log_ms=1 n_cycle=4 cc=1 cc_hz=1026 cc_i_tgt=0.1000 cc_u=0.5000 cc_r=4.8342 cc_tau_ms=7.00
[  93.684] AL_ALM
[  93.684] [ADC1] STATUS alarm(s): 0x89 PG
[  94.002] [STATUS] t_ms=1024945 hwm=5 cap=256 dropped=0 dropped_total=15795 crc_err=0 crc_err_total=0 rate1=513 rate2=512 prod1=513 prod2=512 dac_err=0 tx_drop=43203 hb_ms=0 sma_state=6 m7_us=1057457272 m4_us=1055263333 vdd=5.067 offset=0.5000 aref=3.145 loop_us_avg=94 loop_us_max=5361 loop_hz=10638 cycle_log_ms=1 n_cycle=4 cc=1 cc_hz=1026 cc_i_tgt=0.1000 cc_u=0.5000 cc_r=4.8930 cc_tau_ms=7.00
[  94.696] AL_ALM
[  94.696] [
[  94.696] ADC1] STATUS alarm(s): 0xC9 PG
[  95.076] [STATUS] t_ms=1025945 hwm=5 cap=256 dropped=0 dropped_total=15795 crc_err=0 crc_err_total=0 rate1=511 rate2=512 prod1=511 prod2=512 dac_err=0 tx_drop=43203 hb_ms=0 sma_state=6 m7_us=1058488455 m4_us=1056294176 vdd=5.067 offset=0.5000 aref=3.145 loop_us_avg=94 loop_us_max=5430 loop_hz=10638 cycle_log_ms=1 n_cycle=4 cc=1 cc_hz=1026 cc_i_tgt=0.1000 cc_u=0.5184 cc_r=4.9636 cc_tau_ms=7.00
[  95.710] AL_ALM
[  95.710] [ADC1] STATUS alarm(s): 0xC9 PG
[  96.089] [STATUS] t_ms=1026945 hwm=5 cap=256 dropped=0 dropped_total=15795 crc_err=0 crc_err_total=0 rate1=513 rate2=512 prod1=513 prod2=512 dac_err=0 tx_drop=43203 hb_ms=0 sma_state=6 m7_us=1059520956 m4_us=1057327020 vdd=5.067 offset=0.5000 aref=3.145 loop_us_avg=94 loop_us_max=5325 loop_hz=10638 cycle_log_ms=1 n_cycle=4 cc=1 cc_hz=1026 cc_i_tgt=0.1000 cc_u=0.5068 cc_r=4.9059 cc_tau_ms=7.00
[  96.722] AL_ALM
[  96.722] [ADC1] STATUS alarm(s): 0xC9 PG
[  97.101] [STATUS] t_ms=1027945 hwm=5 cap=256 dropped=0 dropped_total=15795 crc_err=0 crc_err_total=0 rate1=511 rate2=512 prod1=511 prod2=512 dac_err=0 tx_drop=43203 hb_ms=0 sma_state=6 m7_us=1060552139 m4_us=1058357850 vdd=5.067 offset=0.5000 aref=3.145 loop_us_avg=93 loop_us_max=5401 loop_hz=10752 cycle_log_ms=1 n_cycle=4 cc=1 cc_hz=1026 cc_i_tgt=0.1000 cc_u=0.5000 cc_r=4.8854 cc_tau_ms=7.00
[  97.734] AL_ALM
[  97.734] [A
[  97.734] DC1] STATUS alarm
[  97.734] (s): 0x49 PG
[  98.177] [STATUS] t_ms=1028945 hwm=5 cap=256 dropped=0 dropped_total=15795 crc_err=0 crc_err_total=0 rate1=513 rate2=512 prod1=513 prod2=512 dac_err=0 tx_drop=43203 hb_ms=0 sma_state=6 m7_us=1061584578 m4_us=1059390645 vdd=5.067 offset=0.5000 aref=3.145 loop_us_avg=93 loop_us_max=5326 loop_hz=10752 cycle_log_ms=1 n_cycle=4 cc=1 cc_hz=1026 cc_i_tgt=0.1000 cc_u=0.6141 cc_r=5.7604 cc_tau_ms=7.00
[  98.746] AL_ALM
[  98.746] [ADC1] STATUS alarm(s): 0x49 PG
[  99.187] [STATUS] t_ms=1029945 hwm=5 cap=256 dropped=0 dropped_total=15795 crc_err=0 crc_err_total=0 rate1=511 rate2=512 prod1=511 prod2=512 dac_err=0 tx_drop=43203 hb_ms=0 sma_state=6 m7_us=1062615703 m4_us=1060421446 vdd=5.067 offset=0.5000 aref=3.145 loop_us_avg=94 loop_us_max=5399 loop_hz=10638 cycle_log_ms=1 n_cycle=4 cc=1 cc_hz=1026 cc_i_tgt=0.1000 cc_u=0.5000 cc_r=4.9072 cc_tau_ms=7.00
[  99.750] AL_ALM
[  99.750] [ADC1] STATUS alarm(s): 0x49 PG
[ 100.192] [STATUS] t_ms=1030945 hwm=5 cap=256 dropped=0 dropped_total=15795 crc_err=0 crc_err_total=0 rate1=513 rate2=512 prod1=513 prod2=512 dac_err=0 tx_drop=43203 hb_ms=0 sma_state=6 m7_us=1063648166 m4_us=1061454236 vdd=5.067 offset=0.5000 aref=3.145 loop_us_avg=94 loop_us_max=5328 loop_hz=10638 cycle_log_ms=1 n_cycle=4 cc=1 cc_hz=1026 cc_i_tgt=0.1000 cc_u=0.5020 cc_r=4.9915 cc_tau_ms=7.00
[ 100.761] AL_
[ 100.761] ALM
[ 100.761] [ADC1] STATU
[ 100.761] S alarm(s): 0x9 PG
[ 101.268] [STATUS] t_ms=1031945 hwm=5 cap=256 dropped=0 dropped_total=15795 crc_err=0 crc_err_total=0 rate1=511 rate2=512 prod1=511 prod2=512 dac_err=0 tx_drop=43203 hb_ms=0 sma_state=6 m7_us=1064679296 m4_us=1062485040 vdd=5.067 offset=0.5000 aref=3.145 loop_us_avg=93 loop_us_max=5413 loop_hz=10752 cycle_log_ms=1 n_cycle=4 cc=1 cc_hz=1026 cc_i_tgt=0.1000 cc_u=0.5961 cc_r=6.1369 cc_tau_ms=7.00
[ 101.770] AL_ALM
[ 101.770] [ADC1] STATUS alarm(s): 0x89 PG
[ 102.277] [STATUS] t_ms=1032945 hwm=5 cap=256 dropped=0 dropped_total=15795 crc_err=0 crc_err_total=0 rate1=513 rate2=512 prod1=513 prod2=512 dac_err=0 tx_drop=43203 hb_ms=0 sma_state=6 m7_us=1065711767 m4_us=1063517842 vdd=5.067 offset=0.5000 aref=3.145 loop_us_avg=92 loop_us_max=5333 loop_hz=10869 cycle_log_ms=1 n_cycle=4 cc=1 cc_hz=1026 cc_i_tgt=0.1000 cc_u=0.5000 cc_r=4.8941 cc_tau_ms=7.00
[ 102.780] AL_ALM
[ 102.780] [ADC1] STATUS alarm(s): 0xC9 PG
[ 103.288] [STATUS] t_ms=1033945 hwm=5 cap=256 dropped=0 dropped_total=15795 crc_err=0 crc_err_total=0 rate1=511 rate2=512 prod1=511 prod2=512 dac_err=0 tx_drop=43203 hb_ms=0 sma_state=6 m7_us=1066742878 m4_us=1064548618 vdd=5.067 offset=0.5000 aref=3.145 loop_us_avg=92 loop_us_max=5398 loop_hz=10869 cycle_log_ms=1 n_cycle=4 cc=1 cc_hz=1026 cc_i_tgt=0.1000 cc_u=0.5081 cc_r=4.8717 cc_tau_ms=7.00
[ 103.793] AL_A
[ 103.793] [ADC1] STATUS al
[ 103.793] arm(s): 0xC9 PG
[ 104.365] [STATUS] t_ms=1034945 hwm=5 cap=256 dropped=0 dropped_total=15795 crc_err=0 crc_err_total=0 rate1=513 rate2=512 prod1=513 prod2=512 dac_err=0 tx_drop=43203 hb_ms=0 sma_state=6 m7_us=1067775363 m4_us=1065581423 vdd=5.067 offset=0.5000 aref=3.145 loop_us_avg=94 loop_us_max=5325 loop_hz=10638 cycle_log_ms=1 n_cycle=4 cc=1 cc_hz=1026 cc_i_tgt=0.1000 cc_u=0.5208 cc_r=4.8689 cc_tau_ms=7.00
[ 104.807] AL_ALM
[ 104.807] [ADC1] STATUS alarm(s): 0xC9 PG
[ 104.872] [SMA] [ACT] heat n=5/6 I=650.0mA ms=400
[ 105.251] [SMA] [ACT] cool n=5/6 I=100.0mA ms=25000
[ 105.377] [STATUS] t_ms=1035945 hwm=5 cap=256 dropped=0 dropped_total=15795 crc_err=0 crc_err_total=0 rate1=512 rate2=512 prod1=512 prod2=512 dac_err=0 tx_drop=43203 hb_ms=0 sma_state=6 m7_us=1068807162 m4_us=1066613231 vdd=5.067 offset=0.5000 aref=3.145 loop_us_avg=94 loop_us_max=5409 loop_hz=10638 cycle_log_ms=1 n_cycle=4 cc=1 cc_hz=1024 cc_i_tgt=0.1000 cc_u=0.6907 cc_r=6.0268 cc_tau_ms=7.00
[ 105.818] AL_
[ 105.818] ALM
[ 105.818] [ADC1] STATUS alarm(s): 0x49 PG
[ 106.386] [STATUS] t_ms=1036945 hwm=5 cap=256 dropped=0 dropped_total=15795 crc_err=0 crc_err_total=0 rate1=511 rate2=512 prod1=511 prod2=512 dac_err=0 tx_drop=43203 hb_ms=0 sma_state=6 m7_us=1069838321 m4_us=1067644038 vdd=5.067 offset=0.5000 aref=3.145 loop_us_avg=92 loop_us_max=5407 loop_hz=10869 cycle_log_ms=1 n_cycle=4 cc=1 cc_hz=1026 cc_i_tgt=0.1000 cc_u=0.5240 cc_r=5.4457 cc_tau_ms=7.00
[ 106.829] AL_ALM
[ 106.829] [ADC1] STATUS alarm(s): 0x49 PG
[ 107.461] [STATUS] t_ms=1037945 hwm=5 cap=256 dropped=0 dropped_total=15795 crc_err=0 crc_err_total=0 rate1=513 rate2=512 prod1=513 prod2=512 dac_err=0 tx_drop=43203 hb_ms=0 sma_state=6 m7_us=1070870775 m4_us=1068676847 vdd=5.067 offset=0.5000 aref=3.145 loop_us_avg=92 loop_us_max=5335 loop_hz=10869 cycle_log_ms=1 n_cycle=4 cc=1 cc_hz=1026 cc_i_tgt=0.1000 cc_u=0.5350 cc_r=5.2163 cc_tau_ms=7.00
[ 107.837] AL_ALM
[ 107.837] [ADC1] STATUS alarm(s): 0x49 PG
[ 108.471] [STATUS] t_ms=1038945 hwm=5 cap=256 dropped=0 dropped_total=15795 crc_err=0 crc_err_total=0 rate1=512 rate2=512 prod1=512 prod2=512 dac_err=0 tx_drop=43203 hb_ms=0 sma_state=6 m7_us=1071902584 m4_us=1069708652 vdd=5.067 offset=0.5000 aref=3.145 loop_us_avg=93 loop_us_max=5525 loop_hz=10752 cycle_log_ms=1 n_cycle=4 cc=1 cc_hz=1025 cc_i_tgt=0.1000 cc_u=0.5614 cc_r=5.2007 cc_tau_ms=7.00
[ 108.786] AL_ALM
[ 108.786] [ADC1] STATUS alarm(s): 0x9 PG
[ 109.476] [STATUS] t_ms=1039945 hwm=5 cap=256 dropped=0 dropped_total=15795 crc_err=0 crc_err_total=0 rate1=511 rate2=512 prod1=511 prod2=512 dac_err=0 tx_drop=43203 hb_ms=0 sma_state=6 m7_us=1072933771 m4_us=1070739498 vdd=5.067 offset=0.5000 aref=3.145 loop_us_avg=93 loop_us_max=5411 loop_hz=10752 cycle_log_ms=1 n_cycle=4 cc=1 cc_hz=1026 cc_i_tgt=0.1000 cc_u=0.5740 cc_r=5.5974 cc_tau_ms=7.00
[ 109.852] AL_ALM
[ 109.852] [ADC1] STATUS alarm(s): 0x89 PG
[ 110.551] [STATUS] t_ms=1040945 hwm=5 cap=256 dropped=0 dropped_total=15795 crc_err=0 crc_err_total=0 rate1=513 rate2=512 prod1=513 prod2=512 dac_err=0 tx_drop=43203 hb_ms=0 sma_state=6 m7_us=1073966253 m4_us=1071772325 vdd=5.067 offset=0.5000 aref=3.145 loop_us_avg=94 loop_us_max=5356 loop_hz=10638 cycle_log_ms=1 n_cycle=4 cc=1 cc_hz=1026 cc_i_tgt=0.1000 cc_u=0.5871 cc_r=5.4935 cc_tau_ms=7.00
[ 110.862] AL_
[ 110.862] ALM
[ 110.862] [ADC1] STATUS alarm(s): 0xC9 PG
[ 111.560] [STATUS] t_ms=1041945 hwm=5 cap=256 dropped=0 dropped_total=15795 crc_err=0 crc_err_total=0 rate1=511 rate2=512 prod1=511 prod2=512 dac_err=0 tx_drop=43203 hb_ms=0 sma_state=6 m7_us=1074997385 m4_us=1072803101 vdd=5.067 offset=0.5000 aref=3.145 loop_us_avg=94 loop_us_max=5421 loop_hz=10638 cycle_log_ms=1 n_cycle=4 cc=1 cc_hz=1026 cc_i_tgt=0.1000 cc_u=0.5783 cc_r=5.9734 cc_tau_ms=7.00
[ 111.812] AL_ALM
[ 111.812] [ADC1] STATUS alarm(s): 0xC9 PG
[ 112.573] [STATUS] t_ms=1042945 hwm=5 cap=256 dropped=0 dropped_total=15795 crc_err=0 crc_err_total=0 rate1=513 rate2=512 prod1=513 prod2=512 dac_err=0 tx_drop=43203 hb_ms=0 sma_state=6 m7_us=1076029861 m4_us=1073835935 vdd=5.067 offset=0.5000 aref=3.145 loop_us_avg=93 loop_us_max=5341 loop_hz=10752 cycle_log_ms=1 n_cycle=4 cc=1 cc_hz=1026 cc_i_tgt=0.1000 cc_u=0.5901 cc_r=5.7154 cc_tau_ms=7.00
[ 112.825] AL_ALM
[ 112.825] [ADC1] STATUS alarm(s): 0x49 PG
[ 113.643] [STATUS] t_ms=1043945 hwm=5 cap=256 dropped=0 dropped_total=15795 crc_err=0 crc_err_total=0 rate1=511 rate2=512 prod1=511 prod2=512 dac_err=0 tx_drop=43203 hb_ms=0 sma_state=6 m7_us=1077061055 m4_us=1074866778 vdd=5.067 offset=0.5000 aref=3.145 loop_us_avg=92 loop_us_max=5405 loop_hz=10869 cycle_log_ms=1 n_cycle=4 cc=1 cc_hz=1026 cc_i_tgt=0.1000 cc_u=0.5744 cc_r=5.8763 cc_tau_ms=7.00
[ 113.833] AL_ALM
[ 113.833] [ADC1] STATUS alarm(s): 0x49 PG
[ 114.648] [STATUS] t_ms=1044945 hwm=5 cap=256 dropped=0 dropped_total=15795 crc_err=0 crc_err_total=0 rate1=513 rate2=512 prod1=513 prod2=512 dac_err=0 tx_drop=43203 hb_ms=0 sma_state=6 m7_us=1078093517 m4_us=1075899593 vdd=5.067 offset=0.5000 aref=3.145 loop_us_avg=94 loop_us_max=5332 loop_hz=10638 cycle_log_ms=1 n_cycle=4 cc=1 cc_hz=1026 cc_i_tgt=0.1000 cc_u=0.5000 cc_r=4.8251 cc_tau_ms=7.00
[ 114.838] AL_ALM
[ 114.838] [ADC1] STATUS alarm(s): 0x49 PG
[ 115.664] [STATUS] t_ms=1045945 hwm=5 cap=256 dropped=0 dropped_total=15795 crc_err=0 crc_err_total=0 rate1=511 rate2=512 prod1=511 prod2=512 dac_err=0 tx_drop=43203 hb_ms=0 sma_state=6 m7_us=1079124644 m4_us=1076930381 vdd=5.067 offset=0.5000 aref=3.145 loop_us_avg=94 loop_us_max=5405 loop_hz=10638 cycle_log_ms=1 n_cycle=4 cc=1 cc_hz=1026 cc_i_tgt=0.1000 cc_u=0.5872 cc_r=5.6486 cc_tau_ms=7.00
[ 115.851] AL_
[ 115.851] ALM
[ 115.851] [ADC1] STATUS
[ 115.851] alarm(s): 0x49 PG
[ 116.733] [STATUS] t_ms=1046945 hwm=5 cap=256 dropped=0 dropped_total=15795 crc_err=0 crc_err_total=0 rate1=513 rate2=512 prod1=513 prod2=512 dac_err=0 tx_drop=43203 hb_ms=0 sma_state=6 m7_us=1080157135 m4_us=1077963183 vdd=5.067 offset=0.5000 aref=3.145 loop_us_avg=93 loop_us_max=5331 loop_hz=10752 cycle_log_ms=1 n_cycle=4 cc=1 cc_hz=1026 cc_i_tgt=0.1000 cc_u=0.5591 cc_r=5.7482 cc_tau_ms=7.00
[ 116.856] AL_A
[ 116.856] [ADC1] STATUS
[ 116.856] alarm(s): 0x9 PG
[ 117.746] [STATUS] t_ms=1047945 hwm=5 cap=256 dropped=0 dropped_total=15795 crc_err=0 crc_err_total=0 rate1=511 rate2=512 prod1=511 prod2=512 dac_err=0 tx_drop=43203 hb_ms=0 sma_state=6 m7_us=1081188290 m4_us=1078994010 vdd=5.067 offset=0.5000 aref=3.145 loop_us_avg=92 loop_us_max=5430 loop_hz=10869 cycle_log_ms=1 n_cycle=4 cc=1 cc_hz=1026 cc_i_tgt=0.1000 cc_u=0.5000 cc_r=4.9544 cc_tau_ms=7.00
[ 117.871] AL_ALM
[ 117.871] [ADC1] STATUS alarm(s): 0xC9 PG
[ 118.760] [STATUS] t_ms=1048945 hwm=5 cap=256 dropped=0 dropped_total=15795 crc_err=0 crc_err_total=0 rate1=513 rate2=512 prod1=513 prod2=512 dac_err=0 tx_drop=43203 hb_ms=0 sma_state=6 m7_us=1082220773 m4_us=1080026831 vdd=5.067 offset=0.5000 aref=3.145 loop_us_avg=93 loop_us_max=5330 loop_hz=10752 cycle_log_ms=1 n_cycle=4 cc=1 cc_hz=1026 cc_i_tgt=0.1000 cc_u=0.5000 cc_r=4.8849 cc_tau_ms=7.00
[ 118.886] AL_ALM
[ 118.886] [ADC1] STATUS alarm(s): 0xC9 PG
[ 119.832] [STATUS] t_ms=1049945 hwm=5 cap=256 dropped=0 dropped_total=15795 crc_err=0 crc_err_total=0 rate1=511 rate2=512 prod1=511 prod2=512 dac_err=0 tx_drop=43203 hb_ms=0 sma_state=6 m7_us=1083251884 m4_us=1081057622 vdd=5.067 offset=0.5000 aref=3.145 loop_us_avg=92 loop_us_max=5397 loop_hz=10869 cycle_log_ms=1 n_cycle=4 cc=1 cc_hz=1026 cc_i_tgt=0.1000 cc_u=0.5000 cc_r=4.8491 cc_tau_ms=7.00
[ 119.895] AL_ALM
[ 119.895] [ADC1] STATUS alarm(s): 0xC9 PG
[ 120.843] [STATUS] t_ms=1050945 hwm=5 cap=256 dropped=0 dropped_total=15795 crc_err=0 crc_err_total=0 rate1=513 rate2=512 prod1=513 prod2=512 dac_err=0 tx_drop=43203 hb_ms=0 sma_state=6 m7_us=1084284346 m4_us=1082090412 vdd=5.067 offset=0.5000 aref=3.145 loop_us_avg=93 loop_us_max=5324 loop_hz=10752 cycle_log_ms=1 n_cycle=4 cc=1 cc_hz=1026 cc_i_tgt=0.1000 cc_u=0.5159 cc_r=4.9338 cc_tau_ms=7.00
[ 120.907] AL_ALM
[ 120.907] [ADC1] STATUS alarm(s): 0x49 PG
[ 121.914] [STATUS] t_ms=1051945 hwm=5 cap=256 dropped=0 dropped_total=15795 crc_err=0 crc_err_total=0 rate1=511 rate2=512 prod1=511 prod2=512 dac_err=0 tx_drop=43203 hb_ms=0 sma_state=6 m7_us=1085315470 m4_us=1083121213 vdd=5.067 offset=0.5000 aref=3.145 loop_us_avg=94 loop_us_max=5397 loop_hz=10638 cycle_log_ms=1 n_cycle=4 cc=1 cc_hz=1026 cc_i_tgt=0.1000 cc_u=0.5000 cc_r=4.8946 cc_tau_ms=7.00
[ 121.914] AL_ALM
[ 121.914] [ADC1] STATUS alarm(s): 0x49 PG
[ 122.923] [STATUS] t_ms=1052945 hwm=5 cap=256 dropped=0 dropped_total=15795 crc_err=0 crc_err_total=0 rate1=513 rate2=512 prod1=513 prod2=512 dac_err=0 tx_drop=43203 hb_ms=0 sma_state=6 m7_us=1086347986 m4_us=1084154053 vdd=5.067 offset=0.5000 aref=3.145 loop_us_avg=94 loop_us_max=5352 loop_hz=10638 cycle_log_ms=1 n_cycle=4 cc=1 cc_hz=1026 cc_i_tgt=0.1000 cc_u=0.5000 cc_r=4.9485 cc_tau_ms=7.00
[ 122.923] AL_ALM
[ 122.923] [ADC
[ 122.923] 1] STATUS alarm(s
[ 122.923] ): 0x49 PG
[ 123.934] AL_ALM
[ 123.934] [ADC1] STATUS alarm(s): 0x49 PG
[ 123.934] [STATUS] t_ms=1053945 hwm=5 cap=256 dropped=0 dropped_total=15795 crc_err=0 crc_err_total=0 rate1=511 rate2=512 prod1=511 prod2=512 dac_err=0 tx_drop=43203 hb_ms=0 sma_state=6 m7_us=1087379103 m4_us=1085184848 vdd=5.067 offset=0.5000 aref=3.145 loop_us_avg=94 loop_us_max=5402 loop_hz=10638 cycle_log_ms=1 n_cycle=4 cc=1 cc_hz=1026 cc_i_tgt=0.1000 cc_u=0.5000 cc_r=4.8413 cc_tau_ms=7.00
[ 124.942] AL_ALM
[ 124.942] [ADC1] STATUS alarm(s): 0x9 PG
[ 125.005] [STATUS] t_ms=1054945 hwm=5 cap=256 dropped=0 dropped_total=15795 crc_err=0 crc_err_total=0 rate1=513 rate2=512 prod1=513 prod2=512 dac_err=0 tx_drop=43203 hb_ms=0 sma_state=6 m7_us=1088411578 m4_us=1086217647 vdd=5.067 offset=0.5000 aref=3.145 loop_us_avg=94 loop_us_max=5326 loop_hz=10638 cycle_log_ms=1 n_cycle=4 cc=1 cc_hz=1026 cc_i_tgt=0.1000 cc_u=0.5000 cc_r=4.9020 cc_tau_ms=7.00
[ 125.951] AL_ALM
[ 125.951] [ADC1] STATUS alarm(s): 0xC9 PG
[ 126.016] [STATUS] t_ms=1055945 hwm=5 cap=256 dropped=0 dropped_total=15795 crc_err=0 crc_err_total=0 rate1=511 rate2=512 prod1=511 prod2=512 dac_err=0 tx_drop=43203 hb_ms=0 sma_state=6 m7_us=1089442712 m4_us=1087248454 vdd=5.067 offset=0.5000 aref=3.145 loop_us_avg=93 loop_us_max=5411 loop_hz=10752 cycle_log_ms=1 n_cycle=4 cc=1 cc_hz=1026 cc_i_tgt=0.1000 cc_u=0.5000 cc_r=4.8648 cc_tau_ms=7.00
[ 126.966] AL_ALM
[ 126.966] [ADC1] STATUS alarm(s): 0xC9 PG
[ 127.030] [STATUS] t_ms=1056945 hwm=5 cap=256 dropped=0 dropped_total=15795 crc_err=0 crc_err_total=0 rate1=513 rate2=512 prod1=513 prod2=512 dac_err=0 tx_drop=43203 hb_ms=0 sma_state=6 m7_us=1090475208 m4_us=1088281282 vdd=5.067 offset=0.5000 aref=3.145 loop_us_avg=93 loop_us_max=5330 loop_hz=10752 cycle_log_ms=1 n_cycle=4 cc=1 cc_hz=1026 cc_i_tgt=0.1000 cc_u=0.5082 cc_r=4.9156 cc_tau_ms=7.00
[ 127.980] AL_ALM
[ 127.980] [ADC1] STATUS alarm(s): 0
[ 127.980] xC9 PG
[ 128.043] [STATUS] t_ms=1057945 hwm=5 cap=256 dropped=0 dropped_total=15795 crc_err=0 crc_err_total=0 rate1=511 rate2=512 prod1=511 prod2=512 dac_err=0 tx_drop=43203 hb_ms=0 sma_state=6 m7_us=1091506347 m4_us=1089312070 vdd=5.067 offset=0.5000 aref=3.145 loop_us_avg=93 loop_us_max=5414 loop_hz=10752 cycle_log_ms=1 n_cycle=4 cc=1 cc_hz=1026 cc_i_tgt=0.1000 cc_u=0.5000 cc_r=4.8701 cc_tau_ms=7.00
[ 128.994] AL_ALM
[ 128.994] [ADC
[ 128.994] 1] STATUS alarm(s): 0x49 PG
[ 129.119] [STATUS] t_ms=1058945 hwm=5 cap=256 dropped=0 dropped_total=15795 crc_err=0 crc_err_total=0 rate1=513 rate2=512 prod1=513 prod2=512 dac_err=0 tx_drop=43203 hb_ms=0 sma_state=6 m7_us=1092538812 m4_us=1090344873 vdd=5.067 offset=0.5000 aref=3.145 loop_us_avg=92 loop_us_max=5324 loop_hz=10869 cycle_log_ms=1 n_cycle=4 cc=1 cc_hz=1026 cc_i_tgt=0.1000 cc_u=0.6354 cc_r=5.7333 cc_tau_ms=7.00
[ 130.005] AL_ALM
[ 130.005] [ADC1] STATUS alarm(s): 0x49 PG
[ 130.132] [STATUS] t_ms=1059945 hwm=5 cap=256 dropped=0 dropped_total=15795 crc_err=0 crc_err_total=0 rate1=511 rate2=512 prod1=511 prod2=512 dac_err=0 tx_drop=43203 hb_ms=0 sma_state=6 m7_us=1093569926 m4_us=1091375670 vdd=5.067 offset=0.5000 aref=3.145 loop_us_avg=92 loop_us_max=5415 loop_hz=10869 cycle_log_ms=1 n_cycle=4 cc=1 cc_hz=1026 cc_i_tgt=0.1000 cc_u=0.5278 cc_r=4.9692 cc_tau_ms=7.00
[ 130.954] AL_ALM
[ 130.954] [ADC1] STATUS alarm(s): 0x49 PG
[ 131.082] [SMA] [ACT] heat n=6/6 I=650.0mA ms=400
[ 131.146] [STATUS] t_ms=1060945 hwm=5 cap=256 dropped=0 dropped_total=15795 crc_err=0 crc_err_total=0 rate1=513 rate2=512 prod1=513 prod2=512 dac_err=0 tx_drop=43203 hb_ms=0 sma_state=5 m7_us=1094602384 m4_us=1092408447 vdd=5.067 offset=0.5000 aref=3.145 loop_us_avg=94 loop_us_max=5323 loop_hz=10638 cycle_log_ms=1 n_cycle=4 cc=1 cc_hz=1025 cc_i_tgt=0.6500 cc_u=3.8097 cc_r=5.8095 cc_tau_ms=7.00
[ 131.463] [SMA] [ACT] cool n=6/6 I=100.0mA ms=25000
[ 131.970] AL_ALM
[ 131.970] [ADC1] STATUS alarm(s): 0x49 PG
[ 132.222] [STATUS] t_ms=1061945 hwm=5 cap=256 dropped=0 dropped_total=15795 crc_err=0 crc_err_total=0 rate1=511 rate2=512 prod1=511 prod2=512 dac_err=0 tx_drop=43203 hb_ms=0 sma_state=6 m7_us=1095633531 m4_us=1093439270 vdd=5.067 offset=0.5000 aref=3.145 loop_us_avg=93 loop_us_max=5425 loop_hz=10752 cycle_log_ms=1 n_cycle=4 cc=1 cc_hz=1025 cc_i_tgt=0.1000 cc_u=0.5842 cc_r=5.8657 cc_tau_ms=7.00
[ 132.979] AL_ALM
[ 132.979] [ADC1] STATUS alarm(s): 0x89 PG
[ 133.232] [STATUS] t_ms=1062945 hwm=5 cap=256 dropped=0 dropped_total=15795 crc_err=0 crc_err_total=0 rate1=513 rate2=512 prod1=513 prod2=512 dac_err=0 tx_drop=43203 hb_ms=0 sma_state=6 m7_us=1096665996 m4_us=1094472063 vdd=5.067 offset=0.5000 aref=3.145 loop_us_avg=94 loop_us_max=5328 loop_hz=10638 cycle_log_ms=1 n_cycle=4 cc=1 cc_hz=1026 cc_i_tgt=0.1000 cc_u=0.5295 cc_r=5.0921 cc_tau_ms=7.00
[ 133.988] AL_ALM
[ 133.988] [ADC1] STATUS alarm(s): 0xC9 PG
[ 134.240] [STATUS] t_ms=1063945 hwm=5 cap=256 dropped=0 dropped_total=15795 crc_err=0 crc_err_total=0 rate1=511 rate2=512 prod1=511 prod2=512 dac_err=0 tx_drop=43203 hb_ms=0 sma_state=6 m7_us=1097697142 m4_us=1095502861 vdd=5.067 offset=0.5000 aref=3.145 loop_us_avg=92 loop_us_max=5399 loop_hz=10869 cycle_log_ms=1 n_cycle=4 cc=1 cc_hz=1026 cc_i_tgt=0.1000 cc_u=0.5020 cc_r=4.9411 cc_tau_ms=7.00
[ 135.002] AL_ALM
[ 135.002] [
[ 135.002] ADC1] STATUS alarm
[ 135.002] (s): 0xC9 PG
[ 135.317] [STATUS] t_ms=1064945 hwm=5 cap=256 dropped=0 dropped_total=15795 crc_err=0 crc_err_total=0 rate1=513 rate2=512 prod1=513 prod2=512 dac_err=0 tx_drop=43203 hb_ms=0 sma_state=6 m7_us=1098729605 m4_us=1096535669 vdd=5.067 offset=0.5000 aref=3.145 loop_us_avg=92 loop_us_max=5332 loop_hz=10869 cycle_log_ms=1 n_cycle=4 cc=1 cc_hz=1026 cc_i_tgt=0.1000 cc_u=0.5403 cc_r=5.3306 cc_tau_ms=7.00
[ 136.013] AL_ALM
[ 136.013] [ADC1] STATUS alarm(s): 0xC9 PG
[ 136.648] [STATUS] t_ms=1065945 hwm=5 cap=256 dropped=0 dropped_total=15795 crc_err=0 crc_err_total=0 rate1=511 rate2=512 prod1=511 prod2=512 dac_err=0 tx_drop=43203 hb_ms=0 sma_state=6 m7_us=1099760769 m4_us=1097566486 vdd=5.067 offset=0.5000 aref=3.145 loop_us_avg=92 loop_us_max=5414 loop_hz=10869 cycle_log_ms=1 n_cycle=4 cc=1 cc_hz=1026 cc_i_tgt=0.1000 cc_u=0.5001 cc_r=4.9191 cc_tau_ms=7.00
[ 137.029] AL_ALM
[ 137.029] [ADC1] STATUS alarm(s): 0x49 PG
[ 137.346] [STATUS] t_ms=1066945 hwm=256 cap=256 dropped=5 dropped_total=15800 crc_err=0 crc_err_total=0 rate1=509 rate2=506 prod1=510 prod2=509 dac_err=0 tx_drop=43203 hb_ms=0 sma_state=6 m7_us=1100793084 m4_us=1098598256 vdd=5.067 offset=0.5000 aref=3.145 loop_us_avg=126 loop_us_max=263682 loop_hz=7936 cycle_log_ms=1 n_cycle=4 cc=1 cc_hz=760 cc_i_tgt=0.1000 cc_u=0.5816 cc_r=5.5593 cc_tau_ms=7.00
[ 138.039] AL_ALM
[ 138.039] [ADC1] STATUS alarm(s): 0x49 PG
[ 138.418] [STATUS] t_ms=1067945 hwm=6 cap=256 dropped=0 dropped_total=15800 crc_err=0 crc_err_total=0 rate1=513 rate2=512 prod1=513 prod2=512 dac_err=0 tx_drop=43203 hb_ms=0 sma_state=6 m7_us=1101825096 m4_us=1099631071 vdd=5.067 offset=0.5000 aref=3.145 loop_us_avg=94 loop_us_max=5337 loop_hz=10638 cycle_log_ms=1 n_cycle=4 cc=1 cc_hz=1027 cc_i_tgt=0.1000 cc_u=0.5747 cc_r=5.6245 cc_tau_ms=7.00
[ 139.048] AL_ALM
[ 139.048] [ADC1] STATUS alarm(s): 0x49 PG
[ 139.428] [STATUS] t_ms=1068945 hwm=5 cap=256 dropped=0 dropped_total=15800 crc_err=0 crc_err_total=0 rate1=511 rate2=512 prod1=511 prod2=512 dac_err=0 tx_drop=43203 hb_ms=0 sma_state=6 m7_us=1102856181 m4_us=1100661917 vdd=5.067 offset=0.5000 aref=3.145 loop_us_avg=93 loop_us_max=5415 loop_hz=10752 cycle_log_ms=1 n_cycle=4 cc=1 cc_hz=1026 cc_i_tgt=0.1000 cc_u=0.5007 cc_r=4.9621 cc_tau_ms=7.00
[ 140.060] AL_ALM
[ 140.060] [ADC
[ 140.060] 1] STATUS alarm(s
[ 140.060] ): 0x9 PG
[ 140.439] [STATUS] t_ms=1069945 hwm=5 cap=256 dropped=0 dropped_total=15800 crc_err=0 crc_err_total=0 rate1=512 rate2=512 prod1=512 prod2=512 dac_err=0 tx_drop=43203 hb_ms=0 sma_state=6 m7_us=1103888541 m4_us=1101693770 vdd=5.067 offset=0.5000 aref=3.145 loop_us_avg=93 loop_us_max=5330 loop_hz=10752 cycle_log_ms=1 n_cycle=4 cc=1 cc_hz=1026 cc_i_tgt=0.1000 cc_u=0.5930 cc_r=5.5497 cc_tau_ms=7.00
[ 141.073] AL_ALM
[ 141.073] [ADC1] STATUS alarm(s): 0x9 PG
[ 141.514] [STATUS] t_ms=1070945 hwm=6 cap=256 dropped=0 dropped_total=15800 crc_err=0 crc_err_total=0 rate1=513 rate2=512 prod1=513 prod2=512 dac_err=0 tx_drop=43203 hb_ms=0 sma_state=6 m7_us=1104920518 m4_us=1102726597 vdd=5.067 offset=0.5000 aref=3.145 loop_us_avg=92 loop_us_max=5343 loop_hz=10869 cycle_log_ms=1 n_cycle=4 cc=1 cc_hz=1027 cc_i_tgt=0.1000 cc_u=0.5000 cc_r=4.9857 cc_tau_ms=7.00
[ 142.083] AL_ALM
[ 142.083] [ADC1] STATUS alarm(s): 0xC9 PG
[ 142.524] [STATUS] t_ms=1071945 hwm=5 cap=256 dropped=0 dropped_total=15800 crc_err=0 crc_err_total=0 rate1=511 rate2=512 prod1=511 prod2=512 dac_err=0 tx_drop=43203 hb_ms=0 sma_state=6 m7_us=1105951655 m4_us=1103757389 vdd=5.067 offset=0.5000 aref=3.145 loop_us_avg=92 loop_us_max=5404 loop_hz=10869 cycle_log_ms=1 n_cycle=4 cc=1 cc_hz=1026 cc_i_tgt=0.1000 cc_u=0.6222 cc_r=6.0840 cc_tau_ms=7.00
[ 143.092] AL_ALM
[ 143.092] [ADC1] STATUS alarm(s): 0xC9 PG
[ 143.535] [STATUS] t_ms=1072945 hwm=5 cap=256 dropped=0 dropped_total=15800 crc_err=0 crc_err_total=0 rate1=512 rate2=512 prod1=512 prod2=512 dac_err=0 tx_drop=43203 hb_ms=0 sma_state=6 m7_us=1106983981 m4_us=1104789222 vdd=5.067 offset=0.5000 aref=3.145 loop_us_avg=92 loop_us_max=5324 loop_hz=10869 cycle_log_ms=1 n_cycle=4 cc=1 cc_hz=1026 cc_i_tgt=0.1000 cc_u=0.5131 cc_r=5.6445 cc_tau_ms=7.00
[ 144.104] AL_
[ 144.104] ALM
[ 144.104] [ADC1] STATUS alarm(s): 0xC9 PG
[ 144.607] [STATUS] t_ms=1073945 hwm=6 cap=256 dropped=0 dropped_total=15800 crc_err=0 crc_err_total=0 rate1=513 rate2=512 prod1=513 prod2=512 dac_err=0 tx_drop=43203 hb_ms=0 sma_state=6 m7_us=1108015992 m4_us=1105822031 vdd=5.067 offset=0.5000 aref=3.145 loop_us_avg=94 loop_us_max=5367 loop_hz=10638 cycle_log_ms=1 n_cycle=4 cc=1 cc_hz=1027 cc_i_tgt=0.1000 cc_u=0.5059 cc_r=4.7960 cc_tau_ms=7.00
[ 145.114] AL_ALM
[ 145.114] [ADC1] STATUS alarm(s): 0x49 PG
[ 145.621] [STATUS] t_ms=1074945 hwm=5 cap=256 dropped=0 dropped_total=15800 crc_err=0 crc_err_total=0 rate1=511 rate2=512 prod1=511 prod2=512 dac_err=0 tx_drop=43203 hb_ms=0 sma_state=6 m7_us=1109047128 m4_us=1106852854 vdd=5.067 offset=0.5000 aref=3.145 loop_us_avg=94 loop_us_max=5404 loop_hz=10638 cycle_log_ms=1 n_cycle=4 cc=1 cc_hz=1026 cc_i_tgt=0.1000 cc_u=0.5000 cc_r=4.7864 cc_tau_ms=7.00
[ 146.128] AL_ALM
[ 146.128] [ADC1] STATUS alarm(s): 0x49
[ 146.128] PG
[ 146.629] [STATUS] t_ms=1075945 hwm=5 cap=256 dropped=0 dropped_total=15800 crc_err=0 crc_err_total=0 rate1=512 rate2=512 prod1=512 prod2=512 dac_err=0 tx_drop=43203 hb_ms=0 sma_state=6 m7_us=1110079481 m4_us=1107884656 vdd=5.067 offset=0.5000 aref=3.145 loop_us_avg=94 loop_us_max=5324 loop_hz=10638 cycle_log_ms=1 n_cycle=4 cc=1 cc_hz=1026 cc_i_tgt=0.1000 cc_u=0.5000 cc_r=4.8587 cc_tau_ms=7.00
[ 147.135] AL_ALM
[ 147.135] [ADC1] STATUS alarm(s): 0x49 PG
[ 147.703] [STATUS] t_ms=1076945 hwm=6 cap=256 dropped=0 dropped_total=15800 crc_err=0 crc_err_total=0 rate1=512 rate2=512 prod1=512 prod2=512 dac_err=0 tx_drop=43203 hb_ms=0 sma_state=6 m7_us=1111110717 m4_us=1108916454 vdd=5.067 offset=0.5000 aref=3.145 loop_us_avg=94 loop_us_max=5376 loop_hz=10638 cycle_log_ms=1 n_cycle=4 cc=1 cc_hz=1026 cc_i_tgt=0.1000 cc_u=0.6347 cc_r=5.7243 cc_tau_ms=7.00
[ 148.087] AL_ALM
[ 148.087] [ADC1] STATUS alarm(s): 0x49 PG
[ 148.716] [STATUS] t_ms=1077945 hwm=5 cap=256 dropped=0 dropped_total=15800 crc_err=0 crc_err_total=0 rate1=512 rate2=512 prod1=512 prod2=512 dac_err=0 tx_drop=43203 hb_ms=0 sma_state=6 m7_us=1112143096 m4_us=1109948246 vdd=5.067 offset=0.5000 aref=3.145 loop_us_avg=93 loop_us_max=5331 loop_hz=10752 cycle_log_ms=1 n_cycle=4 cc=1 cc_hz=1026 cc_i_tgt=0.1000 cc_u=0.5034 cc_r=4.9304 cc_tau_ms=7.00
[ 149.096] AL_ALM
[ 149.096] [ADC1] STATUS alarm(s): 0x89 PG
[ 149.725] [STATUS] t_ms=1078945 hwm=6 cap=256 dropped=0 dropped_total=15800 crc_err=0 crc_err_total=0 rate1=512 rate2=512 prod1=512 prod2=512 dac_err=0 tx_drop=43203 hb_ms=0 sma_state=6 m7_us=1113174305 m4_us=1110980032 vdd=5.067 offset=0.5000 aref=3.145 loop_us_avg=93 loop_us_max=5353 loop_hz=10752 cycle_log_ms=1 n_cycle=4 cc=1 cc_hz=1026 cc_i_tgt=0.1000 cc_u=0.5000 cc_r=4.9056 cc_tau_ms=7.00
[ 150.107] AL_ALM
[ 150.107] [ADC1] STATUS alarm(s): 0xC9 PG
[ 150.802] [STATUS] t_ms=1079945 hwm=5 cap=256 dropped=0 dropped_total=15800 crc_err=0 crc_err_total=0 rate1=512 rate2=512 prod1=512 prod2=512 dac_err=0 tx_drop=43203 hb_ms=0 sma_state=6 m7_us=1114206640 m4_us=1112011798 vdd=5.067 offset=0.5000 aref=3.145 loop_us_avg=93 loop_us_max=5316 loop_hz=10752 cycle_log_ms=1 n_cycle=4 cc=1 cc_hz=1026 cc_i_tgt=0.1000 cc_u=0.5091 cc_r=4.8884 cc_tau_ms=7.00
[ 151.117] AL_ALM
[ 151.117] [ADC1] STATUS alarm(s): 0xC9 PG
[ 151.813] [STATUS] t_ms=1080945 hwm=6 cap=256 dropped=0 dropped_total=15800 crc_err=0 crc_err_total=0 rate1=512 rate2=512 prod1=512 prod2=512 dac_err=0 tx_drop=43203 hb_ms=0 sma_state=6 m7_us=1115237845 m4_us=1113043574 vdd=5.067 offset=0.5000 aref=3.145 loop_us_avg=92 loop_us_max=5447 loop_hz=10869 cycle_log_ms=1 n_cycle=4 cc=1 cc_hz=1026 cc_i_tgt=0.1000 cc_u=0.5070 cc_r=4.8538 cc_tau_ms=7.00
[ 152.130] AL_
[ 152.130] ALM
[ 152.130] [ADC1] STATUS alarm(s): 0x49 PG
[ 152.820] [STATUS] t_ms=1081945 hwm=5 cap=256 dropped=0 dropped_total=15800 crc_err=0 crc_err_total=0 rate1=512 rate2=512 prod1=512 prod2=512 dac_err=0 tx_drop=43203 hb_ms=0 sma_state=6 m7_us=1116270136 m4_us=1114075382 vdd=5.067 offset=0.5000 aref=3.145 loop_us_avg=93 loop_us_max=5323 loop_hz=10752 cycle_log_ms=1 n_cycle=4 cc=1 cc_hz=1026 cc_i_tgt=0.1000 cc_u=0.5054 cc_r=4.8325 cc_tau_ms=7.00
[ 153.135] AL_ALM
[ 153.135] [ADC1] STATUS alarm(s): 0x49 PG
[ 153.893] [STATUS] t_ms=1082945 hwm=6 cap=256 dropped=0 dropped_total=15800 crc_err=0 crc_err_total=0 rate1=513 rate2=512 prod1=513 prod2=512 dac_err=0 tx_drop=43203 hb_ms=0 sma_state=6 m7_us=1117302134 m4_us=1115108191 vdd=5.067 offset=0.5000 aref=3.145 loop_us_avg=94 loop_us_max=5356 loop_hz=10638 cycle_log_ms=1 n_cycle=4 cc=1 cc_hz=1027 cc_i_tgt=0.1000 cc_u=0.5000 cc_r=4.8869 cc_tau_ms=7.00
[ 154.143] AL_ALM
[ 154.143] [AD
[ 154.143] C1] STATUS alarm(s): 0x49 PG
[ 154.900] [STATUS] t_ms=1083945 hwm=5 cap=256 dropped=0 dropped_total=15800 crc_err=0 crc_err_total=0 rate1=511 rate2=512 prod1=511 prod2=512 dac_err=0 tx_drop=43203 hb_ms=0 sma_state=6 m7_us=1118333213 m4_us=1116138941 vdd=5.067 offset=0.5000 aref=3.145 loop_us_avg=93 loop_us_max=5410 loop_hz=10752 cycle_log_ms=1 n_cycle=4 cc=1 cc_hz=1026 cc_i_tgt=0.1000 cc_u=0.5000 cc_r=4.8634 cc_tau_ms=7.00
[ 155.154] AL_ALM
[ 155.154] [ADC1] STATUS alarm(s): 0x49 PG
