[   0.061] [SMA] ARMED (MOSFET on); idle=0.500 V
[   0.062] PGA
[   0.062] L_ALM
[   0.062] [ADC1]
[   0.062] STATUS alarm(s): 0x49
[   0.062] [STATUS] t_ms=1284493 hwm=94 cap=256 dropped=0 dropped_total=22490 crc_err=0 crc_err_total=0 rate1=496 rate2=497 prod1=511 prod2=512 dac_err=0 tx_drop=43203 hb_ms=0 sma_state=0 m7_us=1325265195 m4_us=1323038867 vdd=5.067 offset=0.5000 aref=3.145 loop_us_avg=23 loop_us_max=93942 loop_hz=43478 cycle_log_ms=1 n_cycle=4 cc=0 cc_hz=0 cc_i_tgt=0.1000 cc_u=0.5047 cc_r=4.9396 cc_tau_ms=7.00
[   0.936] [ADC1] STATUS al
[   0.936] arm(s): 0x49
[   1.061] [STATUS] t_ms=1285493 hwm=37 cap=256 dropped=0 dropped_total=22490 crc_err=0 crc_err_total=0 rate1=527 rate2=527 prod1=512 prod2=511 dac_err=0 tx_drop=43203 hb_ms=0 sma_state=0 m7_us=1326296548 m4_us=1324102127 vdd=5.067 offset=0.5000 aref=3.145 loop_us_avg=22 loop_us_max=8164 loop_hz=45454 cycle_log_ms=1 n_cycle=4 cc=0 cc_hz=0 cc_i_tgt=0.1000 cc_u=0.5047 cc_r=4.9396 cc_tau_ms=7.00
[   1.942] [ADC1] STATUS a
[   1.942] larm(s): 0x49
[   0.063] [SMA] [CC] start i_high=850.0mA i_low=100.0mA t_high=400 t_idle=30000 n=6 (0=cont) tau_ms=7.0 wdt_ms=5000
[   0.063] [SMA] [ACT] heat n=1/6 I=850.0mA ms=400
[   0.125] [STATUS] t_ms=1286493 hwm=5 cap=256 dropped=0 dropped_total=22490 crc_err=0 crc_err_total=0 rate1=512 rate2=513 prod1=512 prod2=513 dac_err=0 tx_drop=43203 hb_ms=0 sma_state=5 m7_us=1327329438 m4_us=1325135232 vdd=5.067 offset=0.5000 aref=3.145 loop_us_avg=23 loop_us_max=4629 loop_hz=43478 cycle_log_ms=1 n_cycle=4 cc=1 cc_hz=56 cc_i_tgt=0.8500 cc_u=0.8212 cc_r=0.0000 cc_tau_ms=7.00
[   0.440] [SMA] [ACT] cool n=1/6 I=100.0mA ms=30000
[   0.943] [ADC1] STATUS alarm(
[   0.943] s): 0x49
[   1.131] [STATUS] t_ms=1287493 hwm=5 cap=256 dropped=0 dropped_total=22490 crc_err=0 crc_err_total=0 rate1=512 rate2=512 prod1=512 prod2=512 dac_err=0 tx_drop=43203 hb_ms=0 sma_state=6 m7_us=1328361311 m4_us=1326167242 vdd=5.067 offset=0.5000 aref=3.145 loop_us_avg=88 loop_us_max=5552 loop_hz=11363 cycle_log_ms=1 n_cycle=4 cc=1 cc_hz=1024 cc_i_tgt=0.1000 cc_u=0.9684 cc_r=0.0000 cc_tau_ms=7.00
[   1.957] [ADC1] STATUS alarm(s): 0x49
[   2.147] [STATUS] t_ms=1288493 hwm=5 cap=256 dropped=0 dropped_total=22490 crc_err=0 crc_err_total=0 rate1=512 rate2=511 prod1=512 prod2=511 dac_err=0 tx_drop=43203 hb_ms=0 sma_state=6 m7_us=1329392730 m4_us=1327198207 vdd=5.067 offset=0.5000 aref=3.145 loop_us_avg=91 loop_us_max=5382 loop_hz=10989 cycle_log_ms=1 n_cycle=4 cc=1 cc_hz=1026 cc_i_tgt=0.1000 cc_u=0.5015 cc_r=4.9685 cc_tau_ms=7.00
[   2.972] [ADC1] STATUS alarm(s): 0x49
[   3.222] [STATUS] t_ms=1289493 hwm=5 cap=256 dropped=0 dropped_total=22490 crc_err=0 crc_err_total=0 rate1=512 rate2=513 prod1=512 prod2=513 dac_err=0 tx_drop=43203 hb_ms=0 sma_state=6 m7_us=1330425198 m4_us=1328231114 vdd=5.067 offset=0.5000 aref=3.145 loop_us_avg=94 loop_us_max=5404 loop_hz=10638 cycle_log_ms=1 n_cycle=4 cc=1 cc_hz=1026 cc_i_tgt=0.1000 cc_u=0.5000 cc_r=4.9040 cc_tau_ms=7.00
[   3.975] [ADC1] STATUS alarm(s): 0x49
[   4.230] [STATUS] t_ms=1290493 hwm=5 cap=256 dropped=0 dropped_total=22490 crc_err=0 crc_err_total=0 rate1=512 rate2=511 prod1=512 prod2=511 dac_err=0 tx_drop=43203 hb_ms=0 sma_state=6 m7_us=1331456533 m4_us=1329262005 vdd=5.067 offset=0.5000 aref=3.145 loop_us_avg=92 loop_us_max=5401 loop_hz=10869 cycle_log_ms=1 n_cycle=4 cc=1 cc_hz=1026 cc_i_tgt=0.1000 cc_u=0.5000 cc_r=4.8910 cc_tau_ms=7.00
[   4.988] ALM
[   4.988] [ADC1] STATUS
[   4.988] alarm(s): 0x49
[   5.242] [STATUS] t_ms=1291493 hwm=5 cap=256 dropped=0 dropped_total=22490 crc_err=0 crc_err_total=0 rate1=512 rate2=513 prod1=512 prod2=513 dac_err=0 tx_drop=43203 hb_ms=0 sma_state=6 m7_us=1332488998 m4_us=1330294893 vdd=5.067 offset=0.5000 aref=3.145 loop_us_avg=94 loop_us_max=5401 loop_hz=10638 cycle_log_ms=1 n_cycle=4 cc=1 cc_hz=1026 cc_i_tgt=0.1000 cc_u=0.5000 cc_r=4.8550 cc_tau_ms=7.00
[   6.003] [ADC1] STATUS alarm(s): 0x9
[   6.318] [STATUS] t_ms=1292493 hwm=5 cap=256 dropped=0 dropped_total=22490 crc_err=0 crc_err_total=0 rate1=512 rate2=511 prod1=512 prod2=511 dac_err=0 tx_drop=43203 hb_ms=0 sma_state=6 m7_us=1333520327 m4_us=1331325785 vdd=5.067 offset=0.5000 aref=3.145 loop_us_avg=92 loop_us_max=5508 loop_hz=10869 cycle_log_ms=1 n_cycle=4 cc=1 cc_hz=1026 cc_i_tgt=0.1000 cc_u=0.5057 cc_r=4.8418 cc_tau_ms=7.00
[   7.014] [ADC1] STATUS alarm(s): 0x89
[   7.329] [STATUS] t_ms=1293493 hwm=6 cap=256 dropped=0 dropped_total=22490 crc_err=0 crc_err_total=0 rate1=512 rate2=513 prod1=512 prod2=513 dac_err=0 tx_drop=43203 hb_ms=0 sma_state=6 m7_us=1334552805 m4_us=1332358714 vdd=5.067 offset=0.5000 aref=3.145 loop_us_avg=92 loop_us_max=5488 loop_hz=10869 cycle_log_ms=1 n_cycle=4 cc=1 cc_hz=1026 cc_i_tgt=0.1000 cc_u=0.5000 cc_r=4.8387 cc_tau_ms=7.00
[   8.023] ALM
[   8.023] [ADC1] STATUS
[   8.023] alarm(s): 0xC9
[   8.339] [STATUS] t_ms=1294493 hwm=5 cap=256 dropped=0 dropped_total=22490 crc_err=0 crc_err_total=0 rate1=512 rate2=511 prod1=512 prod2=511 dac_err=0 tx_drop=43203 hb_ms=0 sma_state=6 m7_us=1335584278 m4_us=1333389641 vdd=5.067 offset=0.5000 aref=3.145 loop_us_avg=94 loop_us_max=5401 loop_hz=10638 cycle_log_ms=1 n_cycle=4 cc=1 cc_hz=1026 cc_i_tgt=0.1000 cc_u=0.5000 cc_r=4.8755 cc_tau_ms=7.00
[   9.036] [ADC1] STATUS alarm(s): 0xC9
[   9.415] [STATUS] t_ms=1295493 hwm=6 cap=256 dropped=0 dropped_total=22490 crc_err=0 crc_err_total=0 rate1=512 rate2=513 prod1=512 prod2=513 dac_err=0 tx_drop=43203 hb_ms=0 sma_state=6 m7_us=1336616653 m4_us=1334422566 vdd=5.067 offset=0.5000 aref=3.145 loop_us_avg=94 loop_us_max=5520 loop_hz=10638 cycle_log_ms=1 n_cycle=4 cc=1 cc_hz=1026 cc_i_tgt=0.1000 cc_u=0.5156 cc_r=4.9313 cc_tau_ms=7.00
[  10.047] [ADC1] STATUS alarm(s): 0xC9
[  10.428] [STATUS] t_ms=1296493 hwm=5 cap=256 dropped=0 dropped_total=22490 crc_err=0 crc_err_total=0 rate1=512 rate2=511 prod1=512 prod2=511 dac_err=0 tx_drop=43203 hb_ms=0 sma_state=6 m7_us=1337647995 m4_us=1335453468 vdd=5.067 offset=0.5000 aref=3.145 loop_us_avg=93 loop_us_max=5408 loop_hz=10752 cycle_log_ms=1 n_cycle=4 cc=1 cc_hz=1026 cc_i_tgt=0.1000 cc_u=0.5000 cc_r=4.8806 cc_tau_ms=7.00
[  11.059] M
[  11.059] [ADC1] STATUS al
[  11.059] arm(s): 0xC9
[  11.438] [STATUS] t_ms=1297493 hwm=5 cap=256 dropped=0 dropped_total=22490 crc_err=0 crc_err_total=0 rate1=512 rate2=513 prod1=512 prod2=513 dac_err=0 tx_drop=43203 hb_ms=0 sma_state=6 m7_us=1338680476 m4_us=1336486387 vdd=5.067 offset=0.5000 aref=3.145 loop_us_avg=93 loop_us_max=5403 loop_hz=10752 cycle_log_ms=1 n_cycle=4 cc=1 cc_hz=1026 cc_i_tgt=0.1000 cc_u=0.5000 cc_r=4.9207 cc_tau_ms=7.00
[  12.071] [ADC1] STATUS alarm(s): 0x49
[  12.451] [STATUS] t_ms=1298493 hwm=5 cap=256 dropped=0 dropped_total=22490 crc_err=0 crc_err_total=0 rate1=512 rate2=511 prod1=512 prod2=511 dac_err=0 tx_drop=43203 hb_ms=0 sma_state=6 m7_us=1339711830 m4_us=1337517301 vdd=5.067 offset=0.5000 aref=3.145 loop_us_avg=93 loop_us_max=5402 loop_hz=10752 cycle_log_ms=1 n_cycle=4 cc=1 cc_hz=1026 cc_i_tgt=0.1000 cc_u=0.5000 cc_r=4.8816 cc_tau_ms=7.00
[  13.023] [ADC1] STATUS alarm(s): 0x49
[  13.525] [STATUS] t_ms=1299493 hwm=5 cap=256 dropped=0 dropped_total=22490 crc_err=0 crc_err_total=0 rate1=512 rate2=513 prod1=512 prod2=513 dac_err=0 tx_drop=43203 hb_ms=0 sma_state=6 m7_us=1340744335 m4_us=1338550240 vdd=5.067 offset=0.5000 aref=3.145 loop_us_avg=93 loop_us_max=5408 loop_hz=10752 cycle_log_ms=1 n_cycle=4 cc=1 cc_hz=1026 cc_i_tgt=0.1000 cc_u=0.5000 cc_r=4.9174 cc_tau_ms=7.00
[  14.029] M
[  14.029] [ADC1] STATUS a
[  14.029] larm(s): 0x49
[  14.536] [STATUS] t_ms=1300493 hwm=5 cap=256 dropped=0 dropped_total=22490 crc_err=0 crc_err_total=0 rate1=512 rate2=511 prod1=512 prod2=511 dac_err=0 tx_drop=43203 hb_ms=0 sma_state=6 m7_us=1341775679 m4_us=1339581148 vdd=5.067 offset=0.5000 aref=3.145 loop_us_avg=94 loop_us_max=5411 loop_hz=10638 cycle_log_ms=1 n_cycle=4 cc=1 cc_hz=1026 cc_i_tgt=0.1000 cc_u=0.6475 cc_r=6.0704 cc_tau_ms=7.00
[  15.350] [ADC1] STATUS alarm(s): 0x49
[  15.594] [STATUS] t_ms=1301493 hwm=192 cap=256 dropped=0 dropped_total=22490 crc_err=0 crc_err_total=0 rate1=510 rate2=512 prod1=512 prod2=513 dac_err=0 tx_drop=43203 hb_ms=0 sma_state=6 m7_us=1342808091 m4_us=1340614064 vdd=5.067 offset=0.5000 aref=3.145 loop_us_avg=116 loop_us_max=193833 loop_hz=8620 cycle_log_ms=1 n_cycle=4 cc=1 cc_hz=828 cc_i_tgt=0.1000 cc_u=0.6519 cc_r=6.3177 cc_tau_ms=7.00
[  16.100] [ADC1] STATUS alarm(s): 0x49
[  16.607] [STATUS] t_ms=1302493 hwm=5 cap=256 dropped=0 dropped_total=22490 crc_err=0 crc_err_total=0 rate1=512 rate2=511 prod1=512 prod2=511 dac_err=0 tx_drop=43203 hb_ms=0 sma_state=6 m7_us=1343839327 m4_us=1341644892 vdd=5.067 offset=0.5000 aref=3.145 loop_us_avg=94 loop_us_max=5415 loop_hz=10638 cycle_log_ms=1 n_cycle=4 cc=1 cc_hz=1026 cc_i_tgt=0.1000 cc_u=0.5000 cc_r=4.8860 cc_tau_ms=7.00
[  17.049] _ALM
[  17.049] [ADC1] STATU
[  17.049] S alarm(s): 0x9
[  17.617] [STATUS] t_ms=1303493 hwm=5 cap=256 dropped=0 dropped_total=22490 crc_err=0 crc_err_total=0 rate1=512 rate2=512 prod1=512 prod2=512 dac_err=0 tx_drop=43203 hb_ms=0 sma_state=6 m7_us=1344871319 m4_us=1342676754 vdd=5.067 offset=0.5000 aref=3.145 loop_us_avg=93 loop_us_max=5324 loop_hz=10752 cycle_log_ms=1 n_cycle=4 cc=1 cc_hz=1027 cc_i_tgt=0.1000 cc_u=0.5000 cc_r=4.8910 cc_tau_ms=7.00
[  18.059] [ADC1] STATUS alarm(s): 0x89
[  18.692] [STATUS] t_ms=1304493 hwm=6 cap=256 dropped=0 dropped_total=22490 crc_err=0 crc_err_total=0 rate1=512 rate2=513 prod1=512 prod2=513 dac_err=0 tx_drop=43203 hb_ms=0 sma_state=6 m7_us=1345903672 m4_us=1343709622 vdd=5.067 offset=0.5000 aref=3.145 loop_us_avg=92 loop_us_max=5409 loop_hz=10869 cycle_log_ms=1 n_cycle=4 cc=1 cc_hz=1026 cc_i_tgt=0.1000 cc_u=0.5071 cc_r=4.9259 cc_tau_ms=7.00
[  19.073] PGA
[  19.073] L_ALM
[  19.073] [ADC1] ST
[  19.073] ATUS alarm(s): 0xC9
[  19.704] [STATUS] t_ms=1305493 hwm=5 cap=256 dropped=0 dropped_total=22490 crc_err=0 crc_err_total=0 rate1=512 rate2=511 prod1=512 prod2=511 dac_err=0 tx_drop=43203 hb_ms=0 sma_state=6 m7_us=1346934889 m4_us=1344740466 vdd=5.067 offset=0.5000 aref=3.145 loop_us_avg=92 loop_us_max=5413 loop_hz=10869 cycle_log_ms=1 n_cycle=4 cc=1 cc_hz=1026 cc_i_tgt=0.1000 cc_u=0.5126 cc_r=5.0195 cc_tau_ms=7.00
[  20.083] [ADC1] STATUS alarm(s): 0xC9
[  20.718] [STATUS] t_ms=1306493 hwm=6 cap=256 dropped=0 dropped_total=22490 crc_err=0 crc_err_total=0 rate1=512 rate2=513 prod1=512 prod2=513 dac_err=0 tx_drop=43203 hb_ms=0 sma_state=6 m7_us=1347967407 m4_us=1345773334 vdd=5.067 offset=0.5000 aref=3.145 loop_us_avg=93 loop_us_max=5469 loop_hz=10752 cycle_log_ms=1 n_cycle=4 cc=1 cc_hz=1026 cc_i_tgt=0.1000 cc_u=0.5000 cc_r=5.0689 cc_tau_ms=7.00
[  21.098] [ADC1] STATUS alarm(s): 0xC9
[  21.796] [STATUS] t_ms=1307493 hwm=5 cap=256 dropped=0 dropped_total=22490 crc_err=0 crc_err_total=0 rate1=512 rate2=511 prod1=512 prod2=511 dac_err=0 tx_drop=43203 hb_ms=0 sma_state=6 m7_us=1348998622 m4_us=1346804204 vdd=5.067 offset=0.5000 aref=3.145 loop_us_avg=94 loop_us_max=5404 loop_hz=10638 cycle_log_ms=1 n_cycle=4 cc=1 cc_hz=1026 cc_i_tgt=0.1000 cc_u=0.5167 cc_r=4.9297 cc_tau_ms=7.00
[  22.111] M
[  22.111] [ADC1] STATUS alarm(s): 0xC9
[  22.807] [STATUS] t_ms=1308493 hwm=5 cap=256 dropped=0 dropped_total=22490 crc_err=0 crc_err_total=0 rate1=512 rate2=512 prod1=512 prod2=512 dac_err=0 tx_drop=43203 hb_ms=0 sma_state=6 m7_us=1350030656 m4_us=1347836063 vdd=5.067 offset=0.5000 aref=3.145 loop_us_avg=92 loop_us_max=5389 loop_hz=10869 cycle_log_ms=1 n_cycle=4 cc=1 cc_hz=1027 cc_i_tgt=0.1000 cc_u=0.5000 cc_r=4.9051 cc_tau_ms=7.00
[  23.119] [ADC1] STATUS alarm(s): 0x49
[  23.816] [STATUS] t_ms=1309493 hwm=6 cap=256 dropped=0 dropped_total=22490 crc_err=0 crc_err_total=0 rate1=512 rate2=513 prod1=512 prod2=513 dac_err=0 tx_drop=43203 hb_ms=0 sma_state=6 m7_us=1351063029 m4_us=1348868925 vdd=5.067 offset=0.5000 aref=3.145 loop_us_avg=94 loop_us_max=5350 loop_hz=10638 cycle_log_ms=1 n_cycle=4 cc=1 cc_hz=1026 cc_i_tgt=0.1000 cc_u=0.5000 cc_r=4.8586 cc_tau_ms=7.00
[  24.131] _ALM
[  24.131] [ADC1] STAT
[  24.131] US alarm(s): 0x49
[  24.887] [STATUS] t_ms=1310493 hwm=5 cap=256 dropped=0 dropped_total=22490 crc_err=0 crc_err_total=0 rate1=512 rate2=511 prod1=512 prod2=511 dac_err=0 tx_drop=43203 hb_ms=0 sma_state=6 m7_us=1352094152 m4_us=1349899717 vdd=5.067 offset=0.5000 aref=3.145 loop_us_avg=94 loop_us_max=5402 loop_hz=10638 cycle_log_ms=1 n_cycle=4 cc=1 cc_hz=1026 cc_i_tgt=0.1000 cc_u=0.5000 cc_r=4.9027 cc_tau_ms=7.00
[  25.139] [ADC1] STATUS alarm(s): 0x49
[  25.901] [STATUS] t_ms=1311493 hwm=5 cap=256 dropped=0 dropped_total=22490 crc_err=0 crc_err_total=0 rate1=512 rate2=512 prod1=512 prod2=512 dac_err=0 tx_drop=43203 hb_ms=0 sma_state=6 m7_us=1353126180 m4_us=1350931557 vdd=5.067 offset=0.5000 aref=3.145 loop_us_avg=94 loop_us_max=5338 loop_hz=10638 cycle_log_ms=1 n_cycle=4 cc=1 cc_hz=1027 cc_i_tgt=0.1000 cc_u=0.5000 cc_r=4.9014 cc_tau_ms=7.00
[  26.155] [ADC1] STATUS alarm(s): 0x49
[  26.918] [STATUS] t_ms=1312493 hwm=6 cap=256 dropped=0 dropped_total=22490 crc_err=0 crc_err_total=0 rate1=512 rate2=513 prod1=512 prod2=513 dac_err=0 tx_drop=43203 hb_ms=0 sma_state=6 m7_us=1354158562 m4_us=1351964445 vdd=5.067 offset=0.5000 aref=3.145 loop_us_avg=94 loop_us_max=5399 loop_hz=10638 cycle_log_ms=1 n_cycle=4 cc=1 cc_hz=1026 cc_i_tgt=0.1000 cc_u=0.5031 cc_r=4.9164 cc_tau_ms=7.00
[  27.168] [ADC1] STATUS alarm(s): 0x9
[  27.927] [STATUS] t_ms=1313493 hwm=5 cap=256 dropped=0 dropped_total=22490 crc_err=0 crc_err_total=0 rate1=512 rate2=511 prod1=512 prod2=511 dac_err=0 tx_drop=43203 hb_ms=0 sma_state=6 m7_us=1355189727 m4_us=1352995317 vdd=5.067 offset=0.5000 aref=3.145 loop_us_avg=94 loop_us_max=5396 loop_hz=10638 cycle_log_ms=1 n_cycle=4 cc=1 cc_hz=1026 cc_i_tgt=0.1000 cc_u=0.5000 cc_r=4.8533 cc_tau_ms=7.00
[  28.182] PGA
[  28.182] L_ALM
[  28.182] [ADC1] ST
[  28.182] ATUS alarm(s): 0x89
[  29.003] [STATUS] t_ms=1314493 hwm=5 cap=256 dropped=0 dropped_total=22490 crc_err=0 crc_err_total=0 rate1=512 rate2=512 prod1=512 prod2=512 dac_err=0 tx_drop=43203 hb_ms=0 sma_state=6 m7_us=1356221809 m4_us=1354027189 vdd=5.067 offset=0.5000 aref=3.145 loop_us_avg=93 loop_us_max=5320 loop_hz=10752 cycle_log_ms=1 n_cycle=4 cc=1 cc_hz=1027 cc_i_tgt=0.1000 cc_u=0.5000 cc_r=4.8817 cc_tau_ms=7.00
[  29.193] [ADC1] STATUS alarm(s): 0xC9
[  30.013] [STATUS] t_ms=1315493 hwm=6 cap=256 dropped=0 dropped_total=22490 crc_err=0 crc_err_total=0 rate1=512 rate2=513 prod1=512 prod2=513 dac_err=0 tx_drop=43203 hb_ms=0 sma_state=6 m7_us=1357254171 m4_us=1355060096 vdd=5.067 offset=0.5000 aref=3.145 loop_us_avg=94 loop_us_max=5485 loop_hz=10638 cycle_log_ms=1 n_cycle=4 cc=1 cc_hz=1026 cc_i_tgt=0.1000 cc_u=0.5000 cc_r=4.8899 cc_tau_ms=7.00
[  30.200] [AD
[  30.200] C1] STATUS alarm(s):
[  30.200] 0xC9
[  31.020] [STATUS] t_ms=1316493 hwm=5 cap=256 dropped=0 dropped_total=22490 crc_err=0 crc_err_total=0 rate1=512 rate2=511 prod1=512 prod2=511 dac_err=0 tx_drop=43203 hb_ms=0 sma_state=6 m7_us=1358285407 m4_us=1356090972 vdd=5.067 offset=0.5000 aref=3.145 loop_us_avg=94 loop_us_max=5406 loop_hz=10638 cycle_log_ms=1 n_cycle=4 cc=1 cc_hz=1026 cc_i_tgt=0.1000 cc_u=0.5000 cc_r=4.9119 cc_tau_ms=7.00
[  31.208] [ADC1] STATUS alarm(s): 0xC9
[  31.398] [SMA] [ACT] heat n=2/6 I=850.0mA ms=400
[  31.844] [SMA] [ACT] cool n=2/6 I=100.0mA ms=30000
[  32.098] [STATUS] t_ms=1317493 hwm=5 cap=256 dropped=0 dropped_total=22490 crc_err=0 crc_err_total=0 rate1=512 rate2=512 prod1=512 prod2=512 dac_err=0 tx_drop=43203 hb_ms=0 sma_state=6 m7_us=1359317458 m4_us=1357122847 vdd=5.067 offset=0.5000 aref=3.145 loop_us_avg=92 loop_us_max=5339 loop_hz=10869 cycle_log_ms=1 n_cycle=4 cc=1 cc_hz=1025 cc_i_tgt=0.1000 cc_u=0.5861 cc_r=4.9405 cc_tau_ms=7.00
[  32.226] [ADC1] STATUS alarm(s): 0xC9
[  33.107] [STATUS] t_ms=1318493 hwm=6 cap=256 dropped=0 dropped_total=22490 crc_err=0 crc_err_total=0 rate1=512 rate2=512 prod1=512 prod2=512 dac_err=0 tx_drop=43203 hb_ms=0 sma_state=6 m7_us=1360349064 m4_us=1358154645 vdd=5.067 offset=0.5000 aref=3.145 loop_us_avg=94 loop_us_max=5371 loop_hz=10638 cycle_log_ms=1 n_cycle=4 cc=1 cc_hz=1025 cc_i_tgt=0.1000 cc_u=0.5829 cc_r=5.7717 cc_tau_ms=7.00
[  33.170] PGA
[  33.170] L_ALM
[  33.170] [ADC1] ST
[  33.170] ATUS alarm(s): 0x49
[  34.119] [STATUS] t_ms=1319493 hwm=5 cap=256 dropped=0 dropped_total=22490 crc_err=0 crc_err_total=0 rate1=512 rate2=512 prod1=512 prod2=512 dac_err=0 tx_drop=43203 hb_ms=0 sma_state=6 m7_us=1361381062 m4_us=1359186447 vdd=5.067 offset=0.5000 aref=3.145 loop_us_avg=94 loop_us_max=5334 loop_hz=10638 cycle_log_ms=1 n_cycle=4 cc=1 cc_hz=1027 cc_i_tgt=0.1000 cc_u=0.5775 cc_r=5.8438 cc_tau_ms=7.00
[  34.183] [ADC1] STATUS alarm(s): 0x49
[  35.196] [STATUS] t_ms=1320493 hwm=6 cap=256 dropped=0 dropped_total=22490 crc_err=0 crc_err_total=0 rate1=512 rate2=512 prod1=512 prod2=512 dac_err=0 tx_drop=43203 hb_ms=0 sma_state=6 m7_us=1362412682 m4_us=1360218236 vdd=5.067 offset=0.5000 aref=3.145 loop_us_avg=93 loop_us_max=5361 loop_hz=10752 cycle_log_ms=1 n_cycle=4 cc=1 cc_hz=1025 cc_i_tgt=0.1000 cc_u=0.6082 cc_r=5.8373 cc_tau_ms=7.00
[  35.196] [ADC1] STATUS alarm(s): 0x49
[  36.206] [STATUS] t_ms=1321493 hwm=5 cap=256 dropped=0 dropped_total=22490 crc_err=0 crc_err_total=0 rate1=512 rate2=512 prod1=512 prod2=512 dac_err=0 tx_drop=43203 hb_ms=0 sma_state=6 m7_us=1363444663 m4_us=1361250009 vdd=5.067 offset=0.5000 aref=3.145 loop_us_avg=92 loop_us_max=5344 loop_hz=10869 cycle_log_ms=1 n_cycle=4 cc=1 cc_hz=1027 cc_i_tgt=0.1000 cc_u=0.5490 cc_r=5.7938 cc_tau_ms=7.00
[  36.206] [ADC1] STATUS alarm(s): 0x9
[  37.219] [ADC1] STATUS alarm(s): 0x89
[  37.219] [STATUS] t_ms=1322493 hwm=6 cap=256 dropped=0 dropped_total=22490 crc_err=0 crc_err_total=0 rate1=512 rate2=512 prod1=512 prod2=512 dac_err=0 tx_drop=43203 hb_ms=0 sma_state=6 m7_us=1364476207 m4_us=1362281788 vdd=5.067 offset=0.5000 aref=3.145 loop_us_avg=94 loop_us_max=5347 loop_hz=10638 cycle_log_ms=1 n_cycle=4 cc=1 cc_hz=1025 cc_i_tgt=0.1000 cc_u=0.6428 cc_r=6.0146 cc_tau_ms=7.00
[  38.226] [ADC1] STATUS alarm(s): 0xC9
[  38.290] [STATUS] t_ms=1323493 hwm=5 cap=256 dropped=0 dropped_total=22490 crc_err=0 crc_err_total=0 rate1=512 rate2=513 prod1=512 prod2=513 dac_err=0 tx_drop=43203 hb_ms=0 sma_state=6 m7_us=1365508582 m4_us=1363314550 vdd=5.067 offset=0.5000 aref=3.145 loop_us_avg=93 loop_us_max=5330 loop_hz=10752 cycle_log_ms=1 n_cycle=4 cc=1 cc_hz=1026 cc_i_tgt=0.1000 cc_u=0.6046 cc_r=5.9626 cc_tau_ms=7.00
[  39.232] [A
[  39.232] DC1] STATUS alarm(s): 0xC9
[  39.295] [STATUS] t_ms=1324493 hwm=5 cap=256 dropped=0 dropped_total=22490 crc_err=0 crc_err_total=0 rate1=512 rate2=511 prod1=512 prod2=511 dac_err=0 tx_drop=43203 hb_ms=0 sma_state=6 m7_us=1366539763 m4_us=1364345340 vdd=5.067 offset=0.5000 aref=3.145 loop_us_avg=94 loop_us_max=5463 loop_hz=10638 cycle_log_ms=1 n_cycle=4 cc=1 cc_hz=1026 cc_i_tgt=0.1000 cc_u=0.5094 cc_r=4.8400 cc_tau_ms=7.00
[  40.244] [ADC1] STATUS alarm(s): 0x49
[  40.308] [STATUS] t_ms=1325493 hwm=6 cap=256 dropped=0 dropped_total=22490 crc_err=0 crc_err_total=0 rate1=512 rate2=513 prod1=512 prod2=513 dac_err=0 tx_drop=43203 hb_ms=0 sma_state=6 m7_us=1367572284 m4_us=1365378160 vdd=5.067 offset=0.5000 aref=3.145 loop_us_avg=93 loop_us_max=5519 loop_hz=10752 cycle_log_ms=1 n_cycle=4 cc=1 cc_hz=1026 cc_i_tgt=0.1000 cc_u=0.5640 cc_r=5.1391 cc_tau_ms=7.00
[  41.254] [ADC1] STATUS alarm(s): 0x49
[  41.380] [STATUS] t_ms=1326493 hwm=5 cap=256 dropped=0 dropped_total=22490 crc_err=0 crc_err_total=0 rate1=512 rate2=511 prod1=512 prod2=511 dac_err=0 tx_drop=43203 hb_ms=0 sma_state=6 m7_us=1368603380 m4_us=1366408940 vdd=5.067 offset=0.5000 aref=3.145 loop_us_avg=94 loop_us_max=5404 loop_hz=10638 cycle_log_ms=1 n_cycle=4 cc=1 cc_hz=1026 cc_i_tgt=0.1000 cc_u=0.5000 cc_r=4.8375 cc_tau_ms=7.00
[  42.263] [ADC1] STATUS alarm(s): 0x49
[  42.388] [STATUS] t_ms=1327493 hwm=5 cap=256 dropped=0 dropped_total=22490 crc_err=0 crc_err_total=0 rate1=512 rate2=512 prod1=512 prod2=512 dac_err=0 tx_drop=43203 hb_ms=0 sma_state=6 m7_us=1369635373 m4_us=1367440773 vdd=5.067 offset=0.5000 aref=3.145 loop_us_avg=94 loop_us_max=5337 loop_hz=10638 cycle_log_ms=1 n_cycle=4 cc=1 cc_hz=1027 cc_i_tgt=0.1000 cc_u=0.5097 cc_r=4.8658 cc_tau_ms=7.00
[  43.277] [ADC1] STATUS alarm(s): 0x49
[  43.403] [STATUS] t_ms=1328493 hwm=6 cap=256 dropped=0 dropped_total=22490 crc_err=0 crc_err_total=0 rate1=512 rate2=513 prod1=512 prod2=513 dac_err=0 tx_drop=43203 hb_ms=0 sma_state=6 m7_us=1370667762 m4_us=1368473565 vdd=5.067 offset=0.5000 aref=3.145 loop_us_avg=93 loop_us_max=5361 loop_hz=10752 cycle_log_ms=1 n_cycle=4 cc=1 cc_hz=1026 cc_i_tgt=0.1000 cc_u=0.5014 cc_r=4.8927 cc_tau_ms=7.00
[  44.286] [ADC1] STATUS alarm(s): 0x9
[  44.475] [STATUS] t_ms=1329493 hwm=5 cap=256 dropped=0 dropped_total=22490 crc_err=0 crc_err_total=0 rate1=512 rate2=511 prod1=512 prod2=511 dac_err=0 tx_drop=43203 hb_ms=0 sma_state=6 m7_us=1371698787 m4_us=1369504338 vdd=5.067 offset=0.5000 aref=3.145 loop_us_avg=94 loop_us_max=5436 loop_hz=10638 cycle_log_ms=1 n_cycle=4 cc=1 cc_hz=1026 cc_i_tgt=0.1000 cc_u=0.5000 cc_r=4.8824 cc_tau_ms=7.00
[  45.295] [ADC1] STATUS alarm(s): 0x89
[  45.485] [STATUS] t_ms=1330493 hwm=5 cap=256 dropped=0 dropped_total=22490 crc_err=0 crc_err_total=0 rate1=512 rate2=513 prod1=512 prod2=513 dac_err=0 tx_drop=43203 hb_ms=0 sma_state=6 m7_us=1372731185 m4_us=1370537142 vdd=5.067 offset=0.5000 aref=3.145 loop_us_avg=93 loop_us_max=5380 loop_hz=10752 cycle_log_ms=1 n_cycle=4 cc=1 cc_hz=1026 cc_i_tgt=0.1000 cc_u=0.5000 cc_r=4.8998 cc_tau_ms=7.00
[  46.304] [ADC1] STATUS
[  46.304] alarm(s): 0xC9
[  46.557] [STATUS] t_ms=1331493 hwm=5 cap=256 dropped=0 dropped_total=22490 crc_err=0 crc_err_total=0 rate1=512 rate2=511 prod1=512 prod2=511 dac_err=0 tx_drop=43203 hb_ms=0 sma_state=6 m7_us=1373762347 m4_us=1371567925 vdd=5.067 offset=0.5000 aref=3.145 loop_us_avg=94 loop_us_max=5405 loop_hz=10638 cycle_log_ms=1 n_cycle=4 cc=1 cc_hz=1026 cc_i_tgt=0.1000 cc_u=0.5000 cc_r=4.9106 cc_tau_ms=7.00
[  47.314] [ADC1] STATUS alarm(s): 0xC9
[  47.567] [STATUS] t_ms=1332493 hwm=5 cap=256 dropped=0 dropped_total=22490 crc_err=0 crc_err_total=0 rate1=512 rate2=512 prod1=512 prod2=512 dac_err=0 tx_drop=43203 hb_ms=0 sma_state=6 m7_us=1374794323 m4_us=1372599733 vdd=5.067 offset=0.5000 aref=3.145 loop_us_avg=92 loop_us_max=5327 loop_hz=10869 cycle_log_ms=1 n_cycle=4 cc=1 cc_hz=1027 cc_i_tgt=0.1000 cc_u=0.5000 cc_r=4.8413 cc_tau_ms=7.00
[  48.323] [ADC1] STATUS alarm(s): 0x49
[  48.574] [STATUS] t_ms=1333493 hwm=6 cap=256 dropped=0 dropped_total=22490 crc_err=0 crc_err_total=0 rate1=512 rate2=513 prod1=512 prod2=513 dac_err=0 tx_drop=43203 hb_ms=0 sma_state=6 m7_us=1375826701 m4_us=1373632557 vdd=5.067 offset=0.5000 aref=3.145 loop_us_avg=94 loop_us_max=5359 loop_hz=10638 cycle_log_ms=1 n_cycle=4 cc=1 cc_hz=1026 cc_i_tgt=0.1000 cc_u=0.5000 cc_r=4.9864 cc_tau_ms=7.00
[  49.333] [ADC1] STATUS alarm(s): 0x49
[  49.647] [STATUS] t_ms=1334493 hwm=5 cap=256 dropped=0 dropped_total=22490 crc_err=0 crc_err_total=0 rate1=512 rate2=511 prod1=512 prod2=511 dac_err=0 tx_drop=43203 hb_ms=0 sma_state=6 m7_us=1376857736 m4_us=1374663308 vdd=5.067 offset=0.5000 aref=3.145 loop_us_avg=94 loop_us_max=5419 loop_hz=10638 cycle_log_ms=1 n_cycle=4 cc=1 cc_hz=1026 cc_i_tgt=0.1000 cc_u=0.5000 cc_r=5.1215 cc_tau_ms=7.00
[  50.344] [ADC1] STATUS alarm(s): 0x49
[  50.661] [STATUS] t_ms=1335493 hwm=5 cap=256 dropped=0 dropped_total=22490 crc_err=0 crc_err_total=0 rate1=512 rate2=512 prod1=512 prod2=512 dac_err=0 tx_drop=43203 hb_ms=0 sma_state=6 m7_us=1377889679 m4_us=1375695061 vdd=5.067 offset=0.5000 aref=3.145 loop_us_avg=93 loop_us_max=5328 loop_hz=10752 cycle_log_ms=1 n_cycle=4 cc=1 cc_hz=1027 cc_i_tgt=0.1000 cc_u=0.5072 cc_r=4.9318 cc_tau_ms=7.00
[  51.355] PG
[  51.355] AL_ALM
[  51.355] [ADC1] S
[  51.355] TATUS alarm(s): 0x49
[  51.673] [STATUS] t_ms=1336493 hwm=6 cap=256 dropped=0 dropped_total=22490 crc_err=0 crc_err_total=0 rate1=512 rate2=513 prod1=512 prod2=513 dac_err=0 tx_drop=43203 hb_ms=0 sma_state=6 m7_us=1378922002 m4_us=1376727853 vdd=5.067 offset=0.5000 aref=3.145 loop_us_avg=94 loop_us_max=5356 loop_hz=10638 cycle_log_ms=1 n_cycle=4 cc=1 cc_hz=1026 cc_i_tgt=0.1000 cc_u=0.5000 cc_r=4.9065 cc_tau_ms=7.00
[  52.369] [ADC1] STATUS alarm(s): 0x9
[  52.747] [STATUS] t_ms=1337493 hwm=5 cap=256 dropped=0 dropped_total=22490 crc_err=0 crc_err_total=0 rate1=512 rate2=511 prod1=512 prod2=511 dac_err=0 tx_drop=43203 hb_ms=0 sma_state=6 m7_us=1379953070 m4_us=1377758572 vdd=5.067 offset=0.5000 aref=3.145 loop_us_avg=93 loop_us_max=5421 loop_hz=10752 cycle_log_ms=1 n_cycle=4 cc=1 cc_hz=1026 cc_i_tgt=0.1000 cc_u=0.5002 cc_r=4.8729 cc_tau_ms=7.00
[  53.382] [ADC1] STATUS alarm(s): 0x89
[  53.761] [STATUS] t_ms=1338493 hwm=5 cap=256 dropped=0 dropped_total=22490 crc_err=0 crc_err_total=0 rate1=512 rate2=513 prod1=512 prod2=513 dac_err=0 tx_drop=43203 hb_ms=0 sma_state=6 m7_us=1380985468 m4_us=1378791360 vdd=5.067 offset=0.5000 aref=3.145 loop_us_avg=94 loop_us_max=5424 loop_hz=10638 cycle_log_ms=1 n_cycle=4 cc=1 cc_hz=1026 cc_i_tgt=0.1000 cc_u=0.5000 cc_r=4.8537 cc_tau_ms=7.00
[  54.391] [ADC1] STATUS alarm(s): 0xC9
[  54.769] [STATUS] t_ms=1339493 hwm=5 cap=256 dropped=0 dropped_total=22490 crc_err=0 crc_err_total=0 rate1=512 rate2=511 prod1=512 prod2=511 dac_err=0 tx_drop=43203 hb_ms=0 sma_state=6 m7_us=1382016595 m4_us=1379822162 vdd=5.067 offset=0.5000 aref=3.145 loop_us_avg=94 loop_us_max=5406 loop_hz=10638 cycle_log_ms=1 n_cycle=4 cc=1 cc_hz=1026 cc_i_tgt=0.1000 cc_u=0.5045 cc_r=4.9260 cc_tau_ms=7.00
[  55.342] [ADC1] STATUS alarm
[  55.342] (s): 0xC9
[  55.786] [STATUS] t_ms=1340493 hwm=5 cap=256 dropped=0 dropped_total=22490 crc_err=0 crc_err_total=0 rate1=512 rate2=512 prod1=512 prod2=512 dac_err=0 tx_drop=43203 hb_ms=0 sma_state=6 m7_us=1383048577 m4_us=1380853977 vdd=5.067 offset=0.5000 aref=3.145 loop_us_avg=94 loop_us_max=5333 loop_hz=10638 cycle_log_ms=1 n_cycle=4 cc=1 cc_hz=1027 cc_i_tgt=0.1000 cc_u=0.5042 cc_r=4.9238 cc_tau_ms=7.00
[  56.360] PGA
[  56.360] L_ALM
[  56.360] [ADC1] STATUS alarm(s): 0xC9
[  56.862] [STATUS] t_ms=1341493 hwm=6 cap=256 dropped=0 dropped_total=22490 crc_err=0 crc_err_total=0 rate1=512 rate2=513 prod1=512 prod2=513 dac_err=0 tx_drop=43203 hb_ms=0 sma_state=6 m7_us=1384080917 m4_us=1381886790 vdd=5.067 offset=0.5000 aref=3.145 loop_us_avg=93 loop_us_max=5364 loop_hz=10752 cycle_log_ms=1 n_cycle=4 cc=1 cc_hz=1026 cc_i_tgt=0.1000 cc_u=0.5024 cc_r=4.9287 cc_tau_ms=7.00
[  57.368] [ADC1] STATUS alarm(s): 0x49
[  57.873] [STATUS] t_ms=1342493 hwm=5 cap=256 dropped=0 dropped_total=22490 crc_err=0 crc_err_total=0 rate1=512 rate2=511 prod1=512 prod2=511 dac_err=0 tx_drop=43203 hb_ms=0 sma_state=6 m7_us=1385112006 m4_us=1382917570 vdd=5.067 offset=0.5000 aref=3.145 loop_us_avg=92 loop_us_max=5427 loop_hz=10869 cycle_log_ms=1 n_cycle=4 cc=1 cc_hz=1026 cc_i_tgt=0.1000 cc_u=0.5000 cc_r=4.9563 cc_tau_ms=7.00
[  58.381] [ADC1] STATUS alarm(s): 0x49
[  59.157] [STATUS] t_ms=1343493 hwm=5 cap=256 dropped=0 dropped_total=22490 crc_err=0 crc_err_total=0 rate1=512 rate2=512 prod1=512 prod2=512 dac_err=0 tx_drop=43203 hb_ms=0 sma_state=6 m7_us=1386144008 m4_us=1383949349 vdd=5.067 offset=0.5000 aref=3.145 loop_us_avg=94 loop_us_max=5330 loop_hz=10638 cycle_log_ms=1 n_cycle=4 cc=1 cc_hz=1027 cc_i_tgt=0.1000 cc_u=0.5002 cc_r=4.9079 cc_tau_ms=7.00
[  59.410] [ADC1] STATUS alarm(s): 0x49
[  59.916] [STATUS] t_ms=1344493 hwm=220 cap=256 dropped=0 dropped_total=22490 crc_err=0 crc_err_total=0 rate1=510 rate2=512 prod1=512 prod2=513 dac_err=0 tx_drop=43203 hb_ms=0 sma_state=6 m7_us=1387176217 m4_us=1384982096 vdd=5.067 offset=0.5000 aref=3.145 loop_us_avg=119 loop_us_max=221490 loop_hz=8403 cycle_log_ms=1 n_cycle=4 cc=1 cc_hz=803 cc_i_tgt=0.1000 cc_u=0.5002 cc_r=4.8965 cc_tau_ms=7.00
[  60.419] PG
[  60.419] AL_ALM
[  60.419] [ADC1] STATUS alarm(s): 0x9
[  60.985] [STATUS] t_ms=1345493 hwm=5 cap=256 dropped=0 dropped_total=22490 crc_err=0 crc_err_total=0 rate1=512 rate2=511 prod1=512 prod2=511 dac_err=0 tx_drop=43203 hb_ms=0 sma_state=6 m7_us=1388207284 m4_us=1386012850 vdd=5.067 offset=0.5000 aref=3.145 loop_us_avg=93 loop_us_max=5405 loop_hz=10752 cycle_log_ms=1 n_cycle=4 cc=1 cc_hz=1026 cc_i_tgt=0.1000 cc_u=0.5000 cc_r=4.8549 cc_tau_ms=7.00
[  61.426] [ADC1] STATUS alarm(s): 0x89
[  61.994] [STATUS] t_ms=1346493 hwm=5 cap=256 dropped=0 dropped_total=22490 crc_err=0 crc_err_total=0 rate1=512 rate2=513 prod1=512 prod2=513 dac_err=0 tx_drop=43203 hb_ms=0 sma_state=6 m7_us=1389239629 m4_us=1387045658 vdd=5.067 offset=0.5000 aref=3.145 loop_us_avg=94 loop_us_max=5335 loop_hz=10638 cycle_log_ms=1 n_cycle=4 cc=1 cc_hz=1026 cc_i_tgt=0.1000 cc_u=0.5000 cc_r=4.8855 cc_tau_ms=7.00
[  62.438] [ADC1] STATUS alarm
[  62.438] (s): 0xC9
[  62.752] [SMA] [ACT] heat n=3/6 I=850.0mA ms=400
[  63.007] [STATUS] t_ms=1347493 hwm=5 cap=256 dropped=0 dropped_total=22490 crc_err=0 crc_err_total=0 rate1=512 rate2=511 prod1=512 prod2=511 dac_err=0 tx_drop=43203 hb_ms=0 sma_state=5 m7_us=1390270868 m4_us=1388076447 vdd=5.067 offset=0.5000 aref=3.145 loop_us_avg=94 loop_us_max=5409 loop_hz=10638 cycle_log_ms=1 n_cycle=4 cc=1 cc_hz=1025 cc_i_tgt=0.8500 cc_u=3.4697 cc_r=4.2023 cc_tau_ms=7.00
[  63.197] [SMA] [ACT] cool n=3/6 I=100.0mA ms=30000
[  63.450] [A
[  63.450] DC1] STATUS alarm(s): 0xC9
[  64.072] [STATUS] t_ms=1348493 hwm=5 cap=256 dropped=0 dropped_total=22490 crc_err=0 crc_err_total=0 rate1=512 rate2=513 prod1=512 prod2=513 dac_err=0 tx_drop=43203 hb_ms=0 sma_state=6 m7_us=1391303217 m4_us=1389109194 vdd=5.067 offset=0.5000 aref=3.145 loop_us_avg=93 loop_us_max=5335 loop_hz=10752 cycle_log_ms=1 n_cycle=4 cc=1 cc_hz=1025 cc_i_tgt=0.1000 cc_u=0.5898 cc_r=5.6616 cc_tau_ms=7.00
[  64.453] [ADC1] STATUS alarm(s): 0x49
[  65.088] [STATUS] t_ms=1349493 hwm=5 cap=256 dropped=0 dropped_total=22490 crc_err=0 crc_err_total=0 rate1=512 rate2=511 prod1=512 prod2=511 dac_err=0 tx_drop=43203 hb_ms=0 sma_state=6 m7_us=1392334374 m4_us=1390139922 vdd=5.067 offset=0.5000 aref=3.145 loop_us_avg=92 loop_us_max=5407 loop_hz=10869 cycle_log_ms=1 n_cycle=4 cc=1 cc_hz=1026 cc_i_tgt=0.1000 cc_u=0.5879 cc_r=5.3744 cc_tau_ms=7.00
[  65.469] [ADC1] STATUS alarm(s): 0x49
[  66.161] [STATUS] t_ms=1350493 hwm=5 cap=256 dropped=0 dropped_total=22490 crc_err=0 crc_err_total=0 rate1=512 rate2=513 prod1=512 prod2=513 dac_err=0 tx_drop=43203 hb_ms=0 sma_state=6 m7_us=1393366681 m4_us=1391172694 vdd=5.067 offset=0.5000 aref=3.145 loop_us_avg=94 loop_us_max=5345 loop_hz=10638 cycle_log_ms=1 n_cycle=4 cc=1 cc_hz=1026 cc_i_tgt=0.1000 cc_u=0.5000 cc_r=4.9921 cc_tau_ms=7.00
[  66.478] [ADC1] STATUS alarm(s): 0x49
[  67.177] [STATUS] t_ms=1351493 hwm=5 cap=256 dropped=0 dropped_total=22490 crc_err=0 crc_err_total=0 rate1=512 rate2=511 prod1=512 prod2=511 dac_err=0 tx_drop=43203 hb_ms=0 sma_state=6 m7_us=1394397888 m4_us=1392203442 vdd=5.067 offset=0.5000 aref=3.145 loop_us_avg=94 loop_us_max=5419 loop_hz=10638 cycle_log_ms=1 n_cycle=4 cc=1 cc_hz=1026 cc_i_tgt=0.1000 cc_u=0.5663 cc_r=5.2554 cc_tau_ms=7.00
[  67.429] [ADC1] STATUS alarm(s): 0x49
[  68.191] [STATUS] t_ms=1352493 hwm=5 cap=256 dropped=0 dropped_total=22490 crc_err=0 crc_err_total=0 rate1=512 rate2=513 prod1=512 prod2=513 dac_err=0 tx_drop=43203 hb_ms=0 sma_state=6 m7_us=1395430210 m4_us=1393236202 vdd=5.067 offset=0.5000 aref=3.145 loop_us_avg=94 loop_us_max=5330 loop_hz=10638 cycle_log_ms=1 n_cycle=4 cc=1 cc_hz=1026 cc_i_tgt=0.1000 cc_u=0.6173 cc_r=6.0879 cc_tau_ms=7.00
[  68.446] [ADC1] STATUS al
[  68.446] arm(s): 0x9
[  69.195] [STATUS] t_ms=1353493 hwm=5 cap=256 dropped=0 dropped_total=22490 crc_err=0 crc_err_total=0 rate1=512 rate2=511 prod1=512 prod2=511 dac_err=0 tx_drop=43203 hb_ms=0 sma_state=6 m7_us=1396461347 m4_us=1394266921 vdd=5.067 offset=0.5000 aref=3.145 loop_us_avg=92 loop_us_max=5422 loop_hz=10869 cycle_log_ms=1 n_cycle=4 cc=1 cc_hz=1026 cc_i_tgt=0.1000 cc_u=0.5578 cc_r=5.9239 cc_tau_ms=7.00
[  69.448] [
[  69.448] ADC1] STATUS alarm(s
[  69.448] ): 0xC9
[  70.262] [STATUS] t_ms=1354493 hwm=5 cap=256 dropped=0 dropped_total=22490 crc_err=0 crc_err_total=0 rate1=512 rate2=513 prod1=512 prod2=513 dac_err=0 tx_drop=43203 hb_ms=0 sma_state=6 m7_us=1397493682 m4_us=1395299619 vdd=5.067 offset=0.5000 aref=3.145 loop_us_avg=93 loop_us_max=5326 loop_hz=10752 cycle_log_ms=1 n_cycle=4 cc=1 cc_hz=1026 cc_i_tgt=0.1000 cc_u=0.6120 cc_r=5.8313 cc_tau_ms=7.00
[  70.453] [ADC1] STATUS alarm(s): 0xC9
[  71.271] [STATUS] t_ms=1355493 hwm=5 cap=256 dropped=0 dropped_total=22490 crc_err=0 crc_err_total=0 rate1=512 rate2=511 prod1=512 prod2=511 dac_err=0 tx_drop=43203 hb_ms=0 sma_state=6 m7_us=1398525193 m4_us=1396330341 vdd=5.067 offset=0.5000 aref=3.145 loop_us_avg=93 loop_us_max=5528 loop_hz=10752 cycle_log_ms=1 n_cycle=4 cc=1 cc_hz=1025 cc_i_tgt=0.1000 cc_u=0.5000 cc_r=5.1765 cc_tau_ms=7.00
[  71.462] [ADC1] STATUS alarm(s): 0x49
[  72.348] [STATUS] t_ms=1356493 hwm=6 cap=256 dropped=0 dropped_total=22490 crc_err=0 crc_err_total=0 rate1=512 rate2=513 prod1=512 prod2=513 dac_err=0 tx_drop=43203 hb_ms=0 sma_state=6 m7_us=1399557228 m4_us=1397363104 vdd=5.067 offset=0.5000 aref=3.145 loop_us_avg=94 loop_us_max=5452 loop_hz=10638 cycle_log_ms=1 n_cycle=4 cc=1 cc_hz=1027 cc_i_tgt=0.1000 cc_u=0.5549 cc_r=5.0687 cc_tau_ms=7.00
[  72.475] ALM
[  72.475] [ADC1] STATU
[  72.475] S alarm(s): 0x49
[  73.357] [STATUS] t_ms=1357493 hwm=5 cap=256 dropped=0 dropped_total=22490 crc_err=0 crc_err_total=0 rate1=512 rate2=511 prod1=512 prod2=511 dac_err=0 tx_drop=43203 hb_ms=0 sma_state=6 m7_us=1400588313 m4_us=1398393877 vdd=5.067 offset=0.5000 aref=3.145 loop_us_avg=94 loop_us_max=5413 loop_hz=10638 cycle_log_ms=1 n_cycle=4 cc=1 cc_hz=1026 cc_i_tgt=0.1000 cc_u=0.5014 cc_r=4.7920 cc_tau_ms=7.00
[  73.483] [ADC1] STATUS alarm(s): 0x49
[  74.365] [STATUS] t_ms=1358493 hwm=5 cap=256 dropped=0 dropped_total=22490 crc_err=0 crc_err_total=0 rate1=512 rate2=513 prod1=512 prod2=513 dac_err=0 tx_drop=43203 hb_ms=0 sma_state=6 m7_us=1401620657 m4_us=1399426618 vdd=5.067 offset=0.5000 aref=3.145 loop_us_avg=93 loop_us_max=5402 loop_hz=10752 cycle_log_ms=1 n_cycle=4 cc=1 cc_hz=1026 cc_i_tgt=0.1000 cc_u=0.5577 cc_r=5.4884 cc_tau_ms=7.00
[  74.492] [ADC1] STATUS alarm(s): 0x49
[  75.443] [STATUS] t_ms=1359493 hwm=5 cap=256 dropped=0 dropped_total=22490 crc_err=0 crc_err_total=0 rate1=512 rate2=511 prod1=512 prod2=511 dac_err=0 tx_drop=43203 hb_ms=0 sma_state=6 m7_us=1402651776 m4_us=1400457365 vdd=5.067 offset=0.5000 aref=3.145 loop_us_avg=92 loop_us_max=5419 loop_hz=10869 cycle_log_ms=1 n_cycle=4 cc=1 cc_hz=1026 cc_i_tgt=0.1000 cc_u=0.5000 cc_r=5.0845 cc_tau_ms=7.00
[  75.506] PGA
[  75.506] L_ALM
[  75.506] [ADC1] STATUS alarm(s): 0x9
[  76.455] [STATUS] t_ms=1360493 hwm=5 cap=256 dropped=0 dropped_total=22490 crc_err=0 crc_err_total=0 rate1=512 rate2=513 prod1=512 prod2=513 dac_err=0 tx_drop=43203 hb_ms=0 sma_state=6 m7_us=1403684103 m4_us=1401490109 vdd=5.067 offset=0.5000 aref=3.145 loop_us_avg=94 loop_us_max=5318 loop_hz=10638 cycle_log_ms=1 n_cycle=4 cc=1 cc_hz=1026 cc_i_tgt=0.1000 cc_u=0.5000 cc_r=4.8836 cc_tau_ms=7.00
[  76.519] [ADC1] STATUS alarm(s): 0xC9
[  77.466] [STATUS] t_ms=1361493 hwm=5 cap=256 dropped=0 dropped_total=22490 crc_err=0 crc_err_total=0 rate1=512 rate2=511 prod1=512 prod2=511 dac_err=0 tx_drop=43203 hb_ms=0 sma_state=6 m7_us=1404715283 m4_us=1402520850 vdd=5.067 offset=0.5000 aref=3.145 loop_us_avg=94 loop_us_max=5424 loop_hz=10638 cycle_log_ms=1 n_cycle=4 cc=1 cc_hz=1026 cc_i_tgt=0.1000 cc_u=0.5035 cc_r=4.9005 cc_tau_ms=7.00
[  77.530] [ADC1] STATUS alarm(s): 0xC9
[  78.542] [STATUS] t_ms=1362493 hwm=5 cap=256 dropped=0 dropped_total=22490 crc_err=0 crc_err_total=0 rate1=512 rate2=513 prod1=512 prod2=513 dac_err=0 tx_drop=43203 hb_ms=0 sma_state=6 m7_us=1405747629 m4_us=1403553616 vdd=5.067 offset=0.5000 aref=3.145 loop_us_avg=94 loop_us_max=5417 loop_hz=10638 cycle_log_ms=1 n_cycle=4 cc=1 cc_hz=1026 cc_i_tgt=0.1000 cc_u=0.5000 cc_r=4.8414 cc_tau_ms=7.00
[  78.542] _ALM
[  78.542] [ADC1] ST
[  78.542] ATUS alarm(s): 0xC9
[  79.551] [STATUS] t_ms=1363493 hwm=5 cap=256 dropped=0 dropped_total=22490 crc_err=0 crc_err_total=0 rate1=512 rate2=511 prod1=512 prod2=511 dac_err=0 tx_drop=43203 hb_ms=0 sma_state=6 m7_us=1406778770 m4_us=1404584357 vdd=5.067 offset=0.5000 aref=3.145 loop_us_avg=94 loop_us_max=5404 loop_hz=10638 cycle_log_ms=1 n_cycle=4 cc=1 cc_hz=1026 cc_i_tgt=0.1000 cc_u=0.5009 cc_r=4.9336 cc_tau_ms=7.00
[  79.551] [ADC1] STATUS alarm(s): 0x49
[  80.559] [ADC1] STATUS alarm(s): 0x49
[  80.559] [STATUS] t_ms=1364493 hwm=5 cap=256 dropped=0 dropped_total=22490 crc_err=0 crc_err_total=0 rate1=512 rate2=513 prod1=512 prod2=513 dac_err=0 tx_drop=43203 hb_ms=0 sma_state=6 m7_us=1407811104 m4_us=1405617043 vdd=5.067 offset=0.5000 aref=3.145 loop_us_avg=93 loop_us_max=5325 loop_hz=10752 cycle_log_ms=1 n_cycle=4 cc=1 cc_hz=1026 cc_i_tgt=0.1000 cc_u=0.5000 cc_r=4.8115 cc_tau_ms=7.00
[  81.563] [ADC1] STATUS alarm(s): 0x49
[  81.625] [STATUS] t_ms=1365493 hwm=5 cap=256 dropped=0 dropped_total=22490 crc_err=0 crc_err_total=0 rate1=512 rate2=511 prod1=512 prod2=511 dac_err=0 tx_drop=43203 hb_ms=0 sma_state=6 m7_us=1408842260 m4_us=1406647759 vdd=5.067 offset=0.5000 aref=3.145 loop_us_avg=93 loop_us_max=5409 loop_hz=10752 cycle_log_ms=1 n_cycle=4 cc=1 cc_hz=1026 cc_i_tgt=0.1000 cc_u=0.5000 cc_r=4.8577 cc_tau_ms=7.00
[  82.574] [ADC1] STATUS alarm(s): 0x9
[  82.637] [STATUS] t_ms=1366493 hwm=5 cap=256 dropped=0 dropped_total=22490 crc_err=0 crc_err_total=0 rate1=512 rate2=513 prod1=512 prod2=513 dac_err=0 tx_drop=43203 hb_ms=0 sma_state=6 m7_us=1409874524 m4_us=1407680486 vdd=5.067 offset=0.5000 aref=3.145 loop_us_avg=94 loop_us_max=5422 loop_hz=10638 cycle_log_ms=1 n_cycle=4 cc=1 cc_hz=1026 cc_i_tgt=0.1000 cc_u=0.5000 cc_r=4.8496 cc_tau_ms=7.00
[  83.584] [ADC1] STATUS alarm(
[  83.584] s): 0xC9
[  83.647] [STATUS] t_ms=1367493 hwm=5 cap=256 dropped=0 dropped_total=22490 crc_err=0 crc_err_total=0 rate1=512 rate2=511 prod1=512 prod2=511 dac_err=0 tx_drop=43203 hb_ms=0 sma_state=6 m7_us=1410905650 m4_us=1408711215 vdd=5.067 offset=0.5000 aref=3.145 loop_us_avg=94 loop_us_max=5415 loop_hz=10638 cycle_log_ms=1 n_cycle=4 cc=1 cc_hz=1026 cc_i_tgt=0.1000 cc_u=0.5000 cc_r=5.1186 cc_tau_ms=7.00
[  84.593] ALM
[  84.593] [ADC1] STATUS
[  84.593] alarm(s): 0xC9
[  84.718] [STATUS] t_ms=1368493 hwm=5 cap=256 dropped=0 dropped_total=22490 crc_err=0 crc_err_total=0 rate1=512 rate2=513 prod1=512 prod2=513 dac_err=0 tx_drop=43203 hb_ms=0 sma_state=6 m7_us=1411937976 m4_us=1409744003 vdd=5.067 offset=0.5000 aref=3.145 loop_us_avg=93 loop_us_max=5340 loop_hz=10752 cycle_log_ms=1 n_cycle=4 cc=1 cc_hz=1026 cc_i_tgt=0.1000 cc_u=0.5044 cc_r=4.9424 cc_tau_ms=7.00
[  85.602] [ADC1] STATUS alarm(s): 0xC9
[  85.730] [STATUS] t_ms=1369493 hwm=5 cap=256 dropped=0 dropped_total=22490 crc_err=0 crc_err_total=0 rate1=512 rate2=512 prod1=512 prod2=512 dac_err=0 tx_drop=43203 hb_ms=0 sma_state=6 m7_us=1412969978 m4_us=1410775837 vdd=5.067 offset=0.5000 aref=3.145 loop_us_avg=92 loop_us_max=5404 loop_hz=10869 cycle_log_ms=1 n_cycle=4 cc=1 cc_hz=1027 cc_i_tgt=0.1000 cc_u=0.5334 cc_r=4.9858 cc_tau_ms=7.00
[  86.617] [ADC1] STATUS alarm(s): 0x49
[  86.744] [STATUS] t_ms=1370493 hwm=5 cap=256 dropped=0 dropped_total=22490 crc_err=0 crc_err_total=0 rate1=512 rate2=511 prod1=512 prod2=511 dac_err=0 tx_drop=43203 hb_ms=0 sma_state=6 m7_us=1414001063 m4_us=1411806642 vdd=5.067 offset=0.5000 aref=3.145 loop_us_avg=92 loop_us_max=5403 loop_hz=10869 cycle_log_ms=1 n_cycle=4 cc=1 cc_hz=1026 cc_i_tgt=0.1000 cc_u=0.5874 cc_r=5.9697 cc_tau_ms=7.00
[  87.629] [ADC1] STATUS alarm(s): 0x49
[  87.818] [STATUS] t_ms=1371493 hwm=5 cap=256 dropped=0 dropped_total=22490 crc_err=0 crc_err_total=0 rate1=512 rate2=513 prod1=512 prod2=513 dac_err=0 tx_drop=43203 hb_ms=0 sma_state=6 m7_us=1415033398 m4_us=1412839389 vdd=5.067 offset=0.5000 aref=3.145 loop_us_avg=93 loop_us_max=5327 loop_hz=10752 cycle_log_ms=1 n_cycle=4 cc=1 cc_hz=1026 cc_i_tgt=0.1000 cc_u=0.5000 cc_r=5.6690 cc_tau_ms=7.00
[  88.641] [ADC1] STATUS al
[  88.641] arm(s): 0x49
[  88.830] [STATUS] t_ms=1372493 hwm=5 cap=256 dropped=0 dropped_total=22490 crc_err=0 crc_err_total=0 rate1=512 rate2=511 prod1=512 prod2=511 dac_err=0 tx_drop=43203 hb_ms=0 sma_state=6 m7_us=1416064537 m4_us=1413870124 vdd=5.067 offset=0.5000 aref=3.145 loop_us_avg=93 loop_us_max=5410 loop_hz=10752 cycle_log_ms=1 n_cycle=4 cc=1 cc_hz=1026 cc_i_tgt=0.1000 cc_u=0.5050 cc_r=4.8349 cc_tau_ms=7.00
[  89.653] [ADC1] STATUS alarm(s): 0x9
[  89.842] [STATUS] t_ms=1373493 hwm=5 cap=256 dropped=0 dropped_total=22490 crc_err=0 crc_err_total=0 rate1=512 rate2=513 prod1=512 prod2=513 dac_err=0 tx_drop=43203 hb_ms=0 sma_state=6 m7_us=1417096862 m4_us=1414902867 vdd=5.067 offset=0.5000 aref=3.145 loop_us_avg=93 loop_us_max=5331 loop_hz=10752 cycle_log_ms=1 n_cycle=4 cc=1 cc_hz=1026 cc_i_tgt=0.1000 cc_u=0.5013 cc_r=4.8800 cc_tau_ms=7.00
[  90.603] [ADC1] STATUS alarm(s): 0x89
[  90.916] [STATUS] t_ms=1374493 hwm=5 cap=256 dropped=0 dropped_total=22490 crc_err=0 crc_err_total=0 rate1=512 rate2=511 prod1=512 prod2=511 dac_err=0 tx_drop=43203 hb_ms=0 sma_state=6 m7_us=1418128044 m4_us=1415933609 vdd=5.067 offset=0.5000 aref=3.145 loop_us_avg=93 loop_us_max=5401 loop_hz=10752 cycle_log_ms=1 n_cycle=4 cc=1 cc_hz=1026 cc_i_tgt=0.1000 cc_u=0.5000 cc_r=4.8843 cc_tau_ms=7.00
[  91.611] [ADC1] STATUS alarm(s): 0xC9
[  91.927] [STATUS] t_ms=1375493 hwm=5 cap=256 dropped=0 dropped_total=22490 crc_err=0 crc_err_total=0 rate1=512 rate2=513 prod1=512 prod2=513 dac_err=0 tx_drop=43203 hb_ms=0 sma_state=6 m7_us=1419160358 m4_us=1416966368 vdd=5.067 offset=0.5000 aref=3.145 loop_us_avg=93 loop_us_max=5330 loop_hz=10752 cycle_log_ms=1 n_cycle=4 cc=1 cc_hz=1026 cc_i_tgt=0.1000 cc_u=0.5403 cc_r=5.0367 cc_tau_ms=7.00
[  92.625] [ADC1] STATUS alarm(s): 0xC9
[  92.939] [STATUS] t_ms=1376493 hwm=5 cap=256 dropped=0 dropped_total=22490 crc_err=0 crc_err_total=0 rate1=512 rate2=511 prod1=512 prod2=511 dac_err=0 tx_drop=43203 hb_ms=0 sma_state=6 m7_us=1420191554 m4_us=1417997116 vdd=5.067 offset=0.5000 aref=3.145 loop_us_avg=94 loop_us_max=5401 loop_hz=10638 cycle_log_ms=1 n_cycle=4 cc=1 cc_hz=1026 cc_i_tgt=0.1000 cc_u=0.5058 cc_r=4.9444 cc_tau_ms=7.00
[  93.633] [ADC1] STATUS alarm(s): 0x49
[  94.012] [STATUS] t_ms=1377493 hwm=5 cap=256 dropped=0 dropped_total=22490 crc_err=0 crc_err_total=0 rate1=512 rate2=513 prod1=512 prod2=513 dac_err=0 tx_drop=43203 hb_ms=0 sma_state=6 m7_us=1421223880 m4_us=1419029888 vdd=5.067 offset=0.5000 aref=3.145 loop_us_avg=93 loop_us_max=5327 loop_hz=10752 cycle_log_ms=1 n_cycle=4 cc=1 cc_hz=1026 cc_i_tgt=0.1000 cc_u=0.5043 cc_r=4.8845 cc_tau_ms=7.00
[  94.139] [SMA] [ACT] heat n=4/6 I=850.0mA ms=400
[  94.519] [SMA] [ACT] cool n=4/6 I=100.0mA ms=30000
[  94.646] [AD
[  94.646] C1] STATUS alarm(s
[  94.646] ): 0x49
[  95.024] [STATUS] t_ms=1378493 hwm=5 cap=256 dropped=0 dropped_total=22490 crc_err=0 crc_err_total=0 rate1=512 rate2=511 prod1=512 prod2=511 dac_err=0 tx_drop=43203 hb_ms=0 sma_state=6 m7_us=1422255069 m4_us=1420060655 vdd=5.067 offset=0.5000 aref=3.145 loop_us_avg=93 loop_us_max=5405 loop_hz=10752 cycle_log_ms=1 n_cycle=4 cc=1 cc_hz=1024 cc_i_tgt=0.1000 cc_u=0.5896 cc_r=5.3091 cc_tau_ms=7.00
[  95.655] M
[  95.655] [ADC1] STATUS
[  95.655] alarm(s): 0x49
[  96.034] [STATUS] t_ms=1379493 hwm=5 cap=256 dropped=0 dropped_total=22490 crc_err=0 crc_err_total=0 rate1=512 rate2=513 prod1=512 prod2=513 dac_err=0 tx_drop=43203 hb_ms=0 sma_state=6 m7_us=1423287418 m4_us=1421093424 vdd=5.067 offset=0.5000 aref=3.145 loop_us_avg=93 loop_us_max=5325 loop_hz=10752 cycle_log_ms=1 n_cycle=4 cc=1 cc_hz=1026 cc_i_tgt=0.1000 cc_u=0.5984 cc_r=5.7548 cc_tau_ms=7.00
[  96.668] [ADC1] STATUS alarm(s): 0x49
[  97.113] [STATUS] t_ms=1380493 hwm=5 cap=256 dropped=0 dropped_total=22490 crc_err=0 crc_err_total=0 rate1=512 rate2=511 prod1=512 prod2=511 dac_err=0 tx_drop=43203 hb_ms=0 sma_state=6 m7_us=1424318617 m4_us=1422124188 vdd=5.067 offset=0.5000 aref=3.145 loop_us_avg=93 loop_us_max=5454 loop_hz=10752 cycle_log_ms=1 n_cycle=4 cc=1 cc_hz=1026 cc_i_tgt=0.1000 cc_u=0.5081 cc_r=5.1263 cc_tau_ms=7.00
[  97.684] [ADC1] STATUS alarm(s): 0x9
[  98.124] [STATUS] t_ms=1381493 hwm=5 cap=256 dropped=0 dropped_total=22490 crc_err=0 crc_err_total=0 rate1=512 rate2=513 prod1=512 prod2=513 dac_err=0 tx_drop=43203 hb_ms=0 sma_state=6 m7_us=1425350961 m4_us=1423157014 vdd=5.067 offset=0.5000 aref=3.145 loop_us_avg=93 loop_us_max=5327 loop_hz=10752 cycle_log_ms=1 n_cycle=4 cc=1 cc_hz=1026 cc_i_tgt=0.1000 cc_u=0.5000 cc_r=4.8483 cc_tau_ms=7.00
[  98.692] [ADC1] STATUS alarm(s): 0xC9
[  99.136] [STATUS] t_ms=1382493 hwm=5 cap=256 dropped=0 dropped_total=22490 crc_err=0 crc_err_total=0 rate1=512 rate2=511 prod1=512 prod2=511 dac_err=0 tx_drop=43203 hb_ms=0 sma_state=6 m7_us=1426382252 m4_us=1424187810 vdd=5.067 offset=0.5000 aref=3.145 loop_us_avg=92 loop_us_max=5633 loop_hz=10869 cycle_log_ms=1 n_cycle=4 cc=1 cc_hz=1026 cc_i_tgt=0.1000 cc_u=0.5609 cc_r=5.1263 cc_tau_ms=7.00
[  99.705] [ADC1] STATUS alarm(s): 0xC9
[ 100.204] [STATUS] t_ms=1383493 hwm=5 cap=256 dropped=0 dropped_total=22490 crc_err=0 crc_err_total=0 rate1=512 rate2=513 prod1=512 prod2=513 dac_err=0 tx_drop=43203 hb_ms=0 sma_state=6 m7_us=1427414582 m4_us=1425220630 vdd=5.067 offset=0.5000 aref=3.145 loop_us_avg=93 loop_us_max=5335 loop_hz=10752 cycle_log_ms=1 n_cycle=4 cc=1 cc_hz=1026 cc_i_tgt=0.1000 cc_u=0.5306 cc_r=5.0249 cc_tau_ms=7.00
[ 100.710] [ADC1] STATUS
[ 100.710] alarm(s): 0xC9
[ 101.213] [STATUS] t_ms=1384493 hwm=5 cap=256 dropped=0 dropped_total=22490 crc_err=0 crc_err_total=0 rate1=512 rate2=511 prod1=512 prod2=511 dac_err=0 tx_drop=43203 hb_ms=0 sma_state=6 m7_us=1428445805 m4_us=1426251381 vdd=5.067 offset=0.5000 aref=3.145 loop_us_avg=92 loop_us_max=5396 loop_hz=10869 cycle_log_ms=1 n_cycle=4 cc=1 cc_hz=1026 cc_i_tgt=0.1000 cc_u=0.5675 cc_r=5.9433 cc_tau_ms=7.00
[ 101.722] ALM
[ 101.722] [ADC1] STATUS
[ 101.722] alarm(s): 0x49
[ 102.229] [STATUS] t_ms=1385493 hwm=5 cap=256 dropped=0 dropped_total=22490 crc_err=0 crc_err_total=0 rate1=512 rate2=513 prod1=512 prod2=513 dac_err=0 tx_drop=43203 hb_ms=0 sma_state=6 m7_us=1429478141 m4_us=1427284131 vdd=5.067 offset=0.5000 aref=3.145 loop_us_avg=94 loop_us_max=5321 loop_hz=10638 cycle_log_ms=1 n_cycle=4 cc=1 cc_hz=1026 cc_i_tgt=0.1000 cc_u=0.6336 cc_r=6.1235 cc_tau_ms=7.00
[ 102.732] [ADC1] STATUS alarm(s): 0x49
[ 103.298] [STATUS] t_ms=1386493 hwm=5 cap=256 dropped=0 dropped_total=22490 crc_err=0 crc_err_total=0 rate1=512 rate2=511 prod1=512 prod2=511 dac_err=0 tx_drop=43203 hb_ms=0 sma_state=6 m7_us=1430509328 m4_us=1428314901 vdd=5.067 offset=0.5000 aref=3.145 loop_us_avg=94 loop_us_max=5415 loop_hz=10638 cycle_log_ms=1 n_cycle=4 cc=1 cc_hz=1026 cc_i_tgt=0.1000 cc_u=0.5100 cc_r=4.8334 cc_tau_ms=7.00
[ 103.738] [ADC1] STATUS alarm(s): 0x49
[ 104.303] [STATUS] t_ms=1387493 hwm=5 cap=256 dropped=0 dropped_total=22490 crc_err=0 crc_err_total=0 rate1=512 rate2=513 prod1=512 prod2=513 dac_err=0 tx_drop=43203 hb_ms=0 sma_state=6 m7_us=1431541681 m4_us=1429347702 vdd=5.067 offset=0.5000 aref=3.145 loop_us_avg=94 loop_us_max=5322 loop_hz=10638 cycle_log_ms=1 n_cycle=4 cc=1 cc_hz=1026 cc_i_tgt=0.1000 cc_u=0.5256 cc_r=5.6941 cc_tau_ms=7.00
[ 104.741] M
[ 104.741] [ADC1] STATUS alarm(s): 0x9
[ 105.310] [STATUS] t_ms=1388493 hwm=5 cap=256 dropped=0 dropped_total=22490 crc_err=0 crc_err_total=0 rate1=512 rate2=511 prod1=512 prod2=511 dac_err=0 tx_drop=43203 hb_ms=0 sma_state=6 m7_us=1432572889 m4_us=1430378463 vdd=5.067 offset=0.5000 aref=3.145 loop_us_avg=94 loop_us_max=5401 loop_hz=10638 cycle_log_ms=1 n_cycle=4 cc=1 cc_hz=1026 cc_i_tgt=0.1000 cc_u=0.5670 cc_r=5.3596 cc_tau_ms=7.00
[ 105.750] [ADC1] STATUS alarm(s): 0x89
[ 106.382] [STATUS] t_ms=1389493 hwm=5 cap=256 dropped=0 dropped_total=22490 crc_err=0 crc_err_total=0 rate1=512 rate2=513 prod1=512 prod2=513 dac_err=0 tx_drop=43203 hb_ms=0 sma_state=6 m7_us=1433605237 m4_us=1431411232 vdd=5.067 offset=0.5000 aref=3.145 loop_us_avg=93 loop_us_max=5331 loop_hz=10752 cycle_log_ms=1 n_cycle=4 cc=1 cc_hz=1026 cc_i_tgt=0.1000 cc_u=0.5000 cc_r=4.8717 cc_tau_ms=7.00
[ 106.761] [ADC1] STATUS alarm(s): 0xC9
[ 107.391] [STATUS] t_ms=1390493 hwm=5 cap=256 dropped=0 dropped_total=22490 crc_err=0 crc_err_total=0 rate1=512 rate2=511 prod1=512 prod2=511 dac_err=0 tx_drop=43203 hb_ms=0 sma_state=6 m7_us=1434636436 m4_us=1432442005 vdd=5.067 offset=0.5000 aref=3.145 loop_us_avg=92 loop_us_max=5405 loop_hz=10869 cycle_log_ms=1 n_cycle=4 cc=1 cc_hz=1026 cc_i_tgt=0.1000 cc_u=0.5000 cc_r=4.8513 cc_tau_ms=7.00
[ 107.775] [ADC1] STATUS alarm(s): 0xC9
[ 108.407] [STATUS] t_ms=1391493 hwm=5 cap=256 dropped=0 dropped_total=22490 crc_err=0 crc_err_total=0 rate1=512 rate2=513 prod1=512 prod2=513 dac_err=0 tx_drop=43203 hb_ms=0 sma_state=6 m7_us=1435668781 m4_us=1433474806 vdd=5.067 offset=0.5000 aref=3.145 loop_us_avg=93 loop_us_max=5411 loop_hz=10752 cycle_log_ms=1 n_cycle=4 cc=1 cc_hz=1026 cc_i_tgt=0.1000 cc_u=0.5142 cc_r=4.8391 cc_tau_ms=7.00
[ 108.784] [ADC1] STATUS alarm(s): 0x49
[ 109.477] [STATUS] t_ms=1392493 hwm=5 cap=256 dropped=0 dropped_total=22490 crc_err=0 crc_err_total=0 rate1=512 rate2=511 prod1=512 prod2=511 dac_err=0 tx_drop=43203 hb_ms=0 sma_state=6 m7_us=1436699966 m4_us=1434505532 vdd=5.067 offset=0.5000 aref=3.145 loop_us_avg=93 loop_us_max=5410 loop_hz=10752 cycle_log_ms=1 n_cycle=4 cc=1 cc_hz=1026 cc_i_tgt=0.1000 cc_u=0.5000 cc_r=4.8500 cc_tau_ms=7.00
[ 109.796] [ADC1] STATUS alarm(s): 0x49
[ 110.496] [STATUS] t_ms=1393493 hwm=5 cap=256 dropped=0 dropped_total=22490 crc_err=0 crc_err_total=0 rate1=512 rate2=513 prod1=512 prod2=513 dac_err=0 tx_drop=43203 hb_ms=0 sma_state=6 m7_us=1437732303 m4_us=1435538288 vdd=5.067 offset=0.5000 aref=3.145 loop_us_avg=93 loop_us_max=5318 loop_hz=10752 cycle_log_ms=1 n_cycle=4 cc=1 cc_hz=1026 cc_i_tgt=0.1000 cc_u=0.5087 cc_r=4.8910 cc_tau_ms=7.00
[ 110.809] _ALM
[ 110.809] [ADC1] STATUS
[ 110.809] alarm(s): 0x49
[ 111.505] [STATUS] t_ms=1394493 hwm=5 cap=256 dropped=0 dropped_total=22490 crc_err=0 crc_err_total=0 rate1=512 rate2=511 prod1=512 prod2=511 dac_err=0 tx_drop=43203 hb_ms=0 sma_state=6 m7_us=1438763475 m4_us=1436569045 vdd=5.067 offset=0.5000 aref=3.145 loop_us_avg=94 loop_us_max=5433 loop_hz=10638 cycle_log_ms=1 n_cycle=4 cc=1 cc_hz=1026 cc_i_tgt=0.1000 cc_u=0.5098 cc_r=4.9434 cc_tau_ms=7.00
[ 111.822] [ADC1] STATUS alarm(s): 0x49
[ 112.579] [STATUS] t_ms=1395493 hwm=5 cap=256 dropped=0 dropped_total=22490 crc_err=0 crc_err_total=0 rate1=512 rate2=513 prod1=512 prod2=513 dac_err=0 tx_drop=43203 hb_ms=0 sma_state=6 m7_us=1439795821 m4_us=1437601814 vdd=5.067 offset=0.5000 aref=3.145 loop_us_avg=93 loop_us_max=5323 loop_hz=10752 cycle_log_ms=1 n_cycle=4 cc=1 cc_hz=1026 cc_i_tgt=0.1000 cc_u=0.5000 cc_r=4.9082 cc_tau_ms=7.00
[ 112.768] [ADC1] STATUS alarm(s): 0x89
[ 113.586] [STATUS] t_ms=1396493 hwm=5 cap=256 dropped=0 dropped_total=22490 crc_err=0 crc_err_total=0 rate1=512 rate2=511 prod1=512 prod2=511 dac_err=0 tx_drop=43203 hb_ms=0 sma_state=6 m7_us=1440826951 m4_us=1438632533 vdd=5.067 offset=0.5000 aref=3.145 loop_us_avg=94 loop_us_max=5409 loop_hz=10638 cycle_log_ms=1 n_cycle=4 cc=1 cc_hz=1026 cc_i_tgt=0.1000 cc_u=0.5000 cc_r=4.9277 cc_tau_ms=7.00
[ 113.777] PG
[ 113.777] AL_ALM
[ 113.777] [ADC1] STAT
[ 113.777] US alarm(s): 0xC9
[ 114.663] [STATUS] t_ms=1397518 hwm=256 cap=256 dropped=17 dropped_total=22507 crc_err=0 crc_err_total=0 rate1=408 rate2=409 prod1=503 prod2=504 dac_err=0 tx_drop=43203 hb_ms=0 sma_state=6 m7_us=1441884663 m4_us=1439477888 vdd=5.067 offset=0.5000 aref=3.145 loop_us_avg=125 loop_us_max=275209 loop_hz=8000 cycle_log_ms=1 n_cycle=4 cc=1 cc_hz=775 cc_i_tgt=0.1000 cc_u=0.5000 cc_r=4.8617 cc_tau_ms=7.00
[ 114.790] ALM
[ 114.790] [ADC1] STATUS alarm(s): 0xC9
[ 115.672] [STATUS] t_ms=1398518 hwm=198 cap=256 dropped=0 dropped_total=22507 crc_err=0 crc_err_total=0 rate1=606 rate2=608 prod1=512 prod2=512 dac_err=0 tx_drop=43203 hb_ms=0 sma_state=6 m7_us=1442916866 m4_us=1440722210 vdd=5.067 offset=0.5000 aref=3.145 loop_us_avg=93 loop_us_max=7277 loop_hz=10752 cycle_log_ms=1 n_cycle=4 cc=1 cc_hz=1024 cc_i_tgt=0.1000 cc_u=0.5000 cc_r=4.8716 cc_tau_ms=7.00
[ 115.799] [ADC1] STATUS alarm(s): 0x49
[ 116.742] [STATUS] t_ms=1399518 hwm=6 cap=256 dropped=0 dropped_total=22507 crc_err=0 crc_err_total=0 rate1=512 rate2=512 prod1=512 prod2=512 dac_err=0 tx_drop=43203 hb_ms=0 sma_state=6 m7_us=1443947970 m4_us=1441753964 vdd=5.067 offset=0.5000 aref=3.145 loop_us_avg=94 loop_us_max=5351 loop_hz=10638 cycle_log_ms=1 n_cycle=4 cc=1 cc_hz=1026 cc_i_tgt=0.1000 cc_u=0.5000 cc_r=4.9302 cc_tau_ms=7.00
[ 116.806] [ADC1] STATUS alarm(s): 0x49
[ 117.752] [STATUS] t_ms=1400518 hwm=5 cap=256 dropped=0 dropped_total=22507 crc_err=0 crc_err_total=0 rate1=512 rate2=512 prod1=512 prod2=512 dac_err=0 tx_drop=43203 hb_ms=0 sma_state=6 m7_us=1444980380 m4_us=1442785724 vdd=5.067 offset=0.5000 aref=3.145 loop_us_avg=92 loop_us_max=5389 loop_hz=10869 cycle_log_ms=1 n_cycle=4 cc=1 cc_hz=1026 cc_i_tgt=0.1000 cc_u=0.6036 cc_r=6.1501 cc_tau_ms=7.00
[ 117.817] M
[ 117.817] [ADC1] STATUS a
[ 117.817] larm(s): 0x49
[ 118.766] [STATUS] t_ms=1401518 hwm=6 cap=256 dropped=0 dropped_total=22507 crc_err=0 crc_err_total=0 rate1=512 rate2=512 prod1=512 prod2=512 dac_err=0 tx_drop=43203 hb_ms=0 sma_state=6 m7_us=1446011547 m4_us=1443817519 vdd=5.067 offset=0.5000 aref=3.145 loop_us_avg=94 loop_us_max=5350 loop_hz=10638 cycle_log_ms=1 n_cycle=4 cc=1 cc_hz=1026 cc_i_tgt=0.1000 cc_u=0.5000 cc_r=4.8907 cc_tau_ms=7.00
[ 118.829] [ADC1] STATUS alarm(s): 0x9
[ 119.778] [STATUS] t_ms=1402518 hwm=5 cap=256 dropped=0 dropped_total=22507 crc_err=0 crc_err_total=0 rate1=512 rate2=512 prod1=512 prod2=512 dac_err=0 tx_drop=43203 hb_ms=0 sma_state=6 m7_us=1447043994 m4_us=1444849337 vdd=5.067 offset=0.5000 aref=3.145 loop_us_avg=93 loop_us_max=5357 loop_hz=10752 cycle_log_ms=1 n_cycle=4 cc=1 cc_hz=1026 cc_i_tgt=0.1000 cc_u=0.5028 cc_r=4.9136 cc_tau_ms=7.00
[ 119.841] [ADC1] STATUS alarm(s): 0x89
[ 120.845] [STATUS] t_ms=1403518 hwm=6 cap=256 dropped=0 dropped_total=22507 crc_err=0 crc_err_total=0 rate1=512 rate2=512 prod1=512 prod2=512 dac_err=0 tx_drop=43203 hb_ms=0 sma_state=6 m7_us=1448075168 m4_us=1445881141 vdd=5.067 offset=0.5000 aref=3.145 loop_us_avg=94 loop_us_max=5354 loop_hz=10638 cycle_log_ms=1 n_cycle=4 cc=1 cc_hz=1026 cc_i_tgt=0.1000 cc_u=0.5235 cc_r=4.9549 cc_tau_ms=7.00
[ 120.845] [AD
[ 120.845] C1] STATUS alarm(
[ 120.845] s): 0xC9
[ 121.856] [
[ 121.856] [STATUS] t_ms=1404518 hwm=5 cap=256 dropped=0 dropped_total=22507 crc_err=0 crc_err_total=0 rate1=511 rate2=512 prod1=511 prod2=512 dac_err=0 tx_drop=43203 hb_ms=0 sma_state=6 m7_us=1449107031 m4_us=1446911898 vdd=5.067 offset=0.5000 aref=3.145 loop_us_avg=94 loop_us_max=5330 loop_hz=10638 cycle_log_ms=1 n_cycle=4 cc=1 cc_hz=1025 cc_i_tgt=0.1000 cc_u=0.5000 cc_r=4.8917 cc_tau_ms=7.00
[ 121.856] ADC1] STATUS alarm(s): 0xC9
[ 122.870] [ADC1] STATUS alarm(s): 0x49
[ 122.934] [STATUS] t_ms=1405518 hwm=6 cap=256 dropped=0 dropped_total=22507 crc_err=0 crc_err_total=0 rate1=513 rate2=512 prod1=513 prod2=512 dac_err=0 tx_drop=43203 hb_ms=0 sma_state=6 m7_us=1450139329 m4_us=1447944674 vdd=5.067 offset=0.5000 aref=3.145 loop_us_avg=94 loop_us_max=5503 loop_hz=10638 cycle_log_ms=1 n_cycle=4 cc=1 cc_hz=1026 cc_i_tgt=0.1000 cc_u=0.5000 cc_r=4.8458 cc_tau_ms=7.00
[ 123.881] [ADC1] STATUS alarm(s): 0x49
[ 123.945] [STATUS] t_ms=1406518 hwm=6 cap=256 dropped=0 dropped_total=22507 crc_err=0 crc_err_total=0 rate1=512 rate2=512 prod1=512 prod2=512 dac_err=0 tx_drop=43203 hb_ms=0 sma_state=6 m7_us=1451170495 m4_us=1448976460 vdd=5.067 offset=0.5000 aref=3.145 loop_us_avg=92 loop_us_max=5347 loop_hz=10869 cycle_log_ms=1 n_cycle=4 cc=1 cc_hz=1026 cc_i_tgt=0.1000 cc_u=0.5043 cc_r=4.9551 cc_tau_ms=7.00
[ 124.890] [ADC1] STATUS alarm(s): 0x49
[ 124.952] [STATUS] t_ms=1407518 hwm=5 cap=256 dropped=0 dropped_total=22507 crc_err=0 crc_err_total=0 rate1=512 rate2=512 prod1=512 prod2=512 dac_err=0 tx_drop=43203 hb_ms=0 sma_state=6 m7_us=1452202883 m4_us=1450008217 vdd=5.067 offset=0.5000 aref=3.145 loop_us_avg=93 loop_us_max=5334 loop_hz=10752 cycle_log_ms=1 n_cycle=4 cc=1 cc_hz=1026 cc_i_tgt=0.1000 cc_u=0.5153 cc_r=4.8929 cc_tau_ms=7.00
[ 125.516] [SMA] [ACT] heat n=5/6 I=850.0mA ms=400
[ 125.894] [ADC1] STATUS alarm(s): 0x9
[ 125.894] [SMA] [ACT] cool n=5/6 I=100.0mA ms=30000
[ 126.019] [STATUS] t_ms=1408518 hwm=6 cap=256 dropped=0 dropped_total=22507 crc_err=0 crc_err_total=0 rate1=512 rate2=512 prod1=512 prod2=512 dac_err=0 tx_drop=43203 hb_ms=0 sma_state=6 m7_us=1453234009 m4_us=1451039977 vdd=5.067 offset=0.5000 aref=3.145 loop_us_avg=94 loop_us_max=5356 loop_hz=10638 cycle_log_ms=1 n_cycle=4 cc=1 cc_hz=1024 cc_i_tgt=0.1000 cc_u=0.5153 cc_r=4.3722 cc_tau_ms=7.00
[ 126.900] [ADC1] STATUS alarm(s): 0x89
[ 127.027] [STATUS] t_ms=1409518 hwm=5 cap=256 dropped=0 dropped_total=22507 crc_err=0 crc_err_total=0 rate1=512 rate2=512 prod1=512 prod2=512 dac_err=0 tx_drop=43203 hb_ms=0 sma_state=6 m7_us=1454266465 m4_us=1452071753 vdd=5.067 offset=0.5000 aref=3.145 loop_us_avg=93 loop_us_max=5324 loop_hz=10752 cycle_log_ms=1 n_cycle=4 cc=1 cc_hz=1026 cc_i_tgt=0.1000 cc_u=0.5215 cc_r=5.5695 cc_tau_ms=7.00
[ 127.911] [ADC1] STATUS alarm(s): 0xC9
[ 128.037] [STATUS] t_ms=1410518 hwm=6 cap=256 dropped=0 dropped_total=22507 crc_err=0 crc_err_total=0 rate1=512 rate2=513 prod1=512 prod2=513 dac_err=0 tx_drop=43203 hb_ms=0 sma_state=6 m7_us=1455298524 m4_us=1453104522 vdd=5.067 offset=0.5000 aref=3.145 loop_us_avg=93 loop_us_max=5408 loop_hz=10752 cycle_log_ms=1 n_cycle=4 cc=1 cc_hz=1026 cc_i_tgt=0.1000 cc_u=0.5241 cc_r=5.0648 cc_tau_ms=7.00
[ 128.923] _ALM
[ 128.923] [ADC1] STATUS alarm(s): 0xC9
[ 129.114] [STATUS] t_ms=1411518 hwm=5 cap=256 dropped=0 dropped_total=22507 crc_err=0 crc_err_total=0 rate1=512 rate2=511 prod1=512 prod2=511 dac_err=0 tx_drop=43203 hb_ms=0 sma_state=6 m7_us=1456329951 m4_us=1454135292 vdd=5.067 offset=0.5000 aref=3.145 loop_us_avg=93 loop_us_max=5418 loop_hz=10752 cycle_log_ms=1 n_cycle=4 cc=1 cc_hz=1025 cc_i_tgt=0.1000 cc_u=0.5701 cc_r=5.6566 cc_tau_ms=7.00
[ 129.940] [ADC1] STATUS alarm(s): 0x49
[ 130.130] [STATUS] t_ms=1412518 hwm=6 cap=256 dropped=0 dropped_total=22507 crc_err=0 crc_err_total=0 rate1=512 rate2=512 prod1=512 prod2=512 dac_err=0 tx_drop=43203 hb_ms=0 sma_state=6 m7_us=1457361048 m4_us=1455167042 vdd=5.067 offset=0.5000 aref=3.145 loop_us_avg=94 loop_us_max=5359 loop_hz=10638 cycle_log_ms=1 n_cycle=4 cc=1 cc_hz=1026 cc_i_tgt=0.1000 cc_u=0.5292 cc_r=5.1725 cc_tau_ms=7.00
[ 130.949] [ADC1] STATUS alarm(s): 0x49
[ 131.136] [STATUS] t_ms=1413518 hwm=5 cap=256 dropped=0 dropped_total=22507 crc_err=0 crc_err_total=0 rate1=512 rate2=512 prod1=512 prod2=512 dac_err=0 tx_drop=43203 hb_ms=0 sma_state=6 m7_us=1458393466 m4_us=1456198812 vdd=5.067 offset=0.5000 aref=3.145 loop_us_avg=92 loop_us_max=5335 loop_hz=10869 cycle_log_ms=1 n_cycle=4 cc=1 cc_hz=1026 cc_i_tgt=0.1000 cc_u=0.5000 cc_r=4.9354 cc_tau_ms=7.00
[ 131.963] [ADC1] STATUS alarm(s): 0x49
[ 132.215] [STATUS] t_ms=1414518 hwm=6 cap=256 dropped=0 dropped_total=22507 crc_err=0 crc_err_total=0 rate1=512 rate2=512 prod1=512 prod2=512 dac_err=0 tx_drop=43203 hb_ms=0 sma_state=6 m7_us=1459424647 m4_us=1457230620 vdd=5.067 offset=0.5000 aref=3.145 loop_us_avg=94 loop_us_max=5350 loop_hz=10638 cycle_log_ms=1 n_cycle=4 cc=1 cc_hz=1026 cc_i_tgt=0.1000 cc_u=0.5000 cc_r=5.0617 cc_tau_ms=7.00
[ 132.973] [ADC1] STATUS alarm(s): 0x9
[ 133.224] [STATUS] t_ms=1415518 hwm=5 cap=256 dropped=0 dropped_total=22507 crc_err=0 crc_err_total=0 rate1=512 rate2=512 prod1=512 prod2=512 dac_err=0 tx_drop=43203 hb_ms=0 sma_state=6 m7_us=1460457100 m4_us=1458262431 vdd=5.067 offset=0.5000 aref=3.145 loop_us_avg=93 loop_us_max=5323 loop_hz=10752 cycle_log_ms=1 n_cycle=4 cc=1 cc_hz=1026 cc_i_tgt=0.1000 cc_u=0.5179 cc_r=4.8681 cc_tau_ms=7.00
[ 133.979] [ADC1] STATUS alarm(s): 0x89
[ 134.230] [STATUS] t_ms=1416518 hwm=6 cap=256 dropped=0 dropped_total=22507 crc_err=0 crc_err_total=0 rate1=512 rate2=512 prod1=512 prod2=512 dac_err=0 tx_drop=43203 hb_ms=0 sma_state=6 m7_us=1461488235 m4_us=1459294233 vdd=5.067 offset=0.5000 aref=3.145 loop_us_avg=94 loop_us_max=5378 loop_hz=10638 cycle_log_ms=1 n_cycle=4 cc=1 cc_hz=1026 cc_i_tgt=0.1000 cc_u=0.6002 cc_r=5.8772 cc_tau_ms=7.00
[ 134.985] [A
[ 134.985] DC1] STATUS alar
[ 134.985] m(s): 0xC9
[ 135.300] [STATUS] t_ms=1417518 hwm=5 cap=256 dropped=0 dropped_total=22507 crc_err=0 crc_err_total=0 rate1=512 rate2=512 prod1=512 prod2=512 dac_err=0 tx_drop=43203 hb_ms=0 sma_state=6 m7_us=1462520653 m4_us=1460326002 vdd=5.067 offset=0.5000 aref=3.145 loop_us_avg=94 loop_us_max=5327 loop_hz=10638 cycle_log_ms=1 n_cycle=4 cc=1 cc_hz=1026 cc_i_tgt=0.1000 cc_u=0.5409 cc_r=4.9594 cc_tau_ms=7.00
[ 135.995] [ADC1] STATUS alarm(s): 0xC9
[ 136.310] [STATUS] t_ms=1418518 hwm=6 cap=256 dropped=0 dropped_total=22507 crc_err=0 crc_err_total=0 rate1=512 rate2=512 prod1=512 prod2=512 dac_err=0 tx_drop=43203 hb_ms=0 sma_state=6 m7_us=1463551824 m4_us=1461357785 vdd=5.067 offset=0.5000 aref=3.145 loop_us_avg=93 loop_us_max=5347 loop_hz=10752 cycle_log_ms=1 n_cycle=4 cc=1 cc_hz=1026 cc_i_tgt=0.1000 cc_u=0.6003 cc_r=6.0984 cc_tau_ms=7.00
[ 137.004] [ADC1] STATUS alarm(s): 0x49
[ 137.319] [STATUS] t_ms=1419518 hwm=5 cap=256 dropped=0 dropped_total=22507 crc_err=0 crc_err_total=0 rate1=512 rate2=512 prod1=512 prod2=512 dac_err=0 tx_drop=43203 hb_ms=0 sma_state=6 m7_us=1464584220 m4_us=1462389564 vdd=5.067 offset=0.5000 aref=3.145 loop_us_avg=94 loop_us_max=5342 loop_hz=10638 cycle_log_ms=1 n_cycle=4 cc=1 cc_hz=1026 cc_i_tgt=0.1000 cc_u=0.5000 cc_r=4.8469 cc_tau_ms=7.00
[ 138.015] [
[ 138.015] ADC1] STATUS alarm(s): 0x49
[ 138.396] [STATUS] t_ms=1420518 hwm=6 cap=256 dropped=0 dropped_total=22507 crc_err=0 crc_err_total=0 rate1=512 rate2=512 prod1=512 prod2=512 dac_err=0 tx_drop=43203 hb_ms=0 sma_state=6 m7_us=1465615425 m4_us=1463421397 vdd=5.067 offset=0.5000 aref=3.145 loop_us_avg=93 loop_us_max=5357 loop_hz=10752 cycle_log_ms=1 n_cycle=4 cc=1 cc_hz=1026 cc_i_tgt=0.1000 cc_u=0.5029 cc_r=4.8133 cc_tau_ms=7.00
[ 139.024] [ADC1] STATUS alarm(s): 0x49
[ 139.405] [STATUS] t_ms=1421518 hwm=5 cap=256 dropped=0 dropped_total=22507 crc_err=0 crc_err_total=0 rate1=512 rate2=512 prod1=512 prod2=512 dac_err=0 tx_drop=43203 hb_ms=0 sma_state=6 m7_us=1466647845 m4_us=1464453186 vdd=5.067 offset=0.5000 aref=3.145 loop_us_avg=94 loop_us_max=5329 loop_hz=10638 cycle_log_ms=1 n_cycle=4 cc=1 cc_hz=1026 cc_i_tgt=0.1000 cc_u=0.5000 cc_r=4.8705 cc_tau_ms=7.00
[ 139.975] [ADC1] STATUS alarm(s): 0x49
[ 140.418] [STATUS] t_ms=1422518 hwm=6 cap=256 dropped=0 dropped_total=22507 crc_err=0 crc_err_total=0 rate1=512 rate2=512 prod1=512 prod2=512 dac_err=0 tx_drop=43203 hb_ms=0 sma_state=6 m7_us=1467678992 m4_us=1465484988 vdd=5.067 offset=0.5000 aref=3.145 loop_us_avg=92 loop_us_max=5349 loop_hz=10869 cycle_log_ms=1 n_cycle=4 cc=1 cc_hz=1026 cc_i_tgt=0.1000 cc_u=0.5147 cc_r=4.9410 cc_tau_ms=7.00
[ 140.984] [ADC1] STATUS alarm(s): 0x9
[ 141.488] [STATUS] t_ms=1423518 hwm=5 cap=256 dropped=0 dropped_total=22507 crc_err=0 crc_err_total=0 rate1=512 rate2=512 prod1=512 prod2=512 dac_err=0 tx_drop=43203 hb_ms=0 sma_state=6 m7_us=1468711482 m4_us=1466516812 vdd=5.067 offset=0.5000 aref=3.145 loop_us_avg=93 loop_us_max=5650 loop_hz=10752 cycle_log_ms=1 n_cycle=4 cc=1 cc_hz=1027 cc_i_tgt=0.1000 cc_u=0.5000 cc_r=4.9099 cc_tau_ms=7.00
[ 141.990] [ADC1] STATUS alarm(s): 0xC9
[ 142.498] [STATUS] t_ms=1424518 hwm=6 cap=256 dropped=0 dropped_total=22507 crc_err=0 crc_err_total=0 rate1=512 rate2=512 prod1=512 prod2=512 dac_err=0 tx_drop=43203 hb_ms=0 sma_state=6 m7_us=1469742630 m4_us=1467548601 vdd=5.067 offset=0.5000 aref=3.145 loop_us_avg=92 loop_us_max=5345 loop_hz=10869 cycle_log_ms=1 n_cycle=4 cc=1 cc_hz=1026 cc_i_tgt=0.1000 cc_u=0.5000 cc_r=4.8271 cc_tau_ms=7.00
[ 143.007] [ADC1] STATUS alarm(s): 0xC9
[ 143.511] [STATUS] t_ms=1425518 hwm=5 cap=256 dropped=0 dropped_total=22507 crc_err=0 crc_err_total=0 rate1=512 rate2=512 prod1=512 prod2=512 dac_err=0 tx_drop=43203 hb_ms=0 sma_state=6 m7_us=1470775020 m4_us=1468580361 vdd=5.067 offset=0.5000 aref=3.145 loop_us_avg=92 loop_us_max=5338 loop_hz=10869 cycle_log_ms=1 n_cycle=4 cc=1 cc_hz=1026 cc_i_tgt=0.1000 cc_u=0.5002 cc_r=4.9243 cc_tau_ms=7.00
[ 144.015] PG
[ 144.015] AL_ALM
[ 144.015] [ADC1] STAT
[ 144.015] US alarm(s): 0xC9
[ 144.584] [STATUS] t_ms=1426518 hwm=6 cap=256 dropped=0 dropped_total=22507 crc_err=0 crc_err_total=0 rate1=512 rate2=512 prod1=512 prod2=512 dac_err=0 tx_drop=43203 hb_ms=0 sma_state=6 m7_us=1471806134 m4_us=1469612105 vdd=5.067 offset=0.5000 aref=3.145 loop_us_avg=94 loop_us_max=5355 loop_hz=10638 cycle_log_ms=1 n_cycle=4 cc=1 cc_hz=1026 cc_i_tgt=0.1000 cc_u=0.5000 cc_r=4.8396 cc_tau_ms=7.00
[ 145.025] P
[ 145.025] GAL_ALM
[ 145.025] [ADC1] STATUS alarm(s): 0x49
[ 145.595] [STATUS] t_ms=1427518 hwm=5 cap=256 dropped=0 dropped_total=22507 crc_err=0 crc_err_total=0 rate1=512 rate2=512 prod1=512 prod2=512 dac_err=0 tx_drop=43203 hb_ms=0 sma_state=6 m7_us=1472838518 m4_us=1470643861 vdd=5.067 offset=0.5000 aref=3.145 loop_us_avg=92 loop_us_max=5335 loop_hz=10869 cycle_log_ms=1 n_cycle=4 cc=1 cc_hz=1026 cc_i_tgt=0.1000 cc_u=0.5000 cc_r=4.8790 cc_tau_ms=7.00
[ 146.035] [ADC1] STATUS alarm(s): 0x49
[ 146.606] [STATUS] t_ms=1428518 hwm=6 cap=256 dropped=0 dropped_total=22507 crc_err=0 crc_err_total=0 rate1=512 rate2=512 prod1=512 prod2=512 dac_err=0 tx_drop=43203 hb_ms=0 sma_state=6 m7_us=1473869611 m4_us=1471675589 vdd=5.067 offset=0.5000 aref=3.145 loop_us_avg=93 loop_us_max=5353 loop_hz=10752 cycle_log_ms=1 n_cycle=4 cc=1 cc_hz=1026 cc_i_tgt=0.1000 cc_u=0.5000 cc_r=4.8783 cc_tau_ms=7.00
[ 147.051] [ADC1] STATUS alarm(s): 0x49
[ 147.684] [STATUS] t_ms=1429518 hwm=5 cap=256 dropped=0 dropped_total=22507 crc_err=0 crc_err_total=0 rate1=512 rate2=512 prod1=512 prod2=512 dac_err=0 tx_drop=43203 hb_ms=0 sma_state=6 m7_us=1474901979 m4_us=1472707327 vdd=5.067 offset=0.5000 aref=3.145 loop_us_avg=94 loop_us_max=5326 loop_hz=10638 cycle_log_ms=1 n_cycle=4 cc=1 cc_hz=1026 cc_i_tgt=0.1000 cc_u=0.5000 cc_r=4.8183 cc_tau_ms=7.00
[ 148.064] [ADC1] STATUS alarm(s): 0x89
[ 148.693] [STATUS] t_ms=1430518 hwm=6 cap=256 dropped=0 dropped_total=22507 crc_err=0 crc_err_total=0 rate1=512 rate2=512 prod1=512 prod2=512 dac_err=0 tx_drop=43203 hb_ms=0 sma_state=6 m7_us=1475933151 m4_us=1473739109 vdd=5.067 offset=0.5000 aref=3.145 loop_us_avg=93 loop_us_max=5350 loop_hz=10752 cycle_log_ms=1 n_cycle=4 cc=1 cc_hz=1026 cc_i_tgt=0.1000 cc_u=0.5000 cc_r=4.8472 cc_tau_ms=7.00
[ 149.072] [ADC1] STATUS alarm(s): 0xC9
[ 149.701] [STATUS] t_ms=1431518 hwm=5 cap=256 dropped=0 dropped_total=22507 crc_err=0 crc_err_total=0 rate1=512 rate2=512 prod1=512 prod2=512 dac_err=0 tx_drop=43203 hb_ms=0 sma_state=6 m7_us=1476965587 m4_us=1474770933 vdd=5.067 offset=0.5000 aref=3.145 loop_us_avg=93 loop_us_max=5331 loop_hz=10752 cycle_log_ms=1 n_cycle=4 cc=1 cc_hz=1026 cc_i_tgt=0.1000 cc_u=0.5000 cc_r=4.9085 cc_tau_ms=7.00
[ 150.080] [ADC1] STATUS
[ 150.080] alarm(s): 0xC9
[ 150.778] [STATUS] t_ms=1432518 hwm=6 cap=256 dropped=0 dropped_total=22507 crc_err=0 crc_err_total=0 rate1=512 rate2=512 prod1=512 prod2=512 dac_err=0 tx_drop=43203 hb_ms=0 sma_state=6 m7_us=1477996757 m4_us=1475802725 vdd=5.067 offset=0.5000 aref=3.145 loop_us_avg=94 loop_us_max=5350 loop_hz=10638 cycle_log_ms=1 n_cycle=4 cc=1 cc_hz=1026 cc_i_tgt=0.1000 cc_u=0.5173 cc_r=4.9215 cc_tau_ms=7.00
[ 151.093] M
[ 151.093] [ADC1] STATUS alarm(s): 0xC9
[ 151.788] [STATUS] t_ms=1433518 hwm=5 cap=256 dropped=0 dropped_total=22507 crc_err=0 crc_err_total=0 rate1=512 rate2=512 prod1=512 prod2=512 dac_err=0 tx_drop=43203 hb_ms=0 sma_state=6 m7_us=1479029181 m4_us=1476834521 vdd=5.067 offset=0.5000 aref=3.145 loop_us_avg=94 loop_us_max=5330 loop_hz=10638 cycle_log_ms=1 n_cycle=4 cc=1 cc_hz=1026 cc_i_tgt=0.1000 cc_u=0.5000 cc_r=4.8594 cc_tau_ms=7.00
[ 152.102] [ADC1] STATUS alarm(s): 0x49
[ 152.798] [STATUS] t_ms=1434518 hwm=6 cap=256 dropped=0 dropped_total=22507 crc_err=0 crc_err_total=0 rate1=512 rate2=512 prod1=512 prod2=512 dac_err=0 tx_drop=43203 hb_ms=0 sma_state=6 m7_us=1480060314 m4_us=1477866309 vdd=5.067 offset=0.5000 aref=3.145 loop_us_avg=93 loop_us_max=5350 loop_hz=10752 cycle_log_ms=1 n_cycle=4 cc=1 cc_hz=1026 cc_i_tgt=0.1000 cc_u=0.5029 cc_r=4.9297 cc_tau_ms=7.00
[ 153.115] [ADC1] STATUS alarm(s): 0x49
[ 153.873] [STATUS] t_ms=1435518 hwm=5 cap=256 dropped=0 dropped_total=22507 crc_err=0 crc_err_total=0 rate1=512 rate2=512 prod1=512 prod2=512 dac_err=0 tx_drop=43203 hb_ms=0 sma_state=6 m7_us=1481092745 m4_us=1478898089 vdd=5.067 offset=0.5000 aref=3.145 loop_us_avg=93 loop_us_max=5347 loop_hz=10752 cycle_log_ms=1 n_cycle=4 cc=1 cc_hz=1026 cc_i_tgt=0.1000 cc_u=0.5027 cc_r=4.9074 cc_tau_ms=7.00
[ 154.125] [A
[ 154.125] DC1] STATUS alarm(s): 0x49
[ 154.878] [STATUS] t_ms=1436518 hwm=6 cap=256 dropped=0 dropped_total=22507 crc_err=0 crc_err_total=0 rate1=512 rate2=512 prod1=512 prod2=512 dac_err=0 tx_drop=43203 hb_ms=0 sma_state=6 m7_us=1482123911 m4_us=1479929887 vdd=5.067 offset=0.5000 aref=3.145 loop_us_avg=94 loop_us_max=5345 loop_hz=10638 cycle_log_ms=1 n_cycle=4 cc=1 cc_hz=1026 cc_i_tgt=0.1000 cc_u=0.5020 cc_r=4.8571 cc_tau_ms=7.00
[ 155.128] [ADC1] STATUS alarm(s): 0x9
[ 155.944] [STATUS] t_ms=1437518 hwm=5 cap=256 dropped=0 dropped_total=22507 crc_err=0 crc_err_total=0 rate1=512 rate2=512 prod1=512 prod2=512 dac_err=0 tx_drop=43203 hb_ms=0 sma_state=6 m7_us=1483156262 m4_us=1480961609 vdd=5.067 offset=0.5000 aref=3.145 loop_us_avg=94 loop_us_max=5328 loop_hz=10638 cycle_log_ms=1 n_cycle=4 cc=1 cc_hz=1026 cc_i_tgt=0.1000 cc_u=0.5000 cc_r=4.8804 cc_tau_ms=7.00
[ 156.133] [ADC1] STATUS alarm(s): 0x89
[ 156.890] [SMA] [ACT] heat n=6/6 I=850.0mA ms=400
[ 156.953] [STATUS] t_ms=1438518 hwm=6 cap=256 dropped=0 dropped_total=22507 crc_err=0 crc_err_total=0 rate1=512 rate2=512 prod1=512 prod2=512 dac_err=0 tx_drop=43203 hb_ms=0 sma_state=5 m7_us=1484187372 m4_us=1481993346 vdd=5.067 offset=0.5000 aref=3.145 loop_us_avg=94 loop_us_max=5345 loop_hz=10638 cycle_log_ms=1 n_cycle=4 cc=1 cc_hz=1025 cc_i_tgt=0.8500 cc_u=3.6646 cc_r=4.4701 cc_tau_ms=7.00
[ 157.142] _ALM
[ 157.142] [ADC1] STATUS alarm(s): 0xC9
[ 157.268] [SMA] [ACT] cool n=6/6 I=100.0mA ms=30000
[ 157.963] [STATUS] t_ms=1439518 hwm=5 cap=256 dropped=0 dropped_total=22507 crc_err=0 crc_err_total=0 rate1=512 rate2=512 prod1=512 prod2=512 dac_err=0 tx_drop=43203 hb_ms=0 sma_state=6 m7_us=1485219757 m4_us=1483025100 vdd=5.067 offset=0.5000 aref=3.145 loop_us_avg=93 loop_us_max=5336 loop_hz=10752 cycle_log_ms=1 n_cycle=4 cc=1 cc_hz=1025 cc_i_tgt=0.1000 cc_u=0.5179 cc_r=5.4687 cc_tau_ms=7.00
[ 158.153] [ADC1] STATUS alarm(s): 0xC9
[ 159.039] [STATUS] t_ms=1440518 hwm=6 cap=256 dropped=0 dropped_total=22507 crc_err=0 crc_err_total=0 rate1=512 rate2=512 prod1=512 prod2=512 dac_err=0 tx_drop=43203 hb_ms=0 sma_state=6 m7_us=1486250918 m4_us=1484056889 vdd=5.067 offset=0.5000 aref=3.145 loop_us_avg=94 loop_us_max=5350 loop_hz=10638 cycle_log_ms=1 n_cycle=4 cc=1 cc_hz=1026 cc_i_tgt=0.1000 cc_u=0.5000 cc_r=4.9964 cc_tau_ms=7.00
[ 159.165] [ADC1] STATUS alarm(s): 0x49
[ 160.047] [STATUS] t_ms=1441518 hwm=5 cap=256 dropped=0 dropped_total=22507 crc_err=0 crc_err_total=0 rate1=512 rate2=512 prod1=512 prod2=512 dac_err=0 tx_drop=43203 hb_ms=0 sma_state=6 m7_us=1487283370 m4_us=1485088716 vdd=5.067 offset=0.5000 aref=3.145 loop_us_avg=94 loop_us_max=5325 loop_hz=10638 cycle_log_ms=1 n_cycle=4 cc=1 cc_hz=1026 cc_i_tgt=0.1000 cc_u=0.5552 cc_r=5.8730 cc_tau_ms=7.00
[ 160.171] [ADC1] STATUS al
[ 160.171] arm(s): 0x49
[ 161.056] [STATUS] t_ms=1442518 hwm=6 cap=256 dropped=0 dropped_total=22507 crc_err=0 crc_err_total=0 rate1=512 rate2=512 prod1=512 prod2=512 dac_err=0 tx_drop=43203 hb_ms=0 sma_state=6 m7_us=1488314572 m4_us=1486120546 vdd=5.067 offset=0.5000 aref=3.145 loop_us_avg=94 loop_us_max=5357 loop_hz=10638 cycle_log_ms=1 n_cycle=4 cc=1 cc_hz=1026 cc_i_tgt=0.1000 cc_u=0.5049 cc_r=4.9767 cc_tau_ms=7.00
[ 161.184] [ADC1] STATUS alarm(s): 0x49
[ 162.132] [STATUS] t_ms=1443518 hwm=5 cap=256 dropped=0 dropped_total=22507 crc_err=0 crc_err_total=0 rate1=512 rate2=512 prod1=512 prod2=512 dac_err=0 tx_drop=43203 hb_ms=0 sma_state=6 m7_us=1489347033 m4_us=1487152377 vdd=5.067 offset=0.5000 aref=3.145 loop_us_avg=93 loop_us_max=5328 loop_hz=10752 cycle_log_ms=1 n_cycle=4 cc=1 cc_hz=1026 cc_i_tgt=0.1000 cc_u=0.5000 cc_r=5.0356 cc_tau_ms=7.00
[ 162.193] [ADC1] STATUS alarm(s): 0x49
[ 163.138] [STATUS] t_ms=1444518 hwm=6 cap=256 dropped=0 dropped_total=22507 crc_err=0 crc_err_total=0 rate1=512 rate2=512 prod1=512 prod2=512 dac_err=0 tx_drop=43203 hb_ms=0 sma_state=6 m7_us=1490378367 m4_us=1488184236 vdd=5.067 offset=0.5000 aref=3.145 loop_us_avg=93 loop_us_max=5374 loop_hz=10752 cycle_log_ms=1 n_cycle=4 cc=1 cc_hz=1026 cc_i_tgt=0.1000 cc_u=0.5692 cc_r=5.5841 cc_tau_ms=7.00
[ 163.201] _ALM
[ 163.201] [ADC1] STATU
[ 163.201] S alarm(s): 0x9
[ 164.153] [STATUS] t_ms=1445518 hwm=5 cap=256 dropped=0 dropped_total=22507 crc_err=0 crc_err_total=0 rate1=512 rate2=512 prod1=512 prod2=512 dac_err=0 tx_drop=43203 hb_ms=0 sma_state=6 m7_us=1491410723 m4_us=1489216066 vdd=5.067 offset=0.5000 aref=3.145 loop_us_avg=93 loop_us_max=5405 loop_hz=10752 cycle_log_ms=1 n_cycle=4 cc=1 cc_hz=1026 cc_i_tgt=0.1000 cc_u=0.6049 cc_r=5.9609 cc_tau_ms=7.00
[ 164.215] [ADC1] STATUS alarm(s): 0x89
[ 165.162] M
[ 165.162] [ADC1] STATUS a
[ 165.225] larm(s): 0xC9
[ 165.225] [STATUS] t_ms=1446518 hwm=6 cap=256 dropped=0 dropped_total=22507 crc_err=0 crc_err_total=0 rate1=512 rate2=512 prod1=512 prod2=512 dac_err=0 tx_drop=43203 hb_ms=0 sma_state=6 m7_us=1492441881 m4_us=1490247852 vdd=5.067 offset=0.5000 aref=3.145 loop_us_avg=92 loop_us_max=5347 loop_hz=10869 cycle_log_ms=1 n_cycle=4 cc=1 cc_hz=1026 cc_i_tgt=0.1000 cc_u=0.6070 cc_r=6.0531 cc_tau_ms=7.00
[ 166.173] _ALM
[ 166.173] [ADC1] STATUS alarm(s): 0xC9
[ 166.235] [STATUS] t_ms=1447518 hwm=5 cap=256 dropped=0 dropped_total=22507 crc_err=0 crc_err_total=0 rate1=512 rate2=512 prod1=512 prod2=512 dac_err=0 tx_drop=43203 hb_ms=0 sma_state=6 m7_us=1493474318 m4_us=1491279666 vdd=5.067 offset=0.5000 aref=3.145 loop_us_avg=92 loop_us_max=5335 loop_hz=10869 cycle_log_ms=1 n_cycle=4 cc=1 cc_hz=1026 cc_i_tgt=0.1000 cc_u=0.5000 cc_r=4.8965 cc_tau_ms=7.00
[ 167.181] [ADC1] STATUS alarm(s): 0x49
[ 167.244] [STATUS] t_ms=1448518 hwm=6 cap=256 dropped=0 dropped_total=22507 crc_err=0 crc_err_total=0 rate1=512 rate2=512 prod1=512 prod2=512 dac_err=0 tx_drop=43203 hb_ms=0 sma_state=6 m7_us=1494505484 m4_us=1492311455 vdd=5.067 offset=0.5000 aref=3.145 loop_us_avg=94 loop_us_max=5347 loop_hz=10638 cycle_log_ms=1 n_cycle=4 cc=1 cc_hz=1026 cc_i_tgt=0.1000 cc_u=0.5088 cc_r=4.8506 cc_tau_ms=7.00
[ 168.189] [ADC1] STATUS alarm(s): 0x49
[ 168.317] [STATUS] t_ms=1449518 hwm=5 cap=256 dropped=0 dropped_total=22507 crc_err=0 crc_err_total=0 rate1=512 rate2=512 prod1=512 prod2=512 dac_err=0 tx_drop=43203 hb_ms=0 sma_state=6 m7_us=1495537913 m4_us=1493343257 vdd=5.067 offset=0.5000 aref=3.145 loop_us_avg=94 loop_us_max=5325 loop_hz=10638 cycle_log_ms=1 n_cycle=4 cc=1 cc_hz=1026 cc_i_tgt=0.1000 cc_u=0.5000 cc_r=4.8172 cc_tau_ms=7.00
[ 169.203] [
[ 169.203] ADC1] STATUS alarm(s): 0x49
[ 169.330] [STATUS] t_ms=1450518 hwm=6 cap=256 dropped=0 dropped_total=22507 crc_err=0 crc_err_total=0 rate1=512 rate2=512 prod1=512 prod2=512 dac_err=0 tx_drop=43203 hb_ms=0 sma_state=6 m7_us=1496569042 m4_us=1494375036 vdd=5.067 offset=0.5000 aref=3.145 loop_us_avg=94 loop_us_max=5360 loop_hz=10638 cycle_log_ms=1 n_cycle=4 cc=1 cc_hz=1026 cc_i_tgt=0.1000 cc_u=0.5024 cc_r=4.9006 cc_tau_ms=7.00
[ 170.217] [ADC1] STATUS alarm(s): 0x49
[ 170.344] [STATUS] t_ms=1451518 hwm=5 cap=256 dropped=0 dropped_total=22507 crc_err=0 crc_err_total=0 rate1=512 rate2=512 prod1=512 prod2=512 dac_err=0 tx_drop=43203 hb_ms=0 sma_state=6 m7_us=1497601502 m4_us=1495406844 vdd=5.067 offset=0.5000 aref=3.145 loop_us_avg=92 loop_us_max=5345 loop_hz=10869 cycle_log_ms=1 n_cycle=4 cc=1 cc_hz=1026 cc_i_tgt=0.1000 cc_u=0.6006 cc_r=6.1223 cc_tau_ms=7.00
[ 171.235] [ADC1] STATUS alarm(s): 0x9
[ 171.425] [STATUS] t_ms=1452518 hwm=6 cap=256 dropped=0 dropped_total=22507 crc_err=0 crc_err_total=0 rate1=512 rate2=512 prod1=512 prod2=512 dac_err=0 tx_drop=43203 hb_ms=0 sma_state=6 m7_us=1498632672 m4_us=1496438645 vdd=5.067 offset=0.5000 aref=3.145 loop_us_avg=93 loop_us_max=5346 loop_hz=10752 cycle_log_ms=1 n_cycle=4 cc=1 cc_hz=1026 cc_i_tgt=0.1000 cc_u=0.6589 cc_r=6.3917 cc_tau_ms=7.00
[ 172.246] [ADC1] STATUS alarm(s): 0x89
[ 172.437] [STATUS] t_ms=1453518 hwm=5 cap=256 dropped=0 dropped_total=22507 crc_err=0 crc_err_total=0 rate1=512 rate2=512 prod1=512 prod2=512 dac_err=0 tx_drop=43203 hb_ms=0 sma_state=6 m7_us=1499665096 m4_us=1497470441 vdd=5.067 offset=0.5000 aref=3.145 loop_us_avg=93 loop_us_max=5332 loop_hz=10752 cycle_log_ms=1 n_cycle=4 cc=1 cc_hz=1026 cc_i_tgt=0.1000 cc_u=0.5000 cc_r=4.8981 cc_tau_ms=7.00
[ 173.261] [ADC1] STATUS alarm(s): 0xC9
[ 173.453] [STATUS] t_ms=1454518 hwm=6 cap=256 dropped=0 dropped_total=22507 crc_err=0 crc_err_total=0 rate1=512 rate2=512 prod1=512 prod2=512 dac_err=0 tx_drop=43203 hb_ms=0 sma_state=6 m7_us=1500696305 m4_us=1498502277 vdd=5.067 offset=0.5000 aref=3.145 loop_us_avg=94 loop_us_max=5353 loop_hz=10638 cycle_log_ms=1 n_cycle=4 cc=1 cc_hz=1026 cc_i_tgt=0.1000 cc_u=0.5016 cc_r=4.9366 cc_tau_ms=7.00
[ 174.274] [ADC1] STATUS alarm(s): 0xC9
[ 174.465] [STATUS] t_ms=1455518 hwm=5 cap=256 dropped=0 dropped_total=22507 crc_err=0 crc_err_total=0 rate1=512 rate2=512 prod1=512 prod2=512 dac_err=0 tx_drop=43203 hb_ms=0 sma_state=6 m7_us=1501728763 m4_us=1499534108 vdd=5.067 offset=0.5000 aref=3.145 loop_us_avg=93 loop_us_max=5326 loop_hz=10752 cycle_log_ms=1 n_cycle=4 cc=1 cc_hz=1026 cc_i_tgt=0.1000 cc_u=0.5000 cc_r=4.8531 cc_tau_ms=7.00
[ 175.289] [
[ 175.289] ADC1] STATUS alarm(s): 0xC9
[ 175.543] [STATUS] t_ms=1456518 hwm=6 cap=256 dropped=0 dropped_total=22507 crc_err=0 crc_err_total=0 rate1=512 rate2=512 prod1=512 prod2=512 dac_err=0 tx_drop=43203 hb_ms=0 sma_state=6 m7_us=1502759942 m4_us=1500565903 vdd=5.067 offset=0.5000 aref=3.145 loop_us_avg=93 loop_us_max=5348 loop_hz=10752 cycle_log_ms=1 n_cycle=4 cc=1 cc_hz=1026 cc_i_tgt=0.1000 cc_u=0.5000 cc_r=4.9105 cc_tau_ms=7.00
[ 176.297] [ADC1] STATUS alarm(s): 0x49
[ 176.552] [STATUS] t_ms=1457518 hwm=5 cap=256 dropped=0 dropped_total=22507 crc_err=0 crc_err_total=0 rate1=512 rate2=512 prod1=512 prod2=512 dac_err=0 tx_drop=43203 hb_ms=0 sma_state=6 m7_us=1503792410 m4_us=1501597753 vdd=5.067 offset=0.5000 aref=3.145 loop_us_avg=93 loop_us_max=5332 loop_hz=10752 cycle_log_ms=1 n_cycle=4 cc=1 cc_hz=1026 cc_i_tgt=0.1000 cc_u=0.6267 cc_r=6.0892 cc_tau_ms=7.00
[ 177.315] [ADC1] STATUS alarm(s): 0x49
[ 177.567] [STATUS] t_ms=1458518 hwm=6 cap=256 dropped=0 dropped_total=22507 crc_err=0 crc_err_total=0 rate1=512 rate2=512 prod1=512 prod2=512 dac_err=0 tx_drop=43203 hb_ms=0 sma_state=6 m7_us=1504823750 m4_us=1502629637 vdd=5.067 offset=0.5000 aref=3.145 loop_us_avg=93 loop_us_max=5350 loop_hz=10752 cycle_log_ms=1 n_cycle=4 cc=1 cc_hz=1026 cc_i_tgt=0.1000 cc_u=0.6139 cc_r=6.1912 cc_tau_ms=7.00
[ 178.322] [A
[ 178.322] DC1] STATUS alarm
[ 178.322] (s): 0x49
[ 178.639] [STATUS] t_ms=1459518 hwm=5 cap=256 dropped=0 dropped_total=22507 crc_err=0 crc_err_total=0 rate1=512 rate2=512 prod1=512 prod2=512 dac_err=0 tx_drop=43203 hb_ms=0 sma_state=6 m7_us=1505856147 m4_us=1503661490 vdd=5.067 offset=0.5000 aref=3.145 loop_us_avg=94 loop_us_max=5402 loop_hz=10638 cycle_log_ms=1 n_cycle=4 cc=1 cc_hz=1026 cc_i_tgt=0.1000 cc_u=0.5077 cc_r=4.8258 cc_tau_ms=7.00
[ 179.273] [ADC1] STATUS alarm(s): 0x49
[ 179.653] [STATUS] t_ms=1460518 hwm=6 cap=256 dropped=0 dropped_total=22507 crc_err=0 crc_err_total=0 rate1=512 rate2=512 prod1=512 prod2=512 dac_err=0 tx_drop=43203 hb_ms=0 sma_state=6 m7_us=1506887361 m4_us=1504693337 vdd=5.067 offset=0.5000 aref=3.145 loop_us_avg=94 loop_us_max=5343 loop_hz=10638 cycle_log_ms=1 n_cycle=4 cc=1 cc_hz=1026 cc_i_tgt=0.1000 cc_u=0.5044 cc_r=4.9399 cc_tau_ms=7.00
[ 180.285] [ADC1] STATUS alarm(s): 0x9
[ 180.663] [STATUS] t_ms=1461518 hwm=5 cap=256 dropped=0 dropped_total=22507 crc_err=0 crc_err_total=0 rate1=512 rate2=512 prod1=512 prod2=512 dac_err=0 tx_drop=43203 hb_ms=0 sma_state=6 m7_us=1507919862 m4_us=1505725202 vdd=5.067 offset=0.5000 aref=3.145 loop_us_avg=93 loop_us_max=5333 loop_hz=10752 cycle_log_ms=1 n_cycle=4 cc=1 cc_hz=1026 cc_i_tgt=0.1000 cc_u=0.5000 cc_r=4.8813 cc_tau_ms=7.00
[ 181.297] _ALM
[ 181.297] [ADC1] STA
[ 181.297] TUS alarm(s): 0x89
[ 181.739] [STATUS] t_ms=1462518 hwm=6 cap=256 dropped=0 dropped_total=22507 crc_err=0 crc_err_total=0 rate1=512 rate2=512 prod1=512 prod2=512 dac_err=0 tx_drop=43203 hb_ms=0 sma_state=6 m7_us=1508951009 m4_us=1506757001 vdd=5.067 offset=0.5000 aref=3.145 loop_us_avg=93 loop_us_max=5353 loop_hz=10752 cycle_log_ms=1 n_cycle=4 cc=1 cc_hz=1026 cc_i_tgt=0.1000 cc_u=0.5000 cc_r=4.9661 cc_tau_ms=7.00
[ 182.307] [ADC1] STATUS alarm(s): 0xC9
[ 182.750] [STATUS] t_ms=1463518 hwm=5 cap=256 dropped=0 dropped_total=22507 crc_err=0 crc_err_total=0 rate1=512 rate2=512 prod1=512 prod2=512 dac_err=0 tx_drop=43203 hb_ms=0 sma_state=6 m7_us=1509983495 m4_us=1507788818 vdd=5.067 offset=0.5000 aref=3.145 loop_us_avg=93 loop_us_max=5330 loop_hz=10752 cycle_log_ms=1 n_cycle=4 cc=1 cc_hz=1026 cc_i_tgt=0.1000 cc_u=0.5000 cc_r=4.9161 cc_tau_ms=7.00
[ 183.324] [ADC1] STATUS alarm(s): 0xC9
[ 184.190] [STATUS] t_ms=1464518 hwm=6 cap=256 dropped=0 dropped_total=22507 crc_err=0 crc_err_total=0 rate1=512 rate2=512 prod1=512 prod2=512 dac_err=0 tx_drop=43203 hb_ms=0 sma_state=6 m7_us=1511014788 m4_us=1508820671 vdd=5.067 offset=0.5000 aref=3.145 loop_us_avg=92 loop_us_max=5344 loop_hz=10869 cycle_log_ms=1 n_cycle=4 cc=1 cc_hz=1026 cc_i_tgt=0.1000 cc_u=0.5000 cc_r=4.9168 cc_tau_ms=7.00
[ 184.317] [ADC1] STATUS alarm(s): 0xC9
[ 184.822] [STATUS] t_ms=1465518 hwm=256 cap=256 dropped=58 dropped_total=22565 crc_err=0 crc_err_total=0 rate1=481 rate2=481 prod1=483 prod2=483 dac_err=0 tx_drop=43203 hb_ms=0 sma_state=6 m7_us=1512047207 m4_us=1509852473 vdd=5.067 offset=0.5000 aref=3.145 loop_us_avg=136 loop_us_max=315832 loop_hz=7352 cycle_log_ms=1 n_cycle=4 cc=1 cc_hz=708 cc_i_tgt=0.1000 cc_u=0.9236 cc_r=5.3000 cc_tau_ms=7.00
[ 185.327] [ADC1] STATUS alarm(s): 0x49
