[   0.050] [SMA] ARMED (MOSFET on); idle=0.500 V
[   0.051] [STATUS] t_ms=3575285 hwm=5 cap=256 dropped=0 dropped_total=41517 crc_err=0 crc_err_total=0 rate1=512 rate2=512 prod1=512 prod2=512 dac_err=0 tx_drop=1034527 hb_ms=0 sma_state=0 m7_us=3688049636 m4_us=3685855214 vdd=5.067 offset=0.5000 aref=3.145 loop_us_avg=21 loop_us_max=4663 loop_hz=47619 cycle_log_ms=1 n_cycle=4 cc=0 cc_hz=0 cc_i_tgt=0.1000 cc_u=0.5158 cc_r=5.0458 cc_tau_ms=7.00
[   0.175] 1] STATU
[   0.175] S alarm(s): 0x9
[   0.175] [ADC
[   0.175] 1
[   1.112] [STATUS] t_ms=3576285 hwm=6 cap=256 dropped=0 dropped_total=41517 crc_err=0 crc_err_total=0 rate1=512 rate2=512 prod1=512 prod2=512 dac_err=0 tx_drop=1034527 hb_ms=0 sma_state=0 m7_us=3689081511 m4_us=3686887086 vdd=5.067 offset=0.5000 aref=3.145 loop_us_avg=22 loop_us_max=6306 loop_hz=45454 cycle_log_ms=1 n_cycle=4 cc=0 cc_hz=0 cc_i_tgt=0.1000 cc_u=0.5158 cc_r=5.0458 cc_tau_ms=7.00
[   1.175] ] STAT
[   1.175] US alarm(s): 0xC
[   1.175] [AD
[   1.175] C1
[   0.061] [SMA] [CC] start i_high=950.0mA i_low=100.0mA t_high=200 t_idle=15000 n=6 (0=cont) tau_ms=7.0 wdt_ms=5000
[   0.061] [SMA] [ACT] heat n=1/6 I=950.0mA ms=200
[   0.061] [STATUS] t_ms=3577285 hwm=5 cap=256 dropped=0 dropped_total=41517 crc_err=0 crc_err_total=0 rate1=513 rate2=512 prod1=513 prod2=512 dac_err=0 tx_drop=1034527 hb_ms=0 sma_state=5 m7_us=3690114048 m4_us=3687919968 vdd=5.067 offset=0.5000 aref=3.145 loop_us_avg=23 loop_us_max=4636 loop_hz=43478 cycle_log_ms=1 n_cycle=4 cc=1 cc_hz=34 cc_i_tgt=0.9500 cc_u=0.7292 cc_r=0.0000 cc_tau_ms=7.00
[   0.186] [ADC1
[   0.248] [SMA] [ACT] cool n=1/6 I=100.0mA ms=15000
[   1.133] [STATUS] t_ms=3578285 hwm=5 cap=256 dropped=0 dropped_total=41517 crc_err=0 crc_err_total=0 rate1=511 rate2=512 prod1=511 prod2=512 dac_err=0 tx_drop=1034527 hb_ms=0 sma_state=6 m7_us=3691145268 m4_us=3688950747 vdd=5.067 offset=0.5000 aref=3.145 loop_us_avg=88 loop_us_max=5390 loop_hz=11363 cycle_log_ms=1 n_cycle=4 cc=1 cc_hz=1025 cc_i_tgt=0.1000 cc_u=0.7155 cc_r=0.0000 cc_tau_ms=7.00
[   1.133] [ADC1
[   2.143] [STATUS] t_ms=3579285 hwm=5 cap=256 dropped=0 dropped_total=41517 crc_err=0 crc_err_total=0 rate1=513 rate2=512 prod1=513 prod2=512 dac_err=0 tx_drop=1034527 hb_ms=0 sma_state=6 m7_us=3692177578 m4_us=3689983482 vdd=5.067 offset=0.5000 aref=3.145 loop_us_avg=93 loop_us_max=5390 loop_hz=10752 cycle_log_ms=1 n_cycle=4 cc=1 cc_hz=1026 cc_i_tgt=0.1000 cc_u=0.5178 cc_r=5.0995 cc_tau_ms=7.00
[   2.143] ] STATUS
[   2.143] alarm(s): 0x49 PGA
[   2.143] L_ALM
[   2.143] [ADC1
[   3.158] [STATUS] t_ms=3580285 hwm=5 cap=256 dropped=0 dropped_total=41517 crc_err=0 crc_err_total=0 rate1=512 rate2=512 prod1=512 prod2=512 dac_err=0 tx_drop=1034527 hb_ms=0 sma_state=6 m7_us=3693209611 m4_us=3691015197 vdd=5.067 offset=0.5000 aref=3.145 loop_us_avg=94 loop_us_max=5413 loop_hz=10638 cycle_log_ms=1 n_cycle=4 cc=1 cc_hz=1026 cc_i_tgt=0.1000 cc_u=0.5000 cc_r=4.9595 cc_tau_ms=7.00
[   3.158] [ADC1
[   4.164] [ADC
[   4.227] [STATUS] t_ms=3581285 hwm=5 cap=256 dropped=0 dropped_total=41517 crc_err=0 crc_err_total=0 rate1=512 rate2=512 prod1=512 prod2=512 dac_err=0 tx_drop=1034527 hb_ms=0 sma_state=6 m7_us=3694241031 m4_us=3692046928 vdd=5.067 offset=0.5000 aref=3.145 loop_us_avg=94 loop_us_max=5410 loop_hz=10638 cycle_log_ms=1 n_cycle=4 cc=1 cc_hz=1025 cc_i_tgt=0.1000 cc_u=0.5000 cc_r=4.9984 cc_tau_ms=7.00
[   5.177] [ADC1
[   5.240] [STATUS] t_ms=3582285 hwm=5 cap=256 dropped=0 dropped_total=41517 crc_err=0 crc_err_total=0 rate1=511 rate2=512 prod1=511 prod2=512 dac_err=0 tx_drop=1034527 hb_ms=0 sma_state=6 m7_us=3695272099 m4_us=3693077662 vdd=5.067 offset=0.5000 aref=3.145 loop_us_avg=92 loop_us_max=5397 loop_hz=10869 cycle_log_ms=1 n_cycle=4 cc=1 cc_hz=1026 cc_i_tgt=0.1000 cc_u=0.5000 cc_r=4.9717 cc_tau_ms=7.00
[   6.187] [ADC1
[   6.250] [STATUS] t_ms=3583285 hwm=5 cap=256 dropped=0 dropped_total=41517 crc_err=0 crc_err_total=0 rate1=513 rate2=512 prod1=513 prod2=512 dac_err=0 tx_drop=1034527 hb_ms=0 sma_state=6 m7_us=3696304465 m4_us=3694110368 vdd=5.067 offset=0.5000 aref=3.145 loop_us_avg=94 loop_us_max=5316 loop_hz=10638 cycle_log_ms=1 n_cycle=4 cc=1 cc_hz=1026 cc_i_tgt=0.1000 cc_u=0.5034 cc_r=4.9257 cc_tau_ms=7.00
[   7.197] [ADC1
[   7.321] [STATUS] t_ms=3584285 hwm=5 cap=256 dropped=0 dropped_total=41517 crc_err=0 crc_err_total=0 rate1=512 rate2=512 prod1=512 prod2=512 dac_err=0 tx_drop=1034527 hb_ms=0 sma_state=6 m7_us=3697336145 m4_us=3695142042 vdd=5.067 offset=0.5000 aref=3.145 loop_us_avg=94 loop_us_max=5413 loop_hz=10638 cycle_log_ms=1 n_cycle=4 cc=1 cc_hz=1025 cc_i_tgt=0.1000 cc_u=0.5066 cc_r=5.0014 cc_tau_ms=7.00
[   8.209] ] STA
[   8.209] [ADC1
[   8.334] [STATUS] t_ms=3585285 hwm=5 cap=256 dropped=0 dropped_total=41517 crc_err=0 crc_err_total=0 rate1=512 rate2=512 prod1=512 prod2=512 dac_err=0 tx_drop=1034527 hb_ms=0 sma_state=6 m7_us=3698367805 m4_us=3696173706 vdd=5.067 offset=0.5000 aref=3.145 loop_us_avg=92 loop_us_max=5421 loop_hz=10869 cycle_log_ms=1 n_cycle=4 cc=1 cc_hz=1025 cc_i_tgt=0.1000 cc_u=0.5249 cc_r=5.0443 cc_tau_ms=7.00
[   9.219] ] STA
[   9.219] TUS alarm(s): 0x49
[   9.219] [ADC1
[   9.347] [STATUS] t_ms=3586285 hwm=5 cap=256 dropped=0 dropped_total=41517 crc_err=0 crc_err_total=0 rate1=512 rate2=512 prod1=512 prod2=512 dac_err=0 tx_drop=1034527 hb_ms=0 sma_state=6 m7_us=3699399463 m4_us=3697205370 vdd=5.067 offset=0.5000 aref=3.145 loop_us_avg=94 loop_us_max=5438 loop_hz=10638 cycle_log_ms=1 n_cycle=4 cc=1 cc_hz=1025 cc_i_tgt=0.1000 cc_u=0.5248 cc_r=5.0652 cc_tau_ms=7.00
[  10.231] [AD
[  10.231] C
[  10.421] [STATUS] t_ms=3587285 hwm=5 cap=256 dropped=0 dropped_total=41517 crc_err=0 crc_err_total=0 rate1=512 rate2=512 prod1=512 prod2=512 dac_err=0 tx_drop=1034527 hb_ms=0 sma_state=6 m7_us=3700431118 m4_us=3698237021 vdd=5.067 offset=0.5000 aref=3.145 loop_us_avg=94 loop_us_max=5411 loop_hz=10638 cycle_log_ms=1 n_cycle=4 cc=1 cc_hz=1025 cc_i_tgt=0.1000 cc_u=0.5047 cc_r=5.0353 cc_tau_ms=7.00
[  11.243] [ADC1
[  11.430] [STATUS] t_ms=3588285 hwm=5 cap=256 dropped=0 dropped_total=41517 crc_err=0 crc_err_total=0 rate1=512 rate2=512 prod1=512 prod2=512 dac_err=0 tx_drop=1034527 hb_ms=0 sma_state=6 m7_us=3701462796 m4_us=3699268698 vdd=5.067 offset=0.5000 aref=3.145 loop_us_avg=94 loop_us_max=5401 loop_hz=10638 cycle_log_ms=1 n_cycle=4 cc=1 cc_hz=1025 cc_i_tgt=0.1000 cc_u=0.5111 cc_r=5.0136 cc_tau_ms=7.00
[  12.249] [ADC1
[  12.438] [STATUS] t_ms=3589285 hwm=5 cap=256 dropped=0 dropped_total=41517 crc_err=0 crc_err_total=0 rate1=512 rate2=512 prod1=512 prod2=512 dac_err=0 tx_drop=1034527 hb_ms=0 sma_state=6 m7_us=3702494426 m4_us=3700300333 vdd=5.067 offset=0.5000 aref=3.145 loop_us_avg=92 loop_us_max=5416 loop_hz=10869 cycle_log_ms=1 n_cycle=4 cc=1 cc_hz=1025 cc_i_tgt=0.1000 cc_u=0.5000 cc_r=4.9664 cc_tau_ms=7.00
[  13.266] [ADC1
[  13.455] [STATUS] t_ms=3590285 hwm=5 cap=256 dropped=0 dropped_total=41517 crc_err=0 crc_err_total=0 rate1=512 rate2=512 prod1=512 prod2=512 dac_err=0 tx_drop=1034527 hb_ms=0 sma_state=6 m7_us=3703526023 m4_us=3701331927 vdd=5.067 offset=0.5000 aref=3.145 loop_us_avg=93 loop_us_max=5419 loop_hz=10752 cycle_log_ms=1 n_cycle=4 cc=1 cc_hz=1025 cc_i_tgt=0.1000 cc_u=0.5388 cc_r=5.1638 cc_tau_ms=7.00
[  14.273] ] STA
[  14.273] [ADC1
[  14.528] [STATUS] t_ms=3591285 hwm=5 cap=256 dropped=0 dropped_total=41517 crc_err=0 crc_err_total=0 rate1=512 rate2=512 prod1=512 prod2=512 dac_err=0 tx_drop=1034527 hb_ms=0 sma_state=6 m7_us=3704557615 m4_us=3702363524 vdd=5.067 offset=0.5000 aref=3.145 loop_us_avg=94 loop_us_max=5411 loop_hz=10638 cycle_log_ms=1 n_cycle=4 cc=1 cc_hz=1025 cc_i_tgt=0.1000 cc_u=0.5117 cc_r=4.9205 cc_tau_ms=7.00
[  15.287] [ADC
[  15.540] [STATUS] t_ms=3592285 hwm=5 cap=256 dropped=0 dropped_total=41517 crc_err=0 crc_err_total=0 rate1=512 rate2=512 prod1=512 prod2=512 dac_err=0 tx_drop=1034527 hb_ms=0 sma_state=6 m7_us=3705589224 m4_us=3703395117 vdd=5.067 offset=0.5000 aref=3.145 loop_us_avg=94 loop_us_max=5409 loop_hz=10638 cycle_log_ms=1 n_cycle=4 cc=1 cc_hz=1025 cc_i_tgt=0.1000 cc_u=0.5022 cc_r=5.0515 cc_tau_ms=7.00
[  15.731] [SMA] [ACT] heat n=2/6 I=950.0mA ms=200
[  15.920] [SMA] [ACT] cool n=2/6 I=100.0mA ms=15000
[  16.299] 1] ST
[  16.299] [ADC1
[  16.551] [STATUS] t_ms=3593285 hwm=5 cap=256 dropped=0 dropped_total=41517 crc_err=0 crc_err_total=0 rate1=512 rate2=512 prod1=512 prod2=512 dac_err=0 tx_drop=1034527 hb_ms=0 sma_state=6 m7_us=3706620794 m4_us=3704426688 vdd=5.067 offset=0.5000 aref=3.145 loop_us_avg=93 loop_us_max=5406 loop_hz=10752 cycle_log_ms=1 n_cycle=4 cc=1 cc_hz=1023 cc_i_tgt=0.1000 cc_u=0.5000 cc_r=4.8690 cc_tau_ms=7.00
[  17.309] ] STATUS alar
[  17.309] [ADC1
[  17.624] [STATUS] t_ms=3594285 hwm=5 cap=256 dropped=0 dropped_total=41517 crc_err=0 crc_err_total=0 rate1=512 rate2=512 prod1=512 prod2=512 dac_err=0 tx_drop=1034527 hb_ms=0 sma_state=6 m7_us=3707652335 m4_us=3705458240 vdd=5.067 offset=0.5000 aref=3.145 loop_us_avg=94 loop_us_max=5417 loop_hz=10638 cycle_log_ms=1 n_cycle=4 cc=1 cc_hz=1025 cc_i_tgt=0.1000 cc_u=0.5000 cc_r=4.8969 cc_tau_ms=7.00
[  18.323] [ADC1
[  18.637] [STATUS] t_ms=3595285 hwm=5 cap=256 dropped=0 dropped_total=41517 crc_err=0 crc_err_total=0 rate1=512 rate2=512 prod1=512 prod2=512 dac_err=0 tx_drop=1034527 hb_ms=0 sma_state=6 m7_us=3708683903 m4_us=3706489812 vdd=5.067 offset=0.5000 aref=3.145 loop_us_avg=94 loop_us_max=5453 loop_hz=10638 cycle_log_ms=1 n_cycle=4 cc=1 cc_hz=1025 cc_i_tgt=0.1000 cc_u=0.5000 cc_r=4.9427 cc_tau_ms=7.00
[  19.269] [ADC1
[  19.648] [STATUS] t_ms=3596285 hwm=5 cap=256 dropped=0 dropped_total=41517 crc_err=0 crc_err_total=0 rate1=512 rate2=512 prod1=512 prod2=512 dac_err=0 tx_drop=1034527 hb_ms=0 sma_state=6 m7_us=3709715469 m4_us=3707521389 vdd=5.067 offset=0.5000 aref=3.145 loop_us_avg=94 loop_us_max=5419 loop_hz=10638 cycle_log_ms=1 n_cycle=4 cc=1 cc_hz=1025 cc_i_tgt=0.1000 cc_u=0.5018 cc_r=5.0125 cc_tau_ms=7.00
[  20.534] [ADC1
[  20.706] [STATUS] t_ms=3597285 hwm=5 cap=256 dropped=0 dropped_total=41517 crc_err=0 crc_err_total=0 rate1=512 rate2=512 prod1=512 prod2=512 dac_err=0 tx_drop=1034527 hb_ms=0 sma_state=6 m7_us=3710747080 m4_us=3708552986 vdd=5.067 offset=0.5000 aref=3.145 loop_us_avg=92 loop_us_max=5402 loop_hz=10869 cycle_log_ms=1 n_cycle=4 cc=1 cc_hz=1025 cc_i_tgt=0.1000 cc_u=0.5000 cc_r=4.9727 cc_tau_ms=7.00
[  21.331] [ADC1
[  21.711] [STATUS] t_ms=3598285 hwm=5 cap=256 dropped=0 dropped_total=41517 crc_err=0 crc_err_total=0 rate1=512 rate2=512 prod1=512 prod2=512 dac_err=0 tx_drop=1034527 hb_ms=0 sma_state=6 m7_us=3711778698 m4_us=3709584605 vdd=5.067 offset=0.5000 aref=3.145 loop_us_avg=94 loop_us_max=5404 loop_hz=10638 cycle_log_ms=1 n_cycle=4 cc=1 cc_hz=1025 cc_i_tgt=0.1000 cc_u=0.5000 cc_r=4.9545 cc_tau_ms=7.00
[  22.339] ] STATUS alarm(
[  22.339] [ADC1
[  22.778] [STATUS] t_ms=3599285 hwm=5 cap=256 dropped=0 dropped_total=41517 crc_err=0 crc_err_total=0 rate1=512 rate2=512 prod1=512 prod2=512 dac_err=0 tx_drop=1034527 hb_ms=0 sma_state=6 m7_us=3712810364 m4_us=3710616266 vdd=5.067 offset=0.5000 aref=3.145 loop_us_avg=94 loop_us_max=5408 loop_hz=10638 cycle_log_ms=1 n_cycle=4 cc=1 cc_hz=1025 cc_i_tgt=0.1000 cc_u=0.5109 cc_r=5.0954 cc_tau_ms=7.00
[  23.344] ] ST
[  23.344] ATUS alarm(s): 0x4
[  23.344] [ADC1
[  23.788] [STATUS] t_ms=3600285 hwm=5 cap=256 dropped=0 dropped_total=41517 crc_err=0 crc_err_total=0 rate1=512 rate2=512 prod1=512 prod2=512 dac_err=0 tx_drop=1034527 hb_ms=0 sma_state=6 m7_us=3713842023 m4_us=3711647933 vdd=5.067 offset=0.5000 aref=3.145 loop_us_avg=92 loop_us_max=5413 loop_hz=10869 cycle_log_ms=1 n_cycle=4 cc=1 cc_hz=1026 cc_i_tgt=0.1000 cc_u=0.5122 cc_r=5.0202 cc_tau_ms=7.00
[  24.351] [ADC1
[  24.856] [STATUS] t_ms=3601285 hwm=5 cap=256 dropped=0 dropped_total=41517 crc_err=0 crc_err_total=0 rate1=512 rate2=512 prod1=512 prod2=512 dac_err=0 tx_drop=1034527 hb_ms=0 sma_state=6 m7_us=3714873680 m4_us=3712679588 vdd=5.067 offset=0.5000 aref=3.145 loop_us_avg=93 loop_us_max=5409 loop_hz=10752 cycle_log_ms=1 n_cycle=4 cc=1 cc_hz=1026 cc_i_tgt=0.1000 cc_u=0.5090 cc_r=5.0533 cc_tau_ms=7.00
[  25.362] [ADC1
[  25.864] [STATUS] t_ms=3602285 hwm=5 cap=256 dropped=0 dropped_total=41517 crc_err=0 crc_err_total=0 rate1=512 rate2=512 prod1=512 prod2=512 dac_err=0 tx_drop=1034527 hb_ms=0 sma_state=6 m7_us=3715905261 m4_us=3713711165 vdd=5.067 offset=0.5000 aref=3.145 loop_us_avg=94 loop_us_max=5410 loop_hz=10638 cycle_log_ms=1 n_cycle=4 cc=1 cc_hz=1025 cc_i_tgt=0.1000 cc_u=0.5396 cc_r=5.1088 cc_tau_ms=7.00
[  26.370] [ADC1
[  26.877] [STATUS] t_ms=3603285 hwm=5 cap=256 dropped=0 dropped_total=41517 crc_err=0 crc_err_total=0 rate1=512 rate2=512 prod1=512 prod2=512 dac_err=0 tx_drop=1034527 hb_ms=0 sma_state=6 m7_us=3716936848 m4_us=3714742749 vdd=5.067 offset=0.5000 aref=3.145 loop_us_avg=93 loop_us_max=5411 loop_hz=10752 cycle_log_ms=1 n_cycle=4 cc=1 cc_hz=1025 cc_i_tgt=0.1000 cc_u=0.5091 cc_r=5.0030 cc_tau_ms=7.00
[  27.379] ] STATUS
[  27.379] [ADC1
[  27.949] [STATUS] t_ms=3604285 hwm=5 cap=256 dropped=0 dropped_total=41517 crc_err=0 crc_err_total=0 rate1=512 rate2=512 prod1=512 prod2=512 dac_err=0 tx_drop=1034527 hb_ms=0 sma_state=6 m7_us=3717968451 m4_us=3715774359 vdd=5.067 offset=0.5000 aref=3.145 loop_us_avg=94 loop_us_max=5406 loop_hz=10638 cycle_log_ms=1 n_cycle=4 cc=1 cc_hz=1025 cc_i_tgt=0.1000 cc_u=0.5000 cc_r=4.9414 cc_tau_ms=7.00
[  28.392] ] STATUS alar
[  28.392] _ALM
[  28.392] [ADC1
[  28.958] [STATUS] t_ms=3605285 hwm=5 cap=256 dropped=0 dropped_total=41517 crc_err=0 crc_err_total=0 rate1=512 rate2=512 prod1=512 prod2=512 dac_err=0 tx_drop=1034527 hb_ms=0 sma_state=6 m7_us=3719000054 m4_us=3716805956 vdd=5.067 offset=0.5000 aref=3.145 loop_us_avg=94 loop_us_max=5409 loop_hz=10638 cycle_log_ms=1 n_cycle=4 cc=1 cc_hz=1025 cc_i_tgt=0.1000 cc_u=0.5083 cc_r=4.9032 cc_tau_ms=7.00
[  29.401] [ADC
[  29.968] [STATUS] t_ms=3606285 hwm=5 cap=256 dropped=0 dropped_total=41517 crc_err=0 crc_err_total=0 rate1=512 rate2=512 prod1=512 prod2=512 dac_err=0 tx_drop=1034527 hb_ms=0 sma_state=6 m7_us=3720031635 m4_us=3717837536 vdd=5.067 offset=0.5000 aref=3.145 loop_us_avg=92 loop_us_max=5403 loop_hz=10869 cycle_log_ms=1 n_cycle=4 cc=1 cc_hz=1025 cc_i_tgt=0.1000 cc_u=0.5000 cc_r=5.0970 cc_tau_ms=7.00
[  30.411] [ADC1
[  31.039] [STATUS] t_ms=3607285 hwm=5 cap=256 dropped=0 dropped_total=41517 crc_err=0 crc_err_total=0 rate1=512 rate2=512 prod1=512 prod2=512 dac_err=0 tx_drop=1034527 hb_ms=0 sma_state=6 m7_us=3721063212 m4_us=3718869120 vdd=5.067 offset=0.5000 aref=3.145 loop_us_avg=94 loop_us_max=5401 loop_hz=10638 cycle_log_ms=1 n_cycle=4 cc=1 cc_hz=1025 cc_i_tgt=0.1000 cc_u=0.5157 cc_r=5.1359 cc_tau_ms=7.00
[  31.419] [ADC1
[  31.419] [SMA] [ACT] heat n=3/6 I=950.0mA ms=200
[  31.608] [SMA] [ACT] cool n=3/6 I=100.0mA ms=15000
[  32.048] [STATUS] t_ms=3608285 hwm=5 cap=256 dropped=0 dropped_total=41517 crc_err=0 crc_err_total=0 rate1=512 rate2=512 prod1=512 prod2=512 dac_err=0 tx_drop=1034527 hb_ms=0 sma_state=6 m7_us=3722094794 m4_us=3719900701 vdd=5.067 offset=0.5000 aref=3.145 loop_us_avg=94 loop_us_max=5409 loop_hz=10638 cycle_log_ms=1 n_cycle=4 cc=1 cc_hz=1023 cc_i_tgt=0.1000 cc_u=0.5144 cc_r=4.9527 cc_tau_ms=7.00
[  32.426] [ADC1
[  33.114] [STATUS] t_ms=3609285 hwm=5 cap=256 dropped=0 dropped_total=41517 crc_err=0 crc_err_total=0 rate1=512 rate2=512 prod1=512 prod2=512 dac_err=0 tx_drop=1034527 hb_ms=0 sma_state=6 m7_us=3723126394 m4_us=3720932304 vdd=5.067 offset=0.5000 aref=3.145 loop_us_avg=92 loop_us_max=5420 loop_hz=10869 cycle_log_ms=1 n_cycle=4 cc=1 cc_hz=1025 cc_i_tgt=0.1000 cc_u=0.5056 cc_r=4.9711 cc_tau_ms=7.00
[  33.430] ] STAT
[  33.430] [ADC1
[  34.126] [STATUS] t_ms=3610285 hwm=5 cap=256 dropped=0 dropped_total=41517 crc_err=0 crc_err_total=0 rate1=512 rate2=512 prod1=512 prod2=512 dac_err=0 tx_drop=1034527 hb_ms=0 sma_state=6 m7_us=3724158008 m4_us=3721963911 vdd=5.067 offset=0.5000 aref=3.145 loop_us_avg=94 loop_us_max=5407 loop_hz=10638 cycle_log_ms=1 n_cycle=4 cc=1 cc_hz=1025 cc_i_tgt=0.1000 cc_u=0.5064 cc_r=4.9302 cc_tau_ms=7.00
[  34.380] ] STA
[  34.380] TUS alarm(s): 0x49
[  34.380] [ADC1
[  35.138] [STATUS] t_ms=3611285 hwm=5 cap=256 dropped=0 dropped_total=41517 crc_err=0 crc_err_total=0 rate1=512 rate2=512 prod1=512 prod2=512 dac_err=0 tx_drop=1034527 hb_ms=0 sma_state=6 m7_us=3725189616 m4_us=3722995517 vdd=5.067 offset=0.5000 aref=3.145 loop_us_avg=94 loop_us_max=5403 loop_hz=10638 cycle_log_ms=1 n_cycle=4 cc=1 cc_hz=1025 cc_i_tgt=0.1000 cc_u=0.5238 cc_r=5.0647 cc_tau_ms=7.00
[  35.390] [ADC1
[  36.210] [STATUS] t_ms=3612285 hwm=5 cap=256 dropped=0 dropped_total=41517 crc_err=0 crc_err_total=0 rate1=512 rate2=512 prod1=512 prod2=512 dac_err=0 tx_drop=1034527 hb_ms=0 sma_state=6 m7_us=3726221265 m4_us=3724027172 vdd=5.067 offset=0.5000 aref=3.145 loop_us_avg=94 loop_us_max=5414 loop_hz=10638 cycle_log_ms=1 n_cycle=4 cc=1 cc_hz=1025 cc_i_tgt=0.1000 cc_u=0.5059 cc_r=5.0088 cc_tau_ms=7.00
[  36.399] [ADC1
[  37.223] [STATUS] t_ms=3613285 hwm=5 cap=256 dropped=0 dropped_total=41517 crc_err=0 crc_err_total=0 rate1=512 rate2=512 prod1=512 prod2=512 dac_err=0 tx_drop=1034527 hb_ms=0 sma_state=6 m7_us=3727252882 m4_us=3725058788 vdd=5.067 offset=0.5000 aref=3.145 loop_us_avg=94 loop_us_max=5730 loop_hz=10638 cycle_log_ms=1 n_cycle=4 cc=1 cc_hz=1025 cc_i_tgt=0.1000 cc_u=0.5120 cc_r=5.0465 cc_tau_ms=7.00
[  37.413] [ADC1
[  38.238] [STATUS] t_ms=3614285 hwm=5 cap=256 dropped=0 dropped_total=41517 crc_err=0 crc_err_total=0 rate1=512 rate2=512 prod1=512 prod2=512 dac_err=0 tx_drop=1034527 hb_ms=0 sma_state=6 m7_us=3728284489 m4_us=3726090400 vdd=5.067 offset=0.5000 aref=3.145 loop_us_avg=94 loop_us_max=5421 loop_hz=10638 cycle_log_ms=1 n_cycle=4 cc=1 cc_hz=1025 cc_i_tgt=0.1000 cc_u=0.5000 cc_r=4.9853 cc_tau_ms=7.00
[  38.428] [ADC
[  39.245] [STATUS] t_ms=3615285 hwm=5 cap=256 dropped=0 dropped_total=41517 crc_err=0 crc_err_total=0 rate1=512 rate2=512 prod1=512 prod2=512 dac_err=0 tx_drop=1034527 hb_ms=0 sma_state=6 m7_us=3729316062 m4_us=3727121972 vdd=5.067 offset=0.5000 aref=3.145 loop_us_avg=93 loop_us_max=5409 loop_hz=10752 cycle_log_ms=1 n_cycle=4 cc=1 cc_hz=1025 cc_i_tgt=0.1000 cc_u=0.5000 cc_r=4.9773 cc_tau_ms=7.00
[  39.433] 1] STAT
[  39.433] US alarm(s): 0x9 P
[  39.433] GAL_ALM
[  39.433] [ADC1
[  40.318] [STATUS] t_ms=3616285 hwm=5 cap=256 dropped=0 dropped_total=41517 crc_err=0 crc_err_total=0 rate1=512 rate2=512 prod1=512 prod2=512 dac_err=0 tx_drop=1034527 hb_ms=0 sma_state=6 m7_us=3730347667 m4_us=3728153549 vdd=5.067 offset=0.5000 aref=3.145 loop_us_avg=93 loop_us_max=5426 loop_hz=10752 cycle_log_ms=1 n_cycle=4 cc=1 cc_hz=1025 cc_i_tgt=0.1000 cc_u=0.5111 cc_r=5.0001 cc_tau_ms=7.00
[  40.443] [ADC1
[  41.326] [STATUS] t_ms=3617285 hwm=5 cap=256 dropped=0 dropped_total=41517 crc_err=0 crc_err_total=0 rate1=512 rate2=512 prod1=512 prod2=512 dac_err=0 tx_drop=1034527 hb_ms=0 sma_state=6 m7_us=3731379225 m4_us=3729185133 vdd=5.067 offset=0.5000 aref=3.145 loop_us_avg=94 loop_us_max=5523 loop_hz=10638 cycle_log_ms=1 n_cycle=4 cc=1 cc_hz=1025 cc_i_tgt=0.1000 cc_u=0.5260 cc_r=5.1297 cc_tau_ms=7.00
[  41.453] [ADC1
[  42.395] [STATUS] t_ms=3618285 hwm=5 cap=256 dropped=0 dropped_total=41517 crc_err=0 crc_err_total=0 rate1=512 rate2=512 prod1=512 prod2=512 dac_err=0 tx_drop=1034527 hb_ms=0 sma_state=6 m7_us=3732410831 m4_us=3730216733 vdd=5.067 offset=0.5000 aref=3.145 loop_us_avg=92 loop_us_max=5403 loop_hz=10869 cycle_log_ms=1 n_cycle=4 cc=1 cc_hz=1025 cc_i_tgt=0.1000 cc_u=0.5084 cc_r=4.9968 cc_tau_ms=7.00
[  42.459] [ADC1
[  43.408] [STATUS] t_ms=3619285 hwm=5 cap=256 dropped=0 dropped_total=41517 crc_err=0 crc_err_total=0 rate1=512 rate2=512 prod1=512 prod2=512 dac_err=0 tx_drop=1034527 hb_ms=0 sma_state=6 m7_us=3733442441 m4_us=3731248346 vdd=5.067 offset=0.5000 aref=3.145 loop_us_avg=94 loop_us_max=5403 loop_hz=10638 cycle_log_ms=1 n_cycle=4 cc=1 cc_hz=1025 cc_i_tgt=0.1000 cc_u=0.5292 cc_r=5.0935 cc_tau_ms=7.00
[  43.470] [ADC1
[  44.417] [STATUS] t_ms=3620285 hwm=5 cap=256 dropped=0 dropped_total=41517 crc_err=0 crc_err_total=0 rate1=512 rate2=512 prod1=512 prod2=512 dac_err=0 tx_drop=1034527 hb_ms=0 sma_state=6 m7_us=3734474056 m4_us=3732279962 vdd=5.067 offset=0.5000 aref=3.145 loop_us_avg=94 loop_us_max=5405 loop_hz=10638 cycle_log_ms=1 n_cycle=4 cc=1 cc_hz=1025 cc_i_tgt=0.1000 cc_u=0.5000 cc_r=5.0610 cc_tau_ms=7.00
[  44.480] ] STA
[  44.480] [ADC1
[  45.493] [STATUS] t_ms=3621285 hwm=5 cap=256 dropped=0 dropped_total=41517 crc_err=0 crc_err_total=0 rate1=512 rate2=512 prod1=512 prod2=512 dac_err=0 tx_drop=1034527 hb_ms=0 sma_state=6 m7_us=3735505653 m4_us=3733311559 vdd=5.067 offset=0.5000 aref=3.145 loop_us_avg=94 loop_us_max=5417 loop_hz=10638 cycle_log_ms=1 n_cycle=4 cc=1 cc_hz=1025 cc_i_tgt=0.1000 cc_u=0.5116 cc_r=5.0569 cc_tau_ms=7.00
[  45.493] ] S
[  45.493] TATUS alarm(s): 0xC9
[  45.493] [ADC1
[  46.502] [STATUS] t_ms=3622285 hwm=5 cap=256 dropped=0 dropped_total=41517 crc_err=0 crc_err_total=0 rate1=512 rate2=512 prod1=512 prod2=512 dac_err=0 tx_drop=1034527 hb_ms=0 sma_state=6 m7_us=3736537252 m4_us=3734343168 vdd=5.067 offset=0.5000 aref=3.145 loop_us_avg=93 loop_us_max=5407 loop_hz=10752 cycle_log_ms=1 n_cycle=4 cc=1 cc_hz=1025 cc_i_tgt=0.1000 cc_u=0.5226 cc_r=5.0163 cc_tau_ms=7.00
[  46.502] ]
[  46.502] STATUS alarm(s):
[  46.502] [
[  46.502] ADC1
[  47.071] [SMA] [ACT] heat n=4/6 I=950.0mA ms=200
[  47.262] [SMA] [ACT] cool n=4/6 I=100.0mA ms=15000
[  47.515] [ADC1
[  47.515] [STATUS] t_ms=3623285 hwm=5 cap=256 dropped=0 dropped_total=41517 crc_err=0 crc_err_total=0 rate1=512 rate2=512 prod1=512 prod2=512 dac_err=0 tx_drop=1034527 hb_ms=0 sma_state=6 m7_us=3737569188 m4_us=3735374778 vdd=5.067 offset=0.5000 aref=3.145 loop_us_avg=93 loop_us_max=5404 loop_hz=10752 cycle_log_ms=1 n_cycle=4 cc=1 cc_hz=1024 cc_i_tgt=0.1000 cc_u=0.5023 cc_r=4.8859 cc_tau_ms=7.00
[  48.529] [ADC1
[  48.529] [STATUS] t_ms=3624285 hwm=5 cap=256 dropped=0 dropped_total=41517 crc_err=0 crc_err_total=0 rate1=512 rate2=512 prod1=512 prod2=512 dac_err=0 tx_drop=1034527 hb_ms=0 sma_state=6 m7_us=3738600431 m4_us=3736406336 vdd=5.067 offset=0.5000 aref=3.145 loop_us_avg=93 loop_us_max=5419 loop_hz=10752 cycle_log_ms=1 n_cycle=4 cc=1 cc_hz=1025 cc_i_tgt=0.1000 cc_u=0.5000 cc_r=4.8546 cc_tau_ms=7.00
[  49.537] [ADC1
[  49.600] [STATUS] t_ms=3625285 hwm=5 cap=256 dropped=0 dropped_total=41517 crc_err=0 crc_err_total=0 rate1=512 rate2=512 prod1=512 prod2=512 dac_err=0 tx_drop=1034527 hb_ms=0 sma_state=6 m7_us=3739631977 m4_us=3737437879 vdd=5.067 offset=0.5000 aref=3.145 loop_us_avg=94 loop_us_max=5414 loop_hz=10638 cycle_log_ms=1 n_cycle=4 cc=1 cc_hz=1025 cc_i_tgt=0.1000 cc_u=0.5182 cc_r=4.9925 cc_tau_ms=7.00
[  50.547] [ADC1
[  50.857] [STATUS] t_ms=3626285 hwm=5 cap=256 dropped=0 dropped_total=41517 crc_err=0 crc_err_total=0 rate1=512 rate2=512 prod1=512 prod2=512 dac_err=0 tx_drop=1034527 hb_ms=0 sma_state=6 m7_us=3740663529 m4_us=3738469440 vdd=5.067 offset=0.5000 aref=3.145 loop_us_avg=94 loop_us_max=5402 loop_hz=10638 cycle_log_ms=1 n_cycle=4 cc=1 cc_hz=1025 cc_i_tgt=0.1000 cc_u=0.5244 cc_r=4.9996 cc_tau_ms=7.00
[  51.540] ] STA
[  51.540] [ADC1
[  51.666] [STATUS] t_ms=3627285 hwm=5 cap=256 dropped=0 dropped_total=41517 crc_err=0 crc_err_total=0 rate1=512 rate2=512 prod1=512 prod2=512 dac_err=0 tx_drop=1034527 hb_ms=0 sma_state=6 m7_us=3741695105 m4_us=3739501008 vdd=5.067 offset=0.5000 aref=3.145 loop_us_avg=93 loop_us_max=5407 loop_hz=10752 cycle_log_ms=1 n_cycle=4 cc=1 cc_hz=1025 cc_i_tgt=0.1000 cc_u=0.5101 cc_r=4.9506 cc_tau_ms=7.00
[  52.551] ] STATUS
[  52.551] _ALM
[  52.551] [ADC1
[  52.678] [STATUS] t_ms=3628285 hwm=5 cap=256 dropped=0 dropped_total=41517 crc_err=0 crc_err_total=0 rate1=512 rate2=512 prod1=512 prod2=512 dac_err=0 tx_drop=1034527 hb_ms=0 sma_state=6 m7_us=3742726669 m4_us=3740532586 vdd=5.067 offset=0.5000 aref=3.145 loop_us_avg=94 loop_us_max=5411 loop_hz=10638 cycle_log_ms=1 n_cycle=4 cc=1 cc_hz=1025 cc_i_tgt=0.1000 cc_u=0.5275 cc_r=5.0924 cc_tau_ms=7.00
[  53.563] [ADC1
[  53.686] [STATUS] t_ms=3629285 hwm=5 cap=256 dropped=0 dropped_total=41517 crc_err=0 crc_err_total=0 rate1=512 rate2=512 prod1=512 prod2=512 dac_err=0 tx_drop=1034527 hb_ms=0 sma_state=6 m7_us=3743758258 m4_us=3741564164 vdd=5.067 offset=0.5000 aref=3.145 loop_us_avg=93 loop_us_max=5401 loop_hz=10752 cycle_log_ms=1 n_cycle=4 cc=1 cc_hz=1025 cc_i_tgt=0.1000 cc_u=0.5118 cc_r=5.0316 cc_tau_ms=7.00
[  54.571] [ADC1
[  54.762] [STATUS] t_ms=3630285 hwm=5 cap=256 dropped=0 dropped_total=41517 crc_err=0 crc_err_total=0 rate1=512 rate2=512 prod1=512 prod2=512 dac_err=0 tx_drop=1034527 hb_ms=0 sma_state=6 m7_us=3744789833 m4_us=3742595728 vdd=5.067 offset=0.5000 aref=3.145 loop_us_avg=93 loop_us_max=5414 loop_hz=10752 cycle_log_ms=1 n_cycle=4 cc=1 cc_hz=1025 cc_i_tgt=0.1000 cc_u=0.5123 cc_r=5.0842 cc_tau_ms=7.00
[  55.586] [ADC1
[  55.775] [STATUS] t_ms=3631285 hwm=5 cap=256 dropped=0 dropped_total=41517 crc_err=0 crc_err_total=0 rate1=512 rate2=512 prod1=512 prod2=512 dac_err=0 tx_drop=1034527 hb_ms=0 sma_state=6 m7_us=3745821416 m4_us=3743627322 vdd=5.067 offset=0.5000 aref=3.145 loop_us_avg=92 loop_us_max=5405 loop_hz=10869 cycle_log_ms=1 n_cycle=4 cc=1 cc_hz=1025 cc_i_tgt=0.1000 cc_u=0.5000 cc_r=4.9848 cc_tau_ms=7.00
[  56.594] [ADC1
[  56.783] [STATUS] t_ms=3632285 hwm=5 cap=256 dropped=0 dropped_total=41517 crc_err=0 crc_err_total=0 rate1=512 rate2=512 prod1=512 prod2=512 dac_err=0 tx_drop=1034527 hb_ms=0 sma_state=6 m7_us=3746853024 m4_us=3744658928 vdd=5.067 offset=0.5000 aref=3.145 loop_us_avg=93 loop_us_max=5406 loop_hz=10752 cycle_log_ms=1 n_cycle=4 cc=1 cc_hz=1025 cc_i_tgt=0.1000 cc_u=0.5025 cc_r=5.0553 cc_tau_ms=7.00
[  57.604] [ADC1
[  57.859] [STATUS] t_ms=3633285 hwm=5 cap=256 dropped=0 dropped_total=41517 crc_err=0 crc_err_total=0 rate1=512 rate2=512 prod1=512 prod2=512 dac_err=0 tx_drop=1034527 hb_ms=0 sma_state=6 m7_us=3747884572 m4_us=3745690468 vdd=5.067 offset=0.5000 aref=3.145 loop_us_avg=94 loop_us_max=5402 loop_hz=10638 cycle_log_ms=1 n_cycle=4 cc=1 cc_hz=1025 cc_i_tgt=0.1000 cc_u=0.5023 cc_r=5.0165 cc_tau_ms=7.00
[  58.618] ]
[  58.618] [ADC1
[  58.871] [STATUS] t_ms=3634285 hwm=5 cap=256 dropped=0 dropped_total=41517 crc_err=0 crc_err_total=0 rate1=512 rate2=512 prod1=512 prod2=512 dac_err=0 tx_drop=1034527 hb_ms=0 sma_state=6 m7_us=3748916114 m4_us=3746722026 vdd=5.067 offset=0.5000 aref=3.145 loop_us_avg=92 loop_us_max=5421 loop_hz=10869 cycle_log_ms=1 n_cycle=4 cc=1 cc_hz=1025 cc_i_tgt=0.1000 cc_u=0.5234 cc_r=5.0717 cc_tau_ms=7.00
[  59.567] [ADC1
[  59.883] [STATUS] t_ms=3635285 hwm=5 cap=256 dropped=0 dropped_total=41517 crc_err=0 crc_err_total=0 rate1=512 rate2=512 prod1=512 prod2=512 dac_err=0 tx_drop=1034527 hb_ms=0 sma_state=6 m7_us=3749947676 m4_us=3747753584 vdd=5.067 offset=0.5000 aref=3.145 loop_us_avg=94 loop_us_max=5451 loop_hz=10638 cycle_log_ms=1 n_cycle=4 cc=1 cc_hz=1025 cc_i_tgt=0.1000 cc_u=0.5461 cc_r=5.1959 cc_tau_ms=7.00
[  60.578] ] STATUS alarm(s)
[  60.578] [
[  60.578] ADC1
[  60.956] [STATUS] t_ms=3636285 hwm=5 cap=256 dropped=0 dropped_total=41517 crc_err=0 crc_err_total=0 rate1=512 rate2=512 prod1=512 prod2=512 dac_err=0 tx_drop=1034527 hb_ms=0 sma_state=6 m7_us=3750979244 m4_us=3748785159 vdd=5.067 offset=0.5000 aref=3.145 loop_us_avg=94 loop_us_max=5408 loop_hz=10638 cycle_log_ms=1 n_cycle=4 cc=1 cc_hz=1025 cc_i_tgt=0.1000 cc_u=0.5000 cc_r=4.9911 cc_tau_ms=7.00
[  61.587] [ADC
[  61.960] [STATUS] t_ms=3637285 hwm=5 cap=256 dropped=0 dropped_total=41517 crc_err=0 crc_err_total=0 rate1=512 rate2=512 prod1=512 prod2=512 dac_err=0 tx_drop=1034527 hb_ms=0 sma_state=6 m7_us=3752010812 m4_us=3749816720 vdd=5.067 offset=0.5000 aref=3.145 loop_us_avg=93 loop_us_max=5409 loop_hz=10752 cycle_log_ms=1 n_cycle=4 cc=1 cc_hz=1025 cc_i_tgt=0.1000 cc_u=0.5077 cc_r=4.9502 cc_tau_ms=7.00
[  62.592] [ADC1
[  62.779] [SMA] [ACT] heat n=5/6 I=950.0mA ms=200
[  62.969] [SMA] [ACT] cool n=5/6 I=100.0mA ms=15000
[  63.032] [STATUS] t_ms=3638285 hwm=5 cap=256 dropped=0 dropped_total=41517 crc_err=0 crc_err_total=0 rate1=512 rate2=512 prod1=512 prod2=512 dac_err=0 tx_drop=1034527 hb_ms=0 sma_state=6 m7_us=3753042355 m4_us=3750848266 vdd=5.067 offset=0.5000 aref=3.145 loop_us_avg=94 loop_us_max=5408 loop_hz=10638 cycle_log_ms=1 n_cycle=4 cc=1 cc_hz=1023 cc_i_tgt=0.1000 cc_u=0.5000 cc_r=4.3887 cc_tau_ms=7.00
[  63.597] ] STATUS alarm(s)
[  63.597] [A
[  63.597] DC1
[  64.038] [STATUS] t_ms=3639285 hwm=5 cap=256 dropped=0 dropped_total=41517 crc_err=0 crc_err_total=0 rate1=512 rate2=512 prod1=512 prod2=512 dac_err=0 tx_drop=1034527 hb_ms=0 sma_state=6 m7_us=3754073890 m4_us=3751879796 vdd=5.067 offset=0.5000 aref=3.145 loop_us_avg=94 loop_us_max=5474 loop_hz=10638 cycle_log_ms=1 n_cycle=4 cc=1 cc_hz=1025 cc_i_tgt=0.1000 cc_u=0.5071 cc_r=4.9705 cc_tau_ms=7.00
[  64.608] ] STATUS a
[  64.608] [ADC1
[  65.047] [STATUS] t_ms=3640285 hwm=5 cap=256 dropped=0 dropped_total=41517 crc_err=0 crc_err_total=0 rate1=512 rate2=512 prod1=512 prod2=512 dac_err=0 tx_drop=1034527 hb_ms=0 sma_state=6 m7_us=3755105459 m4_us=3752911364 vdd=5.067 offset=0.5000 aref=3.145 loop_us_avg=93 loop_us_max=5410 loop_hz=10752 cycle_log_ms=1 n_cycle=4 cc=1 cc_hz=1025 cc_i_tgt=0.1000 cc_u=0.5113 cc_r=5.0530 cc_tau_ms=7.00
[  65.617] ] STAT
[  65.617] US alarm(s): 0x49
[  65.617] [ADC1
[  66.124] [STATUS] t_ms=3641285 hwm=5 cap=256 dropped=0 dropped_total=41517 crc_err=0 crc_err_total=0 rate1=512 rate2=512 prod1=512 prod2=512 dac_err=0 tx_drop=1034527 hb_ms=0 sma_state=6 m7_us=3756137039 m4_us=3753942948 vdd=5.067 offset=0.5000 aref=3.145 loop_us_avg=94 loop_us_max=5407 loop_hz=10638 cycle_log_ms=1 n_cycle=4 cc=1 cc_hz=1025 cc_i_tgt=0.1000 cc_u=0.5016 cc_r=5.0200 cc_tau_ms=7.00
[  66.631] [ADC1
[  67.138] [STATUS] t_ms=3642285 hwm=5 cap=256 dropped=0 dropped_total=41517 crc_err=0 crc_err_total=0 rate1=512 rate2=512 prod1=512 prod2=512 dac_err=0 tx_drop=1034527 hb_ms=0 sma_state=6 m7_us=3757168627 m4_us=3754974544 vdd=5.067 offset=0.5000 aref=3.145 loop_us_avg=94 loop_us_max=5413 loop_hz=10638 cycle_log_ms=1 n_cycle=4 cc=1 cc_hz=1025 cc_i_tgt=0.1000 cc_u=0.5000 cc_r=5.0139 cc_tau_ms=7.00
[  67.643] [ADC1
[  68.146] [STATUS] t_ms=3643285 hwm=5 cap=256 dropped=0 dropped_total=41517 crc_err=0 crc_err_total=0 rate1=512 rate2=512 prod1=512 prod2=512 dac_err=0 tx_drop=1034527 hb_ms=0 sma_state=6 m7_us=3758200230 m4_us=3756006138 vdd=5.067 offset=0.5000 aref=3.145 loop_us_avg=93 loop_us_max=5403 loop_hz=10752 cycle_log_ms=1 n_cycle=4 cc=1 cc_hz=1025 cc_i_tgt=0.1000 cc_u=0.5000 cc_r=4.9755 cc_tau_ms=7.00
[  68.657] [ADC1
[  69.164] [STATUS] t_ms=3644285 hwm=5 cap=256 dropped=0 dropped_total=41517 crc_err=0 crc_err_total=0 rate1=512 rate2=512 prod1=512 prod2=512 dac_err=0 tx_drop=1034527 hb_ms=0 sma_state=6 m7_us=3759231815 m4_us=3757037722 vdd=5.067 offset=0.5000 aref=3.145 loop_us_avg=94 loop_us_max=5404 loop_hz=10638 cycle_log_ms=1 n_cycle=4 cc=1 cc_hz=1025 cc_i_tgt=0.1000 cc_u=0.5104 cc_r=5.1439 cc_tau_ms=7.00
[  69.667] [ADC1
[  70.238] [STATUS] t_ms=3645285 hwm=5 cap=256 dropped=0 dropped_total=41517 crc_err=0 crc_err_total=0 rate1=512 rate2=512 prod1=512 prod2=512 dac_err=0 tx_drop=1034527 hb_ms=0 sma_state=6 m7_us=3760263373 m4_us=3758069284 vdd=5.067 offset=0.5000 aref=3.145 loop_us_avg=94 loop_us_max=5409 loop_hz=10638 cycle_log_ms=1 n_cycle=4 cc=1 cc_hz=1025 cc_i_tgt=0.1000 cc_u=0.5033 cc_r=5.0359 cc_tau_ms=7.00
[  70.681] ] STAT
[  70.681] [ADC
[  71.247] [STATUS] t_ms=3646285 hwm=5 cap=256 dropped=0 dropped_total=41517 crc_err=0 crc_err_total=0 rate1=512 rate2=512 prod1=512 prod2=512 dac_err=0 tx_drop=1034527 hb_ms=0 sma_state=6 m7_us=3761294948 m4_us=3759100852 vdd=5.067 offset=0.5000 aref=3.145 loop_us_avg=93 loop_us_max=5399 loop_hz=10752 cycle_log_ms=1 n_cycle=4 cc=1 cc_hz=1025 cc_i_tgt=0.1000 cc_u=0.5074 cc_r=5.0403 cc_tau_ms=7.00
[  71.687] 1] STATUS ala
[  71.687] M
[  71.687] [ADC1
[  72.254] [STATUS] t_ms=3647285 hwm=5 cap=256 dropped=0 dropped_total=41517 crc_err=0 crc_err_total=0 rate1=512 rate2=512 prod1=512 prod2=512 dac_err=0 tx_drop=1034527 hb_ms=0 sma_state=6 m7_us=3762326514 m4_us=3760132420 vdd=5.067 offset=0.5000 aref=3.145 loop_us_avg=94 loop_us_max=5409 loop_hz=10638 cycle_log_ms=1 n_cycle=4 cc=1 cc_hz=1025 cc_i_tgt=0.1000 cc_u=0.5208 cc_r=5.0760 cc_tau_ms=7.00
[  72.696] [ADC1
[  73.327] [STATUS] t_ms=3648285 hwm=5 cap=256 dropped=0 dropped_total=41517 crc_err=0 crc_err_total=0 rate1=512 rate2=512 prod1=512 prod2=512 dac_err=0 tx_drop=1034527 hb_ms=0 sma_state=6 m7_us=3763358115 m4_us=3761164023 vdd=5.067 offset=0.5000 aref=3.145 loop_us_avg=94 loop_us_max=5403 loop_hz=10638 cycle_log_ms=1 n_cycle=4 cc=1 cc_hz=1025 cc_i_tgt=0.1000 cc_u=0.5338 cc_r=5.0933 cc_tau_ms=7.00
[  73.704] [ADC1
[  74.331] [STATUS] t_ms=3649285 hwm=5 cap=256 dropped=0 dropped_total=41517 crc_err=0 crc_err_total=0 rate1=512 rate2=512 prod1=512 prod2=512 dac_err=0 tx_drop=1034527 hb_ms=0 sma_state=6 m7_us=3764389726 m4_us=3762195632 vdd=5.067 offset=0.5000 aref=3.145 loop_us_avg=94 loop_us_max=5406 loop_hz=10638 cycle_log_ms=1 n_cycle=4 cc=1 cc_hz=1025 cc_i_tgt=0.1000 cc_u=0.5138 cc_r=5.1387 cc_tau_ms=7.00
[  74.713] [ADC1
[  75.409] [STATUS] t_ms=3650285 hwm=5 cap=256 dropped=0 dropped_total=41517 crc_err=0 crc_err_total=0 rate1=512 rate2=512 prod1=512 prod2=512 dac_err=0 tx_drop=1034527 hb_ms=0 sma_state=6 m7_us=3765421302 m4_us=3763227213 vdd=5.067 offset=0.5000 aref=3.145 loop_us_avg=94 loop_us_max=5409 loop_hz=10638 cycle_log_ms=1 n_cycle=4 cc=1 cc_hz=1025 cc_i_tgt=0.1000 cc_u=0.5086 cc_r=5.1966 cc_tau_ms=7.00
[  75.725] [ADC
[  76.421] [STATUS] t_ms=3651285 hwm=5 cap=256 dropped=0 dropped_total=41517 crc_err=0 crc_err_total=0 rate1=512 rate2=512 prod1=512 prod2=512 dac_err=0 tx_drop=1034527 hb_ms=0 sma_state=6 m7_us=3766452904 m4_us=3764258807 vdd=5.067 offset=0.5000 aref=3.145 loop_us_avg=93 loop_us_max=5398 loop_hz=10752 cycle_log_ms=1 n_cycle=4 cc=1 cc_hz=1025 cc_i_tgt=0.1000 cc_u=0.5005 cc_r=5.0950 cc_tau_ms=7.00
[  76.735] 1] STA
[  76.735] TUS alarm(s): 0x9
[  76.735] [ADC1
[  77.429] [STATUS] t_ms=3652285 hwm=5 cap=256 dropped=0 dropped_total=41517 crc_err=0 crc_err_total=0 rate1=512 rate2=512 prod1=512 prod2=512 dac_err=0 tx_drop=1034527 hb_ms=0 sma_state=6 m7_us=3767484477 m4_us=3765290384 vdd=5.067 offset=0.5000 aref=3.145 loop_us_avg=94 loop_us_max=5406 loop_hz=10638 cycle_log_ms=1 n_cycle=4 cc=1 cc_hz=1025 cc_i_tgt=0.1000 cc_u=0.5392 cc_r=5.1220 cc_tau_ms=7.00
[  77.747] [ADC1
[  78.442] [SMA] [ACT] heat n=6/6 I=950.0mA ms=200
[  78.506] [STATUS] t_ms=3653285 hwm=5 cap=256 dropped=0 dropped_total=41517 crc_err=0 crc_err_total=0 rate1=512 rate2=512 prod1=512 prod2=512 dac_err=0 tx_drop=1034527 hb_ms=0 sma_state=5 m7_us=3768516019 m4_us=3766321917 vdd=5.067 offset=0.5000 aref=3.145 loop_us_avg=94 loop_us_max=5412 loop_hz=10638 cycle_log_ms=1 n_cycle=4 cc=1 cc_hz=1024 cc_i_tgt=0.9500 cc_u=4.0758 cc_r=4.7673 cc_tau_ms=7.00
[  78.631] [SMA] [ACT] cool n=6/6 I=100.0mA ms=15000
[  78.759] [ADC1
[  79.519] [STATUS] t_ms=3654285 hwm=5 cap=256 dropped=0 dropped_total=41517 crc_err=0 crc_err_total=0 rate1=512 rate2=512 prod1=512 prod2=512 dac_err=0 tx_drop=1034527 hb_ms=0 sma_state=6 m7_us=3769547578 m4_us=3767353476 vdd=5.067 offset=0.5000 aref=3.145 loop_us_avg=94 loop_us_max=5442 loop_hz=10638 cycle_log_ms=1 n_cycle=4 cc=1 cc_hz=1024 cc_i_tgt=0.1000 cc_u=0.5000 cc_r=4.8852 cc_tau_ms=7.00
[  79.772] [ADC1
[  80.533] [STATUS] t_ms=3655285 hwm=5 cap=256 dropped=0 dropped_total=41517 crc_err=0 crc_err_total=0 rate1=512 rate2=512 prod1=512 prod2=512 dac_err=0 tx_drop=1034527 hb_ms=0 sma_state=6 m7_us=3770579113 m4_us=3768385021 vdd=5.067 offset=0.5000 aref=3.145 loop_us_avg=92 loop_us_max=5419 loop_hz=10869 cycle_log_ms=1 n_cycle=4 cc=1 cc_hz=1025 cc_i_tgt=0.1000 cc_u=0.5004 cc_r=4.9565 cc_tau_ms=7.00
[  80.724] [ADC1
[  81.541] [STATUS] t_ms=3656285 hwm=5 cap=256 dropped=0 dropped_total=41517 crc_err=0 crc_err_total=0 rate1=512 rate2=512 prod1=512 prod2=512 dac_err=0 tx_drop=1034527 hb_ms=0 sma_state=6 m7_us=3771610671 m4_us=3769416573 vdd=5.067 offset=0.5000 aref=3.145 loop_us_avg=93 loop_us_max=5411 loop_hz=10752 cycle_log_ms=1 n_cycle=4 cc=1 cc_hz=1025 cc_i_tgt=0.1000 cc_u=0.5005 cc_r=4.9720 cc_tau_ms=7.00
[  81.730] ] STATU
[  81.730] [ADC1
[  82.611] [STATUS] t_ms=3657285 hwm=5 cap=256 dropped=0 dropped_total=41517 crc_err=0 crc_err_total=0 rate1=512 rate2=512 prod1=512 prod2=512 dac_err=0 tx_drop=1034527 hb_ms=0 sma_state=6 m7_us=3772642223 m4_us=3770448144 vdd=5.067 offset=0.5000 aref=3.145 loop_us_avg=94 loop_us_max=5400 loop_hz=10638 cycle_log_ms=1 n_cycle=4 cc=1 cc_hz=1025 cc_i_tgt=0.1000 cc_u=0.5042 cc_r=5.0054 cc_tau_ms=7.00
[  82.738] ] STATUS a
[  82.738] _ALM
[  82.738] [ADC1
[  83.622] [STATUS] t_ms=3658285 hwm=5 cap=256 dropped=0 dropped_total=41517 crc_err=0 crc_err_total=0 rate1=512 rate2=512 prod1=512 prod2=512 dac_err=0 tx_drop=1034527 hb_ms=0 sma_state=6 m7_us=3773673797 m4_us=3771479693 vdd=5.067 offset=0.5000 aref=3.145 loop_us_avg=93 loop_us_max=5400 loop_hz=10752 cycle_log_ms=1 n_cycle=4 cc=1 cc_hz=1025 cc_i_tgt=0.1000 cc_u=0.5123 cc_r=5.0581 cc_tau_ms=7.00
[  83.748] [ADC1
[  84.691] [STATUS] t_ms=3659285 hwm=5 cap=256 dropped=0 dropped_total=41517 crc_err=0 crc_err_total=0 rate1=512 rate2=512 prod1=512 prod2=512 dac_err=0 tx_drop=1034527 hb_ms=0 sma_state=6 m7_us=3774705384 m4_us=3772511261 vdd=5.067 offset=0.5000 aref=3.145 loop_us_avg=94 loop_us_max=5416 loop_hz=10638 cycle_log_ms=1 n_cycle=4 cc=1 cc_hz=1025 cc_i_tgt=0.1000 cc_u=0.5260 cc_r=5.0805 cc_tau_ms=7.00
[  84.755] [ADC1
[  85.697] [STATUS] t_ms=3660285 hwm=5 cap=256 dropped=0 dropped_total=41517 crc_err=0 crc_err_total=0 rate1=512 rate2=512 prod1=512 prod2=512 dac_err=0 tx_drop=1034527 hb_ms=0 sma_state=6 m7_us=3775736940 m4_us=3773542845 vdd=5.067 offset=0.5000 aref=3.145 loop_us_avg=94 loop_us_max=5468 loop_hz=10638 cycle_log_ms=1 n_cycle=4 cc=1 cc_hz=1025 cc_i_tgt=0.1000 cc_u=0.5080 cc_r=5.0592 cc_tau_ms=7.00
[  85.760] [ADC1
[  86.703] [STATUS] t_ms=3661285 hwm=5 cap=256 dropped=0 dropped_total=41517 crc_err=0 crc_err_total=0 rate1=512 rate2=512 prod1=512 prod2=512 dac_err=0 tx_drop=1034527 hb_ms=0 sma_state=6 m7_us=3776768498 m4_us=3774574416 vdd=5.067 offset=0.5000 aref=3.145 loop_us_avg=94 loop_us_max=5405 loop_hz=10638 cycle_log_ms=1 n_cycle=4 cc=1 cc_hz=1025 cc_i_tgt=0.1000 cc_u=0.5120 cc_r=5.0686 cc_tau_ms=7.00
[  86.768] [ADC1
[  87.779] [STATUS] t_ms=3662285 hwm=5 cap=256 dropped=0 dropped_total=41517 crc_err=0 crc_err_total=0 rate1=512 rate2=512 prod1=512 prod2=512 dac_err=0 tx_drop=1034527 hb_ms=0 sma_state=6 m7_us=3777800087 m4_us=3775605997 vdd=5.067 offset=0.5000 aref=3.145 loop_us_avg=93 loop_us_max=5404 loop_hz=10752 cycle_log_ms=1 n_cycle=4 cc=1 cc_hz=1025 cc_i_tgt=0.1000 cc_u=0.5386 cc_r=5.1913 cc_tau_ms=7.00
[  87.780] ] STATU
[  87.780] [ADC1
[  88.773] [STATUS] t_ms=3663285 hwm=5 cap=256 dropped=0 dropped_total=41517 crc_err=0 crc_err_total=0 rate1=512 rate2=512 prod1=512 prod2=512 dac_err=0 tx_drop=1034527 hb_ms=0 sma_state=6 m7_us=3778831638 m4_us=3776637549 vdd=5.067 offset=0.5000 aref=3.145 loop_us_avg=94 loop_us_max=5400 loop_hz=10638 cycle_log_ms=1 n_cycle=4 cc=1 cc_hz=1025 cc_i_tgt=0.1000 cc_u=0.5000 cc_r=5.0208 cc_tau_ms=7.00
[  88.836] ] ST
[  88.836] ATUS alarm(s): 0x
[  88.836] [ADC
[  88.836] 1
[  89.787] ] STA
[  89.787] TUS alarm(s): 0x4
[  89.787] [ADC1
[  89.849] [STATUS] t_ms=3664285 hwm=5 cap=256 dropped=0 dropped_total=41517 crc_err=0 crc_err_total=0 rate1=512 rate2=512 prod1=512 prod2=512 dac_err=0 tx_drop=1034527 hb_ms=0 sma_state=6 m7_us=3779863233 m4_us=3777669120 vdd=5.067 offset=0.5000 aref=3.145 loop_us_avg=93 loop_us_max=5396 loop_hz=10752 cycle_log_ms=1 n_cycle=4 cc=1 cc_hz=1025 cc_i_tgt=0.1000 cc_u=0.5000 cc_r=4.9367 cc_tau_ms=7.00
[  90.799] [ADC1
[  90.862] [STATUS] t_ms=3665285 hwm=5 cap=256 dropped=0 dropped_total=41517 crc_err=0 crc_err_total=0 rate1=512 rate2=512 prod1=512 prod2=512 dac_err=0 tx_drop=1034527 hb_ms=0 sma_state=6 m7_us=3780894768 m4_us=3778700666 vdd=5.067 offset=0.5000 aref=3.145 loop_us_avg=93 loop_us_max=5544 loop_hz=10752 cycle_log_ms=1 n_cycle=4 cc=1 cc_hz=1025 cc_i_tgt=0.1000 cc_u=0.5273 cc_r=5.0807 cc_tau_ms=7.00
[  91.808] [ADC1
[  91.870] [STATUS] t_ms=3666285 hwm=5 cap=256 dropped=0 dropped_total=41517 crc_err=0 crc_err_total=0 rate1=512 rate2=512 prod1=512 prod2=512 dac_err=0 tx_drop=1034527 hb_ms=0 sma_state=6 m7_us=3781926303 m4_us=3779732212 vdd=5.067 offset=0.5000 aref=3.145 loop_us_avg=92 loop_us_max=5423 loop_hz=10869 cycle_log_ms=1 n_cycle=4 cc=1 cc_hz=1025 cc_i_tgt=0.1000 cc_u=0.5075 cc_r=5.1067 cc_tau_ms=7.00
[  92.812] [ADC1
[  92.939] [STATUS] t_ms=3667285 hwm=5 cap=256 dropped=0 dropped_total=41517 crc_err=0 crc_err_total=0 rate1=512 rate2=512 prod1=512 prod2=512 dac_err=0 tx_drop=1034527 hb_ms=0 sma_state=6 m7_us=3782957831 m4_us=3780763738 vdd=5.067 offset=0.5000 aref=3.145 loop_us_avg=93 loop_us_max=5407 loop_hz=10752 cycle_log_ms=1 n_cycle=4 cc=1 cc_hz=1025 cc_i_tgt=0.1000 cc_u=0.5197 cc_r=5.1300 cc_tau_ms=7.00
[  93.823] ] STATUS al
[  93.823] [ADC
[  93.948] [STATUS] t_ms=3668285 hwm=5 cap=256 dropped=0 dropped_total=41517 crc_err=0 crc_err_total=0 rate1=512 rate2=512 prod1=512 prod2=512 dac_err=0 tx_drop=1034527 hb_ms=0 sma_state=6 m7_us=3783989361 m4_us=3781795261 vdd=5.067 offset=0.5000 aref=3.145 loop_us_avg=94 loop_us_max=5410 loop_hz=10638 cycle_log_ms=1 n_cycle=4 cc=1 cc_hz=1025 cc_i_tgt=0.1000 cc_u=0.5000 cc_r=5.0507 cc_tau_ms=7.00
[  94.138] [SMA] [ACT] -> idle (done) after 6 cycle(s); still armed
