[   0.064] [SMA] ARMED (MOSFET on); idle=0.500 V
[   0.065] [STATUS] t_ms=2297712 hwm=5 cap=256 dropped=0 dropped_total=29852 crc_err=0 crc_err_total=0 rate1=512 rate2=512 prod1=512 prod2=512 dac_err=0 tx_drop=1034527 hb_ms=0 sma_state=0 m7_us=2370105140 m4_us=2367910455 vdd=5.067 offset=0.5000 aref=3.145 loop_us_avg=21 loop_us_max=4691 loop_hz=47619 cycle_log_ms=1 n_cycle=4 cc=0 cc_hz=0 cc_i_tgt=0.1000 cc_u=0.5135 cc_r=5.1260 cc_tau_ms=7.00
[   0.377] alarm
[   0.377] [ADC1] STATUS
[   1.071] [STATUS] t_ms=2298712 hwm=5 cap=256 dropped=0 dropped_total=29852 crc_err=0 crc_err_total=0 rate1=512 rate2=512 prod1=512 prod2=512 dac_err=0 tx_drop=1034527 hb_ms=0 sma_state=0 m7_us=2371136946 m4_us=2368942276 vdd=5.067 offset=0.5000 aref=3.145 loop_us_avg=22 loop_us_max=4757 loop_hz=45454 cycle_log_ms=1 n_cycle=4 cc=0 cc_hz=0 cc_i_tgt=0.1000 cc_u=0.5135 cc_r=5.1260 cc_tau_ms=7.00
[   1.385] alarm
[   1.385] ALM
[   1.385] [ADC1] STA
[   1.385] TUS
[   0.060] [SMA] [CC] start i_high=750.0mA i_low=100.0mA t_high=100 t_idle=15000 n=6 (0=cont) tau_ms=7.0 wdt_ms=5000
[   0.060] [SMA] [ACT] heat n=1/6 I=750.0mA ms=100
[   0.060] [STATUS] t_ms=2299712 hwm=5 cap=256 dropped=0 dropped_total=29852 crc_err=0 crc_err_total=0 rate1=512 rate2=512 prod1=512 prod2=512 dac_err=0 tx_drop=1034527 hb_ms=0 sma_state=5 m7_us=2372168771 m4_us=2369974090 vdd=5.067 offset=0.5000 aref=3.145 loop_us_avg=23 loop_us_max=4634 loop_hz=43478 cycle_log_ms=1 n_cycle=4 cc=1 cc_hz=29 cc_i_tgt=0.7500 cc_u=0.6479 cc_r=0.0000 cc_tau_ms=7.00
[   0.123] [SMA] [ACT] cool n=1/6 I=100.0mA ms=15000
[   0.374] [ADC1] STATUS
[   1.120] [STATUS] t_ms=2300712 hwm=6 cap=256 dropped=0 dropped_total=29852 crc_err=0 crc_err_total=0 rate1=512 rate2=513 prod1=512 prod2=513 dac_err=0 tx_drop=1034527 hb_ms=0 sma_state=6 m7_us=2373201196 m4_us=2371006849 vdd=5.067 offset=0.5000 aref=3.145 loop_us_avg=88 loop_us_max=5323 loop_hz=11363 cycle_log_ms=1 n_cycle=4 cc=1 cc_hz=1025 cc_i_tgt=0.1000 cc_u=0.5310 cc_r=5.1926 cc_tau_ms=7.00
[   1.368] [ADC1] STATUS
[   2.120] [STATUS] t_ms=2301712 hwm=5 cap=256 dropped=0 dropped_total=29852 crc_err=0 crc_err_total=0 rate1=512 rate2=512 prod1=512 prod2=512 dac_err=0 tx_drop=1034527 hb_ms=0 sma_state=6 m7_us=2374232890 m4_us=2372038497 vdd=5.067 offset=0.5000 aref=3.145 loop_us_avg=94 loop_us_max=5395 loop_hz=10638 cycle_log_ms=1 n_cycle=4 cc=1 cc_hz=1025 cc_i_tgt=0.1000 cc_u=0.5011 cc_r=5.0323 cc_tau_ms=7.00
[   2.431] [ADC1] STATUS
[   3.183] [STATUS] t_ms=2302712 hwm=5 cap=256 dropped=0 dropped_total=29852 crc_err=0 crc_err_total=0 rate1=512 rate2=512 prod1=512 prod2=512 dac_err=0 tx_drop=1034527 hb_ms=0 sma_state=6 m7_us=2375264455 m4_us=2373070094 vdd=5.067 offset=0.5000 aref=3.145 loop_us_avg=92 loop_us_max=5554 loop_hz=10869 cycle_log_ms=1 n_cycle=4 cc=1 cc_hz=1025 cc_i_tgt=0.1000 cc_u=0.5302 cc_r=5.1660 cc_tau_ms=7.00
[   3.428] [ADC1] STATUS
[   4.180] [STATUS] t_ms=2303712 hwm=5 cap=256 dropped=0 dropped_total=29852 crc_err=0 crc_err_total=0 rate1=512 rate2=512 prod1=512 prod2=512 dac_err=0 tx_drop=1034527 hb_ms=0 sma_state=6 m7_us=2376296013 m4_us=2374101665 vdd=5.067 offset=0.5000 aref=3.145 loop_us_avg=94 loop_us_max=5404 loop_hz=10638 cycle_log_ms=1 n_cycle=4 cc=1 cc_hz=1025 cc_i_tgt=0.1000 cc_u=0.5167 cc_r=5.0869 cc_tau_ms=7.00
[   4.425] [ADC1] STATUS
[   5.239] [STATUS] t_ms=2304712 hwm=5 cap=256 dropped=0 dropped_total=29852 crc_err=0 crc_err_total=0 rate1=512 rate2=512 prod1=512 prod2=512 dac_err=0 tx_drop=1034527 hb_ms=0 sma_state=6 m7_us=2377327634 m4_us=2375133285 vdd=5.067 offset=0.5000 aref=3.145 loop_us_avg=93 loop_us_max=5399 loop_hz=10752 cycle_log_ms=1 n_cycle=4 cc=1 cc_hz=1025 cc_i_tgt=0.1000 cc_u=0.5072 cc_r=5.0617 cc_tau_ms=7.00
[   5.427] alarm(s):
[   5.427] [A
[   5.427] DC1] STATUS
[   6.241] [STATUS] t_ms=2305712 hwm=5 cap=256 dropped=0 dropped_total=29852 crc_err=0 crc_err_total=0 rate1=512 rate2=512 prod1=512 prod2=512 dac_err=0 tx_drop=1034527 hb_ms=0 sma_state=6 m7_us=2378359215 m4_us=2376164865 vdd=5.067 offset=0.5000 aref=3.145 loop_us_avg=93 loop_us_max=5402 loop_hz=10752 cycle_log_ms=1 n_cycle=4 cc=1 cc_hz=1025 cc_i_tgt=0.1000 cc_u=0.5139 cc_r=5.1465 cc_tau_ms=7.00
[   6.429] [ADC1] STATUS
[   7.311] [STATUS] t_ms=2306712 hwm=5 cap=256 dropped=0 dropped_total=29852 crc_err=0 crc_err_total=0 rate1=512 rate2=512 prod1=512 prod2=512 dac_err=0 tx_drop=1034527 hb_ms=0 sma_state=6 m7_us=2379390772 m4_us=2377196424 vdd=5.067 offset=0.5000 aref=3.145 loop_us_avg=94 loop_us_max=5527 loop_hz=10638 cycle_log_ms=1 n_cycle=4 cc=1 cc_hz=1025 cc_i_tgt=0.1000 cc_u=0.5017 cc_r=5.0457 cc_tau_ms=7.00
[   7.436] [ADC1] STATUS
[   8.314] [STATUS] t_ms=2307712 hwm=5 cap=256 dropped=0 dropped_total=29852 crc_err=0 crc_err_total=0 rate1=512 rate2=512 prod1=512 prod2=512 dac_err=0 tx_drop=1034527 hb_ms=0 sma_state=6 m7_us=2380422306 m4_us=2378227957 vdd=5.067 offset=0.5000 aref=3.145 loop_us_avg=92 loop_us_max=5406 loop_hz=10869 cycle_log_ms=1 n_cycle=4 cc=1 cc_hz=1025 cc_i_tgt=0.1000 cc_u=0.5071 cc_r=5.0598 cc_tau_ms=7.00
[   8.612] [ADC1] STATUS
[   9.368] [STATUS] t_ms=2308712 hwm=5 cap=256 dropped=0 dropped_total=29852 crc_err=0 crc_err_total=0 rate1=512 rate2=512 prod1=512 prod2=512 dac_err=0 tx_drop=1034527 hb_ms=0 sma_state=6 m7_us=2381453825 m4_us=2379259480 vdd=5.067 offset=0.5000 aref=3.145 loop_us_avg=93 loop_us_max=5406 loop_hz=10752 cycle_log_ms=1 n_cycle=4 cc=1 cc_hz=1025 cc_i_tgt=0.1000 cc_u=0.5000 cc_r=4.9722 cc_tau_ms=7.00
[   9.432] al
[   9.432] [ADC1] STATUS
[  10.365] [STATUS] t_ms=2309712 hwm=5 cap=256 dropped=0 dropped_total=29852 crc_err=0 crc_err_total=0 rate1=512 rate2=512 prod1=512 prod2=512 dac_err=0 tx_drop=1034527 hb_ms=0 sma_state=6 m7_us=2382485441 m4_us=2380291064 vdd=5.067 offset=0.5000 aref=3.145 loop_us_avg=94 loop_us_max=5477 loop_hz=10638 cycle_log_ms=1 n_cycle=4 cc=1 cc_hz=1025 cc_i_tgt=0.1000 cc_u=0.5205 cc_r=5.0145 cc_tau_ms=7.00
[  10.491] al
[  10.491] _ALM
[  10.491] [ADC1] STATUS
[  11.426] [STATUS] t_ms=2310712 hwm=5 cap=256 dropped=0 dropped_total=29852 crc_err=0 crc_err_total=0 rate1=512 rate2=512 prod1=512 prod2=512 dac_err=0 tx_drop=1034527 hb_ms=0 sma_state=6 m7_us=2383516992 m4_us=2381322635 vdd=5.067 offset=0.5000 aref=3.145 loop_us_avg=93 loop_us_max=5530 loop_hz=10752 cycle_log_ms=1 n_cycle=4 cc=1 cc_hz=1025 cc_i_tgt=0.1000 cc_u=0.5060 cc_r=5.0386 cc_tau_ms=7.00
[  11.488] alarm(s): 0x4
[  11.488] [ADC1]
[  11.488] STATUS
[  12.425] [STATUS] t_ms=2311712 hwm=5 cap=256 dropped=0 dropped_total=29852 crc_err=0 crc_err_total=0 rate1=512 rate2=512 prod1=512 prod2=512 dac_err=0 tx_drop=1034527 hb_ms=0 sma_state=6 m7_us=2384548526 m4_us=2382354174 vdd=5.067 offset=0.5000 aref=3.145 loop_us_avg=94 loop_us_max=5413 loop_hz=10638 cycle_log_ms=1 n_cycle=4 cc=1 cc_hz=1025 cc_i_tgt=0.1000 cc_u=0.5048 cc_r=5.0720 cc_tau_ms=7.00
[  12.488] [ADC1] STATUS
[  13.485] [STATUS] t_ms=2312712 hwm=5 cap=256 dropped=0 dropped_total=29852 crc_err=0 crc_err_total=0 rate1=512 rate2=512 prod1=512 prod2=512 dac_err=0 tx_drop=1034527 hb_ms=0 sma_state=6 m7_us=2385580064 m4_us=2383385710 vdd=5.067 offset=0.5000 aref=3.145 loop_us_avg=94 loop_us_max=5407 loop_hz=10638 cycle_log_ms=1 n_cycle=4 cc=1 cc_hz=1025 cc_i_tgt=0.1000 cc_u=0.5154 cc_r=5.0367 cc_tau_ms=7.00
[  13.485] [ADC1] STATUS
[  14.486] [ADC1] STATUS
[  14.486] [STATUS] t_ms=2313712 hwm=5 cap=256 dropped=0 dropped_total=29852 crc_err=0 crc_err_total=0 rate1=512 rate2=512 prod1=512 prod2=512 dac_err=0 tx_drop=1034527 hb_ms=0 sma_state=6 m7_us=2386611616 m4_us=2384417269 vdd=5.067 offset=0.5000 aref=3.145 loop_us_avg=92 loop_us_max=5402 loop_hz=10869 cycle_log_ms=1 n_cycle=4 cc=1 cc_hz=1025 cc_i_tgt=0.1000 cc_u=0.5180 cc_r=5.0549 cc_tau_ms=7.00
[  15.485] [ADC1] STATUS
[  15.548] [STATUS] t_ms=2314712 hwm=5 cap=256 dropped=0 dropped_total=29852 crc_err=0 crc_err_total=0 rate1=512 rate2=512 prod1=512 prod2=512 dac_err=0 tx_drop=1034527 hb_ms=0 sma_state=6 m7_us=2387643172 m4_us=2385448821 vdd=5.067 offset=0.5000 aref=3.145 loop_us_avg=94 loop_us_max=5410 loop_hz=10638 cycle_log_ms=1 n_cycle=4 cc=1 cc_hz=1025 cc_i_tgt=0.1000 cc_u=0.5000 cc_r=4.9999 cc_tau_ms=7.00
[  15.610] [SMA] [ACT] heat n=2/6 I=750.0mA ms=100
[  15.736] [SMA] [ACT] cool n=2/6 I=100.0mA ms=15000
[  16.493] [ADC1] STATUS
[  16.555] [STATUS] t_ms=2315712 hwm=5 cap=256 dropped=0 dropped_total=29852 crc_err=0 crc_err_total=0 rate1=512 rate2=512 prod1=512 prod2=512 dac_err=0 tx_drop=1034527 hb_ms=0 sma_state=6 m7_us=2388674704 m4_us=2386480353 vdd=5.067 offset=0.5000 aref=3.145 loop_us_avg=93 loop_us_max=5399 loop_hz=10752 cycle_log_ms=1 n_cycle=4 cc=1 cc_hz=1023 cc_i_tgt=0.1000 cc_u=0.5278 cc_r=5.0521 cc_tau_ms=7.00
[  17.505] alarm(s): 0x
[  17.505] [ADC1
[  17.505] ] STATUS
[  17.627] [STATUS] t_ms=2316712 hwm=5 cap=256 dropped=0 dropped_total=29852 crc_err=0 crc_err_total=0 rate1=512 rate2=512 prod1=512 prod2=512 dac_err=0 tx_drop=1034527 hb_ms=0 sma_state=6 m7_us=2389706186 m4_us=2387511841 vdd=5.067 offset=0.5000 aref=3.145 loop_us_avg=93 loop_us_max=5400 loop_hz=10752 cycle_log_ms=1 n_cycle=4 cc=1 cc_hz=1025 cc_i_tgt=0.1000 cc_u=0.5022 cc_r=4.9695 cc_tau_ms=7.00
[  18.501] alarm(s): 0xC9
[  18.501] [ADC1] S
[  18.501] TATUS
[  18.628] [STATUS] t_ms=2317712 hwm=5 cap=256 dropped=0 dropped_total=29852 crc_err=0 crc_err_total=0 rate1=512 rate2=512 prod1=512 prod2=512 dac_err=0 tx_drop=1034527 hb_ms=0 sma_state=6 m7_us=2390737697 m4_us=2388543349 vdd=5.067 offset=0.5000 aref=3.145 loop_us_avg=94 loop_us_max=5398 loop_hz=10638 cycle_log_ms=1 n_cycle=4 cc=1 cc_hz=1025 cc_i_tgt=0.1000 cc_u=0.5063 cc_r=5.2105 cc_tau_ms=7.00
[  19.501] [ADC1] STATUS
[  19.690] [STATUS] t_ms=2318712 hwm=5 cap=256 dropped=0 dropped_total=29852 crc_err=0 crc_err_total=0 rate1=512 rate2=512 prod1=512 prod2=512 dac_err=0 tx_drop=1034527 hb_ms=0 sma_state=6 m7_us=2391769178 m4_us=2389574817 vdd=5.067 offset=0.5000 aref=3.145 loop_us_avg=94 loop_us_max=5500 loop_hz=10638 cycle_log_ms=1 n_cycle=4 cc=1 cc_hz=1025 cc_i_tgt=0.1000 cc_u=0.5168 cc_r=5.0362 cc_tau_ms=7.00
[  20.564] [ADC1] STATUS
[  20.689] [STATUS] t_ms=2319712 hwm=5 cap=256 dropped=0 dropped_total=29852 crc_err=0 crc_err_total=0 rate1=512 rate2=512 prod1=512 prod2=512 dac_err=0 tx_drop=1034527 hb_ms=0 sma_state=6 m7_us=2392800644 m4_us=2390606299 vdd=5.067 offset=0.5000 aref=3.145 loop_us_avg=94 loop_us_max=5405 loop_hz=10638 cycle_log_ms=1 n_cycle=4 cc=1 cc_hz=1025 cc_i_tgt=0.1000 cc_u=0.5000 cc_r=5.0213 cc_tau_ms=7.00
[  21.561] [ADC1] STATUS
[  21.749] [STATUS] t_ms=2320712 hwm=5 cap=256 dropped=0 dropped_total=29852 crc_err=0 crc_err_total=0 rate1=512 rate2=512 prod1=512 prod2=512 dac_err=0 tx_drop=1034527 hb_ms=0 sma_state=6 m7_us=2393832193 m4_us=2391637845 vdd=5.067 offset=0.5000 aref=3.145 loop_us_avg=93 loop_us_max=5411 loop_hz=10752 cycle_log_ms=1 n_cycle=4 cc=1 cc_hz=1025 cc_i_tgt=0.1000 cc_u=0.5429 cc_r=5.1566 cc_tau_ms=7.00
[  22.559] [ADC1] STATUS
[  22.745] [STATUS] t_ms=2321712 hwm=5 cap=256 dropped=0 dropped_total=29852 crc_err=0 crc_err_total=0 rate1=512 rate2=512 prod1=512 prod2=512 dac_err=0 tx_drop=1034527 hb_ms=0 sma_state=6 m7_us=2394863773 m4_us=2392669365 vdd=5.067 offset=0.5000 aref=3.145 loop_us_avg=94 loop_us_max=5397 loop_hz=10638 cycle_log_ms=1 n_cycle=4 cc=1 cc_hz=1025 cc_i_tgt=0.1000 cc_u=0.5095 cc_r=5.0184 cc_tau_ms=7.00
[  23.555] [ADC1] STATUS
[  23.805] [STATUS] t_ms=2322712 hwm=5 cap=256 dropped=0 dropped_total=29852 crc_err=0 crc_err_total=0 rate1=512 rate2=511 prod1=512 prod2=511 dac_err=0 tx_drop=1034527 hb_ms=0 sma_state=6 m7_us=2395894651 m4_us=2393699856 vdd=5.067 offset=0.5000 aref=3.145 loop_us_avg=93 loop_us_max=5552 loop_hz=10752 cycle_log_ms=1 n_cycle=4 cc=1 cc_hz=1024 cc_i_tgt=0.1000 cc_u=0.5116 cc_r=5.0145 cc_tau_ms=7.00
[  24.552] [ADC1] STATUS
[  24.803] [STATUS] t_ms=2323712 hwm=6 cap=256 dropped=0 dropped_total=29852 crc_err=0 crc_err_total=0 rate1=512 rate2=513 prod1=512 prod2=513 dac_err=0 tx_drop=1034527 hb_ms=0 sma_state=6 m7_us=2396926767 m4_us=2394732417 vdd=5.067 offset=0.5000 aref=3.145 loop_us_avg=94 loop_us_max=5407 loop_hz=10638 cycle_log_ms=1 n_cycle=4 cc=1 cc_hz=1026 cc_i_tgt=0.1000 cc_u=0.5000 cc_r=4.9998 cc_tau_ms=7.00
[  25.551] [ADC1] STATUS
[  25.864] [STATUS] t_ms=2324712 hwm=5 cap=256 dropped=0 dropped_total=29852 crc_err=0 crc_err_total=0 rate1=512 rate2=512 prod1=512 prod2=512 dac_err=0 tx_drop=1034527 hb_ms=0 sma_state=6 m7_us=2397958290 m4_us=2395763941 vdd=5.067 offset=0.5000 aref=3.145 loop_us_avg=93 loop_us_max=5518 loop_hz=10752 cycle_log_ms=1 n_cycle=4 cc=1 cc_hz=1025 cc_i_tgt=0.1000 cc_u=0.5115 cc_r=5.1046 cc_tau_ms=7.00
[  26.552] [ADC1] STATUS
[  26.867] [STATUS] t_ms=2325712 hwm=5 cap=256 dropped=0 dropped_total=29852 crc_err=0 crc_err_total=0 rate1=512 rate2=512 prod1=512 prod2=512 dac_err=0 tx_drop=1034527 hb_ms=0 sma_state=6 m7_us=2398989770 m4_us=2396795416 vdd=5.067 offset=0.5000 aref=3.145 loop_us_avg=93 loop_us_max=5407 loop_hz=10752 cycle_log_ms=1 n_cycle=4 cc=1 cc_hz=1025 cc_i_tgt=0.1000 cc_u=0.5088 cc_r=5.1226 cc_tau_ms=7.00
[  27.561] [ADC1] STATUS
[  27.940] [STATUS] t_ms=2326712 hwm=5 cap=256 dropped=0 dropped_total=29852 crc_err=0 crc_err_total=0 rate1=512 rate2=512 prod1=512 prod2=512 dac_err=0 tx_drop=1034527 hb_ms=0 sma_state=6 m7_us=2400021395 m4_us=2397826917 vdd=5.067 offset=0.5000 aref=3.145 loop_us_avg=94 loop_us_max=5520 loop_hz=10638 cycle_log_ms=1 n_cycle=4 cc=1 cc_hz=1025 cc_i_tgt=0.1000 cc_u=0.5084 cc_r=5.0458 cc_tau_ms=7.00
[  28.563] [ADC1] STATUS
[  28.935] [STATUS] t_ms=2327712 hwm=5 cap=256 dropped=0 dropped_total=29852 crc_err=0 crc_err_total=0 rate1=512 rate2=511 prod1=512 prod2=511 dac_err=0 tx_drop=1034527 hb_ms=0 sma_state=6 m7_us=2401052188 m4_us=2398857392 vdd=5.067 offset=0.5000 aref=3.145 loop_us_avg=92 loop_us_max=5548 loop_hz=10869 cycle_log_ms=1 n_cycle=4 cc=1 cc_hz=1024 cc_i_tgt=0.1000 cc_u=0.5058 cc_r=5.0423 cc_tau_ms=7.00
[  29.622] [ADC1] STATUS
[  29.996] [STATUS] t_ms=2328712 hwm=6 cap=256 dropped=0 dropped_total=29852 crc_err=0 crc_err_total=0 rate1=512 rate2=512 prod1=512 prod2=512 dac_err=0 tx_drop=1034527 hb_ms=0 sma_state=6 m7_us=2402083641 m4_us=2399888864 vdd=5.067 offset=0.5000 aref=3.145 loop_us_avg=94 loop_us_max=5424 loop_hz=10638 cycle_log_ms=1 n_cycle=4 cc=1 cc_hz=1025 cc_i_tgt=0.1000 cc_u=0.5000 cc_r=4.9980 cc_tau_ms=7.00
[  30.626] [ADC1] STATUS
[  31.003] [STATUS] t_ms=2329712 hwm=6 cap=256 dropped=0 dropped_total=29852 crc_err=0 crc_err_total=0 rate1=512 rate2=513 prod1=512 prod2=513 dac_err=0 tx_drop=1034527 hb_ms=0 sma_state=6 m7_us=2403115741 m4_us=2400921374 vdd=5.067 offset=0.5000 aref=3.145 loop_us_avg=93 loop_us_max=5402 loop_hz=10752 cycle_log_ms=1 n_cycle=4 cc=1 cc_hz=1026 cc_i_tgt=0.1000 cc_u=0.5397 cc_r=5.1070 cc_tau_ms=7.00
[  31.188] [SMA] [ACT] heat n=3/6 I=750.0mA ms=100
[  31.313] [SMA] [ACT] cool n=3/6 I=100.0mA ms=15000
[  31.623] [ADC1] STATUS
[  32.063] [STATUS] t_ms=2330712 hwm=5 cap=256 dropped=0 dropped_total=29852 crc_err=0 crc_err_total=0 rate1=512 rate2=512 prod1=512 prod2=512 dac_err=0 tx_drop=1034527 hb_ms=0 sma_state=6 m7_us=2404147144 m4_us=2401952798 vdd=5.067 offset=0.5000 aref=3.145 loop_us_avg=93 loop_us_max=5422 loop_hz=10752 cycle_log_ms=1 n_cycle=4 cc=1 cc_hz=1023 cc_i_tgt=0.1000 cc_u=0.5000 cc_r=5.0210 cc_tau_ms=7.00
[  32.627] [ADC1] STATUS
[  33.064] [STATUS] t_ms=2331712 hwm=5 cap=256 dropped=0 dropped_total=29852 crc_err=0 crc_err_total=0 rate1=512 rate2=512 prod1=512 prod2=512 dac_err=0 tx_drop=1034527 hb_ms=0 sma_state=6 m7_us=2405178636 m4_us=2402984273 vdd=5.067 offset=0.5000 aref=3.145 loop_us_avg=94 loop_us_max=5409 loop_hz=10638 cycle_log_ms=1 n_cycle=4 cc=1 cc_hz=1025 cc_i_tgt=0.1000 cc_u=0.5134 cc_r=5.0624 cc_tau_ms=7.00
[  33.622] alarm(s): 0
[  33.622] [ADC1] STATUS
[  34.121] [STATUS] t_ms=2332712 hwm=5 cap=256 dropped=0 dropped_total=29852 crc_err=0 crc_err_total=0 rate1=512 rate2=512 prod1=512 prod2=512 dac_err=0 tx_drop=1034527 hb_ms=0 sma_state=6 m7_us=2406210093 m4_us=2404015745 vdd=5.067 offset=0.5000 aref=3.145 loop_us_avg=94 loop_us_max=5409 loop_hz=10638 cycle_log_ms=1 n_cycle=4 cc=1 cc_hz=1025 cc_i_tgt=0.1000 cc_u=0.5092 cc_r=5.0362 cc_tau_ms=7.00
[  34.616] alarm
[  34.616] [
[  34.616] ADC1] STATUS
[  35.117] [STATUS] t_ms=2333712 hwm=5 cap=256 dropped=0 dropped_total=29852 crc_err=0 crc_err_total=0 rate1=512 rate2=512 prod1=512 prod2=512 dac_err=0 tx_drop=1034527 hb_ms=0 sma_state=6 m7_us=2407241599 m4_us=2405047240 vdd=5.067 offset=0.5000 aref=3.145 loop_us_avg=94 loop_us_max=5407 loop_hz=10638 cycle_log_ms=1 n_cycle=4 cc=1 cc_hz=1025 cc_i_tgt=0.1000 cc_u=0.5000 cc_r=5.0192 cc_tau_ms=7.00
[  35.634] alarm(
[  35.634] [ADC1] STATUS
[  36.195] [STATUS] t_ms=2334712 hwm=5 cap=256 dropped=0 dropped_total=29852 crc_err=0 crc_err_total=0 rate1=512 rate2=512 prod1=512 prod2=512 dac_err=0 tx_drop=1034527 hb_ms=0 sma_state=6 m7_us=2408273151 m4_us=2406078737 vdd=5.067 offset=0.5000 aref=3.145 loop_us_avg=94 loop_us_max=5472 loop_hz=10638 cycle_log_ms=1 n_cycle=4 cc=1 cc_hz=1025 cc_i_tgt=0.1000 cc_u=0.5170 cc_r=5.1283 cc_tau_ms=7.00
[  36.628] [ADC1] STATUS
[  37.192] [STATUS] t_ms=2335712 hwm=5 cap=256 dropped=0 dropped_total=29852 crc_err=0 crc_err_total=0 rate1=512 rate2=511 prod1=512 prod2=511 dac_err=0 tx_drop=1034527 hb_ms=0 sma_state=6 m7_us=2409304008 m4_us=2407109229 vdd=5.067 offset=0.5000 aref=3.145 loop_us_avg=93 loop_us_max=5566 loop_hz=10752 cycle_log_ms=1 n_cycle=4 cc=1 cc_hz=1024 cc_i_tgt=0.1000 cc_u=0.5000 cc_r=5.0969 cc_tau_ms=7.00
[  37.629] [ADC1] STATUS
[  38.259] [STATUS] t_ms=2336712 hwm=6 cap=256 dropped=0 dropped_total=29852 crc_err=0 crc_err_total=0 rate1=512 rate2=513 prod1=512 prod2=513 dac_err=0 tx_drop=1034527 hb_ms=0 sma_state=6 m7_us=2410336097 m4_us=2408141739 vdd=5.067 offset=0.5000 aref=3.145 loop_us_avg=94 loop_us_max=5405 loop_hz=10638 cycle_log_ms=1 n_cycle=4 cc=1 cc_hz=1026 cc_i_tgt=0.1000 cc_u=0.5000 cc_r=5.0227 cc_tau_ms=7.00
[  38.694] [ADC1] STATUS
[  39.255] [STATUS] t_ms=2337712 hwm=5 cap=256 dropped=0 dropped_total=29852 crc_err=0 crc_err_total=0 rate1=512 rate2=512 prod1=512 prod2=512 dac_err=0 tx_drop=1034527 hb_ms=0 sma_state=6 m7_us=2411367624 m4_us=2409173265 vdd=5.067 offset=0.5000 aref=3.145 loop_us_avg=93 loop_us_max=5406 loop_hz=10752 cycle_log_ms=1 n_cycle=4 cc=1 cc_hz=1025 cc_i_tgt=0.1000 cc_u=0.5134 cc_r=4.9659 cc_tau_ms=7.00
[  39.689] [ADC1] STATUS
[  40.315] [STATUS] t_ms=2338712 hwm=5 cap=256 dropped=0 dropped_total=29852 crc_err=0 crc_err_total=0 rate1=512 rate2=512 prod1=512 prod2=512 dac_err=0 tx_drop=1034527 hb_ms=0 sma_state=6 m7_us=2412399132 m4_us=2410204773 vdd=5.067 offset=0.5000 aref=3.145 loop_us_avg=93 loop_us_max=5405 loop_hz=10752 cycle_log_ms=1 n_cycle=4 cc=1 cc_hz=1025 cc_i_tgt=0.1000 cc_u=0.5201 cc_r=5.2132 cc_tau_ms=7.00
[  40.692] [ADC1] STATUS
[  41.321] [STATUS] t_ms=2339712 hwm=5 cap=256 dropped=0 dropped_total=29852 crc_err=0 crc_err_total=0 rate1=512 rate2=512 prod1=512 prod2=512 dac_err=0 tx_drop=1034527 hb_ms=0 sma_state=6 m7_us=2413430639 m4_us=2411236289 vdd=5.067 offset=0.5000 aref=3.145 loop_us_avg=93 loop_us_max=5408 loop_hz=10752 cycle_log_ms=1 n_cycle=4 cc=1 cc_hz=1025 cc_i_tgt=0.1000 cc_u=0.5142 cc_r=5.0230 cc_tau_ms=7.00
[  41.698] ala
[  41.698] [ADC1] STATUS
[  42.384] [STATUS] t_ms=2340712 hwm=5 cap=256 dropped=0 dropped_total=29852 crc_err=0 crc_err_total=0 rate1=512 rate2=512 prod1=512 prod2=512 dac_err=0 tx_drop=1034527 hb_ms=0 sma_state=6 m7_us=2414462147 m4_us=2412267793 vdd=5.067 offset=0.5000 aref=3.145 loop_us_avg=93 loop_us_max=5406 loop_hz=10752 cycle_log_ms=1 n_cycle=4 cc=1 cc_hz=1025 cc_i_tgt=0.1000 cc_u=0.5009 cc_r=5.0224 cc_tau_ms=7.00
[  42.694] ala
[  42.694] [ADC1] STATUS
[  43.379] [STATUS] t_ms=2341712 hwm=5 cap=256 dropped=0 dropped_total=29852 crc_err=0 crc_err_total=0 rate1=512 rate2=512 prod1=512 prod2=512 dac_err=0 tx_drop=1034527 hb_ms=0 sma_state=6 m7_us=2415493657 m4_us=2413299313 vdd=5.067 offset=0.5000 aref=3.145 loop_us_avg=93 loop_us_max=5410 loop_hz=10752 cycle_log_ms=1 n_cycle=4 cc=1 cc_hz=1025 cc_i_tgt=0.1000 cc_u=0.5392 cc_r=5.1987 cc_tau_ms=7.00
[  43.692] [ADC1] STATUS
[  44.443] [STATUS] t_ms=2342712 hwm=5 cap=256 dropped=0 dropped_total=29852 crc_err=0 crc_err_total=0 rate1=512 rate2=512 prod1=512 prod2=512 dac_err=0 tx_drop=1034527 hb_ms=0 sma_state=6 m7_us=2416525159 m4_us=2414330795 vdd=5.067 offset=0.5000 aref=3.145 loop_us_avg=93 loop_us_max=5405 loop_hz=10752 cycle_log_ms=1 n_cycle=4 cc=1 cc_hz=1025 cc_i_tgt=0.1000 cc_u=0.5011 cc_r=5.0211 cc_tau_ms=7.00
[  44.690] [ADC1] STATUS
[  45.441] [STATUS] t_ms=2343712 hwm=5 cap=256 dropped=0 dropped_total=29852 crc_err=0 crc_err_total=0 rate1=512 rate2=512 prod1=512 prod2=512 dac_err=0 tx_drop=1034527 hb_ms=0 sma_state=6 m7_us=2417556637 m4_us=2415362273 vdd=5.067 offset=0.5000 aref=3.145 loop_us_avg=93 loop_us_max=5396 loop_hz=10752 cycle_log_ms=1 n_cycle=4 cc=1 cc_hz=1025 cc_i_tgt=0.1000 cc_u=0.5012 cc_r=5.0455 cc_tau_ms=7.00
[  45.691] [ADC1] STATUS
[  46.505] [STATUS] t_ms=2344712 hwm=5 cap=256 dropped=0 dropped_total=29852 crc_err=0 crc_err_total=0 rate1=512 rate2=512 prod1=512 prod2=512 dac_err=0 tx_drop=1034527 hb_ms=0 sma_state=6 m7_us=2418588126 m4_us=2416393777 vdd=5.067 offset=0.5000 aref=3.145 loop_us_avg=92 loop_us_max=5420 loop_hz=10869 cycle_log_ms=1 n_cycle=4 cc=1 cc_hz=1025 cc_i_tgt=0.1000 cc_u=0.5000 cc_r=5.0250 cc_tau_ms=7.00
[  46.757] [ADC1] STATUS
[  46.757] [SMA] [ACT] heat n=4/6 I=750.0mA ms=100
[  46.882] [SMA] [ACT] cool n=4/6 I=100.0mA ms=15000
[  47.507] [STATUS] t_ms=2345712 hwm=5 cap=256 dropped=0 dropped_total=29852 crc_err=0 crc_err_total=0 rate1=512 rate2=512 prod1=512 prod2=512 dac_err=0 tx_drop=1034527 hb_ms=0 sma_state=6 m7_us=2419619677 m4_us=2417425320 vdd=5.067 offset=0.5000 aref=3.145 loop_us_avg=94 loop_us_max=5401 loop_hz=10638 cycle_log_ms=1 n_cycle=4 cc=1 cc_hz=1023 cc_i_tgt=0.1000 cc_u=0.5000 cc_r=4.9544 cc_tau_ms=7.00
[  47.756] al
[  47.756] [ADC1] STATUS
[  48.569] [STATUS] t_ms=2346712 hwm=5 cap=256 dropped=0 dropped_total=29852 crc_err=0 crc_err_total=0 rate1=512 rate2=512 prod1=512 prod2=512 dac_err=0 tx_drop=1034527 hb_ms=0 sma_state=6 m7_us=2420651234 m4_us=2418456888 vdd=5.067 offset=0.5000 aref=3.145 loop_us_avg=92 loop_us_max=5407 loop_hz=10869 cycle_log_ms=1 n_cycle=4 cc=1 cc_hz=1025 cc_i_tgt=0.1000 cc_u=0.5118 cc_r=5.0785 cc_tau_ms=7.00
[  48.760] alarm(s
[  48.760] [
[  48.760] ADC1] STATUS
[  49.571] [STATUS] t_ms=2347712 hwm=5 cap=256 dropped=0 dropped_total=29852 crc_err=0 crc_err_total=0 rate1=512 rate2=512 prod1=512 prod2=512 dac_err=0 tx_drop=1034527 hb_ms=0 sma_state=6 m7_us=2421682764 m4_us=2419488366 vdd=5.067 offset=0.5000 aref=3.145 loop_us_avg=94 loop_us_max=5404 loop_hz=10638 cycle_log_ms=1 n_cycle=4 cc=1 cc_hz=1025 cc_i_tgt=0.1000 cc_u=0.5176 cc_r=4.9804 cc_tau_ms=7.00
[  49.761] [ADC1] STATUS
[  50.632] [STATUS] t_ms=2348712 hwm=5 cap=256 dropped=0 dropped_total=29852 crc_err=0 crc_err_total=0 rate1=512 rate2=512 prod1=512 prod2=512 dac_err=0 tx_drop=1034527 hb_ms=0 sma_state=6 m7_us=2422714199 m4_us=2420519851 vdd=5.067 offset=0.5000 aref=3.145 loop_us_avg=93 loop_us_max=5455 loop_hz=10752 cycle_log_ms=1 n_cycle=4 cc=1 cc_hz=1025 cc_i_tgt=0.1000 cc_u=0.5000 cc_r=5.0293 cc_tau_ms=7.00
[  50.758] [ADC1] STATUS
[  51.637] [STATUS] t_ms=2349712 hwm=5 cap=256 dropped=0 dropped_total=29852 crc_err=0 crc_err_total=0 rate1=512 rate2=512 prod1=512 prod2=512 dac_err=0 tx_drop=1034527 hb_ms=0 sma_state=6 m7_us=2423745718 m4_us=2421551368 vdd=5.067 offset=0.5000 aref=3.145 loop_us_avg=93 loop_us_max=5410 loop_hz=10752 cycle_log_ms=1 n_cycle=4 cc=1 cc_hz=1025 cc_i_tgt=0.1000 cc_u=0.5343 cc_r=5.1218 cc_tau_ms=7.00
[  51.763] [ADC1] STATUS
[  52.696] [STATUS] t_ms=2350712 hwm=5 cap=256 dropped=0 dropped_total=29852 crc_err=0 crc_err_total=0 rate1=512 rate2=512 prod1=512 prod2=512 dac_err=0 tx_drop=1034527 hb_ms=0 sma_state=6 m7_us=2424777211 m4_us=2422582869 vdd=5.067 offset=0.5000 aref=3.145 loop_us_avg=94 loop_us_max=5403 loop_hz=10638 cycle_log_ms=1 n_cycle=4 cc=1 cc_hz=1025 cc_i_tgt=0.1000 cc_u=0.5000 cc_r=4.9340 cc_tau_ms=7.00
[  52.760] [ADC1] STATUS
[  53.697] [STATUS] t_ms=2351712 hwm=5 cap=256 dropped=0 dropped_total=29852 crc_err=0 crc_err_total=0 rate1=512 rate2=512 prod1=512 prod2=512 dac_err=0 tx_drop=1034527 hb_ms=0 sma_state=6 m7_us=2425808691 m4_us=2423614344 vdd=5.067 offset=0.5000 aref=3.145 loop_us_avg=94 loop_us_max=5405 loop_hz=10638 cycle_log_ms=1 n_cycle=4 cc=1 cc_hz=1025 cc_i_tgt=0.1000 cc_u=0.5144 cc_r=5.0507 cc_tau_ms=7.00
[  53.760] ala
[  53.760] ALM
[  53.760] [ADC1] STATUS
[  54.761] [STATUS] t_ms=2352712 hwm=5 cap=256 dropped=0 dropped_total=29852 crc_err=0 crc_err_total=0 rate1=512 rate2=512 prod1=512 prod2=512 dac_err=0 tx_drop=1034527 hb_ms=0 sma_state=6 m7_us=2426840179 m4_us=2424645829 vdd=5.067 offset=0.5000 aref=3.145 loop_us_avg=92 loop_us_max=5404 loop_hz=10869 cycle_log_ms=1 n_cycle=4 cc=1 cc_hz=1025 cc_i_tgt=0.1000 cc_u=0.5246 cc_r=5.1273 cc_tau_ms=7.00
[  54.761] [ADC1] STATUS
[  55.756] [STATUS] t_ms=2353712 hwm=5 cap=256 dropped=0 dropped_total=29852 crc_err=0 crc_err_total=0 rate1=512 rate2=512 prod1=512 prod2=512 dac_err=0 tx_drop=1034527 hb_ms=0 sma_state=6 m7_us=2427871821 m4_us=2425677352 vdd=5.067 offset=0.5000 aref=3.145 loop_us_avg=94 loop_us_max=5510 loop_hz=10638 cycle_log_ms=1 n_cycle=4 cc=1 cc_hz=1025 cc_i_tgt=0.1000 cc_u=0.5018 cc_r=5.0706 cc_tau_ms=7.00
[  55.820] [ADC1] STATUS
[  56.815] [STATUS] t_ms=2354712 hwm=5 cap=256 dropped=0 dropped_total=29852 crc_err=0 crc_err_total=0 rate1=512 rate2=512 prod1=512 prod2=512 dac_err=0 tx_drop=1034527 hb_ms=0 sma_state=6 m7_us=2428903238 m4_us=2426708888 vdd=5.067 offset=0.5000 aref=3.145 loop_us_avg=93 loop_us_max=5524 loop_hz=10752 cycle_log_ms=1 n_cycle=4 cc=1 cc_hz=1025 cc_i_tgt=0.1000 cc_u=0.5000 cc_r=5.0465 cc_tau_ms=7.00
[  56.815] [ADC1] STATUS
[  57.816] [ADC1] STATUS
[  57.816] [STATUS] t_ms=2355712 hwm=5 cap=256 dropped=0 dropped_total=29852 crc_err=0 crc_err_total=0 rate1=512 rate2=512 prod1=512 prod2=512 dac_err=0 tx_drop=1034527 hb_ms=0 sma_state=6 m7_us=2429934826 m4_us=2427740401 vdd=5.067 offset=0.5000 aref=3.145 loop_us_avg=93 loop_us_max=5405 loop_hz=10752 cycle_log_ms=1 n_cycle=4 cc=1 cc_hz=1025 cc_i_tgt=0.1000 cc_u=0.5146 cc_r=5.0755 cc_tau_ms=7.00
[  58.817] [ADC1] STATUS
[  58.881] [STATUS] t_ms=2356712 hwm=5 cap=256 dropped=0 dropped_total=29852 crc_err=0 crc_err_total=0 rate1=512 rate2=512 prod1=512 prod2=512 dac_err=0 tx_drop=1034527 hb_ms=0 sma_state=6 m7_us=2430966306 m4_us=2428771953 vdd=5.067 offset=0.5000 aref=3.145 loop_us_avg=94 loop_us_max=5489 loop_hz=10638 cycle_log_ms=1 n_cycle=4 cc=1 cc_hz=1025 cc_i_tgt=0.1000 cc_u=0.5000 cc_r=5.0822 cc_tau_ms=7.00
[  59.823] alarm(s
[  59.823] [ADC1] STATUS
[  59.885] [STATUS] t_ms=2357712 hwm=5 cap=256 dropped=0 dropped_total=29852 crc_err=0 crc_err_total=0 rate1=512 rate2=512 prod1=512 prod2=512 dac_err=0 tx_drop=1034527 hb_ms=0 sma_state=6 m7_us=2431997830 m4_us=2429803477 vdd=5.067 offset=0.5000 aref=3.145 loop_us_avg=94 loop_us_max=5397 loop_hz=10638 cycle_log_ms=1 n_cycle=4 cc=1 cc_hz=1025 cc_i_tgt=0.1000 cc_u=0.5000 cc_r=5.1563 cc_tau_ms=7.00
[  60.820] [ADC1] STATUS
[  60.946] [STATUS] t_ms=2358712 hwm=5 cap=256 dropped=0 dropped_total=29852 crc_err=0 crc_err_total=0 rate1=512 rate2=512 prod1=512 prod2=512 dac_err=0 tx_drop=1034527 hb_ms=0 sma_state=6 m7_us=2433029387 m4_us=2430835035 vdd=5.067 offset=0.5000 aref=3.145 loop_us_avg=92 loop_us_max=5566 loop_hz=10869 cycle_log_ms=1 n_cycle=4 cc=1 cc_hz=1025 cc_i_tgt=0.1000 cc_u=0.5278 cc_r=5.1073 cc_tau_ms=7.00
[  61.821] alarm
[  61.821] M
[  61.821] [ADC1] STATUS
[  61.947] [STATUS] t_ms=2359712 hwm=5 cap=256 dropped=0 dropped_total=29852 crc_err=0 crc_err_total=0 rate1=512 rate2=512 prod1=512 prod2=512 dac_err=0 tx_drop=1034527 hb_ms=0 sma_state=6 m7_us=2434060868 m4_us=2431866523 vdd=5.067 offset=0.5000 aref=3.145 loop_us_avg=93 loop_us_max=5413 loop_hz=10752 cycle_log_ms=1 n_cycle=4 cc=1 cc_hz=1025 cc_i_tgt=0.1000 cc_u=0.5256 cc_r=5.1225 cc_tau_ms=7.00
[  62.322] [SMA] [ACT] heat n=5/6 I=750.0mA ms=100
[  62.447] [SMA] [ACT] cool n=5/6 I=100.0mA ms=15000
[  62.824] [ADC1] STATUS
[  63.012] [STATUS] t_ms=2360712 hwm=5 cap=256 dropped=0 dropped_total=29852 crc_err=0 crc_err_total=0 rate1=512 rate2=512 prod1=512 prod2=512 dac_err=0 tx_drop=1034527 hb_ms=0 sma_state=6 m7_us=2435092402 m4_us=2432898040 vdd=5.067 offset=0.5000 aref=3.145 loop_us_avg=93 loop_us_max=5400 loop_hz=10752 cycle_log_ms=1 n_cycle=4 cc=1 cc_hz=1023 cc_i_tgt=0.1000 cc_u=0.5000 cc_r=4.9826 cc_tau_ms=7.00
[  63.820] [ADC1] STATUS
[  64.007] [STATUS] t_ms=2361712 hwm=5 cap=256 dropped=0 dropped_total=29852 crc_err=0 crc_err_total=0 rate1=512 rate2=512 prod1=512 prod2=512 dac_err=0 tx_drop=1034527 hb_ms=0 sma_state=6 m7_us=2436123907 m4_us=2433929550 vdd=5.067 offset=0.5000 aref=3.145 loop_us_avg=93 loop_us_max=5406 loop_hz=10752 cycle_log_ms=1 n_cycle=4 cc=1 cc_hz=1025 cc_i_tgt=0.1000 cc_u=0.5000 cc_r=5.0086 cc_tau_ms=7.00
[  64.876] [ADC1] STATUS
[  65.062] [STATUS] t_ms=2362712 hwm=5 cap=256 dropped=0 dropped_total=29852 crc_err=0 crc_err_total=0 rate1=512 rate2=512 prod1=512 prod2=512 dac_err=0 tx_drop=1034527 hb_ms=0 sma_state=6 m7_us=2437155419 m4_us=2434961070 vdd=5.067 offset=0.5000 aref=3.145 loop_us_avg=93 loop_us_max=5405 loop_hz=10752 cycle_log_ms=1 n_cycle=4 cc=1 cc_hz=1025 cc_i_tgt=0.1000 cc_u=0.5088 cc_r=5.0646 cc_tau_ms=7.00
[  65.878] al
[  65.878] _ALM
[  65.878] [ADC1] STATUS
[  66.065] [STATUS] t_ms=2363712 hwm=5 cap=256 dropped=0 dropped_total=29852 crc_err=0 crc_err_total=0 rate1=512 rate2=512 prod1=512 prod2=512 dac_err=0 tx_drop=1034527 hb_ms=0 sma_state=6 m7_us=2438186892 m4_us=2435992545 vdd=5.067 offset=0.5000 aref=3.145 loop_us_avg=94 loop_us_max=5409 loop_hz=10638 cycle_log_ms=1 n_cycle=4 cc=1 cc_hz=1025 cc_i_tgt=0.1000 cc_u=0.5045 cc_r=5.0822 cc_tau_ms=7.00
[  66.880] [ADC1] STATUS
[  67.132] [STATUS] t_ms=2364712 hwm=5 cap=256 dropped=0 dropped_total=29852 crc_err=0 crc_err_total=0 rate1=512 rate2=512 prod1=512 prod2=512 dac_err=0 tx_drop=1034527 hb_ms=0 sma_state=6 m7_us=2439218378 m4_us=2437024030 vdd=5.067 offset=0.5000 aref=3.145 loop_us_avg=92 loop_us_max=5401 loop_hz=10869 cycle_log_ms=1 n_cycle=4 cc=1 cc_hz=1025 cc_i_tgt=0.1000 cc_u=0.5059 cc_r=5.0833 cc_tau_ms=7.00
[  67.877] ala
[  67.877] ALM
[  67.877] [ADC1] STATUS
[  68.124] [STATUS] t_ms=2365712 hwm=5 cap=256 dropped=0 dropped_total=29852 crc_err=0 crc_err_total=0 rate1=512 rate2=512 prod1=512 prod2=512 dac_err=0 tx_drop=1034527 hb_ms=0 sma_state=6 m7_us=2440249876 m4_us=2438055528 vdd=5.067 offset=0.5000 aref=3.145 loop_us_avg=93 loop_us_max=5401 loop_hz=10752 cycle_log_ms=1 n_cycle=4 cc=1 cc_hz=1025 cc_i_tgt=0.1000 cc_u=0.5063 cc_r=5.1283 cc_tau_ms=7.00
[  68.871] [ADC1] STATUS
[  69.182] [STATUS] t_ms=2366712 hwm=5 cap=256 dropped=0 dropped_total=29852 crc_err=0 crc_err_total=0 rate1=512 rate2=512 prod1=512 prod2=512 dac_err=0 tx_drop=1034527 hb_ms=0 sma_state=6 m7_us=2441281391 m4_us=2439087038 vdd=5.067 offset=0.5000 aref=3.145 loop_us_avg=93 loop_us_max=5430 loop_hz=10752 cycle_log_ms=1 n_cycle=4 cc=1 cc_hz=1025 cc_i_tgt=0.1000 cc_u=0.5193 cc_r=5.0802 cc_tau_ms=7.00
[  69.913] [ADC1] STATUS
[  70.225] [STATUS] t_ms=2367712 hwm=5 cap=256 dropped=0 dropped_total=29852 crc_err=0 crc_err_total=0 rate1=512 rate2=512 prod1=512 prod2=512 dac_err=0 tx_drop=1034527 hb_ms=0 sma_state=6 m7_us=2442312943 m4_us=2440118587 vdd=5.067 offset=0.5000 aref=3.145 loop_us_avg=94 loop_us_max=5400 loop_hz=10638 cycle_log_ms=1 n_cycle=4 cc=1 cc_hz=1024 cc_i_tgt=0.1000 cc_u=0.5002 cc_r=5.1071 cc_tau_ms=7.00
[  70.912] [ADC1] STATUS
[  71.222] [STATUS] t_ms=2368712 hwm=5 cap=256 dropped=0 dropped_total=29852 crc_err=0 crc_err_total=0 rate1=512 rate2=512 prod1=512 prod2=512 dac_err=0 tx_drop=1034527 hb_ms=0 sma_state=6 m7_us=2443344479 m4_us=2441150129 vdd=5.067 offset=0.5000 aref=3.145 loop_us_avg=92 loop_us_max=5405 loop_hz=10869 cycle_log_ms=1 n_cycle=4 cc=1 cc_hz=1025 cc_i_tgt=0.1000 cc_u=0.5104 cc_r=5.0705 cc_tau_ms=7.00
[  71.911] [ADC1] STATUS
[  72.290] [STATUS] t_ms=2369712 hwm=5 cap=256 dropped=0 dropped_total=29852 crc_err=0 crc_err_total=0 rate1=512 rate2=512 prod1=512 prod2=512 dac_err=0 tx_drop=1034527 hb_ms=0 sma_state=6 m7_us=2444376020 m4_us=2442181672 vdd=5.067 offset=0.5000 aref=3.145 loop_us_avg=94 loop_us_max=5405 loop_hz=10638 cycle_log_ms=1 n_cycle=4 cc=1 cc_hz=1025 cc_i_tgt=0.1000 cc_u=0.5000 cc_r=5.1050 cc_tau_ms=7.00
[  72.923] [ADC1]
[  72.923] STATUS
[  73.296] [STATUS] t_ms=2370712 hwm=5 cap=256 dropped=0 dropped_total=29852 crc_err=0 crc_err_total=0 rate1=512 rate2=512 prod1=512 prod2=512 dac_err=0 tx_drop=1034527 hb_ms=0 sma_state=6 m7_us=2445407529 m4_us=2443213179 vdd=5.067 offset=0.5000 aref=3.145 loop_us_avg=94 loop_us_max=5482 loop_hz=10638 cycle_log_ms=1 n_cycle=4 cc=1 cc_hz=1025 cc_i_tgt=0.1000 cc_u=0.5075 cc_r=5.0707 cc_tau_ms=7.00
[  73.921] alarm(s)
[  73.921] [AD
[  73.921] C1] STATUS
[  74.354] [STATUS] t_ms=2371712 hwm=5 cap=256 dropped=0 dropped_total=29852 crc_err=0 crc_err_total=0 rate1=512 rate2=512 prod1=512 prod2=512 dac_err=0 tx_drop=1034527 hb_ms=0 sma_state=6 m7_us=2446439036 m4_us=2444244664 vdd=5.067 offset=0.5000 aref=3.145 loop_us_avg=94 loop_us_max=5405 loop_hz=10638 cycle_log_ms=1 n_cycle=4 cc=1 cc_hz=1025 cc_i_tgt=0.1000 cc_u=0.5000 cc_r=5.1252 cc_tau_ms=7.00
[  74.915] [ADC1] STATUS
[  75.352] [STATUS] t_ms=2372712 hwm=5 cap=256 dropped=0 dropped_total=29852 crc_err=0 crc_err_total=0 rate1=512 rate2=512 prod1=512 prod2=512 dac_err=0 tx_drop=1034527 hb_ms=0 sma_state=6 m7_us=2447470524 m4_us=2445276171 vdd=5.067 offset=0.5000 aref=3.145 loop_us_avg=94 loop_us_max=5416 loop_hz=10638 cycle_log_ms=1 n_cycle=4 cc=1 cc_hz=1025 cc_i_tgt=0.1000 cc_u=0.5481 cc_r=5.1069 cc_tau_ms=7.00
[  75.915] [ADC1] STATUS
[  76.412] [STATUS] t_ms=2373712 hwm=5 cap=256 dropped=0 dropped_total=29852 crc_err=0 crc_err_total=0 rate1=512 rate2=512 prod1=512 prod2=512 dac_err=0 tx_drop=1034527 hb_ms=0 sma_state=6 m7_us=2448502032 m4_us=2446307678 vdd=5.067 offset=0.5000 aref=3.145 loop_us_avg=94 loop_us_max=5402 loop_hz=10638 cycle_log_ms=1 n_cycle=4 cc=1 cc_hz=1025 cc_i_tgt=0.1000 cc_u=0.5077 cc_r=4.9990 cc_tau_ms=7.00
[  76.971] alarm
[  76.971] M
[  76.971] [ADC1] STATUS
[  77.406] [STATUS] t_ms=2374712 hwm=5 cap=256 dropped=0 dropped_total=29852 crc_err=0 crc_err_total=0 rate1=512 rate2=512 prod1=512 prod2=512 dac_err=0 tx_drop=1034527 hb_ms=0 sma_state=6 m7_us=2449533534 m4_us=2447339182 vdd=5.067 offset=0.5000 aref=3.145 loop_us_avg=94 loop_us_max=5404 loop_hz=10638 cycle_log_ms=1 n_cycle=4 cc=1 cc_hz=1025 cc_i_tgt=0.1000 cc_u=0.5065 cc_r=4.9775 cc_tau_ms=7.00
[  77.903] [SMA] [ACT] heat n=6/6 I=750.0mA ms=100
[  77.967] alarm(s)
[  77.967] [AD
[  77.967] C1] STATUS
[  78.029] [SMA] [ACT] cool n=6/6 I=100.0mA ms=15000
[  78.465] [STATUS] t_ms=2375712 hwm=5 cap=256 dropped=0 dropped_total=29852 crc_err=0 crc_err_total=0 rate1=512 rate2=512 prod1=512 prod2=512 dac_err=0 tx_drop=1034527 hb_ms=0 sma_state=6 m7_us=2450565057 m4_us=2448370705 vdd=5.067 offset=0.5000 aref=3.145 loop_us_avg=94 loop_us_max=5403 loop_hz=10638 cycle_log_ms=1 n_cycle=4 cc=1 cc_hz=1023 cc_i_tgt=0.1000 cc_u=0.5000 cc_r=5.0074 cc_tau_ms=7.00
[  78.968] alarm(s): 0x
[  78.968] [ADC1] STATUS
[  79.463] [STATUS] t_ms=2376712 hwm=5 cap=256 dropped=0 dropped_total=29852 crc_err=0 crc_err_total=0 rate1=512 rate2=512 prod1=512 prod2=512 dac_err=0 tx_drop=1034527 hb_ms=0 sma_state=6 m7_us=2451596571 m4_us=2449402219 vdd=5.067 offset=0.5000 aref=3.145 loop_us_avg=94 loop_us_max=5413 loop_hz=10638 cycle_log_ms=1 n_cycle=4 cc=1 cc_hz=1025 cc_i_tgt=0.1000 cc_u=0.5178 cc_r=5.0665 cc_tau_ms=7.00
[  79.964] alarm(s):
[  79.964] [A
[  79.964] DC1] STATUS
[  80.534] [STATUS] t_ms=2377712 hwm=5 cap=256 dropped=0 dropped_total=29852 crc_err=0 crc_err_total=0 rate1=512 rate2=512 prod1=512 prod2=512 dac_err=0 tx_drop=1034527 hb_ms=0 sma_state=6 m7_us=2452628121 m4_us=2450433720 vdd=5.067 offset=0.5000 aref=3.145 loop_us_avg=94 loop_us_max=5403 loop_hz=10638 cycle_log_ms=1 n_cycle=4 cc=1 cc_hz=1025 cc_i_tgt=0.1000 cc_u=0.5144 cc_r=5.0828 cc_tau_ms=7.00
[  80.971] [ADC1] STATUS
[  81.529] [STATUS] t_ms=2378712 hwm=5 cap=256 dropped=0 dropped_total=29852 crc_err=0 crc_err_total=0 rate1=512 rate2=512 prod1=512 prod2=512 dac_err=0 tx_drop=1034527 hb_ms=0 sma_state=6 m7_us=2453659544 m4_us=2451465195 vdd=5.067 offset=0.5000 aref=3.145 loop_us_avg=94 loop_us_max=5410 loop_hz=10638 cycle_log_ms=1 n_cycle=4 cc=1 cc_hz=1025 cc_i_tgt=0.1000 cc_u=0.5152 cc_r=5.0453 cc_tau_ms=7.00
[  81.969] [ADC1] STATUS
[  82.591] [STATUS] t_ms=2379712 hwm=5 cap=256 dropped=0 dropped_total=29852 crc_err=0 crc_err_total=0 rate1=512 rate2=512 prod1=512 prod2=512 dac_err=0 tx_drop=1034527 hb_ms=0 sma_state=6 m7_us=2454691003 m4_us=2452496657 vdd=5.067 offset=0.5000 aref=3.145 loop_us_avg=94 loop_us_max=5416 loop_hz=10638 cycle_log_ms=1 n_cycle=4 cc=1 cc_hz=1025 cc_i_tgt=0.1000 cc_u=0.5055 cc_r=5.0384 cc_tau_ms=7.00
[  82.973] [ADC1] STATUS
[  83.603] [STATUS] t_ms=2380712 hwm=5 cap=256 dropped=0 dropped_total=29852 crc_err=0 crc_err_total=0 rate1=512 rate2=512 prod1=512 prod2=512 dac_err=0 tx_drop=1034527 hb_ms=0 sma_state=6 m7_us=2455722450 m4_us=2453528101 vdd=5.067 offset=0.5000 aref=3.145 loop_us_avg=94 loop_us_max=5515 loop_hz=10638 cycle_log_ms=1 n_cycle=4 cc=1 cc_hz=1025 cc_i_tgt=0.1000 cc_u=0.5073 cc_r=4.9868 cc_tau_ms=7.00
[  83.978] [ADC1] STATUS
[  84.661] [STATUS] t_ms=2381712 hwm=5 cap=256 dropped=0 dropped_total=29852 crc_err=0 crc_err_total=0 rate1=512 rate2=512 prod1=512 prod2=512 dac_err=0 tx_drop=1034527 hb_ms=0 sma_state=6 m7_us=2456753932 m4_us=2454559569 vdd=5.067 offset=0.5000 aref=3.145 loop_us_avg=94 loop_us_max=5404 loop_hz=10638 cycle_log_ms=1 n_cycle=4 cc=1 cc_hz=1025 cc_i_tgt=0.1000 cc_u=0.5015 cc_r=5.0168 cc_tau_ms=7.00
[  84.974] [ADC1] STATUS
[  85.657] [STATUS] t_ms=2382712 hwm=6 cap=256 dropped=0 dropped_total=29852 crc_err=0 crc_err_total=0 rate1=512 rate2=512 prod1=512 prod2=512 dac_err=0 tx_drop=1034527 hb_ms=0 sma_state=6 m7_us=2457785415 m4_us=2455591067 vdd=5.067 offset=0.5000 aref=3.145 loop_us_avg=93 loop_us_max=5645 loop_hz=10752 cycle_log_ms=1 n_cycle=4 cc=1 cc_hz=1025 cc_i_tgt=0.1000 cc_u=0.5162 cc_r=5.0564 cc_tau_ms=7.00
[  86.035] alarm(s): 0x
[  86.035] [ADC1]
[  86.035] STATUS
[  86.719] [STATUS] t_ms=2383712 hwm=5 cap=256 dropped=0 dropped_total=29852 crc_err=0 crc_err_total=0 rate1=512 rate2=512 prod1=512 prod2=512 dac_err=0 tx_drop=1034527 hb_ms=0 sma_state=6 m7_us=2458816921 m4_us=2456622574 vdd=5.067 offset=0.5000 aref=3.145 loop_us_avg=94 loop_us_max=5409 loop_hz=10638 cycle_log_ms=1 n_cycle=4 cc=1 cc_hz=1025 cc_i_tgt=0.1000 cc_u=0.5261 cc_r=5.2011 cc_tau_ms=7.00
[  87.035] [ADC1] STATUS
[  87.719] [STATUS] t_ms=2384712 hwm=5 cap=256 dropped=0 dropped_total=29852 crc_err=0 crc_err_total=0 rate1=512 rate2=512 prod1=512 prod2=512 dac_err=0 tx_drop=1034527 hb_ms=0 sma_state=6 m7_us=2459848411 m4_us=2457654053 vdd=5.067 offset=0.5000 aref=3.145 loop_us_avg=93 loop_us_max=5404 loop_hz=10752 cycle_log_ms=1 n_cycle=4 cc=1 cc_hz=1025 cc_i_tgt=0.1000 cc_u=0.5008 cc_r=4.9794 cc_tau_ms=7.00
[  88.035] [ADC1] STATUS
[  88.782] [STATUS] t_ms=2385712 hwm=5 cap=256 dropped=0 dropped_total=29852 crc_err=0 crc_err_total=0 rate1=512 rate2=512 prod1=512 prod2=512 dac_err=0 tx_drop=1034527 hb_ms=0 sma_state=6 m7_us=2460879875 m4_us=2458685515 vdd=5.067 offset=0.5000 aref=3.145 loop_us_avg=94 loop_us_max=5515 loop_hz=10638 cycle_log_ms=1 n_cycle=4 cc=1 cc_hz=1025 cc_i_tgt=0.1000 cc_u=0.5169 cc_r=5.0403 cc_tau_ms=7.00
[  89.032] [ADC1] STATUS
[  89.779] [STATUS] t_ms=2386712 hwm=5 cap=256 dropped=0 dropped_total=29852 crc_err=0 crc_err_total=0 rate1=512 rate2=512 prod1=512 prod2=512 dac_err=0 tx_drop=1034527 hb_ms=0 sma_state=6 m7_us=2461911386 m4_us=2459717032 vdd=5.067 offset=0.5000 aref=3.145 loop_us_avg=93 loop_us_max=5413 loop_hz=10752 cycle_log_ms=1 n_cycle=4 cc=1 cc_hz=1025 cc_i_tgt=0.1000 cc_u=0.5020 cc_r=5.0414 cc_tau_ms=7.00
[  90.029] [ADC1] STATUS
[  90.851] [STATUS] t_ms=2387712 hwm=5 cap=256 dropped=0 dropped_total=29852 crc_err=0 crc_err_total=0 rate1=512 rate2=512 prod1=512 prod2=512 dac_err=0 tx_drop=1034527 hb_ms=0 sma_state=6 m7_us=2462942880 m4_us=2460748533 vdd=5.067 offset=0.5000 aref=3.145 loop_us_avg=93 loop_us_max=5403 loop_hz=10752 cycle_log_ms=1 n_cycle=4 cc=1 cc_hz=1025 cc_i_tgt=0.1000 cc_u=0.5000 cc_r=4.9389 cc_tau_ms=7.00
[  91.035] alarm(s)
[  91.035] [ADC1] STATUS
[  91.844] [STATUS] t_ms=2388712 hwm=5 cap=256 dropped=0 dropped_total=29852 crc_err=0 crc_err_total=0 rate1=512 rate2=512 prod1=512 prod2=512 dac_err=0 tx_drop=1034527 hb_ms=0 sma_state=6 m7_us=2463974381 m4_us=2461780021 vdd=5.067 offset=0.5000 aref=3.145 loop_us_avg=94 loop_us_max=5403 loop_hz=10638 cycle_log_ms=1 n_cycle=4 cc=1 cc_hz=1025 cc_i_tgt=0.1000 cc_u=0.5062 cc_r=5.0714 cc_tau_ms=7.00
[  92.029] [ADC1] STATUS
[  92.901] [STATUS] t_ms=2389712 hwm=5 cap=256 dropped=0 dropped_total=29852 crc_err=0 crc_err_total=0 rate1=512 rate2=512 prod1=512 prod2=512 dac_err=0 tx_drop=1034527 hb_ms=0 sma_state=6 m7_us=2465005923 m4_us=2462811483 vdd=5.067 offset=0.5000 aref=3.145 loop_us_avg=94 loop_us_max=5403 loop_hz=10638 cycle_log_ms=1 n_cycle=4 cc=1 cc_hz=1025 cc_i_tgt=0.1000 cc_u=0.5015 cc_r=5.0045 cc_tau_ms=7.00
[  93.087] [ADC1] STATUS
[  93.471] [SMA] [ACT] -> idle (done) after 6 cycle(s); still armed
