[   0.063] [SMA] VDD_MCP=5.067 V -> range 0.500 - 5.567 V
[   0.063] [SMA] V_OFFSET=0.5000 V
[   0.063] [STATUS] t_ms=9530 hwm=256 cap=256 dropped=673 dropped_total=673 crc_err=0 crc_err_total=0 rate1=249 rate2=249 prod1=308 prod2=307 dac_err=0 tx_drop=43140 hb_ms=0 sma_state=0 m7_us=9776489 m4_us=6708577 vdd=5.067 offset=0.5000 aref=3.145 loop_us_avg=45 loop_us_max=937764 loop_hz=22222 cycle_log_ms=1 n_cycle=4 cc=0 cc_hz=0 cc_i_tgt=0.0000 cc_u=0.0000 cc_r=0.0000 cc_tau_ms=7.00
[   0.063] [SMA] ISENSE_OFFSET=0.0167 V
[   0.063] [SMA] ARMED (MOSFET on); idle=0.500 V
[   0.063] [SMA] [CC] start i_high=106.0mA i_low=0.0mA t_high=20000 t_idle=0 n=1 (0=cont) tau_ms=7.0 wdt_ms=5000
[   0.063] [SMA] [ACT] heat n=1/1 I=106.0mA ms=20000
[   0.506] [
[   1.079] [STATUS] t_ms=10530 hwm=195 cap=256 dropped=0 dropped_total=673 crc_err=0 crc_err_total=0 rate1=608 rate2=606 prod1=512 prod2=513 dac_err=0 tx_drop=43140 hb_ms=0 sma_state=5 m7_us=10810197 m4_us=8616735 vdd=5.067 offset=0.5000 aref=3.145 loop_us_avg=94 loop_us_max=4890 loop_hz=10638 cycle_log_ms=1 n_cycle=4 cc=1 cc_hz=1018 cc_i_tgt=0.1060 cc_u=0.5199 cc_r=4.9882 cc_tau_ms=7.00
[   1.519] [ADC1] STATU
[   1.519] S alarm(s): 0x49
[   2.092] [STATUS] t_ms=11530 hwm=3 cap=256 dropped=0 dropped_total=673 crc_err=0 crc_err_total=0 rate1=512 rate2=512 prod1=512 prod2=512 dac_err=0 tx_drop=43140 hb_ms=0 sma_state=5 m7_us=11843563 m4_us=9650066 vdd=5.067 offset=0.5000 aref=3.145 loop_us_avg=93 loop_us_max=2872 loop_hz=10752 cycle_log_ms=1 n_cycle=4 cc=1 cc_hz=1026 cc_i_tgt=0.1060 cc_u=0.5123 cc_r=4.9297 cc_tau_ms=7.00
[   3.167] [STATUS] t_ms=12530 hwm=3 cap=256 dropped=0 dropped_total=673 crc_err=0 crc_err_total=0 rate1=512 rate2=512 prod1=512 prod2=512 dac_err=0 tx_drop=43140 hb_ms=0 sma_state=5 m7_us=12876951 m4_us=10683432 vdd=5.067 offset=0.5000 aref=3.145 loop_us_avg=93 loop_us_max=2917 loop_hz=10752 cycle_log_ms=1 n_cycle=4 cc=1 cc_hz=1026 cc_i_tgt=0.1060 cc_u=0.5346 cc_r=5.0028 cc_tau_ms=7.00
[   4.180] [STATUS] t_ms=13530 hwm=3 cap=256 dropped=0 dropped_total=673 crc_err=0 crc_err_total=0 rate1=512 rate2=512 prod1=512 prod2=512 dac_err=0 tx_drop=43140 hb_ms=0 sma_state=5 m7_us=13910332 m4_us=11716799 vdd=5.067 offset=0.5000 aref=3.145 loop_us_avg=93 loop_us_max=2913 loop_hz=10752 cycle_log_ms=1 n_cycle=4 cc=1 cc_hz=1026 cc_i_tgt=0.1060 cc_u=0.5331 cc_r=4.9580 cc_tau_ms=7.00
[   5.193] [STATUS] t_ms=14530 hwm=3 cap=256 dropped=0 dropped_total=673 crc_err=0 crc_err_total=0 rate1=512 rate2=512 prod1=512 prod2=512 dac_err=0 tx_drop=43140 hb_ms=0 sma_state=5 m7_us=14943640 m4_us=12750159 vdd=5.067 offset=0.5000 aref=3.145 loop_us_avg=93 loop_us_max=2830 loop_hz=10752 cycle_log_ms=1 n_cycle=4 cc=1 cc_hz=1026 cc_i_tgt=0.1060 cc_u=0.5136 cc_r=4.8974 cc_tau_ms=7.00
[   5.572] [ADC1] STA
[   6.207] [STATUS] t_ms=15530 hwm=3 cap=256 dropped=0 dropped_total=673 crc_err=0 crc_err_total=0 rate1=512 rate2=512 prod1=512 prod2=512 dac_err=0 tx_drop=43140 hb_ms=0 sma_state=5 m7_us=15976985 m4_us=13783484 vdd=5.067 offset=0.5000 aref=3.145 loop_us_avg=92 loop_us_max=2793 loop_hz=10869 cycle_log_ms=1 n_cycle=4 cc=1 cc_hz=1026 cc_i_tgt=0.1060 cc_u=0.5392 cc_r=5.0309 cc_tau_ms=7.00
[   7.284] [STATUS] t_ms=16530 hwm=3 cap=256 dropped=0 dropped_total=673 crc_err=0 crc_err_total=0 rate1=512 rate2=512 prod1=512 prod2=512 dac_err=0 tx_drop=43140 hb_ms=0 sma_state=5 m7_us=17009990 m4_us=14816837 vdd=5.067 offset=0.5000 aref=3.145 loop_us_avg=93 loop_us_max=2910 loop_hz=10752 cycle_log_ms=1 n_cycle=4 cc=1 cc_hz=1026 cc_i_tgt=0.1060 cc_u=0.5126 cc_r=4.9075 cc_tau_ms=7.00
[   7.539] [A
[   8.303] [STATUS] t_ms=17530 hwm=2 cap=256 dropped=0 dropped_total=673 crc_err=0 crc_err_total=0 rate1=512 rate2=512 prod1=512 prod2=512 dac_err=0 tx_drop=43140 hb_ms=0 sma_state=5 m7_us=18043745 m4_us=15850204 vdd=5.067 offset=0.5000 aref=3.145 loop_us_avg=92 loop_us_max=2795 loop_hz=10869 cycle_log_ms=1 n_cycle=4 cc=1 cc_hz=1029 cc_i_tgt=0.1060 cc_u=0.5416 cc_r=5.0456 cc_tau_ms=7.00
[   9.316] [STATUS] t_ms=18530 hwm=3 cap=256 dropped=0 dropped_total=673 crc_err=0 crc_err_total=0 rate1=512 rate2=512 prod1=512 prod2=512 dac_err=0 tx_drop=43140 hb_ms=0 sma_state=5 m7_us=19077007 m4_us=16883548 vdd=5.067 offset=0.5000 aref=3.145 loop_us_avg=92 loop_us_max=2873 loop_hz=10869 cycle_log_ms=1 n_cycle=4 cc=1 cc_hz=1026 cc_i_tgt=0.1060 cc_u=0.5262 cc_r=5.0077 cc_tau_ms=7.00
[  10.392] [STATUS] t_ms=19530 hwm=3 cap=256 dropped=0 dropped_total=673 crc_err=0 crc_err_total=0 rate1=512 rate2=512 prod1=512 prod2=512 dac_err=0 tx_drop=43140 hb_ms=0 sma_state=5 m7_us=20110395 m4_us=17916892 vdd=5.067 offset=0.5000 aref=3.145 loop_us_avg=92 loop_us_max=2819 loop_hz=10869 cycle_log_ms=1 n_cycle=4 cc=1 cc_hz=1026 cc_i_tgt=0.1060 cc_u=0.5062 cc_r=4.9570 cc_tau_ms=7.00
[  11.406] [STATUS] t_ms=20530 hwm=3 cap=256 dropped=0 dropped_total=673 crc_err=0 crc_err_total=0 rate1=512 rate2=512 prod1=512 prod2=512 dac_err=0 tx_drop=43140 hb_ms=0 sma_state=5 m7_us=21143831 m4_us=18950236 vdd=5.067 offset=0.5000 aref=3.145 loop_us_avg=93 loop_us_max=2794 loop_hz=10752 cycle_log_ms=1 n_cycle=4 cc=1 cc_hz=1026 cc_i_tgt=0.1060 cc_u=0.5312 cc_r=4.9899 cc_tau_ms=7.00
[  12.418] [STATUS] t_ms=21530 hwm=3 cap=256 dropped=0 dropped_total=673 crc_err=0 crc_err_total=0 rate1=512 rate2=512 prod1=512 prod2=512 dac_err=0 tx_drop=43140 hb_ms=0 sma_state=5 m7_us=22177055 m4_us=19983570 vdd=5.067 offset=0.5000 aref=3.145 loop_us_avg=93 loop_us_max=3192 loop_hz=10752 cycle_log_ms=1 n_cycle=4 cc=1 cc_hz=1027 cc_i_tgt=0.1060 cc_u=0.5147 cc_r=4.9341 cc_tau_ms=7.00
[  13.495] [STATUS] t_ms=22530 hwm=3 cap=256 dropped=0 dropped_total=673 crc_err=0 crc_err_total=0 rate1=512 rate2=512 prod1=512 prod2=512 dac_err=0 tx_drop=43140 hb_ms=0 sma_state=5 m7_us=23210301 m4_us=21016850 vdd=5.067 offset=0.5000 aref=3.145 loop_us_avg=92 loop_us_max=2864 loop_hz=10869 cycle_log_ms=1 n_cycle=4 cc=1 cc_hz=1026 cc_i_tgt=0.1060 cc_u=0.5389 cc_r=4.9988 cc_tau_ms=7.00
[  14.504] [STATUS] t_ms=23530 hwm=3 cap=256 dropped=0 dropped_total=673 crc_err=0 crc_err_total=0 rate1=512 rate2=512 prod1=512 prod2=512 dac_err=0 tx_drop=43140 hb_ms=0 sma_state=5 m7_us=24243311 m4_us=22050143 vdd=5.067 offset=0.5000 aref=3.145 loop_us_avg=94 loop_us_max=2837 loop_hz=10638 cycle_log_ms=1 n_cycle=4 cc=1 cc_hz=1026 cc_i_tgt=0.1060 cc_u=0.5514 cc_r=5.0161 cc_tau_ms=7.00
[  15.517] [STATUS] t_ms=24530 hwm=3 cap=256 dropped=0 dropped_total=673 crc_err=0 crc_err_total=0 rate1=512 rate2=512 prod1=512 prod2=512 dac_err=0 tx_drop=43140 hb_ms=0 sma_state=5 m7_us=25276950 m4_us=23083442 vdd=5.067 offset=0.5000 aref=3.145 loop_us_avg=94 loop_us_max=2959 loop_hz=10638 cycle_log_ms=1 n_cycle=4 cc=1 cc_hz=1029 cc_i_tgt=0.1060 cc_u=0.5418 cc_r=5.0026 cc_tau_ms=7.00
[  15.643] [ADC1
[  15.643] ] STATUS alarm(s):
[  16.589] [STATUS] t_ms=25530 hwm=3 cap=256 dropped=0 dropped_total=673 crc_err=0 crc_err_total=0 rate1=512 rate2=512 prod1=512 prod2=512 dac_err=0 tx_drop=43140 hb_ms=0 sma_state=5 m7_us=26310308 m4_us=24116712 vdd=5.067 offset=0.5000 aref=3.145 loop_us_avg=92 loop_us_max=2916 loop_hz=10869 cycle_log_ms=1 n_cycle=4 cc=1 cc_hz=1026 cc_i_tgt=0.1060 cc_u=0.5000 cc_r=4.8594 cc_tau_ms=7.00
[  17.605] [STATUS] t_ms=26530 hwm=3 cap=256 dropped=0 dropped_total=673 crc_err=0 crc_err_total=0 rate1=512 rate2=512 prod1=512 prod2=512 dac_err=0 tx_drop=43140 hb_ms=0 sma_state=5 m7_us=27343629 m4_us=25149976 vdd=5.067 offset=0.5000 aref=3.145 loop_us_avg=95 loop_us_max=3223 loop_hz=10526 cycle_log_ms=1 n_cycle=4 cc=1 cc_hz=1027 cc_i_tgt=0.1060 cc_u=0.5259 cc_r=4.9605 cc_tau_ms=7.00
[  18.615] [STATUS] t_ms=27530 hwm=3 cap=256 dropped=0 dropped_total=673 crc_err=0 crc_err_total=0 rate1=512 rate2=512 prod1=512 prod2=512 dac_err=0 tx_drop=43140 hb_ms=0 sma_state=5 m7_us=28376818 m4_us=26183272 vdd=5.067 offset=0.5000 aref=3.145 loop_us_avg=94 loop_us_max=3227 loop_hz=10638 cycle_log_ms=1 n_cycle=4 cc=1 cc_hz=1027 cc_i_tgt=0.1060 cc_u=0.5323 cc_r=4.9840 cc_tau_ms=7.00
[  19.688] [STATUS] t_ms=28530 hwm=3 cap=256 dropped=0 dropped_total=673 crc_err=0 crc_err_total=0 rate1=512 rate2=512 prod1=512 prod2=512 dac_err=0 tx_drop=43140 hb_ms=0 sma_state=5 m7_us=29410004 m4_us=27216549 vdd=5.067 offset=0.5000 aref=3.145 loop_us_avg=93 loop_us_max=2877 loop_hz=10752 cycle_log_ms=1 n_cycle=4 cc=1 cc_hz=1026 cc_i_tgt=0.1060 cc_u=0.5387 cc_r=4.9645 cc_tau_ms=7.00
[  20.703] [STATUS] t_ms=29530 hwm=3 cap=256 dropped=0 dropped_total=673 crc_err=0 crc_err_total=0 rate1=512 rate2=512 prod1=512 prod2=512 dac_err=0 tx_drop=43140 hb_ms=0 sma_state=5 m7_us=30443331 m4_us=28249852 vdd=5.067 offset=0.5000 aref=3.145 loop_us_avg=94 loop_us_max=2808 loop_hz=10638 cycle_log_ms=1 n_cycle=4 cc=1 cc_hz=1026 cc_i_tgt=0.1060 cc_u=0.5291 cc_r=5.0276 cc_tau_ms=7.00
[  20.703] [SMA] [ACT] cool n=1/1 I=0.0mA ms=0
[  20.703] [SMA] [ACT] -> idle (done) after 1 cycle(s); still armed
