[   0.064] [SMA] ARMED (MOSFET on); idle=0.500 V
[   0.065] ALM
[   0.065] [ADC1] STATUS ala
[   0.065] rm(s): 0xC9 PG
[   0.065] AL_
[   0.065] [STATUS] t_ms=492537 hwm=72 cap=256 dropped=0 dropped_total=8099 crc_err=0 crc_err_total=0 rate1=506 rate2=506 prod1=511 prod2=511 dac_err=0 tx_drop=376 hb_ms=0 sma_state=0 m7_us=508087465 m4_us=505882779 vdd=5.067 offset=0.5000 aref=3.145 loop_us_avg=23 loop_us_max=73307 loop_hz=43478 cycle_log_ms=1 n_cycle=4 cc=0 cc_hz=0 cc_i_tgt=0.1000 cc_u=0.5299 cc_r=5.0745 cc_tau_ms=7.00
[   0.880] ALM
[   0.880] [ADC1]
[   0.880] STATUS alarm(s
[   1.069] [STATUS] t_ms=493537 hwm=14 cap=256 dropped=0 dropped_total=8099 crc_err=0 crc_err_total=0 rate1=516 rate2=517 prod1=512 prod2=512 dac_err=0 tx_drop=376 hb_ms=0 sma_state=0 m7_us=509119309 m4_us=506924827 vdd=5.067 offset=0.5000 aref=3.145 loop_us_avg=22 loop_us_max=6661 loop_hz=45454 cycle_log_ms=1 n_cycle=4 cc=0 cc_hz=0 cc_i_tgt=0.1000 cc_u=0.5299 cc_r=5.0745 cc_tau_ms=7.00
[   1.887] AL
[   1.887] M
[   1.887] [ADC1] STATUS
[   1.887] alarm(s): 0xC9
[   0.063] [SMA] [CC] start i_high=550.0mA i_low=100.0mA t_high=300 t_idle=15000 n=6 (0=cont) tau_ms=7.0 wdt_ms=5000
[   0.063] [SMA] [ACT] heat n=1/6 I=550.0mA ms=300
[   0.063] [STATUS] t_ms=494537 hwm=5 cap=256 dropped=0 dropped_total=8099 crc_err=0 crc_err_total=0 rate1=512 rate2=512 prod1=512 prod2=512 dac_err=0 tx_drop=376 hb_ms=0 sma_state=5 m7_us=510151277 m4_us=507956783 vdd=5.067 offset=0.5000 aref=3.145 loop_us_avg=23 loop_us_max=4632 loop_hz=43478 cycle_log_ms=1 n_cycle=4 cc=1 cc_hz=49 cc_i_tgt=0.5500 cc_u=0.6659 cc_r=0.0000 cc_tau_ms=7.00
[   0.316] [SMA] [ACT] cool n=1/6 I=100.0mA ms=15000
[   0.881] ALM
[   1.133] [STATUS] t_ms=495537 hwm=6 cap=256 dropped=0 dropped_total=8099 crc_err=0 crc_err_total=0 rate1=513 rate2=512 prod1=513 prod2=512 dac_err=0 tx_drop=376 hb_ms=0 sma_state=6 m7_us=511183831 m4_us=508989700 vdd=5.067 offset=0.5000 aref=3.145 loop_us_avg=88 loop_us_max=5423 loop_hz=11363 cycle_log_ms=1 n_cycle=4 cc=1 cc_hz=1024 cc_i_tgt=0.1000 cc_u=0.6788 cc_r=0.0000 cc_tau_ms=7.00
[   1.889] ALM
[   2.144] [STATUS] t_ms=496537 hwm=5 cap=256 dropped=0 dropped_total=8099 crc_err=0 crc_err_total=0 rate1=511 rate2=512 prod1=511 prod2=512 dac_err=0 tx_drop=376 hb_ms=0 sma_state=6 m7_us=512215028 m4_us=510020533 vdd=5.067 offset=0.5000 aref=3.145 loop_us_avg=93 loop_us_max=5379 loop_hz=10752 cycle_log_ms=1 n_cycle=4 cc=1 cc_hz=1026 cc_i_tgt=0.1000 cc_u=0.5352 cc_r=5.1639 cc_tau_ms=7.00
[   2.903] ALM
[   2.903] [
[   2.903] ADC1] STATUS alarm
[   3.154] [STATUS] t_ms=497537 hwm=5 cap=256 dropped=0 dropped_total=8099 crc_err=0 crc_err_total=0 rate1=513 rate2=512 prod1=513 prod2=512 dac_err=0 tx_drop=376 hb_ms=0 sma_state=6 m7_us=513247506 m4_us=511053354 vdd=5.067 offset=0.5000 aref=3.145 loop_us_avg=92 loop_us_max=5333 loop_hz=10869 cycle_log_ms=1 n_cycle=4 cc=1 cc_hz=1026 cc_i_tgt=0.1000 cc_u=0.5207 cc_r=5.0028 cc_tau_ms=7.00
[   3.911] ALM
[   4.228] [STATUS] t_ms=498537 hwm=5 cap=256 dropped=0 dropped_total=8099 crc_err=0 crc_err_total=0 rate1=511 rate2=512 prod1=511 prod2=512 dac_err=0 tx_drop=376 hb_ms=0 sma_state=6 m7_us=514278612 m4_us=512084136 vdd=5.067 offset=0.5000 aref=3.145 loop_us_avg=92 loop_us_max=5401 loop_hz=10869 cycle_log_ms=1 n_cycle=4 cc=1 cc_hz=1026 cc_i_tgt=0.1000 cc_u=0.5086 cc_r=5.0781 cc_tau_ms=7.00
[   4.925] ALM
[   5.241] [STATUS] t_ms=499537 hwm=5 cap=256 dropped=0 dropped_total=8099 crc_err=0 crc_err_total=0 rate1=513 rate2=512 prod1=513 prod2=512 dac_err=0 tx_drop=376 hb_ms=0 sma_state=6 m7_us=515311130 m4_us=513116897 vdd=5.067 offset=0.5000 aref=3.145 loop_us_avg=94 loop_us_max=5323 loop_hz=10638 cycle_log_ms=1 n_cycle=4 cc=1 cc_hz=1026 cc_i_tgt=0.1000 cc_u=0.5000 cc_r=5.1008 cc_tau_ms=7.00
[   5.932] ALM
[   5.932] [ADC1] STATUS ala
[   6.307] [STATUS] t_ms=500537 hwm=5 cap=256 dropped=0 dropped_total=8099 crc_err=0 crc_err_total=0 rate1=512 rate2=512 prod1=512 prod2=512 dac_err=0 tx_drop=376 hb_ms=0 sma_state=6 m7_us=516342814 m4_us=514148666 vdd=5.067 offset=0.5000 aref=3.145 loop_us_avg=92 loop_us_max=5489 loop_hz=10869 cycle_log_ms=1 n_cycle=4 cc=1 cc_hz=1025 cc_i_tgt=0.1000 cc_u=0.5008 cc_r=5.1253 cc_tau_ms=7.00
[   6.933] ALM
[   7.314] [STATUS] t_ms=501537 hwm=5 cap=256 dropped=0 dropped_total=8099 crc_err=0 crc_err_total=0 rate1=511 rate2=512 prod1=511 prod2=512 dac_err=0 tx_drop=376 hb_ms=0 sma_state=6 m7_us=517373926 m4_us=515179423 vdd=5.067 offset=0.5000 aref=3.145 loop_us_avg=94 loop_us_max=5408 loop_hz=10638 cycle_log_ms=1 n_cycle=4 cc=1 cc_hz=1026 cc_i_tgt=0.1000 cc_u=0.5450 cc_r=5.0738 cc_tau_ms=7.00
[   7.963] ALM
[   7.963] [ADC1] STATUS a
[   8.335] [STATUS] t_ms=502537 hwm=22 cap=256 dropped=0 dropped_total=8099 crc_err=0 crc_err_total=0 rate1=513 rate2=512 prod1=513 prod2=512 dac_err=0 tx_drop=376 hb_ms=0 sma_state=6 m7_us=518406370 m4_us=516212222 vdd=5.067 offset=0.5000 aref=3.145 loop_us_avg=95 loop_us_max=22108 loop_hz=10526 cycle_log_ms=1 n_cycle=4 cc=1 cc_hz=1004 cc_i_tgt=0.1000 cc_u=0.5054 cc_r=5.0908 cc_tau_ms=7.00
[   8.964] ALM
[   9.407] [STATUS] t_ms=503537 hwm=5 cap=256 dropped=0 dropped_total=8099 crc_err=0 crc_err_total=0 rate1=512 rate2=512 prod1=512 prod2=512 dac_err=0 tx_drop=376 hb_ms=0 sma_state=6 m7_us=519438140 m4_us=517243985 vdd=5.067 offset=0.5000 aref=3.145 loop_us_avg=94 loop_us_max=5512 loop_hz=10638 cycle_log_ms=1 n_cycle=4 cc=1 cc_hz=1025 cc_i_tgt=0.1000 cc_u=0.5194 cc_r=5.0830 cc_tau_ms=7.00
[   9.977] ALM
[  10.419] [STATUS] t_ms=504537 hwm=5 cap=256 dropped=0 dropped_total=8099 crc_err=0 crc_err_total=0 rate1=512 rate2=512 prod1=512 prod2=512 dac_err=0 tx_drop=376 hb_ms=0 sma_state=6 m7_us=520469885 m4_us=518275729 vdd=5.067 offset=0.5000 aref=3.145 loop_us_avg=93 loop_us_max=5471 loop_hz=10752 cycle_log_ms=1 n_cycle=4 cc=1 cc_hz=1026 cc_i_tgt=0.1000 cc_u=0.5265 cc_r=5.1450 cc_tau_ms=7.00
[  10.987] ALM
[  11.429] [STATUS] t_ms=505537 hwm=5 cap=256 dropped=0 dropped_total=8099 crc_err=0 crc_err_total=0 rate1=512 rate2=512 prod1=512 prod2=512 dac_err=0 tx_drop=376 hb_ms=0 sma_state=6 m7_us=521501622 m4_us=519307466 vdd=5.067 offset=0.5000 aref=3.145 loop_us_avg=93 loop_us_max=5636 loop_hz=10752 cycle_log_ms=1 n_cycle=4 cc=1 cc_hz=1025 cc_i_tgt=0.1000 cc_u=0.5075 cc_r=4.9760 cc_tau_ms=7.00
[  11.998] ALM
[  11.998] [ADC1] STATU
[  11.998] S alarm(s): 0x49 P
[  11.998] GAL_
[  12.439] [STATUS] t_ms=506537 hwm=5 cap=256 dropped=0 dropped_total=8099 crc_err=0 crc_err_total=0 rate1=512 rate2=512 prod1=512 prod2=512 dac_err=0 tx_drop=376 hb_ms=0 sma_state=6 m7_us=522533679 m4_us=520339201 vdd=5.067 offset=0.5000 aref=3.145 loop_us_avg=94 loop_us_max=5404 loop_hz=10638 cycle_log_ms=1 n_cycle=4 cc=1 cc_hz=1026 cc_i_tgt=0.1000 cc_u=0.5000 cc_r=5.1491 cc_tau_ms=7.00
[  13.007] ALM
[  13.508] [STATUS] t_ms=507537 hwm=5 cap=256 dropped=0 dropped_total=8099 crc_err=0 crc_err_total=0 rate1=512 rate2=512 prod1=512 prod2=512 dac_err=0 tx_drop=376 hb_ms=0 sma_state=6 m7_us=523565076 m4_us=521370922 vdd=5.067 offset=0.5000 aref=3.145 loop_us_avg=93 loop_us_max=5422 loop_hz=10752 cycle_log_ms=1 n_cycle=4 cc=1 cc_hz=1025 cc_i_tgt=0.1000 cc_u=0.5046 cc_r=5.0343 cc_tau_ms=7.00
[  14.013] ALM
[  14.516] [STATUS] t_ms=508537 hwm=5 cap=256 dropped=0 dropped_total=8099 crc_err=0 crc_err_total=0 rate1=511 rate2=512 prod1=511 prod2=512 dac_err=0 tx_drop=376 hb_ms=0 sma_state=6 m7_us=524596170 m4_us=522401685 vdd=5.067 offset=0.5000 aref=3.145 loop_us_avg=92 loop_us_max=5397 loop_hz=10869 cycle_log_ms=1 n_cycle=4 cc=1 cc_hz=1026 cc_i_tgt=0.1000 cc_u=0.5189 cc_r=5.0221 cc_tau_ms=7.00
[  15.020] ALM
[  15.592] [STATUS] t_ms=509537 hwm=5 cap=256 dropped=0 dropped_total=8099 crc_err=0 crc_err_total=0 rate1=513 rate2=512 prod1=513 prod2=512 dac_err=0 tx_drop=376 hb_ms=0 sma_state=6 m7_us=525628574 m4_us=523434407 vdd=5.067 offset=0.5000 aref=3.145 loop_us_avg=94 loop_us_max=5323 loop_hz=10638 cycle_log_ms=1 n_cycle=4 cc=1 cc_hz=1026 cc_i_tgt=0.1000 cc_u=0.5000 cc_r=4.8560 cc_tau_ms=7.00
[  15.844] [SMA] [ACT] heat n=2/6 I=550.0mA ms=300
[  16.034] ALM
[  16.160] [SMA] [ACT] cool n=2/6 I=100.0mA ms=15000
[  16.600] [STATUS] t_ms=510537 hwm=5 cap=256 dropped=0 dropped_total=8099 crc_err=0 crc_err_total=0 rate1=511 rate2=512 prod1=511 prod2=512 dac_err=0 tx_drop=376 hb_ms=0 sma_state=6 m7_us=526659630 m4_us=524465154 vdd=5.067 offset=0.5000 aref=3.145 loop_us_avg=93 loop_us_max=5422 loop_hz=10752 cycle_log_ms=1 n_cycle=4 cc=1 cc_hz=1024 cc_i_tgt=0.1000 cc_u=0.5340 cc_r=5.1097 cc_tau_ms=7.00
[  17.043] ALM
[  17.614] [STATUS] t_ms=511537 hwm=5 cap=256 dropped=0 dropped_total=8099 crc_err=0 crc_err_total=0 rate1=513 rate2=512 prod1=513 prod2=512 dac_err=0 tx_drop=376 hb_ms=0 sma_state=6 m7_us=527692064 m4_us=525497911 vdd=5.067 offset=0.5000 aref=3.145 loop_us_avg=93 loop_us_max=5332 loop_hz=10752 cycle_log_ms=1 n_cycle=4 cc=1 cc_hz=1026 cc_i_tgt=0.1000 cc_u=0.5276 cc_r=5.0856 cc_tau_ms=7.00
[  18.059] ALM
[  18.630] [STATUS] t_ms=512537 hwm=5 cap=256 dropped=0 dropped_total=8099 crc_err=0 crc_err_total=0 rate1=512 rate2=512 prod1=512 prod2=512 dac_err=0 tx_drop=376 hb_ms=0 sma_state=6 m7_us=528724096 m4_us=526529626 vdd=5.067 offset=0.5000 aref=3.145 loop_us_avg=93 loop_us_max=5399 loop_hz=10752 cycle_log_ms=1 n_cycle=4 cc=1 cc_hz=1026 cc_i_tgt=0.1000 cc_u=0.5108 cc_r=5.0385 cc_tau_ms=7.00
[  19.072] ALM
[  19.072] [ADC
[  19.701] [STATUS] t_ms=513537 hwm=5 cap=256 dropped=0 dropped_total=8099 crc_err=0 crc_err_total=0 rate1=512 rate2=512 prod1=512 prod2=512 dac_err=0 tx_drop=376 hb_ms=0 sma_state=6 m7_us=529755476 m4_us=527561332 vdd=5.067 offset=0.5000 aref=3.145 loop_us_avg=93 loop_us_max=5416 loop_hz=10752 cycle_log_ms=1 n_cycle=4 cc=1 cc_hz=1025 cc_i_tgt=0.1000 cc_u=0.5087 cc_r=5.0538 cc_tau_ms=7.00
[  20.080] ALM
[  20.708] [STATUS] t_ms=514537 hwm=5 cap=256 dropped=0 dropped_total=8099 crc_err=0 crc_err_total=0 rate1=512 rate2=512 prod1=512 prod2=512 dac_err=0 tx_drop=376 hb_ms=0 sma_state=6 m7_us=530787163 m4_us=528593009 vdd=5.067 offset=0.5000 aref=3.145 loop_us_avg=93 loop_us_max=5430 loop_hz=10752 cycle_log_ms=1 n_cycle=4 cc=1 cc_hz=1025 cc_i_tgt=0.1000 cc_u=0.5004 cc_r=5.0635 cc_tau_ms=7.00
[  21.087] ALM
[  21.778] [STATUS] t_ms=515537 hwm=5 cap=256 dropped=0 dropped_total=8099 crc_err=0 crc_err_total=0 rate1=512 rate2=512 prod1=512 prod2=512 dac_err=0 tx_drop=376 hb_ms=0 sma_state=6 m7_us=531818844 m4_us=529624695 vdd=5.067 offset=0.5000 aref=3.145 loop_us_avg=94 loop_us_max=5418 loop_hz=10638 cycle_log_ms=1 n_cycle=4 cc=1 cc_hz=1025 cc_i_tgt=0.1000 cc_u=0.5092 cc_r=5.1028 cc_tau_ms=7.00
[  22.095] ALM
[  22.095] [ADC1] STATUS alar
[  22.781] [STATUS] t_ms=516537 hwm=5 cap=256 dropped=0 dropped_total=8099 crc_err=0 crc_err_total=0 rate1=512 rate2=512 prod1=512 prod2=512 dac_err=0 tx_drop=376 hb_ms=0 sma_state=6 m7_us=532850897 m4_us=530656417 vdd=5.067 offset=0.5000 aref=3.145 loop_us_avg=93 loop_us_max=5398 loop_hz=10752 cycle_log_ms=1 n_cycle=4 cc=1 cc_hz=1026 cc_i_tgt=0.1000 cc_u=0.5059 cc_r=4.9998 cc_tau_ms=7.00
[  23.097] ALM
[  23.789] [STATUS] t_ms=517537 hwm=5 cap=256 dropped=0 dropped_total=8099 crc_err=0 crc_err_total=0 rate1=512 rate2=512 prod1=512 prod2=512 dac_err=0 tx_drop=376 hb_ms=0 sma_state=6 m7_us=533882299 m4_us=531688151 vdd=5.067 offset=0.5000 aref=3.145 loop_us_avg=92 loop_us_max=5410 loop_hz=10869 cycle_log_ms=1 n_cycle=4 cc=1 cc_hz=1025 cc_i_tgt=0.1000 cc_u=0.5163 cc_r=5.1494 cc_tau_ms=7.00
[  24.105] ALM
[  24.861] [STATUS] t_ms=518537 hwm=5 cap=256 dropped=0 dropped_total=8099 crc_err=0 crc_err_total=0 rate1=512 rate2=512 prod1=512 prod2=512 dac_err=0 tx_drop=376 hb_ms=0 sma_state=6 m7_us=534914033 m4_us=532719841 vdd=5.067 offset=0.5000 aref=3.145 loop_us_avg=93 loop_us_max=5527 loop_hz=10752 cycle_log_ms=1 n_cycle=4 cc=1 cc_hz=1025 cc_i_tgt=0.1000 cc_u=0.5227 cc_r=5.1646 cc_tau_ms=7.00
[  25.115] ALM
[  25.873] [STATUS] t_ms=519537 hwm=5 cap=256 dropped=0 dropped_total=8099 crc_err=0 crc_err_total=0 rate1=512 rate2=512 prod1=512 prod2=512 dac_err=0 tx_drop=376 hb_ms=0 sma_state=6 m7_us=535945671 m4_us=533751518 vdd=5.067 offset=0.5000 aref=3.145 loop_us_avg=92 loop_us_max=5438 loop_hz=10869 cycle_log_ms=1 n_cycle=4 cc=1 cc_hz=1025 cc_i_tgt=0.1000 cc_u=0.5091 cc_r=5.0894 cc_tau_ms=7.00
[  26.127] ALM
[  26.885] [STATUS] t_ms=520537 hwm=5 cap=256 dropped=0 dropped_total=8099 crc_err=0 crc_err_total=0 rate1=512 rate2=512 prod1=512 prod2=512 dac_err=0 tx_drop=376 hb_ms=0 sma_state=6 m7_us=536977514 m4_us=534783223 vdd=5.067 offset=0.5000 aref=3.145 loop_us_avg=92 loop_us_max=5514 loop_hz=10869 cycle_log_ms=1 n_cycle=4 cc=1 cc_hz=1025 cc_i_tgt=0.1000 cc_u=0.5387 cc_r=5.1708 cc_tau_ms=7.00
[  27.076] ALM
[  27.076] [ADC1] STAT
[  27.138] US alarm(s): 0xC9
[  27.956] [STATUS] t_ms=521537 hwm=5 cap=256 dropped=0 dropped_total=8099 crc_err=0 crc_err_total=0 rate1=512 rate2=512 prod1=512 prod2=512 dac_err=0 tx_drop=376 hb_ms=0 sma_state=6 m7_us=538009032 m4_us=535814881 vdd=5.067 offset=0.5000 aref=3.145 loop_us_avg=94 loop_us_max=5629 loop_hz=10638 cycle_log_ms=1 n_cycle=4 cc=1 cc_hz=1025 cc_i_tgt=0.1000 cc_u=0.5000 cc_r=4.9585 cc_tau_ms=7.00
[  28.144] ALM
[  28.963] [STATUS] t_ms=522537 hwm=5 cap=256 dropped=0 dropped_total=8099 crc_err=0 crc_err_total=0 rate1=512 rate2=512 prod1=512 prod2=512 dac_err=0 tx_drop=376 hb_ms=0 sma_state=6 m7_us=539040851 m4_us=536846545 vdd=5.067 offset=0.5000 aref=3.145 loop_us_avg=94 loop_us_max=5725 loop_hz=10638 cycle_log_ms=1 n_cycle=4 cc=1 cc_hz=1025 cc_i_tgt=0.1000 cc_u=0.5024 cc_r=4.9582 cc_tau_ms=7.00
[  29.091] ALM
[  30.030] [STATUS] t_ms=523537 hwm=6 cap=256 dropped=0 dropped_total=8099 crc_err=0 crc_err_total=0 rate1=512 rate2=512 prod1=512 prod2=512 dac_err=0 tx_drop=376 hb_ms=0 sma_state=6 m7_us=540072360 m4_us=537878206 vdd=5.067 offset=0.5000 aref=3.145 loop_us_avg=94 loop_us_max=5838 loop_hz=10638 cycle_log_ms=1 n_cycle=4 cc=1 cc_hz=1025 cc_i_tgt=0.1000 cc_u=0.5000 cc_r=5.0868 cc_tau_ms=7.00
[  30.156] ALM
[  31.035] [STATUS] t_ms=524537 hwm=5 cap=256 dropped=0 dropped_total=8099 crc_err=0 crc_err_total=0 rate1=512 rate2=512 prod1=512 prod2=512 dac_err=0 tx_drop=376 hb_ms=0 sma_state=6 m7_us=541104285 m4_us=538909892 vdd=5.067 offset=0.5000 aref=3.145 loop_us_avg=92 loop_us_max=5570 loop_hz=10869 cycle_log_ms=1 n_cycle=4 cc=1 cc_hz=1025 cc_i_tgt=0.1000 cc_u=0.5244 cc_r=5.0789 cc_tau_ms=7.00
[  31.162] ALM
[  31.596] [SMA] [ACT] heat n=3/6 I=550.0mA ms=300
[  31.913] [SMA] [ACT] cool n=3/6 I=100.0mA ms=15000
[  32.103] [STATUS] t_ms=525537 hwm=5 cap=256 dropped=0 dropped_total=8099 crc_err=0 crc_err_total=0 rate1=512 rate2=512 prod1=512 prod2=512 dac_err=0 tx_drop=376 hb_ms=0 sma_state=6 m7_us=542135745 m4_us=539941588 vdd=5.067 offset=0.5000 aref=3.145 loop_us_avg=92 loop_us_max=5640 loop_hz=10869 cycle_log_ms=1 n_cycle=4 cc=1 cc_hz=1023 cc_i_tgt=0.1000 cc_u=0.5000 cc_r=4.9484 cc_tau_ms=7.00
[  32.166] ALM
[  33.108] [STATUS] t_ms=526537 hwm=5 cap=256 dropped=0 dropped_total=8099 crc_err=0 crc_err_total=0 rate1=512 rate2=512 prod1=512 prod2=512 dac_err=0 tx_drop=376 hb_ms=0 sma_state=6 m7_us=543167403 m4_us=540973246 vdd=5.067 offset=0.5000 aref=3.145 loop_us_avg=94 loop_us_max=5412 loop_hz=10638 cycle_log_ms=1 n_cycle=4 cc=1 cc_hz=1025 cc_i_tgt=0.1000 cc_u=0.5071 cc_r=5.0814 cc_tau_ms=7.00
[  33.170] ALM
[  33.170] [AD
[  33.170] C1] STATUS alarm(s)
[  34.111] [STATUS] t_ms=527537 hwm=5 cap=256 dropped=0 dropped_total=8099 crc_err=0 crc_err_total=0 rate1=512 rate2=512 prod1=512 prod2=512 dac_err=0 tx_drop=376 hb_ms=0 sma_state=6 m7_us=544199062 m4_us=542004913 vdd=5.067 offset=0.5000 aref=3.145 loop_us_avg=93 loop_us_max=5529 loop_hz=10752 cycle_log_ms=1 n_cycle=4 cc=1 cc_hz=1025 cc_i_tgt=0.1000 cc_u=0.5228 cc_r=5.1264 cc_tau_ms=7.00
[  34.174] ALM
[  34.174] [ADC
[  34.174] 1] STATUS alarm(s): 0
[  35.158] [STATUS] t_ms=528537 hwm=47 cap=256 dropped=0 dropped_total=8099 crc_err=0 crc_err_total=0 rate1=512 rate2=512 prod1=512 prod2=512 dac_err=0 tx_drop=376 hb_ms=0 sma_state=6 m7_us=545230776 m4_us=543036625 vdd=5.067 offset=0.5000 aref=3.145 loop_us_avg=97 loop_us_max=47541 loop_hz=10309 cycle_log_ms=1 n_cycle=4 cc=1 cc_hz=978 cc_i_tgt=0.1000 cc_u=0.5267 cc_r=5.0929 cc_tau_ms=7.00
[  35.158] ALM
[  36.169] ALM
[  36.169] [STATUS] t_ms=529537 hwm=5 cap=256 dropped=0 dropped_total=8099 crc_err=0 crc_err_total=0 rate1=511 rate2=512 prod1=511 prod2=512 dac_err=0 tx_drop=376 hb_ms=0 sma_state=6 m7_us=546261860 m4_us=544067359 vdd=5.067 offset=0.5000 aref=3.145 loop_us_avg=93 loop_us_max=5398 loop_hz=10752 cycle_log_ms=1 n_cycle=4 cc=1 cc_hz=1026 cc_i_tgt=0.1000 cc_u=0.5338 cc_r=5.1921 cc_tau_ms=7.00
[  37.187] ALM
[  37.251] [STATUS] t_ms=530537 hwm=5 cap=256 dropped=0 dropped_total=8099 crc_err=0 crc_err_total=0 rate1=513 rate2=512 prod1=513 prod2=512 dac_err=0 tx_drop=376 hb_ms=0 sma_state=6 m7_us=547294205 m4_us=545100052 vdd=5.067 offset=0.5000 aref=3.145 loop_us_avg=93 loop_us_max=5330 loop_hz=10752 cycle_log_ms=1 n_cycle=4 cc=1 cc_hz=1026 cc_i_tgt=0.1000 cc_u=0.5049 cc_r=5.0720 cc_tau_ms=7.00
[  38.202] ALM
[  38.202] [ADC1] STATUS alarm(s): 0x9
[  38.265] [STATUS] t_ms=531537 hwm=5 cap=256 dropped=0 dropped_total=8099 crc_err=0 crc_err_total=0 rate1=512 rate2=512 prod1=512 prod2=512 dac_err=0 tx_drop=376 hb_ms=0 sma_state=6 m7_us=548325894 m4_us=546131735 vdd=5.067 offset=0.5000 aref=3.145 loop_us_avg=92 loop_us_max=5405 loop_hz=10869 cycle_log_ms=1 n_cycle=4 cc=1 cc_hz=1026 cc_i_tgt=0.1000 cc_u=0.5000 cc_r=4.8410 cc_tau_ms=7.00
[  39.214] ALM
[  39.278] [STATUS] t_ms=532537 hwm=5 cap=256 dropped=0 dropped_total=8099 crc_err=0 crc_err_total=0 rate1=512 rate2=512 prod1=512 prod2=512 dac_err=0 tx_drop=376 hb_ms=0 sma_state=6 m7_us=549357594 m4_us=547163431 vdd=5.067 offset=0.5000 aref=3.145 loop_us_avg=93 loop_us_max=5434 loop_hz=10752 cycle_log_ms=1 n_cycle=4 cc=1 cc_hz=1025 cc_i_tgt=0.1000 cc_u=0.5000 cc_r=5.0803 cc_tau_ms=7.00
[  40.226] ALM
[  40.226] [ADC1]
[  40.351] [STATUS] t_ms=533537 hwm=5 cap=256 dropped=0 dropped_total=8099 crc_err=0 crc_err_total=0 rate1=512 rate2=512 prod1=512 prod2=512 dac_err=0 tx_drop=376 hb_ms=0 sma_state=6 m7_us=550389252 m4_us=548195102 vdd=5.067 offset=0.5000 aref=3.145 loop_us_avg=92 loop_us_max=5421 loop_hz=10869 cycle_log_ms=1 n_cycle=4 cc=1 cc_hz=1025 cc_i_tgt=0.1000 cc_u=0.5193 cc_r=5.2282 cc_tau_ms=7.00
[  41.228] ALM
[  41.354] [STATUS] t_ms=534537 hwm=5 cap=256 dropped=0 dropped_total=8099 crc_err=0 crc_err_total=0 rate1=512 rate2=512 prod1=512 prod2=512 dac_err=0 tx_drop=376 hb_ms=0 sma_state=6 m7_us=551420934 m4_us=549226769 vdd=5.067 offset=0.5000 aref=3.145 loop_us_avg=93 loop_us_max=5405 loop_hz=10752 cycle_log_ms=1 n_cycle=4 cc=1 cc_hz=1026 cc_i_tgt=0.1000 cc_u=0.5354 cc_r=5.1354 cc_tau_ms=7.00
[  42.238] ALM
[  42.364] [STATUS] t_ms=535537 hwm=5 cap=256 dropped=0 dropped_total=8099 crc_err=0 crc_err_total=0 rate1=512 rate2=512 prod1=512 prod2=512 dac_err=0 tx_drop=376 hb_ms=0 sma_state=6 m7_us=552452612 m4_us=550258446 vdd=5.067 offset=0.5000 aref=3.145 loop_us_avg=94 loop_us_max=5407 loop_hz=10638 cycle_log_ms=1 n_cycle=4 cc=1 cc_hz=1025 cc_i_tgt=0.1000 cc_u=0.5156 cc_r=4.9933 cc_tau_ms=7.00
[  43.249] ALM
[  43.438] [STATUS] t_ms=536537 hwm=5 cap=256 dropped=0 dropped_total=8099 crc_err=0 crc_err_total=0 rate1=512 rate2=512 prod1=512 prod2=512 dac_err=0 tx_drop=376 hb_ms=0 sma_state=6 m7_us=553484271 m4_us=551290119 vdd=5.067 offset=0.5000 aref=3.145 loop_us_avg=92 loop_us_max=5420 loop_hz=10869 cycle_log_ms=1 n_cycle=4 cc=1 cc_hz=1025 cc_i_tgt=0.1000 cc_u=0.5100 cc_r=5.2008 cc_tau_ms=7.00
[  44.261] ALM
[  44.450] [STATUS] t_ms=537537 hwm=5 cap=256 dropped=0 dropped_total=8099 crc_err=0 crc_err_total=0 rate1=512 rate2=512 prod1=512 prod2=512 dac_err=0 tx_drop=376 hb_ms=0 sma_state=6 m7_us=554515916 m4_us=552321767 vdd=5.067 offset=0.5000 aref=3.145 loop_us_avg=92 loop_us_max=5403 loop_hz=10869 cycle_log_ms=1 n_cycle=4 cc=1 cc_hz=1025 cc_i_tgt=0.1000 cc_u=0.5329 cc_r=5.1125 cc_tau_ms=7.00
[  45.268] ALM
[  45.457] [STATUS] t_ms=538537 hwm=5 cap=256 dropped=0 dropped_total=8099 crc_err=0 crc_err_total=0 rate1=512 rate2=512 prod1=512 prod2=512 dac_err=0 tx_drop=376 hb_ms=0 sma_state=6 m7_us=555547600 m4_us=553353447 vdd=5.067 offset=0.5000 aref=3.145 loop_us_avg=94 loop_us_max=5455 loop_hz=10638 cycle_log_ms=1 n_cycle=4 cc=1 cc_hz=1025 cc_i_tgt=0.1000 cc_u=0.5031 cc_r=5.1061 cc_tau_ms=7.00
[  46.276] ALM
[  46.527] [STATUS] t_ms=539537 hwm=5 cap=256 dropped=0 dropped_total=8099 crc_err=0 crc_err_total=0 rate1=512 rate2=512 prod1=512 prod2=512 dac_err=0 tx_drop=376 hb_ms=0 sma_state=6 m7_us=556579262 m4_us=554385098 vdd=5.067 offset=0.5000 aref=3.145 loop_us_avg=93 loop_us_max=5403 loop_hz=10752 cycle_log_ms=1 n_cycle=4 cc=1 cc_hz=1025 cc_i_tgt=0.1000 cc_u=0.5032 cc_r=5.1037 cc_tau_ms=7.00
[  47.287] ALM
[  47.287] [
[  47.414] [SMA] [ACT] heat n=4/6 I=550.0mA ms=300
[  47.541] [STATUS] t_ms=540537 hwm=5 cap=256 dropped=0 dropped_total=8099 crc_err=0 crc_err_total=0 rate1=512 rate2=512 prod1=512 prod2=512 dac_err=0 tx_drop=376 hb_ms=0 sma_state=5 m7_us=557610923 m4_us=555416772 vdd=5.067 offset=0.5000 aref=3.145 loop_us_avg=93 loop_us_max=5478 loop_hz=10752 cycle_log_ms=1 n_cycle=4 cc=1 cc_hz=1024 cc_i_tgt=0.5500 cc_u=2.3884 cc_r=4.4170 cc_tau_ms=7.00
[  47.669] [SMA] [ACT] cool n=4/6 I=100.0mA ms=15000
[  48.238] ALM
[  48.238] [ADC1] ST
[  48.238] ATUS alarm(s): 0x49
[  48.553] [STATUS] t_ms=541537 hwm=5 cap=256 dropped=0 dropped_total=8099 crc_err=0 crc_err_total=0 rate1=512 rate2=512 prod1=512 prod2=512 dac_err=0 tx_drop=376 hb_ms=0 sma_state=6 m7_us=558642603 m4_us=556448446 vdd=5.067 offset=0.5000 aref=3.145 loop_us_avg=93 loop_us_max=5405 loop_hz=10752 cycle_log_ms=1 n_cycle=4 cc=1 cc_hz=1024 cc_i_tgt=0.1000 cc_u=0.5000 cc_r=4.9934 cc_tau_ms=7.00
[  49.245] ALM
[  49.245] [ADC1] STATUS alarm(s): 0x9 PGA
[  49.245] L_
[  49.618] [STATUS] t_ms=542537 hwm=5 cap=256 dropped=0 dropped_total=8099 crc_err=0 crc_err_total=0 rate1=512 rate2=512 prod1=512 prod2=512 dac_err=0 tx_drop=376 hb_ms=0 sma_state=6 m7_us=559674283 m4_us=557480116 vdd=5.067 offset=0.5000 aref=3.145 loop_us_avg=94 loop_us_max=5403 loop_hz=10638 cycle_log_ms=1 n_cycle=4 cc=1 cc_hz=1026 cc_i_tgt=0.1000 cc_u=0.5206 cc_r=5.1036 cc_tau_ms=7.00
[  50.251] ALM
[  50.630] [STATUS] t_ms=543537 hwm=5 cap=256 dropped=0 dropped_total=8099 crc_err=0 crc_err_total=0 rate1=512 rate2=512 prod1=512 prod2=512 dac_err=0 tx_drop=376 hb_ms=0 sma_state=6 m7_us=560705941 m4_us=558511770 vdd=5.067 offset=0.5000 aref=3.145 loop_us_avg=92 loop_us_max=5420 loop_hz=10869 cycle_log_ms=1 n_cycle=4 cc=1 cc_hz=1025 cc_i_tgt=0.1000 cc_u=0.5000 cc_r=5.0120 cc_tau_ms=7.00
[  51.264] ALM
[  51.643] [STATUS] t_ms=544537 hwm=5 cap=256 dropped=0 dropped_total=8099 crc_err=0 crc_err_total=0 rate1=512 rate2=512 prod1=512 prod2=512 dac_err=0 tx_drop=376 hb_ms=0 sma_state=6 m7_us=561737610 m4_us=559543438 vdd=5.067 offset=0.5000 aref=3.145 loop_us_avg=92 loop_us_max=5422 loop_hz=10869 cycle_log_ms=1 n_cycle=4 cc=1 cc_hz=1025 cc_i_tgt=0.1000 cc_u=0.5300 cc_r=5.0756 cc_tau_ms=7.00
[  52.273] ALM
[  52.715] [STATUS] t_ms=545537 hwm=5 cap=256 dropped=0 dropped_total=8099 crc_err=0 crc_err_total=0 rate1=512 rate2=512 prod1=512 prod2=512 dac_err=0 tx_drop=376 hb_ms=0 sma_state=6 m7_us=562769264 m4_us=560575105 vdd=5.067 offset=0.5000 aref=3.145 loop_us_avg=94 loop_us_max=5431 loop_hz=10638 cycle_log_ms=1 n_cycle=4 cc=1 cc_hz=1025 cc_i_tgt=0.1000 cc_u=0.5200 cc_r=5.0602 cc_tau_ms=7.00
[  53.283] ALM
[  53.283] [ADC1]
[  53.724] [STATUS] t_ms=546537 hwm=5 cap=256 dropped=0 dropped_total=8099 crc_err=0 crc_err_total=0 rate1=512 rate2=512 prod1=512 prod2=512 dac_err=0 tx_drop=376 hb_ms=0 sma_state=6 m7_us=563800932 m4_us=561606778 vdd=5.067 offset=0.5000 aref=3.145 loop_us_avg=93 loop_us_max=5483 loop_hz=10752 cycle_log_ms=1 n_cycle=4 cc=1 cc_hz=1025 cc_i_tgt=0.1000 cc_u=0.5214 cc_r=5.1213 cc_tau_ms=7.00
[  54.291] ALM
[  54.291] [ADC1] STATUS al
[  54.798] [STATUS] t_ms=547537 hwm=5 cap=256 dropped=0 dropped_total=8099 crc_err=0 crc_err_total=0 rate1=512 rate2=512 prod1=512 prod2=512 dac_err=0 tx_drop=376 hb_ms=0 sma_state=6 m7_us=564832952 m4_us=562638478 vdd=5.067 offset=0.5000 aref=3.145 loop_us_avg=92 loop_us_max=5402 loop_hz=10869 cycle_log_ms=1 n_cycle=4 cc=1 cc_hz=1026 cc_i_tgt=0.1000 cc_u=0.5126 cc_r=5.0169 cc_tau_ms=7.00
[  55.304] ALM
[  55.812] [STATUS] t_ms=548537 hwm=5 cap=256 dropped=0 dropped_total=8099 crc_err=0 crc_err_total=0 rate1=512 rate2=512 prod1=512 prod2=512 dac_err=0 tx_drop=376 hb_ms=0 sma_state=6 m7_us=565864298 m4_us=563670142 vdd=5.067 offset=0.5000 aref=3.145 loop_us_avg=93 loop_us_max=5410 loop_hz=10752 cycle_log_ms=1 n_cycle=4 cc=1 cc_hz=1025 cc_i_tgt=0.1000 cc_u=0.5283 cc_r=5.2057 cc_tau_ms=7.00
[  56.318] ALM
[  56.822] [STATUS] t_ms=549537 hwm=5 cap=256 dropped=0 dropped_total=8099 crc_err=0 crc_err_total=0 rate1=512 rate2=512 prod1=512 prod2=512 dac_err=0 tx_drop=376 hb_ms=0 sma_state=6 m7_us=566895959 m4_us=564701809 vdd=5.067 offset=0.5000 aref=3.145 loop_us_avg=93 loop_us_max=5402 loop_hz=10752 cycle_log_ms=1 n_cycle=4 cc=1 cc_hz=1026 cc_i_tgt=0.1000 cc_u=0.5000 cc_r=4.9446 cc_tau_ms=7.00
[  57.329] ALM
[  57.834] [STATUS] t_ms=550537 hwm=5 cap=256 dropped=0 dropped_total=8099 crc_err=0 crc_err_total=0 rate1=512 rate2=512 prod1=512 prod2=512 dac_err=0 tx_drop=376 hb_ms=0 sma_state=6 m7_us=567927641 m4_us=565733489 vdd=5.067 offset=0.5000 aref=3.145 loop_us_avg=92 loop_us_max=5399 loop_hz=10869 cycle_log_ms=1 n_cycle=4 cc=1 cc_hz=1026 cc_i_tgt=0.1000 cc_u=0.5046 cc_r=5.0337 cc_tau_ms=7.00
[  58.339] ALM
[  58.903] [STATUS] t_ms=551537 hwm=5 cap=256 dropped=0 dropped_total=8099 crc_err=0 crc_err_total=0 rate1=512 rate2=512 prod1=512 prod2=512 dac_err=0 tx_drop=376 hb_ms=0 sma_state=6 m7_us=568959315 m4_us=566765156 vdd=5.067 offset=0.5000 aref=3.145 loop_us_avg=94 loop_us_max=5406 loop_hz=10638 cycle_log_ms=1 n_cycle=4 cc=1 cc_hz=1025 cc_i_tgt=0.1000 cc_u=0.5246 cc_r=5.1019 cc_tau_ms=7.00
[  59.345] ALM
[  59.345] [ADC1] STATUS alarm(
[  59.911] [STATUS] t_ms=552537 hwm=5 cap=256 dropped=0 dropped_total=8099 crc_err=0 crc_err_total=0 rate1=512 rate2=512 prod1=512 prod2=512 dac_err=0 tx_drop=376 hb_ms=0 sma_state=6 m7_us=569990972 m4_us=567796804 vdd=5.067 offset=0.5000 aref=3.145 loop_us_avg=93 loop_us_max=5402 loop_hz=10752 cycle_log_ms=1 n_cycle=4 cc=1 cc_hz=1025 cc_i_tgt=0.1000 cc_u=0.5000 cc_r=5.1363 cc_tau_ms=7.00
[  60.349] ALM
[  60.349] _
[  60.985] [STATUS] t_ms=553537 hwm=5 cap=256 dropped=0 dropped_total=8099 crc_err=0 crc_err_total=0 rate1=512 rate2=512 prod1=512 prod2=512 dac_err=0 tx_drop=376 hb_ms=0 sma_state=6 m7_us=571022580 m4_us=568828420 vdd=5.067 offset=0.5000 aref=3.145 loop_us_avg=92 loop_us_max=5417 loop_hz=10869 cycle_log_ms=1 n_cycle=4 cc=1 cc_hz=1025 cc_i_tgt=0.1000 cc_u=0.5165 cc_r=5.0096 cc_tau_ms=7.00
[  61.364] ALM
[  61.996] [STATUS] t_ms=554537 hwm=5 cap=256 dropped=0 dropped_total=8099 crc_err=0 crc_err_total=0 rate1=512 rate2=512 prod1=512 prod2=512 dac_err=0 tx_drop=376 hb_ms=0 sma_state=6 m7_us=572054201 m4_us=569860042 vdd=5.067 offset=0.5000 aref=3.145 loop_us_avg=92 loop_us_max=5459 loop_hz=10869 cycle_log_ms=1 n_cycle=4 cc=1 cc_hz=1025 cc_i_tgt=0.1000 cc_u=0.5059 cc_r=5.1823 cc_tau_ms=7.00
[  62.373] ALM
[  63.003] [STATUS] t_ms=555537 hwm=5 cap=256 dropped=0 dropped_total=8099 crc_err=0 crc_err_total=0 rate1=512 rate2=512 prod1=512 prod2=512 dac_err=0 tx_drop=376 hb_ms=0 sma_state=6 m7_us=573085816 m4_us=570891658 vdd=5.067 offset=0.5000 aref=3.145 loop_us_avg=93 loop_us_max=5393 loop_hz=10752 cycle_log_ms=1 n_cycle=4 cc=1 cc_hz=1025 cc_i_tgt=0.1000 cc_u=0.5000 cc_r=5.0187 cc_tau_ms=7.00
[  63.190] [SMA] [ACT] heat n=5/6 I=550.0mA ms=300
[  63.379] ALM
[  63.505] [SMA] [ACT] cool n=5/6 I=100.0mA ms=15000
[  64.072] [STATUS] t_ms=556537 hwm=5 cap=256 dropped=0 dropped_total=8099 crc_err=0 crc_err_total=0 rate1=512 rate2=512 prod1=512 prod2=512 dac_err=0 tx_drop=376 hb_ms=0 sma_state=6 m7_us=574117458 m4_us=571923306 vdd=5.067 offset=0.5000 aref=3.145 loop_us_avg=93 loop_us_max=5406 loop_hz=10752 cycle_log_ms=1 n_cycle=4 cc=1 cc_hz=1023 cc_i_tgt=0.1000 cc_u=0.5034 cc_r=5.0626 cc_tau_ms=7.00
[  64.386] ALM
[  65.081] [STATUS] t_ms=557537 hwm=5 cap=256 dropped=0 dropped_total=8099 crc_err=0 crc_err_total=0 rate1=512 rate2=512 prod1=512 prod2=512 dac_err=0 tx_drop=376 hb_ms=0 sma_state=6 m7_us=575149158 m4_us=572954980 vdd=5.067 offset=0.5000 aref=3.145 loop_us_avg=93 loop_us_max=5395 loop_hz=10752 cycle_log_ms=1 n_cycle=4 cc=1 cc_hz=1025 cc_i_tgt=0.1000 cc_u=0.5056 cc_r=5.0007 cc_tau_ms=7.00
[  65.395] ALM
[  65.395] [ADC1] STATUS ala
[  66.093] [STATUS] t_ms=558537 hwm=5 cap=256 dropped=0 dropped_total=8099 crc_err=0 crc_err_total=0 rate1=512 rate2=512 prod1=512 prod2=512 dac_err=0 tx_drop=376 hb_ms=0 sma_state=6 m7_us=576180858 m4_us=573986692 vdd=5.067 offset=0.5000 aref=3.145 loop_us_avg=92 loop_us_max=5418 loop_hz=10869 cycle_log_ms=1 n_cycle=4 cc=1 cc_hz=1026 cc_i_tgt=0.1000 cc_u=0.5280 cc_r=5.1615 cc_tau_ms=7.00
[  66.409] ALM
[  67.165] [STATUS] t_ms=559537 hwm=5 cap=256 dropped=0 dropped_total=8099 crc_err=0 crc_err_total=0 rate1=512 rate2=512 prod1=512 prod2=512 dac_err=0 tx_drop=376 hb_ms=0 sma_state=6 m7_us=577212921 m4_us=575018430 vdd=5.067 offset=0.5000 aref=3.145 loop_us_avg=93 loop_us_max=5419 loop_hz=10752 cycle_log_ms=1 n_cycle=4 cc=1 cc_hz=1026 cc_i_tgt=0.1000 cc_u=0.5000 cc_r=4.9433 cc_tau_ms=7.00
[  67.418] ALM
[  67.418] [ADC1
[  68.174] [STATUS] t_ms=560537 hwm=5 cap=256 dropped=0 dropped_total=8099 crc_err=0 crc_err_total=0 rate1=512 rate2=512 prod1=512 prod2=512 dac_err=0 tx_drop=376 hb_ms=0 sma_state=6 m7_us=578244254 m4_us=576050103 vdd=5.067 offset=0.5000 aref=3.145 loop_us_avg=93 loop_us_max=5426 loop_hz=10752 cycle_log_ms=1 n_cycle=4 cc=1 cc_hz=1025 cc_i_tgt=0.1000 cc_u=0.5274 cc_r=5.0651 cc_tau_ms=7.00
[  68.426] ALM
[  69.205] [STATUS] t_ms=561537 hwm=95 cap=256 dropped=0 dropped_total=8099 crc_err=0 crc_err_total=0 rate1=511 rate2=511 prod1=511 prod2=512 dac_err=0 tx_drop=376 hb_ms=0 sma_state=6 m7_us=579275284 m4_us=577080786 vdd=5.067 offset=0.5000 aref=3.145 loop_us_avg=103 loop_us_max=95985 loop_hz=9708 cycle_log_ms=1 n_cycle=4 cc=1 cc_hz=929 cc_i_tgt=0.1000 cc_u=0.5300 cc_r=5.0794 cc_tau_ms=7.00
[  69.395] ALM
[  69.395] [ADC1
[  69.395] ] STATUS alarm(s)
[  70.216] [STATUS] t_ms=562537 hwm=5 cap=256 dropped=0 dropped_total=8099 crc_err=0 crc_err_total=0 rate1=513 rate2=512 prod1=513 prod2=512 dac_err=0 tx_drop=376 hb_ms=0 sma_state=6 m7_us=580307670 m4_us=578113518 vdd=5.067 offset=0.5000 aref=3.145 loop_us_avg=93 loop_us_max=5321 loop_hz=10752 cycle_log_ms=1 n_cycle=4 cc=1 cc_hz=1026 cc_i_tgt=0.1000 cc_u=0.5075 cc_r=5.0527 cc_tau_ms=7.00
[  70.407] ALM
[  70.407] [ADC1] S
[  70.407] TATUS alarm(s): 0xC
[  71.295] [STATUS] t_ms=563537 hwm=5 cap=256 dropped=0 dropped_total=8099 crc_err=0 crc_err_total=0 rate1=512 rate2=512 prod1=512 prod2=512 dac_err=0 tx_drop=376 hb_ms=0 sma_state=6 m7_us=581339392 m4_us=579145242 vdd=5.067 offset=0.5000 aref=3.145 loop_us_avg=92 loop_us_max=5528 loop_hz=10869 cycle_log_ms=1 n_cycle=4 cc=1 cc_hz=1025 cc_i_tgt=0.1000 cc_u=0.5310 cc_r=5.1925 cc_tau_ms=7.00
[  71.420] ALM
[  71.420] [ADC1] STATUS alarm
[  72.303] [STATUS] t_ms=564537 hwm=5 cap=256 dropped=0 dropped_total=8099 crc_err=0 crc_err_total=0 rate1=512 rate2=512 prod1=512 prod2=512 dac_err=0 tx_drop=376 hb_ms=0 sma_state=6 m7_us=582371079 m4_us=580176897 vdd=5.067 offset=0.5000 aref=3.145 loop_us_avg=93 loop_us_max=5403 loop_hz=10752 cycle_log_ms=1 n_cycle=4 cc=1 cc_hz=1025 cc_i_tgt=0.1000 cc_u=0.5101 cc_r=5.0844 cc_tau_ms=7.00
[  72.430] ALM
[  73.310] [STATUS] t_ms=565537 hwm=5 cap=256 dropped=0 dropped_total=8099 crc_err=0 crc_err_total=0 rate1=512 rate2=512 prod1=512 prod2=512 dac_err=0 tx_drop=376 hb_ms=0 sma_state=6 m7_us=583402713 m4_us=581208564 vdd=5.067 offset=0.5000 aref=3.145 loop_us_avg=93 loop_us_max=5553 loop_hz=10752 cycle_log_ms=1 n_cycle=4 cc=1 cc_hz=1025 cc_i_tgt=0.1000 cc_u=0.5282 cc_r=5.1793 cc_tau_ms=7.00
[  73.436] ALM
[  74.377] [STATUS] t_ms=566537 hwm=5 cap=256 dropped=0 dropped_total=8099 crc_err=0 crc_err_total=0 rate1=512 rate2=512 prod1=512 prod2=512 dac_err=0 tx_drop=376 hb_ms=0 sma_state=6 m7_us=584434415 m4_us=582240234 vdd=5.067 offset=0.5000 aref=3.145 loop_us_avg=93 loop_us_max=5408 loop_hz=10752 cycle_log_ms=1 n_cycle=4 cc=1 cc_hz=1025 cc_i_tgt=0.1000 cc_u=0.5000 cc_r=5.0043 cc_tau_ms=7.00
[  74.441] ALM
[  75.392] [STATUS] t_ms=567537 hwm=5 cap=256 dropped=0 dropped_total=8099 crc_err=0 crc_err_total=0 rate1=512 rate2=512 prod1=512 prod2=512 dac_err=0 tx_drop=376 hb_ms=0 sma_state=6 m7_us=585466231 m4_us=583271892 vdd=5.067 offset=0.5000 aref=3.145 loop_us_avg=92 loop_us_max=5593 loop_hz=10869 cycle_log_ms=1 n_cycle=4 cc=1 cc_hz=1025 cc_i_tgt=0.1000 cc_u=0.5026 cc_r=5.0927 cc_tau_ms=7.00
[  75.455] ALM
[  75.455] [ADC1] STATUS alarm(s
[  76.406] [STATUS] t_ms=568537 hwm=5 cap=256 dropped=0 dropped_total=8099 crc_err=0 crc_err_total=0 rate1=512 rate2=512 prod1=512 prod2=512 dac_err=0 tx_drop=376 hb_ms=0 sma_state=6 m7_us=586497704 m4_us=584303534 vdd=5.067 offset=0.5000 aref=3.145 loop_us_avg=94 loop_us_max=5596 loop_hz=10638 cycle_log_ms=1 n_cycle=4 cc=1 cc_hz=1025 cc_i_tgt=0.1000 cc_u=0.5151 cc_r=4.9750 cc_tau_ms=7.00
[  76.469] ALM
[  76.469] [ADC1]
[  76.469] STATUS alarm(s):
[  77.475] [STATUS] t_ms=569537 hwm=5 cap=256 dropped=0 dropped_total=8099 crc_err=0 crc_err_total=0 rate1=512 rate2=512 prod1=512 prod2=512 dac_err=0 tx_drop=376 hb_ms=0 sma_state=6 m7_us=587529390 m4_us=585335223 vdd=5.067 offset=0.5000 aref=3.145 loop_us_avg=92 loop_us_max=5424 loop_hz=10869 cycle_log_ms=1 n_cycle=4 cc=1 cc_hz=1026 cc_i_tgt=0.1000 cc_u=0.5089 cc_r=5.1174 cc_tau_ms=7.00
[  77.475] ALM
[  78.483] ALM
[  78.483] [ADC1] S
[  78.483] TATUS alarm(s): 0
[  78.483] [STATUS] t_ms=570537 hwm=5 cap=256 dropped=0 dropped_total=8099 crc_err=0 crc_err_total=0 rate1=512 rate2=512 prod1=512 prod2=512 dac_err=0 tx_drop=376 hb_ms=0 sma_state=6 m7_us=588561012 m4_us=586366865 vdd=5.067 offset=0.5000 aref=3.145 loop_us_avg=94 loop_us_max=5432 loop_hz=10638 cycle_log_ms=1 n_cycle=4 cc=1 cc_hz=1025 cc_i_tgt=0.1000 cc_u=0.5137 cc_r=5.2502 cc_tau_ms=7.00
[  78.986] [SMA] [ACT] heat n=6/6 I=550.0mA ms=300
[  79.239] [SMA] [ACT] cool n=6/6 I=100.0mA ms=15000
[  79.493] ALM
[  79.556] [STATUS] t_ms=571537 hwm=5 cap=256 dropped=0 dropped_total=8099 crc_err=0 crc_err_total=0 rate1=511 rate2=512 prod1=511 prod2=512 dac_err=0 tx_drop=376 hb_ms=0 sma_state=6 m7_us=589592011 m4_us=587397519 vdd=5.067 offset=0.5000 aref=3.145 loop_us_avg=93 loop_us_max=5407 loop_hz=10752 cycle_log_ms=1 n_cycle=4 cc=1 cc_hz=1023 cc_i_tgt=0.1000 cc_u=0.5000 cc_r=4.9736 cc_tau_ms=7.00
[  80.498] ALM
[  80.559] [STATUS] t_ms=572537 hwm=6 cap=256 dropped=0 dropped_total=8099 crc_err=0 crc_err_total=0 rate1=513 rate2=512 prod1=513 prod2=512 dac_err=0 tx_drop=376 hb_ms=0 sma_state=6 m7_us=590624350 m4_us=588430209 vdd=5.067 offset=0.5000 aref=3.145 loop_us_avg=92 loop_us_max=5541 loop_hz=10869 cycle_log_ms=1 n_cycle=4 cc=1 cc_hz=1027 cc_i_tgt=0.1000 cc_u=0.5264 cc_r=5.0233 cc_tau_ms=7.00
[  81.509] ALM
[  81.571] [STATUS] t_ms=573537 hwm=5 cap=256 dropped=0 dropped_total=8099 crc_err=0 crc_err_total=0 rate1=512 rate2=512 prod1=512 prod2=512 dac_err=0 tx_drop=376 hb_ms=0 sma_state=6 m7_us=591656267 m4_us=589461921 vdd=5.067 offset=0.5000 aref=3.145 loop_us_avg=92 loop_us_max=5529 loop_hz=10869 cycle_log_ms=1 n_cycle=4 cc=1 cc_hz=1025 cc_i_tgt=0.1000 cc_u=0.5073 cc_r=5.0413 cc_tau_ms=7.00
[  82.518] ALM
[  82.646] [STATUS] t_ms=574537 hwm=5 cap=256 dropped=0 dropped_total=8099 crc_err=0 crc_err_total=0 rate1=512 rate2=512 prod1=512 prod2=512 dac_err=0 tx_drop=376 hb_ms=0 sma_state=6 m7_us=592687816 m4_us=590493652 vdd=5.067 offset=0.5000 aref=3.145 loop_us_avg=93 loop_us_max=5589 loop_hz=10752 cycle_log_ms=1 n_cycle=4 cc=1 cc_hz=1025 cc_i_tgt=0.1000 cc_u=0.5216 cc_r=5.1100 cc_tau_ms=7.00
[  83.529] ALM
[  83.529] [ADC1] STAT
[  83.529] US alarm(s): 0xC9
[  83.655] [STATUS] t_ms=575537 hwm=5 cap=256 dropped=0 dropped_total=8099 crc_err=0 crc_err_total=0 rate1=512 rate2=512 prod1=512 prod2=512 dac_err=0 tx_drop=376 hb_ms=0 sma_state=6 m7_us=593719528 m4_us=591525370 vdd=5.067 offset=0.5000 aref=3.145 loop_us_avg=93 loop_us_max=5630 loop_hz=10752 cycle_log_ms=1 n_cycle=4 cc=1 cc_hz=1025 cc_i_tgt=0.1000 cc_u=0.5161 cc_r=5.0186 cc_tau_ms=7.00
[  84.538] ALM
[  84.664] [STATUS] t_ms=576537 hwm=5 cap=256 dropped=0 dropped_total=8099 crc_err=0 crc_err_total=0 rate1=512 rate2=512 prod1=512 prod2=512 dac_err=0 tx_drop=376 hb_ms=0 sma_state=6 m7_us=594751638 m4_us=592557095 vdd=5.067 offset=0.5000 aref=3.145 loop_us_avg=93 loop_us_max=5413 loop_hz=10752 cycle_log_ms=1 n_cycle=4 cc=1 cc_hz=1026 cc_i_tgt=0.1000 cc_u=0.5000 cc_r=5.0460 cc_tau_ms=7.00
[  85.547] ALM
[  85.736] [STATUS] t_ms=577537 hwm=6 cap=256 dropped=0 dropped_total=8099 crc_err=0 crc_err_total=0 rate1=512 rate2=512 prod1=512 prod2=512 dac_err=0 tx_drop=376 hb_ms=0 sma_state=6 m7_us=595782973 m4_us=593588826 vdd=5.067 offset=0.5000 aref=3.145 loop_us_avg=93 loop_us_max=5544 loop_hz=10752 cycle_log_ms=1 n_cycle=4 cc=1 cc_hz=1025 cc_i_tgt=0.1000 cc_u=0.5087 cc_r=5.0924 cc_tau_ms=7.00
[  86.561] ALM
[  86.751] [STATUS] t_ms=578537 hwm=5 cap=256 dropped=0 dropped_total=8099 crc_err=0 crc_err_total=0 rate1=512 rate2=512 prod1=512 prod2=512 dac_err=0 tx_drop=376 hb_ms=0 sma_state=6 m7_us=596814713 m4_us=594620558 vdd=5.067 offset=0.5000 aref=3.145 loop_us_avg=94 loop_us_max=5601 loop_hz=10638 cycle_log_ms=1 n_cycle=4 cc=1 cc_hz=1025 cc_i_tgt=0.1000 cc_u=0.5000 cc_r=4.8967 cc_tau_ms=7.00
[  87.566] ALM
[  87.756] [STATUS] t_ms=579537 hwm=5 cap=256 dropped=0 dropped_total=8099 crc_err=0 crc_err_total=0 rate1=512 rate2=512 prod1=512 prod2=512 dac_err=0 tx_drop=376 hb_ms=0 sma_state=6 m7_us=597846427 m4_us=595652260 vdd=5.067 offset=0.5000 aref=3.145 loop_us_avg=94 loop_us_max=5405 loop_hz=10638 cycle_log_ms=1 n_cycle=4 cc=1 cc_hz=1026 cc_i_tgt=0.1000 cc_u=0.5008 cc_r=5.0483 cc_tau_ms=7.00
[  88.573] ALM
[  88.825] [STATUS] t_ms=580537 hwm=5 cap=256 dropped=0 dropped_total=8099 crc_err=0 crc_err_total=0 rate1=512 rate2=512 prod1=512 prod2=512 dac_err=0 tx_drop=376 hb_ms=0 sma_state=6 m7_us=598878155 m4_us=596684004 vdd=5.067 offset=0.5000 aref=3.145 loop_us_avg=92 loop_us_max=5521 loop_hz=10869 cycle_log_ms=1 n_cycle=4 cc=1 cc_hz=1025 cc_i_tgt=0.1000 cc_u=0.5265 cc_r=5.1555 cc_tau_ms=7.00
[  89.582] ALM
[  89.837] [STATUS] t_ms=581537 hwm=5 cap=256 dropped=0 dropped_total=8099 crc_err=0 crc_err_total=0 rate1=512 rate2=512 prod1=512 prod2=512 dac_err=0 tx_drop=376 hb_ms=0 sma_state=6 m7_us=599909850 m4_us=597715697 vdd=5.067 offset=0.5000 aref=3.145 loop_us_avg=93 loop_us_max=5457 loop_hz=10752 cycle_log_ms=1 n_cycle=4 cc=1 cc_hz=1025 cc_i_tgt=0.1000 cc_u=0.5340 cc_r=5.2097 cc_tau_ms=7.00
[  90.599] ALM
[  90.847] [STATUS] t_ms=582537 hwm=5 cap=256 dropped=0 dropped_total=8099 crc_err=0 crc_err_total=0 rate1=512 rate2=512 prod1=512 prod2=512 dac_err=0 tx_drop=376 hb_ms=0 sma_state=6 m7_us=600941497 m4_us=598747338 vdd=5.067 offset=0.5000 aref=3.145 loop_us_avg=94 loop_us_max=5663 loop_hz=10638 cycle_log_ms=1 n_cycle=4 cc=1 cc_hz=1025 cc_i_tgt=0.1000 cc_u=0.5310 cc_r=5.1221 cc_tau_ms=7.00
[  91.605] AL
[  91.605] M
[  91.605] [ADC1] STATUS al
[  91.921] [STATUS] t_ms=583537 hwm=5 cap=256 dropped=0 dropped_total=8099 crc_err=0 crc_err_total=0 rate1=512 rate2=512 prod1=512 prod2=512 dac_err=0 tx_drop=376 hb_ms=0 sma_state=6 m7_us=601973155 m4_us=599778999 vdd=5.067 offset=0.5000 aref=3.145 loop_us_avg=94 loop_us_max=5401 loop_hz=10638 cycle_log_ms=1 n_cycle=4 cc=1 cc_hz=1025 cc_i_tgt=0.1000 cc_u=0.5000 cc_r=5.0137 cc_tau_ms=7.00
[  92.615] ALM
[  92.929] [STATUS] t_ms=584537 hwm=5 cap=256 dropped=0 dropped_total=8099 crc_err=0 crc_err_total=0 rate1=512 rate2=512 prod1=512 prod2=512 dac_err=0 tx_drop=376 hb_ms=0 sma_state=6 m7_us=603004878 m4_us=600810698 vdd=5.067 offset=0.5000 aref=3.145 loop_us_avg=93 loop_us_max=5622 loop_hz=10752 cycle_log_ms=1 n_cycle=4 cc=1 cc_hz=1025 cc_i_tgt=0.1000 cc_u=0.5057 cc_r=5.0782 cc_tau_ms=7.00
[  93.623] ALM
[  93.999] [STATUS] t_ms=585537 hwm=5 cap=256 dropped=0 dropped_total=8099 crc_err=0 crc_err_total=0 rate1=512 rate2=512 prod1=512 prod2=512 dac_err=0 tx_drop=376 hb_ms=0 sma_state=6 m7_us=604036497 m4_us=601842343 vdd=5.067 offset=0.5000 aref=3.145 loop_us_avg=94 loop_us_max=5430 loop_hz=10638 cycle_log_ms=1 n_cycle=4 cc=1 cc_hz=1025 cc_i_tgt=0.1000 cc_u=0.5060 cc_r=5.0885 cc_tau_ms=7.00
[  94.629] ALM
[  94.629] [ADC1] STATUS alarm(s): 0xC9
[  94.755] [SMA] [ACT] -> idle (done) after 6 cycle(s); still armed
