[   0.056] [SMA] ARMED (MOSFET on); idle=0.500 V
[   0.057] [STATUS] t_ms=609518 hwm=70 cap=256 dropped=0 dropped_total=10502 crc_err=0 crc_err_total=0 rate1=508 rate2=507 prod1=512 prod2=511 dac_err=0 tx_drop=376 hb_ms=0 sma_state=0 m7_us=628779124 m4_us=626576756 vdd=5.067 offset=0.5000 aref=3.145 loop_us_avg=23 loop_us_max=71457 loop_hz=43478 cycle_log_ms=1 n_cycle=4 cc=0 cc_hz=0 cc_i_tgt=0.1000 cc_u=0.5239 cc_r=5.0542 cc_tau_ms=7.00
[   0.120] _ALM
[   0.120] [ADC1] STATUS
[   0.120] alarm(s): 0x89
[   1.067] [STATUS] t_ms=610518 hwm=12 cap=256 dropped=0 dropped_total=10502 crc_err=0 crc_err_total=0 rate1=516 rate2=516 prod1=512 prod2=513 dac_err=0 tx_drop=376 hb_ms=0 sma_state=0 m7_us=629811819 m4_us=627617736 vdd=5.067 offset=0.5000 aref=3.145 loop_us_avg=22 loop_us_max=6196 loop_hz=45454 cycle_log_ms=1 n_cycle=4 cc=0 cc_hz=0 cc_i_tgt=0.1000 cc_u=0.5239 cc_r=5.0542 cc_tau_ms=7.00
[   1.131] _ALM
[   1.131] [
[   1.131] ADC1] STATUS ala
[   0.063] [SMA] [CC] start i_high=650.0mA i_low=100.0mA t_high=300 t_idle=15000 n=6 (0=cont) tau_ms=7.0 wdt_ms=5000
[   0.063] [SMA] [ACT] heat n=1/6 I=650.0mA ms=300
[   0.063] [STATUS] t_ms=611518 hwm=4 cap=256 dropped=0 dropped_total=10502 crc_err=0 crc_err_total=0 rate1=512 rate2=511 prod1=512 prod2=511 dac_err=0 tx_drop=376 hb_ms=0 sma_state=5 m7_us=630843349 m4_us=628648702 vdd=5.067 offset=0.5000 aref=3.145 loop_us_avg=23 loop_us_max=4881 loop_hz=43478 cycle_log_ms=1 n_cycle=4 cc=1 cc_hz=47 cc_i_tgt=0.6500 cc_u=0.6997 cc_r=0.0000 cc_tau_ms=7.00
[   0.127] _ALM
[   0.317] [SMA] [ACT] cool n=1/6 I=100.0mA ms=15000
[   1.136] [STATUS] t_ms=612518 hwm=6 cap=256 dropped=0 dropped_total=10502 crc_err=0 crc_err_total=0 rate1=512 rate2=512 prod1=512 prod2=512 dac_err=0 tx_drop=376 hb_ms=0 sma_state=6 m7_us=631874733 m4_us=629680609 vdd=5.067 offset=0.5000 aref=3.145 loop_us_avg=88 loop_us_max=5338 loop_hz=11363 cycle_log_ms=1 n_cycle=4 cc=1 cc_hz=1025 cc_i_tgt=0.1000 cc_u=0.7272 cc_r=0.0000 cc_tau_ms=7.00
[   1.136] _ALM
[   2.140] _ALM
[   2.140] [STATUS] t_ms=613518 hwm=5 cap=256 dropped=0 dropped_total=10502 crc_err=0 crc_err_total=0 rate1=512 rate2=512 prod1=512 prod2=512 dac_err=0 tx_drop=376 hb_ms=0 sma_state=6 m7_us=632907079 m4_us=630712430 vdd=5.067 offset=0.5000 aref=3.145 loop_us_avg=92 loop_us_max=5623 loop_hz=10869 cycle_log_ms=1 n_cycle=4 cc=1 cc_hz=1027 cc_i_tgt=0.1000 cc_u=0.5142 cc_r=5.0042 cc_tau_ms=7.00
[   3.150] _ALM
[   3.150] [STATUS] t_ms=614518 hwm=6 cap=256 dropped=0 dropped_total=10502 crc_err=0 crc_err_total=0 rate1=512 rate2=512 prod1=512 prod2=512 dac_err=0 tx_drop=376 hb_ms=0 sma_state=6 m7_us=633938253 m4_us=631744228 vdd=5.067 offset=0.5000 aref=3.145 loop_us_avg=94 loop_us_max=5347 loop_hz=10638 cycle_log_ms=1 n_cycle=4 cc=1 cc_hz=1026 cc_i_tgt=0.1000 cc_u=0.5443 cc_r=5.1178 cc_tau_ms=7.00
[   4.162] _ALM
[   4.162] [ADC1
[   4.162] ] STATUS alarm(s):
[   4.225] [STATUS] t_ms=615518 hwm=5 cap=256 dropped=0 dropped_total=10502 crc_err=0 crc_err_total=0 rate1=512 rate2=512 prod1=512 prod2=512 dac_err=0 tx_drop=376 hb_ms=0 sma_state=6 m7_us=634970665 m4_us=632776001 vdd=5.067 offset=0.5000 aref=3.145 loop_us_avg=94 loop_us_max=5324 loop_hz=10638 cycle_log_ms=1 n_cycle=4 cc=1 cc_hz=1026 cc_i_tgt=0.1000 cc_u=0.5181 cc_r=5.0565 cc_tau_ms=7.00
[   5.175] _ALM
[   5.239] [STATUS] t_ms=616518 hwm=6 cap=256 dropped=0 dropped_total=10502 crc_err=0 crc_err_total=0 rate1=512 rate2=512 prod1=512 prod2=512 dac_err=0 tx_drop=376 hb_ms=0 sma_state=6 m7_us=636001817 m4_us=633807786 vdd=5.067 offset=0.5000 aref=3.145 loop_us_avg=93 loop_us_max=5358 loop_hz=10752 cycle_log_ms=1 n_cycle=4 cc=1 cc_hz=1026 cc_i_tgt=0.1000 cc_u=0.5177 cc_r=5.1629 cc_tau_ms=7.00
[   6.178] _ALM
[   6.305] [STATUS] t_ms=617518 hwm=5 cap=256 dropped=0 dropped_total=10502 crc_err=0 crc_err_total=0 rate1=512 rate2=512 prod1=512 prod2=512 dac_err=0 tx_drop=376 hb_ms=0 sma_state=6 m7_us=637034156 m4_us=634839498 vdd=5.067 offset=0.5000 aref=3.145 loop_us_avg=93 loop_us_max=5334 loop_hz=10752 cycle_log_ms=1 n_cycle=4 cc=1 cc_hz=1026 cc_i_tgt=0.1000 cc_u=0.5000 cc_r=4.9556 cc_tau_ms=7.00
[   7.189] _ALM
[   7.189] [ADC1] STATUS alarm(s
[   7.316] [STATUS] t_ms=618518 hwm=6 cap=256 dropped=0 dropped_total=10502 crc_err=0 crc_err_total=0 rate1=512 rate2=513 prod1=512 prod2=513 dac_err=0 tx_drop=376 hb_ms=0 sma_state=6 m7_us=638066205 m4_us=635872203 vdd=5.067 offset=0.5000 aref=3.145 loop_us_avg=92 loop_us_max=5348 loop_hz=10869 cycle_log_ms=1 n_cycle=4 cc=1 cc_hz=1026 cc_i_tgt=0.1000 cc_u=0.5109 cc_r=4.9737 cc_tau_ms=7.00
[   8.196] _ALM
[   8.196] [
[   8.321] [STATUS] t_ms=619518 hwm=5 cap=256 dropped=0 dropped_total=10502 crc_err=0 crc_err_total=0 rate1=512 rate2=511 prod1=512 prod2=511 dac_err=0 tx_drop=376 hb_ms=0 sma_state=6 m7_us=639097589 m4_us=636902935 vdd=5.067 offset=0.5000 aref=3.145 loop_us_avg=93 loop_us_max=5570 loop_hz=10752 cycle_log_ms=1 n_cycle=4 cc=1 cc_hz=1025 cc_i_tgt=0.1000 cc_u=0.5000 cc_r=5.0219 cc_tau_ms=7.00
[   9.202] _ALM
[   9.202] [ADC1] STATUS
[   9.392] [STATUS] t_ms=620518 hwm=6 cap=256 dropped=0 dropped_total=10502 crc_err=0 crc_err_total=0 rate1=512 rate2=512 prod1=512 prod2=512 dac_err=0 tx_drop=376 hb_ms=0 sma_state=6 m7_us=640129245 m4_us=637934596 vdd=5.067 offset=0.5000 aref=3.145 loop_us_avg=94 loop_us_max=5365 loop_hz=10638 cycle_log_ms=1 n_cycle=4 cc=1 cc_hz=1025 cc_i_tgt=0.1000 cc_u=0.5000 cc_r=5.0749 cc_tau_ms=7.00
[  10.208] _ALM
[  10.395] [STATUS] t_ms=621518 hwm=6 cap=256 dropped=0 dropped_total=10502 crc_err=0 crc_err_total=0 rate1=512 rate2=513 prod1=512 prod2=513 dac_err=0 tx_drop=376 hb_ms=0 sma_state=6 m7_us=641161297 m4_us=638967298 vdd=5.067 offset=0.5000 aref=3.145 loop_us_avg=94 loop_us_max=5351 loop_hz=10638 cycle_log_ms=1 n_cycle=4 cc=1 cc_hz=1026 cc_i_tgt=0.1000 cc_u=0.5484 cc_r=5.1182 cc_tau_ms=7.00
[  11.216] _ALM
[  11.407] [STATUS] t_ms=622518 hwm=5 cap=256 dropped=0 dropped_total=10502 crc_err=0 crc_err_total=0 rate1=512 rate2=511 prod1=512 prod2=511 dac_err=0 tx_drop=376 hb_ms=0 sma_state=6 m7_us=642192629 m4_us=639997959 vdd=5.067 offset=0.5000 aref=3.145 loop_us_avg=93 loop_us_max=5423 loop_hz=10752 cycle_log_ms=1 n_cycle=4 cc=1 cc_hz=1025 cc_i_tgt=0.1000 cc_u=0.5070 cc_r=5.0028 cc_tau_ms=7.00
[  12.226] _ALM
[  12.226] [ADC1
[  12.481] [STATUS] t_ms=623518 hwm=6 cap=256 dropped=0 dropped_total=10502 crc_err=0 crc_err_total=0 rate1=512 rate2=512 prod1=512 prod2=512 dac_err=0 tx_drop=376 hb_ms=0 sma_state=6 m7_us=643224377 m4_us=641029646 vdd=5.067 offset=0.5000 aref=3.145 loop_us_avg=94 loop_us_max=5482 loop_hz=10638 cycle_log_ms=1 n_cycle=4 cc=1 cc_hz=1024 cc_i_tgt=0.1000 cc_u=0.5000 cc_r=5.0769 cc_tau_ms=7.00
[  13.241] _ALM
[  13.492] [STATUS] t_ms=624518 hwm=6 cap=256 dropped=0 dropped_total=10502 crc_err=0 crc_err_total=0 rate1=512 rate2=512 prod1=512 prod2=512 dac_err=0 tx_drop=376 hb_ms=0 sma_state=6 m7_us=644255935 m4_us=642061300 vdd=5.067 offset=0.5000 aref=3.145 loop_us_avg=94 loop_us_max=5562 loop_hz=10638 cycle_log_ms=1 n_cycle=4 cc=1 cc_hz=1025 cc_i_tgt=0.1000 cc_u=0.5089 cc_r=5.0758 cc_tau_ms=7.00
[  14.190] _ALM
[  14.506] [STATUS] t_ms=625518 hwm=6 cap=256 dropped=0 dropped_total=10502 crc_err=0 crc_err_total=0 rate1=512 rate2=513 prod1=512 prod2=513 dac_err=0 tx_drop=376 hb_ms=0 sma_state=6 m7_us=645288136 m4_us=643093989 vdd=5.067 offset=0.5000 aref=3.145 loop_us_avg=92 loop_us_max=5350 loop_hz=10869 cycle_log_ms=1 n_cycle=4 cc=1 cc_hz=1026 cc_i_tgt=0.1000 cc_u=0.5441 cc_r=5.1779 cc_tau_ms=7.00
[  15.204] _ALM
[  15.583] [STATUS] t_ms=626518 hwm=5 cap=256 dropped=0 dropped_total=10502 crc_err=0 crc_err_total=0 rate1=512 rate2=511 prod1=512 prod2=511 dac_err=0 tx_drop=376 hb_ms=0 sma_state=6 m7_us=646319320 m4_us=644124663 vdd=5.067 offset=0.5000 aref=3.145 loop_us_avg=92 loop_us_max=5614 loop_hz=10869 cycle_log_ms=1 n_cycle=4 cc=1 cc_hz=1025 cc_i_tgt=0.1000 cc_u=0.5000 cc_r=4.9142 cc_tau_ms=7.00
[  15.834] [SMA] [ACT] heat n=2/6 I=650.0mA ms=300
[  16.152] [SMA] [ACT] cool n=2/6 I=100.0mA ms=15000
[  16.216] _AL
[  16.216] M
[  16.593] [STATUS] t_ms=627518 hwm=6 cap=256 dropped=0 dropped_total=10502 crc_err=0 crc_err_total=0 rate1=512 rate2=513 prod1=512 prod2=513 dac_err=0 tx_drop=376 hb_ms=0 sma_state=6 m7_us=647351366 m4_us=645157355 vdd=5.067 offset=0.5000 aref=3.145 loop_us_avg=92 loop_us_max=5475 loop_hz=10869 cycle_log_ms=1 n_cycle=4 cc=1 cc_hz=1024 cc_i_tgt=0.1000 cc_u=0.5114 cc_r=5.0071 cc_tau_ms=7.00
[  17.222] _ALM
[  17.602] [STATUS] t_ms=628518 hwm=5 cap=256 dropped=0 dropped_total=10502 crc_err=0 crc_err_total=0 rate1=512 rate2=511 prod1=512 prod2=511 dac_err=0 tx_drop=376 hb_ms=0 sma_state=6 m7_us=648382675 m4_us=646188014 vdd=5.067 offset=0.5000 aref=3.145 loop_us_avg=94 loop_us_max=5415 loop_hz=10638 cycle_log_ms=1 n_cycle=4 cc=1 cc_hz=1025 cc_i_tgt=0.1000 cc_u=0.5105 cc_r=5.0263 cc_tau_ms=7.00
[  18.236] _ALM
[  18.677] [STATUS] t_ms=629518 hwm=6 cap=256 dropped=0 dropped_total=10502 crc_err=0 crc_err_total=0 rate1=512 rate2=512 prod1=512 prod2=512 dac_err=0 tx_drop=376 hb_ms=0 sma_state=6 m7_us=649414393 m4_us=647219626 vdd=5.067 offset=0.5000 aref=3.145 loop_us_avg=94 loop_us_max=5357 loop_hz=10638 cycle_log_ms=1 n_cycle=4 cc=1 cc_hz=1025 cc_i_tgt=0.1000 cc_u=0.5129 cc_r=5.0093 cc_tau_ms=7.00
[  19.242] _ALM
[  19.242] [ADC
[  19.682] [STATUS] t_ms=630518 hwm=6 cap=256 dropped=0 dropped_total=10502 crc_err=0 crc_err_total=0 rate1=512 rate2=512 prod1=512 prod2=512 dac_err=0 tx_drop=376 hb_ms=0 sma_state=6 m7_us=650445907 m4_us=648251249 vdd=5.067 offset=0.5000 aref=3.145 loop_us_avg=93 loop_us_max=5501 loop_hz=10752 cycle_log_ms=1 n_cycle=4 cc=1 cc_hz=1025 cc_i_tgt=0.1000 cc_u=0.5000 cc_r=4.9987 cc_tau_ms=7.00
[  20.249] _ALM
[  20.694] [STATUS] t_ms=631518 hwm=6 cap=256 dropped=0 dropped_total=10502 crc_err=0 crc_err_total=0 rate1=512 rate2=513 prod1=512 prod2=513 dac_err=0 tx_drop=376 hb_ms=0 sma_state=6 m7_us=651477938 m4_us=649283938 vdd=5.067 offset=0.5000 aref=3.145 loop_us_avg=94 loop_us_max=5355 loop_hz=10638 cycle_log_ms=1 n_cycle=4 cc=1 cc_hz=1026 cc_i_tgt=0.1000 cc_u=0.5118 cc_r=5.1210 cc_tau_ms=7.00
[  21.263] _ALM
[  21.755] [STATUS] t_ms=632518 hwm=52 cap=256 dropped=0 dropped_total=10502 crc_err=0 crc_err_total=0 rate1=512 rate2=511 prod1=512 prod2=511 dac_err=0 tx_drop=376 hb_ms=0 sma_state=6 m7_us=652509220 m4_us=650314564 vdd=5.067 offset=0.5000 aref=3.145 loop_us_avg=98 loop_us_max=52101 loop_hz=10204 cycle_log_ms=1 n_cycle=4 cc=1 cc_hz=972 cc_i_tgt=0.1000 cc_u=0.5359 cc_r=5.1550 cc_tau_ms=7.00
[  22.262] _ALM
[  22.262] [ADC1
[  22.771] [STATUS] t_ms=633518 hwm=6 cap=256 dropped=0 dropped_total=10502 crc_err=0 crc_err_total=0 rate1=512 rate2=512 prod1=512 prod2=512 dac_err=0 tx_drop=376 hb_ms=0 sma_state=6 m7_us=653540803 m4_us=651346170 vdd=5.067 offset=0.5000 aref=3.145 loop_us_avg=94 loop_us_max=5349 loop_hz=10638 cycle_log_ms=1 n_cycle=4 cc=1 cc_hz=1026 cc_i_tgt=0.1000 cc_u=0.5000 cc_r=4.9981 cc_tau_ms=7.00
[  23.276] _ALM
[  23.276] [ADC
[  23.276] 1] STATUS alarm(s)
[  23.839] [STATUS] t_ms=634518 hwm=6 cap=256 dropped=0 dropped_total=10502 crc_err=0 crc_err_total=0 rate1=512 rate2=513 prod1=512 prod2=513 dac_err=0 tx_drop=376 hb_ms=0 sma_state=6 m7_us=654572829 m4_us=652378824 vdd=5.067 offset=0.5000 aref=3.145 loop_us_avg=94 loop_us_max=5358 loop_hz=10638 cycle_log_ms=1 n_cycle=4 cc=1 cc_hz=1026 cc_i_tgt=0.1000 cc_u=0.5294 cc_r=5.0239 cc_tau_ms=7.00
[  24.282] _ALM
[  24.849] [STATUS] t_ms=635518 hwm=5 cap=256 dropped=0 dropped_total=10502 crc_err=0 crc_err_total=0 rate1=512 rate2=511 prod1=512 prod2=511 dac_err=0 tx_drop=376 hb_ms=0 sma_state=6 m7_us=655604129 m4_us=653409473 vdd=5.067 offset=0.5000 aref=3.145 loop_us_avg=93 loop_us_max=5435 loop_hz=10752 cycle_log_ms=1 n_cycle=4 cc=1 cc_hz=1025 cc_i_tgt=0.1000 cc_u=0.5374 cc_r=4.9826 cc_tau_ms=7.00
[  25.291] _ALM
[  25.859] [STATUS] t_ms=636518 hwm=6 cap=256 dropped=0 dropped_total=10502 crc_err=0 crc_err_total=0 rate1=512 rate2=513 prod1=512 prod2=513 dac_err=0 tx_drop=376 hb_ms=0 sma_state=6 m7_us=656636177 m4_us=654442171 vdd=5.067 offset=0.5000 aref=3.145 loop_us_avg=92 loop_us_max=5352 loop_hz=10869 cycle_log_ms=1 n_cycle=4 cc=1 cc_hz=1026 cc_i_tgt=0.1000 cc_u=0.5075 cc_r=5.0680 cc_tau_ms=7.00
[  26.304] _ALM
[  26.304] [ADC1] STATUS alarm(s):
[  26.934] [STATUS] t_ms=637518 hwm=5 cap=256 dropped=0 dropped_total=10502 crc_err=0 crc_err_total=0 rate1=512 rate2=511 prod1=512 prod2=511 dac_err=0 tx_drop=376 hb_ms=0 sma_state=6 m7_us=657667582 m4_us=655472865 vdd=5.067 offset=0.5000 aref=3.145 loop_us_avg=93 loop_us_max=5417 loop_hz=10752 cycle_log_ms=1 n_cycle=4 cc=1 cc_hz=1025 cc_i_tgt=0.1000 cc_u=0.5188 cc_r=5.1169 cc_tau_ms=7.00
[  27.311] _AL
[  27.311] M
[  27.942] [STATUS] t_ms=638518 hwm=6 cap=256 dropped=0 dropped_total=10502 crc_err=0 crc_err_total=0 rate1=512 rate2=512 prod1=512 prod2=512 dac_err=0 tx_drop=376 hb_ms=0 sma_state=6 m7_us=658699234 m4_us=656504567 vdd=5.067 offset=0.5000 aref=3.145 loop_us_avg=94 loop_us_max=5419 loop_hz=10638 cycle_log_ms=1 n_cycle=4 cc=1 cc_hz=1025 cc_i_tgt=0.1000 cc_u=0.5118 cc_r=5.0525 cc_tau_ms=7.00
[  28.318] _ALM
[  28.318] [ADC1] STATUS ala
[  28.318] rm(s): 0x49 PGA
[  28.950] [STATUS] t_ms=639518 hwm=6 cap=256 dropped=0 dropped_total=10502 crc_err=0 crc_err_total=0 rate1=512 rate2=513 prod1=512 prod2=513 dac_err=0 tx_drop=376 hb_ms=0 sma_state=6 m7_us=659731270 m4_us=657537275 vdd=5.067 offset=0.5000 aref=3.145 loop_us_avg=94 loop_us_max=5368 loop_hz=10638 cycle_log_ms=1 n_cycle=4 cc=1 cc_hz=1026 cc_i_tgt=0.1000 cc_u=0.5185 cc_r=5.0688 cc_tau_ms=7.00
[  29.329] L_ALM
[  29.329] [ADC1] STATUS alarm(s): 0x49 PGA
[  30.023] [STATUS] t_ms=640518 hwm=5 cap=256 dropped=0 dropped_total=10502 crc_err=0 crc_err_total=0 rate1=512 rate2=511 prod1=512 prod2=511 dac_err=0 tx_drop=376 hb_ms=0 sma_state=6 m7_us=660762600 m4_us=658567943 vdd=5.067 offset=0.5000 aref=3.145 loop_us_avg=94 loop_us_max=5477 loop_hz=10638 cycle_log_ms=1 n_cycle=4 cc=1 cc_hz=1025 cc_i_tgt=0.1000 cc_u=0.5272 cc_r=5.1187 cc_tau_ms=7.00
[  30.338] L_ALM
[  30.338] [ADC1] STATUS alarm(s): 0x49 PGA
[  31.034] [STATUS] t_ms=641518 hwm=6 cap=256 dropped=0 dropped_total=10502 crc_err=0 crc_err_total=0 rate1=512 rate2=513 prod1=512 prod2=513 dac_err=0 tx_drop=376 hb_ms=0 sma_state=6 m7_us=661794629 m4_us=659600632 vdd=5.067 offset=0.5000 aref=3.145 loop_us_avg=94 loop_us_max=5356 loop_hz=10638 cycle_log_ms=1 n_cycle=4 cc=1 cc_hz=1026 cc_i_tgt=0.1000 cc_u=0.5194 cc_r=5.0715 cc_tau_ms=7.00
[  31.352] L_ALM
[  31.352] [ADC1] STATUS alar
[  31.352] m(s): 0x9 PGA
[  31.605] [SMA] [ACT] heat n=3/6 I=650.0mA ms=300
[  31.918] [SMA] [ACT] cool n=3/6 I=100.0mA ms=15000
[  32.044] [STATUS] t_ms=642518 hwm=5 cap=256 dropped=0 dropped_total=10502 crc_err=0 crc_err_total=0 rate1=512 rate2=511 prod1=512 prod2=511 dac_err=0 tx_drop=376 hb_ms=0 sma_state=6 m7_us=662825967 m4_us=660631310 vdd=5.067 offset=0.5000 aref=3.145 loop_us_avg=93 loop_us_max=5419 loop_hz=10752 cycle_log_ms=1 n_cycle=4 cc=1 cc_hz=1023 cc_i_tgt=0.1000 cc_u=0.5000 cc_r=4.8868 cc_tau_ms=7.00
[  32.362] L_ALM
[  32.362] [ADC1] STATUS alarm(s): 0xC9 PGA
[  33.116] [STATUS] t_ms=643518 hwm=6 cap=256 dropped=0 dropped_total=10502 crc_err=0 crc_err_total=0 rate1=512 rate2=513 prod1=512 prod2=513 dac_err=0 tx_drop=376 hb_ms=0 sma_state=6 m7_us=663857972 m4_us=661663967 vdd=5.067 offset=0.5000 aref=3.145 loop_us_avg=93 loop_us_max=5355 loop_hz=10752 cycle_log_ms=1 n_cycle=4 cc=1 cc_hz=1026 cc_i_tgt=0.1000 cc_u=0.5086 cc_r=5.0653 cc_tau_ms=7.00
[  33.369] L_ALM
[  33.369] [ADC1] STATUS alarm(s): 0xC9 PGA
[  34.127] [STATUS] t_ms=644518 hwm=5 cap=256 dropped=0 dropped_total=10502 crc_err=0 crc_err_total=0 rate1=512 rate2=511 prod1=512 prod2=511 dac_err=0 tx_drop=376 hb_ms=0 sma_state=6 m7_us=664889320 m4_us=662694670 vdd=5.067 offset=0.5000 aref=3.145 loop_us_avg=93 loop_us_max=5418 loop_hz=10752 cycle_log_ms=1 n_cycle=4 cc=1 cc_hz=1025 cc_i_tgt=0.1000 cc_u=0.5000 cc_r=4.9717 cc_tau_ms=7.00
[  34.383] L_ALM
[  34.383] [ADC1] STATUS alar
[  34.383] m(s): 0x49 PGA
[  35.141] [STATUS] t_ms=645518 hwm=6 cap=256 dropped=0 dropped_total=10502 crc_err=0 crc_err_total=0 rate1=512 rate2=513 prod1=512 prod2=513 dac_err=0 tx_drop=376 hb_ms=0 sma_state=6 m7_us=665921367 m4_us=663727371 vdd=5.067 offset=0.5000 aref=3.145 loop_us_avg=92 loop_us_max=5346 loop_hz=10869 cycle_log_ms=1 n_cycle=4 cc=1 cc_hz=1026 cc_i_tgt=0.1000 cc_u=0.5062 cc_r=5.0641 cc_tau_ms=7.00
[  35.395] L_ALM
[  35.395] [ADC1] STATUS alarm(s): 0x49 PGA
[  36.218] [STATUS] t_ms=646518 hwm=5 cap=256 dropped=0 dropped_total=10502 crc_err=0 crc_err_total=0 rate1=512 rate2=511 prod1=512 prod2=511 dac_err=0 tx_drop=376 hb_ms=0 sma_state=6 m7_us=666952694 m4_us=664758042 vdd=5.067 offset=0.5000 aref=3.145 loop_us_avg=92 loop_us_max=5420 loop_hz=10869 cycle_log_ms=1 n_cycle=4 cc=1 cc_hz=1025 cc_i_tgt=0.1000 cc_u=0.5344 cc_r=5.1457 cc_tau_ms=7.00
[  36.409] L_ALM
[  36.409] [ADC1] STATUS alarm(s): 0x49 PGA
[  37.235] [STATUS] t_ms=647518 hwm=6 cap=256 dropped=0 dropped_total=10502 crc_err=0 crc_err_total=0 rate1=512 rate2=513 prod1=512 prod2=513 dac_err=0 tx_drop=376 hb_ms=0 sma_state=6 m7_us=667984726 m4_us=665790731 vdd=5.067 offset=0.5000 aref=3.145 loop_us_avg=93 loop_us_max=5346 loop_hz=10752 cycle_log_ms=1 n_cycle=4 cc=1 cc_hz=1026 cc_i_tgt=0.1000 cc_u=0.5165 cc_r=5.0884 cc_tau_ms=7.00
[  37.363] L_
[  37.363] ALM
[  37.363] [ADC1] STATUS
[  37.363] alarm(s): 0x9 PG
[  38.246] [STATUS] t_ms=648518 hwm=5 cap=256 dropped=0 dropped_total=10502 crc_err=0 crc_err_total=0 rate1=512 rate2=511 prod1=512 prod2=511 dac_err=0 tx_drop=376 hb_ms=0 sma_state=6 m7_us=669016051 m4_us=666821393 vdd=5.067 offset=0.5000 aref=3.145 loop_us_avg=94 loop_us_max=5413 loop_hz=10638 cycle_log_ms=1 n_cycle=4 cc=1 cc_hz=1025 cc_i_tgt=0.1000 cc_u=0.5166 cc_r=5.1420 cc_tau_ms=7.00
[  38.372] AL_ALM
[  38.372] [ADC1] STATUS alarm(s): 0xC9 PG
[  39.319] [STATUS] t_ms=649518 hwm=6 cap=256 dropped=0 dropped_total=10502 crc_err=0 crc_err_total=0 rate1=512 rate2=512 prod1=512 prod2=512 dac_err=0 tx_drop=376 hb_ms=0 sma_state=6 m7_us=670047655 m4_us=667853002 vdd=5.067 offset=0.5000 aref=3.145 loop_us_avg=94 loop_us_max=5366 loop_hz=10638 cycle_log_ms=1 n_cycle=4 cc=1 cc_hz=1025 cc_i_tgt=0.1000 cc_u=0.5415 cc_r=5.1575 cc_tau_ms=7.00
[  39.382] AL_AL
[  39.382] M
[  39.382] [ADC1] STATUS
[  39.382] alarm(s): 0xC9 PG
[  40.332] [STATUS] t_ms=650518 hwm=6 cap=256 dropped=0 dropped_total=10502 crc_err=0 crc_err_total=0 rate1=512 rate2=512 prod1=512 prod2=512 dac_err=0 tx_drop=376 hb_ms=0 sma_state=6 m7_us=671079266 m4_us=668884596 vdd=5.067 offset=0.5000 aref=3.145 loop_us_avg=94 loop_us_max=5357 loop_hz=10638 cycle_log_ms=1 n_cycle=4 cc=1 cc_hz=1025 cc_i_tgt=0.1000 cc_u=0.5271 cc_r=5.1175 cc_tau_ms=7.00
[  40.395] AL_ALM
[  40.395] [ADC1] STATUS al
[  40.395] arm(s): 0x49 PG
[  41.342] [STATUS] t_ms=651518 hwm=6 cap=256 dropped=0 dropped_total=10502 crc_err=0 crc_err_total=0 rate1=512 rate2=512 prod1=512 prod2=512 dac_err=0 tx_drop=376 hb_ms=0 sma_state=6 m7_us=672110865 m4_us=669916225 vdd=5.067 offset=0.5000 aref=3.145 loop_us_avg=92 loop_us_max=5343 loop_hz=10869 cycle_log_ms=1 n_cycle=4 cc=1 cc_hz=1026 cc_i_tgt=0.1000 cc_u=0.5235 cc_r=5.0660 cc_tau_ms=7.00
[  41.404] AL_ALM
[  41.404] [ADC1] STATUS alarm(s): 0x49 PG
[  42.416] [STATUS] t_ms=652518 hwm=6 cap=256 dropped=0 dropped_total=10502 crc_err=0 crc_err_total=0 rate1=512 rate2=513 prod1=512 prod2=513 dac_err=0 tx_drop=376 hb_ms=0 sma_state=6 m7_us=673142879 m4_us=670948882 vdd=5.067 offset=0.5000 aref=3.145 loop_us_avg=92 loop_us_max=5356 loop_hz=10869 cycle_log_ms=1 n_cycle=4 cc=1 cc_hz=1026 cc_i_tgt=0.1000 cc_u=0.5000 cc_r=4.9875 cc_tau_ms=7.00
[  42.416] AL_
[  42.416] ALM
[  42.416] [ADC1] STATUS alarm(s): 0x9 PG
[  43.419] [STATUS] t_ms=653518 hwm=5 cap=256 dropped=0 dropped_total=10502 crc_err=0 crc_err_total=0 rate1=512 rate2=511 prod1=512 prod2=511 dac_err=0 tx_drop=376 hb_ms=0 sma_state=6 m7_us=674174133 m4_us=671979479 vdd=5.067 offset=0.5000 aref=3.145 loop_us_avg=93 loop_us_max=5421 loop_hz=10752 cycle_log_ms=1 n_cycle=4 cc=1 cc_hz=1025 cc_i_tgt=0.1000 cc_u=0.5341 cc_r=5.1922 cc_tau_ms=7.00
[  43.419] AL_ALM
[  43.419] [ADC1] STATUS alarm(s): 0xC9 PG
[  44.430] AL_ALM
[  44.430] [AD
[  44.430] [STATUS] t_ms=654518 hwm=6 cap=256 dropped=0 dropped_total=10502 crc_err=0 crc_err_total=0 rate1=511 rate2=512 prod1=511 prod2=512 dac_err=0 tx_drop=376 hb_ms=0 sma_state=6 m7_us=675205194 m4_us=673010059 vdd=5.067 offset=0.5000 aref=3.145 loop_us_avg=92 loop_us_max=5353 loop_hz=10869 cycle_log_ms=1 n_cycle=4 cc=1 cc_hz=1024 cc_i_tgt=0.1000 cc_u=0.5241 cc_r=5.0900 cc_tau_ms=7.00
[  44.430] C1] STATUS alarm(s): 0xC9 PG
[  45.441] AL_A
[  45.441] [ADC1] STATUS
[  45.441] alarm(s): 0x49 PG
[  45.505] [STATUS] t_ms=655518 hwm=6 cap=256 dropped=0 dropped_total=10502 crc_err=0 crc_err_total=0 rate1=513 rate2=512 prod1=513 prod2=512 dac_err=0 tx_drop=376 hb_ms=0 sma_state=6 m7_us=676237347 m4_us=674042682 vdd=5.067 offset=0.5000 aref=3.145 loop_us_avg=93 loop_us_max=5534 loop_hz=10752 cycle_log_ms=1 n_cycle=4 cc=1 cc_hz=1026 cc_i_tgt=0.1000 cc_u=0.5000 cc_r=5.0473 cc_tau_ms=7.00
[  46.450] AL_AL
[  46.450] M
[  46.450] [ADC1] STATUS
[  46.450] alarm(s): 0x49 PG
[  46.513] [STATUS] t_ms=656518 hwm=6 cap=256 dropped=0 dropped_total=10502 crc_err=0 crc_err_total=0 rate1=512 rate2=512 prod1=512 prod2=512 dac_err=0 tx_drop=376 hb_ms=0 sma_state=6 m7_us=677268978 m4_us=675074311 vdd=5.067 offset=0.5000 aref=3.145 loop_us_avg=94 loop_us_max=5369 loop_hz=10638 cycle_log_ms=1 n_cycle=4 cc=1 cc_hz=1025 cc_i_tgt=0.1000 cc_u=0.5315 cc_r=5.0015 cc_tau_ms=7.00
[  47.396] [SMA] [ACT] heat n=4/6 I=650.0mA ms=300
[  47.459] AL_ALM
[  47.459] [ADC1] STATUS alarm(s): 0x9 PG
[  47.522] [STATUS] t_ms=657518 hwm=6 cap=256 dropped=0 dropped_total=10502 crc_err=0 crc_err_total=0 rate1=512 rate2=513 prod1=512 prod2=513 dac_err=0 tx_drop=376 hb_ms=0 sma_state=5 m7_us=678300983 m4_us=676106978 vdd=5.067 offset=0.5000 aref=3.145 loop_us_avg=94 loop_us_max=5371 loop_hz=10638 cycle_log_ms=1 n_cycle=4 cc=1 cc_hz=1025 cc_i_tgt=0.6500 cc_u=2.8071 cc_r=4.4038 cc_tau_ms=7.00
[  47.708] [SMA] [ACT] cool n=4/6 I=100.0mA ms=15000
[  48.459] AL_ALM
[  48.459] [ADC1] STATUS alarm(s): 0xC9 PG
[  48.584] [STATUS] t_ms=658518 hwm=5 cap=256 dropped=0 dropped_total=10502 crc_err=0 crc_err_total=0 rate1=512 rate2=511 prod1=512 prod2=511 dac_err=0 tx_drop=376 hb_ms=0 sma_state=6 m7_us=679332264 m4_us=677137610 vdd=5.067 offset=0.5000 aref=3.145 loop_us_avg=92 loop_us_max=5431 loop_hz=10869 cycle_log_ms=1 n_cycle=4 cc=1 cc_hz=1024 cc_i_tgt=0.1000 cc_u=0.5132 cc_r=4.9701 cc_tau_ms=7.00
[  49.458] AL_A
[  49.458] [ADC1] STATUS
[  49.458] alarm(s): 0xC9 PG
[  49.582] [STATUS] t_ms=659518 hwm=6 cap=256 dropped=0 dropped_total=10502 crc_err=0 crc_err_total=0 rate1=512 rate2=512 prod1=512 prod2=512 dac_err=0 tx_drop=376 hb_ms=0 sma_state=6 m7_us=680363872 m4_us=678169246 vdd=5.067 offset=0.5000 aref=3.145 loop_us_avg=93 loop_us_max=5355 loop_hz=10752 cycle_log_ms=1 n_cycle=4 cc=1 cc_hz=1026 cc_i_tgt=0.1000 cc_u=0.5000 cc_r=5.0717 cc_tau_ms=7.00
[  50.467] AL_ALM
[  50.467] [ADC1] STATUS alarm(s): 0x49 PG
[  50.657] [STATUS] t_ms=660518 hwm=6 cap=256 dropped=0 dropped_total=10502 crc_err=0 crc_err_total=0 rate1=512 rate2=513 prod1=512 prod2=513 dac_err=0 tx_drop=376 hb_ms=0 sma_state=6 m7_us=681395927 m4_us=679201903 vdd=5.067 offset=0.5000 aref=3.145 loop_us_avg=94 loop_us_max=5352 loop_hz=10638 cycle_log_ms=1 n_cycle=4 cc=1 cc_hz=1026 cc_i_tgt=0.1000 cc_u=0.5053 cc_r=5.0526 cc_tau_ms=7.00
[  51.479] AL_ALM
[  51.479] [ADC1] STATUS alarm
[  51.479] (s): 0x49 PG
[  51.668] [STATUS] t_ms=661518 hwm=5 cap=256 dropped=0 dropped_total=10502 crc_err=0 crc_err_total=0 rate1=512 rate2=511 prod1=512 prod2=511 dac_err=0 tx_drop=376 hb_ms=0 sma_state=6 m7_us=682427165 m4_us=680232506 vdd=5.067 offset=0.5000 aref=3.145 loop_us_avg=93 loop_us_max=5437 loop_hz=10752 cycle_log_ms=1 n_cycle=4 cc=1 cc_hz=1025 cc_i_tgt=0.1000 cc_u=0.5067 cc_r=5.0463 cc_tau_ms=7.00
[  52.473] AL_ALM
[  52.473] [ADC1
[  52.473] ] STATUS alarm(s)
[  52.473] : 0x49 PG
[  52.725] [STATUS] t_ms=662518 hwm=121 cap=256 dropped=0 dropped_total=10502 crc_err=0 crc_err_total=0 rate1=512 rate2=511 prod1=512 prod2=512 dac_err=0 tx_drop=376 hb_ms=0 sma_state=6 m7_us=683458569 m4_us=681264110 vdd=5.067 offset=0.5000 aref=3.145 loop_us_avg=105 loop_us_max=121874 loop_hz=9523 cycle_log_ms=1 n_cycle=4 cc=1 cc_hz=903 cc_i_tgt=0.1000 cc_u=0.9642 cc_r=5.5096 cc_tau_ms=7.00
[  53.480] AL_ALM
[  53.480] [A
[  53.480] DC1] STATUS alarm
[  53.480] (s): 0x89 PG
[  53.729] [STATUS] t_ms=663518 hwm=5 cap=256 dropped=0 dropped_total=10502 crc_err=0 crc_err_total=0 rate1=512 rate2=512 prod1=512 prod2=512 dac_err=0 tx_drop=376 hb_ms=0 sma_state=6 m7_us=684489936 m4_us=682295681 vdd=5.067 offset=0.5000 aref=3.145 loop_us_avg=92 loop_us_max=5401 loop_hz=10869 cycle_log_ms=1 n_cycle=4 cc=1 cc_hz=1025 cc_i_tgt=0.1000 cc_u=0.9642 cc_r=5.5096 cc_tau_ms=7.00
[  54.488] AL_ALM
[  54.488] [ADC1] STATUS alarm(s): 0xC9 PG
[  54.742] [STATUS] t_ms=664518 hwm=5 cap=256 dropped=0 dropped_total=10502 crc_err=0 crc_err_total=0 rate1=512 rate2=512 prod1=512 prod2=512 dac_err=0 tx_drop=376 hb_ms=0 sma_state=6 m7_us=685521510 m4_us=683327252 vdd=5.067 offset=0.5000 aref=3.145 loop_us_avg=93 loop_us_max=5533 loop_hz=10752 cycle_log_ms=1 n_cycle=4 cc=1 cc_hz=1025 cc_i_tgt=0.1000 cc_u=0.9642 cc_r=5.5096 cc_tau_ms=7.00
[  55.503] AL
[  55.503] _ALM
[  55.503] [ADC1] STATUS alarm(s): 0x49 PG
[  55.818] [STATUS] t_ms=665518 hwm=5 cap=256 dropped=0 dropped_total=10502 crc_err=0 crc_err_total=0 rate1=512 rate2=512 prod1=512 prod2=512 dac_err=0 tx_drop=376 hb_ms=0 sma_state=6 m7_us=686553490 m4_us=684358817 vdd=5.067 offset=0.5000 aref=3.145 loop_us_avg=94 loop_us_max=5538 loop_hz=10638 cycle_log_ms=1 n_cycle=4 cc=1 cc_hz=1027 cc_i_tgt=0.1000 cc_u=0.9642 cc_r=5.5096 cc_tau_ms=7.00
[  56.515] AL_ALM
[  56.515] [ADC1] STATUS alarm(s): 0x49 PG
[  56.832] [STATUS] t_ms=666518 hwm=6 cap=256 dropped=0 dropped_total=10502 crc_err=0 crc_err_total=0 rate1=512 rate2=512 prod1=512 prod2=512 dac_err=0 tx_drop=376 hb_ms=0 sma_state=6 m7_us=687585028 m4_us=685390420 vdd=5.067 offset=0.5000 aref=3.145 loop_us_avg=92 loop_us_max=5526 loop_hz=10869 cycle_log_ms=1 n_cycle=4 cc=1 cc_hz=1025 cc_i_tgt=0.1000 cc_u=0.9642 cc_r=5.5096 cc_tau_ms=7.00
[  57.530] AL_ALM
[  57.530] [ADC1] STATUS alarm(s): 0x49 PG
[  57.846] [STATUS] t_ms=667518 hwm=6 cap=256 dropped=0 dropped_total=10502 crc_err=0 crc_err_total=0 rate1=512 rate2=512 prod1=512 prod2=512 dac_err=0 tx_drop=376 hb_ms=0 sma_state=6 m7_us=688616316 m4_us=686421998 vdd=5.067 offset=0.5000 aref=3.145 loop_us_avg=94 loop_us_max=5598 loop_hz=10638 cycle_log_ms=1 n_cycle=4 cc=1 cc_hz=1025 cc_i_tgt=0.1000 cc_u=0.9642 cc_r=5.5096 cc_tau_ms=7.00
[  58.541] AL_ALM
[  58.541] [ADC1] STATUS alarm(s): 0x89 PG
[  58.919] [STATUS] t_ms=668518 hwm=5 cap=256 dropped=0 dropped_total=10502 crc_err=0 crc_err_total=0 rate1=512 rate2=512 prod1=512 prod2=512 dac_err=0 tx_drop=376 hb_ms=0 sma_state=6 m7_us=689648655 m4_us=687453626 vdd=5.067 offset=0.5000 aref=3.145 loop_us_avg=93 loop_us_max=5394 loop_hz=10752 cycle_log_ms=1 n_cycle=4 cc=1 cc_hz=1027 cc_i_tgt=0.1000 cc_u=0.9642 cc_r=5.5096 cc_tau_ms=7.00
[  59.553] AL_ALM
[  59.553] [ADC1] STATUS alarm(s): 0xC9 PG
[  59.932] [STATUS] t_ms=669518 hwm=6 cap=256 dropped=0 dropped_total=10502 crc_err=0 crc_err_total=0 rate1=512 rate2=512 prod1=512 prod2=512 dac_err=0 tx_drop=376 hb_ms=0 sma_state=6 m7_us=690679714 m4_us=688485274 vdd=5.067 offset=0.5000 aref=3.145 loop_us_avg=94 loop_us_max=5744 loop_hz=10638 cycle_log_ms=1 n_cycle=4 cc=1 cc_hz=1026 cc_i_tgt=0.1000 cc_u=0.9642 cc_r=5.5096 cc_tau_ms=7.00
[  60.561] AL_ALM
[  60.561] [ADC1] STATUS alarm(s): 0x49 PG
[  60.942] [STATUS] t_ms=670518 hwm=5 cap=256 dropped=0 dropped_total=10502 crc_err=0 crc_err_total=0 rate1=512 rate2=512 prod1=512 prod2=512 dac_err=0 tx_drop=376 hb_ms=0 sma_state=6 m7_us=691711054 m4_us=689516932 vdd=5.067 offset=0.5000 aref=3.145 loop_us_avg=93 loop_us_max=5401 loop_hz=10752 cycle_log_ms=1 n_cycle=4 cc=1 cc_hz=1025 cc_i_tgt=0.1000 cc_u=0.9642 cc_r=5.5096 cc_tau_ms=7.00
[  61.573] AL_ALM
[  61.573] [ADC1] STATUS alarm(s): 0x49 PG
[  62.019] [STATUS] t_ms=671518 hwm=5 cap=256 dropped=0 dropped_total=10502 crc_err=0 crc_err_total=0 rate1=512 rate2=512 prod1=512 prod2=512 dac_err=0 tx_drop=376 hb_ms=0 sma_state=6 m7_us=692743092 m4_us=690548593 vdd=5.067 offset=0.5000 aref=3.145 loop_us_avg=94 loop_us_max=5417 loop_hz=10638 cycle_log_ms=1 n_cycle=4 cc=1 cc_hz=1027 cc_i_tgt=0.1000 cc_u=0.9642 cc_r=5.5096 cc_tau_ms=7.00
[  62.585] AL_ALM
[  62.585] [ADC1] STATUS alarm(s): 0x49 PG
[  63.024] [STATUS] t_ms=672518 hwm=5 cap=256 dropped=0 dropped_total=10502 crc_err=0 crc_err_total=0 rate1=512 rate2=512 prod1=512 prod2=512 dac_err=0 tx_drop=376 hb_ms=0 sma_state=6 m7_us=693774418 m4_us=691580225 vdd=5.067 offset=0.5000 aref=3.145 loop_us_avg=92 loop_us_max=5435 loop_hz=10869 cycle_log_ms=1 n_cycle=4 cc=1 cc_hz=1025 cc_i_tgt=0.1000 cc_u=0.9642 cc_r=5.5096 cc_tau_ms=7.00
[  63.150] [SMA] [ACT] heat n=5/6 I=650.0mA ms=300
[  63.464] [SMA] [ACT] cool n=5/6 I=100.0mA ms=15000
[  63.590] AL_ALM
[  63.590] [ADC1] STATUS alarm(s): 0x9 PG
[  64.031] [STATUS] t_ms=673518 hwm=5 cap=256 dropped=0 dropped_total=10502 crc_err=0 crc_err_total=0 rate1=512 rate2=512 prod1=512 prod2=512 dac_err=0 tx_drop=376 hb_ms=0 sma_state=6 m7_us=694806110 m4_us=692611870 vdd=5.067 offset=0.5000 aref=3.145 loop_us_avg=92 loop_us_max=5588 loop_hz=10869 cycle_log_ms=1 n_cycle=4 cc=1 cc_hz=1023 cc_i_tgt=0.1000 cc_u=0.9498 cc_r=5.5276 cc_tau_ms=7.00
[  64.605] AL_ALM
[  64.605] [ADC1] STATUS alarm(s): 0xC9 PG
[  65.050] [STATUS] t_ms=674518 hwm=5 cap=256 dropped=0 dropped_total=10502 crc_err=0 crc_err_total=0 rate1=512 rate2=512 prod1=512 prod2=512 dac_err=0 tx_drop=376 hb_ms=0 sma_state=6 m7_us=695838127 m4_us=693643498 vdd=5.067 offset=0.5000 aref=3.145 loop_us_avg=93 loop_us_max=5447 loop_hz=10752 cycle_log_ms=1 n_cycle=4 cc=1 cc_hz=1027 cc_i_tgt=0.1000 cc_u=0.9498 cc_r=5.5276 cc_tau_ms=7.00
[  65.628] AL_ALM
[  65.628] [ADC1] STATUS alarm(s): 0xC9 PG
[  66.138] [STATUS] t_ms=675518 hwm=6 cap=256 dropped=0 dropped_total=10502 crc_err=0 crc_err_total=0 rate1=512 rate2=512 prod1=512 prod2=512 dac_err=0 tx_drop=376 hb_ms=0 sma_state=6 m7_us=696869403 m4_us=694675098 vdd=5.067 offset=0.5000 aref=3.145 loop_us_avg=93 loop_us_max=5411 loop_hz=10752 cycle_log_ms=1 n_cycle=4 cc=1 cc_hz=1025 cc_i_tgt=0.1000 cc_u=0.9498 cc_r=5.5276 cc_tau_ms=7.00
[  66.581] AL
[  66.581] _ALM
[  66.581] [ADC1] STATUS alarm(s): 0x49 PG
[  67.147] [STATUS] t_ms=676518 hwm=5 cap=256 dropped=0 dropped_total=10502 crc_err=0 crc_err_total=0 rate1=512 rate2=512 prod1=512 prod2=512 dac_err=0 tx_drop=376 hb_ms=0 sma_state=6 m7_us=697901359 m4_us=695706718 vdd=5.067 offset=0.5000 aref=3.145 loop_us_avg=92 loop_us_max=5422 loop_hz=10869 cycle_log_ms=1 n_cycle=4 cc=1 cc_hz=1027 cc_i_tgt=0.1000 cc_u=0.9498 cc_r=5.5276 cc_tau_ms=7.00
[  67.591] AL_ALM
[  67.591] [ADC1] STATUS alarm(s): 0x49 PG
[  68.159] [STATUS] t_ms=677518 hwm=6 cap=256 dropped=0 dropped_total=10502 crc_err=0 crc_err_total=0 rate1=512 rate2=512 prod1=512 prod2=512 dac_err=0 tx_drop=376 hb_ms=0 sma_state=6 m7_us=698932852 m4_us=696738353 vdd=5.067 offset=0.5000 aref=3.145 loop_us_avg=94 loop_us_max=5353 loop_hz=10638 cycle_log_ms=1 n_cycle=4 cc=1 cc_hz=1025 cc_i_tgt=0.1000 cc_u=0.9498 cc_r=5.5276 cc_tau_ms=7.00
[  68.601] AL_ALM
[  68.601] [ADC1] STATUS alarm(s): 0x49 PG
[  69.231] [STATUS] t_ms=678518 hwm=5 cap=256 dropped=0 dropped_total=10502 crc_err=0 crc_err_total=0 rate1=512 rate2=512 prod1=512 prod2=512 dac_err=0 tx_drop=376 hb_ms=0 sma_state=6 m7_us=699964226 m4_us=697769994 vdd=5.067 offset=0.5000 aref=3.145 loop_us_avg=93 loop_us_max=5496 loop_hz=10752 cycle_log_ms=1 n_cycle=4 cc=1 cc_hz=1025 cc_i_tgt=0.1000 cc_u=0.9498 cc_r=5.5276 cc_tau_ms=7.00
[  69.609] AL_ALM
[  69.609] [ADC1] STATUS alarm(s): 0x89 PG
[  70.238] [STATUS] t_ms=679518 hwm=5 cap=256 dropped=0 dropped_total=10502 crc_err=0 crc_err_total=0 rate1=512 rate2=512 prod1=512 prod2=512 dac_err=0 tx_drop=376 hb_ms=0 sma_state=6 m7_us=700996275 m4_us=698801626 vdd=5.067 offset=0.5000 aref=3.145 loop_us_avg=92 loop_us_max=5508 loop_hz=10869 cycle_log_ms=1 n_cycle=4 cc=1 cc_hz=1027 cc_i_tgt=0.1000 cc_u=0.9498 cc_r=5.5276 cc_tau_ms=7.00
[  70.614] AL_ALM
[  70.614] [ADC1] STATUS alar
[  70.614] m(s): 0xC9 PG
[  71.247] [STATUS] t_ms=680518 hwm=6 cap=256 dropped=0 dropped_total=10502 crc_err=0 crc_err_total=0 rate1=512 rate2=512 prod1=512 prod2=512 dac_err=0 tx_drop=376 hb_ms=0 sma_state=6 m7_us=702027795 m4_us=699833252 vdd=5.067 offset=0.5000 aref=3.145 loop_us_avg=93 loop_us_max=5339 loop_hz=10752 cycle_log_ms=1 n_cycle=4 cc=1 cc_hz=1025 cc_i_tgt=0.1000 cc_u=0.9498 cc_r=5.5276 cc_tau_ms=7.00
[  71.625] AL_ALM
[  71.625] [ADC1] STATUS alarm(s): 0x49 PG
[  72.317] [STATUS] t_ms=681518 hwm=6 cap=256 dropped=0 dropped_total=10502 crc_err=0 crc_err_total=0 rate1=512 rate2=512 prod1=512 prod2=512 dac_err=0 tx_drop=376 hb_ms=0 sma_state=6 m7_us=703059258 m4_us=700864884 vdd=5.067 offset=0.5000 aref=3.145 loop_us_avg=94 loop_us_max=5769 loop_hz=10638 cycle_log_ms=1 n_cycle=4 cc=1 cc_hz=1025 cc_i_tgt=0.1000 cc_u=0.9498 cc_r=5.5276 cc_tau_ms=7.00
[  72.632] AL_ALM
[  72.632] [ADC1] STATUS alarm(s): 0x49 PG
[  73.325] [STATUS] t_ms=682518 hwm=5 cap=256 dropped=0 dropped_total=10502 crc_err=0 crc_err_total=0 rate1=512 rate2=512 prod1=512 prod2=512 dac_err=0 tx_drop=376 hb_ms=0 sma_state=6 m7_us=704091259 m4_us=701896532 vdd=5.067 offset=0.5000 aref=3.145 loop_us_avg=94 loop_us_max=5514 loop_hz=10638 cycle_log_ms=1 n_cycle=4 cc=1 cc_hz=1027 cc_i_tgt=0.1000 cc_u=0.9498 cc_r=5.5276 cc_tau_ms=7.00
[  73.639] AL_ALM
[  73.639] [ADC1] STATUS alarm(s): 0x49 PG
[  74.392] [STATUS] t_ms=683518 hwm=6 cap=256 dropped=0 dropped_total=10502 crc_err=0 crc_err_total=0 rate1=512 rate2=512 prod1=512 prod2=512 dac_err=0 tx_drop=376 hb_ms=0 sma_state=6 m7_us=705122675 m4_us=702928193 vdd=5.067 offset=0.5000 aref=3.145 loop_us_avg=93 loop_us_max=5483 loop_hz=10752 cycle_log_ms=1 n_cycle=4 cc=1 cc_hz=1025 cc_i_tgt=0.1000 cc_u=0.9498 cc_r=5.5276 cc_tau_ms=7.00
[  74.646] AL_ALM
[  74.646] [ADC1] STATUS alarm(s): 0x9 PG
[  75.402] [STATUS] t_ms=684518 hwm=5 cap=256 dropped=0 dropped_total=10502 crc_err=0 crc_err_total=0 rate1=512 rate2=512 prod1=512 prod2=512 dac_err=0 tx_drop=376 hb_ms=0 sma_state=6 m7_us=706153961 m4_us=703959876 vdd=5.067 offset=0.5000 aref=3.145 loop_us_avg=93 loop_us_max=5525 loop_hz=10752 cycle_log_ms=1 n_cycle=4 cc=1 cc_hz=1025 cc_i_tgt=0.1000 cc_u=0.9498 cc_r=5.5276 cc_tau_ms=7.00
[  75.655] AL_ALM
[  75.655] [ADC1] STATUS alarm(s): 0xC9
[  75.655] PG
[  76.418] [STATUS] t_ms=685518 hwm=5 cap=256 dropped=0 dropped_total=10502 crc_err=0 crc_err_total=0 rate1=512 rate2=512 prod1=512 prod2=512 dac_err=0 tx_drop=376 hb_ms=0 sma_state=6 m7_us=707185997 m4_us=704991543 vdd=5.067 offset=0.5000 aref=3.145 loop_us_avg=92 loop_us_max=5419 loop_hz=10869 cycle_log_ms=1 n_cycle=4 cc=1 cc_hz=1027 cc_i_tgt=0.1000 cc_u=0.9498 cc_r=5.5276 cc_tau_ms=7.00
[  76.670] AL_AL
[  76.670] M
[  76.670] [ADC1] STATUS alarm(s): 0xC9 PG
[  77.428] [STATUS] t_ms=686518 hwm=6 cap=256 dropped=0 dropped_total=10502 crc_err=0 crc_err_total=0 rate1=512 rate2=512 prod1=512 prod2=512 dac_err=0 tx_drop=376 hb_ms=0 sma_state=6 m7_us=708217474 m4_us=706023153 vdd=5.067 offset=0.5000 aref=3.145 loop_us_avg=92 loop_us_max=5577 loop_hz=10869 cycle_log_ms=1 n_cycle=4 cc=1 cc_hz=1025 cc_i_tgt=0.1000 cc_u=0.9498 cc_r=5.5276 cc_tau_ms=7.00
[  77.682] AL_ALM
[  77.682] [ADC1] STATUS alarm(s): 0x49 PG
[  78.504] [STATUS] t_ms=687518 hwm=5 cap=256 dropped=0 dropped_total=10502 crc_err=0 crc_err_total=0 rate1=512 rate2=512 prod1=512 prod2=512 dac_err=0 tx_drop=376 hb_ms=0 sma_state=6 m7_us=709249469 m4_us=707054804 vdd=5.067 offset=0.5000 aref=3.145 loop_us_avg=92 loop_us_max=5399 loop_hz=10869 cycle_log_ms=1 n_cycle=4 cc=1 cc_hz=1027 cc_i_tgt=0.1000 cc_u=0.9498 cc_r=5.5276 cc_tau_ms=7.00
[  78.692] AL_ALM
[  78.692] [ADC1] STATUS alarm(s): 0x49 PG
[  78.947] [SMA] [ACT] heat n=6/6 I=650.0mA ms=300
[  79.267] [SMA] [ACT] cool n=6/6 I=100.0mA ms=15000
[  79.522] [STATUS] t_ms=688518 hwm=6 cap=256 dropped=0 dropped_total=10502 crc_err=0 crc_err_total=0 rate1=512 rate2=512 prod1=512 prod2=512 dac_err=0 tx_drop=376 hb_ms=0 sma_state=6 m7_us=710280841 m4_us=708086449 vdd=5.067 offset=0.5000 aref=3.145 loop_us_avg=93 loop_us_max=5591 loop_hz=10752 cycle_log_ms=1 n_cycle=4 cc=1 cc_hz=1023 cc_i_tgt=0.1000 cc_u=0.9248 cc_r=5.5420 cc_tau_ms=7.00
[  79.711] AL_ALM
[  79.711] [ADC1] STATUS alarm(s): 0x49 PG
[  80.531] [STATUS] t_ms=689518 hwm=5 cap=256 dropped=0 dropped_total=10502 crc_err=0 crc_err_total=0 rate1=512 rate2=512 prod1=512 prod2=512 dac_err=0 tx_drop=376 hb_ms=0 sma_state=6 m7_us=711312195 m4_us=709118084 vdd=5.067 offset=0.5000 aref=3.145 loop_us_avg=93 loop_us_max=5398 loop_hz=10752 cycle_log_ms=1 n_cycle=4 cc=1 cc_hz=1025 cc_i_tgt=0.1000 cc_u=0.9614 cc_r=5.9353 cc_tau_ms=7.00
[  80.721] AL_ALM
[  80.721] [ADC1] STATUS alarm(s): 0x89 PG
[  81.611] [STATUS] t_ms=690518 hwm=5 cap=256 dropped=0 dropped_total=10502 crc_err=0 crc_err_total=0 rate1=512 rate2=512 prod1=512 prod2=512 dac_err=0 tx_drop=376 hb_ms=0 sma_state=6 m7_us=712344402 m4_us=710149716 vdd=5.067 offset=0.5000 aref=3.145 loop_us_avg=94 loop_us_max=5531 loop_hz=10638 cycle_log_ms=1 n_cycle=4 cc=1 cc_hz=1027 cc_i_tgt=0.1000 cc_u=0.9614 cc_r=5.9353 cc_tau_ms=7.00
[  81.737] AL_ALM
[  81.737] [ADC1] STATUS alar
[  81.737] m(s): 0xC9 PG
[  82.619] [STATUS] t_ms=691518 hwm=6 cap=256 dropped=0 dropped_total=10502 crc_err=0 crc_err_total=0 rate1=512 rate2=512 prod1=512 prod2=512 dac_err=0 tx_drop=376 hb_ms=0 sma_state=6 m7_us=713375784 m4_us=711181338 vdd=5.067 offset=0.5000 aref=3.145 loop_us_avg=94 loop_us_max=5514 loop_hz=10638 cycle_log_ms=1 n_cycle=4 cc=1 cc_hz=1025 cc_i_tgt=0.1000 cc_u=0.9614 cc_r=5.9353 cc_tau_ms=7.00
[  82.746] AL_ALM
[  82.746] [ADC1] STATUS alarm(s): 0x49 PG
[  83.625] [STATUS] t_ms=692518 hwm=5 cap=256 dropped=0 dropped_total=10502 crc_err=0 crc_err_total=0 rate1=512 rate2=512 prod1=512 prod2=512 dac_err=0 tx_drop=376 hb_ms=0 sma_state=6 m7_us=714407206 m4_us=712212974 vdd=5.067 offset=0.5000 aref=3.145 loop_us_avg=92 loop_us_max=5438 loop_hz=10869 cycle_log_ms=1 n_cycle=4 cc=1 cc_hz=1025 cc_i_tgt=0.1000 cc_u=0.9614 cc_r=5.9353 cc_tau_ms=7.00
[  83.748] AL_AL
[  83.748] M
[  83.748] [ADC1] STATUS alarm(s): 0x49 PG
[  84.693] [STATUS] t_ms=693518 hwm=5 cap=256 dropped=0 dropped_total=10502 crc_err=0 crc_err_total=0 rate1=512 rate2=512 prod1=512 prod2=512 dac_err=0 tx_drop=376 hb_ms=0 sma_state=6 m7_us=715439552 m4_us=713244602 vdd=5.067 offset=0.5000 aref=3.145 loop_us_avg=93 loop_us_max=5605 loop_hz=10752 cycle_log_ms=1 n_cycle=4 cc=1 cc_hz=1027 cc_i_tgt=0.1000 cc_u=0.9614 cc_r=5.9353 cc_tau_ms=7.00
[  84.755] AL_ALM
[  84.755] [ADC1] STATUS alarm(s): 0x49 PG
[  85.710] [STATUS] t_ms=694518 hwm=6 cap=256 dropped=0 dropped_total=10502 crc_err=0 crc_err_total=0 rate1=512 rate2=512 prod1=512 prod2=512 dac_err=0 tx_drop=376 hb_ms=0 sma_state=6 m7_us=716470881 m4_us=714276289 vdd=5.067 offset=0.5000 aref=3.145 loop_us_avg=92 loop_us_max=5772 loop_hz=10869 cycle_log_ms=1 n_cycle=4 cc=1 cc_hz=1026 cc_i_tgt=0.1000 cc_u=0.9614 cc_r=5.9353 cc_tau_ms=7.00
[  85.769] AL_ALM
[  85.769] [ADC1] STATUS alarm(s): 0x9 PG
[  86.716] [STATUS] t_ms=695518 hwm=6 cap=256 dropped=0 dropped_total=10502 crc_err=0 crc_err_total=0 rate1=512 rate2=512 prod1=512 prod2=512 dac_err=0 tx_drop=376 hb_ms=0 sma_state=6 m7_us=717502231 m4_us=715307946 vdd=5.067 offset=0.5000 aref=3.145 loop_us_avg=93 loop_us_max=5655 loop_hz=10752 cycle_log_ms=1 n_cycle=4 cc=1 cc_hz=1025 cc_i_tgt=0.1000 cc_u=0.9614 cc_r=5.9353 cc_tau_ms=7.00
[  86.779] AL_ALM
[  86.779] [ADC1] STATUS alarm(s): 0xC9 PG
[  87.786] AL_ALM
[  87.786] [AD
[  87.786] C1] STATUS alarm(s): 0xC9 PG
[  87.786] [STATUS] t_ms=696518 hwm=5 cap=256 dropped=0 dropped_total=10502 crc_err=0 crc_err_total=0 rate1=512 rate2=512 prod1=512 prod2=512 dac_err=0 tx_drop=376 hb_ms=0 sma_state=6 m7_us=718534219 m4_us=716339598 vdd=5.067 offset=0.5000 aref=3.145 loop_us_avg=94 loop_us_max=5411 loop_hz=10638 cycle_log_ms=1 n_cycle=4 cc=1 cc_hz=1027 cc_i_tgt=0.1000 cc_u=0.9614 cc_r=5.9353 cc_tau_ms=7.00
[  88.789] AL_ALM
[  88.789] [ADC1] STATUS alarm(s): 0x49 PG
[  88.789] [STATUS] t_ms=697518 hwm=6 cap=256 dropped=0 dropped_total=10502 crc_err=0 crc_err_total=0 rate1=512 rate2=512 prod1=512 prod2=512 dac_err=0 tx_drop=376 hb_ms=0 sma_state=6 m7_us=719565617 m4_us=717371274 vdd=5.067 offset=0.5000 aref=3.145 loop_us_avg=94 loop_us_max=5486 loop_hz=10638 cycle_log_ms=1 n_cycle=4 cc=1 cc_hz=1025 cc_i_tgt=0.1000 cc_u=0.9614 cc_r=5.9353 cc_tau_ms=7.00
[  89.804] AL_ALM
[  89.804] [ADC1] STATUS alarm(s): 0x49 PG
[  89.866] [STATUS] t_ms=698518 hwm=5 cap=256 dropped=0 dropped_total=10502 crc_err=0 crc_err_total=0 rate1=512 rate2=512 prod1=512 prod2=512 dac_err=0 tx_drop=376 hb_ms=0 sma_state=6 m7_us=720597748 m4_us=718402990 vdd=5.067 offset=0.5000 aref=3.145 loop_us_avg=93 loop_us_max=5437 loop_hz=10752 cycle_log_ms=1 n_cycle=4 cc=1 cc_hz=1027 cc_i_tgt=0.1000 cc_u=0.9614 cc_r=5.9353 cc_tau_ms=7.00
[  90.797] AL_ALM
[  90.797] [ADC1] STATUS alarm(s): 0x49 PG
[  90.860] [STATUS] t_ms=699518 hwm=113 cap=256 dropped=0 dropped_total=10502 crc_err=0 crc_err_total=0 rate1=511 rate2=512 prod1=512 prod2=512 dac_err=0 tx_drop=376 hb_ms=0 sma_state=6 m7_us=721629278 m4_us=719434660 vdd=5.067 offset=0.5000 aref=3.145 loop_us_avg=105 loop_us_max=113456 loop_hz=9523 cycle_log_ms=1 n_cycle=4 cc=1 cc_hz=910 cc_i_tgt=0.1000 cc_u=0.9614 cc_r=5.9353 cc_tau_ms=7.00
[  91.806] AL_ALM
[  91.806] [ADC1] STATUS alarm(s): 0x9 PG
[  91.933] [STATUS] t_ms=700518 hwm=6 cap=256 dropped=0 dropped_total=10502 crc_err=0 crc_err_total=0 rate1=512 rate2=512 prod1=512 prod2=512 dac_err=0 tx_drop=376 hb_ms=0 sma_state=6 m7_us=722660341 m4_us=720466308 vdd=5.067 offset=0.5000 aref=3.145 loop_us_avg=93 loop_us_max=5353 loop_hz=10752 cycle_log_ms=1 n_cycle=4 cc=1 cc_hz=1026 cc_i_tgt=0.1000 cc_u=0.9614 cc_r=5.9353 cc_tau_ms=7.00
[  92.817] AL_ALM
[  92.817] [ADC1] STATUS alarm(s): 0xC9 PG
[  92.942] [STATUS] t_ms=701518 hwm=5 cap=256 dropped=0 dropped_total=10502 crc_err=0 crc_err_total=0 rate1=512 rate2=512 prod1=512 prod2=512 dac_err=0 tx_drop=376 hb_ms=0 sma_state=6 m7_us=723692530 m4_us=721497934 vdd=5.067 offset=0.5000 aref=3.145 loop_us_avg=92 loop_us_max=5341 loop_hz=10869 cycle_log_ms=1 n_cycle=4 cc=1 cc_hz=1026 cc_i_tgt=0.1000 cc_u=0.9614 cc_r=5.9353 cc_tau_ms=7.00
[  93.820] AL_ALM
[  93.820] [ADC1] STATUS alarm(s): 0xC9 PG
[  93.946] [STATUS] t_ms=702518 hwm=6 cap=256 dropped=0 dropped_total=10502 crc_err=0 crc_err_total=0 rate1=512 rate2=512 prod1=512 prod2=512 dac_err=0 tx_drop=376 hb_ms=0 sma_state=6 m7_us=724723611 m4_us=722529575 vdd=5.067 offset=0.5000 aref=3.145 loop_us_avg=93 loop_us_max=5341 loop_hz=10752 cycle_log_ms=1 n_cycle=4 cc=1 cc_hz=1026 cc_i_tgt=0.1000 cc_u=0.9614 cc_r=5.9353 cc_tau_ms=7.00
[  94.768] [SMA] [ACT] -> idle (done) after 6 cycle(s); still armed
[  94.832] AL_ALM
[  94.832] [
[  94.832] ADC1] STATUS alar
[  94.832] m(s): 0x49 PG
