[   0.063] [SMA] ARMED (MOSFET on); idle=0.500 V
[   0.063] : 0x49
[   0.063] [ADC1] STATUS alarm(s)
[   0.064] [STATUS] t_ms=3096425 hwm=5 cap=256 dropped=0 dropped_total=49724 crc_err=0 crc_err_total=0 rate1=512 rate2=512 prod1=512 prod2=512 dac_err=0 tx_drop=0 hb_ms=0 sma_state=0 m7_us=3195267758 m4_us=3193072959 vdd=5.067 offset=0.5000 aref=3.145 loop_us_avg=21 loop_us_max=4629 loop_hz=47619 cycle_log_ms=1 n_cycle=4 cc=0 cc_hz=0 cc_i_tgt=0.8500 cc_u=3.5291 cc_r=4.1537 cc_tau_ms=7.00
[   0.506] : 0x
[   0.506] [A
[   0.506] DC1] STATUS alarm
[   0.506] (s)
[   1.078] [STATUS] t_ms=3097425 hwm=5 cap=256 dropped=0 dropped_total=49724 crc_err=0 crc_err_total=0 rate1=512 rate2=512 prod1=512 prod2=512 dac_err=0 tx_drop=0 hb_ms=0 sma_state=0 m7_us=3196299742 m4_us=3194104946 vdd=5.067 offset=0.5000 aref=3.145 loop_us_avg=22 loop_us_max=4629 loop_hz=45454 cycle_log_ms=1 n_cycle=4 cc=0 cc_hz=0 cc_i_tgt=0.8500 cc_u=3.5291 cc_r=4.1537 cc_tau_ms=7.00
[   1.521] :
[   1.521] [ADC1] STATUS
[   1.521] alarm(s)
[   0.063] [SMA] [CC] start i_high=950.0mA i_low=0.0mA t_high=300 t_idle=30000 n=6 (0=cont) tau_ms=7.0 wdt_ms=5000
[   0.063] [STATUS] t_ms=3098425 hwm=5 cap=256 dropped=0 dropped_total=49724 crc_err=0 crc_err_total=0 rate1=512 rate2=512 prod1=512 prod2=512 dac_err=0 tx_drop=0 hb_ms=0 sma_state=7 m7_us=3197331704 m4_us=3195136895 vdd=5.067 offset=0.5000 aref=3.145 loop_us_avg=22 loop_us_max=4631 loop_hz=45454 cycle_log_ms=1 n_cycle=4 cc=0 cc_hz=0 cc_i_tgt=0.8500 cc_u=0.0000 cc_r=0.0000 cc_tau_ms=7.00
[   0.126] [SMA] [CC] seed R=4.844 ohm  I=103.2 mA  u=0.500 V  n=99
[   0.126] [SMA] [ACT] heat n=1/6 I=950.0mA ms=300
[   0.446] [SMA] [ACT] cool n=1/6 I=0.0mA ms=30000
[   0.509] : 0x49 PGA
[   0.509] L_ALM
[   0.509] [ADC1] STA
[   0.509] TUS alarm(s
[   1.082] [STATUS] t_ms=3099425 hwm=5 cap=256 dropped=0 dropped_total=49724 crc_err=0 crc_err_total=0 rate1=512 rate2=513 prod1=512 prod2=513 dac_err=0 tx_drop=0 hb_ms=0 sma_state=6 m7_us=3198363898 m4_us=3196169843 vdd=5.067 offset=0.5000 aref=3.145 loop_us_avg=41 loop_us_max=4867 loop_hz=24390 cycle_log_ms=1 n_cycle=4 cc=0 cc_hz=307 cc_i_tgt=0.9500 cc_u=3.8511 cc_r=4.1059 cc_tau_ms=7.00
[   1.528] ):
[   1.528] [A
[   1.528] DC1] STATUS ala
[   1.528] rm(
[   2.159] [STATUS] t_ms=3100425 hwm=5 cap=256 dropped=0 dropped_total=49724 crc_err=0 crc_err_total=0 rate1=512 rate2=512 prod1=512 prod2=512 dac_err=0 tx_drop=0 hb_ms=0 sma_state=6 m7_us=3199395927 m4_us=3197201811 vdd=5.067 offset=0.5000 aref=3.145 loop_us_avg=33 loop_us_max=5002 loop_hz=30303 cycle_log_ms=1 n_cycle=4 cc=0 cc_hz=0 cc_i_tgt=0.9500 cc_u=3.8511 cc_r=4.1059 cc_tau_ms=7.00
[   2.538] [ADC1] STATUS alarm(s
[   3.173] [STATUS] t_ms=3101425 hwm=5 cap=256 dropped=0 dropped_total=49724 crc_err=0 crc_err_total=0 rate1=512 rate2=512 prod1=512 prod2=512 dac_err=0 tx_drop=0 hb_ms=0 sma_state=6 m7_us=3200427942 m4_us=3198233779 vdd=5.067 offset=0.5000 aref=3.145 loop_us_avg=33 loop_us_max=5016 loop_hz=30303 cycle_log_ms=1 n_cycle=4 cc=0 cc_hz=0 cc_i_tgt=0.9500 cc_u=3.8511 cc_r=4.1059 cc_tau_ms=7.00
[   3.556] ):
[   3.556] [
[   3.556] ADC1] STATUS alarm(s)
[   4.187] [STATUS] t_ms=3102425 hwm=5 cap=256 dropped=0 dropped_total=49724 crc_err=0 crc_err_total=0 rate1=512 rate2=511 prod1=512 prod2=511 dac_err=0 tx_drop=0 hb_ms=0 sma_state=6 m7_us=3201459540 m4_us=3199264738 vdd=5.067 offset=0.5000 aref=3.145 loop_us_avg=33 loop_us_max=5004 loop_hz=30303 cycle_log_ms=1 n_cycle=4 cc=0 cc_hz=0 cc_i_tgt=0.9500 cc_u=3.8511 cc_r=4.1059 cc_tau_ms=7.00
[   4.569] [ADC1] STATUS alarm(s)
[   5.204] [STATUS] t_ms=3103425 hwm=5 cap=256 dropped=0 dropped_total=49724 crc_err=0 crc_err_total=0 rate1=512 rate2=513 prod1=512 prod2=513 dac_err=0 tx_drop=0 hb_ms=0 sma_state=6 m7_us=3202491774 m4_us=3200297734 vdd=5.067 offset=0.5000 aref=3.145 loop_us_avg=33 loop_us_max=4919 loop_hz=30303 cycle_log_ms=1 n_cycle=4 cc=0 cc_hz=0 cc_i_tgt=0.9500 cc_u=3.8511 cc_r=4.1059 cc_tau_ms=7.00
[   5.520] : 0xC9 P
[   5.520] GAL_ALM
[   5.520] [ADC1]
[   5.520] STATUS alarm(s)
[   6.280] [STATUS] t_ms=3104425 hwm=5 cap=256 dropped=0 dropped_total=49724 crc_err=0 crc_err_total=0 rate1=512 rate2=512 prod1=512 prod2=512 dac_err=0 tx_drop=0 hb_ms=0 sma_state=6 m7_us=3203523792 m4_us=3201329680 vdd=5.067 offset=0.5000 aref=3.145 loop_us_avg=33 loop_us_max=5005 loop_hz=30303 cycle_log_ms=1 n_cycle=4 cc=0 cc_hz=0 cc_i_tgt=0.9500 cc_u=3.8511 cc_r=4.1059 cc_tau_ms=7.00
[   6.532] : 0x
[   6.532] [ADC1
[   6.532] ] STATUS alarm(
[   6.532] s)
[   7.291] [STATUS] t_ms=3105425 hwm=5 cap=256 dropped=0 dropped_total=49724 crc_err=0 crc_err_total=0 rate1=512 rate2=512 prod1=512 prod2=512 dac_err=0 tx_drop=0 hb_ms=0 sma_state=6 m7_us=3204555774 m4_us=3202361622 vdd=5.067 offset=0.5000 aref=3.145 loop_us_avg=33 loop_us_max=4995 loop_hz=30303 cycle_log_ms=1 n_cycle=4 cc=0 cc_hz=0 cc_i_tgt=0.9500 cc_u=3.8511 cc_r=4.1059 cc_tau_ms=7.00
[   7.544] [ADC1] STATUS alarm(s)
[   8.305] [STATUS] t_ms=3106425 hwm=5 cap=256 dropped=0 dropped_total=49724 crc_err=0 crc_err_total=0 rate1=512 rate2=511 prod1=512 prod2=511 dac_err=0 tx_drop=0 hb_ms=0 sma_state=6 m7_us=3205587370 m4_us=3203392537 vdd=5.067 offset=0.5000 aref=3.145 loop_us_avg=33 loop_us_max=5007 loop_hz=30303 cycle_log_ms=1 n_cycle=4 cc=0 cc_hz=0 cc_i_tgt=0.9500 cc_u=3.8511 cc_r=4.1059 cc_tau_ms=7.00
[   8.559] ALM
[   8.559] [ADC1] STA
[   8.559] TUS alarm(s)
[   9.382] [STATUS] t_ms=3107425 hwm=5 cap=256 dropped=0 dropped_total=49724 crc_err=0 crc_err_total=0 rate1=512 rate2=513 prod1=512 prod2=513 dac_err=0 tx_drop=0 hb_ms=0 sma_state=6 m7_us=3206619549 m4_us=3204425485 vdd=5.067 offset=0.5000 aref=3.145 loop_us_avg=34 loop_us_max=4964 loop_hz=29411 cycle_log_ms=1 n_cycle=4 cc=0 cc_hz=0 cc_i_tgt=0.9500 cc_u=3.8511 cc_r=4.1059 cc_tau_ms=7.00
[   9.572] : 0xC
[   9.572] [ADC
[   9.572] 1] STATUS alarm(s)
[  10.396] [STATUS] t_ms=3108425 hwm=5 cap=256 dropped=0 dropped_total=49724 crc_err=0 crc_err_total=0 rate1=512 rate2=512 prod1=512 prod2=512 dac_err=0 tx_drop=0 hb_ms=0 sma_state=6 m7_us=3207651554 m4_us=3205457424 vdd=5.067 offset=0.5000 aref=3.145 loop_us_avg=33 loop_us_max=5002 loop_hz=30303 cycle_log_ms=1 n_cycle=4 cc=0 cc_hz=0 cc_i_tgt=0.9500 cc_u=3.8511 cc_r=4.1059 cc_tau_ms=7.00
[  10.586] : 0x
[  10.586] [A
[  10.586] DC1] STATUS ala
[  10.586] rm(s)
[  11.412] [STATUS] t_ms=3109425 hwm=5 cap=256 dropped=0 dropped_total=49724 crc_err=0 crc_err_total=0 rate1=512 rate2=511 prod1=512 prod2=511 dac_err=0 tx_drop=0 hb_ms=0 sma_state=6 m7_us=3208683168 m4_us=3206488354 vdd=5.067 offset=0.5000 aref=3.145 loop_us_avg=33 loop_us_max=5003 loop_hz=30303 cycle_log_ms=1 n_cycle=4 cc=0 cc_hz=0 cc_i_tgt=0.9500 cc_u=3.8511 cc_r=4.1059 cc_tau_ms=7.00
[  11.600] : 0
[  11.600] [A
[  11.600] DC1] STATUS alarm(s)
[  12.425] [STATUS] t_ms=3110425 hwm=5 cap=256 dropped=0 dropped_total=49724 crc_err=0 crc_err_total=0 rate1=512 rate2=513 prod1=512 prod2=513 dac_err=0 tx_drop=0 hb_ms=0 sma_state=6 m7_us=3209715371 m4_us=3207521309 vdd=5.067 offset=0.5000 aref=3.145 loop_us_avg=34 loop_us_max=4943 loop_hz=29411 cycle_log_ms=1 n_cycle=4 cc=0 cc_hz=0 cc_i_tgt=0.9500 cc_u=3.8511 cc_r=4.1059 cc_tau_ms=7.00
[  12.616] : 0x49
[  12.616] [ADC1]
[  12.616] STATUS alarm(s)
[  13.506] [STATUS] t_ms=3111425 hwm=5 cap=256 dropped=0 dropped_total=49724 crc_err=0 crc_err_total=0 rate1=512 rate2=512 prod1=512 prod2=512 dac_err=0 tx_drop=0 hb_ms=0 sma_state=6 m7_us=3210747389 m4_us=3208553222 vdd=5.067 offset=0.5000 aref=3.145 loop_us_avg=33 loop_us_max=5011 loop_hz=30303 cycle_log_ms=1 n_cycle=4 cc=0 cc_hz=0 cc_i_tgt=0.9500 cc_u=3.8511 cc_r=4.1059 cc_tau_ms=7.00
[  13.633] [ADC1] STATUS alarm(s)
[  14.523] [STATUS] t_ms=3112425 hwm=5 cap=256 dropped=0 dropped_total=49724 crc_err=0 crc_err_total=0 rate1=512 rate2=512 prod1=512 prod2=512 dac_err=0 tx_drop=0 hb_ms=0 sma_state=6 m7_us=3211779180 m4_us=3209585120 vdd=5.067 offset=0.5000 aref=3.145 loop_us_avg=33 loop_us_max=5001 loop_hz=30303 cycle_log_ms=1 n_cycle=4 cc=0 cc_hz=0 cc_i_tgt=0.9500 cc_u=3.8511 cc_r=4.1059 cc_tau_ms=7.00
[  14.586] [ADC1] STATUS alarm(s)
[  15.541] [STATUS] t_ms=3113425 hwm=5 cap=256 dropped=0 dropped_total=49724 crc_err=0 crc_err_total=0 rate1=512 rate2=511 prod1=512 prod2=511 dac_err=0 tx_drop=0 hb_ms=0 sma_state=6 m7_us=3212810811 m4_us=3210615999 vdd=5.067 offset=0.5000 aref=3.145 loop_us_avg=33 loop_us_max=5028 loop_hz=30303 cycle_log_ms=1 n_cycle=4 cc=0 cc_hz=0 cc_i_tgt=0.9500 cc_u=3.8511 cc_r=4.1059 cc_tau_ms=7.00
[  15.605] [ADC1] STATUS alarm(s
[  16.554] [STATUS] t_ms=3114425 hwm=5 cap=256 dropped=0 dropped_total=49724 crc_err=0 crc_err_total=0 rate1=512 rate2=513 prod1=512 prod2=513 dac_err=0 tx_drop=0 hb_ms=0 sma_state=6 m7_us=3213842994 m4_us=3211648928 vdd=5.067 offset=0.5000 aref=3.145 loop_us_avg=34 loop_us_max=4931 loop_hz=29411 cycle_log_ms=1 n_cycle=4 cc=0 cc_hz=0 cc_i_tgt=0.9500 cc_u=3.8511 cc_r=4.1059 cc_tau_ms=7.00
[  16.616] ): 0x
[  16.616] [ADC1
[  16.616] ] STATUS alarm(s
[  17.630] [STATUS] t_ms=3115425 hwm=5 cap=256 dropped=0 dropped_total=49724 crc_err=0 crc_err_total=0 rate1=512 rate2=512 prod1=512 prod2=512 dac_err=0 tx_drop=0 hb_ms=0 sma_state=6 m7_us=3214874984 m4_us=3212680854 vdd=5.067 offset=0.5000 aref=3.145 loop_us_avg=33 loop_us_max=5003 loop_hz=30303 cycle_log_ms=1 n_cycle=4 cc=0 cc_hz=0 cc_i_tgt=0.9500 cc_u=3.8511 cc_r=4.1059 cc_tau_ms=7.00
[  17.630] _ALM
[  17.630] [ADC1] STAT
[  17.630] US alarm(s)
[  18.644] [STATUS] t_ms=3116425 hwm=5 cap=256 dropped=0 dropped_total=49724 crc_err=0 crc_err_total=0 rate1=512 rate2=512 prod1=512 prod2=512 dac_err=0 tx_drop=0 hb_ms=0 sma_state=6 m7_us=3215906814 m4_us=3213712742 vdd=5.067 offset=0.5000 aref=3.145 loop_us_avg=33 loop_us_max=5015 loop_hz=30303 cycle_log_ms=1 n_cycle=4 cc=0 cc_hz=0 cc_i_tgt=0.9500 cc_u=3.8511 cc_r=4.1059 cc_tau_ms=7.00
[  18.644] [ADC1] STATUS alarm(s)
[  19.659] : 0xC
[  19.659] [ADC1] STATUS alarm(s)
[  19.659] [STATUS] t_ms=3117425 hwm=5 cap=256 dropped=0 dropped_total=49724 crc_err=0 crc_err_total=0 rate1=512 rate2=511 prod1=512 prod2=511 dac_err=0 tx_drop=0 hb_ms=0 sma_state=6 m7_us=3216938416 m4_us=3214743612 vdd=5.067 offset=0.5000 aref=3.145 loop_us_avg=33 loop_us_max=5018 loop_hz=30303 cycle_log_ms=1 n_cycle=4 cc=0 cc_hz=0 cc_i_tgt=0.9500 cc_u=3.8511 cc_r=4.1059 cc_tau_ms=7.00
[  20.674] [ADC1] STATUS alarm(s)
[  20.738] [STATUS] t_ms=3118425 hwm=5 cap=256 dropped=0 dropped_total=49724 crc_err=0 crc_err_total=0 rate1=512 rate2=513 prod1=512 prod2=513 dac_err=0 tx_drop=0 hb_ms=0 sma_state=6 m7_us=3217970559 m4_us=3215776493 vdd=5.067 offset=0.5000 aref=3.145 loop_us_avg=33 loop_us_max=4912 loop_hz=30303 cycle_log_ms=1 n_cycle=4 cc=0 cc_hz=0 cc_i_tgt=0.9500 cc_u=3.8511 cc_r=4.1059 cc_tau_ms=7.00
[  21.690] :
[  21.690] [ADC1] STATUS ala
[  21.690] rm(s)
[  21.753] [STATUS] t_ms=3119425 hwm=5 cap=256 dropped=0 dropped_total=49724 crc_err=0 crc_err_total=0 rate1=512 rate2=511 prod1=512 prod2=511 dac_err=0 tx_drop=0 hb_ms=0 sma_state=6 m7_us=3219002192 m4_us=3216807381 vdd=5.067 offset=0.5000 aref=3.145 loop_us_avg=33 loop_us_max=5000 loop_hz=30303 cycle_log_ms=1 n_cycle=4 cc=0 cc_hz=0 cc_i_tgt=0.9500 cc_u=3.8511 cc_r=4.1059 cc_tau_ms=7.00
[  22.705] : 0xC9 PGA
[  22.705] L_ALM
[  22.705] [ADC1] STA
[  22.705] TUS alarm(s
[  22.766] [STATUS] t_ms=3120425 hwm=5 cap=256 dropped=0 dropped_total=49724 crc_err=0 crc_err_total=0 rate1=512 rate2=513 prod1=512 prod2=513 dac_err=0 tx_drop=0 hb_ms=0 sma_state=6 m7_us=3220034377 m4_us=3217840317 vdd=5.067 offset=0.5000 aref=3.145 loop_us_avg=33 loop_us_max=4928 loop_hz=30303 cycle_log_ms=1 n_cycle=4 cc=0 cc_hz=0 cc_i_tgt=0.9500 cc_u=3.8511 cc_r=4.1059 cc_tau_ms=7.00
[  23.716] [ADC1] STATUS alarm(s
[  23.780] [STATUS] t_ms=3121425 hwm=5 cap=256 dropped=0 dropped_total=49724 crc_err=0 crc_err_total=0 rate1=512 rate2=511 prod1=512 prod2=511 dac_err=0 tx_drop=0 hb_ms=0 sma_state=6 m7_us=3221065993 m4_us=3218871189 vdd=5.067 offset=0.5000 aref=3.145 loop_us_avg=33 loop_us_max=5009 loop_hz=30303 cycle_log_ms=1 n_cycle=4 cc=0 cc_hz=0 cc_i_tgt=0.9500 cc_u=3.8511 cc_r=4.1059 cc_tau_ms=7.00
[  24.724] [
[  24.724] ADC1] STATUS alar
[  24.724] m(s
[  24.852] [STATUS] t_ms=3122425 hwm=5 cap=256 dropped=0 dropped_total=49724 crc_err=0 crc_err_total=0 rate1=512 rate2=513 prod1=512 prod2=513 dac_err=0 tx_drop=0 hb_ms=0 sma_state=6 m7_us=3222098169 m4_us=3219904105 vdd=5.067 offset=0.5000 aref=3.145 loop_us_avg=34 loop_us_max=4924 loop_hz=29411 cycle_log_ms=1 n_cycle=4 cc=0 cc_hz=0 cc_i_tgt=0.9500 cc_u=3.8511 cc_r=4.1059 cc_tau_ms=7.00
[  25.676] _ALM
[  25.676] [ADC1] STATUS alarm(s
[  25.866] [STATUS] t_ms=3123425 hwm=5 cap=256 dropped=0 dropped_total=49724 crc_err=0 crc_err_total=0 rate1=512 rate2=512 prod1=512 prod2=512 dac_err=0 tx_drop=0 hb_ms=0 sma_state=6 m7_us=3223130171 m4_us=3220936022 vdd=5.067 offset=0.5000 aref=3.145 loop_us_avg=33 loop_us_max=5003 loop_hz=30303 cycle_log_ms=1 n_cycle=4 cc=0 cc_hz=0 cc_i_tgt=0.9500 cc_u=3.8511 cc_r=4.1059 cc_tau_ms=7.00
[  26.688] ): 0
[  26.688] [A
[  26.688] DC1] STATUS ala
[  26.688] rm(s
[  26.879] [STATUS] t_ms=3124425 hwm=5 cap=256 dropped=0 dropped_total=49724 crc_err=0 crc_err_total=0 rate1=512 rate2=511 prod1=512 prod2=511 dac_err=0 tx_drop=0 hb_ms=0 sma_state=6 m7_us=3224161744 m4_us=3221966927 vdd=5.067 offset=0.5000 aref=3.145 loop_us_avg=33 loop_us_max=4995 loop_hz=30303 cycle_log_ms=1 n_cycle=4 cc=0 cc_hz=0 cc_i_tgt=0.9500 cc_u=3.8511 cc_r=4.1059 cc_tau_ms=7.00
[  27.703] ): 0x49 P
[  27.703] GAL_ALM
[  27.703] [ADC1]
[  27.703] STATUS alarm(
[  27.956] [STATUS] t_ms=3125425 hwm=5 cap=256 dropped=0 dropped_total=49724 crc_err=0 crc_err_total=0 rate1=512 rate2=513 prod1=512 prod2=513 dac_err=0 tx_drop=0 hb_ms=0 sma_state=6 m7_us=3225193920 m4_us=3222999850 vdd=5.067 offset=0.5000 aref=3.145 loop_us_avg=33 loop_us_max=4930 loop_hz=30303 cycle_log_ms=1 n_cycle=4 cc=0 cc_hz=0 cc_i_tgt=0.9500 cc_u=3.8511 cc_r=4.1059 cc_tau_ms=7.00
[  28.721] s): 0x49 PGA
[  28.721] L_ALM
[  28.721] [ADC1] ST
[  28.721] ATUS alarm(
[  28.975] [STATUS] t_ms=3126425 hwm=5 cap=256 dropped=0 dropped_total=49724 crc_err=0 crc_err_total=0 rate1=512 rate2=512 prod1=512 prod2=512 dac_err=0 tx_drop=0 hb_ms=0 sma_state=6 m7_us=3226225927 m4_us=3224031792 vdd=5.067 offset=0.5000 aref=3.145 loop_us_avg=33 loop_us_max=5015 loop_hz=30303 cycle_log_ms=1 n_cycle=4 cc=0 cc_hz=0 cc_i_tgt=0.9500 cc_u=3.8511 cc_r=4.1059 cc_tau_ms=7.00
[  29.739] [ADC1] STATUS alarm(s
[  29.994] [STATUS] t_ms=3127425 hwm=5 cap=256 dropped=0 dropped_total=49724 crc_err=0 crc_err_total=0 rate1=512 rate2=511 prod1=512 prod2=511 dac_err=0 tx_drop=0 hb_ms=0 sma_state=6 m7_us=3227257537 m4_us=3225062728 vdd=5.067 offset=0.5000 aref=3.145 loop_us_avg=33 loop_us_max=5007 loop_hz=30303 cycle_log_ms=1 n_cycle=4 cc=0 cc_hz=0 cc_i_tgt=0.9500 cc_u=3.8511 cc_r=4.1059 cc_tau_ms=7.00
[  30.753] [ADC1] STATUS alarm(s
[  31.006] [STATUS] t_ms=3128425 hwm=5 cap=256 dropped=0 dropped_total=49724 crc_err=0 crc_err_total=0 rate1=512 rate2=513 prod1=512 prod2=513 dac_err=0 tx_drop=0 hb_ms=0 sma_state=6 m7_us=3228289770 m4_us=3226095696 vdd=5.067 offset=0.5000 aref=3.145 loop_us_avg=34 loop_us_max=4923 loop_hz=29411 cycle_log_ms=1 n_cycle=4 cc=0 cc_hz=0 cc_i_tgt=0.9500 cc_u=3.8511 cc_r=4.1059 cc_tau_ms=7.00
[  31.388] [SMA] [ACT] heat n=2/6 I=950.0mA ms=300
[  31.703] [SMA] [ACT] cool n=2/6 I=0.0mA ms=30000
[  31.767] ): 0xC
[  31.767] [ADC1
[  31.767] ] STATUS alarm(
[  31.767] s
[  32.083] [STATUS] t_ms=3129425 hwm=5 cap=256 dropped=0 dropped_total=49724 crc_err=0 crc_err_total=0 rate1=512 rate2=512 prod1=512 prod2=512 dac_err=0 tx_drop=0 hb_ms=0 sma_state=6 m7_us=3229321653 m4_us=3227127600 vdd=5.067 offset=0.5000 aref=3.145 loop_us_avg=42 loop_us_max=5001 loop_hz=23809 cycle_log_ms=1 n_cycle=4 cc=0 cc_hz=309 cc_i_tgt=0.9500 cc_u=3.8290 cc_r=4.0868 cc_tau_ms=7.00
[  32.778] ): 0xC9 PG
[  32.778] AL_ALM
[  32.778] [ADC1] ST
[  32.778] ATUS alarm(s
[  33.095] [STATUS] t_ms=3130425 hwm=5 cap=256 dropped=0 dropped_total=49724 crc_err=0 crc_err_total=0 rate1=512 rate2=512 prod1=512 prod2=512 dac_err=0 tx_drop=0 hb_ms=0 sma_state=6 m7_us=3230353647 m4_us=3228159494 vdd=5.067 offset=0.5000 aref=3.145 loop_us_avg=33 loop_us_max=4994 loop_hz=30303 cycle_log_ms=1 n_cycle=4 cc=0 cc_hz=0 cc_i_tgt=0.9500 cc_u=3.8290 cc_r=4.0868 cc_tau_ms=7.00
[  33.791] [ADC1] STATUS
[  33.791] alarm(s
[  34.109] [STATUS] t_ms=3131425 hwm=5 cap=256 dropped=0 dropped_total=49724 crc_err=0 crc_err_total=0 rate1=512 rate2=511 prod1=512 prod2=511 dac_err=0 tx_drop=0 hb_ms=0 sma_state=6 m7_us=3231385228 m4_us=3229190415 vdd=5.067 offset=0.5000 aref=3.145 loop_us_avg=33 loop_us_max=4991 loop_hz=30303 cycle_log_ms=1 n_cycle=4 cc=0 cc_hz=0 cc_i_tgt=0.9500 cc_u=3.8290 cc_r=4.0868 cc_tau_ms=7.00
[  34.743] ): 0xC9
[  34.743] [ADC1]
[  34.743] STATUS alarm(s
[  35.187] [STATUS] t_ms=3132425 hwm=5 cap=256 dropped=0 dropped_total=49724 crc_err=0 crc_err_total=0 rate1=512 rate2=513 prod1=512 prod2=513 dac_err=0 tx_drop=0 hb_ms=0 sma_state=6 m7_us=3232417424 m4_us=3230223350 vdd=5.067 offset=0.5000 aref=3.145 loop_us_avg=33 loop_us_max=4916 loop_hz=30303 cycle_log_ms=1 n_cycle=4 cc=0 cc_hz=0 cc_i_tgt=0.9500 cc_u=3.8290 cc_r=4.0868 cc_tau_ms=7.00
[  35.759] [ADC1] STATUS alarm(s
[  36.204] [STATUS] t_ms=3133425 hwm=5 cap=256 dropped=0 dropped_total=49724 crc_err=0 crc_err_total=0 rate1=512 rate2=512 prod1=512 prod2=512 dac_err=0 tx_drop=0 hb_ms=0 sma_state=6 m7_us=3233449415 m4_us=3231255312 vdd=5.067 offset=0.5000 aref=3.145 loop_us_avg=33 loop_us_max=4997 loop_hz=30303 cycle_log_ms=1 n_cycle=4 cc=0 cc_hz=0 cc_i_tgt=0.9500 cc_u=3.8290 cc_r=4.0868 cc_tau_ms=7.00
[  36.773] ): 0x49
[  36.773] [ADC1
[  36.773] ] STATUS alarm(s
[  37.215] [STATUS] t_ms=3134425 hwm=5 cap=256 dropped=0 dropped_total=49724 crc_err=0 crc_err_total=0 rate1=512 rate2=512 prod1=512 prod2=512 dac_err=0 tx_drop=0 hb_ms=0 sma_state=6 m7_us=3234481420 m4_us=3232287286 vdd=5.067 offset=0.5000 aref=3.145 loop_us_avg=33 loop_us_max=4995 loop_hz=30303 cycle_log_ms=1 n_cycle=4 cc=0 cc_hz=0 cc_i_tgt=0.9500 cc_u=3.8290 cc_r=4.0868 cc_tau_ms=7.00
[  37.785] ):
[  37.785] [ADC1] STATUS al
[  37.785] arm(s
[  38.230] [STATUS] t_ms=3135425 hwm=5 cap=256 dropped=0 dropped_total=49724 crc_err=0 crc_err_total=0 rate1=512 rate2=511 prod1=512 prod2=511 dac_err=0 tx_drop=0 hb_ms=0 sma_state=6 m7_us=3235513028 m4_us=3233318223 vdd=5.067 offset=0.5000 aref=3.145 loop_us_avg=33 loop_us_max=4997 loop_hz=30303 cycle_log_ms=1 n_cycle=4 cc=0 cc_hz=0 cc_i_tgt=0.9500 cc_u=3.8290 cc_r=4.0868 cc_tau_ms=7.00
[  38.801] ): 0
[  38.801] [A
[  38.801] DC1] STATUS alarm
[  38.801] (s
[  39.309] [STATUS] t_ms=3136425 hwm=5 cap=256 dropped=0 dropped_total=49724 crc_err=0 crc_err_total=0 rate1=512 rate2=513 prod1=512 prod2=513 dac_err=0 tx_drop=0 hb_ms=0 sma_state=6 m7_us=3236545246 m4_us=3234351178 vdd=5.067 offset=0.5000 aref=3.145 loop_us_avg=33 loop_us_max=4918 loop_hz=30303 cycle_log_ms=1 n_cycle=4 cc=0 cc_hz=0 cc_i_tgt=0.9500 cc_u=3.8290 cc_r=4.0868 cc_tau_ms=7.00
[  39.818] [ADC1] STATUS al
[  39.818] arm(s
[  40.325] [STATUS] t_ms=3137425 hwm=5 cap=256 dropped=0 dropped_total=49724 crc_err=0 crc_err_total=0 rate1=512 rate2=512 prod1=512 prod2=512 dac_err=0 tx_drop=0 hb_ms=0 sma_state=6 m7_us=3237577259 m4_us=3235383126 vdd=5.067 offset=0.5000 aref=3.145 loop_us_avg=33 loop_us_max=5004 loop_hz=30303 cycle_log_ms=1 n_cycle=4 cc=0 cc_hz=0 cc_i_tgt=0.9500 cc_u=3.8290 cc_r=4.0868 cc_tau_ms=7.00
[  40.834] [ADC1] STATUS alarm(s
[  41.339] [STATUS] t_ms=3138425 hwm=5 cap=256 dropped=0 dropped_total=49724 crc_err=0 crc_err_total=0 rate1=512 rate2=511 prod1=512 prod2=511 dac_err=0 tx_drop=0 hb_ms=0 sma_state=6 m7_us=3238608893 m4_us=3236414085 vdd=5.067 offset=0.5000 aref=3.145 loop_us_avg=33 loop_us_max=5002 loop_hz=30303 cycle_log_ms=1 n_cycle=4 cc=0 cc_hz=0 cc_i_tgt=0.9500 cc_u=3.8290 cc_r=4.0868 cc_tau_ms=7.00
[  41.843] [ADC1] STATUS alarm(s
[  42.352] [STATUS] t_ms=3139425 hwm=5 cap=256 dropped=0 dropped_total=49724 crc_err=0 crc_err_total=0 rate1=512 rate2=513 prod1=512 prod2=513 dac_err=0 tx_drop=0 hb_ms=0 sma_state=6 m7_us=3239641141 m4_us=3237447101 vdd=5.067 offset=0.5000 aref=3.145 loop_us_avg=33 loop_us_max=4917 loop_hz=30303 cycle_log_ms=1 n_cycle=4 cc=0 cc_hz=0 cc_i_tgt=0.9500 cc_u=3.8290 cc_r=4.0868 cc_tau_ms=7.00
[  42.860] ): 0
[  42.860] [
[  42.860] ADC1] STATUS ala
[  42.860] rm(
[  43.432] [STATUS] t_ms=3140425 hwm=5 cap=256 dropped=0 dropped_total=49724 crc_err=0 crc_err_total=0 rate1=512 rate2=512 prod1=512 prod2=512 dac_err=0 tx_drop=0 hb_ms=0 sma_state=6 m7_us=3240673147 m4_us=3238479040 vdd=5.067 offset=0.5000 aref=3.145 loop_us_avg=33 loop_us_max=5008 loop_hz=30303 cycle_log_ms=1 n_cycle=4 cc=0 cc_hz=0 cc_i_tgt=0.9500 cc_u=3.8290 cc_r=4.0868 cc_tau_ms=7.00
[  43.815] s): 0x
[  43.815] [ADC
[  43.815] 1] STATUS alarm
[  44.448] [STATUS] t_ms=3141425 hwm=5 cap=256 dropped=0 dropped_total=49724 crc_err=0 crc_err_total=0 rate1=512 rate2=511 prod1=512 prod2=511 dac_err=0 tx_drop=0 hb_ms=0 sma_state=6 m7_us=3241704769 m4_us=3239509970 vdd=5.067 offset=0.5000 aref=3.145 loop_us_avg=33 loop_us_max=5004 loop_hz=30303 cycle_log_ms=1 n_cycle=4 cc=0 cc_hz=0 cc_i_tgt=0.9500 cc_u=3.8290 cc_r=4.0868 cc_tau_ms=7.00
[  44.829] (s):
[  44.829] [ADC1] STATUS
[  44.829] alarm(
[  45.463] [STATUS] t_ms=3142425 hwm=5 cap=256 dropped=0 dropped_total=49724 crc_err=0 crc_err_total=0 rate1=512 rate2=513 prod1=512 prod2=513 dac_err=0 tx_drop=0 hb_ms=0 sma_state=6 m7_us=3242736940 m4_us=3240542877 vdd=5.067 offset=0.5000 aref=3.145 loop_us_avg=34 loop_us_max=4929 loop_hz=29411 cycle_log_ms=1 n_cycle=4 cc=0 cc_hz=0 cc_i_tgt=0.9500 cc_u=3.8290 cc_r=4.0868 cc_tau_ms=7.00
[  45.844] [ADC1] STATUS alarm(s
[  46.541] [STATUS] t_ms=3143425 hwm=5 cap=256 dropped=0 dropped_total=49724 crc_err=0 crc_err_total=0 rate1=512 rate2=512 prod1=512 prod2=512 dac_err=0 tx_drop=0 hb_ms=0 sma_state=6 m7_us=3243768936 m4_us=3241574813 vdd=5.067 offset=0.5000 aref=3.145 loop_us_avg=33 loop_us_max=5006 loop_hz=30303 cycle_log_ms=1 n_cycle=4 cc=0 cc_hz=0 cc_i_tgt=0.9500 cc_u=3.8290 cc_r=4.0868 cc_tau_ms=7.00
[  46.857] ):
[  46.857] [ADC1] STATUS alarm(s
[  47.551] [STATUS] t_ms=3144425 hwm=5 cap=256 dropped=0 dropped_total=49724 crc_err=0 crc_err_total=0 rate1=512 rate2=511 prod1=512 prod2=511 dac_err=0 tx_drop=0 hb_ms=0 sma_state=6 m7_us=3244800554 m4_us=3242605746 vdd=5.067 offset=0.5000 aref=3.145 loop_us_avg=33 loop_us_max=4999 loop_hz=30303 cycle_log_ms=1 n_cycle=4 cc=0 cc_hz=0 cc_i_tgt=0.9500 cc_u=3.8290 cc_r=4.0868 cc_tau_ms=7.00
[  47.870] [ADC1] STATUS alarm(s
[  48.565] [STATUS] t_ms=3145425 hwm=5 cap=256 dropped=0 dropped_total=49724 crc_err=0 crc_err_total=0 rate1=512 rate2=513 prod1=512 prod2=513 dac_err=0 tx_drop=0 hb_ms=0 sma_state=6 m7_us=3245832763 m4_us=3243638694 vdd=5.067 offset=0.5000 aref=3.145 loop_us_avg=34 loop_us_max=4917 loop_hz=29411 cycle_log_ms=1 n_cycle=4 cc=0 cc_hz=0 cc_i_tgt=0.9500 cc_u=3.8290 cc_r=4.0868 cc_tau_ms=7.00
[  48.884] ):
[  48.884] [A
[  48.884] DC1] STATUS alarm
[  48.884] (s
[  49.582] [STATUS] t_ms=3146425 hwm=5 cap=256 dropped=0 dropped_total=49724 crc_err=0 crc_err_total=0 rate1=512 rate2=512 prod1=512 prod2=512 dac_err=0 tx_drop=0 hb_ms=0 sma_state=6 m7_us=3246864768 m4_us=3244670630 vdd=5.067 offset=0.5000 aref=3.145 loop_us_avg=33 loop_us_max=5004 loop_hz=30303 cycle_log_ms=1 n_cycle=4 cc=0 cc_hz=0 cc_i_tgt=0.9500 cc_u=3.8290 cc_r=4.0868 cc_tau_ms=7.00
[  49.899] ): 0
[  49.899] [ADC
[  49.899] 1] STATUS alarm(
[  49.899] s
[  50.660] [STATUS] t_ms=3147425 hwm=5 cap=256 dropped=0 dropped_total=49724 crc_err=0 crc_err_total=0 rate1=512 rate2=512 prod1=512 prod2=512 dac_err=0 tx_drop=0 hb_ms=0 sma_state=6 m7_us=3247896750 m4_us=3245702598 vdd=5.067 offset=0.5000 aref=3.145 loop_us_avg=33 loop_us_max=5002 loop_hz=30303 cycle_log_ms=1 n_cycle=4 cc=0 cc_hz=0 cc_i_tgt=0.9500 cc_u=3.8290 cc_r=4.0868 cc_tau_ms=7.00
[  50.913] [ADC1] STATUS alarm(s
[  51.674] [STATUS] t_ms=3148425 hwm=5 cap=256 dropped=0 dropped_total=49724 crc_err=0 crc_err_total=0 rate1=512 rate2=512 prod1=512 prod2=512 dac_err=0 tx_drop=0 hb_ms=0 sma_state=6 m7_us=3248928783 m4_us=3246734618 vdd=5.067 offset=0.5000 aref=3.145 loop_us_avg=33 loop_us_max=5006 loop_hz=30303 cycle_log_ms=1 n_cycle=4 cc=0 cc_hz=0 cc_i_tgt=0.9500 cc_u=3.8290 cc_r=4.0868 cc_tau_ms=7.00
[  51.928] ): 0x
[  51.928] [ADC1] STATUS alarm(s
[  52.690] [STATUS] t_ms=3149425 hwm=5 cap=256 dropped=0 dropped_total=49724 crc_err=0 crc_err_total=0 rate1=512 rate2=512 prod1=512 prod2=512 dac_err=0 tx_drop=0 hb_ms=0 sma_state=6 m7_us=3249960764 m4_us=3247766621 vdd=5.067 offset=0.5000 aref=3.145 loop_us_avg=33 loop_us_max=5004 loop_hz=30303 cycle_log_ms=1 n_cycle=4 cc=0 cc_hz=0 cc_i_tgt=0.9500 cc_u=3.8290 cc_r=4.0868 cc_tau_ms=7.00
[  52.880] ): 0x4
[  52.943] [ADC1]
[  52.943] STATUS alarm(s
[  53.703] [STATUS] t_ms=3150425 hwm=5 cap=256 dropped=0 dropped_total=49724 crc_err=0 crc_err_total=0 rate1=512 rate2=512 prod1=512 prod2=512 dac_err=0 tx_drop=0 hb_ms=0 sma_state=6 m7_us=3250992764 m4_us=3248798627 vdd=5.067 offset=0.5000 aref=3.145 loop_us_avg=33 loop_us_max=4982 loop_hz=30303 cycle_log_ms=1 n_cycle=4 cc=0 cc_hz=0 cc_i_tgt=0.9500 cc_u=3.8290 cc_r=4.0868 cc_tau_ms=7.00
[  53.893] ): 0x49
[  53.893] [ADC1]
[  53.893] STATUS alarm(s
[  54.781] [STATUS] t_ms=3151425 hwm=5 cap=256 dropped=0 dropped_total=49724 crc_err=0 crc_err_total=0 rate1=512 rate2=511 prod1=512 prod2=511 dac_err=0 tx_drop=0 hb_ms=0 sma_state=6 m7_us=3252024392 m4_us=3249829589 vdd=5.067 offset=0.5000 aref=3.145 loop_us_avg=33 loop_us_max=5032 loop_hz=30303 cycle_log_ms=1 n_cycle=4 cc=0 cc_hz=0 cc_i_tgt=0.9500 cc_u=3.8290 cc_r=4.0868 cc_tau_ms=7.00
[  54.909] ): 0x
[  54.909] [ADC1
[  54.909] ] STATUS alarm(s
[  55.798] [STATUS] t_ms=3152425 hwm=5 cap=256 dropped=0 dropped_total=49724 crc_err=0 crc_err_total=0 rate1=512 rate2=513 prod1=512 prod2=513 dac_err=0 tx_drop=0 hb_ms=0 sma_state=6 m7_us=3253056653 m4_us=3250862602 vdd=5.067 offset=0.5000 aref=3.145 loop_us_avg=33 loop_us_max=4911 loop_hz=30303 cycle_log_ms=1 n_cycle=4 cc=0 cc_hz=0 cc_i_tgt=0.9500 cc_u=3.8290 cc_r=4.0868 cc_tau_ms=7.00
[  55.926] ):
[  55.926] [
[  55.926] ADC1] STATUS ala
[  55.926] rm(s
[  56.810] [STATUS] t_ms=3153425 hwm=5 cap=256 dropped=0 dropped_total=49724 crc_err=0 crc_err_total=0 rate1=512 rate2=512 prod1=512 prod2=512 dac_err=0 tx_drop=0 hb_ms=0 sma_state=6 m7_us=3254088662 m4_us=3251894595 vdd=5.067 offset=0.5000 aref=3.145 loop_us_avg=33 loop_us_max=5021 loop_hz=30303 cycle_log_ms=1 n_cycle=4 cc=0 cc_hz=0 cc_i_tgt=0.9500 cc_u=3.8290 cc_r=4.0868 cc_tau_ms=7.00
[  56.937] [ADC1] STATUS alarm(s
[  57.883] [STATUS] t_ms=3154425 hwm=5 cap=256 dropped=0 dropped_total=49724 crc_err=0 crc_err_total=0 rate1=512 rate2=512 prod1=512 prod2=512 dac_err=0 tx_drop=0 hb_ms=0 sma_state=6 m7_us=3255120667 m4_us=3252926557 vdd=5.067 offset=0.5000 aref=3.145 loop_us_avg=33 loop_us_max=5011 loop_hz=30303 cycle_log_ms=1 n_cycle=4 cc=0 cc_hz=0 cc_i_tgt=0.9500 cc_u=3.8290 cc_r=4.0868 cc_tau_ms=7.00
[  57.945] ): 0x49 PG
[  57.945] AL_ALM
[  57.945] [ADC1] STATUS alarm(
[  58.900] [STATUS] t_ms=3155425 hwm=5 cap=256 dropped=0 dropped_total=49724 crc_err=0 crc_err_total=0 rate1=512 rate2=512 prod1=512 prod2=512 dac_err=0 tx_drop=0 hb_ms=0 sma_state=6 m7_us=3256152654 m4_us=3253958512 vdd=5.067 offset=0.5000 aref=3.145 loop_us_avg=33 loop_us_max=5016 loop_hz=30303 cycle_log_ms=1 n_cycle=4 cc=0 cc_hz=0 cc_i_tgt=0.9500 cc_u=3.8290 cc_r=4.0868 cc_tau_ms=7.00
[  58.964] s): 0x49 P
[  58.964] GAL_ALM
[  58.964] [ADC1]
[  58.964] STATUS alarm
[  59.920] [STATUS] t_ms=3156425 hwm=5 cap=256 dropped=0 dropped_total=49724 crc_err=0 crc_err_total=0 rate1=512 rate2=511 prod1=512 prod2=511 dac_err=0 tx_drop=0 hb_ms=0 sma_state=6 m7_us=3257184267 m4_us=3254989445 vdd=5.067 offset=0.5000 aref=3.145 loop_us_avg=33 loop_us_max=4996 loop_hz=30303 cycle_log_ms=1 n_cycle=4 cc=0 cc_hz=0 cc_i_tgt=0.9500 cc_u=3.8290 cc_r=4.0868 cc_tau_ms=7.00
[  59.983] (s):
[  59.983] [AD
[  59.983] C1] STATUS alarm(
[  60.936] [STATUS] t_ms=3157425 hwm=5 cap=256 dropped=0 dropped_total=49724 crc_err=0 crc_err_total=0 rate1=512 rate2=513 prod1=512 prod2=513 dac_err=0 tx_drop=0 hb_ms=0 sma_state=6 m7_us=3258216468 m4_us=3256022403 vdd=5.067 offset=0.5000 aref=3.145 loop_us_avg=34 loop_us_max=4921 loop_hz=29411 cycle_log_ms=1 n_cycle=4 cc=0 cc_hz=0 cc_i_tgt=0.9500 cc_u=3.8290 cc_r=4.0868 cc_tau_ms=7.00
[  61.000] s): 0x
[  61.000] [ADC
[  61.000] 1] STATUS alarm(s
[  61.954] [ADC1] STATUS alarm(s
[  62.018] [STATUS] t_ms=3158425 hwm=5 cap=256 dropped=0 dropped_total=49724 crc_err=0 crc_err_total=0 rate1=512 rate2=512 prod1=512 prod2=512 dac_err=0 tx_drop=0 hb_ms=0 sma_state=6 m7_us=3259248473 m4_us=3257054352 vdd=5.067 offset=0.5000 aref=3.145 loop_us_avg=33 loop_us_max=5004 loop_hz=30303 cycle_log_ms=1 n_cycle=4 cc=0 cc_hz=0 cc_i_tgt=0.9500 cc_u=3.8290 cc_r=4.0868 cc_tau_ms=7.00
[  62.653] [SMA] [ACT] heat n=3/6 I=950.0mA ms=300
[  62.971] [SMA] [ACT] cool n=3/6 I=0.0mA ms=30000
[  62.971] ): 0xC
[  62.971] [ADC1] STATUS alarm(s
[  63.035] [STATUS] t_ms=3159425 hwm=5 cap=256 dropped=0 dropped_total=49724 crc_err=0 crc_err_total=0 rate1=512 rate2=512 prod1=512 prod2=512 dac_err=0 tx_drop=0 hb_ms=0 sma_state=6 m7_us=3260280481 m4_us=3258086326 vdd=5.067 offset=0.5000 aref=3.145 loop_us_avg=42 loop_us_max=4993 loop_hz=23809 cycle_log_ms=1 n_cycle=4 cc=0 cc_hz=309 cc_i_tgt=0.9500 cc_u=3.8319 cc_r=4.0972 cc_tau_ms=7.00
[  63.984] ):
[  63.984] [ADC1] STATUS a
[  63.984] larm(s
[  64.047] [STATUS] t_ms=3160425 hwm=5 cap=256 dropped=0 dropped_total=49724 crc_err=0 crc_err_total=0 rate1=512 rate2=511 prod1=512 prod2=511 dac_err=0 tx_drop=0 hb_ms=0 sma_state=6 m7_us=3261312087 m4_us=3259117285 vdd=5.067 offset=0.5000 aref=3.145 loop_us_avg=33 loop_us_max=5004 loop_hz=30303 cycle_log_ms=1 n_cycle=4 cc=0 cc_hz=0 cc_i_tgt=0.9500 cc_u=3.8319 cc_r=4.0972 cc_tau_ms=7.00
[  64.994] ):
[  64.994] [A
[  64.994] DC1] STATUS alarm(s
[  65.057] [STATUS] t_ms=3161425 hwm=5 cap=256 dropped=0 dropped_total=49724 crc_err=0 crc_err_total=0 rate1=512 rate2=513 prod1=512 prod2=513 dac_err=0 tx_drop=0 hb_ms=0 sma_state=6 m7_us=3262344300 m4_us=3260150262 vdd=5.067 offset=0.5000 aref=3.145 loop_us_avg=33 loop_us_max=4905 loop_hz=30303 cycle_log_ms=1 n_cycle=4 cc=0 cc_hz=0 cc_i_tgt=0.9500 cc_u=3.8319 cc_r=4.0972 cc_tau_ms=7.00
[  66.009] ): 0
[  66.009] [AD
[  66.009] C1] STATUS alarm
[  66.009] (s
[  66.136] [STATUS] t_ms=3162425 hwm=5 cap=256 dropped=0 dropped_total=49724 crc_err=0 crc_err_total=0 rate1=512 rate2=512 prod1=512 prod2=512 dac_err=0 tx_drop=0 hb_ms=0 sma_state=6 m7_us=3263376315 m4_us=3261182253 vdd=5.067 offset=0.5000 aref=3.145 loop_us_avg=33 loop_us_max=5005 loop_hz=30303 cycle_log_ms=1 n_cycle=4 cc=0 cc_hz=0 cc_i_tgt=0.9500 cc_u=3.8319 cc_r=4.0972 cc_tau_ms=7.00
[  67.021] [ADC1] S
[  67.021] TATUS alarm(s
[  67.147] [STATUS] t_ms=3163425 hwm=5 cap=256 dropped=0 dropped_total=49724 crc_err=0 crc_err_total=0 rate1=512 rate2=512 prod1=512 prod2=512 dac_err=0 tx_drop=0 hb_ms=0 sma_state=6 m7_us=3264408354 m4_us=3262214285 vdd=5.067 offset=0.5000 aref=3.145 loop_us_avg=33 loop_us_max=5002 loop_hz=30303 cycle_log_ms=1 n_cycle=4 cc=0 cc_hz=0 cc_i_tgt=0.9500 cc_u=3.8319 cc_r=4.0972 cc_tau_ms=7.00
[  68.036] [ADC1] STATUS alarm(s
[  68.162] [STATUS] t_ms=3164425 hwm=5 cap=256 dropped=0 dropped_total=49724 crc_err=0 crc_err_total=0 rate1=512 rate2=512 prod1=512 prod2=512 dac_err=0 tx_drop=0 hb_ms=0 sma_state=6 m7_us=3265440387 m4_us=3263246269 vdd=5.067 offset=0.5000 aref=3.145 loop_us_avg=33 loop_us_max=5014 loop_hz=30303 cycle_log_ms=1 n_cycle=4 cc=0 cc_hz=0 cc_i_tgt=0.9500 cc_u=3.8319 cc_r=4.0972 cc_tau_ms=7.00
[  69.049] )
[  69.049] [
[  69.049] ADC1] STATUS alarm(s
[  69.239] [STATUS] t_ms=3165425 hwm=5 cap=256 dropped=0 dropped_total=49724 crc_err=0 crc_err_total=0 rate1=512 rate2=512 prod1=512 prod2=512 dac_err=0 tx_drop=0 hb_ms=0 sma_state=6 m7_us=3266472366 m4_us=3264278243 vdd=5.067 offset=0.5000 aref=3.145 loop_us_avg=33 loop_us_max=4989 loop_hz=30303 cycle_log_ms=1 n_cycle=4 cc=0 cc_hz=0 cc_i_tgt=0.9500 cc_u=3.8319 cc_r=4.0972 cc_tau_ms=7.00
[  70.062] ): 0x49 PG
[  70.062] AL_ALM
[  70.062] [ADC1] ST
[  70.062] ATUS alarm(s
[  70.253] [STATUS] t_ms=3166425 hwm=5 cap=256 dropped=0 dropped_total=49724 crc_err=0 crc_err_total=0 rate1=512 rate2=512 prod1=512 prod2=512 dac_err=0 tx_drop=0 hb_ms=0 sma_state=6 m7_us=3267504358 m4_us=3265310205 vdd=5.067 offset=0.5000 aref=3.145 loop_us_avg=33 loop_us_max=5000 loop_hz=30303 cycle_log_ms=1 n_cycle=4 cc=0 cc_hz=0 cc_i_tgt=0.9500 cc_u=3.8319 cc_r=4.0972 cc_tau_ms=7.00
[  71.081] ):
[  71.081] [
[  71.081] ADC1] STATUS alar
[  71.081] m(s
[  71.272] [STATUS] t_ms=3167425 hwm=5 cap=256 dropped=0 dropped_total=49724 crc_err=0 crc_err_total=0 rate1=512 rate2=511 prod1=512 prod2=511 dac_err=0 tx_drop=0 hb_ms=0 sma_state=6 m7_us=3268535961 m4_us=3266341154 vdd=5.067 offset=0.5000 aref=3.145 loop_us_avg=33 loop_us_max=5000 loop_hz=30303 cycle_log_ms=1 n_cycle=4 cc=0 cc_hz=0 cc_i_tgt=0.9500 cc_u=3.8319 cc_r=4.0972 cc_tau_ms=7.00
[  72.032] ): 0x
[  72.032] [ADC1]
[  72.032] STATUS alarm(s
[  72.286] [STATUS] t_ms=3168425 hwm=5 cap=256 dropped=0 dropped_total=49724 crc_err=0 crc_err_total=0 rate1=512 rate2=513 prod1=512 prod2=513 dac_err=0 tx_drop=0 hb_ms=0 sma_state=6 m7_us=3269568172 m4_us=3267374112 vdd=5.067 offset=0.5000 aref=3.145 loop_us_avg=33 loop_us_max=4921 loop_hz=30303 cycle_log_ms=1 n_cycle=4 cc=0 cc_hz=0 cc_i_tgt=0.9500 cc_u=3.8319 cc_r=4.0972 cc_tau_ms=7.00
[  73.047] [ADC1] STATUS alarm(s
[  73.362] [STATUS] t_ms=3169425 hwm=5 cap=256 dropped=0 dropped_total=49724 crc_err=0 crc_err_total=0 rate1=512 rate2=512 prod1=512 prod2=512 dac_err=0 tx_drop=0 hb_ms=0 sma_state=6 m7_us=3270600209 m4_us=3268406080 vdd=5.067 offset=0.5000 aref=3.145 loop_us_avg=33 loop_us_max=5034 loop_hz=30303 cycle_log_ms=1 n_cycle=4 cc=0 cc_hz=0 cc_i_tgt=0.9500 cc_u=3.8319 cc_r=4.0972 cc_tau_ms=7.00
[  74.060] [ADC1] STATUS alarm(
[  74.378] [STATUS] t_ms=3170425 hwm=5 cap=256 dropped=0 dropped_total=49724 crc_err=0 crc_err_total=0 rate1=512 rate2=511 prod1=512 prod2=511 dac_err=0 tx_drop=0 hb_ms=0 sma_state=6 m7_us=3271631838 m4_us=3269437036 vdd=5.067 offset=0.5000 aref=3.145 loop_us_avg=33 loop_us_max=5008 loop_hz=30303 cycle_log_ms=1 n_cycle=4 cc=0 cc_hz=0 cc_i_tgt=0.9500 cc_u=3.8319 cc_r=4.0972 cc_tau_ms=7.00
[  75.075] s):
[  75.075] [ADC1] STATUS alarm(
[  75.395] [STATUS] t_ms=3171425 hwm=5 cap=256 dropped=0 dropped_total=49724 crc_err=0 crc_err_total=0 rate1=512 rate2=513 prod1=512 prod2=513 dac_err=0 tx_drop=0 hb_ms=0 sma_state=6 m7_us=3272664058 m4_us=3270469984 vdd=5.067 offset=0.5000 aref=3.145 loop_us_avg=33 loop_us_max=4932 loop_hz=30303 cycle_log_ms=1 n_cycle=4 cc=0 cc_hz=0 cc_i_tgt=0.9500 cc_u=3.8319 cc_r=4.0972 cc_tau_ms=7.00
[  76.094] s): 0x9
[  76.094] [ADC1]
[  76.094] STATUS alarm(s
[  76.412] [STATUS] t_ms=3172425 hwm=5 cap=256 dropped=0 dropped_total=49724 crc_err=0 crc_err_total=0 rate1=512 rate2=512 prod1=512 prod2=512 dac_err=0 tx_drop=0 hb_ms=0 sma_state=6 m7_us=3273696072 m4_us=3271501968 vdd=5.067 offset=0.5000 aref=3.145 loop_us_avg=33 loop_us_max=5004 loop_hz=30303 cycle_log_ms=1 n_cycle=4 cc=0 cc_hz=0 cc_i_tgt=0.9500 cc_u=3.8319 cc_r=4.0972 cc_tau_ms=7.00
[  77.110] ): 0x89
[  77.110] [ADC1]
[  77.110] STATUS alarm(s
[  77.489] [STATUS] t_ms=3173425 hwm=5 cap=256 dropped=0 dropped_total=49724 crc_err=0 crc_err_total=0 rate1=512 rate2=512 prod1=512 prod2=512 dac_err=0 tx_drop=0 hb_ms=0 sma_state=6 m7_us=3274728078 m4_us=3272533949 vdd=5.067 offset=0.5000 aref=3.145 loop_us_avg=33 loop_us_max=5014 loop_hz=30303 cycle_log_ms=1 n_cycle=4 cc=0 cc_hz=0 cc_i_tgt=0.9500 cc_u=3.8319 cc_r=4.0972 cc_tau_ms=7.00
[  78.124] [ADC1] STATUS alarm(s
[  78.506] [STATUS] t_ms=3174425 hwm=5 cap=256 dropped=0 dropped_total=49724 crc_err=0 crc_err_total=0 rate1=512 rate2=511 prod1=512 prod2=511 dac_err=0 tx_drop=0 hb_ms=0 sma_state=6 m7_us=3275759711 m4_us=3273564901 vdd=5.067 offset=0.5000 aref=3.145 loop_us_avg=33 loop_us_max=5009 loop_hz=30303 cycle_log_ms=1 n_cycle=4 cc=0 cc_hz=0 cc_i_tgt=0.9500 cc_u=3.8319 cc_r=4.0972 cc_tau_ms=7.00
[  79.138] [ADC1] STATUS
[  79.138] alarm(s
[  79.521] [STATUS] t_ms=3175425 hwm=5 cap=256 dropped=0 dropped_total=49724 crc_err=0 crc_err_total=0 rate1=512 rate2=513 prod1=512 prod2=513 dac_err=0 tx_drop=0 hb_ms=0 sma_state=6 m7_us=3276791968 m4_us=3274597929 vdd=5.067 offset=0.5000 aref=3.145 loop_us_avg=34 loop_us_max=4929 loop_hz=29411 cycle_log_ms=1 n_cycle=4 cc=0 cc_hz=0 cc_i_tgt=0.9500 cc_u=3.8319 cc_r=4.0972 cc_tau_ms=7.00
[  80.151] ):
[  80.151] [ADC1] STATUS alarm(s
[  80.533] [STATUS] t_ms=3176425 hwm=5 cap=256 dropped=0 dropped_total=49724 crc_err=0 crc_err_total=0 rate1=512 rate2=512 prod1=512 prod2=512 dac_err=0 tx_drop=0 hb_ms=0 sma_state=6 m7_us=3277824022 m4_us=3275629901 vdd=5.067 offset=0.5000 aref=3.145 loop_us_avg=33 loop_us_max=5007 loop_hz=30303 cycle_log_ms=1 n_cycle=4 cc=0 cc_hz=0 cc_i_tgt=0.9500 cc_u=3.8319 cc_r=4.0972 cc_tau_ms=7.00
[  81.103] ):
[  81.103] [ADC1
[  81.103] ] STATUS alarm(
[  81.103] s
[  81.613] [STATUS] t_ms=3177425 hwm=5 cap=256 dropped=0 dropped_total=49724 crc_err=0 crc_err_total=0 rate1=512 rate2=512 prod1=512 prod2=512 dac_err=0 tx_drop=0 hb_ms=0 sma_state=6 m7_us=3278856024 m4_us=3276661872 vdd=5.067 offset=0.5000 aref=3.145 loop_us_avg=33 loop_us_max=5009 loop_hz=30303 cycle_log_ms=1 n_cycle=4 cc=0 cc_hz=0 cc_i_tgt=0.9500 cc_u=3.8319 cc_r=4.0972 cc_tau_ms=7.00
[  82.125] ): 0xC9
[  82.125] [ADC1]
[  82.125] STATUS alarm(s
[  82.626] [STATUS] t_ms=3178425 hwm=5 cap=256 dropped=0 dropped_total=49724 crc_err=0 crc_err_total=0 rate1=512 rate2=511 prod1=512 prod2=511 dac_err=0 tx_drop=0 hb_ms=0 sma_state=6 m7_us=3279887638 m4_us=3277692831 vdd=5.067 offset=0.5000 aref=3.145 loop_us_avg=33 loop_us_max=5001 loop_hz=30303 cycle_log_ms=1 n_cycle=4 cc=0 cc_hz=0 cc_i_tgt=0.9500 cc_u=3.8319 cc_r=4.0972 cc_tau_ms=7.00
[  83.134] ): 0xC9 P
[  83.134] GAL_ALM
[  83.134] [ADC1]
[  83.134] STATUS alarm(s
[  83.642] [STATUS] t_ms=3179425 hwm=5 cap=256 dropped=0 dropped_total=49724 crc_err=0 crc_err_total=0 rate1=512 rate2=513 prod1=512 prod2=513 dac_err=0 tx_drop=0 hb_ms=0 sma_state=6 m7_us=3280919863 m4_us=3278725798 vdd=5.067 offset=0.5000 aref=3.145 loop_us_avg=34 loop_us_max=4931 loop_hz=29411 cycle_log_ms=1 n_cycle=4 cc=0 cc_hz=0 cc_i_tgt=0.9500 cc_u=3.8319 cc_r=4.0972 cc_tau_ms=7.00
[  84.149] ): 0x
[  84.149] [ADC1] STATUS alarm(s
[  84.719] [STATUS] t_ms=3180425 hwm=5 cap=256 dropped=0 dropped_total=49724 crc_err=0 crc_err_total=0 rate1=512 rate2=512 prod1=512 prod2=512 dac_err=0 tx_drop=0 hb_ms=0 sma_state=6 m7_us=3281951871 m4_us=3279757760 vdd=5.067 offset=0.5000 aref=3.145 loop_us_avg=33 loop_us_max=5011 loop_hz=30303 cycle_log_ms=1 n_cycle=4 cc=0 cc_hz=0 cc_i_tgt=0.9500 cc_u=3.8319 cc_r=4.0972 cc_tau_ms=7.00
[  85.162] ): 0
[  85.162] [
[  85.162] ADC1] STATUS alarm(s
[  85.734] [STATUS] t_ms=3181425 hwm=5 cap=256 dropped=0 dropped_total=49724 crc_err=0 crc_err_total=0 rate1=512 rate2=512 prod1=512 prod2=512 dac_err=0 tx_drop=0 hb_ms=0 sma_state=6 m7_us=3282983875 m4_us=3280789734 vdd=5.067 offset=0.5000 aref=3.145 loop_us_avg=33 loop_us_max=4999 loop_hz=30303 cycle_log_ms=1 n_cycle=4 cc=0 cc_hz=0 cc_i_tgt=0.9500 cc_u=3.8319 cc_r=4.0972 cc_tau_ms=7.00
[  86.180] ): 0x49 P
[  86.180] GAL_ALM
[  86.180] [ADC1]
[  86.180] STATUS alarm(s
[  86.745] [STATUS] t_ms=3182425 hwm=5 cap=256 dropped=0 dropped_total=49724 crc_err=0 crc_err_total=0 rate1=512 rate2=512 prod1=512 prod2=512 dac_err=0 tx_drop=0 hb_ms=0 sma_state=6 m7_us=3284015882 m4_us=3281821737 vdd=5.067 offset=0.5000 aref=3.145 loop_us_avg=33 loop_us_max=4998 loop_hz=30303 cycle_log_ms=1 n_cycle=4 cc=0 cc_hz=0 cc_i_tgt=0.9500 cc_u=3.8319 cc_r=4.0972 cc_tau_ms=7.00
[  87.189] ): 0x49 PG
[  87.189] AL_ALM
[  87.189] [ADC1] S
[  87.189] TATUS alarm(s
[  87.760] [STATUS] t_ms=3183425 hwm=5 cap=256 dropped=0 dropped_total=49724 crc_err=0 crc_err_total=0 rate1=512 rate2=512 prod1=512 prod2=512 dac_err=0 tx_drop=0 hb_ms=0 sma_state=6 m7_us=3285047861 m4_us=3282853712 vdd=5.067 offset=0.5000 aref=3.145 loop_us_avg=33 loop_us_max=4997 loop_hz=30303 cycle_log_ms=1 n_cycle=4 cc=0 cc_hz=0 cc_i_tgt=0.9500 cc_u=3.8319 cc_r=4.0972 cc_tau_ms=7.00
[  88.202] [ADC1] STATUS alarm(s
[  88.836] [STATUS] t_ms=3184425 hwm=5 cap=256 dropped=0 dropped_total=49724 crc_err=0 crc_err_total=0 rate1=512 rate2=511 prod1=512 prod2=511 dac_err=0 tx_drop=0 hb_ms=0 sma_state=6 m7_us=3286079476 m4_us=3283884671 vdd=5.067 offset=0.5000 aref=3.145 loop_us_avg=33 loop_us_max=4999 loop_hz=30303 cycle_log_ms=1 n_cycle=4 cc=0 cc_hz=0 cc_i_tgt=0.9500 cc_u=3.8319 cc_r=4.0972 cc_tau_ms=7.00
[  89.219] ): 0x49 PGA
[  89.219] L_ALM
[  89.219] [ADC1] ST
[  89.219] ATUS alarm(s
[  89.853] [STATUS] t_ms=3185425 hwm=5 cap=256 dropped=0 dropped_total=49724 crc_err=0 crc_err_total=0 rate1=512 rate2=513 prod1=512 prod2=513 dac_err=0 tx_drop=0 hb_ms=0 sma_state=6 m7_us=3287111680 m4_us=3284917638 vdd=5.067 offset=0.5000 aref=3.145 loop_us_avg=33 loop_us_max=4917 loop_hz=30303 cycle_log_ms=1 n_cycle=4 cc=0 cc_hz=0 cc_i_tgt=0.9500 cc_u=3.8319 cc_r=4.0972 cc_tau_ms=7.00
[  90.168] ): 0
[  90.168] [ADC1] STATUS alarm(s
[  90.865] [STATUS] t_ms=3186425 hwm=5 cap=256 dropped=0 dropped_total=49724 crc_err=0 crc_err_total=0 rate1=512 rate2=512 prod1=512 prod2=512 dac_err=0 tx_drop=0 hb_ms=0 sma_state=6 m7_us=3288143676 m4_us=3285949568 vdd=5.067 offset=0.5000 aref=3.145 loop_us_avg=33 loop_us_max=5010 loop_hz=30303 cycle_log_ms=1 n_cycle=4 cc=0 cc_hz=0 cc_i_tgt=0.9500 cc_u=3.8319 cc_r=4.0972 cc_tau_ms=7.00
[  91.182] ): 0
[  91.182] [
[  91.182] ADC1] STATUS al
[  91.182] arm(
[  91.943] [STATUS] t_ms=3187425 hwm=5 cap=256 dropped=0 dropped_total=49724 crc_err=0 crc_err_total=0 rate1=512 rate2=512 prod1=512 prod2=512 dac_err=0 tx_drop=0 hb_ms=0 sma_state=6 m7_us=3289175691 m4_us=3286981536 vdd=5.067 offset=0.5000 aref=3.145 loop_us_avg=34 loop_us_max=5002 loop_hz=29411 cycle_log_ms=1 n_cycle=4 cc=0 cc_hz=0 cc_i_tgt=0.9500 cc_u=3.8319 cc_r=4.0972 cc_tau_ms=7.00
[  92.197] s):
[  92.197] [A
[  92.197] DC1] STATUS ala
[  92.197] rm
[  92.957] [STATUS] t_ms=3188425 hwm=5 cap=256 dropped=0 dropped_total=49724 crc_err=0 crc_err_total=0 rate1=512 rate2=511 prod1=512 prod2=511 dac_err=0 tx_drop=0 hb_ms=0 sma_state=6 m7_us=3290207299 m4_us=3288012479 vdd=5.067 offset=0.5000 aref=3.145 loop_us_avg=33 loop_us_max=5003 loop_hz=30303 cycle_log_ms=1 n_cycle=4 cc=0 cc_hz=0 cc_i_tgt=0.9500 cc_u=3.8319 cc_r=4.0972 cc_tau_ms=7.00
[  93.212] (s): 0x9
[  93.212] [ADC1
[  93.212] ] STATUS alarm(
[  93.971] [SMA] [ACT] heat n=4/6 I=950.0mA ms=300
[  93.971] [STATUS] t_ms=3189425 hwm=5 cap=256 dropped=0 dropped_total=49724 crc_err=0 crc_err_total=0 rate1=512 rate2=513 prod1=512 prod2=513 dac_err=0 tx_drop=0 hb_ms=0 sma_state=5 m7_us=3291239903 m4_us=3289045421 vdd=5.067 offset=0.5000 aref=3.145 loop_us_avg=34 loop_us_max=4937 loop_hz=29411 cycle_log_ms=1 n_cycle=4 cc=1 cc_hz=28 cc_i_tgt=0.9500 cc_u=4.2206 cc_r=4.2330 cc_tau_ms=7.00
[  94.226] [ADC1] STATUS alarm(s
[  94.226] [SMA] [ACT] cool n=4/6 I=0.0mA ms=30000
[  94.989] [STATUS] t_ms=3190425 hwm=5 cap=256 dropped=0 dropped_total=49724 crc_err=0 crc_err_total=0 rate1=512 rate2=512 prod1=512 prod2=512 dac_err=0 tx_drop=0 hb_ms=0 sma_state=6 m7_us=3292271378 m4_us=3290077328 vdd=5.067 offset=0.5000 aref=3.145 loop_us_avg=40 loop_us_max=5417 loop_hz=25000 cycle_log_ms=1 n_cycle=4 cc=0 cc_hz=275 cc_i_tgt=0.9500 cc_u=3.8081 cc_r=4.0598 cc_tau_ms=7.00
[  95.244] [ADC1] STATUS alarm(s
[  96.069] [STATUS] t_ms=3191425 hwm=5 cap=256 dropped=0 dropped_total=49724 crc_err=0 crc_err_total=0 rate1=512 rate2=512 prod1=512 prod2=512 dac_err=0 tx_drop=0 hb_ms=0 sma_state=6 m7_us=3293303373 m4_us=3291109270 vdd=5.067 offset=0.5000 aref=3.145 loop_us_avg=33 loop_us_max=5006 loop_hz=30303 cycle_log_ms=1 n_cycle=4 cc=0 cc_hz=0 cc_i_tgt=0.9500 cc_u=3.8081 cc_r=4.0598 cc_tau_ms=7.00
[  96.257] ): 0x
[  96.257] [AD
[  96.257] C1] STATUS alar
[  96.257] m(s
[  97.081] [STATUS] t_ms=3192425 hwm=5 cap=256 dropped=0 dropped_total=49724 crc_err=0 crc_err_total=0 rate1=512 rate2=511 prod1=512 prod2=511 dac_err=0 tx_drop=0 hb_ms=0 sma_state=6 m7_us=3294335001 m4_us=3292140197 vdd=5.067 offset=0.5000 aref=3.145 loop_us_avg=33 loop_us_max=5003 loop_hz=30303 cycle_log_ms=1 n_cycle=4 cc=0 cc_hz=0 cc_i_tgt=0.9500 cc_u=3.8081 cc_r=4.0598 cc_tau_ms=7.00
[  97.269] ):
[  97.269] [AD
[  97.269] C1] STATUS alarm(s
[  98.094] [STATUS] t_ms=3193425 hwm=5 cap=256 dropped=0 dropped_total=49724 crc_err=0 crc_err_total=0 rate1=512 rate2=513 prod1=512 prod2=513 dac_err=0 tx_drop=0 hb_ms=0 sma_state=6 m7_us=3295367222 m4_us=3293173158 vdd=5.067 offset=0.5000 aref=3.145 loop_us_avg=34 loop_us_max=4915 loop_hz=29411 cycle_log_ms=1 n_cycle=4 cc=0 cc_hz=0 cc_i_tgt=0.9500 cc_u=3.8081 cc_r=4.0598 cc_tau_ms=7.00
[  98.283] ): 0xC9
[  98.283] [ADC1] S
[  98.283] TATUS alarm(s
[  99.107] [STATUS] t_ms=3194425 hwm=5 cap=256 dropped=0 dropped_total=49724 crc_err=0 crc_err_total=0 rate1=512 rate2=512 prod1=512 prod2=512 dac_err=0 tx_drop=0 hb_ms=0 sma_state=6 m7_us=3296399243 m4_us=3294205133 vdd=5.067 offset=0.5000 aref=3.145 loop_us_avg=34 loop_us_max=5006 loop_hz=29411 cycle_log_ms=1 n_cycle=4 cc=0 cc_hz=0 cc_i_tgt=0.9500 cc_u=3.8081 cc_r=4.0598 cc_tau_ms=7.00
[  99.298] [ADC1] STATUS alarm(s
[ 100.184] [STATUS] t_ms=3195425 hwm=5 cap=256 dropped=0 dropped_total=49724 crc_err=0 crc_err_total=0 rate1=512 rate2=512 prod1=512 prod2=512 dac_err=0 tx_drop=0 hb_ms=0 sma_state=6 m7_us=3297431233 m4_us=3295237078 vdd=5.067 offset=0.5000 aref=3.145 loop_us_avg=33 loop_us_max=5000 loop_hz=30303 cycle_log_ms=1 n_cycle=4 cc=0 cc_hz=0 cc_i_tgt=0.9500 cc_u=3.8081 cc_r=4.0598 cc_tau_ms=7.00
[ 100.247] ): 0
[ 100.247] [ADC1] STATUS alarm(s
[ 101.200] [STATUS] t_ms=3196425 hwm=5 cap=256 dropped=0 dropped_total=49724 crc_err=0 crc_err_total=0 rate1=512 rate2=511 prod1=512 prod2=511 dac_err=0 tx_drop=0 hb_ms=0 sma_state=6 m7_us=3298462825 m4_us=3296268021 vdd=5.067 offset=0.5000 aref=3.145 loop_us_avg=33 loop_us_max=5002 loop_hz=30303 cycle_log_ms=1 n_cycle=4 cc=0 cc_hz=0 cc_i_tgt=0.9500 cc_u=3.8081 cc_r=4.0598 cc_tau_ms=7.00
[ 101.263] [ADC1] STATUS alarm(s
[ 102.213] [STATUS] t_ms=3197425 hwm=5 cap=256 dropped=0 dropped_total=49724 crc_err=0 crc_err_total=0 rate1=512 rate2=513 prod1=512 prod2=513 dac_err=0 tx_drop=0 hb_ms=0 sma_state=6 m7_us=3299495038 m4_us=3297300998 vdd=5.067 offset=0.5000 aref=3.145 loop_us_avg=33 loop_us_max=4911 loop_hz=30303 cycle_log_ms=1 n_cycle=4 cc=0 cc_hz=0 cc_i_tgt=0.9500 cc_u=3.8081 cc_r=4.0598 cc_tau_ms=7.00
[ 102.274] ): 0x49
[ 102.274] [ADC1]
[ 102.274] STATUS alarm(s
[ 103.291] [STATUS] t_ms=3198425 hwm=5 cap=256 dropped=0 dropped_total=49724 crc_err=0 crc_err_total=0 rate1=512 rate2=512 prod1=512 prod2=512 dac_err=0 tx_drop=0 hb_ms=0 sma_state=6 m7_us=3300527060 m4_us=3298333005 vdd=5.067 offset=0.5000 aref=3.145 loop_us_avg=33 loop_us_max=5003 loop_hz=30303 cycle_log_ms=1 n_cycle=4 cc=0 cc_hz=0 cc_i_tgt=0.9500 cc_u=3.8081 cc_r=4.0598 cc_tau_ms=7.00
[ 103.291] ): 0x49 P
[ 103.291] GAL_ALM
[ 103.291] [ADC1] S
[ 103.291] TATUS alarm(s
[ 104.303] [STATUS] t_ms=3199425 hwm=5 cap=256 dropped=0 dropped_total=49724 crc_err=0 crc_err_total=0 rate1=512 rate2=512 prod1=512 prod2=512 dac_err=0 tx_drop=0 hb_ms=0 sma_state=6 m7_us=3301559098 m4_us=3299364982 vdd=5.067 offset=0.5000 aref=3.145 loop_us_avg=33 loop_us_max=5001 loop_hz=30303 cycle_log_ms=1 n_cycle=4 cc=0 cc_hz=0 cc_i_tgt=0.9500 cc_u=3.8081 cc_r=4.0598 cc_tau_ms=7.00
[ 104.303] [ADC1] STATUS alarm(
[ 104.303] s
[ 105.320] ): 0
[ 105.320] [ADC1] STATUS alarm(s
[ 105.320] [STATUS] t_ms=3200425 hwm=5 cap=256 dropped=0 dropped_total=49724 crc_err=0 crc_err_total=0 rate1=512 rate2=512 prod1=512 prod2=512 dac_err=0 tx_drop=0 hb_ms=0 sma_state=6 m7_us=3302591106 m4_us=3300396950 vdd=5.067 offset=0.5000 aref=3.145 loop_us_avg=33 loop_us_max=5017 loop_hz=30303 cycle_log_ms=1 n_cycle=4 cc=0 cc_hz=0 cc_i_tgt=0.9500 cc_u=3.8081 cc_r=4.0598 cc_tau_ms=7.00
[ 106.334] ): 0x4
[ 106.334] [ADC1
[ 106.334] ] STATUS alarm(
[ 106.334] [STATUS] t_ms=3201425 hwm=5 cap=256 dropped=0 dropped_total=49724 crc_err=0 crc_err_total=0 rate1=512 rate2=511 prod1=512 prod2=511 dac_err=0 tx_drop=0 hb_ms=0 sma_state=6 m7_us=3303622749 m4_us=3301427935 vdd=5.067 offset=0.5000 aref=3.145 loop_us_avg=33 loop_us_max=5006 loop_hz=30303 cycle_log_ms=1 n_cycle=4 cc=0 cc_hz=0 cc_i_tgt=0.9500 cc_u=3.8081 cc_r=4.0598 cc_tau_ms=7.00
[ 107.581] s):
[ 107.581] [ADC1] STATUS alarm(
[ 107.581] [STATUS] t_ms=3202425 hwm=5 cap=256 dropped=0 dropped_total=49724 crc_err=0 crc_err_total=0 rate1=512 rate2=513 prod1=512 prod2=513 dac_err=0 tx_drop=0 hb_ms=0 sma_state=6 m7_us=3304654960 m4_us=3302460899 vdd=5.067 offset=0.5000 aref=3.145 loop_us_avg=33 loop_us_max=4922 loop_hz=30303 cycle_log_ms=1 n_cycle=4 cc=0 cc_hz=0 cc_i_tgt=0.9500 cc_u=3.8081 cc_r=4.0598 cc_tau_ms=7.00
[ 108.339] s):
[ 108.339] [ADC1] STATUS a
[ 108.339] larm(s
[ 108.402] [STATUS] t_ms=3203425 hwm=5 cap=256 dropped=0 dropped_total=49724 crc_err=0 crc_err_total=0 rate1=512 rate2=512 prod1=512 prod2=512 dac_err=0 tx_drop=0 hb_ms=0 sma_state=6 m7_us=3305686964 m4_us=3303492832 vdd=5.067 offset=0.5000 aref=3.145 loop_us_avg=33 loop_us_max=5007 loop_hz=30303 cycle_log_ms=1 n_cycle=4 cc=0 cc_hz=0 cc_i_tgt=0.9500 cc_u=3.8081 cc_r=4.0598 cc_tau_ms=7.00
[ 109.351] [ADC1] STATUS ala
[ 109.351] rm(s
[ 109.478] [STATUS] t_ms=3204425 hwm=5 cap=256 dropped=0 dropped_total=49724 crc_err=0 crc_err_total=0 rate1=512 rate2=511 prod1=512 prod2=511 dac_err=0 tx_drop=0 hb_ms=0 sma_state=6 m7_us=3306718591 m4_us=3304523781 vdd=5.067 offset=0.5000 aref=3.145 loop_us_avg=33 loop_us_max=5002 loop_hz=30303 cycle_log_ms=1 n_cycle=4 cc=0 cc_hz=0 cc_i_tgt=0.9500 cc_u=3.8081 cc_r=4.0598 cc_tau_ms=7.00
[ 110.365] ): 0xC9 PGA
[ 110.365] L_ALM
[ 110.365] [ADC1] S
[ 110.365] TATUS alarm(s
[ 110.492] [STATUS] t_ms=3205425 hwm=5 cap=256 dropped=0 dropped_total=49724 crc_err=0 crc_err_total=0 rate1=512 rate2=513 prod1=512 prod2=513 dac_err=0 tx_drop=0 hb_ms=0 sma_state=6 m7_us=3307750822 m4_us=3305556758 vdd=5.067 offset=0.5000 aref=3.145 loop_us_avg=33 loop_us_max=4919 loop_hz=30303 cycle_log_ms=1 n_cycle=4 cc=0 cc_hz=0 cc_i_tgt=0.9500 cc_u=3.8081 cc_r=4.0598 cc_tau_ms=7.00
[ 111.379] ):
[ 111.379] [ADC1] STATUS alarm(s
[ 111.507] [STATUS] t_ms=3206425 hwm=5 cap=256 dropped=0 dropped_total=49724 crc_err=0 crc_err_total=0 rate1=512 rate2=512 prod1=512 prod2=512 dac_err=0 tx_drop=0 hb_ms=0 sma_state=6 m7_us=3308782806 m4_us=3306588742 vdd=5.067 offset=0.5000 aref=3.145 loop_us_avg=33 loop_us_max=5009 loop_hz=30303 cycle_log_ms=1 n_cycle=4 cc=0 cc_hz=0 cc_i_tgt=0.9500 cc_u=3.8081 cc_r=4.0598 cc_tau_ms=7.00
[ 112.392] ): 0
[ 112.392] [
[ 112.392] ADC1] STATUS alarm(s
[ 112.521] [STATUS] t_ms=3207425 hwm=5 cap=256 dropped=0 dropped_total=49724 crc_err=0 crc_err_total=0 rate1=512 rate2=512 prod1=512 prod2=512 dac_err=0 tx_drop=0 hb_ms=0 sma_state=6 m7_us=3309814826 m4_us=3307620720 vdd=5.067 offset=0.5000 aref=3.145 loop_us_avg=33 loop_us_max=5005 loop_hz=30303 cycle_log_ms=1 n_cycle=4 cc=0 cc_hz=0 cc_i_tgt=0.9500 cc_u=3.8081 cc_r=4.0598 cc_tau_ms=7.00
[ 113.346] ): 0x
[ 113.346] [ADC1] S
[ 113.346] TATUS alarm(s
[ 113.601] [STATUS] t_ms=3208425 hwm=5 cap=256 dropped=0 dropped_total=49724 crc_err=0 crc_err_total=0 rate1=512 rate2=512 prod1=512 prod2=512 dac_err=0 tx_drop=0 hb_ms=0 sma_state=6 m7_us=3310846826 m4_us=3308652701 vdd=5.067 offset=0.5000 aref=3.145 loop_us_avg=33 loop_us_max=5002 loop_hz=30303 cycle_log_ms=1 n_cycle=4 cc=0 cc_hz=0 cc_i_tgt=0.9500 cc_u=3.8081 cc_r=4.0598 cc_tau_ms=7.00
[ 114.367] ): 0xC
[ 114.367] [ADC1]
[ 114.367] STATUS alarm(s
[ 114.622] [STATUS] t_ms=3209425 hwm=5 cap=256 dropped=0 dropped_total=49724 crc_err=0 crc_err_total=0 rate1=512 rate2=511 prod1=512 prod2=511 dac_err=0 tx_drop=0 hb_ms=0 sma_state=6 m7_us=3311878458 m4_us=3309683641 vdd=5.067 offset=0.5000 aref=3.145 loop_us_avg=33 loop_us_max=5003 loop_hz=30303 cycle_log_ms=1 n_cycle=4 cc=0 cc_hz=0 cc_i_tgt=0.9500 cc_u=3.8081 cc_r=4.0598 cc_tau_ms=7.00
[ 115.386] ): 0xC9 PG
[ 115.386] AL_ALM
[ 115.386] [ADC1] S
[ 115.386] TATUS alarm(s
[ 115.640] [STATUS] t_ms=3210425 hwm=5 cap=256 dropped=0 dropped_total=49724 crc_err=0 crc_err_total=0 rate1=512 rate2=513 prod1=512 prod2=513 dac_err=0 tx_drop=0 hb_ms=0 sma_state=6 m7_us=3312910645 m4_us=3310716605 vdd=5.067 offset=0.5000 aref=3.145 loop_us_avg=33 loop_us_max=4924 loop_hz=30303 cycle_log_ms=1 n_cycle=4 cc=0 cc_hz=0 cc_i_tgt=0.9500 cc_u=3.8081 cc_r=4.0598 cc_tau_ms=7.00
[ 116.396] [ADC1] STATUS alarm(s
[ 116.651] [STATUS] t_ms=3211425 hwm=5 cap=256 dropped=0 dropped_total=49724 crc_err=0 crc_err_total=0 rate1=512 rate2=512 prod1=512 prod2=512 dac_err=0 tx_drop=0 hb_ms=0 sma_state=6 m7_us=3313942662 m4_us=3311748592 vdd=5.067 offset=0.5000 aref=3.145 loop_us_avg=33 loop_us_max=5004 loop_hz=30303 cycle_log_ms=1 n_cycle=4 cc=0 cc_hz=0 cc_i_tgt=0.9500 cc_u=3.8081 cc_r=4.0598 cc_tau_ms=7.00
[ 117.408] ): 0x49 PGA
[ 117.408] L_ALM
[ 117.408] [ADC1] ST
[ 117.408] ATUS alarm(s
[ 117.726] [STATUS] t_ms=3212425 hwm=5 cap=256 dropped=0 dropped_total=49724 crc_err=0 crc_err_total=0 rate1=512 rate2=512 prod1=512 prod2=512 dac_err=0 tx_drop=0 hb_ms=0 sma_state=6 m7_us=3314974662 m4_us=3312780537 vdd=5.067 offset=0.5000 aref=3.145 loop_us_avg=33 loop_us_max=5004 loop_hz=30303 cycle_log_ms=1 n_cycle=4 cc=0 cc_hz=0 cc_i_tgt=0.9500 cc_u=3.8081 cc_r=4.0598 cc_tau_ms=7.00
[ 118.424] ): 0x49 P
[ 118.424] GAL_ALM
[ 118.424] [ADC1] S
[ 118.424] TATUS alarm(s
[ 118.743] [STATUS] t_ms=3213425 hwm=5 cap=256 dropped=0 dropped_total=49724 crc_err=0 crc_err_total=0 rate1=512 rate2=512 prod1=512 prod2=512 dac_err=0 tx_drop=0 hb_ms=0 sma_state=6 m7_us=3316006682 m4_us=3313812525 vdd=5.067 offset=0.5000 aref=3.145 loop_us_avg=33 loop_us_max=5001 loop_hz=30303 cycle_log_ms=1 n_cycle=4 cc=0 cc_hz=0 cc_i_tgt=0.9500 cc_u=3.8081 cc_r=4.0598 cc_tau_ms=7.00
[ 119.444] ):
[ 119.444] [
[ 119.444] ADC1] STATUS ala
[ 119.444] rm(s
[ 119.762] [STATUS] t_ms=3214425 hwm=5 cap=256 dropped=0 dropped_total=49724 crc_err=0 crc_err_total=0 rate1=512 rate2=512 prod1=512 prod2=512 dac_err=0 tx_drop=0 hb_ms=0 sma_state=6 m7_us=3317038669 m4_us=3314844525 vdd=5.067 offset=0.5000 aref=3.145 loop_us_avg=33 loop_us_max=5007 loop_hz=30303 cycle_log_ms=1 n_cycle=4 cc=0 cc_hz=0 cc_i_tgt=0.9500 cc_u=3.8081 cc_r=4.0598 cc_tau_ms=7.00
[ 120.462] [ADC1] STATUS alarm(s
[ 120.780] [STATUS] t_ms=3215425 hwm=5 cap=256 dropped=0 dropped_total=49724 crc_err=0 crc_err_total=0 rate1=512 rate2=512 prod1=512 prod2=512 dac_err=0 tx_drop=0 hb_ms=0 sma_state=6 m7_us=3318070677 m4_us=3315876528 vdd=5.067 offset=0.5000 aref=3.145 loop_us_avg=33 loop_us_max=4999 loop_hz=30303 cycle_log_ms=1 n_cycle=4 cc=0 cc_hz=0 cc_i_tgt=0.9500 cc_u=3.8081 cc_r=4.0598 cc_tau_ms=7.00
[ 121.411] [ADC1] STATUS alarm(s
[ 121.855] [STATUS] t_ms=3216425 hwm=5 cap=256 dropped=0 dropped_total=49724 crc_err=0 crc_err_total=0 rate1=512 rate2=512 prod1=512 prod2=512 dac_err=0 tx_drop=0 hb_ms=0 sma_state=6 m7_us=3319102670 m4_us=3316908541 vdd=5.067 offset=0.5000 aref=3.145 loop_us_avg=33 loop_us_max=5001 loop_hz=30303 cycle_log_ms=1 n_cycle=4 cc=0 cc_hz=0 cc_i_tgt=0.9500 cc_u=3.8081 cc_r=4.0598 cc_tau_ms=7.00
[ 122.426] ): 0x
[ 122.426] [A
[ 122.426] DC1] STATUS alarm(s
[ 122.873] [STATUS] t_ms=3217425 hwm=5 cap=256 dropped=0 dropped_total=49724 crc_err=0 crc_err_total=0 rate1=512 rate2=512 prod1=512 prod2=512 dac_err=0 tx_drop=0 hb_ms=0 sma_state=6 m7_us=3320134662 m4_us=3317940515 vdd=5.067 offset=0.5000 aref=3.145 loop_us_avg=33 loop_us_max=5001 loop_hz=30303 cycle_log_ms=1 n_cycle=4 cc=0 cc_hz=0 cc_i_tgt=0.9500 cc_u=3.8081 cc_r=4.0598 cc_tau_ms=7.00
[ 123.444] ):
[ 123.444] [ADC1] STATUS al
[ 123.444] arm(s
[ 123.890] [STATUS] t_ms=3218425 hwm=5 cap=256 dropped=0 dropped_total=49724 crc_err=0 crc_err_total=0 rate1=512 rate2=511 prod1=512 prod2=511 dac_err=0 tx_drop=0 hb_ms=0 sma_state=6 m7_us=3321166278 m4_us=3318971468 vdd=5.067 offset=0.5000 aref=3.145 loop_us_avg=33 loop_us_max=5011 loop_hz=30303 cycle_log_ms=1 n_cycle=4 cc=0 cc_hz=0 cc_i_tgt=0.9500 cc_u=3.8081 cc_r=4.0598 cc_tau_ms=7.00
[ 124.459] ): 0
[ 124.459] [A
[ 124.459] DC1] STATUS alarm(
[ 124.904] [STATUS] t_ms=3219425 hwm=5 cap=256 dropped=0 dropped_total=49724 crc_err=0 crc_err_total=0 rate1=512 rate2=513 prod1=512 prod2=513 dac_err=0 tx_drop=0 hb_ms=0 sma_state=6 m7_us=3322198502 m4_us=3320004448 vdd=5.067 offset=0.5000 aref=3.145 loop_us_avg=34 loop_us_max=4924 loop_hz=29411 cycle_log_ms=1 n_cycle=4 cc=0 cc_hz=0 cc_i_tgt=0.9500 cc_u=3.8081 cc_r=4.0598 cc_tau_ms=7.00
[ 125.220] [SMA] [ACT] heat n=5/6 I=950.0mA ms=300
[ 125.472] [ADC1] STATUS alarm
[ 125.536] [SMA] [ACT] cool n=5/6 I=0.0mA ms=30000
[ 125.980] [STATUS] t_ms=3220425 hwm=5 cap=256 dropped=0 dropped_total=49724 crc_err=0 crc_err_total=0 rate1=512 rate2=512 prod1=512 prod2=512 dac_err=0 tx_drop=0 hb_ms=0 sma_state=6 m7_us=3323230462 m4_us=3321036413 vdd=5.067 offset=0.5000 aref=3.145 loop_us_avg=42 loop_us_max=5029 loop_hz=23809 cycle_log_ms=1 n_cycle=4 cc=0 cc_hz=309 cc_i_tgt=0.9500 cc_u=3.8030 cc_r=4.0555 cc_tau_ms=7.00
[ 126.487] [ADC1] STATUS alarm(
[ 126.993] [STATUS] t_ms=3221425 hwm=5 cap=256 dropped=0 dropped_total=49724 crc_err=0 crc_err_total=0 rate1=512 rate2=512 prod1=512 prod2=512 dac_err=0 tx_drop=0 hb_ms=0 sma_state=6 m7_us=3324262455 m4_us=3322068381 vdd=5.067 offset=0.5000 aref=3.145 loop_us_avg=33 loop_us_max=5004 loop_hz=30303 cycle_log_ms=1 n_cycle=4 cc=0 cc_hz=0 cc_i_tgt=0.9500 cc_u=3.8030 cc_r=4.0555 cc_tau_ms=7.00
[ 127.499] s): 0x
[ 127.499] [ADC1] STATUS alarm(s
[ 128.008] [STATUS] t_ms=3222425 hwm=5 cap=256 dropped=0 dropped_total=49724 crc_err=0 crc_err_total=0 rate1=512 rate2=512 prod1=512 prod2=512 dac_err=0 tx_drop=0 hb_ms=0 sma_state=6 m7_us=3325294552 m4_us=3323100387 vdd=5.067 offset=0.5000 aref=3.145 loop_us_avg=33 loop_us_max=5027 loop_hz=30303 cycle_log_ms=1 n_cycle=4 cc=0 cc_hz=0 cc_i_tgt=0.9500 cc_u=3.8030 cc_r=4.0555 cc_tau_ms=7.00
[ 128.517] ):
[ 128.517] [
[ 128.517] ADC1] STATUS ala
[ 128.517] rm(s
[ 129.092] [STATUS] t_ms=3223425 hwm=5 cap=256 dropped=0 dropped_total=49724 crc_err=0 crc_err_total=0 rate1=512 rate2=512 prod1=512 prod2=512 dac_err=0 tx_drop=0 hb_ms=0 sma_state=6 m7_us=3326326553 m4_us=3324132413 vdd=5.067 offset=0.5000 aref=3.145 loop_us_avg=33 loop_us_max=5024 loop_hz=30303 cycle_log_ms=1 n_cycle=4 cc=0 cc_hz=0 cc_i_tgt=0.9500 cc_u=3.8030 cc_r=4.0555 cc_tau_ms=7.00
[ 129.531] ): 0xC9 PG
[ 129.531] AL_ALM
[ 129.531] [ADC1] STA
[ 129.531] TUS alarm(s
[ 130.102] [STATUS] t_ms=3224425 hwm=5 cap=256 dropped=0 dropped_total=49724 crc_err=0 crc_err_total=0 rate1=512 rate2=512 prod1=512 prod2=512 dac_err=0 tx_drop=0 hb_ms=0 sma_state=6 m7_us=3327358555 m4_us=3325164422 vdd=5.067 offset=0.5000 aref=3.145 loop_us_avg=33 loop_us_max=5038 loop_hz=30303 cycle_log_ms=1 n_cycle=4 cc=0 cc_hz=0 cc_i_tgt=0.9500 cc_u=3.8030 cc_r=4.0555 cc_tau_ms=7.00
[ 130.483] ):
[ 130.483] [ADC1] STATUS ala
[ 130.483] rm(s
[ 131.118] [STATUS] t_ms=3225425 hwm=5 cap=256 dropped=0 dropped_total=49724 crc_err=0 crc_err_total=0 rate1=512 rate2=511 prod1=512 prod2=511 dac_err=0 tx_drop=0 hb_ms=0 sma_state=6 m7_us=3328390187 m4_us=3326195365 vdd=5.067 offset=0.5000 aref=3.145 loop_us_avg=33 loop_us_max=5002 loop_hz=30303 cycle_log_ms=1 n_cycle=4 cc=0 cc_hz=0 cc_i_tgt=0.9500 cc_u=3.8030 cc_r=4.0555 cc_tau_ms=7.00
[ 131.497] ): 0xC9
[ 131.497] [ADC1]
[ 131.497] STATUS alarm(
[ 131.497] s
[ 132.133] [STATUS] t_ms=3226425 hwm=5 cap=256 dropped=0 dropped_total=49724 crc_err=0 crc_err_total=0 rate1=512 rate2=513 prod1=512 prod2=513 dac_err=0 tx_drop=0 hb_ms=0 sma_state=6 m7_us=3329422417 m4_us=3327228310 vdd=5.067 offset=0.5000 aref=3.145 loop_us_avg=33 loop_us_max=4936 loop_hz=30303 cycle_log_ms=1 n_cycle=4 cc=0 cc_hz=0 cc_i_tgt=0.9500 cc_u=3.8030 cc_r=4.0555 cc_tau_ms=7.00
[ 132.513] [ADC1] STATUS alarm(s
[ 133.211] [STATUS] t_ms=3227425 hwm=5 cap=256 dropped=0 dropped_total=49724 crc_err=0 crc_err_total=0 rate1=512 rate2=512 prod1=512 prod2=512 dac_err=0 tx_drop=0 hb_ms=0 sma_state=6 m7_us=3330454404 m4_us=3328260278 vdd=5.067 offset=0.5000 aref=3.145 loop_us_avg=33 loop_us_max=5038 loop_hz=30303 cycle_log_ms=1 n_cycle=4 cc=0 cc_hz=0 cc_i_tgt=0.9500 cc_u=3.8030 cc_r=4.0555 cc_tau_ms=7.00
[ 133.527] ): 0xC9 PGA
[ 133.527] L_ALM
[ 133.527] [ADC1] ST
[ 133.527] ATUS alarm(s
[ 134.229] [STATUS] t_ms=3228425 hwm=5 cap=256 dropped=0 dropped_total=49724 crc_err=0 crc_err_total=0 rate1=512 rate2=512 prod1=512 prod2=512 dac_err=0 tx_drop=0 hb_ms=0 sma_state=6 m7_us=3331486405 m4_us=3329292266 vdd=5.067 offset=0.5000 aref=3.145 loop_us_avg=33 loop_us_max=5001 loop_hz=30303 cycle_log_ms=1 n_cycle=4 cc=0 cc_hz=0 cc_i_tgt=0.9500 cc_u=3.8030 cc_r=4.0555 cc_tau_ms=7.00
[ 134.541] ): 0xC9
[ 134.541] [ADC1]
[ 134.541] STATUS alarm(s
[ 135.241] [STATUS] t_ms=3229425 hwm=5 cap=256 dropped=0 dropped_total=49724 crc_err=0 crc_err_total=0 rate1=512 rate2=511 prod1=512 prod2=511 dac_err=0 tx_drop=0 hb_ms=0 sma_state=6 m7_us=3332518091 m4_us=3330323269 vdd=5.067 offset=0.5000 aref=3.145 loop_us_avg=33 loop_us_max=5037 loop_hz=30303 cycle_log_ms=1 n_cycle=4 cc=0 cc_hz=0 cc_i_tgt=0.9500 cc_u=3.8030 cc_r=4.0555 cc_tau_ms=7.00
[ 135.560] ):
[ 135.560] [
[ 135.560] ADC1] STATUS ala
[ 135.560] rm(s
[ 136.260] [STATUS] t_ms=3230425 hwm=5 cap=256 dropped=0 dropped_total=49724 crc_err=0 crc_err_total=0 rate1=512 rate2=513 prod1=512 prod2=513 dac_err=0 tx_drop=0 hb_ms=0 sma_state=6 m7_us=3333550382 m4_us=3331356253 vdd=5.067 offset=0.5000 aref=3.145 loop_us_avg=34 loop_us_max=4961 loop_hz=29411 cycle_log_ms=1 n_cycle=4 cc=0 cc_hz=0 cc_i_tgt=0.9500 cc_u=3.8030 cc_r=4.0555 cc_tau_ms=7.00
[ 136.577] [ADC1] STATUS ala
[ 136.577] rm(
[ 137.334] [STATUS] t_ms=3231425 hwm=5 cap=256 dropped=0 dropped_total=49724 crc_err=0 crc_err_total=0 rate1=512 rate2=512 prod1=512 prod2=512 dac_err=0 tx_drop=0 hb_ms=0 sma_state=6 m7_us=3334582340 m4_us=3332388233 vdd=5.067 offset=0.5000 aref=3.145 loop_us_avg=33 loop_us_max=5041 loop_hz=30303 cycle_log_ms=1 n_cycle=4 cc=0 cc_hz=0 cc_i_tgt=0.9500 cc_u=3.8030 cc_r=4.0555 cc_tau_ms=7.00
[ 137.589] [ADC1] STATUS alarm(
[ 138.352] [STATUS] t_ms=3232425 hwm=5 cap=256 dropped=0 dropped_total=49724 crc_err=0 crc_err_total=0 rate1=512 rate2=512 prod1=512 prod2=512 dac_err=0 tx_drop=0 hb_ms=0 sma_state=6 m7_us=3335614334 m4_us=3333420234 vdd=5.067 offset=0.5000 aref=3.145 loop_us_avg=33 loop_us_max=4994 loop_hz=30303 cycle_log_ms=1 n_cycle=4 cc=0 cc_hz=0 cc_i_tgt=0.9500 cc_u=3.8030 cc_r=4.0555 cc_tau_ms=7.00
[ 138.543] s): 0x4
[ 138.543] [ADC1
[ 138.543] ] STATUS alarm(
[ 139.370] [STATUS] t_ms=3233425 hwm=5 cap=256 dropped=0 dropped_total=49724 crc_err=0 crc_err_total=0 rate1=512 rate2=512 prod1=512 prod2=512 dac_err=0 tx_drop=0 hb_ms=0 sma_state=6 m7_us=3336646344 m4_us=3334452227 vdd=5.067 offset=0.5000 aref=3.145 loop_us_avg=33 loop_us_max=4999 loop_hz=30303 cycle_log_ms=1 n_cycle=4 cc=0 cc_hz=0 cc_i_tgt=0.9500 cc_u=3.8030 cc_r=4.0555 cc_tau_ms=7.00
[ 139.560] s): 0x
[ 139.560] [ADC
[ 139.560] 1] STATUS alarm(
[ 140.387] [STATUS] t_ms=3234425 hwm=5 cap=256 dropped=0 dropped_total=49724 crc_err=0 crc_err_total=0 rate1=512 rate2=512 prod1=512 prod2=512 dac_err=0 tx_drop=0 hb_ms=0 sma_state=6 m7_us=3337678350 m4_us=3335484217 vdd=5.067 offset=0.5000 aref=3.145 loop_us_avg=33 loop_us_max=5005 loop_hz=30303 cycle_log_ms=1 n_cycle=4 cc=0 cc_hz=0 cc_i_tgt=0.9500 cc_u=3.8030 cc_r=4.0555 cc_tau_ms=7.00
[ 140.578] s): 0x49 P
[ 140.578] GAL_ALM
[ 140.578] [ADC1]
[ 140.578] STATUS alarm(
[ 141.469] [STATUS] t_ms=3235425 hwm=5 cap=256 dropped=0 dropped_total=49724 crc_err=0 crc_err_total=0 rate1=512 rate2=512 prod1=512 prod2=512 dac_err=0 tx_drop=0 hb_ms=0 sma_state=6 m7_us=3338710357 m4_us=3336516240 vdd=5.067 offset=0.5000 aref=3.145 loop_us_avg=33 loop_us_max=5006 loop_hz=30303 cycle_log_ms=1 n_cycle=4 cc=0 cc_hz=0 cc_i_tgt=0.9500 cc_u=3.8030 cc_r=4.0555 cc_tau_ms=7.00
[ 141.595] s): 0x4
[ 141.595] [ADC
[ 141.595] 1] STATUS alarm(
[ 142.483] [STATUS] t_ms=3236425 hwm=5 cap=256 dropped=0 dropped_total=49724 crc_err=0 crc_err_total=0 rate1=512 rate2=512 prod1=512 prod2=512 dac_err=0 tx_drop=0 hb_ms=0 sma_state=6 m7_us=3339742365 m4_us=3337548224 vdd=5.067 offset=0.5000 aref=3.145 loop_us_avg=33 loop_us_max=5004 loop_hz=30303 cycle_log_ms=1 n_cycle=4 cc=0 cc_hz=0 cc_i_tgt=0.9500 cc_u=3.8030 cc_r=4.0555 cc_tau_ms=7.00
[ 142.611] [ADC1] STATUS alarm
[ 143.493] [STATUS] t_ms=3237425 hwm=5 cap=256 dropped=0 dropped_total=49724 crc_err=0 crc_err_total=0 rate1=512 rate2=512 prod1=512 prod2=512 dac_err=0 tx_drop=0 hb_ms=0 sma_state=6 m7_us=3340774353 m4_us=3338580208 vdd=5.067 offset=0.5000 aref=3.145 loop_us_avg=33 loop_us_max=5019 loop_hz=30303 cycle_log_ms=1 n_cycle=4 cc=0 cc_hz=0 cc_i_tgt=0.9500 cc_u=3.8030 cc_r=4.0555 cc_tau_ms=7.00
[ 143.621] (s): 0x49
[ 143.621] [ADC1] STATUS alar
[ 144.572] [STATUS] t_ms=3238425 hwm=5 cap=256 dropped=0 dropped_total=49724 crc_err=0 crc_err_total=0 rate1=512 rate2=512 prod1=512 prod2=512 dac_err=0 tx_drop=0 hb_ms=0 sma_state=6 m7_us=3341806358 m4_us=3339612256 vdd=5.067 offset=0.5000 aref=3.145 loop_us_avg=33 loop_us_max=5000 loop_hz=30303 cycle_log_ms=1 n_cycle=4 cc=0 cc_hz=0 cc_i_tgt=0.9500 cc_u=3.8030 cc_r=4.0555 cc_tau_ms=7.00
[ 144.636] m(s):
[ 144.636] [A
[ 144.636] DC1] STATUS alarm
[ 145.589] [STATUS] t_ms=3239425 hwm=5 cap=256 dropped=0 dropped_total=49724 crc_err=0 crc_err_total=0 rate1=512 rate2=512 prod1=512 prod2=512 dac_err=0 tx_drop=0 hb_ms=0 sma_state=6 m7_us=3342838388 m4_us=3340644320 vdd=5.067 offset=0.5000 aref=3.145 loop_us_avg=33 loop_us_max=4997 loop_hz=30303 cycle_log_ms=1 n_cycle=4 cc=0 cc_hz=0 cc_i_tgt=0.9500 cc_u=3.8030 cc_r=4.0555 cc_tau_ms=7.00
[ 145.651] (s): 0
[ 145.651] [ADC1]
[ 145.651] STATUS alarm(
[ 146.600] [STATUS] t_ms=3240425 hwm=5 cap=256 dropped=0 dropped_total=49724 crc_err=0 crc_err_total=0 rate1=512 rate2=512 prod1=512 prod2=512 dac_err=0 tx_drop=0 hb_ms=0 sma_state=6 m7_us=3343870434 m4_us=3341676365 vdd=5.067 offset=0.5000 aref=3.145 loop_us_avg=33 loop_us_max=5011 loop_hz=30303 cycle_log_ms=1 n_cycle=4 cc=0 cc_hz=0 cc_i_tgt=0.9500 cc_u=3.8030 cc_r=4.0555 cc_tau_ms=7.00
[ 146.664] s): 0
[ 146.664] [A
[ 146.664] DC1] STATUS alarm
[ 146.664] (
[ 147.612] [STATUS] t_ms=3241425 hwm=5 cap=256 dropped=0 dropped_total=49724 crc_err=0 crc_err_total=0 rate1=512 rate2=512 prod1=512 prod2=512 dac_err=0 tx_drop=0 hb_ms=0 sma_state=6 m7_us=3344902456 m4_us=3342708390 vdd=5.067 offset=0.5000 aref=3.145 loop_us_avg=33 loop_us_max=5005 loop_hz=30303 cycle_log_ms=1 n_cycle=4 cc=0 cc_hz=0 cc_i_tgt=0.9500 cc_u=3.8030 cc_r=4.0555 cc_tau_ms=7.00
[ 147.612] [ADC1] STATUS alarm(
[ 148.627] [ADC1] STATUS alarm(
[ 148.689] [STATUS] t_ms=3242425 hwm=5 cap=256 dropped=0 dropped_total=49724 crc_err=0 crc_err_total=0 rate1=512 rate2=512 prod1=512 prod2=512 dac_err=0 tx_drop=0 hb_ms=0 sma_state=6 m7_us=3345934474 m4_us=3343740413 vdd=5.067 offset=0.5000 aref=3.145 loop_us_avg=33 loop_us_max=5007 loop_hz=30303 cycle_log_ms=1 n_cycle=4 cc=0 cc_hz=0 cc_i_tgt=0.9500 cc_u=3.8030 cc_r=4.0555 cc_tau_ms=7.00
[ 149.642] s)
[ 149.642] [ADC1] STATUS alarm(
[ 149.704] [STATUS] t_ms=3243425 hwm=5 cap=256 dropped=0 dropped_total=49724 crc_err=0 crc_err_total=0 rate1=512 rate2=512 prod1=512 prod2=512 dac_err=0 tx_drop=0 hb_ms=0 sma_state=6 m7_us=3346966509 m4_us=3344772406 vdd=5.067 offset=0.5000 aref=3.145 loop_us_avg=33 loop_us_max=5010 loop_hz=30303 cycle_log_ms=1 n_cycle=4 cc=0 cc_hz=0 cc_i_tgt=0.9500 cc_u=3.8030 cc_r=4.0555 cc_tau_ms=7.00
[ 150.657] s
[ 150.657] [ADC1] STATUS
[ 150.657] alarm(
[ 150.719] [STATUS] t_ms=3244425 hwm=5 cap=256 dropped=0 dropped_total=49724 crc_err=0 crc_err_total=0 rate1=512 rate2=512 prod1=512 prod2=512 dac_err=0 tx_drop=0 hb_ms=0 sma_state=6 m7_us=3347998503 m4_us=3345804400 vdd=5.067 offset=0.5000 aref=3.145 loop_us_avg=33 loop_us_max=5002 loop_hz=30303 cycle_log_ms=1 n_cycle=4 cc=0 cc_hz=0 cc_i_tgt=0.9500 cc_u=3.8030 cc_r=4.0555 cc_tau_ms=7.00
[ 151.674] s): 0xC9 PGA
[ 151.674] L_ALM
[ 151.674] [ADC1] ST
[ 151.674] ATUS alarm(
[ 151.738] [STATUS] t_ms=3245425 hwm=5 cap=256 dropped=0 dropped_total=49724 crc_err=0 crc_err_total=0 rate1=512 rate2=512 prod1=512 prod2=512 dac_err=0 tx_drop=0 hb_ms=0 sma_state=6 m7_us=3349030505 m4_us=3346836400 vdd=5.067 offset=0.5000 aref=3.145 loop_us_avg=33 loop_us_max=5015 loop_hz=30303 cycle_log_ms=1 n_cycle=4 cc=0 cc_hz=0 cc_i_tgt=0.9500 cc_u=3.8030 cc_r=4.0555 cc_tau_ms=7.00
[ 152.687] [ADC1] STATUS alarm
[ 152.687] (
[ 152.813] [STATUS] t_ms=3246425 hwm=5 cap=256 dropped=0 dropped_total=49724 crc_err=0 crc_err_total=0 rate1=512 rate2=512 prod1=512 prod2=512 dac_err=0 tx_drop=0 hb_ms=0 sma_state=6 m7_us=3350062526 m4_us=3347868422 vdd=5.067 offset=0.5000 aref=3.145 loop_us_avg=33 loop_us_max=5023 loop_hz=30303 cycle_log_ms=1 n_cycle=4 cc=0 cc_hz=0 cc_i_tgt=0.9500 cc_u=3.8030 cc_r=4.0555 cc_tau_ms=7.00
[ 153.702] [ADC1] STATUS alarm(
[ 153.828] [STATUS] t_ms=3247425 hwm=5 cap=256 dropped=0 dropped_total=49724 crc_err=0 crc_err_total=0 rate1=512 rate2=512 prod1=512 prod2=512 dac_err=0 tx_drop=0 hb_ms=0 sma_state=6 m7_us=3351094603 m4_us=3348900486 vdd=5.067 offset=0.5000 aref=3.145 loop_us_avg=33 loop_us_max=5018 loop_hz=30303 cycle_log_ms=1 n_cycle=4 cc=0 cc_hz=0 cc_i_tgt=0.9500 cc_u=3.8030 cc_r=4.0555 cc_tau_ms=7.00
[ 154.716] s): 0
[ 154.716] [AD
[ 154.716] C1] STATUS alarm(
[ 154.843] [STATUS] t_ms=3248425 hwm=5 cap=256 dropped=0 dropped_total=49724 crc_err=0 crc_err_total=0 rate1=512 rate2=512 prod1=512 prod2=512 dac_err=0 tx_drop=0 hb_ms=0 sma_state=6 m7_us=3352126638 m4_us=3349932534 vdd=5.067 offset=0.5000 aref=3.145 loop_us_avg=33 loop_us_max=5051 loop_hz=30303 cycle_log_ms=1 n_cycle=4 cc=0 cc_hz=0 cc_i_tgt=0.9500 cc_u=3.8030 cc_r=4.0555 cc_tau_ms=7.00
[ 155.731] s): 0x49 PGA
[ 155.731] L_ALM
[ 155.731] [ADC1] ST
[ 155.731] ATUS alarm(
[ 155.922] [STATUS] t_ms=3249425 hwm=5 cap=256 dropped=0 dropped_total=49724 crc_err=0 crc_err_total=0 rate1=512 rate2=512 prod1=512 prod2=512 dac_err=0 tx_drop=0 hb_ms=0 sma_state=6 m7_us=3353158659 m4_us=3350964557 vdd=5.067 offset=0.5000 aref=3.145 loop_us_avg=33 loop_us_max=5015 loop_hz=30303 cycle_log_ms=1 n_cycle=4 cc=0 cc_hz=0 cc_i_tgt=0.9500 cc_u=3.8030 cc_r=4.0555 cc_tau_ms=7.00
[ 156.489] [SMA] [ACT] heat n=6/6 I=950.0mA ms=300
[ 156.681] s): 0x49
[ 156.744] [ADC1]
[ 156.744] STATUS alarm(
[ 156.808] [SMA] [ACT] cool n=6/6 I=0.0mA ms=30000
[ 156.933] [STATUS] t_ms=3250425 hwm=5 cap=256 dropped=0 dropped_total=49724 crc_err=0 crc_err_total=0 rate1=512 rate2=512 prod1=512 prod2=512 dac_err=0 tx_drop=0 hb_ms=0 sma_state=6 m7_us=3354190595 m4_us=3351996525 vdd=5.067 offset=0.5000 aref=3.145 loop_us_avg=41 loop_us_max=5023 loop_hz=24390 cycle_log_ms=1 n_cycle=4 cc=0 cc_hz=309 cc_i_tgt=0.9500 cc_u=3.8516 cc_r=4.0901 cc_tau_ms=7.00
[ 157.694] s): 0x
[ 157.694] [ADC
[ 157.694] 1] STATUS alarm(
[ 157.947] [STATUS] t_ms=3251425 hwm=5 cap=256 dropped=0 dropped_total=49724 crc_err=0 crc_err_total=0 rate1=512 rate2=512 prod1=512 prod2=512 dac_err=0 tx_drop=0 hb_ms=0 sma_state=6 m7_us=3355222612 m4_us=3353028480 vdd=5.067 offset=0.5000 aref=3.145 loop_us_avg=33 loop_us_max=5037 loop_hz=30303 cycle_log_ms=1 n_cycle=4 cc=0 cc_hz=0 cc_i_tgt=0.9500 cc_u=3.8516 cc_r=4.0901 cc_tau_ms=7.00
[ 158.707] [ADC1] STATUS alarm(
[ 158.961] [STATUS] t_ms=3252425 hwm=5 cap=256 dropped=0 dropped_total=49724 crc_err=0 crc_err_total=0 rate1=512 rate2=512 prod1=512 prod2=512 dac_err=0 tx_drop=0 hb_ms=0 sma_state=6 m7_us=3356254617 m4_us=3354060454 vdd=5.067 offset=0.5000 aref=3.145 loop_us_avg=33 loop_us_max=5001 loop_hz=30303 cycle_log_ms=1 n_cycle=4 cc=0 cc_hz=0 cc_i_tgt=0.9500 cc_u=3.8516 cc_r=4.0901 cc_tau_ms=7.00
[ 159.716] s): 0x4
[ 159.716] [ADC1]
[ 159.716] STATUS alarm(
[ 160.030] [STATUS] t_ms=3253425 hwm=5 cap=256 dropped=0 dropped_total=49724 crc_err=0 crc_err_total=0 rate1=512 rate2=511 prod1=512 prod2=511 dac_err=0 tx_drop=0 hb_ms=0 sma_state=6 m7_us=3357286212 m4_us=3355091407 vdd=5.067 offset=0.5000 aref=3.145 loop_us_avg=33 loop_us_max=5003 loop_hz=30303 cycle_log_ms=1 n_cycle=4 cc=0 cc_hz=0 cc_i_tgt=0.9500 cc_u=3.8516 cc_r=4.0901 cc_tau_ms=7.00
[ 160.729] s): 0
[ 160.729] [ADC1] STATUS alarm(
[ 161.046] [STATUS] t_ms=3254425 hwm=5 cap=256 dropped=0 dropped_total=49724 crc_err=0 crc_err_total=0 rate1=512 rate2=513 prod1=512 prod2=513 dac_err=0 tx_drop=0 hb_ms=0 sma_state=6 m7_us=3358318421 m4_us=3356124352 vdd=5.067 offset=0.5000 aref=3.145 loop_us_avg=33 loop_us_max=4919 loop_hz=30303 cycle_log_ms=1 n_cycle=4 cc=0 cc_hz=0 cc_i_tgt=0.9500 cc_u=3.8516 cc_r=4.0901 cc_tau_ms=7.00
[ 161.742] s): 0x
[ 161.742] [ADC1]
[ 161.742] STATUS alarm
[ 162.057] [STATUS] t_ms=3255425 hwm=5 cap=256 dropped=0 dropped_total=49724 crc_err=0 crc_err_total=0 rate1=512 rate2=512 prod1=512 prod2=512 dac_err=0 tx_drop=0 hb_ms=0 sma_state=6 m7_us=3359350420 m4_us=3357156269 vdd=5.067 offset=0.5000 aref=3.145 loop_us_avg=33 loop_us_max=5003 loop_hz=30303 cycle_log_ms=1 n_cycle=4 cc=0 cc_hz=0 cc_i_tgt=0.9500 cc_u=3.8516 cc_r=4.0901 cc_tau_ms=7.00
[ 162.755] [ADC1] STATUS ala
[ 162.755] r
[ 163.135] [STATUS] t_ms=3256425 hwm=5 cap=256 dropped=0 dropped_total=49724 crc_err=0 crc_err_total=0 rate1=512 rate2=511 prod1=512 prod2=511 dac_err=0 tx_drop=0 hb_ms=0 sma_state=6 m7_us=3360382045 m4_us=3358187221 vdd=5.067 offset=0.5000 aref=3.145 loop_us_avg=33 loop_us_max=5003 loop_hz=30303 cycle_log_ms=1 n_cycle=4 cc=0 cc_hz=0 cc_i_tgt=0.9500 cc_u=3.8516 cc_r=4.0901 cc_tau_ms=7.00
[ 163.770] m(s):
[ 163.770] [AD
[ 163.770] C1] STATUS ala
[ 163.770] rm
[ 164.152] [STATUS] t_ms=3257425 hwm=5 cap=256 dropped=0 dropped_total=49724 crc_err=0 crc_err_total=0 rate1=512 rate2=513 prod1=512 prod2=513 dac_err=0 tx_drop=0 hb_ms=0 sma_state=6 m7_us=3361414245 m4_us=3359220208 vdd=5.067 offset=0.5000 aref=3.145 loop_us_avg=33 loop_us_max=4936 loop_hz=30303 cycle_log_ms=1 n_cycle=4 cc=0 cc_hz=0 cc_i_tgt=0.9500 cc_u=3.8516 cc_r=4.0901 cc_tau_ms=7.00
[ 164.784] [ADC1] STATUS alarm(
[ 165.165] [STATUS] t_ms=3258425 hwm=5 cap=256 dropped=0 dropped_total=49724 crc_err=0 crc_err_total=0 rate1=512 rate2=512 prod1=512 prod2=512 dac_err=0 tx_drop=0 hb_ms=0 sma_state=6 m7_us=3362446262 m4_us=3360252189 vdd=5.067 offset=0.5000 aref=3.145 loop_us_avg=33 loop_us_max=5001 loop_hz=30303 cycle_log_ms=1 n_cycle=4 cc=0 cc_hz=0 cc_i_tgt=0.9500 cc_u=3.8516 cc_r=4.0901 cc_tau_ms=7.00
[ 165.797] s):
[ 165.797] [ADC1] STATUS alarm(
[ 166.241] [STATUS] t_ms=3259425 hwm=5 cap=256 dropped=0 dropped_total=49724 crc_err=0 crc_err_total=0 rate1=512 rate2=512 prod1=512 prod2=512 dac_err=0 tx_drop=0 hb_ms=0 sma_state=6 m7_us=3363478261 m4_us=3361284201 vdd=5.067 offset=0.5000 aref=3.145 loop_us_avg=33 loop_us_max=5005 loop_hz=30303 cycle_log_ms=1 n_cycle=4 cc=0 cc_hz=0 cc_i_tgt=0.9500 cc_u=3.8516 cc_r=4.0901 cc_tau_ms=7.00
[ 166.811] s): 0xC9 P
[ 166.811] GAL_ALM
[ 166.811] [ADC1]
[ 166.811] STATUS alarm(
[ 167.253] [STATUS] t_ms=3260425 hwm=5 cap=256 dropped=0 dropped_total=49724 crc_err=0 crc_err_total=0 rate1=512 rate2=512 prod1=512 prod2=512 dac_err=0 tx_drop=0 hb_ms=0 sma_state=6 m7_us=3364510253 m4_us=3362316150 vdd=5.067 offset=0.5000 aref=3.145 loop_us_avg=33 loop_us_max=5004 loop_hz=30303 cycle_log_ms=1 n_cycle=4 cc=0 cc_hz=0 cc_i_tgt=0.9500 cc_u=3.8516 cc_r=4.0901 cc_tau_ms=7.00
[ 167.822] s): 0xC9
[ 167.822] [ADC1
[ 167.822] ] STATUS alarm(
[ 168.265] [STATUS] t_ms=3261425 hwm=5 cap=256 dropped=0 dropped_total=49724 crc_err=0 crc_err_total=0 rate1=512 rate2=512 prod1=512 prod2=512 dac_err=0 tx_drop=0 hb_ms=0 sma_state=6 m7_us=3365542274 m4_us=3363348173 vdd=5.067 offset=0.5000 aref=3.145 loop_us_avg=33 loop_us_max=5002 loop_hz=30303 cycle_log_ms=1 n_cycle=4 cc=0 cc_hz=0 cc_i_tgt=0.9500 cc_u=3.8516 cc_r=4.0901 cc_tau_ms=7.00
[ 168.774] [ADC1] STATUS alarm(
[ 169.282] [STATUS] t_ms=3262425 hwm=5 cap=256 dropped=0 dropped_total=49724 crc_err=0 crc_err_total=0 rate1=512 rate2=512 prod1=512 prod2=512 dac_err=0 tx_drop=0 hb_ms=0 sma_state=6 m7_us=3366574267 m4_us=3364380144 vdd=5.067 offset=0.5000 aref=3.145 loop_us_avg=33 loop_us_max=4999 loop_hz=30303 cycle_log_ms=1 n_cycle=4 cc=0 cc_hz=0 cc_i_tgt=0.9500 cc_u=3.8516 cc_r=4.0901 cc_tau_ms=7.00
[ 169.790] [ADC1] STATUS alarm(
[ 170.360] [STATUS] t_ms=3263425 hwm=5 cap=256 dropped=0 dropped_total=49724 crc_err=0 crc_err_total=0 rate1=512 rate2=512 prod1=512 prod2=512 dac_err=0 tx_drop=0 hb_ms=0 sma_state=6 m7_us=3367606264 m4_us=3365412112 vdd=5.067 offset=0.5000 aref=3.145 loop_us_avg=33 loop_us_max=5008 loop_hz=30303 cycle_log_ms=1 n_cycle=4 cc=0 cc_hz=0 cc_i_tgt=0.9500 cc_u=3.8516 cc_r=4.0901 cc_tau_ms=7.00
[ 170.803] s): 0
[ 170.803] [AD
[ 170.803] C1] STATUS alarm(
[ 171.377] [STATUS] t_ms=3264425 hwm=5 cap=256 dropped=0 dropped_total=49724 crc_err=0 crc_err_total=0 rate1=512 rate2=512 prod1=512 prod2=512 dac_err=0 tx_drop=0 hb_ms=0 sma_state=6 m7_us=3368638269 m4_us=3366444112 vdd=5.067 offset=0.5000 aref=3.145 loop_us_avg=33 loop_us_max=4998 loop_hz=30303 cycle_log_ms=1 n_cycle=4 cc=0 cc_hz=0 cc_i_tgt=0.9500 cc_u=3.8516 cc_r=4.0901 cc_tau_ms=7.00
[ 171.819] s)
[ 171.819] [ADC1] STATUS
[ 171.819] alarm(
[ 172.389] [STATUS] t_ms=3265425 hwm=5 cap=256 dropped=0 dropped_total=49724 crc_err=0 crc_err_total=0 rate1=512 rate2=511 prod1=512 prod2=511 dac_err=0 tx_drop=0 hb_ms=0 sma_state=6 m7_us=3369669895 m4_us=3367475080 vdd=5.067 offset=0.5000 aref=3.145 loop_us_avg=33 loop_us_max=5009 loop_hz=30303 cycle_log_ms=1 n_cycle=4 cc=0 cc_hz=0 cc_i_tgt=0.9500 cc_u=3.8516 cc_r=4.0901 cc_tau_ms=7.00
[ 172.835] s):
[ 172.835] [ADC1] STATUS alarm(
[ 173.470] [STATUS] t_ms=3266425 hwm=5 cap=256 dropped=0 dropped_total=49724 crc_err=0 crc_err_total=0 rate1=512 rate2=513 prod1=512 prod2=513 dac_err=0 tx_drop=0 hb_ms=0 sma_state=6 m7_us=3370702122 m4_us=3368508083 vdd=5.067 offset=0.5000 aref=3.145 loop_us_avg=33 loop_us_max=4928 loop_hz=30303 cycle_log_ms=1 n_cycle=4 cc=0 cc_hz=0 cc_i_tgt=0.9500 cc_u=3.8516 cc_r=4.0901 cc_tau_ms=7.00
[ 173.852] s)
[ 173.852] [ADC1] STATUS al
[ 173.852] arm(
[ 174.487] [STATUS] t_ms=3267425 hwm=5 cap=256 dropped=0 dropped_total=49724 crc_err=0 crc_err_total=0 rate1=512 rate2=512 prod1=512 prod2=512 dac_err=0 tx_drop=0 hb_ms=0 sma_state=6 m7_us=3371734123 m4_us=3369540051 vdd=5.067 offset=0.5000 aref=3.145 loop_us_avg=33 loop_us_max=5006 loop_hz=30303 cycle_log_ms=1 n_cycle=4 cc=0 cc_hz=0 cc_i_tgt=0.9500 cc_u=3.8516 cc_r=4.0901 cc_tau_ms=7.00
[ 174.866] [ADC1] STATUS alarm(
[ 175.499] [STATUS] t_ms=3268425 hwm=5 cap=256 dropped=0 dropped_total=49724 crc_err=0 crc_err_total=0 rate1=512 rate2=512 prod1=512 prod2=512 dac_err=0 tx_drop=0 hb_ms=0 sma_state=6 m7_us=3372766149 m4_us=3370572038 vdd=5.067 offset=0.5000 aref=3.145 loop_us_avg=33 loop_us_max=5004 loop_hz=30303 cycle_log_ms=1 n_cycle=4 cc=0 cc_hz=0 cc_i_tgt=0.9500 cc_u=3.8516 cc_r=4.0901 cc_tau_ms=7.00
[ 175.880] s):
[ 175.880] [ADC1] STATUS alarm(
[ 176.513] [STATUS] t_ms=3269425 hwm=5 cap=256 dropped=0 dropped_total=49724 crc_err=0 crc_err_total=0 rate1=512 rate2=512 prod1=512 prod2=512 dac_err=0 tx_drop=0 hb_ms=0 sma_state=6 m7_us=3373798153 m4_us=3371604006 vdd=5.067 offset=0.5000 aref=3.145 loop_us_avg=33 loop_us_max=5001 loop_hz=30303 cycle_log_ms=1 n_cycle=4 cc=0 cc_hz=0 cc_i_tgt=0.9500 cc_u=3.8516 cc_r=4.0901 cc_tau_ms=7.00
[ 176.892] s): 0x49
[ 176.892] [ADC1
[ 176.892] ] STATUS alarm(
[ 177.590] [STATUS] t_ms=3270425 hwm=5 cap=256 dropped=0 dropped_total=49724 crc_err=0 crc_err_total=0 rate1=512 rate2=512 prod1=512 prod2=512 dac_err=0 tx_drop=0 hb_ms=0 sma_state=6 m7_us=3374830154 m4_us=3372636025 vdd=5.067 offset=0.5000 aref=3.145 loop_us_avg=33 loop_us_max=5004 loop_hz=30303 cycle_log_ms=1 n_cycle=4 cc=0 cc_hz=0 cc_i_tgt=0.9500 cc_u=3.8516 cc_r=4.0901 cc_tau_ms=7.00
[ 177.844] s)
[ 177.844] [
[ 177.844] ADC1] STATUS al
[ 177.844] arm(
[ 178.606] [STATUS] t_ms=3271425 hwm=5 cap=256 dropped=0 dropped_total=49724 crc_err=0 crc_err_total=0 rate1=512 rate2=511 prod1=512 prod2=511 dac_err=0 tx_drop=0 hb_ms=0 sma_state=6 m7_us=3375861783 m4_us=3373666972 vdd=5.067 offset=0.5000 aref=3.145 loop_us_avg=33 loop_us_max=5003 loop_hz=30303 cycle_log_ms=1 n_cycle=4 cc=0 cc_hz=0 cc_i_tgt=0.9500 cc_u=3.8516 cc_r=4.0901 cc_tau_ms=7.00
[ 178.862] s): 0
[ 178.862] [A
[ 178.862] DC1] STATUS alar
[ 178.862] m(
[ 179.626] [STATUS] t_ms=3272425 hwm=5 cap=256 dropped=0 dropped_total=49724 crc_err=0 crc_err_total=0 rate1=512 rate2=513 prod1=512 prod2=513 dac_err=0 tx_drop=0 hb_ms=0 sma_state=6 m7_us=3376894031 m4_us=3374699962 vdd=5.067 offset=0.5000 aref=3.145 loop_us_avg=34 loop_us_max=4927 loop_hz=29411 cycle_log_ms=1 n_cycle=4 cc=0 cc_hz=0 cc_i_tgt=0.9500 cc_u=3.8516 cc_r=4.0901 cc_tau_ms=7.00
[ 179.881] [ADC1] STATUS alarm(
[ 180.640] [STATUS] t_ms=3273425 hwm=5 cap=256 dropped=0 dropped_total=49724 crc_err=0 crc_err_total=0 rate1=512 rate2=512 prod1=512 prod2=512 dac_err=0 tx_drop=0 hb_ms=0 sma_state=6 m7_us=3377926041 m4_us=3375731936 vdd=5.067 offset=0.5000 aref=3.145 loop_us_avg=33 loop_us_max=4997 loop_hz=30303 cycle_log_ms=1 n_cycle=4 cc=0 cc_hz=0 cc_i_tgt=0.9500 cc_u=3.8516 cc_r=4.0901 cc_tau_ms=7.00
[ 180.895] s)
[ 180.895] [ADC1] STATUS alarm
[ 181.723] [STATUS] t_ms=3274425 hwm=5 cap=256 dropped=0 dropped_total=49724 crc_err=0 crc_err_total=0 rate1=512 rate2=512 prod1=512 prod2=512 dac_err=0 tx_drop=0 hb_ms=0 sma_state=6 m7_us=3378958046 m4_us=3376763933 vdd=5.067 offset=0.5000 aref=3.145 loop_us_avg=33 loop_us_max=5005 loop_hz=30303 cycle_log_ms=1 n_cycle=4 cc=0 cc_hz=0 cc_i_tgt=0.9500 cc_u=3.8516 cc_r=4.0901 cc_tau_ms=7.00
[ 181.913] (s):
[ 181.913] [
[ 181.913] ADC1] STATUS alar
[ 182.783] [STATUS] t_ms=3275466 hwm=59 cap=256 dropped=0 dropped_total=49724 crc_err=0 crc_err_total=0 rate1=512 rate2=511 prod1=512 prod2=511 dac_err=0 tx_drop=0 hb_ms=0 sma_state=6 m7_us=3380032220 m4_us=3377837244 vdd=5.067 offset=0.5000 aref=3.145 loop_us_avg=35 loop_us_max=59674 loop_hz=28571 cycle_log_ms=1 n_cycle=4 cc=0 cc_hz=0 cc_i_tgt=0.9500 cc_u=3.8516 cc_r=4.0901 cc_tau_ms=7.00
[ 182.908] [ADC1] STATUS a
[ 182.908] larm
[ 183.796] [STATUS] t_ms=3276466 hwm=6 cap=256 dropped=0 dropped_total=49724 crc_err=0 crc_err_total=0 rate1=512 rate2=512 prod1=512 prod2=512 dac_err=0 tx_drop=0 hb_ms=0 sma_state=6 m7_us=3381064023 m4_us=3378869253 vdd=5.067 offset=0.5000 aref=3.145 loop_us_avg=33 loop_us_max=6925 loop_hz=30303 cycle_log_ms=1 n_cycle=4 cc=0 cc_hz=0 cc_i_tgt=0.9500 cc_u=3.8516 cc_r=4.0901 cc_tau_ms=7.00
[ 183.922] (s): 0x
[ 183.922] [ADC
[ 183.922] 1] STATUS alarm(
[ 184.807] [STATUS] t_ms=3277466 hwm=5 cap=256 dropped=0 dropped_total=49724 crc_err=0 crc_err_total=0 rate1=512 rate2=513 prod1=512 prod2=513 dac_err=0 tx_drop=0 hb_ms=0 sma_state=6 m7_us=3382096269 m4_us=3379902256 vdd=5.067 offset=0.5000 aref=3.145 loop_us_avg=33 loop_us_max=4912 loop_hz=30303 cycle_log_ms=1 n_cycle=4 cc=0 cc_hz=0 cc_i_tgt=0.9500 cc_u=3.8516 cc_r=4.0901 cc_tau_ms=7.00
