[   0.061] [SMA] ARMED (MOSFET on); idle=0.500 V
[   0.061] STATUS a
[   0.061] larm(s): 0x49 PGA
[   0.061] L_ALM
[   0.061] [ADC1]
[   0.062] [STATUS] t_ms=4742918 hwm=5 cap=256 dropped=0 dropped_total=71692 crc_err=0 crc_err_total=0 rate1=512 rate2=512 prod1=512 prod2=512 dac_err=0 tx_drop=0 hb_ms=0 sma_state=0 m7_us=599462389 m4_us=597267747 vdd=5.067 offset=0.5000 aref=3.145 loop_us_avg=21 loop_us_max=4657 loop_hz=47619 cycle_log_ms=1 n_cycle=4 cc=0 cc_hz=0 cc_i_tgt=0.7500 cc_u=3.0971 cc_r=4.1493 cc_tau_ms=7.00
[   0.505] STATUS
[   0.505] alarm(s): 0x49
[   0.505] [AD
[   0.505] C1]
[   1.075] [STATUS] t_ms=4743918 hwm=5 cap=256 dropped=0 dropped_total=71692 crc_err=0 crc_err_total=0 rate1=512 rate2=512 prod1=512 prod2=512 dac_err=0 tx_drop=0 hb_ms=0 sma_state=0 m7_us=600494494 m4_us=598299843 vdd=5.067 offset=0.5000 aref=3.145 loop_us_avg=22 loop_us_max=4640 loop_hz=45454 cycle_log_ms=1 n_cycle=4 cc=0 cc_hz=0 cc_i_tgt=0.7500 cc_u=3.0971 cc_r=4.1493 cc_tau_ms=7.00
[   1.518] STATUS
[   1.518] alarm(s): 0x4
[   1.518] [ADC1
[   1.518] ]
[   0.062] [SMA] [CC] start i_high=850.0mA i_low=0.0mA t_high=400 t_idle=30000 n=6 (0=cont) tau_ms=7.0 wdt_ms=5000
[   0.062] [STATUS] t_ms=4744918 hwm=5 cap=256 dropped=0 dropped_total=71692 crc_err=0 crc_err_total=0 rate1=512 rate2=512 prod1=512 prod2=512 dac_err=0 tx_drop=0 hb_ms=0 sma_state=7 m7_us=601526605 m4_us=599331955 vdd=5.067 offset=0.5000 aref=3.145 loop_us_avg=22 loop_us_max=4654 loop_hz=45454 cycle_log_ms=1 n_cycle=4 cc=0 cc_hz=0 cc_i_tgt=0.7500 cc_u=0.0000 cc_r=0.0000 cc_tau_ms=7.00
[   0.125] [SMA] [CC] seed R=4.721 ohm  I=105.9 mA  u=0.500 V  n=99
[   0.125] [SMA] [ACT] heat n=1/6 I=850.0mA ms=400
[   0.505] STATUS ala
[   0.505] [ADC1]
[   0.568] [SMA] [ACT] cool n=1/6 I=0.0mA ms=30000
[   1.078] [STATUS] t_ms=4745918 hwm=5 cap=256 dropped=0 dropped_total=71692 crc_err=0 crc_err_total=0 rate1=512 rate2=512 prod1=512 prod2=512 dac_err=0 tx_drop=0 hb_ms=0 sma_state=6 m7_us=602558659 m4_us=600364000 vdd=5.067 offset=0.5000 aref=3.145 loop_us_avg=45 loop_us_max=4860 loop_hz=22222 cycle_log_ms=1 n_cycle=4 cc=0 cc_hz=411 cc_i_tgt=0.8500 cc_u=3.3562 cc_r=4.0190 cc_tau_ms=7.00
[   1.524] STATUS al
[   1.524] M
[   1.524] [ADC1]
[   2.096] [STATUS] t_ms=4746918 hwm=5 cap=256 dropped=0 dropped_total=71692 crc_err=0 crc_err_total=0 rate1=512 rate2=512 prod1=512 prod2=512 dac_err=0 tx_drop=0 hb_ms=0 sma_state=6 m7_us=603590695 m4_us=601396048 vdd=5.067 offset=0.5000 aref=3.145 loop_us_avg=33 loop_us_max=4918 loop_hz=30303 cycle_log_ms=1 n_cycle=4 cc=0 cc_hz=0 cc_i_tgt=0.8500 cc_u=3.3562 cc_r=4.0190 cc_tau_ms=7.00
[   2.476] STATUS alar
[   2.476] _ALM
[   2.476] [ADC1]
[   3.175] [STATUS] t_ms=4747918 hwm=5 cap=256 dropped=0 dropped_total=71692 crc_err=0 crc_err_total=0 rate1=512 rate2=512 prod1=512 prod2=512 dac_err=0 tx_drop=0 hb_ms=0 sma_state=6 m7_us=604622735 m4_us=602428096 vdd=5.067 offset=0.5000 aref=3.145 loop_us_avg=33 loop_us_max=4929 loop_hz=30303 cycle_log_ms=1 n_cycle=4 cc=0 cc_hz=0 cc_i_tgt=0.8500 cc_u=3.3562 cc_r=4.0190 cc_tau_ms=7.00
[   3.493] STATUS ala
[   3.493] _ALM
[   3.493] [ADC1]
[   4.189] [STATUS] t_ms=4748918 hwm=5 cap=256 dropped=0 dropped_total=71692 crc_err=0 crc_err_total=0 rate1=512 rate2=512 prod1=512 prod2=512 dac_err=0 tx_drop=0 hb_ms=0 sma_state=6 m7_us=605654776 m4_us=603460131 vdd=5.067 offset=0.5000 aref=3.145 loop_us_avg=33 loop_us_max=4923 loop_hz=30303 cycle_log_ms=1 n_cycle=4 cc=0 cc_hz=0 cc_i_tgt=0.8500 cc_u=3.3562 cc_r=4.0190 cc_tau_ms=7.00
[   4.505] [ADC
[   4.505] 1]
[   5.204] [STATUS] t_ms=4749918 hwm=5 cap=256 dropped=0 dropped_total=71692 crc_err=0 crc_err_total=0 rate1=512 rate2=512 prod1=512 prod2=512 dac_err=0 tx_drop=0 hb_ms=0 sma_state=6 m7_us=606686885 m4_us=604492240 vdd=5.067 offset=0.5000 aref=3.145 loop_us_avg=33 loop_us_max=4930 loop_hz=30303 cycle_log_ms=1 n_cycle=4 cc=0 cc_hz=0 cc_i_tgt=0.8500 cc_u=3.3562 cc_r=4.0190 cc_tau_ms=7.00
[   5.520] [ADC1]
[   6.282] [STATUS] t_ms=4750918 hwm=5 cap=256 dropped=0 dropped_total=71692 crc_err=0 crc_err_total=0 rate1=512 rate2=512 prod1=512 prod2=512 dac_err=0 tx_drop=0 hb_ms=0 sma_state=6 m7_us=607718990 m4_us=605524339 vdd=5.067 offset=0.5000 aref=3.145 loop_us_avg=33 loop_us_max=4924 loop_hz=30303 cycle_log_ms=1 n_cycle=4 cc=0 cc_hz=0 cc_i_tgt=0.8500 cc_u=3.3562 cc_r=4.0190 cc_tau_ms=7.00
[   6.534] STATUS a
[   6.534] larm(s): 0x49 PG
[   6.534] AL_ALM
[   6.534] [ADC1]
[   7.294] [STATUS] t_ms=4751918 hwm=5 cap=256 dropped=0 dropped_total=71692 crc_err=0 crc_err_total=0 rate1=512 rate2=512 prod1=512 prod2=512 dac_err=0 tx_drop=0 hb_ms=0 sma_state=6 m7_us=608751057 m4_us=606556419 vdd=5.067 offset=0.5000 aref=3.145 loop_us_avg=34 loop_us_max=4929 loop_hz=29411 cycle_log_ms=1 n_cycle=4 cc=0 cc_hz=0 cc_i_tgt=0.8500 cc_u=3.3562 cc_r=4.0190 cc_tau_ms=7.00
[   7.548] STATUS ala
[   7.548] _ALM
[   7.548] [ADC1]
[   8.312] [STATUS] t_ms=4752918 hwm=5 cap=256 dropped=0 dropped_total=71692 crc_err=0 crc_err_total=0 rate1=512 rate2=512 prod1=512 prod2=512 dac_err=0 tx_drop=0 hb_ms=0 sma_state=6 m7_us=609783115 m4_us=607588454 vdd=5.067 offset=0.5000 aref=3.145 loop_us_avg=33 loop_us_max=4923 loop_hz=30303 cycle_log_ms=1 n_cycle=4 cc=0 cc_hz=0 cc_i_tgt=0.8500 cc_u=3.3562 cc_r=4.0190 cc_tau_ms=7.00
[   8.566] STATUS al
[   8.566] _ALM
[   8.566] [ADC1]
[   9.328] [STATUS] t_ms=4753918 hwm=5 cap=256 dropped=0 dropped_total=71692 crc_err=0 crc_err_total=0 rate1=512 rate2=512 prod1=512 prod2=512 dac_err=0 tx_drop=0 hb_ms=0 sma_state=6 m7_us=610815159 m4_us=608620499 vdd=5.067 offset=0.5000 aref=3.145 loop_us_avg=33 loop_us_max=4925 loop_hz=30303 cycle_log_ms=1 n_cycle=4 cc=0 cc_hz=0 cc_i_tgt=0.8500 cc_u=3.3562 cc_r=4.0190 cc_tau_ms=7.00
[   9.581] _ALM
[   9.581] [ADC1]
[  10.406] [STATUS] t_ms=4754918 hwm=5 cap=256 dropped=0 dropped_total=71692 crc_err=0 crc_err_total=0 rate1=512 rate2=512 prod1=512 prod2=512 dac_err=0 tx_drop=0 hb_ms=0 sma_state=6 m7_us=611847198 m4_us=609652537 vdd=5.067 offset=0.5000 aref=3.145 loop_us_avg=33 loop_us_max=4926 loop_hz=30303 cycle_log_ms=1 n_cycle=4 cc=0 cc_hz=0 cc_i_tgt=0.8500 cc_u=3.3562 cc_r=4.0190 cc_tau_ms=7.00
[  10.596] [ADC1]
[  11.421] [STATUS] t_ms=4755918 hwm=5 cap=256 dropped=0 dropped_total=71692 crc_err=0 crc_err_total=0 rate1=512 rate2=512 prod1=512 prod2=512 dac_err=0 tx_drop=0 hb_ms=0 sma_state=6 m7_us=612879254 m4_us=610684592 vdd=5.067 offset=0.5000 aref=3.145 loop_us_avg=33 loop_us_max=4925 loop_hz=30303 cycle_log_ms=1 n_cycle=4 cc=0 cc_hz=0 cc_i_tgt=0.8500 cc_u=3.3562 cc_r=4.0190 cc_tau_ms=7.00
[  11.548] STATUS a
[  11.548] [ADC1]
[  12.438] [STATUS] t_ms=4756918 hwm=5 cap=256 dropped=0 dropped_total=71692 crc_err=0 crc_err_total=0 rate1=512 rate2=512 prod1=512 prod2=512 dac_err=0 tx_drop=0 hb_ms=0 sma_state=6 m7_us=613911323 m4_us=611716649 vdd=5.067 offset=0.5000 aref=3.145 loop_us_avg=33 loop_us_max=4935 loop_hz=30303 cycle_log_ms=1 n_cycle=4 cc=0 cc_hz=0 cc_i_tgt=0.8500 cc_u=3.3562 cc_r=4.0190 cc_tau_ms=7.00
[  12.566] STATU
[  12.566] S alarm(s): 0x4
[  12.566] [AD
[  12.566] C1]
[  13.456] [STATUS] t_ms=4757918 hwm=5 cap=256 dropped=0 dropped_total=71692 crc_err=0 crc_err_total=0 rate1=512 rate2=512 prod1=512 prod2=512 dac_err=0 tx_drop=0 hb_ms=0 sma_state=6 m7_us=614943323 m4_us=612748662 vdd=5.067 offset=0.5000 aref=3.145 loop_us_avg=33 loop_us_max=4943 loop_hz=30303 cycle_log_ms=1 n_cycle=4 cc=0 cc_hz=0 cc_i_tgt=0.8500 cc_u=3.3562 cc_r=4.0190 cc_tau_ms=7.00
[  13.583] STA
[  13.583] TUS alarm(s): 0x
[  13.583] [ADC
[  13.583] 1]
[  14.534] [STATUS] t_ms=4758918 hwm=5 cap=256 dropped=0 dropped_total=71692 crc_err=0 crc_err_total=0 rate1=512 rate2=512 prod1=512 prod2=512 dac_err=0 tx_drop=0 hb_ms=0 sma_state=6 m7_us=615975306 m4_us=613780653 vdd=5.067 offset=0.5000 aref=3.145 loop_us_avg=33 loop_us_max=4931 loop_hz=30303 cycle_log_ms=1 n_cycle=4 cc=0 cc_hz=0 cc_i_tgt=0.8500 cc_u=3.3562 cc_r=4.0190 cc_tau_ms=7.00
[  14.598] STATUS a
[  14.598] larm(s): 0x49 PG
[  14.598] AL_ALM
[  14.598] [ADC1]
[  15.552] [STATUS] t_ms=4759918 hwm=5 cap=256 dropped=0 dropped_total=71692 crc_err=0 crc_err_total=0 rate1=512 rate2=512 prod1=512 prod2=512 dac_err=0 tx_drop=0 hb_ms=0 sma_state=6 m7_us=617007336 m4_us=614812675 vdd=5.067 offset=0.5000 aref=3.145 loop_us_avg=33 loop_us_max=4941 loop_hz=30303 cycle_log_ms=1 n_cycle=4 cc=0 cc_hz=0 cc_i_tgt=0.8500 cc_u=3.3562 cc_r=4.0190 cc_tau_ms=7.00
[  15.616] [ADC1]
[  16.573] [STATUS] t_ms=4760918 hwm=5 cap=256 dropped=0 dropped_total=71692 crc_err=0 crc_err_total=0 rate1=512 rate2=512 prod1=512 prod2=512 dac_err=0 tx_drop=0 hb_ms=0 sma_state=6 m7_us=618039366 m4_us=615844710 vdd=5.067 offset=0.5000 aref=3.145 loop_us_avg=33 loop_us_max=4933 loop_hz=30303 cycle_log_ms=1 n_cycle=4 cc=0 cc_hz=0 cc_i_tgt=0.8500 cc_u=3.3562 cc_r=4.0190 cc_tau_ms=7.00
[  16.637] STATUS ala
[  16.637] [ADC1]
[  17.584] [STATUS] t_ms=4761918 hwm=5 cap=256 dropped=0 dropped_total=71692 crc_err=0 crc_err_total=0 rate1=512 rate2=512 prod1=512 prod2=512 dac_err=0 tx_drop=0 hb_ms=0 sma_state=6 m7_us=619071390 m4_us=616876739 vdd=5.067 offset=0.5000 aref=3.145 loop_us_avg=33 loop_us_max=4922 loop_hz=30303 cycle_log_ms=1 n_cycle=4 cc=0 cc_hz=0 cc_i_tgt=0.8500 cc_u=3.3562 cc_r=4.0190 cc_tau_ms=7.00
[  17.648] STATUS a
[  17.648] ALM
[  17.648] [ADC1]
[  18.601] STA
[  18.665] [ADC1]
[  18.665] [STATUS] t_ms=4762918 hwm=5 cap=256 dropped=0 dropped_total=71692 crc_err=0 crc_err_total=0 rate1=512 rate2=512 prod1=512 prod2=512 dac_err=0 tx_drop=0 hb_ms=0 sma_state=6 m7_us=620103462 m4_us=617908803 vdd=5.067 offset=0.5000 aref=3.145 loop_us_avg=33 loop_us_max=4925 loop_hz=30303 cycle_log_ms=1 n_cycle=4 cc=0 cc_hz=0 cc_i_tgt=0.8500 cc_u=3.3562 cc_r=4.0190 cc_tau_ms=7.00
[  19.614] STATUS alarm
[  19.614] [ADC1]
[  19.677] [STATUS] t_ms=4763918 hwm=5 cap=256 dropped=0 dropped_total=71692 crc_err=0 crc_err_total=0 rate1=512 rate2=512 prod1=512 prod2=512 dac_err=0 tx_drop=0 hb_ms=0 sma_state=6 m7_us=621135492 m4_us=618940854 vdd=5.067 offset=0.5000 aref=3.145 loop_us_avg=33 loop_us_max=4938 loop_hz=30303 cycle_log_ms=1 n_cycle=4 cc=0 cc_hz=0 cc_i_tgt=0.8500 cc_u=3.3562 cc_r=4.0190 cc_tau_ms=7.00
[  20.628] [ADC1]
[  20.690] [STATUS] t_ms=4764918 hwm=5 cap=256 dropped=0 dropped_total=71692 crc_err=0 crc_err_total=0 rate1=512 rate2=512 prod1=512 prod2=512 dac_err=0 tx_drop=0 hb_ms=0 sma_state=6 m7_us=622167515 m4_us=619972857 vdd=5.067 offset=0.5000 aref=3.145 loop_us_avg=33 loop_us_max=4915 loop_hz=30303 cycle_log_ms=1 n_cycle=4 cc=0 cc_hz=0 cc_i_tgt=0.8500 cc_u=3.3562 cc_r=4.0190 cc_tau_ms=7.00
[  21.641] [ADC1]
[  21.704] [STATUS] t_ms=4765918 hwm=5 cap=256 dropped=0 dropped_total=71692 crc_err=0 crc_err_total=0 rate1=512 rate2=512 prod1=512 prod2=512 dac_err=0 tx_drop=0 hb_ms=0 sma_state=6 m7_us=623199574 m4_us=621004925 vdd=5.067 offset=0.5000 aref=3.145 loop_us_avg=33 loop_us_max=4923 loop_hz=30303 cycle_log_ms=1 n_cycle=4 cc=0 cc_hz=0 cc_i_tgt=0.8500 cc_u=3.3562 cc_r=4.0190 cc_tau_ms=7.00
[  22.656] STATUS alarm
[  22.656] [ADC1]
[  22.782] [STATUS] t_ms=4766918 hwm=5 cap=256 dropped=0 dropped_total=71692 crc_err=0 crc_err_total=0 rate1=512 rate2=512 prod1=512 prod2=512 dac_err=0 tx_drop=0 hb_ms=0 sma_state=6 m7_us=624231632 m4_us=622036973 vdd=5.067 offset=0.5000 aref=3.145 loop_us_avg=33 loop_us_max=4926 loop_hz=30303 cycle_log_ms=1 n_cycle=4 cc=0 cc_hz=0 cc_i_tgt=0.8500 cc_u=3.3562 cc_r=4.0190 cc_tau_ms=7.00
[  23.672] STATUS alar
[  23.672] _ALM
[  23.672] [ADC1]
[  23.799] [STATUS] t_ms=4767918 hwm=5 cap=256 dropped=0 dropped_total=71692 crc_err=0 crc_err_total=0 rate1=512 rate2=512 prod1=512 prod2=512 dac_err=0 tx_drop=0 hb_ms=0 sma_state=6 m7_us=625263666 m4_us=623069005 vdd=5.067 offset=0.5000 aref=3.145 loop_us_avg=33 loop_us_max=4924 loop_hz=30303 cycle_log_ms=1 n_cycle=4 cc=0 cc_hz=0 cc_i_tgt=0.8500 cc_u=3.3562 cc_r=4.0190 cc_tau_ms=7.00
[  24.688] STA
[  24.688] TUS alarm(s): 0x49
[  24.688] [ADC1]
[  24.814] [STATUS] t_ms=4768918 hwm=5 cap=256 dropped=0 dropped_total=71692 crc_err=0 crc_err_total=0 rate1=512 rate2=512 prod1=512 prod2=512 dac_err=0 tx_drop=0 hb_ms=0 sma_state=6 m7_us=626295750 m4_us=624101101 vdd=5.067 offset=0.5000 aref=3.145 loop_us_avg=33 loop_us_max=4943 loop_hz=30303 cycle_log_ms=1 n_cycle=4 cc=0 cc_hz=0 cc_i_tgt=0.8500 cc_u=3.3562 cc_r=4.0190 cc_tau_ms=7.00
[  25.701] STAT
[  25.701] US alarm(s): 0x49
[  25.701] [ADC1
[  25.701] ]
[  25.891] [STATUS] t_ms=4769918 hwm=5 cap=256 dropped=0 dropped_total=71692 crc_err=0 crc_err_total=0 rate1=512 rate2=512 prod1=512 prod2=512 dac_err=0 tx_drop=0 hb_ms=0 sma_state=6 m7_us=627327869 m4_us=625133177 vdd=5.067 offset=0.5000 aref=3.145 loop_us_avg=33 loop_us_max=4932 loop_hz=30303 cycle_log_ms=1 n_cycle=4 cc=0 cc_hz=0 cc_i_tgt=0.8500 cc_u=3.3562 cc_r=4.0190 cc_tau_ms=7.00
[  26.719] [ADC1]
[  26.909] [STATUS] t_ms=4770918 hwm=5 cap=256 dropped=0 dropped_total=71692 crc_err=0 crc_err_total=0 rate1=512 rate2=512 prod1=512 prod2=512 dac_err=0 tx_drop=0 hb_ms=0 sma_state=6 m7_us=628359855 m4_us=626165206 vdd=5.067 offset=0.5000 aref=3.145 loop_us_avg=33 loop_us_max=4959 loop_hz=30303 cycle_log_ms=1 n_cycle=4 cc=0 cc_hz=0 cc_i_tgt=0.8500 cc_u=3.3562 cc_r=4.0190 cc_tau_ms=7.00
[  27.729] STAT
[  27.729] [ADC1]
[  27.921] [STATUS] t_ms=4771918 hwm=5 cap=256 dropped=0 dropped_total=71692 crc_err=0 crc_err_total=0 rate1=512 rate2=512 prod1=512 prod2=512 dac_err=0 tx_drop=0 hb_ms=0 sma_state=6 m7_us=629391937 m4_us=627197264 vdd=5.067 offset=0.5000 aref=3.145 loop_us_avg=33 loop_us_max=4916 loop_hz=30303 cycle_log_ms=1 n_cycle=4 cc=0 cc_hz=0 cc_i_tgt=0.8500 cc_u=3.3562 cc_r=4.0190 cc_tau_ms=7.00
[  28.686] STATUS
[  28.686] alarm(s): 0x49 P
[  28.686] GAL_ALM
[  28.686] [ADC1]
[  28.942] [STATUS] t_ms=4772918 hwm=5 cap=256 dropped=0 dropped_total=71692 crc_err=0 crc_err_total=0 rate1=512 rate2=512 prod1=512 prod2=512 dac_err=0 tx_drop=0 hb_ms=0 sma_state=6 m7_us=630423978 m4_us=628229312 vdd=5.067 offset=0.5000 aref=3.145 loop_us_avg=33 loop_us_max=4923 loop_hz=30303 cycle_log_ms=1 n_cycle=4 cc=0 cc_hz=0 cc_i_tgt=0.8500 cc_u=3.3562 cc_r=4.0190 cc_tau_ms=7.00
[  29.699] STATUS ala
[  29.699] _ALM
[  29.699] [ADC1]
[  30.014] [STATUS] t_ms=4773918 hwm=5 cap=256 dropped=0 dropped_total=71692 crc_err=0 crc_err_total=0 rate1=512 rate2=512 prod1=512 prod2=512 dac_err=0 tx_drop=0 hb_ms=0 sma_state=6 m7_us=631456004 m4_us=629261350 vdd=5.067 offset=0.5000 aref=3.145 loop_us_avg=33 loop_us_max=4923 loop_hz=30303 cycle_log_ms=1 n_cycle=4 cc=0 cc_hz=0 cc_i_tgt=0.8500 cc_u=3.3562 cc_r=4.0190 cc_tau_ms=7.00
[  30.712] STAT
[  30.712] US alarm(s): 0x49
[  30.712] [ADC
[  30.712] 1]
[  31.029] [STATUS] t_ms=4774918 hwm=5 cap=256 dropped=0 dropped_total=71692 crc_err=0 crc_err_total=0 rate1=512 rate2=512 prod1=512 prod2=512 dac_err=0 tx_drop=0 hb_ms=0 sma_state=6 m7_us=632488028 m4_us=630293376 vdd=5.067 offset=0.5000 aref=3.145 loop_us_avg=33 loop_us_max=4935 loop_hz=30303 cycle_log_ms=1 n_cycle=4 cc=0 cc_hz=0 cc_i_tgt=0.8500 cc_u=3.3562 cc_r=4.0190 cc_tau_ms=7.00
[  31.537] [SMA] [ACT] heat n=2/6 I=850.0mA ms=400
[  31.729] [ADC1]
[  31.917] [SMA] [ACT] cool n=2/6 I=0.0mA ms=30000
[  32.043] [STATUS] t_ms=4775918 hwm=5 cap=256 dropped=0 dropped_total=71692 crc_err=0 crc_err_total=0 rate1=512 rate2=512 prod1=512 prod2=512 dac_err=0 tx_drop=0 hb_ms=0 sma_state=6 m7_us=633520041 m4_us=631325392 vdd=5.067 offset=0.5000 aref=3.145 loop_us_avg=45 loop_us_max=4923 loop_hz=22222 cycle_log_ms=1 n_cycle=4 cc=0 cc_hz=412 cc_i_tgt=0.8500 cc_u=3.3955 cc_r=4.0489 cc_tau_ms=7.00
[  32.744] STATUS a
[  32.744] [ADC1]
[  33.060] [STATUS] t_ms=4776918 hwm=5 cap=256 dropped=0 dropped_total=71692 crc_err=0 crc_err_total=0 rate1=512 rate2=512 prod1=512 prod2=512 dac_err=0 tx_drop=0 hb_ms=0 sma_state=6 m7_us=634552040 m4_us=632357382 vdd=5.067 offset=0.5000 aref=3.145 loop_us_avg=33 loop_us_max=4928 loop_hz=30303 cycle_log_ms=1 n_cycle=4 cc=0 cc_hz=0 cc_i_tgt=0.8500 cc_u=3.3955 cc_r=4.0489 cc_tau_ms=7.00
[  33.757] STATU
[  33.757] S alarm(s): 0x49 P
[  33.757] GAL_ALM
[  33.757] [ADC1]
[  34.138] [STATUS] t_ms=4777918 hwm=5 cap=256 dropped=0 dropped_total=71692 crc_err=0 crc_err_total=0 rate1=512 rate2=512 prod1=512 prod2=512 dac_err=0 tx_drop=0 hb_ms=0 sma_state=6 m7_us=635584065 m4_us=633389414 vdd=5.067 offset=0.5000 aref=3.145 loop_us_avg=33 loop_us_max=4930 loop_hz=30303 cycle_log_ms=1 n_cycle=4 cc=0 cc_hz=0 cc_i_tgt=0.8500 cc_u=3.3955 cc_r=4.0489 cc_tau_ms=7.00
[  34.771] STATUS ala
[  34.771] _ALM
[  34.771] [ADC1]
[  35.154] [STATUS] t_ms=4778918 hwm=5 cap=256 dropped=0 dropped_total=71692 crc_err=0 crc_err_total=0 rate1=512 rate2=512 prod1=512 prod2=512 dac_err=0 tx_drop=0 hb_ms=0 sma_state=6 m7_us=636616074 m4_us=634421424 vdd=5.067 offset=0.5000 aref=3.145 loop_us_avg=34 loop_us_max=4931 loop_hz=29411 cycle_log_ms=1 n_cycle=4 cc=0 cc_hz=0 cc_i_tgt=0.8500 cc_u=3.3955 cc_r=4.0489 cc_tau_ms=7.00
[  35.787] STATUS alar
[  35.787] ALM
[  35.787] [ADC1]
[  36.169] [STATUS] t_ms=4779918 hwm=5 cap=256 dropped=0 dropped_total=71692 crc_err=0 crc_err_total=0 rate1=512 rate2=512 prod1=512 prod2=512 dac_err=0 tx_drop=0 hb_ms=0 sma_state=6 m7_us=637648091 m4_us=635453430 vdd=5.067 offset=0.5000 aref=3.145 loop_us_avg=33 loop_us_max=4923 loop_hz=30303 cycle_log_ms=1 n_cycle=4 cc=0 cc_hz=0 cc_i_tgt=0.8500 cc_u=3.3955 cc_r=4.0489 cc_tau_ms=7.00
[  36.802] [ADC1]
[  37.245] [STATUS] t_ms=4780918 hwm=5 cap=256 dropped=0 dropped_total=71692 crc_err=0 crc_err_total=0 rate1=512 rate2=512 prod1=512 prod2=512 dac_err=0 tx_drop=0 hb_ms=0 sma_state=6 m7_us=638680079 m4_us=636485440 vdd=5.067 offset=0.5000 aref=3.145 loop_us_avg=33 loop_us_max=4929 loop_hz=30303 cycle_log_ms=1 n_cycle=4 cc=0 cc_hz=0 cc_i_tgt=0.8500 cc_u=3.3955 cc_r=4.0489 cc_tau_ms=7.00
[  37.800] [ADC1]
[  38.244] [STATUS] t_ms=4781918 hwm=5 cap=256 dropped=0 dropped_total=71692 crc_err=0 crc_err_total=0 rate1=512 rate2=512 prod1=512 prod2=512 dac_err=0 tx_drop=0 hb_ms=0 sma_state=6 m7_us=639712139 m4_us=637517478 vdd=5.067 offset=0.5000 aref=3.145 loop_us_avg=33 loop_us_max=4938 loop_hz=30303 cycle_log_ms=1 n_cycle=4 cc=0 cc_hz=0 cc_i_tgt=0.8500 cc_u=3.3955 cc_r=4.0489 cc_tau_ms=7.00
[  38.814] STA
[  38.814] TUS alarm(s): 0
[  38.814] [ADC1]
[  39.257] [STATUS] t_ms=4782918 hwm=5 cap=256 dropped=0 dropped_total=71692 crc_err=0 crc_err_total=0 rate1=512 rate2=512 prod1=512 prod2=512 dac_err=0 tx_drop=0 hb_ms=0 sma_state=6 m7_us=640744187 m4_us=638549542 vdd=5.067 offset=0.5000 aref=3.145 loop_us_avg=33 loop_us_max=4926 loop_hz=30303 cycle_log_ms=1 n_cycle=4 cc=0 cc_hz=0 cc_i_tgt=0.8500 cc_u=3.3955 cc_r=4.0489 cc_tau_ms=7.00
[  39.765] STATUS a
[  39.765] larm(s): 0x49 PGA
[  39.765] L_ALM
[  39.765] [ADC1]
[  40.337] [STATUS] t_ms=4783918 hwm=5 cap=256 dropped=0 dropped_total=71692 crc_err=0 crc_err_total=0 rate1=512 rate2=512 prod1=512 prod2=512 dac_err=0 tx_drop=0 hb_ms=0 sma_state=6 m7_us=641776230 m4_us=639581568 vdd=5.067 offset=0.5000 aref=3.145 loop_us_avg=33 loop_us_max=4926 loop_hz=30303 cycle_log_ms=1 n_cycle=4 cc=0 cc_hz=0 cc_i_tgt=0.8500 cc_u=3.3955 cc_r=4.0489 cc_tau_ms=7.00
[  40.783] S
[  40.783] TATUS alarm(s): 0
[  40.783] [A
[  40.783] DC1
[  41.354] [STATUS] t_ms=4784918 hwm=5 cap=256 dropped=0 dropped_total=71692 crc_err=0 crc_err_total=0 rate1=512 rate2=512 prod1=512 prod2=512 dac_err=0 tx_drop=0 hb_ms=0 sma_state=6 m7_us=642808268 m4_us=640613613 vdd=5.067 offset=0.5000 aref=3.145 loop_us_avg=33 loop_us_max=4952 loop_hz=30303 cycle_log_ms=1 n_cycle=4 cc=0 cc_hz=0 cc_i_tgt=0.8500 cc_u=3.3955 cc_r=4.0489 cc_tau_ms=7.00
[  41.797] ] STATUS
[  41.797] alarm(s): 0x49 PG
[  41.797] AL_ALM
[  41.797] [ADC
[  42.367] [STATUS] t_ms=4785918 hwm=5 cap=256 dropped=0 dropped_total=71692 crc_err=0 crc_err_total=0 rate1=512 rate2=512 prod1=512 prod2=512 dac_err=0 tx_drop=0 hb_ms=0 sma_state=6 m7_us=643840332 m4_us=641645664 vdd=5.067 offset=0.5000 aref=3.145 loop_us_avg=33 loop_us_max=4921 loop_hz=30303 cycle_log_ms=1 n_cycle=4 cc=0 cc_hz=0 cc_i_tgt=0.8500 cc_u=3.3955 cc_r=4.0489 cc_tau_ms=7.00
[  42.813] [ADC
[  43.384] [STATUS] t_ms=4786918 hwm=5 cap=256 dropped=0 dropped_total=71692 crc_err=0 crc_err_total=0 rate1=512 rate2=512 prod1=512 prod2=512 dac_err=0 tx_drop=0 hb_ms=0 sma_state=6 m7_us=644872381 m4_us=642677718 vdd=5.067 offset=0.5000 aref=3.145 loop_us_avg=33 loop_us_max=4939 loop_hz=30303 cycle_log_ms=1 n_cycle=4 cc=0 cc_hz=0 cc_i_tgt=0.8500 cc_u=3.3955 cc_r=4.0489 cc_tau_ms=7.00
[  43.826] 1] STATU
[  43.826] [ADC
[  44.459] [STATUS] t_ms=4787918 hwm=5 cap=256 dropped=0 dropped_total=71692 crc_err=0 crc_err_total=0 rate1=512 rate2=512 prod1=512 prod2=512 dac_err=0 tx_drop=0 hb_ms=0 sma_state=6 m7_us=645904427 m4_us=643709766 vdd=5.067 offset=0.5000 aref=3.145 loop_us_avg=33 loop_us_max=4939 loop_hz=30303 cycle_log_ms=1 n_cycle=4 cc=0 cc_hz=0 cc_i_tgt=0.8500 cc_u=3.3955 cc_r=4.0489 cc_tau_ms=7.00
[  44.839] 1]
[  44.839] STATUS alarm(s)
[  44.839] [ADC
[  45.473] [STATUS] t_ms=4788918 hwm=5 cap=256 dropped=0 dropped_total=71692 crc_err=0 crc_err_total=0 rate1=512 rate2=512 prod1=512 prod2=512 dac_err=0 tx_drop=0 hb_ms=0 sma_state=6 m7_us=646936480 m4_us=644741817 vdd=5.067 offset=0.5000 aref=3.145 loop_us_avg=33 loop_us_max=4945 loop_hz=30303 cycle_log_ms=1 n_cycle=4 cc=0 cc_hz=0 cc_i_tgt=0.8500 cc_u=3.3955 cc_r=4.0489 cc_tau_ms=7.00
[  45.855] 1
[  45.855] ] STATUS alarm(s)
[  45.855] [ADC
[  46.489] [STATUS] t_ms=4789918 hwm=5 cap=256 dropped=0 dropped_total=71692 crc_err=0 crc_err_total=0 rate1=512 rate2=512 prod1=512 prod2=512 dac_err=0 tx_drop=0 hb_ms=0 sma_state=6 m7_us=647968539 m4_us=645773878 vdd=5.067 offset=0.5000 aref=3.145 loop_us_avg=33 loop_us_max=4937 loop_hz=30303 cycle_log_ms=1 n_cycle=4 cc=0 cc_hz=0 cc_i_tgt=0.8500 cc_u=3.3955 cc_r=4.0489 cc_tau_ms=7.00
[  46.870] 1] STAT
[  46.870] US alarm(s): 0x9
[  46.870] [ADC
[  47.567] [STATUS] t_ms=4790918 hwm=5 cap=256 dropped=0 dropped_total=71692 crc_err=0 crc_err_total=0 rate1=512 rate2=512 prod1=512 prod2=512 dac_err=0 tx_drop=0 hb_ms=0 sma_state=6 m7_us=649000615 m4_us=646805936 vdd=5.067 offset=0.5000 aref=3.145 loop_us_avg=33 loop_us_max=4928 loop_hz=30303 cycle_log_ms=1 n_cycle=4 cc=0 cc_hz=0 cc_i_tgt=0.8500 cc_u=3.3955 cc_r=4.0489 cc_tau_ms=7.00
[  47.883] [ADC
[  48.581] [STATUS] t_ms=4791918 hwm=5 cap=256 dropped=0 dropped_total=71692 crc_err=0 crc_err_total=0 rate1=512 rate2=512 prod1=512 prod2=512 dac_err=0 tx_drop=0 hb_ms=0 sma_state=6 m7_us=650032653 m4_us=647838000 vdd=5.067 offset=0.5000 aref=3.145 loop_us_avg=33 loop_us_max=4933 loop_hz=30303 cycle_log_ms=1 n_cycle=4 cc=0 cc_hz=0 cc_i_tgt=0.8500 cc_u=3.3955 cc_r=4.0489 cc_tau_ms=7.00
[  48.898] 1] STATUS
[  48.898] [ADC
[  49.595] [STATUS] t_ms=4792918 hwm=5 cap=256 dropped=0 dropped_total=71692 crc_err=0 crc_err_total=0 rate1=512 rate2=512 prod1=512 prod2=512 dac_err=0 tx_drop=0 hb_ms=0 sma_state=6 m7_us=651064738 m4_us=648870086 vdd=5.067 offset=0.5000 aref=3.145 loop_us_avg=33 loop_us_max=4939 loop_hz=30303 cycle_log_ms=1 n_cycle=4 cc=0 cc_hz=0 cc_i_tgt=0.8500 cc_u=3.3955 cc_r=4.0489 cc_tau_ms=7.00
[  49.849] 1]
[  49.849] STATUS alarm(s):
[  49.849] [ADC
[  50.613] [STATUS] t_ms=4793918 hwm=5 cap=256 dropped=0 dropped_total=71692 crc_err=0 crc_err_total=0 rate1=512 rate2=512 prod1=512 prod2=512 dac_err=0 tx_drop=0 hb_ms=0 sma_state=6 m7_us=652096792 m4_us=649902144 vdd=5.067 offset=0.5000 aref=3.145 loop_us_avg=33 loop_us_max=4912 loop_hz=30303 cycle_log_ms=1 n_cycle=4 cc=0 cc_hz=0 cc_i_tgt=0.8500 cc_u=3.3955 cc_r=4.0489 cc_tau_ms=7.00
[  50.869] [ADC
[  51.632] [STATUS] t_ms=4794918 hwm=5 cap=256 dropped=0 dropped_total=71692 crc_err=0 crc_err_total=0 rate1=512 rate2=512 prod1=512 prod2=512 dac_err=0 tx_drop=0 hb_ms=0 sma_state=6 m7_us=653128831 m4_us=650934189 vdd=5.067 offset=0.5000 aref=3.145 loop_us_avg=33 loop_us_max=4936 loop_hz=30303 cycle_log_ms=1 n_cycle=4 cc=0 cc_hz=0 cc_i_tgt=0.8500 cc_u=3.3955 cc_r=4.0489 cc_tau_ms=7.00
[  51.886] 1] ST
[  51.886] ATUS alarm(s): 0x9
[  51.886] [ADC
[  52.712] [STATUS] t_ms=4795918 hwm=5 cap=256 dropped=0 dropped_total=71692 crc_err=0 crc_err_total=0 rate1=512 rate2=512 prod1=512 prod2=512 dac_err=0 tx_drop=0 hb_ms=0 sma_state=6 m7_us=654160872 m4_us=651966230 vdd=5.067 offset=0.5000 aref=3.145 loop_us_avg=33 loop_us_max=4927 loop_hz=30303 cycle_log_ms=1 n_cycle=4 cc=0 cc_hz=0 cc_i_tgt=0.8500 cc_u=3.3955 cc_r=4.0489 cc_tau_ms=7.00
[  52.901] [AD
[  52.901] C
[  53.727] [STATUS] t_ms=4796918 hwm=5 cap=256 dropped=0 dropped_total=71692 crc_err=0 crc_err_total=0 rate1=512 rate2=512 prod1=512 prod2=512 dac_err=0 tx_drop=0 hb_ms=0 sma_state=6 m7_us=655192925 m4_us=652998272 vdd=5.067 offset=0.5000 aref=3.145 loop_us_avg=33 loop_us_max=4914 loop_hz=30303 cycle_log_ms=1 n_cycle=4 cc=0 cc_hz=0 cc_i_tgt=0.8500 cc_u=3.3955 cc_r=4.0489 cc_tau_ms=7.00
[  53.917] [ADC
[  54.740] [STATUS] t_ms=4797918 hwm=5 cap=256 dropped=0 dropped_total=71692 crc_err=0 crc_err_total=0 rate1=512 rate2=512 prod1=512 prod2=512 dac_err=0 tx_drop=0 hb_ms=0 sma_state=6 m7_us=656224970 m4_us=654030304 vdd=5.067 offset=0.5000 aref=3.145 loop_us_avg=33 loop_us_max=4927 loop_hz=30303 cycle_log_ms=1 n_cycle=4 cc=0 cc_hz=0 cc_i_tgt=0.8500 cc_u=3.3955 cc_r=4.0489 cc_tau_ms=7.00
[  54.930] 1] STA
[  54.930] TUS alarm(s): 0x
[  54.930] [ADC
[  55.820] [STATUS] t_ms=4798918 hwm=5 cap=256 dropped=0 dropped_total=71692 crc_err=0 crc_err_total=0 rate1=512 rate2=512 prod1=512 prod2=512 dac_err=0 tx_drop=0 hb_ms=0 sma_state=6 m7_us=657256989 m4_us=655062333 vdd=5.067 offset=0.5000 aref=3.145 loop_us_avg=33 loop_us_max=4981 loop_hz=30303 cycle_log_ms=1 n_cycle=4 cc=0 cc_hz=0 cc_i_tgt=0.8500 cc_u=3.3955 cc_r=4.0489 cc_tau_ms=7.00
[  55.948] 1]
[  55.948] STATUS alarm(s)
[  55.948] [AD
[  56.839] [STATUS] t_ms=4799918 hwm=5 cap=256 dropped=0 dropped_total=71692 crc_err=0 crc_err_total=0 rate1=512 rate2=512 prod1=512 prod2=512 dac_err=0 tx_drop=0 hb_ms=0 sma_state=6 m7_us=658289034 m4_us=656094374 vdd=5.067 offset=0.5000 aref=3.145 loop_us_avg=33 loop_us_max=4923 loop_hz=30303 cycle_log_ms=1 n_cycle=4 cc=0 cc_hz=0 cc_i_tgt=0.8500 cc_u=3.3955 cc_r=4.0489 cc_tau_ms=7.00
[  56.902] C1] S
[  56.902] TATUS alarm(s): 0
[  56.902] [AD
[  57.852] [STATUS] t_ms=4800918 hwm=5 cap=256 dropped=0 dropped_total=71692 crc_err=0 crc_err_total=0 rate1=512 rate2=512 prod1=512 prod2=512 dac_err=0 tx_drop=0 hb_ms=0 sma_state=6 m7_us=659321078 m4_us=657126422 vdd=5.067 offset=0.5000 aref=3.145 loop_us_avg=33 loop_us_max=4911 loop_hz=30303 cycle_log_ms=1 n_cycle=4 cc=0 cc_hz=0 cc_i_tgt=0.8500 cc_u=3.3955 cc_r=4.0489 cc_tau_ms=7.00
[  57.915] C1] STATUS alarm(s):
[  57.915] [
[  57.915] AD
[  58.866] [STATUS] t_ms=4801918 hwm=5 cap=256 dropped=0 dropped_total=71692 crc_err=0 crc_err_total=0 rate1=512 rate2=512 prod1=512 prod2=512 dac_err=0 tx_drop=0 hb_ms=0 sma_state=6 m7_us=660353161 m4_us=658158502 vdd=5.067 offset=0.5000 aref=3.145 loop_us_avg=33 loop_us_max=4921 loop_hz=30303 cycle_log_ms=1 n_cycle=4 cc=0 cc_hz=0 cc_i_tgt=0.8500 cc_u=3.3955 cc_r=4.0489 cc_tau_ms=7.00
[  58.930] [AD
[  59.944] [STATUS] t_ms=4802918 hwm=5 cap=256 dropped=0 dropped_total=71692 crc_err=0 crc_err_total=0 rate1=512 rate2=512 prod1=512 prod2=512 dac_err=0 tx_drop=0 hb_ms=0 sma_state=6 m7_us=661385256 m4_us=659190598 vdd=5.067 offset=0.5000 aref=3.145 loop_us_avg=33 loop_us_max=4921 loop_hz=30303 cycle_log_ms=1 n_cycle=4 cc=0 cc_hz=0 cc_i_tgt=0.8500 cc_u=3.3955 cc_r=4.0489 cc_tau_ms=7.00
[  59.944] C1] STA
[  59.944] [AD
[  60.961] [STATUS] t_ms=4803918 hwm=5 cap=256 dropped=0 dropped_total=71692 crc_err=0 crc_err_total=0 rate1=512 rate2=512 prod1=512 prod2=512 dac_err=0 tx_drop=0 hb_ms=0 sma_state=6 m7_us=662417337 m4_us=660222685 vdd=5.067 offset=0.5000 aref=3.145 loop_us_avg=33 loop_us_max=4932 loop_hz=30303 cycle_log_ms=1 n_cycle=4 cc=0 cc_hz=0 cc_i_tgt=0.8500 cc_u=3.3955 cc_r=4.0489 cc_tau_ms=7.00
[  60.961] C1] STAT
[  60.961] US alarm(s): 0x9
[  60.961] [AD
[  61.977] C1]
[  61.977] STATUS alarm(s):
[  61.977] [
[  61.977] AD
[  61.977] [STATUS] t_ms=4804918 hwm=5 cap=256 dropped=0 dropped_total=71692 crc_err=0 crc_err_total=0 rate1=512 rate2=512 prod1=512 prod2=512 dac_err=0 tx_drop=0 hb_ms=0 sma_state=6 m7_us=663449428 m4_us=661254771 vdd=5.067 offset=0.5000 aref=3.145 loop_us_avg=33 loop_us_max=4932 loop_hz=30303 cycle_log_ms=1 n_cycle=4 cc=0 cc_hz=0 cc_i_tgt=0.8500 cc_u=3.3955 cc_r=4.0489 cc_tau_ms=7.00
[  62.864] [SMA] [ACT] heat n=3/6 I=850.0mA ms=400
[  62.990] [AD
[  62.990] [STATUS] t_ms=4805918 hwm=5 cap=256 dropped=0 dropped_total=71692 crc_err=0 crc_err_total=0 rate1=512 rate2=512 prod1=512 prod2=512 dac_err=0 tx_drop=0 hb_ms=0 sma_state=5 m7_us=664481514 m4_us=662286861 vdd=5.067 offset=0.5000 aref=3.145 loop_us_avg=36 loop_us_max=4916 loop_hz=27777 cycle_log_ms=1 n_cycle=4 cc=1 cc_hz=123 cc_i_tgt=0.8500 cc_u=3.7156 cc_r=4.3419 cc_tau_ms=7.00
[  63.308] [SMA] [ACT] cool n=3/6 I=0.0mA ms=30000
[  64.006] C1]
[  64.006] [AD
[  64.070] [STATUS] t_ms=4806918 hwm=6 cap=256 dropped=0 dropped_total=71692 crc_err=0 crc_err_total=0 rate1=512 rate2=512 prod1=512 prod2=512 dac_err=0 tx_drop=0 hb_ms=0 sma_state=6 m7_us=665513650 m4_us=663318883 vdd=5.067 offset=0.5000 aref=3.145 loop_us_avg=41 loop_us_max=5337 loop_hz=24390 cycle_log_ms=1 n_cycle=4 cc=0 cc_hz=282 cc_i_tgt=0.8500 cc_u=3.3984 cc_r=4.0500 cc_tau_ms=7.00
[  65.017] C1] ST
[  65.017] [AD
[  65.081] [STATUS] t_ms=4807918 hwm=5 cap=256 dropped=0 dropped_total=71692 crc_err=0 crc_err_total=0 rate1=512 rate2=512 prod1=512 prod2=512 dac_err=0 tx_drop=0 hb_ms=0 sma_state=6 m7_us=666545613 m4_us=664350950 vdd=5.067 offset=0.5000 aref=3.145 loop_us_avg=33 loop_us_max=4968 loop_hz=30303 cycle_log_ms=1 n_cycle=4 cc=0 cc_hz=0 cc_i_tgt=0.8500 cc_u=3.3984 cc_r=4.0500 cc_tau_ms=7.00
[  66.031] C1] STATUS
[  66.031] ALM
[  66.031] [AD
[  66.095] [STATUS] t_ms=4808918 hwm=5 cap=256 dropped=0 dropped_total=71692 crc_err=0 crc_err_total=0 rate1=512 rate2=512 prod1=512 prod2=512 dac_err=0 tx_drop=0 hb_ms=0 sma_state=6 m7_us=667577632 m4_us=665382982 vdd=5.067 offset=0.5000 aref=3.145 loop_us_avg=33 loop_us_max=4943 loop_hz=30303 cycle_log_ms=1 n_cycle=4 cc=0 cc_hz=0 cc_i_tgt=0.8500 cc_u=3.3984 cc_r=4.0500 cc_tau_ms=7.00
[  66.986] C1] STATUS
[  66.986] alarm(s): 0x9 PG
[  66.986] AL_ALM
[  66.986] [AD
[  67.174] [STATUS] t_ms=4809918 hwm=5 cap=256 dropped=0 dropped_total=71692 crc_err=0 crc_err_total=0 rate1=512 rate2=512 prod1=512 prod2=512 dac_err=0 tx_drop=0 hb_ms=0 sma_state=6 m7_us=668609661 m4_us=666415005 vdd=5.067 offset=0.5000 aref=3.145 loop_us_avg=33 loop_us_max=4927 loop_hz=30303 cycle_log_ms=1 n_cycle=4 cc=0 cc_hz=0 cc_i_tgt=0.8500 cc_u=3.3984 cc_r=4.0500 cc_tau_ms=7.00
[  67.997] C1] S
[  67.997] TATUS alarm(s): 0x
[  67.997] [AD
[  68.187] [STATUS] t_ms=4810918 hwm=5 cap=256 dropped=0 dropped_total=71692 crc_err=0 crc_err_total=0 rate1=512 rate2=512 prod1=512 prod2=512 dac_err=0 tx_drop=0 hb_ms=0 sma_state=6 m7_us=669641679 m4_us=667447043 vdd=5.067 offset=0.5000 aref=3.145 loop_us_avg=33 loop_us_max=4991 loop_hz=30303 cycle_log_ms=1 n_cycle=4 cc=0 cc_hz=0 cc_i_tgt=0.8500 cc_u=3.3984 cc_r=4.0500 cc_tau_ms=7.00
[  69.011] [ADC
[  69.199] [STATUS] t_ms=4811918 hwm=5 cap=256 dropped=0 dropped_total=71692 crc_err=0 crc_err_total=0 rate1=512 rate2=512 prod1=512 prod2=512 dac_err=0 tx_drop=0 hb_ms=0 sma_state=6 m7_us=670673711 m4_us=668479066 vdd=5.067 offset=0.5000 aref=3.145 loop_us_avg=33 loop_us_max=4932 loop_hz=30303 cycle_log_ms=1 n_cycle=4 cc=0 cc_hz=0 cc_i_tgt=0.8500 cc_u=3.3984 cc_r=4.0500 cc_tau_ms=7.00
[  70.025] [ADC1
[  70.215] [STATUS] t_ms=4812918 hwm=5 cap=256 dropped=0 dropped_total=71692 crc_err=0 crc_err_total=0 rate1=512 rate2=512 prod1=512 prod2=512 dac_err=0 tx_drop=0 hb_ms=0 sma_state=6 m7_us=671705786 m4_us=669511136 vdd=5.067 offset=0.5000 aref=3.145 loop_us_avg=33 loop_us_max=4925 loop_hz=30303 cycle_log_ms=1 n_cycle=4 cc=0 cc_hz=0 cc_i_tgt=0.8500 cc_u=3.3984 cc_r=4.0500 cc_tau_ms=7.00
[  71.039] ] STATUS
[  71.039] alarm(s): 0x89 P
[  71.039] GAL_ALM
[  71.039] [ADC1
[  71.295] [STATUS] t_ms=4813918 hwm=5 cap=256 dropped=0 dropped_total=71692 crc_err=0 crc_err_total=0 rate1=512 rate2=512 prod1=512 prod2=512 dac_err=0 tx_drop=0 hb_ms=0 sma_state=6 m7_us=672737811 m4_us=670543171 vdd=5.067 offset=0.5000 aref=3.145 loop_us_avg=33 loop_us_max=4926 loop_hz=30303 cycle_log_ms=1 n_cycle=4 cc=0 cc_hz=0 cc_i_tgt=0.8500 cc_u=3.3984 cc_r=4.0500 cc_tau_ms=7.00
[  72.055] ] STATUS
[  72.055] alarm(s): 0x89 P
[  72.055] GAL_ALM
[  72.055] [ADC1
[  72.309] [STATUS] t_ms=4814918 hwm=5 cap=256 dropped=0 dropped_total=71692 crc_err=0 crc_err_total=0 rate1=512 rate2=512 prod1=512 prod2=512 dac_err=0 tx_drop=0 hb_ms=0 sma_state=6 m7_us=673769862 m4_us=671575219 vdd=5.067 offset=0.5000 aref=3.145 loop_us_avg=33 loop_us_max=4929 loop_hz=30303 cycle_log_ms=1 n_cycle=4 cc=0 cc_hz=0 cc_i_tgt=0.8500 cc_u=3.3984 cc_r=4.0500 cc_tau_ms=7.00
[  73.072] ] STA
[  73.072] TUS alarm(s): 0x89
[  73.072] [ADC1
[  73.325] [STATUS] t_ms=4815918 hwm=5 cap=256 dropped=0 dropped_total=71692 crc_err=0 crc_err_total=0 rate1=512 rate2=512 prod1=512 prod2=512 dac_err=0 tx_drop=0 hb_ms=0 sma_state=6 m7_us=674801914 m4_us=672607270 vdd=5.067 offset=0.5000 aref=3.145 loop_us_avg=33 loop_us_max=4924 loop_hz=30303 cycle_log_ms=1 n_cycle=4 cc=0 cc_hz=0 cc_i_tgt=0.8500 cc_u=3.3984 cc_r=4.0500 cc_tau_ms=7.00
[  74.088] ] STA
[  74.088] TUS alarm(s): 0x
[  74.088] [ADC
[  74.088] 1
[  74.339] [STATUS] t_ms=4816918 hwm=5 cap=256 dropped=0 dropped_total=71692 crc_err=0 crc_err_total=0 rate1=512 rate2=512 prod1=512 prod2=512 dac_err=0 tx_drop=0 hb_ms=0 sma_state=6 m7_us=675833969 m4_us=673639312 vdd=5.067 offset=0.5000 aref=3.145 loop_us_avg=33 loop_us_max=4926 loop_hz=30303 cycle_log_ms=1 n_cycle=4 cc=0 cc_hz=0 cc_i_tgt=0.8500 cc_u=3.3984 cc_r=4.0500 cc_tau_ms=7.00
[  75.102] [ADC1
[  75.417] [STATUS] t_ms=4817918 hwm=5 cap=256 dropped=0 dropped_total=71692 crc_err=0 crc_err_total=0 rate1=512 rate2=512 prod1=512 prod2=512 dac_err=0 tx_drop=0 hb_ms=0 sma_state=6 m7_us=676866004 m4_us=674671344 vdd=5.067 offset=0.5000 aref=3.145 loop_us_avg=33 loop_us_max=4919 loop_hz=30303 cycle_log_ms=1 n_cycle=4 cc=0 cc_hz=0 cc_i_tgt=0.8500 cc_u=3.3984 cc_r=4.0500 cc_tau_ms=7.00
[  76.052] ] STATU
[  76.052] [ADC1
[  76.433] [STATUS] t_ms=4818918 hwm=5 cap=256 dropped=0 dropped_total=71692 crc_err=0 crc_err_total=0 rate1=512 rate2=512 prod1=512 prod2=512 dac_err=0 tx_drop=0 hb_ms=0 sma_state=6 m7_us=677898066 m4_us=675703414 vdd=5.067 offset=0.5000 aref=3.145 loop_us_avg=33 loop_us_max=4918 loop_hz=30303 cycle_log_ms=1 n_cycle=4 cc=0 cc_hz=0 cc_i_tgt=0.8500 cc_u=3.3984 cc_r=4.0500 cc_tau_ms=7.00
[  77.067] ] STAT
[  77.067] US alarm(s): 0x89
[  77.067] [ADC
[  77.067] 1
[  77.446] [STATUS] t_ms=4819918 hwm=5 cap=256 dropped=0 dropped_total=71692 crc_err=0 crc_err_total=0 rate1=512 rate2=512 prod1=512 prod2=512 dac_err=0 tx_drop=0 hb_ms=0 sma_state=6 m7_us=678930103 m4_us=676735453 vdd=5.067 offset=0.5000 aref=3.145 loop_us_avg=33 loop_us_max=4931 loop_hz=30303 cycle_log_ms=1 n_cycle=4 cc=0 cc_hz=0 cc_i_tgt=0.8500 cc_u=3.3984 cc_r=4.0500 cc_tau_ms=7.00
[  78.082] ] ST
[  78.082] ATUS alarm(s): 0x
[  78.082] [A
[  78.082] DC1
[  78.527] [STATUS] t_ms=4820918 hwm=5 cap=256 dropped=0 dropped_total=71692 crc_err=0 crc_err_total=0 rate1=512 rate2=512 prod1=512 prod2=512 dac_err=0 tx_drop=0 hb_ms=0 sma_state=6 m7_us=679962197 m4_us=677767533 vdd=5.067 offset=0.5000 aref=3.145 loop_us_avg=33 loop_us_max=4930 loop_hz=30303 cycle_log_ms=1 n_cycle=4 cc=0 cc_hz=0 cc_i_tgt=0.8500 cc_u=3.3984 cc_r=4.0500 cc_tau_ms=7.00
[  79.101] ] ST
[  79.101] ATUS alarm(s): 0
[  79.101] [
[  79.101] ADC1
[  79.543] [STATUS] t_ms=4821918 hwm=5 cap=256 dropped=0 dropped_total=71692 crc_err=0 crc_err_total=0 rate1=512 rate2=512 prod1=512 prod2=512 dac_err=0 tx_drop=0 hb_ms=0 sma_state=6 m7_us=680994251 m4_us=678799610 vdd=5.067 offset=0.5000 aref=3.145 loop_us_avg=33 loop_us_max=4937 loop_hz=30303 cycle_log_ms=1 n_cycle=4 cc=0 cc_hz=0 cc_i_tgt=0.8500 cc_u=3.3984 cc_r=4.0500 cc_tau_ms=7.00
[  80.114] [ADC1
[  80.556] [STATUS] t_ms=4822918 hwm=5 cap=256 dropped=0 dropped_total=71692 crc_err=0 crc_err_total=0 rate1=512 rate2=512 prod1=512 prod2=512 dac_err=0 tx_drop=0 hb_ms=0 sma_state=6 m7_us=682026336 m4_us=679831664 vdd=5.067 offset=0.5000 aref=3.145 loop_us_avg=33 loop_us_max=4917 loop_hz=30303 cycle_log_ms=1 n_cycle=4 cc=0 cc_hz=0 cc_i_tgt=0.8500 cc_u=3.3984 cc_r=4.0500 cc_tau_ms=7.00
[  81.126] ] STAT
[  81.126] [ADC1
[  81.572] [STATUS] t_ms=4823918 hwm=5 cap=256 dropped=0 dropped_total=71692 crc_err=0 crc_err_total=0 rate1=512 rate2=512 prod1=512 prod2=512 dac_err=0 tx_drop=0 hb_ms=0 sma_state=6 m7_us=683058381 m4_us=680863728 vdd=5.067 offset=0.5000 aref=3.145 loop_us_avg=33 loop_us_max=4935 loop_hz=30303 cycle_log_ms=1 n_cycle=4 cc=0 cc_hz=0 cc_i_tgt=0.8500 cc_u=3.3984 cc_r=4.0500 cc_tau_ms=7.00
[  82.141] ] STATUS al
[  82.141] ALM
[  82.141] [ADC1
[  82.650] [STATUS] t_ms=4824918 hwm=5 cap=256 dropped=0 dropped_total=71692 crc_err=0 crc_err_total=0 rate1=512 rate2=512 prod1=512 prod2=512 dac_err=0 tx_drop=0 hb_ms=0 sma_state=6 m7_us=684090440 m4_us=681895789 vdd=5.067 offset=0.5000 aref=3.145 loop_us_avg=33 loop_us_max=4936 loop_hz=30303 cycle_log_ms=1 n_cycle=4 cc=0 cc_hz=0 cc_i_tgt=0.8500 cc_u=3.3984 cc_r=4.0500 cc_tau_ms=7.00
[  83.157] ] STATUS
[  83.157] [ADC1
[  83.667] [STATUS] t_ms=4825918 hwm=5 cap=256 dropped=0 dropped_total=71692 crc_err=0 crc_err_total=0 rate1=512 rate2=512 prod1=512 prod2=512 dac_err=0 tx_drop=0 hb_ms=0 sma_state=6 m7_us=685122482 m4_us=682927833 vdd=5.067 offset=0.5000 aref=3.145 loop_us_avg=33 loop_us_max=4920 loop_hz=30303 cycle_log_ms=1 n_cycle=4 cc=0 cc_hz=0 cc_i_tgt=0.8500 cc_u=3.3984 cc_r=4.0500 cc_tau_ms=7.00
[  84.111] ] STATUS al
[  84.111] arm(s): 0xC9 PGA
[  84.111] L_ALM
[  84.111] [ADC1
[  84.680] [STATUS] t_ms=4826918 hwm=5 cap=256 dropped=0 dropped_total=71692 crc_err=0 crc_err_total=0 rate1=512 rate2=512 prod1=512 prod2=512 dac_err=0 tx_drop=0 hb_ms=0 sma_state=6 m7_us=686154530 m4_us=683959875 vdd=5.067 offset=0.5000 aref=3.145 loop_us_avg=33 loop_us_max=4936 loop_hz=30303 cycle_log_ms=1 n_cycle=4 cc=0 cc_hz=0 cc_i_tgt=0.8500 cc_u=3.3984 cc_r=4.0500 cc_tau_ms=7.00
[  85.123] [ADC1
[  85.694] [STATUS] t_ms=4827918 hwm=5 cap=256 dropped=0 dropped_total=71692 crc_err=0 crc_err_total=0 rate1=512 rate2=512 prod1=512 prod2=512 dac_err=0 tx_drop=0 hb_ms=0 sma_state=6 m7_us=687186596 m4_us=684991939 vdd=5.067 offset=0.5000 aref=3.145 loop_us_avg=33 loop_us_max=4934 loop_hz=30303 cycle_log_ms=1 n_cycle=4 cc=0 cc_hz=0 cc_i_tgt=0.8500 cc_u=3.3984 cc_r=4.0500 cc_tau_ms=7.00
[  86.138] [ADC1
[  86.773] [STATUS] t_ms=4828918 hwm=5 cap=256 dropped=0 dropped_total=71692 crc_err=0 crc_err_total=0 rate1=512 rate2=512 prod1=512 prod2=512 dac_err=0 tx_drop=0 hb_ms=0 sma_state=6 m7_us=688218692 m4_us=686024035 vdd=5.067 offset=0.5000 aref=3.145 loop_us_avg=33 loop_us_max=4908 loop_hz=30303 cycle_log_ms=1 n_cycle=4 cc=0 cc_hz=0 cc_i_tgt=0.8500 cc_u=3.3984 cc_r=4.0500 cc_tau_ms=7.00
[  87.155] ] STATUS
[  87.155] alarm(s): 0xC9 P
[  87.155] GAL_ALM
[  87.155] [ADC1
[  87.788] [STATUS] t_ms=4829918 hwm=5 cap=256 dropped=0 dropped_total=71692 crc_err=0 crc_err_total=0 rate1=512 rate2=512 prod1=512 prod2=512 dac_err=0 tx_drop=0 hb_ms=0 sma_state=6 m7_us=689250760 m4_us=687056112 vdd=5.067 offset=0.5000 aref=3.145 loop_us_avg=33 loop_us_max=4936 loop_hz=30303 cycle_log_ms=1 n_cycle=4 cc=0 cc_hz=0 cc_i_tgt=0.8500 cc_u=3.3984 cc_r=4.0500 cc_tau_ms=7.00
[  88.168] ] STAT
[  88.168] US alarm(s): 0xC9
[  88.168] [ADC1
[  88.802] [STATUS] t_ms=4830918 hwm=5 cap=256 dropped=0 dropped_total=71692 crc_err=0 crc_err_total=0 rate1=512 rate2=512 prod1=512 prod2=512 dac_err=0 tx_drop=0 hb_ms=0 sma_state=6 m7_us=690282841 m4_us=688088185 vdd=5.067 offset=0.5000 aref=3.145 loop_us_avg=33 loop_us_max=4929 loop_hz=30303 cycle_log_ms=1 n_cycle=4 cc=0 cc_hz=0 cc_i_tgt=0.8500 cc_u=3.3984 cc_r=4.0500 cc_tau_ms=7.00
[  89.178] ] STATUS
[  89.178] alarm(s): 0xC9 PGA
[  89.178] L_ALM
[  89.178] [ADC1
[  89.874] [STATUS] t_ms=4831918 hwm=5 cap=256 dropped=0 dropped_total=71692 crc_err=0 crc_err_total=0 rate1=512 rate2=512 prod1=512 prod2=512 dac_err=0 tx_drop=0 hb_ms=0 sma_state=6 m7_us=691314938 m4_us=689120282 vdd=5.067 offset=0.5000 aref=3.145 loop_us_avg=33 loop_us_max=4924 loop_hz=30303 cycle_log_ms=1 n_cycle=4 cc=0 cc_hz=0 cc_i_tgt=0.8500 cc_u=3.3984 cc_r=4.0500 cc_tau_ms=7.00
[  90.190] ] STATUS alar
[  90.190] [ADC1
[  90.886] [STATUS] t_ms=4832918 hwm=5 cap=256 dropped=0 dropped_total=71692 crc_err=0 crc_err_total=0 rate1=512 rate2=512 prod1=512 prod2=512 dac_err=0 tx_drop=0 hb_ms=0 sma_state=6 m7_us=692347035 m4_us=690152371 vdd=5.067 offset=0.5000 aref=3.145 loop_us_avg=33 loop_us_max=4932 loop_hz=30303 cycle_log_ms=1 n_cycle=4 cc=0 cc_hz=0 cc_i_tgt=0.8500 cc_u=3.3984 cc_r=4.0500 cc_tau_ms=7.00
[  91.203] [ADC1
[  91.898] [STATUS] t_ms=4833918 hwm=5 cap=256 dropped=0 dropped_total=71692 crc_err=0 crc_err_total=0 rate1=512 rate2=512 prod1=512 prod2=512 dac_err=0 tx_drop=0 hb_ms=0 sma_state=6 m7_us=693379092 m4_us=691184435 vdd=5.067 offset=0.5000 aref=3.145 loop_us_avg=33 loop_us_max=4933 loop_hz=30303 cycle_log_ms=1 n_cycle=4 cc=0 cc_hz=0 cc_i_tgt=0.8500 cc_u=3.3984 cc_r=4.0500 cc_tau_ms=7.00
[  92.217] ] STA
[  92.217] TUS alarm(s): 0x89
[  92.217] [ADC1
[  92.916] [STATUS] t_ms=4834918 hwm=5 cap=256 dropped=0 dropped_total=71692 crc_err=0 crc_err_total=0 rate1=512 rate2=512 prod1=512 prod2=512 dac_err=0 tx_drop=0 hb_ms=0 sma_state=6 m7_us=694411172 m4_us=692216515 vdd=5.067 offset=0.5000 aref=3.145 loop_us_avg=33 loop_us_max=4930 loop_hz=30303 cycle_log_ms=1 n_cycle=4 cc=0 cc_hz=0 cc_i_tgt=0.8500 cc_u=3.3984 cc_r=4.0500 cc_tau_ms=7.00
[  93.231] ] ST
[  93.231] ATUS alarm(s): 0x
[  93.231] [A
[  93.231] DC1
[  93.993] [STATUS] t_ms=4835918 hwm=5 cap=256 dropped=0 dropped_total=71692 crc_err=0 crc_err_total=0 rate1=512 rate2=512 prod1=512 prod2=512 dac_err=0 tx_drop=0 hb_ms=0 sma_state=6 m7_us=695443274 m4_us=693248614 vdd=5.067 offset=0.5000 aref=3.145 loop_us_avg=33 loop_us_max=4911 loop_hz=30303 cycle_log_ms=1 n_cycle=4 cc=0 cc_hz=0 cc_i_tgt=0.8500 cc_u=3.3984 cc_r=4.0500 cc_tau_ms=7.00
[  94.243] ] STATUS
[  94.243] alarm(s): 0x89 PG
[  94.243] AL_ALM
[  94.243] [ADC
[  94.243] [SMA] [ACT] heat n=4/6 I=850.0mA ms=400
[  94.690] [SMA] [ACT] cool n=4/6 I=0.0mA ms=30000
[  95.008] [STATUS] t_ms=4836918 hwm=5 cap=256 dropped=0 dropped_total=71692 crc_err=0 crc_err_total=0 rate1=512 rate2=512 prod1=512 prod2=512 dac_err=0 tx_drop=0 hb_ms=0 sma_state=6 m7_us=696475307 m4_us=694280653 vdd=5.067 offset=0.5000 aref=3.145 loop_us_avg=45 loop_us_max=4929 loop_hz=22222 cycle_log_ms=1 n_cycle=4 cc=0 cc_hz=411 cc_i_tgt=0.8500 cc_u=3.4520 cc_r=4.0701 cc_tau_ms=7.00
[  95.200] 1] STAT
[  95.200] US alarm(s): 0x89
[  95.200] [AD
[  96.072] [STATUS] t_ms=4837918 hwm=5 cap=256 dropped=0 dropped_total=71692 crc_err=0 crc_err_total=0 rate1=512 rate2=512 prod1=512 prod2=512 dac_err=0 tx_drop=0 hb_ms=0 sma_state=6 m7_us=697507338 m4_us=695312678 vdd=5.067 offset=0.5000 aref=3.145 loop_us_avg=33 loop_us_max=4941 loop_hz=30303 cycle_log_ms=1 n_cycle=4 cc=0 cc_hz=0 cc_i_tgt=0.8500 cc_u=3.4520 cc_r=4.0701 cc_tau_ms=7.00
[  96.262] [AD
[  97.087] [STATUS] t_ms=4838918 hwm=5 cap=256 dropped=0 dropped_total=71692 crc_err=0 crc_err_total=0 rate1=512 rate2=512 prod1=512 prod2=512 dac_err=0 tx_drop=0 hb_ms=0 sma_state=6 m7_us=698539351 m4_us=696344701 vdd=5.067 offset=0.5000 aref=3.145 loop_us_avg=34 loop_us_max=4949 loop_hz=29411 cycle_log_ms=1 n_cycle=4 cc=0 cc_hz=0 cc_i_tgt=0.8500 cc_u=3.4520 cc_r=4.0701 cc_tau_ms=7.00
[  97.214] C1] STATUS
[  97.214] [AD
[  98.100] [STATUS] t_ms=4839918 hwm=5 cap=256 dropped=0 dropped_total=71692 crc_err=0 crc_err_total=0 rate1=512 rate2=512 prod1=512 prod2=512 dac_err=0 tx_drop=0 hb_ms=0 sma_state=6 m7_us=699571386 m4_us=697376742 vdd=5.067 offset=0.5000 aref=3.145 loop_us_avg=33 loop_us_max=4938 loop_hz=30303 cycle_log_ms=1 n_cycle=4 cc=0 cc_hz=0 cc_i_tgt=0.8500 cc_u=3.4520 cc_r=4.0701 cc_tau_ms=7.00
[  98.228] C1
[  98.228] ] STATUS alarm(s):
[  98.228] [AD
[  99.115] [STATUS] t_ms=4840918 hwm=5 cap=256 dropped=0 dropped_total=71692 crc_err=0 crc_err_total=0 rate1=512 rate2=512 prod1=512 prod2=512 dac_err=0 tx_drop=0 hb_ms=0 sma_state=6 m7_us=700603480 m4_us=698408826 vdd=5.067 offset=0.5000 aref=3.145 loop_us_avg=33 loop_us_max=4922 loop_hz=30303 cycle_log_ms=1 n_cycle=4 cc=0 cc_hz=0 cc_i_tgt=0.8500 cc_u=3.4520 cc_r=4.0701 cc_tau_ms=7.00
[  99.241] C
[  99.241] 1] STATUS alarm(
[  99.241] [AD
[ 100.195] [STATUS] t_ms=4841918 hwm=5 cap=256 dropped=0 dropped_total=71692 crc_err=0 crc_err_total=0 rate1=512 rate2=512 prod1=512 prod2=512 dac_err=0 tx_drop=0 hb_ms=0 sma_state=6 m7_us=701635505 m4_us=699440854 vdd=5.067 offset=0.5000 aref=3.145 loop_us_avg=34 loop_us_max=4949 loop_hz=29411 cycle_log_ms=1 n_cycle=4 cc=0 cc_hz=0 cc_i_tgt=0.8500 cc_u=3.4520 cc_r=4.0701 cc_tau_ms=7.00
[ 100.258] C1] S
[ 100.258] TATUS alarm(s):
[ 100.258] [AD
[ 101.211] [STATUS] t_ms=4842918 hwm=5 cap=256 dropped=0 dropped_total=71692 crc_err=0 crc_err_total=0 rate1=512 rate2=512 prod1=512 prod2=512 dac_err=0 tx_drop=0 hb_ms=0 sma_state=6 m7_us=702667522 m4_us=700472886 vdd=5.067 offset=0.5000 aref=3.145 loop_us_avg=33 loop_us_max=4925 loop_hz=30303 cycle_log_ms=1 n_cycle=4 cc=0 cc_hz=0 cc_i_tgt=0.8500 cc_u=3.4520 cc_r=4.0701 cc_tau_ms=7.00
[ 101.274] [ADC
[ 102.225] [STATUS] t_ms=4843918 hwm=5 cap=256 dropped=0 dropped_total=71692 crc_err=0 crc_err_total=0 rate1=512 rate2=512 prod1=512 prod2=512 dac_err=0 tx_drop=0 hb_ms=0 sma_state=6 m7_us=703699570 m4_us=701504928 vdd=5.067 offset=0.5000 aref=3.145 loop_us_avg=33 loop_us_max=4916 loop_hz=30303 cycle_log_ms=1 n_cycle=4 cc=0 cc_hz=0 cc_i_tgt=0.8500 cc_u=3.4520 cc_r=4.0701 cc_tau_ms=7.00
[ 102.289] [ADC1
[ 103.239] [STATUS] t_ms=4844918 hwm=5 cap=256 dropped=0 dropped_total=71692 crc_err=0 crc_err_total=0 rate1=512 rate2=512 prod1=512 prod2=512 dac_err=0 tx_drop=0 hb_ms=0 sma_state=6 m7_us=704731621 m4_us=702536973 vdd=5.067 offset=0.5000 aref=3.145 loop_us_avg=33 loop_us_max=4919 loop_hz=30303 cycle_log_ms=1 n_cycle=4 cc=0 cc_hz=0 cc_i_tgt=0.8500 cc_u=3.4520 cc_r=4.0701 cc_tau_ms=7.00
[ 103.303] ] STATUS al
[ 103.303] arm(s): 0x89 PGA
[ 103.303] L_ALM
[ 103.303] [ADC1
[ 104.318] [STATUS] t_ms=4845918 hwm=5 cap=256 dropped=0 dropped_total=71692 crc_err=0 crc_err_total=0 rate1=512 rate2=512 prod1=512 prod2=512 dac_err=0 tx_drop=0 hb_ms=0 sma_state=6 m7_us=705763653 m4_us=703568998 vdd=5.067 offset=0.5000 aref=3.145 loop_us_avg=33 loop_us_max=4931 loop_hz=30303 cycle_log_ms=1 n_cycle=4 cc=0 cc_hz=0 cc_i_tgt=0.8500 cc_u=3.4520 cc_r=4.0701 cc_tau_ms=7.00
[ 104.318] ] STATU
[ 104.318] S alarm(s): 0x89
[ 104.318] [ADC1
[ 105.333] ] STA
[ 105.333] TUS alarm(s): 0x89 P
[ 105.333] GAL_ALM
[ 105.333] [ADC1
[ 105.333] [STATUS] t_ms=4846918 hwm=5 cap=256 dropped=0 dropped_total=71692 crc_err=0 crc_err_total=0 rate1=512 rate2=512 prod1=512 prod2=512 dac_err=0 tx_drop=0 hb_ms=0 sma_state=6 m7_us=706795727 m4_us=704601072 vdd=5.067 offset=0.5000 aref=3.145 loop_us_avg=33 loop_us_max=4938 loop_hz=30303 cycle_log_ms=1 n_cycle=4 cc=0 cc_hz=0 cc_i_tgt=0.8500 cc_u=3.4520 cc_r=4.0701 cc_tau_ms=7.00
[ 106.286] ] STATUS
[ 106.286] alarm(s): 0x89 PG
[ 106.286] AL_ALM
[ 106.286] [ADC1
[ 106.348] [STATUS] t_ms=4847918 hwm=5 cap=256 dropped=0 dropped_total=71692 crc_err=0 crc_err_total=0 rate1=512 rate2=512 prod1=512 prod2=512 dac_err=0 tx_drop=0 hb_ms=0 sma_state=6 m7_us=707827825 m4_us=705633174 vdd=5.067 offset=0.5000 aref=3.145 loop_us_avg=33 loop_us_max=4923 loop_hz=30303 cycle_log_ms=1 n_cycle=4 cc=0 cc_hz=0 cc_i_tgt=0.8500 cc_u=3.4520 cc_r=4.0701 cc_tau_ms=7.00
[ 107.300] [ADC
[ 107.363] [STATUS] t_ms=4848918 hwm=5 cap=256 dropped=0 dropped_total=71692 crc_err=0 crc_err_total=0 rate1=512 rate2=512 prod1=512 prod2=512 dac_err=0 tx_drop=0 hb_ms=0 sma_state=6 m7_us=708859949 m4_us=706665280 vdd=5.067 offset=0.5000 aref=3.145 loop_us_avg=33 loop_us_max=4918 loop_hz=30303 cycle_log_ms=1 n_cycle=4 cc=0 cc_hz=0 cc_i_tgt=0.8500 cc_u=3.4520 cc_r=4.0701 cc_tau_ms=7.00
[ 108.315] 1] ST
[ 108.315] [AD
[ 108.442] [STATUS] t_ms=4849918 hwm=5 cap=256 dropped=0 dropped_total=71692 crc_err=0 crc_err_total=0 rate1=512 rate2=512 prod1=512 prod2=512 dac_err=0 tx_drop=0 hb_ms=0 sma_state=6 m7_us=709892045 m4_us=707697389 vdd=5.067 offset=0.5000 aref=3.145 loop_us_avg=33 loop_us_max=4948 loop_hz=30303 cycle_log_ms=1 n_cycle=4 cc=0 cc_hz=0 cc_i_tgt=0.8500 cc_u=3.4520 cc_r=4.0701 cc_tau_ms=7.00
[ 109.329] C1] STA
[ 109.329] TUS alarm(s): 0x9
[ 109.329] [AD
[ 109.455] [STATUS] t_ms=4850918 hwm=5 cap=256 dropped=0 dropped_total=71692 crc_err=0 crc_err_total=0 rate1=512 rate2=512 prod1=512 prod2=512 dac_err=0 tx_drop=0 hb_ms=0 sma_state=6 m7_us=710924107 m4_us=708729472 vdd=5.067 offset=0.5000 aref=3.145 loop_us_avg=33 loop_us_max=4956 loop_hz=30303 cycle_log_ms=1 n_cycle=4 cc=0 cc_hz=0 cc_i_tgt=0.8500 cc_u=3.4520 cc_r=4.0701 cc_tau_ms=7.00
[ 110.343] C1]
[ 110.343] STATUS alarm(s):
[ 110.343] [AD
[ 110.470] [STATUS] t_ms=4851918 hwm=5 cap=256 dropped=0 dropped_total=71692 crc_err=0 crc_err_total=0 rate1=512 rate2=512 prod1=512 prod2=512 dac_err=0 tx_drop=0 hb_ms=0 sma_state=6 m7_us=711956214 m4_us=709761549 vdd=5.067 offset=0.5000 aref=3.145 loop_us_avg=33 loop_us_max=4920 loop_hz=30303 cycle_log_ms=1 n_cycle=4 cc=0 cc_hz=0 cc_i_tgt=0.8500 cc_u=3.4520 cc_r=4.0701 cc_tau_ms=7.00
[ 111.358] C1] S
[ 111.358] TATUS alarm(s): 0x
[ 111.358] [AD
[ 111.548] [STATUS] t_ms=4852918 hwm=5 cap=256 dropped=0 dropped_total=71692 crc_err=0 crc_err_total=0 rate1=512 rate2=512 prod1=512 prod2=512 dac_err=0 tx_drop=0 hb_ms=0 sma_state=6 m7_us=712988321 m4_us=710793661 vdd=5.067 offset=0.5000 aref=3.145 loop_us_avg=33 loop_us_max=4938 loop_hz=30303 cycle_log_ms=1 n_cycle=4 cc=0 cc_hz=0 cc_i_tgt=0.8500 cc_u=3.4520 cc_r=4.0701 cc_tau_ms=7.00
[ 112.375] [AD
[ 112.565] [STATUS] t_ms=4853918 hwm=5 cap=256 dropped=0 dropped_total=71692 crc_err=0 crc_err_total=0 rate1=512 rate2=512 prod1=512 prod2=512 dac_err=0 tx_drop=0 hb_ms=0 sma_state=6 m7_us=714020424 m4_us=711825760 vdd=5.067 offset=0.5000 aref=3.145 loop_us_avg=33 loop_us_max=4935 loop_hz=30303 cycle_log_ms=1 n_cycle=4 cc=0 cc_hz=0 cc_i_tgt=0.8500 cc_u=3.4520 cc_r=4.0701 cc_tau_ms=7.00
[ 113.393] [AD
[ 113.585] [STATUS] t_ms=4854918 hwm=5 cap=256 dropped=0 dropped_total=71692 crc_err=0 crc_err_total=0 rate1=512 rate2=512 prod1=512 prod2=512 dac_err=0 tx_drop=0 hb_ms=0 sma_state=6 m7_us=715052537 m4_us=712857878 vdd=5.067 offset=0.5000 aref=3.145 loop_us_avg=33 loop_us_max=4934 loop_hz=30303 cycle_log_ms=1 n_cycle=4 cc=0 cc_hz=0 cc_i_tgt=0.8500 cc_u=3.4520 cc_r=4.0701 cc_tau_ms=7.00
[ 114.408] C1]
[ 114.408] STATUS alarm(s):
[ 114.408] [ADC
[ 114.597] [STATUS] t_ms=4855918 hwm=5 cap=256 dropped=0 dropped_total=71692 crc_err=0 crc_err_total=0 rate1=512 rate2=512 prod1=512 prod2=512 dac_err=0 tx_drop=0 hb_ms=0 sma_state=6 m7_us=716084650 m4_us=713889994 vdd=5.067 offset=0.5000 aref=3.145 loop_us_avg=33 loop_us_max=4910 loop_hz=30303 cycle_log_ms=1 n_cycle=4 cc=0 cc_hz=0 cc_i_tgt=0.8500 cc_u=3.4520 cc_r=4.0701 cc_tau_ms=7.00
[ 115.360] 1] STATUS a
[ 115.360] [ADC1
[ 115.676] [STATUS] t_ms=4856918 hwm=5 cap=256 dropped=0 dropped_total=71692 crc_err=0 crc_err_total=0 rate1=512 rate2=512 prod1=512 prod2=512 dac_err=0 tx_drop=0 hb_ms=0 sma_state=6 m7_us=717116765 m4_us=714922112 vdd=5.067 offset=0.5000 aref=3.145 loop_us_avg=33 loop_us_max=4913 loop_hz=30303 cycle_log_ms=1 n_cycle=4 cc=0 cc_hz=0 cc_i_tgt=0.8500 cc_u=3.4520 cc_r=4.0701 cc_tau_ms=7.00
[ 116.368] ] STA
[ 116.368] TUS alarm(s): 0x4
[ 116.368] [AD
[ 116.368] C1
[ 116.686] [STATUS] t_ms=4857918 hwm=5 cap=256 dropped=0 dropped_total=71692 crc_err=0 crc_err_total=0 rate1=512 rate2=512 prod1=512 prod2=512 dac_err=0 tx_drop=0 hb_ms=0 sma_state=6 m7_us=718148863 m4_us=715954214 vdd=5.067 offset=0.5000 aref=3.145 loop_us_avg=33 loop_us_max=4925 loop_hz=30303 cycle_log_ms=1 n_cycle=4 cc=0 cc_hz=0 cc_i_tgt=0.8500 cc_u=3.4520 cc_r=4.0701 cc_tau_ms=7.00
[ 117.384] M
[ 117.384] [ADC1
[ 117.701] [STATUS] t_ms=4858918 hwm=5 cap=256 dropped=0 dropped_total=71692 crc_err=0 crc_err_total=0 rate1=512 rate2=512 prod1=512 prod2=512 dac_err=0 tx_drop=0 hb_ms=0 sma_state=6 m7_us=719180958 m4_us=716986301 vdd=5.067 offset=0.5000 aref=3.145 loop_us_avg=33 loop_us_max=4931 loop_hz=30303 cycle_log_ms=1 n_cycle=4 cc=0 cc_hz=0 cc_i_tgt=0.8500 cc_u=3.4520 cc_r=4.0701 cc_tau_ms=7.00
[ 118.398] [ADC1
[ 118.717] [STATUS] t_ms=4859918 hwm=5 cap=256 dropped=0 dropped_total=71692 crc_err=0 crc_err_total=0 rate1=512 rate2=512 prod1=512 prod2=512 dac_err=0 tx_drop=0 hb_ms=0 sma_state=6 m7_us=720213025 m4_us=718018368 vdd=5.067 offset=0.5000 aref=3.145 loop_us_avg=33 loop_us_max=4932 loop_hz=30303 cycle_log_ms=1 n_cycle=4 cc=0 cc_hz=0 cc_i_tgt=0.8500 cc_u=3.4520 cc_r=4.0701 cc_tau_ms=7.00
[ 119.413] ]
[ 119.413] STATUS alarm(s):
[ 119.413] [ADC1
[ 119.793] [STATUS] t_ms=4860918 hwm=5 cap=256 dropped=0 dropped_total=71692 crc_err=0 crc_err_total=0 rate1=512 rate2=512 prod1=512 prod2=512 dac_err=0 tx_drop=0 hb_ms=0 sma_state=6 m7_us=721245136 m4_us=719050480 vdd=5.067 offset=0.5000 aref=3.145 loop_us_avg=33 loop_us_max=4924 loop_hz=30303 cycle_log_ms=1 n_cycle=4 cc=0 cc_hz=0 cc_i_tgt=0.8500 cc_u=3.4520 cc_r=4.0701 cc_tau_ms=7.00
[ 120.430] ] S
[ 120.430] TATUS alarm(s):
[ 120.430] [ADC1
[ 120.811] [STATUS] t_ms=4861918 hwm=5 cap=256 dropped=0 dropped_total=71692 crc_err=0 crc_err_total=0 rate1=512 rate2=512 prod1=512 prod2=512 dac_err=0 tx_drop=0 hb_ms=0 sma_state=6 m7_us=722277244 m4_us=720082586 vdd=5.067 offset=0.5000 aref=3.145 loop_us_avg=33 loop_us_max=4929 loop_hz=30303 cycle_log_ms=1 n_cycle=4 cc=0 cc_hz=0 cc_i_tgt=0.8500 cc_u=3.4520 cc_r=4.0701 cc_tau_ms=7.00
[ 121.443] ] STAT
[ 121.443] US alarm(s): 0x49
[ 121.443] [AD
[ 121.825] [STATUS] t_ms=4862918 hwm=5 cap=256 dropped=0 dropped_total=71692 crc_err=0 crc_err_total=0 rate1=512 rate2=512 prod1=512 prod2=512 dac_err=0 tx_drop=0 hb_ms=0 sma_state=6 m7_us=723309408 m4_us=721114749 vdd=5.067 offset=0.5000 aref=3.145 loop_us_avg=33 loop_us_max=4928 loop_hz=30303 cycle_log_ms=1 n_cycle=4 cc=0 cc_hz=0 cc_i_tgt=0.8500 cc_u=3.4520 cc_r=4.0701 cc_tau_ms=7.00
[ 122.458] C1] STATUS
[ 122.458] alarm(s): 0x49 PG
[ 122.458] AL_ALM
[ 122.458] [AD
[ 122.905] [STATUS] t_ms=4863918 hwm=5 cap=256 dropped=0 dropped_total=71692 crc_err=0 crc_err_total=0 rate1=512 rate2=512 prod1=512 prod2=512 dac_err=0 tx_drop=0 hb_ms=0 sma_state=6 m7_us=724341574 m4_us=722146934 vdd=5.067 offset=0.5000 aref=3.145 loop_us_avg=33 loop_us_max=4918 loop_hz=30303 cycle_log_ms=1 n_cycle=4 cc=0 cc_hz=0 cc_i_tgt=0.8500 cc_u=3.4520 cc_r=4.0701 cc_tau_ms=7.00
[ 123.477] [AD
[ 123.921] [STATUS] t_ms=4864918 hwm=5 cap=256 dropped=0 dropped_total=71692 crc_err=0 crc_err_total=0 rate1=512 rate2=512 prod1=512 prod2=512 dac_err=0 tx_drop=0 hb_ms=0 sma_state=6 m7_us=725373753 m4_us=723179104 vdd=5.067 offset=0.5000 aref=3.145 loop_us_avg=33 loop_us_max=4919 loop_hz=30303 cycle_log_ms=1 n_cycle=4 cc=0 cc_hz=0 cc_i_tgt=0.8500 cc_u=3.4520 cc_r=4.0701 cc_tau_ms=7.00
[ 124.427] [AD
[ 124.933] [STATUS] t_ms=4865918 hwm=5 cap=256 dropped=0 dropped_total=71692 crc_err=0 crc_err_total=0 rate1=512 rate2=512 prod1=512 prod2=512 dac_err=0 tx_drop=0 hb_ms=0 sma_state=6 m7_us=726405895 m4_us=724211238 vdd=5.067 offset=0.5000 aref=3.145 loop_us_avg=33 loop_us_max=4927 loop_hz=30303 cycle_log_ms=1 n_cycle=4 cc=0 cc_hz=0 cc_i_tgt=0.8500 cc_u=3.4520 cc_r=4.0701 cc_tau_ms=7.00
[ 125.440] C1] S
[ 125.440] TATUS alarm(s):
[ 125.440] [AD
[ 125.633] [SMA] [ACT] heat n=5/6 I=850.0mA ms=400
[ 125.947] [STATUS] t_ms=4866918 hwm=5 cap=256 dropped=0 dropped_total=71692 crc_err=0 crc_err_total=0 rate1=513 rate2=512 prod1=513 prod2=512 dac_err=0 tx_drop=0 hb_ms=0 sma_state=5 m7_us=727438402 m4_us=725244396 vdd=5.067 offset=0.5000 aref=3.145 loop_us_avg=42 loop_us_max=4941 loop_hz=23809 cycle_log_ms=1 n_cycle=4 cc=1 cc_hz=327 cc_i_tgt=0.8500 cc_u=3.4214 cc_r=4.1145 cc_tau_ms=7.00
[ 126.075] [SMA] [ACT] cool n=5/6 I=0.0mA ms=30000
[ 126.453] C1]
[ 126.453] STATUS alarm(s):
[ 126.453] [AD
[ 127.024] [STATUS] t_ms=4867918 hwm=5 cap=256 dropped=0 dropped_total=71692 crc_err=0 crc_err_total=0 rate1=511 rate2=512 prod1=511 prod2=512 dac_err=0 tx_drop=0 hb_ms=0 sma_state=6 m7_us=728470188 m4_us=726275533 vdd=5.067 offset=0.5000 aref=3.145 loop_us_avg=35 loop_us_max=5423 loop_hz=28571 cycle_log_ms=1 n_cycle=4 cc=0 cc_hz=78 cc_i_tgt=0.8500 cc_u=3.4205 cc_r=4.0503 cc_tau_ms=7.00
[ 127.467] C1
[ 127.467] ] STATUS alarm(
[ 127.467] [AD
[ 128.038] [STATUS] t_ms=4868918 hwm=5 cap=256 dropped=0 dropped_total=71692 crc_err=0 crc_err_total=0 rate1=512 rate2=512 prod1=512 prod2=512 dac_err=0 tx_drop=0 hb_ms=0 sma_state=6 m7_us=729502302 m4_us=727307645 vdd=5.067 offset=0.5000 aref=3.145 loop_us_avg=34 loop_us_max=4932 loop_hz=29411 cycle_log_ms=1 n_cycle=4 cc=0 cc_hz=0 cc_i_tgt=0.8500 cc_u=3.4205 cc_r=4.0503 cc_tau_ms=7.00
[ 128.483] [AD
[ 129.052] [STATUS] t_ms=4869918 hwm=5 cap=256 dropped=0 dropped_total=71692 crc_err=0 crc_err_total=0 rate1=512 rate2=512 prod1=512 prod2=512 dac_err=0 tx_drop=0 hb_ms=0 sma_state=6 m7_us=730534409 m4_us=728339754 vdd=5.067 offset=0.5000 aref=3.145 loop_us_avg=33 loop_us_max=4929 loop_hz=30303 cycle_log_ms=1 n_cycle=4 cc=0 cc_hz=0 cc_i_tgt=0.8500 cc_u=3.4205 cc_r=4.0503 cc_tau_ms=7.00
[ 129.498] [AD
[ 130.071] [STATUS] t_ms=4870918 hwm=5 cap=256 dropped=0 dropped_total=71692 crc_err=0 crc_err_total=0 rate1=512 rate2=512 prod1=512 prod2=512 dac_err=0 tx_drop=0 hb_ms=0 sma_state=6 m7_us=731566595 m4_us=729371869 vdd=5.067 offset=0.5000 aref=3.145 loop_us_avg=33 loop_us_max=4940 loop_hz=30303 cycle_log_ms=1 n_cycle=4 cc=0 cc_hz=0 cc_i_tgt=0.8500 cc_u=3.4205 cc_r=4.0503 cc_tau_ms=7.00
[ 130.515] C1]
[ 130.515] STATUS alarm(s)
[ 130.515] [AD
[ 131.150] [STATUS] t_ms=4871918 hwm=5 cap=256 dropped=0 dropped_total=71692 crc_err=0 crc_err_total=0 rate1=512 rate2=512 prod1=512 prod2=512 dac_err=0 tx_drop=0 hb_ms=0 sma_state=6 m7_us=732598644 m4_us=730403965 vdd=5.067 offset=0.5000 aref=3.145 loop_us_avg=33 loop_us_max=5007 loop_hz=30303 cycle_log_ms=1 n_cycle=4 cc=0 cc_hz=0 cc_i_tgt=0.8500 cc_u=3.4205 cc_r=4.0503 cc_tau_ms=7.00
[ 131.530] C1
[ 131.530] ] STATUS alarm(
[ 131.530] [AD
[ 132.164] [STATUS] t_ms=4872918 hwm=5 cap=256 dropped=0 dropped_total=71692 crc_err=0 crc_err_total=0 rate1=512 rate2=512 prod1=512 prod2=512 dac_err=0 tx_drop=0 hb_ms=0 sma_state=6 m7_us=733630716 m4_us=731436067 vdd=5.067 offset=0.5000 aref=3.145 loop_us_avg=33 loop_us_max=4934 loop_hz=30303 cycle_log_ms=1 n_cycle=4 cc=0 cc_hz=0 cc_i_tgt=0.8500 cc_u=3.4205 cc_r=4.0503 cc_tau_ms=7.00
[ 132.546] C1] STAT
[ 132.546] US alarm(s): 0x4
[ 132.546] [AD
[ 133.179] [STATUS] t_ms=4873918 hwm=5 cap=256 dropped=0 dropped_total=71692 crc_err=0 crc_err_total=0 rate1=512 rate2=512 prod1=512 prod2=512 dac_err=0 tx_drop=0 hb_ms=0 sma_state=6 m7_us=734662811 m4_us=732468160 vdd=5.067 offset=0.5000 aref=3.145 loop_us_avg=33 loop_us_max=4931 loop_hz=30303 cycle_log_ms=1 n_cycle=4 cc=0 cc_hz=0 cc_i_tgt=0.8500 cc_u=3.4205 cc_r=4.0503 cc_tau_ms=7.00
[ 133.498] [AD
[ 134.258] [STATUS] t_ms=4874918 hwm=5 cap=256 dropped=0 dropped_total=71692 crc_err=0 crc_err_total=0 rate1=512 rate2=512 prod1=512 prod2=512 dac_err=0 tx_drop=0 hb_ms=0 sma_state=6 m7_us=735694873 m4_us=733500237 vdd=5.067 offset=0.5000 aref=3.145 loop_us_avg=33 loop_us_max=4938 loop_hz=30303 cycle_log_ms=1 n_cycle=4 cc=0 cc_hz=0 cc_i_tgt=0.8500 cc_u=3.4205 cc_r=4.0503 cc_tau_ms=7.00
[ 134.511] [AD
[ 135.273] [STATUS] t_ms=4875918 hwm=5 cap=256 dropped=0 dropped_total=71692 crc_err=0 crc_err_total=0 rate1=512 rate2=512 prod1=512 prod2=512 dac_err=0 tx_drop=0 hb_ms=0 sma_state=6 m7_us=736726949 m4_us=734532281 vdd=5.067 offset=0.5000 aref=3.145 loop_us_avg=33 loop_us_max=4922 loop_hz=30303 cycle_log_ms=1 n_cycle=4 cc=0 cc_hz=0 cc_i_tgt=0.8500 cc_u=3.4205 cc_r=4.0503 cc_tau_ms=7.00
[ 135.528] C1] STATU
[ 135.528] S alarm(s): 0x49
[ 135.528] [AD
[ 136.289] [STATUS] t_ms=4876918 hwm=5 cap=256 dropped=0 dropped_total=71692 crc_err=0 crc_err_total=0 rate1=512 rate2=512 prod1=512 prod2=512 dac_err=0 tx_drop=0 hb_ms=0 sma_state=6 m7_us=737759035 m4_us=735564358 vdd=5.067 offset=0.5000 aref=3.145 loop_us_avg=33 loop_us_max=4946 loop_hz=30303 cycle_log_ms=1 n_cycle=4 cc=0 cc_hz=0 cc_i_tgt=0.8500 cc_u=3.4205 cc_r=4.0503 cc_tau_ms=7.00
[ 136.543] C1] ST
[ 136.543] ATUS alarm(s): 0x
[ 136.543] [
[ 136.543] A
[ 137.303] [STATUS] t_ms=4877918 hwm=5 cap=256 dropped=0 dropped_total=71692 crc_err=0 crc_err_total=0 rate1=512 rate2=512 prod1=512 prod2=512 dac_err=0 tx_drop=0 hb_ms=0 sma_state=6 m7_us=738791035 m4_us=736596403 vdd=5.067 offset=0.5000 aref=3.145 loop_us_avg=33 loop_us_max=4927 loop_hz=30303 cycle_log_ms=1 n_cycle=4 cc=0 cc_hz=0 cc_i_tgt=0.8500 cc_u=3.4205 cc_r=4.0503 cc_tau_ms=7.00
[ 137.556] DC1
[ 137.556] ] STATUS alarm(s
[ 137.556] [
[ 137.556] A
[ 138.383] [STATUS] t_ms=4878918 hwm=5 cap=256 dropped=0 dropped_total=71692 crc_err=0 crc_err_total=0 rate1=512 rate2=512 prod1=512 prod2=512 dac_err=0 tx_drop=0 hb_ms=0 sma_state=6 m7_us=739823145 m4_us=737628458 vdd=5.067 offset=0.5000 aref=3.145 loop_us_avg=33 loop_us_max=4914 loop_hz=30303 cycle_log_ms=1 n_cycle=4 cc=0 cc_hz=0 cc_i_tgt=0.8500 cc_u=3.4205 cc_r=4.0503 cc_tau_ms=7.00
[ 138.573] DC1] STATUS alarm(s
[ 138.573] [A
[ 139.397] [STATUS] t_ms=4879918 hwm=5 cap=256 dropped=0 dropped_total=71692 crc_err=0 crc_err_total=0 rate1=512 rate2=512 prod1=512 prod2=512 dac_err=0 tx_drop=0 hb_ms=0 sma_state=6 m7_us=740855191 m4_us=738660534 vdd=5.067 offset=0.5000 aref=3.145 loop_us_avg=33 loop_us_max=4919 loop_hz=30303 cycle_log_ms=1 n_cycle=4 cc=0 cc_hz=0 cc_i_tgt=0.8500 cc_u=3.4205 cc_r=4.0503 cc_tau_ms=7.00
[ 139.588] [A
[ 140.411] [STATUS] t_ms=4880918 hwm=5 cap=256 dropped=0 dropped_total=71692 crc_err=0 crc_err_total=0 rate1=512 rate2=512 prod1=512 prod2=512 dac_err=0 tx_drop=0 hb_ms=0 sma_state=6 m7_us=741887290 m4_us=739692624 vdd=5.067 offset=0.5000 aref=3.145 loop_us_avg=33 loop_us_max=4917 loop_hz=30303 cycle_log_ms=1 n_cycle=4 cc=0 cc_hz=0 cc_i_tgt=0.8500 cc_u=3.4205 cc_r=4.0503 cc_tau_ms=7.00
[ 140.600] DC1] S
[ 140.600] [A
[ 141.426] [STATUS] t_ms=4881918 hwm=5 cap=256 dropped=0 dropped_total=71692 crc_err=0 crc_err_total=0 rate1=512 rate2=512 prod1=512 prod2=512 dac_err=0 tx_drop=0 hb_ms=0 sma_state=6 m7_us=742919368 m4_us=740724704 vdd=5.067 offset=0.5000 aref=3.145 loop_us_avg=33 loop_us_max=4919 loop_hz=30303 cycle_log_ms=1 n_cycle=4 cc=0 cc_hz=0 cc_i_tgt=0.8500 cc_u=3.4205 cc_r=4.0503 cc_tau_ms=7.00
[ 141.616] DC1]
[ 141.616] STATUS alarm(s):
[ 141.616] [A
[ 142.509] [STATUS] t_ms=4882918 hwm=5 cap=256 dropped=0 dropped_total=71692 crc_err=0 crc_err_total=0 rate1=512 rate2=512 prod1=512 prod2=512 dac_err=0 tx_drop=0 hb_ms=0 sma_state=6 m7_us=743951435 m4_us=741756781 vdd=5.067 offset=0.5000 aref=3.145 loop_us_avg=33 loop_us_max=4929 loop_hz=30303 cycle_log_ms=1 n_cycle=4 cc=0 cc_hz=0 cc_i_tgt=0.8500 cc_u=3.4205 cc_r=4.0503 cc_tau_ms=7.00
[ 142.573] DC1] STATU
[ 142.573] S alarm(s): 0x49
[ 142.573] [A
[ 143.526] [STATUS] t_ms=4883918 hwm=5 cap=256 dropped=0 dropped_total=71692 crc_err=0 crc_err_total=0 rate1=512 rate2=512 prod1=512 prod2=512 dac_err=0 tx_drop=0 hb_ms=0 sma_state=6 m7_us=744983506 m4_us=742788861 vdd=5.067 offset=0.5000 aref=3.145 loop_us_avg=33 loop_us_max=4923 loop_hz=30303 cycle_log_ms=1 n_cycle=4 cc=0 cc_hz=0 cc_i_tgt=0.8500 cc_u=3.4205 cc_r=4.0503 cc_tau_ms=7.00
[ 143.591] DC1] STA
[ 143.591] TUS alarm(s): 0x4
[ 143.591] [A
[ 144.544] [STATUS] t_ms=4884918 hwm=5 cap=256 dropped=0 dropped_total=71692 crc_err=0 crc_err_total=0 rate1=512 rate2=512 prod1=512 prod2=512 dac_err=0 tx_drop=0 hb_ms=0 sma_state=6 m7_us=746015600 m4_us=743820944 vdd=5.067 offset=0.5000 aref=3.145 loop_us_avg=33 loop_us_max=4924 loop_hz=30303 cycle_log_ms=1 n_cycle=4 cc=0 cc_hz=0 cc_i_tgt=0.8500 cc_u=3.4205 cc_r=4.0503 cc_tau_ms=7.00
[ 144.607] [A
[ 145.558] [STATUS] t_ms=4885918 hwm=5 cap=256 dropped=0 dropped_total=71692 crc_err=0 crc_err_total=0 rate1=512 rate2=512 prod1=512 prod2=512 dac_err=0 tx_drop=0 hb_ms=0 sma_state=6 m7_us=747047691 m4_us=744853033 vdd=5.067 offset=0.5000 aref=3.145 loop_us_avg=33 loop_us_max=4915 loop_hz=30303 cycle_log_ms=1 n_cycle=4 cc=0 cc_hz=0 cc_i_tgt=0.8500 cc_u=3.4205 cc_r=4.0503 cc_tau_ms=7.00
[ 145.622] DC1] ST
[ 145.622] [A
[ 146.634] [STATUS] t_ms=4886918 hwm=5 cap=256 dropped=0 dropped_total=71692 crc_err=0 crc_err_total=0 rate1=512 rate2=512 prod1=512 prod2=512 dac_err=0 tx_drop=0 hb_ms=0 sma_state=6 m7_us=748079775 m4_us=745885120 vdd=5.067 offset=0.5000 aref=3.145 loop_us_avg=33 loop_us_max=4925 loop_hz=30303 cycle_log_ms=1 n_cycle=4 cc=0 cc_hz=0 cc_i_tgt=0.8500 cc_u=3.4205 cc_r=4.0503 cc_tau_ms=7.00
[ 146.634] DC1] STAT
[ 146.634] US alarm(s): 0x49 P
[ 146.634] GAL_ALM
[ 146.634] [A
[ 147.648] DC1] STATU
[ 147.648] [A
[ 147.648] [STATUS] t_ms=4887918 hwm=5 cap=256 dropped=0 dropped_total=71692 crc_err=0 crc_err_total=0 rate1=512 rate2=512 prod1=512 prod2=512 dac_err=0 tx_drop=0 hb_ms=0 sma_state=6 m7_us=749111862 m4_us=746917216 vdd=5.067 offset=0.5000 aref=3.145 loop_us_avg=33 loop_us_max=4934 loop_hz=30303 cycle_log_ms=1 n_cycle=4 cc=0 cc_hz=0 cc_i_tgt=0.8500 cc_u=3.4205 cc_r=4.0503 cc_tau_ms=7.00
[ 148.665] DC1] STATUS a
[ 148.665] larm(s): 0x49 PG
[ 148.665] AL_ALM
[ 148.665] [A
[ 148.665] [STATUS] t_ms=4888918 hwm=5 cap=256 dropped=0 dropped_total=71692 crc_err=0 crc_err_total=0 rate1=512 rate2=512 prod1=512 prod2=512 dac_err=0 tx_drop=0 hb_ms=0 sma_state=6 m7_us=750143978 m4_us=747949318 vdd=5.067 offset=0.5000 aref=3.145 loop_us_avg=33 loop_us_max=4916 loop_hz=30303 cycle_log_ms=1 n_cycle=4 cc=0 cc_hz=0 cc_i_tgt=0.8500 cc_u=3.4205 cc_r=4.0503 cc_tau_ms=7.00
[ 149.679] DC1] STATUS alarm(s): 0x4
[ 149.679] [A
[ 149.679] [STATUS] t_ms=4889918 hwm=5 cap=256 dropped=0 dropped_total=71692 crc_err=0 crc_err_total=0 rate1=512 rate2=512 prod1=512 prod2=512 dac_err=0 tx_drop=0 hb_ms=0 sma_state=6 m7_us=751176049 m4_us=748981398 vdd=5.067 offset=0.5000 aref=3.145 loop_us_avg=33 loop_us_max=4916 loop_hz=30303 cycle_log_ms=1 n_cycle=4 cc=0 cc_hz=0 cc_i_tgt=0.8500 cc_u=3.4205 cc_r=4.0503 cc_tau_ms=7.00
[ 150.694] [A
[ 150.758] [STATUS] t_ms=4890918 hwm=5 cap=256 dropped=0 dropped_total=71692 crc_err=0 crc_err_total=0 rate1=512 rate2=512 prod1=512 prod2=512 dac_err=0 tx_drop=0 hb_ms=0 sma_state=6 m7_us=752208150 m4_us=750013504 vdd=5.067 offset=0.5000 aref=3.145 loop_us_avg=33 loop_us_max=4975 loop_hz=30303 cycle_log_ms=1 n_cycle=4 cc=0 cc_hz=0 cc_i_tgt=0.8500 cc_u=3.4205 cc_r=4.0503 cc_tau_ms=7.00
[ 151.645] DC1]
[ 151.645] [
[ 151.772] [STATUS] t_ms=4891918 hwm=5 cap=256 dropped=0 dropped_total=71692 crc_err=0 crc_err_total=0 rate1=512 rate2=512 prod1=512 prod2=512 dac_err=0 tx_drop=0 hb_ms=0 sma_state=6 m7_us=753240274 m4_us=751045619 vdd=5.067 offset=0.5000 aref=3.145 loop_us_avg=33 loop_us_max=4908 loop_hz=30303 cycle_log_ms=1 n_cycle=4 cc=0 cc_hz=0 cc_i_tgt=0.8500 cc_u=3.4205 cc_r=4.0503 cc_tau_ms=7.00
[ 152.658] ADC1] ST
[ 152.658] ATUS alarm(s): 0x
[ 152.658] [
[ 152.786] [STATUS] t_ms=4892918 hwm=5 cap=256 dropped=0 dropped_total=71692 crc_err=0 crc_err_total=0 rate1=512 rate2=512 prod1=512 prod2=512 dac_err=0 tx_drop=0 hb_ms=0 sma_state=6 m7_us=754272387 m4_us=752077728 vdd=5.067 offset=0.5000 aref=3.145 loop_us_avg=33 loop_us_max=4927 loop_hz=30303 cycle_log_ms=1 n_cycle=4 cc=0 cc_hz=0 cc_i_tgt=0.8500 cc_u=3.4205 cc_r=4.0503 cc_tau_ms=7.00
[ 153.672] ADC1]
[ 153.672] STATUS alarm(s): 0
[ 153.672] [
[ 153.863] [STATUS] t_ms=4893918 hwm=5 cap=256 dropped=0 dropped_total=71692 crc_err=0 crc_err_total=0 rate1=512 rate2=512 prod1=512 prod2=512 dac_err=0 tx_drop=0 hb_ms=0 sma_state=6 m7_us=755304455 m4_us=753109811 vdd=5.067 offset=0.5000 aref=3.145 loop_us_avg=33 loop_us_max=4932 loop_hz=30303 cycle_log_ms=1 n_cycle=4 cc=0 cc_hz=0 cc_i_tgt=0.8500 cc_u=3.4205 cc_r=4.0503 cc_tau_ms=7.00
[ 154.686] ADC1] STATUS
[ 154.686] alarm(s): 0x49
[ 154.876] [STATUS] t_ms=4894918 hwm=5 cap=256 dropped=0 dropped_total=71692 crc_err=0 crc_err_total=0 rate1=512 rate2=512 prod1=512 prod2=512 dac_err=0 tx_drop=0 hb_ms=0 sma_state=6 m7_us=756336537 m4_us=754141882 vdd=5.067 offset=0.5000 aref=3.145 loop_us_avg=33 loop_us_max=4957 loop_hz=30303 cycle_log_ms=1 n_cycle=4 cc=0 cc_hz=0 cc_i_tgt=0.8500 cc_u=3.4205 cc_r=4.0503 cc_tau_ms=7.00
[ 155.892] [STATUS] t_ms=4895918 hwm=5 cap=256 dropped=0 dropped_total=71692 crc_err=0 crc_err_total=0 rate1=512 rate2=512 prod1=512 prod2=512 dac_err=0 tx_drop=0 hb_ms=0 sma_state=6 m7_us=757368598 m4_us=755173945 vdd=5.067 offset=0.5000 aref=3.145 loop_us_avg=33 loop_us_max=4920 loop_hz=30303 cycle_log_ms=1 n_cycle=4 cc=0 cc_hz=0 cc_i_tgt=0.8500 cc_u=3.4205 cc_r=4.0503 cc_tau_ms=7.00
[ 156.906] [STATUS] t_ms=4896918 hwm=5 cap=256 dropped=0 dropped_total=71692 crc_err=0 crc_err_total=0 rate1=512 rate2=512 prod1=512 prod2=512 dac_err=0 tx_drop=0 hb_ms=0 sma_state=6 m7_us=758400720 m4_us=756206061 vdd=5.067 offset=0.5000 aref=3.145 loop_us_avg=33 loop_us_max=4930 loop_hz=30303 cycle_log_ms=1 n_cycle=4 cc=0 cc_hz=0 cc_i_tgt=0.8500 cc_u=3.4205 cc_r=4.0503 cc_tau_ms=7.00
[ 157.034] [SMA] [ACT] heat n=6/6 I=850.0mA ms=400
[ 157.414] [SMA] [ACT] cool n=6/6 I=0.0mA ms=30000
[ 157.985] [STATUS] t_ms=4897918 hwm=5 cap=256 dropped=0 dropped_total=71692 crc_err=0 crc_err_total=0 rate1=512 rate2=512 prod1=512 prod2=512 dac_err=0 tx_drop=0 hb_ms=0 sma_state=6 m7_us=759432823 m4_us=757238150 vdd=5.067 offset=0.5000 aref=3.145 loop_us_avg=45 loop_us_max=4930 loop_hz=22222 cycle_log_ms=1 n_cycle=4 cc=0 cc_hz=412 cc_i_tgt=0.8500 cc_u=3.4681 cc_r=4.0964 cc_tau_ms=7.00
[ 158.747] [ADC1] S
[ 158.747] TATUS alarm(s): 0
[ 159.000] [STATUS] t_ms=4898918 hwm=5 cap=256 dropped=0 dropped_total=71692 crc_err=0 crc_err_total=0 rate1=512 rate2=512 prod1=512 prod2=512 dac_err=0 tx_drop=0 hb_ms=0 sma_state=6 m7_us=760464880 m4_us=758270227 vdd=5.067 offset=0.5000 aref=3.145 loop_us_avg=33 loop_us_max=4920 loop_hz=30303 cycle_log_ms=1 n_cycle=4 cc=0 cc_hz=0 cc_i_tgt=0.8500 cc_u=3.4681 cc_r=4.0964 cc_tau_ms=7.00
[ 159.763] [ADC1]
[ 159.763] STATUS alarm(s)
[ 160.015] [STATUS] t_ms=4899918 hwm=5 cap=256 dropped=0 dropped_total=71692 crc_err=0 crc_err_total=0 rate1=512 rate2=512 prod1=512 prod2=512 dac_err=0 tx_drop=0 hb_ms=0 sma_state=6 m7_us=761496991 m4_us=759302320 vdd=5.067 offset=0.5000 aref=3.145 loop_us_avg=33 loop_us_max=4922 loop_hz=30303 cycle_log_ms=1 n_cycle=4 cc=0 cc_hz=0 cc_i_tgt=0.8500 cc_u=3.4681 cc_r=4.0964 cc_tau_ms=7.00
[ 161.032] [STATUS] t_ms=4900918 hwm=5 cap=256 dropped=0 dropped_total=71692 crc_err=0 crc_err_total=0 rate1=512 rate2=512 prod1=512 prod2=512 dac_err=0 tx_drop=0 hb_ms=0 sma_state=6 m7_us=762529030 m4_us=760334381 vdd=5.067 offset=0.5000 aref=3.145 loop_us_avg=33 loop_us_max=4935 loop_hz=30303 cycle_log_ms=1 n_cycle=4 cc=0 cc_hz=0 cc_i_tgt=0.8500 cc_u=3.4681 cc_r=4.0964 cc_tau_ms=7.00
[ 161.728] [ADC
[ 162.110] [STATUS] t_ms=4901918 hwm=5 cap=256 dropped=0 dropped_total=71692 crc_err=0 crc_err_total=0 rate1=512 rate2=512 prod1=512 prod2=512 dac_err=0 tx_drop=0 hb_ms=0 sma_state=6 m7_us=763561129 m4_us=761366461 vdd=5.067 offset=0.5000 aref=3.145 loop_us_avg=33 loop_us_max=4939 loop_hz=30303 cycle_log_ms=1 n_cycle=4 cc=0 cc_hz=0 cc_i_tgt=0.8500 cc_u=3.4681 cc_r=4.0964 cc_tau_ms=7.00
[ 162.747] [ADC1] S
[ 162.747] TATUS alarm(s): 0x4
[ 163.130] [STATUS] t_ms=4902918 hwm=5 cap=256 dropped=0 dropped_total=71692 crc_err=0 crc_err_total=0 rate1=512 rate2=512 prod1=512 prod2=512 dac_err=0 tx_drop=0 hb_ms=0 sma_state=6 m7_us=764593178 m4_us=762398525 vdd=5.067 offset=0.5000 aref=3.145 loop_us_avg=33 loop_us_max=4979 loop_hz=30303 cycle_log_ms=1 n_cycle=4 cc=0 cc_hz=0 cc_i_tgt=0.8500 cc_u=3.4681 cc_r=4.0964 cc_tau_ms=7.00
[ 163.765] [ADC1] ST
[ 163.765] ATUS alarm(s): 0x4
[ 164.144] [STATUS] t_ms=4903918 hwm=5 cap=256 dropped=0 dropped_total=71692 crc_err=0 crc_err_total=0 rate1=512 rate2=512 prod1=512 prod2=512 dac_err=0 tx_drop=0 hb_ms=0 sma_state=6 m7_us=765625269 m4_us=763430605 vdd=5.067 offset=0.5000 aref=3.145 loop_us_avg=33 loop_us_max=4933 loop_hz=30303 cycle_log_ms=1 n_cycle=4 cc=0 cc_hz=0 cc_i_tgt=0.8500 cc_u=3.4681 cc_r=4.0964 cc_tau_ms=7.00
[ 164.775] [ADC1
[ 164.775] ] STATUS alarm(s
[ 165.221] [STATUS] t_ms=4904918 hwm=5 cap=256 dropped=0 dropped_total=71692 crc_err=0 crc_err_total=0 rate1=512 rate2=512 prod1=512 prod2=512 dac_err=0 tx_drop=0 hb_ms=0 sma_state=6 m7_us=766657325 m4_us=764462669 vdd=5.067 offset=0.5000 aref=3.145 loop_us_avg=33 loop_us_max=4945 loop_hz=30303 cycle_log_ms=1 n_cycle=4 cc=0 cc_hz=0 cc_i_tgt=0.8500 cc_u=3.4681 cc_r=4.0964 cc_tau_ms=7.00
[ 166.236] [STATUS] t_ms=4905918 hwm=5 cap=256 dropped=0 dropped_total=71692 crc_err=0 crc_err_total=0 rate1=512 rate2=512 prod1=512 prod2=512 dac_err=0 tx_drop=0 hb_ms=0 sma_state=6 m7_us=767689367 m4_us=765494717 vdd=5.067 offset=0.5000 aref=3.145 loop_us_avg=33 loop_us_max=4914 loop_hz=30303 cycle_log_ms=1 n_cycle=4 cc=0 cc_hz=0 cc_i_tgt=0.8500 cc_u=3.4681 cc_r=4.0964 cc_tau_ms=7.00
[ 167.247] [STATUS] t_ms=4906918 hwm=5 cap=256 dropped=0 dropped_total=71692 crc_err=0 crc_err_total=0 rate1=512 rate2=512 prod1=512 prod2=512 dac_err=0 tx_drop=0 hb_ms=0 sma_state=6 m7_us=768721434 m4_us=766526784 vdd=5.067 offset=0.5000 aref=3.145 loop_us_avg=33 loop_us_max=4914 loop_hz=30303 cycle_log_ms=1 n_cycle=4 cc=0 cc_hz=0 cc_i_tgt=0.8500 cc_u=3.4681 cc_r=4.0964 cc_tau_ms=7.00
[ 168.185] [ADC1] ST
[ 168.311] [STATUS] t_ms=4907918 hwm=5 cap=256 dropped=0 dropped_total=71692 crc_err=0 crc_err_total=0 rate1=512 rate2=512 prod1=512 prod2=512 dac_err=0 tx_drop=0 hb_ms=0 sma_state=6 m7_us=769753546 m4_us=767558880 vdd=5.067 offset=0.5000 aref=3.145 loop_us_avg=33 loop_us_max=4930 loop_hz=30303 cycle_log_ms=1 n_cycle=4 cc=0 cc_hz=0 cc_i_tgt=0.8500 cc_u=3.4681 cc_r=4.0964 cc_tau_ms=7.00
[ 168.818] [ADC1] ST
[ 168.818] ATUS alarm(s): 0x
[ 169.327] [STATUS] t_ms=4908918 hwm=5 cap=256 dropped=0 dropped_total=71692 crc_err=0 crc_err_total=0 rate1=512 rate2=512 prod1=512 prod2=512 dac_err=0 tx_drop=0 hb_ms=0 sma_state=6 m7_us=770785634 m4_us=768590982 vdd=5.067 offset=0.5000 aref=3.145 loop_us_avg=33 loop_us_max=4938 loop_hz=30303 cycle_log_ms=1 n_cycle=4 cc=0 cc_hz=0 cc_i_tgt=0.8500 cc_u=3.4681 cc_r=4.0964 cc_tau_ms=7.00
[ 169.834] [ADC1] ST
[ 169.834] ATUS alarm(s): 0x4
[ 170.341] [STATUS] t_ms=4909918 hwm=5 cap=256 dropped=0 dropped_total=71692 crc_err=0 crc_err_total=0 rate1=512 rate2=512 prod1=512 prod2=512 dac_err=0 tx_drop=0 hb_ms=0 sma_state=6 m7_us=771817709 m4_us=769623053 vdd=5.067 offset=0.5000 aref=3.145 loop_us_avg=33 loop_us_max=4922 loop_hz=30303 cycle_log_ms=1 n_cycle=4 cc=0 cc_hz=0 cc_i_tgt=0.8500 cc_u=3.4681 cc_r=4.0964 cc_tau_ms=7.00
[ 170.848] [ADC1] STATUS alarm(s): 0x
[ 171.356] [STATUS] t_ms=4910918 hwm=5 cap=256 dropped=0 dropped_total=71692 crc_err=0 crc_err_total=0 rate1=512 rate2=512 prod1=512 prod2=512 dac_err=0 tx_drop=0 hb_ms=0 sma_state=6 m7_us=772849823 m4_us=770655152 vdd=5.067 offset=0.5000 aref=3.145 loop_us_avg=33 loop_us_max=4981 loop_hz=30303 cycle_log_ms=1 n_cycle=4 cc=0 cc_hz=0 cc_i_tgt=0.8500 cc_u=3.4681 cc_r=4.0964 cc_tau_ms=7.00
[ 172.434] [STATUS] t_ms=4911918 hwm=5 cap=256 dropped=0 dropped_total=71692 crc_err=0 crc_err_total=0 rate1=512 rate2=512 prod1=512 prod2=512 dac_err=0 tx_drop=0 hb_ms=0 sma_state=6 m7_us=773881884 m4_us=771687232 vdd=5.067 offset=0.5000 aref=3.145 loop_us_avg=33 loop_us_max=4950 loop_hz=30303 cycle_log_ms=1 n_cycle=4 cc=0 cc_hz=0 cc_i_tgt=0.8500 cc_u=3.4681 cc_r=4.0964 cc_tau_ms=7.00
[ 172.815] [ADC1]
[ 173.448] [STATUS] t_ms=4912918 hwm=5 cap=256 dropped=0 dropped_total=71692 crc_err=0 crc_err_total=0 rate1=512 rate2=512 prod1=512 prod2=512 dac_err=0 tx_drop=0 hb_ms=0 sma_state=6 m7_us=774914029 m4_us=772719376 vdd=5.067 offset=0.5000 aref=3.145 loop_us_avg=33 loop_us_max=4962 loop_hz=30303 cycle_log_ms=1 n_cycle=4 cc=0 cc_hz=0 cc_i_tgt=0.8500 cc_u=3.4681 cc_r=4.0964 cc_tau_ms=7.00
[ 173.831] [ADC1] STA
[ 173.831] TUS alarm(s): 0x
[ 174.465] [STATUS] t_ms=4913918 hwm=5 cap=256 dropped=0 dropped_total=71692 crc_err=0 crc_err_total=0 rate1=512 rate2=512 prod1=512 prod2=512 dac_err=0 tx_drop=0 hb_ms=0 sma_state=6 m7_us=775946162 m4_us=773751510 vdd=5.067 offset=0.5000 aref=3.145 loop_us_avg=33 loop_us_max=4976 loop_hz=30303 cycle_log_ms=1 n_cycle=4 cc=0 cc_hz=0 cc_i_tgt=0.8500 cc_u=3.4681 cc_r=4.0964 cc_tau_ms=7.00
[ 174.846] [ADC1]
[ 174.846] STATUS alarm(s):
[ 175.483] [STATUS] t_ms=4914918 hwm=5 cap=256 dropped=0 dropped_total=71692 crc_err=0 crc_err_total=0 rate1=512 rate2=512 prod1=512 prod2=512 dac_err=0 tx_drop=0 hb_ms=0 sma_state=6 m7_us=776978298 m4_us=774783648 vdd=5.067 offset=0.5000 aref=3.145 loop_us_avg=33 loop_us_max=4941 loop_hz=30303 cycle_log_ms=1 n_cycle=4 cc=0 cc_hz=0 cc_i_tgt=0.8500 cc_u=3.4681 cc_r=4.0964 cc_tau_ms=7.00
[ 175.862] [ADC1]
[ 175.862] STATUS alarm(s): 0
[ 176.561] [STATUS] t_ms=4915918 hwm=5 cap=256 dropped=0 dropped_total=71692 crc_err=0 crc_err_total=0 rate1=512 rate2=512 prod1=512 prod2=512 dac_err=0 tx_drop=0 hb_ms=0 sma_state=6 m7_us=778010426 m4_us=775815766 vdd=5.067 offset=0.5000 aref=3.145 loop_us_avg=33 loop_us_max=4994 loop_hz=30303 cycle_log_ms=1 n_cycle=4 cc=0 cc_hz=0 cc_i_tgt=0.8500 cc_u=3.4681 cc_r=4.0964 cc_tau_ms=7.00
[ 177.575] [STATUS] t_ms=4916918 hwm=5 cap=256 dropped=0 dropped_total=71692 crc_err=0 crc_err_total=0 rate1=512 rate2=512 prod1=512 prod2=512 dac_err=0 tx_drop=0 hb_ms=0 sma_state=6 m7_us=779042508 m4_us=776847853 vdd=5.067 offset=0.5000 aref=3.145 loop_us_avg=33 loop_us_max=4930 loop_hz=30303 cycle_log_ms=1 n_cycle=4 cc=0 cc_hz=0 cc_i_tgt=0.8500 cc_u=3.4681 cc_r=4.0964 cc_tau_ms=7.00
[ 177.893] [ADC1]
[ 178.591] [STATUS] t_ms=4917918 hwm=5 cap=256 dropped=0 dropped_total=71692 crc_err=0 crc_err_total=0 rate1=512 rate2=512 prod1=512 prod2=512 dac_err=0 tx_drop=0 hb_ms=0 sma_state=6 m7_us=780074568 m4_us=777879926 vdd=5.067 offset=0.5000 aref=3.145 loop_us_avg=33 loop_us_max=4936 loop_hz=30303 cycle_log_ms=1 n_cycle=4 cc=0 cc_hz=0 cc_i_tgt=0.8500 cc_u=3.4681 cc_r=4.0964 cc_tau_ms=7.00
[ 178.908] [AD
[ 178.908] C1] STATUS alarm(
[ 179.666] [STATUS] t_ms=4918918 hwm=5 cap=256 dropped=0 dropped_total=71692 crc_err=0 crc_err_total=0 rate1=512 rate2=512 prod1=512 prod2=512 dac_err=0 tx_drop=0 hb_ms=0 sma_state=6 m7_us=781106633 m4_us=778911984 vdd=5.067 offset=0.5000 aref=3.145 loop_us_avg=33 loop_us_max=4915 loop_hz=30303 cycle_log_ms=1 n_cycle=4 cc=0 cc_hz=0 cc_i_tgt=0.8500 cc_u=3.4681 cc_r=4.0964 cc_tau_ms=7.00
[ 179.920] [ADC1] STAT
[ 180.684] [STATUS] t_ms=4919918 hwm=5 cap=256 dropped=0 dropped_total=71692 crc_err=0 crc_err_total=0 rate1=512 rate2=512 prod1=512 prod2=512 dac_err=0 tx_drop=0 hb_ms=0 sma_state=6 m7_us=782138715 m4_us=779944070 vdd=5.067 offset=0.5000 aref=3.145 loop_us_avg=33 loop_us_max=4930 loop_hz=30303 cycle_log_ms=1 n_cycle=4 cc=0 cc_hz=0 cc_i_tgt=0.8500 cc_u=3.4681 cc_r=4.0964 cc_tau_ms=7.00
[ 180.875] [ADC1
[ 180.875] ] STATUS alarm(s):
[ 181.703] [STATUS] t_ms=4920918 hwm=5 cap=256 dropped=0 dropped_total=71692 crc_err=0 crc_err_total=0 rate1=512 rate2=512 prod1=512 prod2=512 dac_err=0 tx_drop=0 hb_ms=0 sma_state=6 m7_us=783170798 m4_us=780976144 vdd=5.067 offset=0.5000 aref=3.145 loop_us_avg=33 loop_us_max=4920 loop_hz=30303 cycle_log_ms=1 n_cycle=4 cc=0 cc_hz=0 cc_i_tgt=0.8500 cc_u=3.4681 cc_r=4.0964 cc_tau_ms=7.00
[ 182.714] [STATUS] t_ms=4921918 hwm=5 cap=256 dropped=0 dropped_total=71692 crc_err=0 crc_err_total=0 rate1=512 rate2=512 prod1=512 prod2=512 dac_err=0 tx_drop=0 hb_ms=0 sma_state=6 m7_us=784202847 m4_us=782008208 vdd=5.067 offset=0.5000 aref=3.145 loop_us_avg=33 loop_us_max=4934 loop_hz=30303 cycle_log_ms=1 n_cycle=4 cc=0 cc_hz=0 cc_i_tgt=0.8500 cc_u=3.4681 cc_r=4.0964 cc_tau_ms=7.00
[ 183.787] [STATUS] t_ms=4922918 hwm=5 cap=256 dropped=0 dropped_total=71692 crc_err=0 crc_err_total=0 rate1=512 rate2=512 prod1=512 prod2=512 dac_err=0 tx_drop=0 hb_ms=0 sma_state=6 m7_us=785234964 m4_us=783040304 vdd=5.067 offset=0.5000 aref=3.145 loop_us_avg=33 loop_us_max=4918 loop_hz=30303 cycle_log_ms=1 n_cycle=4 cc=0 cc_hz=0 cc_i_tgt=0.8500 cc_u=3.4681 cc_r=4.0964 cc_tau_ms=7.00
[ 183.915] [ADC1] STA
[ 183.915] TUS alarm(s): 0xC9
[ 184.801] [STATUS] t_ms=4923918 hwm=5 cap=256 dropped=0 dropped_total=71692 crc_err=0 crc_err_total=0 rate1=512 rate2=512 prod1=512 prod2=512 dac_err=0 tx_drop=0 hb_ms=0 sma_state=6 m7_us=786267062 m4_us=784072413 vdd=5.067 offset=0.5000 aref=3.145 loop_us_avg=33 loop_us_max=4924 loop_hz=30303 cycle_log_ms=1 n_cycle=4 cc=0 cc_hz=0 cc_i_tgt=0.8500 cc_u=3.4681 cc_r=4.0964 cc_tau_ms=7.00
[ 184.928] [ADC1
[ 184.928] ] STATUS alarm(s):
