2026-07-15 14:08:18,845  INFO   root                Session: console_20260715_140818
2026-07-15 14:08:18,845  INFO   root                Output:  C:\Users\yilin\Documents\GitHubRepo_Research\MicroTensileMachine\MicroTensileMachine\Experiment_SMAThermalCharacterization\data\console_20260715_140818
2026-07-15 14:08:18,845  INFO   root                Config:  C:\Users\yilin\Documents\GitHubRepo_Research\MicroTensileMachine\MicroTensileMachine\Experiment_SMAThermalCharacterization\config.yaml  headless=False
2026-07-15 14:08:19,633  INFO   PortentaReader      Opened COM8 @ 115200 baud, waiting 4.0s for firmware boot...
2026-07-15 14:08:19,693  ERROR  CameraWorker        Camera worker crashed: cannot open camera index 1 (check USB/driver)
Traceback (most recent call last):
  File "c:\Users\yilin\Documents\GitHubRepo_Research\MicroTensileMachine\MicroTensileMachine\Experiment_SMAThermalCharacterization\workers.py", line 568, in run
    self._main_loop()
  File "c:\Users\yilin\Documents\GitHubRepo_Research\MicroTensileMachine\MicroTensileMachine\Experiment_SMAThermalCharacterization\workers.py", line 606, in _main_loop
    cap = self._open()
          ^^^^^^^^^^^^
  File "c:\Users\yilin\Documents\GitHubRepo_Research\MicroTensileMachine\MicroTensileMachine\Experiment_SMAThermalCharacterization\workers.py", line 588, in _open
    raise RuntimeError(
RuntimeError: cannot open camera index 1 (check USB/driver)
2026-07-15 14:08:19,694  INFO   CameraWorker        Camera worker exit (written=0)
2026-07-15 14:08:20,890  INFO   Driver_ZaberStage   Configuration saved to zaber_config.json
2026-07-15 14:08:20,921  INFO   Driver_ZaberStage   Connected to X-LSQ300A-E01 on COM5
2026-07-15 14:08:20,921  INFO   ZaberWorker         Zaber ready: DeviceInfo(port='COM5', device_id=50138, serial_number='143153', name='X-LSQ300A-E01', firmware_version='7.48.24004', device_type='Linear Stage', axis_count=1)
2026-07-15 14:08:23,665  WARNING  PortentaReader      Opened COM8 but no sample lines seen in 4.0s boot window. If this persists: power-cycle Hat Carrier, re-seat HAT.
2026-07-15 14:08:23,723  INFO   H7Worker            H7 ready: port=COM8 baud=115200 channels=['laser', 'load', 'sma_i', 'sma_r', 'sma_v']
2026-07-15 14:08:23,723  INFO   RecordingCore       Running 10.0 s full system check...
2026-07-15 14:08:33,735  WARNING  RecordingCore       health H7    FAIL (0) — only 0 samples (need >=20)
2026-07-15 14:08:33,736  INFO   RecordingCore       health stage PASS (632) — 632 reads, pos~80.00 mm
2026-07-15 14:08:37,803  WARNING  RecordingCore       HEALTH WARNING: H7 silent 1.0s — no new samples (critical; other instruments still recording)
