[   0.058] [SMA] ARMED (MOSFET on); idle=0.500 V
[   0.058] [STATUS] t_ms=20058 hwm=4 cap=256 dropped=0 dropped_total=578 crc_err=0 crc_err_total=0 rate1=512 rate2=512 prod1=512 prod2=512 dac_err=0 tx_drop=62958 hb_ms=0 sma_state=0 m7_us=20635342 m4_us=18441405 vdd=5.067 offset=0.5000 aref=3.145 loop_us_avg=21 loop_us_max=4645 loop_hz=47619 cycle_log_ms=1 n_cycle=4 cc=0 cc_hz=0 cc_i_tgt=0.0000 cc_u=0.0000 cc_r=0.0000 cc_tau_ms=7.00
[   0.366] [ADC1]
[   0.366] STATUS alarm(s)
[   0.366] M PGAH_ALM PGAD
[   0.366] _
[   0.742] [STATUS] t_ms=21058 hwm=256 cap=256 dropped=57 dropped_total=635 crc_err=0 crc_err_total=0 rate1=479 rate2=483 prod1=482 prod2=484 dac_err=0 tx_drop=62958 hb_ms=0 sma_state=0 m7_us=21666525 m4_us=19472558 vdd=5.067 offset=0.5000 aref=3.145 loop_us_avg=32 loop_us_max=316172 loop_hz=31250 cycle_log_ms=1 n_cycle=4 cc=0 cc_hz=0 cc_i_tgt=0.0000 cc_u=0.0000 cc_r=0.0000 cc_tau_ms=7.00
[   1.430] ALM
[   1.430] [A
[   1.430] DC1] STATUS alar
[   1.430] _ALM PGAH_ALM PG
[   1.430] AD_
[   1.803] [STATUS] t_ms=22058 hwm=4 cap=256 dropped=0 dropped_total=635 crc_err=0 crc_err_total=0 rate1=512 rate2=512 prod1=512 prod2=512 dac_err=0 tx_drop=62958 hb_ms=0 sma_state=0 m7_us=22698749 m4_us=20504782 vdd=5.067 offset=0.5000 aref=3.145 loop_us_avg=22 loop_us_max=4607 loop_hz=45454 cycle_log_ms=1 n_cycle=4 cc=0 cc_hz=0 cc_i_tgt=0.0000 cc_u=0.0000 cc_r=0.0000 cc_tau_ms=7.00
[   0.064] [SMA] [CC] start i_high=650.0mA i_low=0.0mA t_high=300 t_idle=30000 n=2 (0=cont) tau_ms=7.0 wdt_ms=5000
[   0.125] [SMA] [CC] seed R=4.773 ohm  I=104.7 mA  u=0.500 V  n=104
[   0.125] [SMA] [ACT] heat n=1/2 I=650.0mA ms=300
[   0.378] ALM
[   0.442] [SMA] [ACT] cool n=1/2 I=0.0mA ms=30000
[   0.758] [STATUS] t_ms=23058 hwm=4 cap=256 dropped=0 dropped_total=635 crc_err=0 crc_err_total=0 rate1=512 rate2=512 prod1=512 prod2=512 dac_err=0 tx_drop=62958 hb_ms=0 sma_state=6 m7_us=23730953 m4_us=21536990 vdd=5.067 offset=0.5000 aref=3.145 loop_us_avg=35 loop_us_max=4593 loop_hz=28571 cycle_log_ms=1 n_cycle=4 cc=0 cc_hz=307 cc_i_tgt=0.6500 cc_u=2.6645 cc_r=4.1118 cc_tau_ms=7.00
[   1.390] ALM
[   1.390] M PGAD_
[   1.771] [STATUS] t_ms=24058 hwm=5 cap=256 dropped=0 dropped_total=635 crc_err=0 crc_err_total=0 rate1=512 rate2=512 prod1=512 prod2=512 dac_err=0 tx_drop=62958 hb_ms=0 sma_state=6 m7_us=24763172 m4_us=22569191 vdd=5.067 offset=0.5000 aref=3.145 loop_us_avg=33 loop_us_max=4913 loop_hz=30303 cycle_log_ms=1 n_cycle=4 cc=0 cc_hz=0 cc_i_tgt=0.6500 cc_u=2.6645 cc_r=4.1118 cc_tau_ms=7.00
[   2.401] ALM
[   2.839] [STATUS] t_ms=25058 hwm=4 cap=256 dropped=0 dropped_total=635 crc_err=0 crc_err_total=0 rate1=512 rate2=512 prod1=512 prod2=512 dac_err=0 tx_drop=62958 hb_ms=0 sma_state=6 m7_us=25795344 m4_us=23601393 vdd=5.067 offset=0.5000 aref=3.145 loop_us_avg=33 loop_us_max=4883 loop_hz=30303 cycle_log_ms=1 n_cycle=4 cc=0 cc_hz=0 cc_i_tgt=0.6500 cc_u=2.6645 cc_r=4.1118 cc_tau_ms=7.00
[   3.408] ALM
[   3.408] [ADC1
[   3.408] ] STATUS alarm(s)
[   3.847] [STATUS] t_ms=26058 hwm=4 cap=256 dropped=0 dropped_total=635 crc_err=0 crc_err_total=0 rate1=512 rate2=512 prod1=512 prod2=512 dac_err=0 tx_drop=62958 hb_ms=0 sma_state=6 m7_us=26827562 m4_us=24633588 vdd=5.067 offset=0.5000 aref=3.145 loop_us_avg=33 loop_us_max=4860 loop_hz=30303 cycle_log_ms=1 n_cycle=4 cc=0 cc_hz=0 cc_i_tgt=0.6500 cc_u=2.6645 cc_r=4.1118 cc_tau_ms=7.00
[   4.416] ALM
[   4.416] [AD
[   4.416] C1] STATUS alarm(
[   4.416] M PGAH_ALM PGAD_
[   4.855] [STATUS] t_ms=27058 hwm=5 cap=256 dropped=0 dropped_total=635 crc_err=0 crc_err_total=0 rate1=512 rate2=512 prod1=512 prod2=512 dac_err=0 tx_drop=62958 hb_ms=0 sma_state=6 m7_us=27859818 m4_us=25665841 vdd=5.067 offset=0.5000 aref=3.145 loop_us_avg=33 loop_us_max=4983 loop_hz=30303 cycle_log_ms=1 n_cycle=4 cc=0 cc_hz=0 cc_i_tgt=0.6500 cc_u=2.6645 cc_r=4.1118 cc_tau_ms=7.00
[   5.418] ALM
[   5.418] [ADC1] STATUS al
[   5.418] _ALM PGAH_ALM PG
[   5.418] AD_
[   5.918] [STATUS] t_ms=28058 hwm=5 cap=256 dropped=0 dropped_total=635 crc_err=0 crc_err_total=0 rate1=512 rate2=512 prod1=512 prod2=512 dac_err=0 tx_drop=62958 hb_ms=0 sma_state=6 m7_us=28892079 m4_us=26698097 vdd=5.067 offset=0.5000 aref=3.145 loop_us_avg=33 loop_us_max=4989 loop_hz=30303 cycle_log_ms=1 n_cycle=4 cc=0 cc_hz=0 cc_i_tgt=0.6500 cc_u=2.6645 cc_r=4.1118 cc_tau_ms=7.00
[   6.420] ALM
[   6.420] [ADC1] STATUS alarm(s)
[   6.420] PGAH_ALM PGAD_
[   6.922] [STATUS] t_ms=29058 hwm=4 cap=256 dropped=0 dropped_total=635 crc_err=0 crc_err_total=0 rate1=512 rate2=512 prod1=512 prod2=512 dac_err=0 tx_drop=62958 hb_ms=0 sma_state=6 m7_us=29924329 m4_us=27730350 vdd=5.067 offset=0.5000 aref=3.145 loop_us_avg=33 loop_us_max=4866 loop_hz=30303 cycle_log_ms=1 n_cycle=4 cc=0 cc_hz=0 cc_i_tgt=0.6500 cc_u=2.6645 cc_r=4.1118 cc_tau_ms=7.00
[   7.426] ALM
[   7.988] [STATUS] t_ms=30058 hwm=4 cap=256 dropped=0 dropped_total=635 crc_err=0 crc_err_total=0 rate1=512 rate2=512 prod1=512 prod2=512 dac_err=0 tx_drop=62958 hb_ms=0 sma_state=6 m7_us=30956568 m4_us=28762602 vdd=5.067 offset=0.5000 aref=3.145 loop_us_avg=33 loop_us_max=4875 loop_hz=30303 cycle_log_ms=1 n_cycle=4 cc=0 cc_hz=0 cc_i_tgt=0.6500 cc_u=2.6645 cc_r=4.1118 cc_tau_ms=7.00
[   8.432] ALM
[   8.432] [ADC
[   8.995] [STATUS] t_ms=31058 hwm=4 cap=256 dropped=0 dropped_total=635 crc_err=0 crc_err_total=0 rate1=512 rate2=512 prod1=512 prod2=512 dac_err=0 tx_drop=62958 hb_ms=0 sma_state=6 m7_us=31988816 m4_us=29794858 vdd=5.067 offset=0.5000 aref=3.145 loop_us_avg=33 loop_us_max=4871 loop_hz=30303 cycle_log_ms=1 n_cycle=4 cc=0 cc_hz=0 cc_i_tgt=0.6500 cc_u=2.6645 cc_r=4.1118 cc_tau_ms=7.00
[   9.436] ALM
[   9.436] [ADC1] STATUS a
[   9.436] larm(s): 0x4F PG
[   9.436] AL_ALM PGAH_ALM PGAD_
[  10.066] [STATUS] t_ms=32058 hwm=4 cap=256 dropped=0 dropped_total=635 crc_err=0 crc_err_total=0 rate1=512 rate2=512 prod1=512 prod2=512 dac_err=0 tx_drop=62958 hb_ms=0 sma_state=6 m7_us=33021107 m4_us=30827130 vdd=5.067 offset=0.5000 aref=3.145 loop_us_avg=33 loop_us_max=4877 loop_hz=30303 cycle_log_ms=1 n_cycle=4 cc=0 cc_hz=0 cc_i_tgt=0.6500 cc_u=2.6645 cc_r=4.1118 cc_tau_ms=7.00
[  10.446] ALM
[  10.446] [ADC1]
[  10.446] STATUS alarm(s
[  10.446] GAH_ALM PGAD_
[  11.073] [STATUS] t_ms=33058 hwm=4 cap=256 dropped=0 dropped_total=635 crc_err=0 crc_err_total=0 rate1=512 rate2=512 prod1=512 prod2=512 dac_err=0 tx_drop=62958 hb_ms=0 sma_state=6 m7_us=34053381 m4_us=31859386 vdd=5.067 offset=0.5000 aref=3.145 loop_us_avg=33 loop_us_max=4877 loop_hz=30303 cycle_log_ms=1 n_cycle=4 cc=0 cc_hz=0 cc_i_tgt=0.6500 cc_u=2.6645 cc_r=4.1118 cc_tau_ms=7.00
[  11.451] ALM
[  12.140] [STATUS] t_ms=34058 hwm=5 cap=256 dropped=0 dropped_total=635 crc_err=0 crc_err_total=0 rate1=512 rate2=512 prod1=512 prod2=512 dac_err=0 tx_drop=62958 hb_ms=0 sma_state=6 m7_us=35085617 m4_us=32891636 vdd=5.067 offset=0.5000 aref=3.145 loop_us_avg=33 loop_us_max=5029 loop_hz=30303 cycle_log_ms=1 n_cycle=4 cc=0 cc_hz=0 cc_i_tgt=0.6500 cc_u=2.6645 cc_r=4.1118 cc_tau_ms=7.00
[  12.454] ALM
[  13.150] [STATUS] t_ms=35058 hwm=4 cap=256 dropped=0 dropped_total=635 crc_err=0 crc_err_total=0 rate1=512 rate2=512 prod1=512 prod2=512 dac_err=0 tx_drop=62958 hb_ms=0 sma_state=6 m7_us=36117870 m4_us=33923886 vdd=5.067 offset=0.5000 aref=3.145 loop_us_avg=33 loop_us_max=4883 loop_hz=30303 cycle_log_ms=1 n_cycle=4 cc=0 cc_hz=0 cc_i_tgt=0.6500 cc_u=2.6645 cc_r=4.1118 cc_tau_ms=7.00
[  13.465] ALM
[  13.465] [ADC1]
[  14.155] [STATUS] t_ms=36058 hwm=5 cap=256 dropped=0 dropped_total=635 crc_err=0 crc_err_total=0 rate1=512 rate2=512 prod1=512 prod2=512 dac_err=0 tx_drop=62958 hb_ms=0 sma_state=6 m7_us=37150126 m4_us=34956148 vdd=5.067 offset=0.5000 aref=3.145 loop_us_avg=33 loop_us_max=4940 loop_hz=30303 cycle_log_ms=1 n_cycle=4 cc=0 cc_hz=0 cc_i_tgt=0.6500 cc_u=2.6645 cc_r=4.1118 cc_tau_ms=7.00
[  14.473] ALM
[  14.473] [
[  14.473] ADC1] STATUS alar
[  15.222] [STATUS] t_ms=37058 hwm=4 cap=256 dropped=0 dropped_total=635 crc_err=0 crc_err_total=0 rate1=512 rate2=512 prod1=512 prod2=512 dac_err=0 tx_drop=62958 hb_ms=0 sma_state=6 m7_us=38182339 m4_us=35988385 vdd=5.067 offset=0.5000 aref=3.145 loop_us_avg=33 loop_us_max=4871 loop_hz=30303 cycle_log_ms=1 n_cycle=4 cc=0 cc_hz=0 cc_i_tgt=0.6500 cc_u=2.6645 cc_r=4.1118 cc_tau_ms=7.00
[  15.473] ALM
[  15.473] [ADC1
[  15.473] ] STATUS alarm(s
[  15.473] PGAH_ALM PGAD_
[  16.226] [STATUS] t_ms=38058 hwm=4 cap=256 dropped=0 dropped_total=635 crc_err=0 crc_err_total=0 rate1=512 rate2=512 prod1=512 prod2=512 dac_err=0 tx_drop=62958 hb_ms=0 sma_state=6 m7_us=39214677 m4_us=37020666 vdd=5.067 offset=0.5000 aref=3.145 loop_us_avg=33 loop_us_max=4864 loop_hz=30303 cycle_log_ms=1 n_cycle=4 cc=0 cc_hz=0 cc_i_tgt=0.6500 cc_u=2.6645 cc_r=4.1118 cc_tau_ms=7.00
[  16.477] ALM
[  16.477] [ADC1] STATUS
[  16.477] alarm(s): 0xF PG
[  16.477] AL_ALM PGAH_ALM P
[  16.477] GAD_
[  17.294] [STATUS] t_ms=39058 hwm=5 cap=256 dropped=0 dropped_total=635 crc_err=0 crc_err_total=0 rate1=512 rate2=512 prod1=512 prod2=512 dac_err=0 tx_drop=62958 hb_ms=0 sma_state=6 m7_us=40247000 m4_us=38052948 vdd=5.067 offset=0.5000 aref=3.145 loop_us_avg=33 loop_us_max=4911 loop_hz=30303 cycle_log_ms=1 n_cycle=4 cc=0 cc_hz=0 cc_i_tgt=0.6500 cc_u=2.6645 cc_r=4.1118 cc_tau_ms=7.00
[  17.482] ALM
[  18.302] [STATUS] t_ms=40058 hwm=5 cap=256 dropped=0 dropped_total=635 crc_err=0 crc_err_total=0 rate1=512 rate2=512 prod1=512 prod2=512 dac_err=0 tx_drop=62958 hb_ms=0 sma_state=6 m7_us=41279134 m4_us=39085166 vdd=5.067 offset=0.5000 aref=3.145 loop_us_avg=33 loop_us_max=4963 loop_hz=30303 cycle_log_ms=1 n_cycle=4 cc=0 cc_hz=0 cc_i_tgt=0.6500 cc_u=2.6645 cc_r=4.1118 cc_tau_ms=7.00
[  18.492] ALM
[  18.492] [ADC1]
[  19.303] [STATUS] t_ms=41058 hwm=4 cap=256 dropped=0 dropped_total=635 crc_err=0 crc_err_total=0 rate1=512 rate2=512 prod1=512 prod2=512 dac_err=0 tx_drop=62958 hb_ms=0 sma_state=6 m7_us=42311359 m4_us=40117399 vdd=5.067 offset=0.5000 aref=3.145 loop_us_avg=33 loop_us_max=4892 loop_hz=30303 cycle_log_ms=1 n_cycle=4 cc=0 cc_hz=0 cc_i_tgt=0.6500 cc_u=2.6645 cc_r=4.1118 cc_tau_ms=7.00
[  19.492] ALM
[  19.492] [
[  19.492] ADC1] STATUS ala
[  20.370] [STATUS] t_ms=42058 hwm=4 cap=256 dropped=0 dropped_total=635 crc_err=0 crc_err_total=0 rate1=512 rate2=512 prod1=512 prod2=512 dac_err=0 tx_drop=62958 hb_ms=0 sma_state=6 m7_us=43343641 m4_us=41149678 vdd=5.067 offset=0.5000 aref=3.145 loop_us_avg=33 loop_us_max=4866 loop_hz=30303 cycle_log_ms=1 n_cycle=4 cc=0 cc_hz=0 cc_i_tgt=0.6500 cc_u=2.6645 cc_r=4.1118 cc_tau_ms=7.00
[  20.495] ALM
[  20.495] [ADC1
[  20.495] ] STATUS alarm(s
[  20.495] GAH_ALM PGAD_
[  21.374] [STATUS] t_ms=43058 hwm=5 cap=256 dropped=0 dropped_total=635 crc_err=0 crc_err_total=0 rate1=512 rate2=512 prod1=512 prod2=512 dac_err=0 tx_drop=62958 hb_ms=0 sma_state=6 m7_us=44375924 m4_us=42181937 vdd=5.067 offset=0.5000 aref=3.145 loop_us_avg=33 loop_us_max=4952 loop_hz=30303 cycle_log_ms=1 n_cycle=4 cc=0 cc_hz=0 cc_i_tgt=0.6500 cc_u=2.6645 cc_r=4.1118 cc_tau_ms=7.00
[  21.501] ALM
[  21.501] [ADC1] STATUS alar
[  21.501] _ALM PGAH_ALM PG
[  21.501] AD_
[  22.440] [STATUS] t_ms=44058 hwm=4 cap=256 dropped=0 dropped_total=635 crc_err=0 crc_err_total=0 rate1=512 rate2=512 prod1=512 prod2=512 dac_err=0 tx_drop=62958 hb_ms=0 sma_state=6 m7_us=45408153 m4_us=43214190 vdd=5.067 offset=0.5000 aref=3.145 loop_us_avg=33 loop_us_max=4879 loop_hz=30303 cycle_log_ms=1 n_cycle=4 cc=0 cc_hz=0 cc_i_tgt=0.6500 cc_u=2.6645 cc_r=4.1118 cc_tau_ms=7.00
[  22.565] ALM
[  22.565] ALM PGAD_
[  23.445] [STATUS] t_ms=45058 hwm=4 cap=256 dropped=0 dropped_total=635 crc_err=0 crc_err_total=0 rate1=512 rate2=512 prod1=512 prod2=512 dac_err=0 tx_drop=62958 hb_ms=0 sma_state=6 m7_us=46440379 m4_us=44246423 vdd=5.067 offset=0.5000 aref=3.145 loop_us_avg=33 loop_us_max=4878 loop_hz=30303 cycle_log_ms=1 n_cycle=4 cc=0 cc_hz=0 cc_i_tgt=0.6500 cc_u=2.6645 cc_r=4.1118 cc_tau_ms=7.00
[  23.572] ALM
[  24.519] [STATUS] t_ms=46058 hwm=4 cap=256 dropped=0 dropped_total=635 crc_err=0 crc_err_total=0 rate1=512 rate2=512 prod1=512 prod2=512 dac_err=0 tx_drop=62958 hb_ms=0 sma_state=6 m7_us=47472693 m4_us=45278708 vdd=5.067 offset=0.5000 aref=3.145 loop_us_avg=33 loop_us_max=4861 loop_hz=30303 cycle_log_ms=1 n_cycle=4 cc=0 cc_hz=0 cc_i_tgt=0.6500 cc_u=2.6645 cc_r=4.1118 cc_tau_ms=7.00
[  24.582] ALM
[  24.582] [AD
[  24.582] C1] STATUS alarm
[  25.528] [STATUS] t_ms=47058 hwm=4 cap=256 dropped=0 dropped_total=635 crc_err=0 crc_err_total=0 rate1=512 rate2=512 prod1=512 prod2=512 dac_err=0 tx_drop=62958 hb_ms=0 sma_state=6 m7_us=48504999 m4_us=46311025 vdd=5.067 offset=0.5000 aref=3.145 loop_us_avg=33 loop_us_max=4876 loop_hz=30303 cycle_log_ms=1 n_cycle=4 cc=0 cc_hz=0 cc_i_tgt=0.6500 cc_u=2.6645 cc_r=4.1118 cc_tau_ms=7.00
[  25.590] AL
[  25.590] M
[  25.590] [ADC1] STATUS
[  25.590] alarm(s): 0xCF
[  25.590] LM PGAD_
[  26.533] [STATUS] t_ms=48058 hwm=4 cap=256 dropped=0 dropped_total=635 crc_err=0 crc_err_total=0 rate1=512 rate2=512 prod1=512 prod2=512 dac_err=0 tx_drop=62958 hb_ms=0 sma_state=6 m7_us=49537269 m4_us=47343310 vdd=5.067 offset=0.5000 aref=3.145 loop_us_avg=33 loop_us_max=4852 loop_hz=30303 cycle_log_ms=1 n_cycle=4 cc=0 cc_hz=0 cc_i_tgt=0.6500 cc_u=2.6645 cc_r=4.1118 cc_tau_ms=7.00
[  26.595] ALM
[  26.595] [ADC
[  26.595] 1] STATUS alarm(s
[  26.595] GAH_ALM PGAD_
[  27.598] ALM
[  27.598] [ADC1] STATUS a
[  27.598] larm(s): 0xCF P
[  27.598] GAL_ALM PGAH_ALM P
[  27.598] GAD_
[  27.598] [STATUS] t_ms=49058 hwm=4 cap=256 dropped=0 dropped_total=635 crc_err=0 crc_err_total=0 rate1=512 rate2=512 prod1=512 prod2=512 dac_err=0 tx_drop=62958 hb_ms=0 sma_state=6 m7_us=50569556 m4_us=48375598 vdd=5.067 offset=0.5000 aref=3.145 loop_us_avg=33 loop_us_max=4860 loop_hz=30303 cycle_log_ms=1 n_cycle=4 cc=0 cc_hz=0 cc_i_tgt=0.6500 cc_u=2.6645 cc_r=4.1118 cc_tau_ms=7.00
[  28.609] ALM
[  28.609] [ADC1] STATUS al
[  28.609] arm(s): 0xCF PGA
[  28.609] L_ALM PGAH_ALM P
[  28.609] GAD_
[  28.609] [STATUS] t_ms=50058 hwm=4 cap=256 dropped=0 dropped_total=635 crc_err=0 crc_err_total=0 rate1=512 rate2=512 prod1=512 prod2=512 dac_err=0 tx_drop=62958 hb_ms=0 sma_state=6 m7_us=51601868 m4_us=49407889 vdd=5.067 offset=0.5000 aref=3.145 loop_us_avg=33 loop_us_max=4861 loop_hz=30303 cycle_log_ms=1 n_cycle=4 cc=0 cc_hz=0 cc_i_tgt=0.6500 cc_u=2.6645 cc_r=4.1118 cc_tau_ms=7.00
[  29.612] ALM
[  29.674] [STATUS] t_ms=51058 hwm=4 cap=256 dropped=0 dropped_total=635 crc_err=0 crc_err_total=0 rate1=512 rate2=512 prod1=512 prod2=512 dac_err=0 tx_drop=62958 hb_ms=0 sma_state=6 m7_us=52634169 m4_us=50440199 vdd=5.067 offset=0.5000 aref=3.145 loop_us_avg=33 loop_us_max=4896 loop_hz=30303 cycle_log_ms=1 n_cycle=4 cc=0 cc_hz=0 cc_i_tgt=0.6500 cc_u=2.6645 cc_r=4.1118 cc_tau_ms=7.00
[  30.620] ALM
[  30.683] [STATUS] t_ms=52058 hwm=4 cap=256 dropped=0 dropped_total=635 crc_err=0 crc_err_total=0 rate1=512 rate2=512 prod1=512 prod2=512 dac_err=0 tx_drop=62958 hb_ms=0 sma_state=6 m7_us=53666480 m4_us=51472510 vdd=5.067 offset=0.5000 aref=3.145 loop_us_avg=33 loop_us_max=4866 loop_hz=30303 cycle_log_ms=1 n_cycle=4 cc=0 cc_hz=0 cc_i_tgt=0.6500 cc_u=2.6645 cc_r=4.1118 cc_tau_ms=7.00
[  31.437] [SMA] [ACT] heat n=2/2 I=650.0mA ms=300
[  31.626] ALM
[  31.752] [STATUS] t_ms=53058 hwm=4 cap=256 dropped=0 dropped_total=635 crc_err=0 crc_err_total=0 rate1=512 rate2=512 prod1=512 prod2=512 dac_err=0 tx_drop=62958 hb_ms=0 sma_state=5 m7_us=54699387 m4_us=52504794 vdd=5.067 offset=0.5000 aref=3.145 loop_us_avg=41 loop_us_max=4862 loop_hz=24390 cycle_log_ms=1 n_cycle=4 cc=1 cc_hz=301 cc_i_tgt=0.6500 cc_u=2.7040 cc_r=4.1851 cc_tau_ms=7.00
[  31.752] [SMA] [ACT] cool n=2/2 I=0.0mA ms=30000
[  32.632] ALM
[  32.755] [STATUS] t_ms=54058 hwm=5 cap=256 dropped=0 dropped_total=635 crc_err=0 crc_err_total=0 rate1=512 rate2=512 prod1=512 prod2=512 dac_err=0 tx_drop=62958 hb_ms=0 sma_state=6 m7_us=55731272 m4_us=53537060 vdd=5.067 offset=0.5000 aref=3.145 loop_us_avg=33 loop_us_max=5282 loop_hz=30303 cycle_log_ms=1 n_cycle=4 cc=0 cc_hz=3 cc_i_tgt=0.6500 cc_u=2.7267 cc_r=4.1890 cc_tau_ms=7.00
[  33.632] ALM
[  33.757] [STATUS] t_ms=55058 hwm=5 cap=256 dropped=0 dropped_total=635 crc_err=0 crc_err_total=0 rate1=512 rate2=512 prod1=512 prod2=512 dac_err=0 tx_drop=62958 hb_ms=0 sma_state=6 m7_us=56763293 m4_us=54569338 vdd=5.067 offset=0.5000 aref=3.145 loop_us_avg=33 loop_us_max=4876 loop_hz=30303 cycle_log_ms=1 n_cycle=4 cc=0 cc_hz=0 cc_i_tgt=0.6500 cc_u=2.7267 cc_r=4.1890 cc_tau_ms=7.00
[  34.643] ALM
[  34.643] M PGAH_ALM PGAD_
[  34.831] [STATUS] t_ms=56058 hwm=4 cap=256 dropped=0 dropped_total=635 crc_err=0 crc_err_total=0 rate1=512 rate2=512 prod1=512 prod2=512 dac_err=0 tx_drop=62958 hb_ms=0 sma_state=6 m7_us=57795657 m4_us=55601681 vdd=5.067 offset=0.5000 aref=3.145 loop_us_avg=33 loop_us_max=4860 loop_hz=30303 cycle_log_ms=1 n_cycle=4 cc=0 cc_hz=0 cc_i_tgt=0.6500 cc_u=2.7267 cc_r=4.1890 cc_tau_ms=7.00
[  35.653] ALM
[  35.842] [STATUS] t_ms=57058 hwm=4 cap=256 dropped=0 dropped_total=635 crc_err=0 crc_err_total=0 rate1=512 rate2=512 prod1=512 prod2=512 dac_err=0 tx_drop=62958 hb_ms=0 sma_state=6 m7_us=58827945 m4_us=56633978 vdd=5.067 offset=0.5000 aref=3.145 loop_us_avg=33 loop_us_max=4864 loop_hz=30303 cycle_log_ms=1 n_cycle=4 cc=0 cc_hz=0 cc_i_tgt=0.6500 cc_u=2.7267 cc_r=4.1890 cc_tau_ms=7.00
[  36.662] ALM
[  36.662] [AD
[  36.662] C1] STATUS alarm
[  36.852] [STATUS] t_ms=58058 hwm=4 cap=256 dropped=0 dropped_total=635 crc_err=0 crc_err_total=0 rate1=512 rate2=512 prod1=512 prod2=512 dac_err=0 tx_drop=62958 hb_ms=0 sma_state=6 m7_us=59860204 m4_us=57666244 vdd=5.067 offset=0.5000 aref=3.145 loop_us_avg=33 loop_us_max=4852 loop_hz=30303 cycle_log_ms=1 n_cycle=4 cc=0 cc_hz=0 cc_i_tgt=0.6500 cc_u=2.7267 cc_r=4.1890 cc_tau_ms=7.00
[  37.669] ALM
[  37.669] [ADC1] S
[  37.669] TATUS alarm(s):
[  37.669] AH_ALM PGAD
[  37.919] [STATUS] t_ms=59058 hwm=4 cap=256 dropped=0 dropped_total=635 crc_err=0 crc_err_total=0 rate1=512 rate2=512 prod1=512 prod2=512 dac_err=0 tx_drop=62958 hb_ms=0 sma_state=6 m7_us=60892552 m4_us=58698561 vdd=5.067 offset=0.5000 aref=3.145 loop_us_avg=33 loop_us_max=4862 loop_hz=30303 cycle_log_ms=1 n_cycle=4 cc=0 cc_hz=0 cc_i_tgt=0.6500 cc_u=2.7267 cc_r=4.1890 cc_tau_ms=7.00
[  38.678] _ALM
[  38.678] [ADC1] STATUS a
[  38.678] larm(s): 0xCF PG
[  38.678] AL_ALM PGAH_ALM
[  38.678] PGAD
[  38.929] [STATUS] t_ms=60058 hwm=4 cap=256 dropped=0 dropped_total=635 crc_err=0 crc_err_total=0 rate1=512 rate2=512 prod1=512 prod2=512 dac_err=0 tx_drop=62958 hb_ms=0 sma_state=6 m7_us=61924784 m4_us=59730826 vdd=5.067 offset=0.5000 aref=3.145 loop_us_avg=33 loop_us_max=4864 loop_hz=30303 cycle_log_ms=1 n_cycle=4 cc=0 cc_hz=0 cc_i_tgt=0.6500 cc_u=2.7267 cc_r=4.1890 cc_tau_ms=7.00
[  39.683] _ALM
[  39.999] [STATUS] t_ms=61058 hwm=4 cap=256 dropped=0 dropped_total=635 crc_err=0 crc_err_total=0 rate1=512 rate2=512 prod1=512 prod2=512 dac_err=0 tx_drop=62958 hb_ms=0 sma_state=6 m7_us=62957001 m4_us=60763028 vdd=5.067 offset=0.5000 aref=3.145 loop_us_avg=33 loop_us_max=4870 loop_hz=30303 cycle_log_ms=1 n_cycle=4 cc=0 cc_hz=0 cc_i_tgt=0.6500 cc_u=2.7267 cc_r=4.1890 cc_tau_ms=7.00
[  40.692] _ALM
[  40.692] [ADC1] STATUS
[  41.008] [STATUS] t_ms=62058 hwm=5 cap=256 dropped=0 dropped_total=635 crc_err=0 crc_err_total=0 rate1=512 rate2=512 prod1=512 prod2=512 dac_err=0 tx_drop=62958 hb_ms=0 sma_state=6 m7_us=63989197 m4_us=61795217 vdd=5.067 offset=0.5000 aref=3.145 loop_us_avg=33 loop_us_max=4892 loop_hz=30303 cycle_log_ms=1 n_cycle=4 cc=0 cc_hz=0 cc_i_tgt=0.6500 cc_u=2.7267 cc_r=4.1890 cc_tau_ms=7.00
[  41.692] _ALM
[  41.692] [ADC1] STATUS
[  41.692] alarm(s): 0xCF PG
[  41.692] AL_ALM PGAH_ALM PGAD
[  42.073] [STATUS] t_ms=63058 hwm=5 cap=256 dropped=0 dropped_total=635 crc_err=0 crc_err_total=0 rate1=512 rate2=512 prod1=512 prod2=512 dac_err=0 tx_drop=62958 hb_ms=0 sma_state=6 m7_us=65021412 m4_us=62827450 vdd=5.067 offset=0.5000 aref=3.145 loop_us_avg=33 loop_us_max=4955 loop_hz=30303 cycle_log_ms=1 n_cycle=4 cc=0 cc_hz=0 cc_i_tgt=0.6500 cc_u=2.7267 cc_r=4.1890 cc_tau_ms=7.00
[  42.700] _ALM
[  42.700] [ADC1] STATUS a
[  42.700] larm(s): 0xCF PGA
[  42.700] L_ALM PGAH_ALM PGAD
[  43.075] [STATUS] t_ms=64058 hwm=4 cap=256 dropped=0 dropped_total=635 crc_err=0 crc_err_total=0 rate1=512 rate2=512 prod1=512 prod2=512 dac_err=0 tx_drop=62958 hb_ms=0 sma_state=6 m7_us=66053686 m4_us=63859710 vdd=5.067 offset=0.5000 aref=3.145 loop_us_avg=33 loop_us_max=4870 loop_hz=30303 cycle_log_ms=1 n_cycle=4 cc=0 cc_hz=0 cc_i_tgt=0.6500 cc_u=2.7267 cc_r=4.1890 cc_tau_ms=7.00
[  43.700] _ALM
[  43.700] [A
[  43.700] DC1] STATUS alarm
[  43.700] ALM PGAH_ALM PG
[  43.700] AD
[  44.137] [STATUS] t_ms=65058 hwm=4 cap=256 dropped=0 dropped_total=635 crc_err=0 crc_err_total=0 rate1=512 rate2=512 prod1=512 prod2=512 dac_err=0 tx_drop=62958 hb_ms=0 sma_state=6 m7_us=67086040 m4_us=64891982 vdd=5.067 offset=0.5000 aref=3.145 loop_us_avg=33 loop_us_max=4867 loop_hz=30303 cycle_log_ms=1 n_cycle=4 cc=0 cc_hz=0 cc_i_tgt=0.6500 cc_u=2.7267 cc_r=4.1890 cc_tau_ms=7.00
[  44.696] _ALM
[  45.141] [STATUS] t_ms=66058 hwm=5 cap=256 dropped=0 dropped_total=635 crc_err=0 crc_err_total=0 rate1=512 rate2=512 prod1=512 prod2=512 dac_err=0 tx_drop=62958 hb_ms=0 sma_state=6 m7_us=68118319 m4_us=65924260 vdd=5.067 offset=0.5000 aref=3.145 loop_us_avg=33 loop_us_max=5068 loop_hz=30303 cycle_log_ms=1 n_cycle=4 cc=0 cc_hz=0 cc_i_tgt=0.6500 cc_u=2.7267 cc_r=4.1890 cc_tau_ms=7.00
[  45.708] _A
[  45.708] [ADC1] STAT
[  46.151] [STATUS] t_ms=67058 hwm=5 cap=256 dropped=0 dropped_total=635 crc_err=0 crc_err_total=0 rate1=512 rate2=512 prod1=512 prod2=512 dac_err=0 tx_drop=62958 hb_ms=0 sma_state=6 m7_us=69150492 m4_us=66956529 vdd=5.067 offset=0.5000 aref=3.145 loop_us_avg=33 loop_us_max=4943 loop_hz=30303 cycle_log_ms=1 n_cycle=4 cc=0 cc_hz=0 cc_i_tgt=0.6500 cc_u=2.7267 cc_r=4.1890 cc_tau_ms=7.00
[  46.719] _ALM
[  46.719] [AD
[  46.719] C1] STATUS alarm(s
[  47.222] [STATUS] t_ms=68058 hwm=4 cap=256 dropped=0 dropped_total=635 crc_err=0 crc_err_total=0 rate1=512 rate2=512 prod1=512 prod2=512 dac_err=0 tx_drop=62958 hb_ms=0 sma_state=6 m7_us=70182749 m4_us=67988778 vdd=5.067 offset=0.5000 aref=3.145 loop_us_avg=33 loop_us_max=4861 loop_hz=30303 cycle_log_ms=1 n_cycle=4 cc=0 cc_hz=0 cc_i_tgt=0.6500 cc_u=2.7267 cc_r=4.1890 cc_tau_ms=7.00
[  47.722] _ALM
[  47.722] [ADC1
[  47.722] ] STATUS alarm(s
[  47.722] M PGAH_ALM PGAD
[  48.225] [STATUS] t_ms=69058 hwm=4 cap=256 dropped=0 dropped_total=635 crc_err=0 crc_err_total=0 rate1=512 rate2=512 prod1=512 prod2=512 dac_err=0 tx_drop=62958 hb_ms=0 sma_state=6 m7_us=71215051 m4_us=69021076 vdd=5.067 offset=0.5000 aref=3.145 loop_us_avg=33 loop_us_max=4861 loop_hz=30303 cycle_log_ms=1 n_cycle=4 cc=0 cc_hz=0 cc_i_tgt=0.6500 cc_u=2.7267 cc_r=4.1890 cc_tau_ms=7.00
[  48.727] _ALM
[  48.727] [A
[  48.727] DC1] STATUS alar
[  48.727] _ALM PGAH_ALM PG
[  48.727] AD
[  49.295] [STATUS] t_ms=70058 hwm=4 cap=256 dropped=0 dropped_total=635 crc_err=0 crc_err_total=0 rate1=512 rate2=512 prod1=512 prod2=512 dac_err=0 tx_drop=62958 hb_ms=0 sma_state=6 m7_us=72247347 m4_us=70053367 vdd=5.067 offset=0.5000 aref=3.145 loop_us_avg=33 loop_us_max=4863 loop_hz=30303 cycle_log_ms=1 n_cycle=4 cc=0 cc_hz=0 cc_i_tgt=0.6500 cc_u=2.7267 cc_r=4.1890 cc_tau_ms=7.00
[  49.734] _ALM
[  49.734] PGAH_ALM PGAD
[  50.305] [STATUS] t_ms=71058 hwm=4 cap=256 dropped=0 dropped_total=635 crc_err=0 crc_err_total=0 rate1=512 rate2=512 prod1=512 prod2=512 dac_err=0 tx_drop=62958 hb_ms=0 sma_state=6 m7_us=73279629 m4_us=71085636 vdd=5.067 offset=0.5000 aref=3.145 loop_us_avg=33 loop_us_max=4870 loop_hz=30303 cycle_log_ms=1 n_cycle=4 cc=0 cc_hz=0 cc_i_tgt=0.6500 cc_u=2.7267 cc_r=4.1890 cc_tau_ms=7.00
[  50.745] _ALM
[  51.309] [STATUS] t_ms=72058 hwm=4 cap=256 dropped=0 dropped_total=635 crc_err=0 crc_err_total=0 rate1=512 rate2=512 prod1=512 prod2=512 dac_err=0 tx_drop=62958 hb_ms=0 sma_state=6 m7_us=74311861 m4_us=72117892 vdd=5.067 offset=0.5000 aref=3.145 loop_us_avg=33 loop_us_max=4861 loop_hz=30303 cycle_log_ms=1 n_cycle=4 cc=0 cc_hz=0 cc_i_tgt=0.6500 cc_u=2.7267 cc_r=4.1890 cc_tau_ms=7.00
[  51.746] _ALM
[  51.746] [ADC1] STATUS
[  52.376] [STATUS] t_ms=73058 hwm=4 cap=256 dropped=0 dropped_total=635 crc_err=0 crc_err_total=0 rate1=512 rate2=512 prod1=512 prod2=512 dac_err=0 tx_drop=62958 hb_ms=0 sma_state=6 m7_us=75344145 m4_us=73150167 vdd=5.067 offset=0.5000 aref=3.145 loop_us_avg=33 loop_us_max=4862 loop_hz=30303 cycle_log_ms=1 n_cycle=4 cc=0 cc_hz=0 cc_i_tgt=0.6500 cc_u=2.7267 cc_r=4.1890 cc_tau_ms=7.00
[  52.756] _ALM
[  52.756] [AD
[  52.756] C1] STATUS alarm(
[  52.756] LM PGAH_ALM PGAD
[  53.385] [STATUS] t_ms=74058 hwm=4 cap=256 dropped=0 dropped_total=635 crc_err=0 crc_err_total=0 rate1=512 rate2=512 prod1=512 prod2=512 dac_err=0 tx_drop=62958 hb_ms=0 sma_state=6 m7_us=76376403 m4_us=74182430 vdd=5.067 offset=0.5000 aref=3.145 loop_us_avg=33 loop_us_max=4858 loop_hz=30303 cycle_log_ms=1 n_cycle=4 cc=0 cc_hz=0 cc_i_tgt=0.6500 cc_u=2.7267 cc_r=4.1890 cc_tau_ms=7.00
[  53.759] _ALM
[  53.759] [ADC1] STATUS ala
[  53.759] ALM PGAH_ALM PG
[  53.759] AD
[  54.453] [STATUS] t_ms=75058 hwm=4 cap=256 dropped=0 dropped_total=635 crc_err=0 crc_err_total=0 rate1=512 rate2=512 prod1=512 prod2=512 dac_err=0 tx_drop=62958 hb_ms=0 sma_state=6 m7_us=77408670 m4_us=75214702 vdd=5.067 offset=0.5000 aref=3.145 loop_us_avg=33 loop_us_max=4851 loop_hz=30303 cycle_log_ms=1 n_cycle=4 cc=0 cc_hz=0 cc_i_tgt=0.6500 cc_u=2.7267 cc_r=4.1890 cc_tau_ms=7.00
[  54.766] _ALM
[  54.766] [ADC1] STATUS a
[  54.766] larm(s): 0xCF PG
[  54.766] AL_ALM PGAH_ALM
[  54.766] PGAD
[  55.457] [STATUS] t_ms=76058 hwm=4 cap=256 dropped=0 dropped_total=635 crc_err=0 crc_err_total=0 rate1=512 rate2=512 prod1=512 prod2=512 dac_err=0 tx_drop=62958 hb_ms=0 sma_state=6 m7_us=78440969 m4_us=76247006 vdd=5.067 offset=0.5000 aref=3.145 loop_us_avg=33 loop_us_max=4857 loop_hz=30303 cycle_log_ms=1 n_cycle=4 cc=0 cc_hz=0 cc_i_tgt=0.6500 cc_u=2.7267 cc_r=4.1890 cc_tau_ms=7.00
[  55.774] _ALM
[  56.467] [STATUS] t_ms=77058 hwm=4 cap=256 dropped=0 dropped_total=635 crc_err=0 crc_err_total=0 rate1=512 rate2=512 prod1=512 prod2=512 dac_err=0 tx_drop=62958 hb_ms=0 sma_state=6 m7_us=79473265 m4_us=77279287 vdd=5.067 offset=0.5000 aref=3.145 loop_us_avg=33 loop_us_max=4861 loop_hz=30303 cycle_log_ms=1 n_cycle=4 cc=0 cc_hz=0 cc_i_tgt=0.6500 cc_u=2.7267 cc_r=4.1890 cc_tau_ms=7.00
[  56.783] _ALM
[  56.783] [
[  56.783] ADC1] STATUS alarm
[  57.538] [STATUS] t_ms=78058 hwm=4 cap=256 dropped=0 dropped_total=635 crc_err=0 crc_err_total=0 rate1=512 rate2=512 prod1=512 prod2=512 dac_err=0 tx_drop=62958 hb_ms=0 sma_state=6 m7_us=80505502 m4_us=78311543 vdd=5.067 offset=0.5000 aref=3.145 loop_us_avg=33 loop_us_max=4888 loop_hz=30303 cycle_log_ms=1 n_cycle=4 cc=0 cc_hz=0 cc_i_tgt=0.6500 cc_u=2.7267 cc_r=4.1890 cc_tau_ms=7.00
[  57.790] _ALM
[  57.790] [ADC1] STATUS a
[  57.790] larm(s): 0xCF PG
[  57.790] AL_ALM PGAH_ALM PGAD
[  58.544] [STATUS] t_ms=79058 hwm=4 cap=256 dropped=0 dropped_total=635 crc_err=0 crc_err_total=0 rate1=512 rate2=512 prod1=512 prod2=512 dac_err=0 tx_drop=62958 hb_ms=0 sma_state=6 m7_us=81537813 m4_us=79343838 vdd=5.067 offset=0.5000 aref=3.145 loop_us_avg=33 loop_us_max=4870 loop_hz=30303 cycle_log_ms=1 n_cycle=4 cc=0 cc_hz=0 cc_i_tgt=0.6500 cc_u=2.7267 cc_r=4.1890 cc_tau_ms=7.00
[  58.855] _A
[  58.855] [ADC1] STATU
[  58.855] S alarm(s): 0xCF P
[  58.855] GAL_ALM PGAH_AL
[  58.855] M PGAD
[  59.606] [STATUS] t_ms=80058 hwm=4 cap=256 dropped=0 dropped_total=635 crc_err=0 crc_err_total=0 rate1=512 rate2=512 prod1=512 prod2=512 dac_err=0 tx_drop=62958 hb_ms=0 sma_state=6 m7_us=82570033 m4_us=80376065 vdd=5.067 offset=0.5000 aref=3.145 loop_us_avg=33 loop_us_max=4851 loop_hz=30303 cycle_log_ms=1 n_cycle=4 cc=0 cc_hz=0 cc_i_tgt=0.6500 cc_u=2.7267 cc_r=4.1890 cc_tau_ms=7.00
[  59.856] _ALM
[  59.856] ALM PGAD
[  60.608] [STATUS] t_ms=81058 hwm=5 cap=256 dropped=0 dropped_total=635 crc_err=0 crc_err_total=0 rate1=512 rate2=512 prod1=512 prod2=512 dac_err=0 tx_drop=62958 hb_ms=0 sma_state=6 m7_us=83602261 m4_us=81408292 vdd=5.067 offset=0.5000 aref=3.145 loop_us_avg=33 loop_us_max=4973 loop_hz=30303 cycle_log_ms=1 n_cycle=4 cc=0 cc_hz=0 cc_i_tgt=0.6500 cc_u=2.7267 cc_r=4.1890 cc_tau_ms=7.00
[  60.860] _ALM
[  61.677] [STATUS] t_ms=82058 hwm=4 cap=256 dropped=0 dropped_total=635 crc_err=0 crc_err_total=0 rate1=512 rate2=512 prod1=512 prod2=512 dac_err=0 tx_drop=62958 hb_ms=0 sma_state=6 m7_us=84634485 m4_us=82440516 vdd=5.067 offset=0.5000 aref=3.145 loop_us_avg=33 loop_us_max=4880 loop_hz=30303 cycle_log_ms=1 n_cycle=4 cc=0 cc_hz=0 cc_i_tgt=0.6500 cc_u=2.7267 cc_r=4.1890 cc_tau_ms=7.00
[  61.864] _ALM
[  61.864] [ADC1] STATUS al
[  62.677] [STATUS] t_ms=83058 hwm=4 cap=256 dropped=0 dropped_total=635 crc_err=0 crc_err_total=0 rate1=512 rate2=512 prod1=512 prod2=512 dac_err=0 tx_drop=62958 hb_ms=0 sma_state=6 m7_us=85666702 m4_us=83472737 vdd=5.067 offset=0.5000 aref=3.145 loop_us_avg=33 loop_us_max=4861 loop_hz=30303 cycle_log_ms=1 n_cycle=4 cc=0 cc_hz=0 cc_i_tgt=0.6500 cc_u=2.7267 cc_r=4.1890 cc_tau_ms=7.00
[  62.677] [SMA] [ACT] -> idle (done) after 2 cycle(s); still armed
[  62.868] _A
[  62.868] [ADC1] STATUS
[  62.868] alarm(s): 0xCF
[  62.868] LM PGAD
