[   0.063] [SMA] VDD_MCP=5.067 V -> range 0.500 - 5.567 V
[   0.063] [SMA] V_OFFSET=0.5000 V
[   0.063] [STATUS] t_ms=12768 hwm=256 cap=256 dropped=673 dropped_total=673 crc_err=0 crc_err_total=0 rate1=282 rate2=282 prod1=334 prod2=333 dac_err=0 tx_drop=173806 hb_ms=0 sma_state=0 m7_us=13123343 m4_us=10055590 vdd=5.067 offset=0.5000 aref=3.145 loop_us_avg=39 loop_us_max=937987 loop_hz=25641 cycle_log_ms=1 n_cycle=4 cc=0 cc_hz=0 cc_i_tgt=0.0000 cc_u=0.0000 cc_r=0.0000 cc_tau_ms=7.00
[   0.063] [SMA] ISENSE_OFFSET=0.0167 V
[   0.063] [SMA] ARMED (MOSFET on); idle=0.500 V
[   0.063] [SMA] [CC] start i_high=550.0mA i_low=100.0mA t_high=100 t_idle=12000 n=3 (0=cont) tau_ms=7.0 wdt_ms=5000
[   0.063] [SMA] [ACT] heat n=1/3 I=550.0mA ms=100
[   0.127] [SMA] [ACT] cool n=1/3 I=100.0mA ms=12000
[   1.076] [STATUS] t_ms=13768 hwm=195 cap=256 dropped=0 dropped_total=673 crc_err=0 crc_err_total=0 rate1=608 rate2=605 prod1=512 prod2=512 dac_err=0 tx_drop=173806 hb_ms=0 sma_state=6 m7_us=14156687 m4_us=11962803 vdd=5.067 offset=0.5000 aref=3.145 loop_us_avg=92 loop_us_max=4833 loop_hz=10869 cycle_log_ms=1 n_cycle=4 cc=1 cc_hz=1018 cc_i_tgt=0.1000 cc_u=0.5000 cc_r=4.9874 cc_tau_ms=7.00
[   1.204] [ADC1] STA
[   1.204] TUS alarm(s): 0x89
[   2.089] [STATUS] t_ms=14768 hwm=3 cap=256 dropped=0 dropped_total=673 crc_err=0 crc_err_total=0 rate1=512 rate2=513 prod1=512 prod2=513 dac_err=0 tx_drop=173806 hb_ms=0 sma_state=6 m7_us=15190351 m4_us=12997185 vdd=5.067 offset=0.5000 aref=3.145 loop_us_avg=93 loop_us_max=2768 loop_hz=10752 cycle_log_ms=1 n_cycle=4 cc=1 cc_hz=1029 cc_i_tgt=0.1000 cc_u=0.5120 cc_r=5.0289 cc_tau_ms=7.00
[   3.104] [STATUS] t_ms=15768 hwm=2 cap=256 dropped=0 dropped_total=673 crc_err=0 crc_err_total=0 rate1=512 rate2=512 prod1=512 prod2=512 dac_err=0 tx_drop=173806 hb_ms=0 sma_state=6 m7_us=16223692 m4_us=14030593 vdd=5.067 offset=0.5000 aref=3.145 loop_us_avg=92 loop_us_max=2604 loop_hz=10869 cycle_log_ms=1 n_cycle=4 cc=1 cc_hz=1029 cc_i_tgt=0.1000 cc_u=0.5150 cc_r=5.0817 cc_tau_ms=7.00
[   4.182] [STATUS] t_ms=16768 hwm=2 cap=256 dropped=0 dropped_total=673 crc_err=0 crc_err_total=0 rate1=512 rate2=511 prod1=512 prod2=511 dac_err=0 tx_drop=173806 hb_ms=0 sma_state=6 m7_us=17256224 m4_us=15062970 vdd=5.067 offset=0.5000 aref=3.145 loop_us_avg=92 loop_us_max=2566 loop_hz=10869 cycle_log_ms=1 n_cycle=4 cc=1 cc_hz=1029 cc_i_tgt=0.1000 cc_u=0.5017 cc_r=5.1495 cc_tau_ms=7.00
[   4.245] [AD
[   4.245] C1] STATUS alarm(s)
[   5.198] [STATUS] t_ms=17768 hwm=2 cap=256 dropped=0 dropped_total=673 crc_err=0 crc_err_total=0 rate1=512 rate2=513 prod1=512 prod2=513 dac_err=0 tx_drop=173806 hb_ms=0 sma_state=6 m7_us=18290610 m4_us=16097371 vdd=5.067 offset=0.5000 aref=3.145 loop_us_avg=93 loop_us_max=2746 loop_hz=10752 cycle_log_ms=1 n_cycle=4 cc=1 cc_hz=1027 cc_i_tgt=0.1000 cc_u=0.5000 cc_r=5.0638 cc_tau_ms=7.00
[   6.212] [STATUS] t_ms=18768 hwm=2 cap=256 dropped=0 dropped_total=673 crc_err=0 crc_err_total=0 rate1=512 rate2=512 prod1=512 prod2=512 dac_err=0 tx_drop=173806 hb_ms=0 sma_state=6 m7_us=19323974 m4_us=17130766 vdd=5.067 offset=0.5000 aref=3.145 loop_us_avg=93 loop_us_max=2919 loop_hz=10752 cycle_log_ms=1 n_cycle=4 cc=1 cc_hz=1026 cc_i_tgt=0.1000 cc_u=0.5190 cc_r=5.0933 cc_tau_ms=7.00
[   7.290] [STATUS] t_ms=19768 hwm=2 cap=256 dropped=0 dropped_total=673 crc_err=0 crc_err_total=0 rate1=512 rate2=512 prod1=512 prod2=512 dac_err=0 tx_drop=173806 hb_ms=0 sma_state=6 m7_us=20357355 m4_us=18164158 vdd=5.067 offset=0.5000 aref=3.145 loop_us_avg=92 loop_us_max=2600 loop_hz=10869 cycle_log_ms=1 n_cycle=4 cc=1 cc_hz=1029 cc_i_tgt=0.1000 cc_u=0.5156 cc_r=5.0471 cc_tau_ms=7.00
[   8.301] [STATUS] t_ms=20768 hwm=2 cap=256 dropped=0 dropped_total=673 crc_err=0 crc_err_total=0 rate1=512 rate2=512 prod1=512 prod2=512 dac_err=0 tx_drop=173806 hb_ms=0 sma_state=6 m7_us=21390655 m4_us=19197547 vdd=5.067 offset=0.5000 aref=3.145 loop_us_avg=92 loop_us_max=2701 loop_hz=10869 cycle_log_ms=1 n_cycle=4 cc=1 cc_hz=1026 cc_i_tgt=0.1000 cc_u=0.5151 cc_r=5.0931 cc_tau_ms=7.00
[   9.253] [ADC1
[   9.253] ] STATUS alarm(s)
[   9.316] [STATUS] t_ms=21768 hwm=2 cap=256 dropped=0 dropped_total=673 crc_err=0 crc_err_total=0 rate1=512 rate2=511 prod1=512 prod2=511 dac_err=0 tx_drop=173806 hb_ms=0 sma_state=6 m7_us=22423694 m4_us=20229936 vdd=5.067 offset=0.5000 aref=3.145 loop_us_avg=93 loop_us_max=2772 loop_hz=10752 cycle_log_ms=1 n_cycle=4 cc=1 cc_hz=1029 cc_i_tgt=0.1000 cc_u=0.5193 cc_r=5.0140 cc_tau_ms=7.00
[  10.266] [ADC1]
[  10.266] STATUS alarm(s): 0
[  10.392] [STATUS] t_ms=22768 hwm=3 cap=256 dropped=0 dropped_total=673 crc_err=0 crc_err_total=0 rate1=512 rate2=513 prod1=512 prod2=513 dac_err=0 tx_drop=173806 hb_ms=0 sma_state=6 m7_us=23457536 m4_us=21264369 vdd=5.067 offset=0.5000 aref=3.145 loop_us_avg=92 loop_us_max=2675 loop_hz=10869 cycle_log_ms=1 n_cycle=4 cc=1 cc_hz=1028 cc_i_tgt=0.1000 cc_u=0.5000 cc_r=4.9885 cc_tau_ms=7.00
[  11.403] [STATUS] t_ms=23768 hwm=2 cap=256 dropped=0 dropped_total=673 crc_err=0 crc_err_total=0 rate1=512 rate2=511 prod1=512 prod2=511 dac_err=0 tx_drop=173806 hb_ms=0 sma_state=6 m7_us=24490623 m4_us=22296768 vdd=5.067 offset=0.5000 aref=3.145 loop_us_avg=92 loop_us_max=2794 loop_hz=10869 cycle_log_ms=1 n_cycle=4 cc=1 cc_hz=1029 cc_i_tgt=0.1000 cc_u=0.5084 cc_r=5.0710 cc_tau_ms=7.00
[  12.289] [ADC1] S
[  12.289] TATUS alarm(s): 0
[  12.415] [STATUS] t_ms=24768 hwm=3 cap=256 dropped=0 dropped_total=673 crc_err=0 crc_err_total=0 rate1=512 rate2=512 prod1=512 prod2=512 dac_err=0 tx_drop=173806 hb_ms=0 sma_state=6 m7_us=25524068 m4_us=23330198 vdd=5.067 offset=0.5000 aref=3.145 loop_us_avg=93 loop_us_max=2625 loop_hz=10752 cycle_log_ms=1 n_cycle=4 cc=1 cc_hz=1030 cc_i_tgt=0.1000 cc_u=0.5000 cc_r=5.0252 cc_tau_ms=7.00
[  12.543] [SMA] [ACT] heat n=2/3 I=550.0mA ms=100
[  12.671] [SMA] [ACT] cool n=2/3 I=100.0mA ms=12000
[  13.303] [A
[  13.493] [STATUS] t_ms=25768 hwm=3 cap=256 dropped=0 dropped_total=673 crc_err=0 crc_err_total=0 rate1=512 rate2=512 prod1=512 prod2=512 dac_err=0 tx_drop=173806 hb_ms=0 sma_state=6 m7_us=26557468 m4_us=24363619 vdd=5.067 offset=0.5000 aref=3.145 loop_us_avg=91 loop_us_max=2754 loop_hz=10989 cycle_log_ms=1 n_cycle=4 cc=1 cc_hz=1029 cc_i_tgt=0.1000 cc_u=0.5065 cc_r=5.0585 cc_tau_ms=7.00
[  14.508] [STATUS] t_ms=26768 hwm=3 cap=256 dropped=0 dropped_total=673 crc_err=0 crc_err_total=0 rate1=512 rate2=513 prod1=512 prod2=513 dac_err=0 tx_drop=173806 hb_ms=0 sma_state=6 m7_us=27591182 m4_us=25398030 vdd=5.067 offset=0.5000 aref=3.145 loop_us_avg=93 loop_us_max=2754 loop_hz=10752 cycle_log_ms=1 n_cycle=4 cc=1 cc_hz=1029 cc_i_tgt=0.1000 cc_u=0.5000 cc_r=5.0487 cc_tau_ms=7.00
[  15.332] [ADC1
[  15.332] ] STATUS alarm(s): 0x
[  15.522] [STATUS] t_ms=27768 hwm=2 cap=256 dropped=0 dropped_total=673 crc_err=0 crc_err_total=0 rate1=512 rate2=512 prod1=512 prod2=512 dac_err=0 tx_drop=173806 hb_ms=0 sma_state=6 m7_us=28624641 m4_us=26431377 vdd=5.067 offset=0.5000 aref=3.145 loop_us_avg=92 loop_us_max=2722 loop_hz=10869 cycle_log_ms=1 n_cycle=4 cc=1 cc_hz=1026 cc_i_tgt=0.1000 cc_u=0.5094 cc_r=5.0357 cc_tau_ms=7.00
[  16.600] [STATUS] t_ms=28768 hwm=3 cap=256 dropped=0 dropped_total=673 crc_err=0 crc_err_total=0 rate1=512 rate2=512 prod1=512 prod2=512 dac_err=0 tx_drop=173806 hb_ms=0 sma_state=6 m7_us=29657961 m4_us=27464721 vdd=5.067 offset=0.5000 aref=3.145 loop_us_avg=92 loop_us_max=2991 loop_hz=10869 cycle_log_ms=1 n_cycle=4 cc=1 cc_hz=1026 cc_i_tgt=0.1000 cc_u=0.5189 cc_r=5.0650 cc_tau_ms=7.00
[  17.614] [STATUS] t_ms=29768 hwm=2 cap=256 dropped=0 dropped_total=673 crc_err=0 crc_err_total=0 rate1=512 rate2=511 prod1=512 prod2=511 dac_err=0 tx_drop=173806 hb_ms=0 sma_state=6 m7_us=30691070 m4_us=28497046 vdd=5.067 offset=0.5000 aref=3.145 loop_us_avg=92 loop_us_max=2843 loop_hz=10869 cycle_log_ms=1 n_cycle=4 cc=1 cc_hz=1026 cc_i_tgt=0.1000 cc_u=0.5079 cc_r=5.0014 cc_tau_ms=7.00
[  18.627] [STATUS] t_ms=30768 hwm=3 cap=256 dropped=0 dropped_total=673 crc_err=0 crc_err_total=0 rate1=512 rate2=512 prod1=512 prod2=512 dac_err=0 tx_drop=173806 hb_ms=0 sma_state=6 m7_us=31724547 m4_us=29530390 vdd=5.067 offset=0.5000 aref=3.145 loop_us_avg=92 loop_us_max=3432 loop_hz=10869 cycle_log_ms=1 n_cycle=4 cc=1 cc_hz=1029 cc_i_tgt=0.1000 cc_u=0.5137 cc_r=5.1086 cc_tau_ms=7.00
[  19.642] [STATUS] t_ms=31768 hwm=3 cap=256 dropped=0 dropped_total=673 crc_err=0 crc_err_total=0 rate1=512 rate2=512 prod1=512 prod2=512 dac_err=0 tx_drop=173806 hb_ms=0 sma_state=6 m7_us=32757887 m4_us=30563722 vdd=5.067 offset=0.5000 aref=3.145 loop_us_avg=93 loop_us_max=3762 loop_hz=10752 cycle_log_ms=1 n_cycle=4 cc=1 cc_hz=1026 cc_i_tgt=0.1000 cc_u=0.5057 cc_r=5.0404 cc_tau_ms=7.00
[  20.339] [
[  20.718] [STATUS] t_ms=32768 hwm=3 cap=256 dropped=0 dropped_total=673 crc_err=0 crc_err_total=0 rate1=512 rate2=512 prod1=512 prod2=512 dac_err=0 tx_drop=173806 hb_ms=0 sma_state=6 m7_us=33791142 m4_us=31597014 vdd=5.067 offset=0.5000 aref=3.145 loop_us_avg=93 loop_us_max=3707 loop_hz=10752 cycle_log_ms=1 n_cycle=4 cc=1 cc_hz=1026 cc_i_tgt=0.1000 cc_u=0.5168 cc_r=5.1123 cc_tau_ms=7.00
[  21.355] [ADC
[  21.355] 1] STATUS alarm(s):
[  21.734] [STATUS] t_ms=33768 hwm=3 cap=256 dropped=0 dropped_total=673 crc_err=0 crc_err_total=0 rate1=512 rate2=513 prod1=512 prod2=513 dac_err=0 tx_drop=173806 hb_ms=0 sma_state=6 m7_us=34824474 m4_us=32631348 vdd=5.067 offset=0.5000 aref=3.145 loop_us_avg=93 loop_us_max=3670 loop_hz=10752 cycle_log_ms=1 n_cycle=4 cc=1 cc_hz=1026 cc_i_tgt=0.1000 cc_u=0.5063 cc_r=5.0236 cc_tau_ms=7.00
[  22.746] [STATUS] t_ms=34768 hwm=2 cap=256 dropped=0 dropped_total=673 crc_err=0 crc_err_total=0 rate1=512 rate2=511 prod1=512 prod2=511 dac_err=0 tx_drop=173806 hb_ms=0 sma_state=6 m7_us=35857840 m4_us=33663648 vdd=5.067 offset=0.5000 aref=3.145 loop_us_avg=93 loop_us_max=2776 loop_hz=10752 cycle_log_ms=1 n_cycle=4 cc=1 cc_hz=1026 cc_i_tgt=0.1000 cc_u=0.5041 cc_r=5.0396 cc_tau_ms=7.00
[  23.824] [STATUS] t_ms=35768 hwm=3 cap=256 dropped=0 dropped_total=673 crc_err=0 crc_err_total=0 rate1=512 rate2=512 prod1=512 prod2=512 dac_err=0 tx_drop=173806 hb_ms=0 sma_state=6 m7_us=36891126 m4_us=34696922 vdd=5.067 offset=0.5000 aref=3.145 loop_us_avg=92 loop_us_max=3751 loop_hz=10869 cycle_log_ms=1 n_cycle=4 cc=1 cc_hz=1026 cc_i_tgt=0.1000 cc_u=0.5071 cc_r=5.0331 cc_tau_ms=7.00
[  24.834] [STATUS] t_ms=36768 hwm=3 cap=256 dropped=0 dropped_total=673 crc_err=0 crc_err_total=0 rate1=512 rate2=512 prod1=512 prod2=512 dac_err=0 tx_drop=173806 hb_ms=0 sma_state=6 m7_us=37924425 m4_us=35730253 vdd=5.067 offset=0.5000 aref=3.145 loop_us_avg=93 loop_us_max=3829 loop_hz=10752 cycle_log_ms=1 n_cycle=4 cc=1 cc_hz=1026 cc_i_tgt=0.1000 cc_u=0.5101 cc_r=5.0230 cc_tau_ms=7.00
[  25.027] [SMA] [ACT] heat n=3/3 I=550.0mA ms=100
[  25.153] [SMA] [ACT] cool n=3/3 I=100.0mA ms=12000
[  25.407] [A
[  25.407] DC1] STATUS alarm(s
[  25.851] [STATUS] t_ms=37768 hwm=3 cap=256 dropped=0 dropped_total=673 crc_err=0 crc_err_total=0 rate1=512 rate2=512 prod1=512 prod2=512 dac_err=0 tx_drop=173806 hb_ms=0 sma_state=6 m7_us=38957659 m4_us=36763488 vdd=5.067 offset=0.5000 aref=3.145 loop_us_avg=93 loop_us_max=3481 loop_hz=10752 cycle_log_ms=1 n_cycle=4 cc=1 cc_hz=1028 cc_i_tgt=0.1000 cc_u=0.5000 cc_r=4.9874 cc_tau_ms=7.00
[  26.419] [ADC1] STATUS alarm(s
[  26.928] [STATUS] t_ms=38768 hwm=3 cap=256 dropped=0 dropped_total=673 crc_err=0 crc_err_total=0 rate1=512 rate2=512 prod1=512 prod2=513 dac_err=0 tx_drop=173806 hb_ms=0 sma_state=6 m7_us=39990941 m4_us=37796746 vdd=5.067 offset=0.5000 aref=3.145 loop_us_avg=92 loop_us_max=3652 loop_hz=10869 cycle_log_ms=1 n_cycle=4 cc=1 cc_hz=1026 cc_i_tgt=0.1000 cc_u=0.5286 cc_r=5.1057 cc_tau_ms=7.00
[  27.940] [STATUS] t_ms=39768 hwm=4 cap=256 dropped=0 dropped_total=673 crc_err=0 crc_err_total=0 rate1=512 rate2=512 prod1=512 prod2=512 dac_err=0 tx_drop=173806 hb_ms=0 sma_state=6 m7_us=41024251 m4_us=38830083 vdd=5.067 offset=0.5000 aref=3.145 loop_us_avg=93 loop_us_max=4120 loop_hz=10752 cycle_log_ms=1 n_cycle=4 cc=1 cc_hz=1027 cc_i_tgt=0.1000 cc_u=0.5199 cc_r=5.1015 cc_tau_ms=7.00
[  28.951] [STATUS] t_ms=40768 hwm=3 cap=256 dropped=0 dropped_total=673 crc_err=0 crc_err_total=0 rate1=512 rate2=513 prod1=512 prod2=512 dac_err=0 tx_drop=173806 hb_ms=0 sma_state=6 m7_us=42057588 m4_us=39864420 vdd=5.067 offset=0.5000 aref=3.145 loop_us_avg=93 loop_us_max=3670 loop_hz=10752 cycle_log_ms=1 n_cycle=4 cc=1 cc_hz=1028 cc_i_tgt=0.1000 cc_u=0.5046 cc_r=4.9773 cc_tau_ms=7.00
[  30.020] [STATUS] t_ms=41768 hwm=2 cap=256 dropped=0 dropped_total=673 crc_err=0 crc_err_total=0 rate1=512 rate2=511 prod1=512 prod2=511 dac_err=0 tx_drop=173806 hb_ms=0 sma_state=6 m7_us=43091162 m4_us=40896710 vdd=5.067 offset=0.5000 aref=3.145 loop_us_avg=92 loop_us_max=2949 loop_hz=10869 cycle_log_ms=1 n_cycle=4 cc=1 cc_hz=1026 cc_i_tgt=0.1000 cc_u=0.5000 cc_r=5.1138 cc_tau_ms=7.00
[  31.046] [STATUS] t_ms=42768 hwm=4 cap=256 dropped=0 dropped_total=673 crc_err=0 crc_err_total=0 rate1=512 rate2=512 prod1=512 prod2=512 dac_err=0 tx_drop=173806 hb_ms=0 sma_state=6 m7_us=44124147 m4_us=41930006 vdd=5.067 offset=0.5000 aref=3.145 loop_us_avg=92 loop_us_max=3963 loop_hz=10869 cycle_log_ms=1 n_cycle=4 cc=1 cc_hz=1026 cc_i_tgt=0.1000 cc_u=0.5324 cc_r=5.0817 cc_tau_ms=7.00
[  32.056] [STATUS] t_ms=43768 hwm=3 cap=256 dropped=0 dropped_total=673 crc_err=0 crc_err_total=0 rate1=512 rate2=512 prod1=512 prod2=512 dac_err=0 tx_drop=173806 hb_ms=0 sma_state=6 m7_us=45157521 m4_us=42963312 vdd=5.067 offset=0.5000 aref=3.145 loop_us_avg=93 loop_us_max=3520 loop_hz=10752 cycle_log_ms=1 n_cycle=4 cc=1 cc_hz=1029 cc_i_tgt=0.1000 cc_u=0.5167 cc_r=5.0991 cc_tau_ms=7.00
[  33.071] [STATUS] t_ms=44768 hwm=3 cap=256 dropped=0 dropped_total=673 crc_err=0 crc_err_total=0 rate1=512 rate2=513 prod1=512 prod2=513 dac_err=0 tx_drop=173806 hb_ms=0 sma_state=6 m7_us=46191021 m4_us=43997630 vdd=5.067 offset=0.5000 aref=3.145 loop_us_avg=93 loop_us_max=3614 loop_hz=10752 cycle_log_ms=1 n_cycle=4 cc=1 cc_hz=1026 cc_i_tgt=0.1000 cc_u=0.5238 cc_r=5.0575 cc_tau_ms=7.00
[  34.144] [STATUS] t_ms=45768 hwm=3 cap=256 dropped=0 dropped_total=673 crc_err=0 crc_err_total=0 rate1=512 rate2=512 prod1=512 prod2=512 dac_err=0 tx_drop=173806 hb_ms=0 sma_state=6 m7_us=47224162 m4_us=45030923 vdd=5.067 offset=0.5000 aref=3.145 loop_us_avg=94 loop_us_max=3107 loop_hz=10638 cycle_log_ms=1 n_cycle=4 cc=1 cc_hz=1027 cc_i_tgt=0.1000 cc_u=0.5000 cc_r=5.0762 cc_tau_ms=7.00
[  35.156] [STATUS] t_ms=46768 hwm=2 cap=256 dropped=0 dropped_total=673 crc_err=0 crc_err_total=0 rate1=512 rate2=511 prod1=512 prod2=511 dac_err=0 tx_drop=173806 hb_ms=0 sma_state=6 m7_us=48257441 m4_us=46063248 vdd=5.067 offset=0.5000 aref=3.145 loop_us_avg=93 loop_us_max=2954 loop_hz=10752 cycle_log_ms=1 n_cycle=4 cc=1 cc_hz=1026 cc_i_tgt=0.1000 cc_u=0.5373 cc_r=5.1251 cc_tau_ms=7.00
[  36.233] [STATUS] t_ms=47768 hwm=3 cap=256 dropped=0 dropped_total=673 crc_err=0 crc_err_total=0 rate1=512 rate2=513 prod1=512 prod2=513 dac_err=0 tx_drop=173806 hb_ms=0 sma_state=6 m7_us=49290803 m4_us=47097614 vdd=5.067 offset=0.5000 aref=3.145 loop_us_avg=93 loop_us_max=3635 loop_hz=10752 cycle_log_ms=1 n_cycle=4 cc=1 cc_hz=1028 cc_i_tgt=0.1000 cc_u=0.5000 cc_r=4.9911 cc_tau_ms=7.00
[  36.483] [ADC1] S
[  36.546] TATUS alarm(s): 0x4
[  37.240] [STATUS] t_ms=48768 hwm=2 cap=256 dropped=0 dropped_total=673 crc_err=0 crc_err_total=0 rate1=512 rate2=511 prod1=512 prod2=511 dac_err=0 tx_drop=173806 hb_ms=0 sma_state=6 m7_us=50324271 m4_us=48129955 vdd=5.067 offset=0.5000 aref=3.145 loop_us_avg=92 loop_us_max=2778 loop_hz=10869 cycle_log_ms=1 n_cycle=4 cc=1 cc_hz=1026 cc_i_tgt=0.1000 cc_u=0.5156 cc_r=5.0530 cc_tau_ms=7.00
[  37.556] [SMA] [ACT] -> idle (done) after 3 cycle(s); still armed
[  38.254] [STATUS] t_ms=49768 hwm=3 cap=256 dropped=0 dropped_total=673 crc_err=0 crc_err_total=0 rate1=512 rate2=512 prod1=512 prod2=512 dac_err=0 tx_drop=173806 hb_ms=0 sma_state=0 m7_us=51357449 m4_us=49163331 vdd=5.067 offset=0.5000 aref=3.145 loop_us_avg=29 loop_us_max=3772 loop_hz=34482 cycle_log_ms=1 n_cycle=4 cc=0 cc_hz=315 cc_i_tgt=0.1000 cc_u=0.5181 cc_r=5.0866 cc_tau_ms=7.00
[  38.507] [
[  38.507] ADC1] STATUS a
[  38.507] ALM
[  39.332] [STATUS] t_ms=50768 hwm=2 cap=256 dropped=0 dropped_total=673 crc_err=0 crc_err_total=0 rate1=512 rate2=512 prod1=512 prod2=512 dac_err=0 tx_drop=173806 hb_ms=0 sma_state=0 m7_us=52390967 m4_us=50196784 vdd=5.067 offset=0.5000 aref=3.145 loop_us_avg=22 loop_us_max=2683 loop_hz=45454 cycle_log_ms=1 n_cycle=4 cc=0 cc_hz=0 cc_i_tgt=0.1000 cc_u=0.5181 cc_r=5.0866 cc_tau_ms=7.00
[  39.522] [AD
[  39.522] C1] STATUS alar
[  39.522] _ALM
[  40.341] [STATUS] t_ms=51768 hwm=3 cap=256 dropped=0 dropped_total=673 crc_err=0 crc_err_total=0 rate1=512 rate2=512 prod1=512 prod2=512 dac_err=0 tx_drop=173806 hb_ms=0 sma_state=0 m7_us=53424468 m4_us=51230294 vdd=5.067 offset=0.5000 aref=3.145 loop_us_avg=22 loop_us_max=3009 loop_hz=45454 cycle_log_ms=1 n_cycle=4 cc=0 cc_hz=0 cc_i_tgt=0.1000 cc_u=0.5181 cc_r=5.0866 cc_tau_ms=7.00
[  40.529] [AD
[  40.529] C1] STATUS alarm(s
