[   0.054] [SMA] ARMED (MOSFET on); idle=0.500 V
[   0.054] [STATUS] t_ms=17525 hwm=256 cap=256 dropped=49 dropped_total=613 crc_err=0 crc_err_total=0 rate1=418 rate2=418 prod1=493 prod2=493 dac_err=0 tx_drop=376 hb_ms=0 sma_state=0 m7_us=18016243 m4_us=15578173 vdd=5.067 offset=0.5000 aref=3.145 loop_us_avg=27 loop_us_max=307456 loop_hz=37037 cycle_log_ms=1 n_cycle=4 cc=0 cc_hz=0 cc_i_tgt=0.0000 cc_u=0.0000 cc_r=0.0000 cc_tau_ms=7.00
[   0.304] [ADC1] STA
[   0.304] TUS alarm(s): 0
[   0.304] GAH_ALM PGAD_ALM
[   1.052] [STATUS] t_ms=18525 hwm=198 cap=256 dropped=0 dropped_total=613 crc_err=0 crc_err_total=0 rate1=607 rate2=605 prod1=511 prod2=512 dac_err=0 tx_drop=376 hb_ms=0 sma_state=0 m7_us=19047953 m4_us=16852916 vdd=5.067 offset=0.5000 aref=3.145 loop_us_avg=22 loop_us_max=7530 loop_hz=45454 cycle_log_ms=1 n_cycle=4 cc=0 cc_hz=0 cc_i_tgt=0.0000 cc_u=0.0000 cc_r=0.0000 cc_tau_ms=7.00
[   1.302] [ADC1] S
[   1.302] TATUS alarm(s):
[   1.302] AH_ALM PGAD_ALM
[   0.064] [SMA] [CC] start i_high=650.0mA i_low=0.0mA t_high=300 t_idle=30000 n=2 (0=cont) tau_ms=7.0 wdt_ms=5000
[   0.064] [STATUS] t_ms=19525 hwm=5 cap=256 dropped=0 dropped_total=613 crc_err=0 crc_err_total=0 rate1=512 rate2=512 prod1=512 prod2=512 dac_err=0 tx_drop=376 hb_ms=0 sma_state=7 m7_us=20079908 m4_us=17884852 vdd=5.067 offset=0.5000 aref=3.145 loop_us_avg=22 loop_us_max=5439 loop_hz=45454 cycle_log_ms=1 n_cycle=4 cc=0 cc_hz=0 cc_i_tgt=0.0000 cc_u=0.0000 cc_r=0.0000 cc_tau_ms=7.00
[   0.127] [SMA] [CC] seed R=4.160 ohm  I=120.2 mA  u=0.500 V  n=32
[   0.127] [SMA] [ACT] heat n=1/2 I=650.0mA ms=300
[   0.445] [SMA] [ACT] cool n=1/2 I=0.0mA ms=30000
[   1.071] [STATUS] t_ms=20525 hwm=5 cap=256 dropped=0 dropped_total=613 crc_err=0 crc_err_total=0 rate1=512 rate2=512 prod1=512 prod2=512 dac_err=0 tx_drop=376 hb_ms=0 sma_state=6 m7_us=21111808 m4_us=18916769 vdd=5.067 offset=0.5000 aref=3.145 loop_us_avg=41 loop_us_max=5657 loop_hz=24390 cycle_log_ms=1 n_cycle=4 cc=0 cc_hz=308 cc_i_tgt=0.6500 cc_u=2.7042 cc_r=4.1603 cc_tau_ms=7.00
[   1.260] [AD
[   1.260] C1] STATUS alarm(s)
[   2.145] [STATUS] t_ms=21525 hwm=6 cap=256 dropped=0 dropped_total=613 crc_err=0 crc_err_total=0 rate1=512 rate2=512 prod1=512 prod2=512 dac_err=0 tx_drop=376 hb_ms=0 sma_state=6 m7_us=22143713 m4_us=19948686 vdd=5.067 offset=0.5000 aref=3.145 loop_us_avg=33 loop_us_max=5701 loop_hz=30303 cycle_log_ms=1 n_cycle=4 cc=0 cc_hz=0 cc_i_tgt=0.6500 cc_u=2.7042 cc_r=4.1603 cc_tau_ms=7.00
[   2.271] [ADC1] STAT
[   2.271] US alarm(s): 0xCF
[   2.271] ALM PGAD_ALM
[   3.154] [STATUS] t_ms=22525 hwm=6 cap=256 dropped=0 dropped_total=613 crc_err=0 crc_err_total=0 rate1=512 rate2=512 prod1=512 prod2=512 dac_err=0 tx_drop=376 hb_ms=0 sma_state=6 m7_us=23175670 m4_us=20980625 vdd=5.067 offset=0.5000 aref=3.145 loop_us_avg=33 loop_us_max=5703 loop_hz=30303 cycle_log_ms=1 n_cycle=4 cc=0 cc_hz=0 cc_i_tgt=0.6500 cc_u=2.7042 cc_r=4.1603 cc_tau_ms=7.00
[   3.281] [ADC1]
[   3.281] STATUS alarm(s):
[   3.281] H_ALM PGAD_ALM
[   4.166] [STATUS] t_ms=23525 hwm=6 cap=256 dropped=0 dropped_total=613 crc_err=0 crc_err_total=0 rate1=512 rate2=512 prod1=512 prod2=512 dac_err=0 tx_drop=376 hb_ms=0 sma_state=6 m7_us=24207577 m4_us=22012542 vdd=5.067 offset=0.5000 aref=3.145 loop_us_avg=33 loop_us_max=5712 loop_hz=30303 cycle_log_ms=1 n_cycle=4 cc=0 cc_hz=0 cc_i_tgt=0.6500 cc_u=2.7042 cc_r=4.1603 cc_tau_ms=7.00
[   4.292] [ADC1]
[   4.292] STATUS alarm(s):
[   4.292] _ALM PGAD_ALM
[   5.243] [STATUS] t_ms=24525 hwm=6 cap=256 dropped=0 dropped_total=613 crc_err=0 crc_err_total=0 rate1=512 rate2=512 prod1=512 prod2=512 dac_err=0 tx_drop=376 hb_ms=0 sma_state=6 m7_us=25239477 m4_us=23044446 vdd=5.067 offset=0.5000 aref=3.145 loop_us_avg=33 loop_us_max=5707 loop_hz=30303 cycle_log_ms=1 n_cycle=4 cc=0 cc_hz=0 cc_i_tgt=0.6500 cc_u=2.7042 cc_r=4.1603 cc_tau_ms=7.00
[   6.248] [STATUS] t_ms=25525 hwm=6 cap=256 dropped=0 dropped_total=613 crc_err=0 crc_err_total=0 rate1=512 rate2=512 prod1=512 prod2=512 dac_err=0 tx_drop=376 hb_ms=0 sma_state=6 m7_us=26271394 m4_us=24076362 vdd=5.067 offset=0.5000 aref=3.145 loop_us_avg=33 loop_us_max=5712 loop_hz=30303 cycle_log_ms=1 n_cycle=4 cc=0 cc_hz=0 cc_i_tgt=0.6500 cc_u=2.7042 cc_r=4.1603 cc_tau_ms=7.00
[   6.311] [ADC1]
[   7.254] [STATUS] t_ms=26525 hwm=6 cap=256 dropped=0 dropped_total=613 crc_err=0 crc_err_total=0 rate1=512 rate2=512 prod1=512 prod2=512 dac_err=0 tx_drop=376 hb_ms=0 sma_state=6 m7_us=27303328 m4_us=25108295 vdd=5.067 offset=0.5000 aref=3.145 loop_us_avg=33 loop_us_max=5720 loop_hz=30303 cycle_log_ms=1 n_cycle=4 cc=0 cc_hz=0 cc_i_tgt=0.6500 cc_u=2.7042 cc_r=4.1603 cc_tau_ms=7.00
[   7.317] [ADC1]
[   7.317] STATUS alarm(s):
[   8.319] [STATUS] t_ms=27525 hwm=6 cap=256 dropped=0 dropped_total=613 crc_err=0 crc_err_total=0 rate1=512 rate2=512 prod1=512 prod2=512 dac_err=0 tx_drop=376 hb_ms=0 sma_state=6 m7_us=28335305 m4_us=26140270 vdd=5.067 offset=0.5000 aref=3.145 loop_us_avg=33 loop_us_max=5696 loop_hz=30303 cycle_log_ms=1 n_cycle=4 cc=0 cc_hz=0 cc_i_tgt=0.6500 cc_u=2.7042 cc_r=4.1603 cc_tau_ms=7.00
[   8.319] [ADC1] STATUS
[   8.319] alarm(s): 0xF
[   8.319] PGAD_ALM
[   9.319] [STATUS] t_ms=28525 hwm=6 cap=256 dropped=0 dropped_total=613 crc_err=0 crc_err_total=0 rate1=512 rate2=512 prod1=512 prod2=512 dac_err=0 tx_drop=376 hb_ms=0 sma_state=6 m7_us=29367249 m4_us=27172212 vdd=5.067 offset=0.5000 aref=3.145 loop_us_avg=33 loop_us_max=5713 loop_hz=30303 cycle_log_ms=1 n_cycle=4 cc=0 cc_hz=0 cc_i_tgt=0.6500 cc_u=2.7042 cc_r=4.1603 cc_tau_ms=7.00
[   9.319] [ADC
[   9.319] 1] STATUS alarm(s
[   9.319] M PGAH_ALM PGAD_
[   9.319] ALM
[  10.388] [STATUS] t_ms=29525 hwm=6 cap=256 dropped=0 dropped_total=613 crc_err=0 crc_err_total=0 rate1=512 rate2=512 prod1=512 prod2=512 dac_err=0 tx_drop=376 hb_ms=0 sma_state=6 m7_us=30399192 m4_us=28204158 vdd=5.067 offset=0.5000 aref=3.145 loop_us_avg=33 loop_us_max=5704 loop_hz=30303 cycle_log_ms=1 n_cycle=4 cc=0 cc_hz=0 cc_i_tgt=0.6500 cc_u=2.7042 cc_r=4.1603 cc_tau_ms=7.00
[  11.333] [AD
[  11.396] [STATUS] t_ms=30525 hwm=6 cap=256 dropped=0 dropped_total=613 crc_err=0 crc_err_total=0 rate1=512 rate2=512 prod1=512 prod2=512 dac_err=0 tx_drop=376 hb_ms=0 sma_state=6 m7_us=31431155 m4_us=29236126 vdd=5.067 offset=0.5000 aref=3.145 loop_us_avg=33 loop_us_max=5706 loop_hz=30303 cycle_log_ms=1 n_cycle=4 cc=0 cc_hz=0 cc_i_tgt=0.6500 cc_u=2.7042 cc_r=4.1603 cc_tau_ms=7.00
[  12.402] [ADC1] STA
[  12.402] TUS alarm(s): 0x
[  12.465] [STATUS] t_ms=31525 hwm=6 cap=256 dropped=0 dropped_total=613 crc_err=0 crc_err_total=0 rate1=512 rate2=512 prod1=512 prod2=512 dac_err=0 tx_drop=376 hb_ms=0 sma_state=6 m7_us=32463084 m4_us=30268055 vdd=5.067 offset=0.5000 aref=3.145 loop_us_avg=33 loop_us_max=5704 loop_hz=30303 cycle_log_ms=1 n_cycle=4 cc=0 cc_hz=0 cc_i_tgt=0.6500 cc_u=2.7042 cc_r=4.1603 cc_tau_ms=7.00
[  13.348] [ADC1]
[  13.348] STATUS alarm(s)
[  13.348] AH_ALM PGAD_ALM
[  13.473] [STATUS] t_ms=32525 hwm=6 cap=256 dropped=0 dropped_total=613 crc_err=0 crc_err_total=0 rate1=512 rate2=512 prod1=512 prod2=512 dac_err=0 tx_drop=376 hb_ms=0 sma_state=6 m7_us=33495063 m4_us=31300030 vdd=5.067 offset=0.5000 aref=3.145 loop_us_avg=33 loop_us_max=5718 loop_hz=30303 cycle_log_ms=1 n_cycle=4 cc=0 cc_hz=0 cc_i_tgt=0.6500 cc_u=2.7042 cc_r=4.1603 cc_tau_ms=7.00
[  14.356] [ADC1] STAT
[  14.356] US alarm(s): 0x4F
[  14.356] ALM PGAD_ALM
[  14.483] [STATUS] t_ms=33525 hwm=6 cap=256 dropped=0 dropped_total=613 crc_err=0 crc_err_total=0 rate1=512 rate2=512 prod1=512 prod2=512 dac_err=0 tx_drop=376 hb_ms=0 sma_state=6 m7_us=34527023 m4_us=32331988 vdd=5.067 offset=0.5000 aref=3.145 loop_us_avg=33 loop_us_max=5704 loop_hz=30303 cycle_log_ms=1 n_cycle=4 cc=0 cc_hz=0 cc_i_tgt=0.6500 cc_u=2.7042 cc_r=4.1603 cc_tau_ms=7.00
[  15.366] _ALM PGAD_ALM
[  15.556] [STATUS] t_ms=34525 hwm=6 cap=256 dropped=0 dropped_total=613 crc_err=0 crc_err_total=0 rate1=512 rate2=512 prod1=512 prod2=512 dac_err=0 tx_drop=376 hb_ms=0 sma_state=6 m7_us=35558998 m4_us=33363953 vdd=5.067 offset=0.5000 aref=3.145 loop_us_avg=33 loop_us_max=5686 loop_hz=30303 cycle_log_ms=1 n_cycle=4 cc=0 cc_hz=0 cc_i_tgt=0.6500 cc_u=2.7042 cc_r=4.1603 cc_tau_ms=7.00
[  16.565] [STATUS] t_ms=35525 hwm=6 cap=256 dropped=0 dropped_total=613 crc_err=0 crc_err_total=0 rate1=512 rate2=512 prod1=512 prod2=512 dac_err=0 tx_drop=376 hb_ms=0 sma_state=6 m7_us=36590973 m4_us=34395940 vdd=5.067 offset=0.5000 aref=3.145 loop_us_avg=33 loop_us_max=5720 loop_hz=30303 cycle_log_ms=1 n_cycle=4 cc=0 cc_hz=0 cc_i_tgt=0.6500 cc_u=2.7042 cc_r=4.1603 cc_tau_ms=7.00
[  17.382] [ADC1] STATUS
[  17.573] [STATUS] t_ms=36525 hwm=6 cap=256 dropped=0 dropped_total=613 crc_err=0 crc_err_total=0 rate1=512 rate2=512 prod1=512 prod2=512 dac_err=0 tx_drop=376 hb_ms=0 sma_state=6 m7_us=37622964 m4_us=35427934 vdd=5.067 offset=0.5000 aref=3.145 loop_us_avg=33 loop_us_max=5715 loop_hz=30303 cycle_log_ms=1 n_cycle=4 cc=0 cc_hz=0 cc_i_tgt=0.6500 cc_u=2.7042 cc_r=4.1603 cc_tau_ms=7.00
[  18.394] [ADC1] S
[  18.394] TATUS alarm(s): 0x
[  18.394] H_ALM PGAD_ALM
[  18.646] [STATUS] t_ms=37525 hwm=6 cap=256 dropped=0 dropped_total=613 crc_err=0 crc_err_total=0 rate1=512 rate2=512 prod1=512 prod2=512 dac_err=0 tx_drop=376 hb_ms=0 sma_state=6 m7_us=38654938 m4_us=36459905 vdd=5.067 offset=0.5000 aref=3.145 loop_us_avg=33 loop_us_max=5698 loop_hz=30303 cycle_log_ms=1 n_cycle=4 cc=0 cc_hz=0 cc_i_tgt=0.6500 cc_u=2.7042 cc_r=4.1603 cc_tau_ms=7.00
[  19.402] [ADC1
[  19.402] ] STATUS alarm(s)
[  19.402] M PGAH_ALM PGAD_
[  19.402] ALM
[  19.653] [STATUS] t_ms=38525 hwm=6 cap=256 dropped=0 dropped_total=613 crc_err=0 crc_err_total=0 rate1=512 rate2=512 prod1=512 prod2=512 dac_err=0 tx_drop=376 hb_ms=0 sma_state=6 m7_us=39686948 m4_us=37491918 vdd=5.067 offset=0.5000 aref=3.145 loop_us_avg=33 loop_us_max=5710 loop_hz=30303 cycle_log_ms=1 n_cycle=4 cc=0 cc_hz=0 cc_i_tgt=0.6500 cc_u=2.7042 cc_r=4.1603 cc_tau_ms=7.00
[  20.408] [A
[  20.408] DC1] STATUS alar
[  20.408] _ALM PGAH_ALM PGAD_
[  20.408] ALM
[  20.658] [STATUS] t_ms=39525 hwm=6 cap=256 dropped=0 dropped_total=613 crc_err=0 crc_err_total=0 rate1=512 rate2=512 prod1=512 prod2=512 dac_err=0 tx_drop=376 hb_ms=0 sma_state=6 m7_us=40718946 m4_us=38523914 vdd=5.067 offset=0.5000 aref=3.145 loop_us_avg=33 loop_us_max=5703 loop_hz=30303 cycle_log_ms=1 n_cycle=4 cc=0 cc_hz=0 cc_i_tgt=0.6500 cc_u=2.7042 cc_r=4.1603 cc_tau_ms=7.00
[  21.719] [STATUS] t_ms=40525 hwm=6 cap=256 dropped=0 dropped_total=613 crc_err=0 crc_err_total=0 rate1=512 rate2=512 prod1=512 prod2=512 dac_err=0 tx_drop=376 hb_ms=0 sma_state=6 m7_us=41750873 m4_us=39555841 vdd=5.067 offset=0.5000 aref=3.145 loop_us_avg=33 loop_us_max=5701 loop_hz=30303 cycle_log_ms=1 n_cycle=4 cc=0 cc_hz=0 cc_i_tgt=0.6500 cc_u=2.7042 cc_r=4.1603 cc_tau_ms=7.00
[  22.475] [ADC1]
[  22.475] STATUS alarm(s)
[  22.723] [STATUS] t_ms=41525 hwm=6 cap=256 dropped=0 dropped_total=613 crc_err=0 crc_err_total=0 rate1=512 rate2=512 prod1=512 prod2=512 dac_err=0 tx_drop=376 hb_ms=0 sma_state=6 m7_us=42782797 m4_us=40587761 vdd=5.067 offset=0.5000 aref=3.145 loop_us_avg=33 loop_us_max=5716 loop_hz=30303 cycle_log_ms=1 n_cycle=4 cc=0 cc_hz=0 cc_i_tgt=0.6500 cc_u=2.7042 cc_r=4.1603 cc_tau_ms=7.00
[  23.481] [ADC1] STA
[  23.481] TUS alarm(s): 0x
[  23.795] [STATUS] t_ms=42525 hwm=6 cap=256 dropped=0 dropped_total=613 crc_err=0 crc_err_total=0 rate1=512 rate2=512 prod1=512 prod2=512 dac_err=0 tx_drop=376 hb_ms=0 sma_state=6 m7_us=43814746 m4_us=41619716 vdd=5.067 offset=0.5000 aref=3.145 loop_us_avg=33 loop_us_max=5706 loop_hz=30303 cycle_log_ms=1 n_cycle=4 cc=0 cc_hz=0 cc_i_tgt=0.6500 cc_u=2.7042 cc_r=4.1603 cc_tau_ms=7.00
[  24.487] [ADC1
[  24.487] ] STATUS alarm(s):
[  24.487] GAH_ALM PGAD_ALM
[  24.799] [STATUS] t_ms=43525 hwm=6 cap=256 dropped=0 dropped_total=613 crc_err=0 crc_err_total=0 rate1=512 rate2=512 prod1=512 prod2=512 dac_err=0 tx_drop=376 hb_ms=0 sma_state=6 m7_us=44846717 m4_us=42651687 vdd=5.067 offset=0.5000 aref=3.145 loop_us_avg=33 loop_us_max=5719 loop_hz=30303 cycle_log_ms=1 n_cycle=4 cc=0 cc_hz=0 cc_i_tgt=0.6500 cc_u=2.7042 cc_r=4.1603 cc_tau_ms=7.00
[  25.497] [ADC1] S
[  25.497] TATUS alarm(s): 0x
[  25.497] H_ALM PGAD_ALM
[  25.874] [STATUS] t_ms=44525 hwm=6 cap=256 dropped=0 dropped_total=613 crc_err=0 crc_err_total=0 rate1=512 rate2=512 prod1=512 prod2=512 dac_err=0 tx_drop=376 hb_ms=0 sma_state=6 m7_us=45878716 m4_us=43683671 vdd=5.067 offset=0.5000 aref=3.145 loop_us_avg=33 loop_us_max=5687 loop_hz=30303 cycle_log_ms=1 n_cycle=4 cc=0 cc_hz=0 cc_i_tgt=0.6500 cc_u=2.7042 cc_r=4.1603 cc_tau_ms=7.00
[  26.506] GAD_ALM
[  26.883] [STATUS] t_ms=45525 hwm=6 cap=256 dropped=0 dropped_total=613 crc_err=0 crc_err_total=0 rate1=512 rate2=512 prod1=512 prod2=512 dac_err=0 tx_drop=376 hb_ms=0 sma_state=6 m7_us=46910723 m4_us=44715678 vdd=5.067 offset=0.5000 aref=3.145 loop_us_avg=33 loop_us_max=5716 loop_hz=30303 cycle_log_ms=1 n_cycle=4 cc=0 cc_hz=0 cc_i_tgt=0.6500 cc_u=2.7042 cc_r=4.1603 cc_tau_ms=7.00
[  27.891] [STATUS] t_ms=46525 hwm=6 cap=256 dropped=0 dropped_total=613 crc_err=0 crc_err_total=0 rate1=512 rate2=512 prod1=512 prod2=512 dac_err=0 tx_drop=376 hb_ms=0 sma_state=6 m7_us=47942704 m4_us=45747665 vdd=5.067 offset=0.5000 aref=3.145 loop_us_avg=33 loop_us_max=5709 loop_hz=30303 cycle_log_ms=1 n_cycle=4 cc=0 cc_hz=0 cc_i_tgt=0.6500 cc_u=2.7042 cc_r=4.1603 cc_tau_ms=7.00
[  28.519] [ADC1] STATU
[  28.519] S alarm(s): 0xC
[  28.958] [STATUS] t_ms=47525 hwm=6 cap=256 dropped=0 dropped_total=613 crc_err=0 crc_err_total=0 rate1=512 rate2=512 prod1=512 prod2=512 dac_err=0 tx_drop=376 hb_ms=0 sma_state=6 m7_us=48974711 m4_us=46779668 vdd=5.067 offset=0.5000 aref=3.145 loop_us_avg=33 loop_us_max=5713 loop_hz=30303 cycle_log_ms=1 n_cycle=4 cc=0 cc_hz=0 cc_i_tgt=0.6500 cc_u=2.7042 cc_r=4.1603 cc_tau_ms=7.00
[  29.525] [AD
[  29.525] C1] STATUS alar
[  29.525] ALM PGAH_ALM PGAD_
[  29.525] ALM
[  29.964] [STATUS] t_ms=48525 hwm=6 cap=256 dropped=0 dropped_total=613 crc_err=0 crc_err_total=0 rate1=512 rate2=512 prod1=512 prod2=512 dac_err=0 tx_drop=376 hb_ms=0 sma_state=6 m7_us=50006687 m4_us=47811652 vdd=5.067 offset=0.5000 aref=3.145 loop_us_avg=33 loop_us_max=5729 loop_hz=30303 cycle_log_ms=1 n_cycle=4 cc=0 cc_hz=0 cc_i_tgt=0.6500 cc_u=2.7042 cc_r=4.1603 cc_tau_ms=7.00
[  30.531] [ADC1]
[  30.531] STATUS alarm(s):
[  30.531] AH_ALM PGAD_ALM
[  31.032] [STATUS] t_ms=49525 hwm=6 cap=256 dropped=0 dropped_total=613 crc_err=0 crc_err_total=0 rate1=512 rate2=512 prod1=512 prod2=512 dac_err=0 tx_drop=376 hb_ms=0 sma_state=6 m7_us=51038696 m4_us=48843662 vdd=5.067 offset=0.5000 aref=3.145 loop_us_avg=33 loop_us_max=5729 loop_hz=30303 cycle_log_ms=1 n_cycle=4 cc=0 cc_hz=0 cc_i_tgt=0.6500 cc_u=2.7042 cc_r=4.1603 cc_tau_ms=7.00
[  31.405] [SMA] [ACT] heat n=2/2 I=650.0mA ms=300
[  31.721] [SMA] [ACT] cool n=2/2 I=0.0mA ms=30000
[  32.038] [STATUS] t_ms=50525 hwm=6 cap=256 dropped=0 dropped_total=613 crc_err=0 crc_err_total=0 rate1=513 rate2=512 prod1=513 prod2=512 dac_err=0 tx_drop=376 hb_ms=0 sma_state=6 m7_us=52070770 m4_us=49876637 vdd=5.067 offset=0.5000 aref=3.145 loop_us_avg=41 loop_us_max=5728 loop_hz=24390 cycle_log_ms=1 n_cycle=4 cc=0 cc_hz=309 cc_i_tgt=0.6500 cc_u=2.7042 cc_r=4.1603 cc_tau_ms=7.00
[  32.538] [ADC
[  33.104] [STATUS] t_ms=51525 hwm=5 cap=256 dropped=0 dropped_total=613 crc_err=0 crc_err_total=0 rate1=511 rate2=512 prod1=511 prod2=512 dac_err=0 tx_drop=376 hb_ms=0 sma_state=6 m7_us=53102643 m4_us=50907614 vdd=5.067 offset=0.5000 aref=3.145 loop_us_avg=33 loop_us_max=4930 loop_hz=30303 cycle_log_ms=1 n_cycle=4 cc=0 cc_hz=0 cc_i_tgt=0.6500 cc_u=2.7042 cc_r=4.1603 cc_tau_ms=7.00
[  33.544] [ADC1]
[  33.544] STATUS alarm(s): 0
[  34.110] [STATUS] t_ms=52525 hwm=6 cap=256 dropped=0 dropped_total=613 crc_err=0 crc_err_total=0 rate1=512 rate2=512 prod1=512 prod2=512 dac_err=0 tx_drop=376 hb_ms=0 sma_state=6 m7_us=54134644 m4_us=51939594 vdd=5.067 offset=0.5000 aref=3.145 loop_us_avg=33 loop_us_max=5692 loop_hz=30303 cycle_log_ms=1 n_cycle=4 cc=0 cc_hz=0 cc_i_tgt=0.6500 cc_u=2.7042 cc_r=4.1603 cc_tau_ms=7.00
[  34.550] [ADC1] STAT
[  34.550] US alarm(s): 0x
[  34.550] ALM PGAD_ALM
[  35.116] [STATUS] t_ms=53525 hwm=6 cap=256 dropped=0 dropped_total=613 crc_err=0 crc_err_total=0 rate1=512 rate2=512 prod1=512 prod2=512 dac_err=0 tx_drop=376 hb_ms=0 sma_state=6 m7_us=55166624 m4_us=52971594 vdd=5.067 offset=0.5000 aref=3.145 loop_us_avg=33 loop_us_max=5696 loop_hz=30303 cycle_log_ms=1 n_cycle=4 cc=0 cc_hz=0 cc_i_tgt=0.6500 cc_u=2.7042 cc_r=4.1603 cc_tau_ms=7.00
[  35.553] [ADC1] STA
[  35.553] TUS alarm(s): 0xF
[  35.553] ALM PGAD_ALM
[  36.183] [STATUS] t_ms=54525 hwm=6 cap=256 dropped=0 dropped_total=613 crc_err=0 crc_err_total=0 rate1=512 rate2=512 prod1=512 prod2=512 dac_err=0 tx_drop=376 hb_ms=0 sma_state=6 m7_us=56198605 m4_us=54003569 vdd=5.067 offset=0.5000 aref=3.145 loop_us_avg=33 loop_us_max=5701 loop_hz=30303 cycle_log_ms=1 n_cycle=4 cc=0 cc_hz=0 cc_i_tgt=0.6500 cc_u=2.7042 cc_r=4.1603 cc_tau_ms=7.00
[  36.565] [ADC1] STATUS ala
[  36.565] ALM PGAH_ALM PGAD_A
[  37.193] [STATUS] t_ms=55525 hwm=6 cap=256 dropped=0 dropped_total=613 crc_err=0 crc_err_total=0 rate1=512 rate2=512 prod1=512 prod2=512 dac_err=0 tx_drop=376 hb_ms=0 sma_state=6 m7_us=57230580 m4_us=55035546 vdd=5.067 offset=0.5000 aref=3.145 loop_us_avg=33 loop_us_max=5712 loop_hz=30303 cycle_log_ms=1 n_cycle=4 cc=0 cc_hz=0 cc_i_tgt=0.6500 cc_u=2.7042 cc_r=4.1603 cc_tau_ms=7.00
[  38.204] [STATUS] t_ms=56525 hwm=6 cap=256 dropped=0 dropped_total=613 crc_err=0 crc_err_total=0 rate1=512 rate2=512 prod1=512 prod2=512 dac_err=0 tx_drop=376 hb_ms=0 sma_state=6 m7_us=58262548 m4_us=56067518 vdd=5.067 offset=0.5000 aref=3.145 loop_us_avg=33 loop_us_max=5712 loop_hz=30303 cycle_log_ms=1 n_cycle=4 cc=0 cc_hz=0 cc_i_tgt=0.6500 cc_u=2.7042 cc_r=4.1603 cc_tau_ms=7.00
[  38.580] [ADC1] S
[  39.270] [STATUS] t_ms=57525 hwm=6 cap=256 dropped=0 dropped_total=613 crc_err=0 crc_err_total=0 rate1=512 rate2=512 prod1=512 prod2=512 dac_err=0 tx_drop=376 hb_ms=0 sma_state=6 m7_us=59294550 m4_us=57099521 vdd=5.067 offset=0.5000 aref=3.145 loop_us_avg=33 loop_us_max=5699 loop_hz=30303 cycle_log_ms=1 n_cycle=4 cc=0 cc_hz=0 cc_i_tgt=0.6500 cc_u=2.7042 cc_r=4.1603 cc_tau_ms=7.00
[  39.578] [ADC1
[  39.578] ] STATUS alarm(s)
[  39.578] PGAH_ALM PGAD_ALM
[  40.268] [STATUS] t_ms=58525 hwm=6 cap=256 dropped=0 dropped_total=613 crc_err=0 crc_err_total=0 rate1=512 rate2=512 prod1=512 prod2=512 dac_err=0 tx_drop=376 hb_ms=0 sma_state=6 m7_us=60326556 m4_us=58131508 vdd=5.067 offset=0.5000 aref=3.145 loop_us_avg=33 loop_us_max=5718 loop_hz=30303 cycle_log_ms=1 n_cycle=4 cc=0 cc_hz=0 cc_i_tgt=0.6500 cc_u=2.7042 cc_r=4.1603 cc_tau_ms=7.00
[  40.582] [A
[  40.582] DC1] STATUS alarm(s)
[  40.582] PGAH_ALM PGAD_ALM
[  41.331] [STATUS] t_ms=59525 hwm=6 cap=256 dropped=0 dropped_total=613 crc_err=0 crc_err_total=0 rate1=512 rate2=512 prod1=512 prod2=512 dac_err=0 tx_drop=376 hb_ms=0 sma_state=6 m7_us=61358506 m4_us=59163473 vdd=5.067 offset=0.5000 aref=3.145 loop_us_avg=33 loop_us_max=5699 loop_hz=30303 cycle_log_ms=1 n_cycle=4 cc=0 cc_hz=0 cc_i_tgt=0.6500 cc_u=2.7042 cc_r=4.1603 cc_tau_ms=7.00
[  41.583] [ADC1]
[  41.583] STATUS alarm(s):
[  41.583] GAH_ALM PGAD_ALM
[  42.333] [STATUS] t_ms=60525 hwm=6 cap=256 dropped=0 dropped_total=613 crc_err=0 crc_err_total=0 rate1=512 rate2=512 prod1=512 prod2=512 dac_err=0 tx_drop=376 hb_ms=0 sma_state=6 m7_us=62390470 m4_us=60195438 vdd=5.067 offset=0.5000 aref=3.145 loop_us_avg=33 loop_us_max=5699 loop_hz=30303 cycle_log_ms=1 n_cycle=4 cc=0 cc_hz=0 cc_i_tgt=0.6500 cc_u=2.7042 cc_r=4.1603 cc_tau_ms=7.00
[  42.583] PGAD_ALM
[  43.401] [STATUS] t_ms=61525 hwm=6 cap=256 dropped=0 dropped_total=613 crc_err=0 crc_err_total=0 rate1=512 rate2=512 prod1=512 prod2=512 dac_err=0 tx_drop=376 hb_ms=0 sma_state=6 m7_us=63422450 m4_us=61227402 vdd=5.067 offset=0.5000 aref=3.145 loop_us_avg=33 loop_us_max=5695 loop_hz=30303 cycle_log_ms=1 n_cycle=4 cc=0 cc_hz=0 cc_i_tgt=0.6500 cc_u=2.7042 cc_r=4.1603 cc_tau_ms=7.00
[  43.589] [A
[  44.406] [STATUS] t_ms=62525 hwm=6 cap=256 dropped=0 dropped_total=613 crc_err=0 crc_err_total=0 rate1=512 rate2=512 prod1=512 prod2=512 dac_err=0 tx_drop=376 hb_ms=0 sma_state=6 m7_us=64454392 m4_us=62259351 vdd=5.067 offset=0.5000 aref=3.145 loop_us_avg=33 loop_us_max=5696 loop_hz=30303 cycle_log_ms=1 n_cycle=4 cc=0 cc_hz=0 cc_i_tgt=0.6500 cc_u=2.7042 cc_r=4.1603 cc_tau_ms=7.00
[  44.593] [ADC1] S
[  44.593] TATUS alarm(s): 0
[  45.473] [STATUS] t_ms=63525 hwm=6 cap=256 dropped=0 dropped_total=613 crc_err=0 crc_err_total=0 rate1=512 rate2=512 prod1=512 prod2=512 dac_err=0 tx_drop=376 hb_ms=0 sma_state=6 m7_us=65486360 m4_us=63291329 vdd=5.067 offset=0.5000 aref=3.145 loop_us_avg=33 loop_us_max=5700 loop_hz=30303 cycle_log_ms=1 n_cycle=4 cc=0 cc_hz=0 cc_i_tgt=0.6500 cc_u=2.7042 cc_r=4.1603 cc_tau_ms=7.00
[  45.600] [AD
[  45.600] C1] STATUS alar
[  45.600] M PGAH_ALM PGAD_ALM
[  46.483] [STATUS] t_ms=64525 hwm=6 cap=256 dropped=0 dropped_total=613 crc_err=0 crc_err_total=0 rate1=512 rate2=512 prod1=512 prod2=512 dac_err=0 tx_drop=376 hb_ms=0 sma_state=6 m7_us=66518354 m4_us=64323326 vdd=5.067 offset=0.5000 aref=3.145 loop_us_avg=33 loop_us_max=5693 loop_hz=30303 cycle_log_ms=1 n_cycle=4 cc=0 cc_hz=0 cc_i_tgt=0.6500 cc_u=2.7042 cc_r=4.1603 cc_tau_ms=7.00
[  46.609] [ADC1] ST
[  46.609] ATUS alarm(s): 0x
[  46.609] _ALM PGAD_ALM
[  47.491] [STATUS] t_ms=65525 hwm=6 cap=256 dropped=0 dropped_total=613 crc_err=0 crc_err_total=0 rate1=512 rate2=512 prod1=512 prod2=512 dac_err=0 tx_drop=376 hb_ms=0 sma_state=6 m7_us=67550362 m4_us=65355329 vdd=5.067 offset=0.5000 aref=3.145 loop_us_avg=33 loop_us_max=5691 loop_hz=30303 cycle_log_ms=1 n_cycle=4 cc=0 cc_hz=0 cc_i_tgt=0.6500 cc_u=2.7042 cc_r=4.1603 cc_tau_ms=7.00
[  47.618] LM PGAH_ALM PGA
[  47.618] D_ALM
[  48.562] [STATUS] t_ms=66525 hwm=6 cap=256 dropped=0 dropped_total=613 crc_err=0 crc_err_total=0 rate1=512 rate2=512 prod1=512 prod2=512 dac_err=0 tx_drop=376 hb_ms=0 sma_state=6 m7_us=68582410 m4_us=66387354 vdd=5.067 offset=0.5000 aref=3.145 loop_us_avg=33 loop_us_max=5691 loop_hz=30303 cycle_log_ms=1 n_cycle=4 cc=0 cc_hz=0 cc_i_tgt=0.6500 cc_u=2.7042 cc_r=4.1603 cc_tau_ms=7.00
[  49.573] [STATUS] t_ms=67525 hwm=6 cap=256 dropped=0 dropped_total=613 crc_err=0 crc_err_total=0 rate1=512 rate2=512 prod1=512 prod2=512 dac_err=0 tx_drop=376 hb_ms=0 sma_state=6 m7_us=69614403 m4_us=67419370 vdd=5.067 offset=0.5000 aref=3.145 loop_us_avg=33 loop_us_max=5733 loop_hz=30303 cycle_log_ms=1 n_cycle=4 cc=0 cc_hz=0 cc_i_tgt=0.6500 cc_u=2.7042 cc_r=4.1603 cc_tau_ms=7.00
[  49.636] [ADC1] STAT
[  50.639] [STATUS] t_ms=68525 hwm=6 cap=256 dropped=0 dropped_total=613 crc_err=0 crc_err_total=0 rate1=512 rate2=512 prod1=512 prod2=512 dac_err=0 tx_drop=376 hb_ms=0 sma_state=6 m7_us=70646387 m4_us=68451358 vdd=5.067 offset=0.5000 aref=3.145 loop_us_avg=33 loop_us_max=5719 loop_hz=30303 cycle_log_ms=1 n_cycle=4 cc=0 cc_hz=0 cc_i_tgt=0.6500 cc_u=2.7042 cc_r=4.1603 cc_tau_ms=7.00
[  50.639] [AD
[  50.639] C1] STATUS alar
[  50.639] ALM PGAH_ALM PGAD_ALM
[  51.640] [STATUS] t_ms=69525 hwm=6 cap=256 dropped=0 dropped_total=613 crc_err=0 crc_err_total=0 rate1=512 rate2=512 prod1=512 prod2=512 dac_err=0 tx_drop=376 hb_ms=0 sma_state=6 m7_us=71678351 m4_us=69483306 vdd=5.067 offset=0.5000 aref=3.145 loop_us_avg=33 loop_us_max=5707 loop_hz=30303 cycle_log_ms=1 n_cycle=4 cc=0 cc_hz=0 cc_i_tgt=0.6500 cc_u=2.7042 cc_r=4.1603 cc_tau_ms=7.00
[  51.702] [AD
[  51.702] C1] STATUS alarm
[  51.702] ALM PGAH_ALM PGAD
[  51.702] _ALM
[  52.709] [STATUS] t_ms=70525 hwm=6 cap=256 dropped=0 dropped_total=613 crc_err=0 crc_err_total=0 rate1=512 rate2=512 prod1=512 prod2=512 dac_err=0 tx_drop=376 hb_ms=0 sma_state=6 m7_us=72710270 m4_us=70515239 vdd=5.067 offset=0.5000 aref=3.145 loop_us_avg=33 loop_us_max=5716 loop_hz=30303 cycle_log_ms=1 n_cycle=4 cc=0 cc_hz=0 cc_i_tgt=0.6500 cc_u=2.7042 cc_r=4.1603 cc_tau_ms=7.00
[  52.709] [ADC1] STATUS al
[  52.709] arm(s): 0x4F PGA
[  52.709] L_ALM PGAH_ALM PGAD
[  52.709] _ALM
[  53.715] [STATUS] t_ms=71525 hwm=6 cap=256 dropped=0 dropped_total=613 crc_err=0 crc_err_total=0 rate1=512 rate2=512 prod1=512 prod2=512 dac_err=0 tx_drop=376 hb_ms=0 sma_state=6 m7_us=73742271 m4_us=71547214 vdd=5.067 offset=0.5000 aref=3.145 loop_us_avg=33 loop_us_max=5713 loop_hz=30303 cycle_log_ms=1 n_cycle=4 cc=0 cc_hz=0 cc_i_tgt=0.6500 cc_u=2.7042 cc_r=4.1603 cc_tau_ms=7.00
[  54.722] [ADC1
[  54.722] ] STATUS alarm(s): 0
[  54.722] [STATUS] t_ms=72525 hwm=6 cap=256 dropped=0 dropped_total=613 crc_err=0 crc_err_total=0 rate1=512 rate2=512 prod1=512 prod2=512 dac_err=0 tx_drop=376 hb_ms=0 sma_state=6 m7_us=74774207 m4_us=72579172 vdd=5.067 offset=0.5000 aref=3.145 loop_us_avg=33 loop_us_max=5721 loop_hz=30303 cycle_log_ms=1 n_cycle=4 cc=0 cc_hz=0 cc_i_tgt=0.6500 cc_u=2.7042 cc_r=4.1603 cc_tau_ms=7.00
[  55.727] [AD
[  55.727] C1] STATUS alarm(
[  55.727] LM PGAH_ALM PGAD_ALM
[  55.789] [STATUS] t_ms=73525 hwm=6 cap=256 dropped=0 dropped_total=613 crc_err=0 crc_err_total=0 rate1=512 rate2=512 prod1=512 prod2=512 dac_err=0 tx_drop=376 hb_ms=0 sma_state=6 m7_us=75806179 m4_us=73611146 vdd=5.067 offset=0.5000 aref=3.145 loop_us_avg=33 loop_us_max=5704 loop_hz=30303 cycle_log_ms=1 n_cycle=4 cc=0 cc_hz=0 cc_i_tgt=0.6500 cc_u=2.7042 cc_r=4.1603 cc_tau_ms=7.00
[  56.732] [A
[  56.732] DC1] STATUS alarm(
[  56.732] LM PGAH_ALM PGAD_
[  56.732] ALM
[  56.795] [STATUS] t_ms=74525 hwm=6 cap=256 dropped=0 dropped_total=613 crc_err=0 crc_err_total=0 rate1=512 rate2=512 prod1=512 prod2=512 dac_err=0 tx_drop=376 hb_ms=0 sma_state=6 m7_us=76838178 m4_us=74643146 vdd=5.067 offset=0.5000 aref=3.145 loop_us_avg=33 loop_us_max=5687 loop_hz=30303 cycle_log_ms=1 n_cycle=4 cc=0 cc_hz=0 cc_i_tgt=0.6500 cc_u=2.7042 cc_r=4.1603 cc_tau_ms=7.00
[  57.745] [ADC
[  57.745] 1] STATUS alarm(
[  57.745] M PGAH_ALM PGAD
[  57.745] _ALM
[  57.872] [STATUS] t_ms=75525 hwm=6 cap=256 dropped=0 dropped_total=613 crc_err=0 crc_err_total=0 rate1=512 rate2=512 prod1=512 prod2=512 dac_err=0 tx_drop=376 hb_ms=0 sma_state=6 m7_us=77870164 m4_us=75675118 vdd=5.067 offset=0.5000 aref=3.145 loop_us_avg=33 loop_us_max=5705 loop_hz=30303 cycle_log_ms=1 n_cycle=4 cc=0 cc_hz=0 cc_i_tgt=0.6500 cc_u=2.7042 cc_r=4.1603 cc_tau_ms=7.00
[  58.759] PGAD_ALM
[  58.887] [STATUS] t_ms=76525 hwm=6 cap=256 dropped=0 dropped_total=613 crc_err=0 crc_err_total=0 rate1=512 rate2=512 prod1=512 prod2=512 dac_err=0 tx_drop=376 hb_ms=0 sma_state=6 m7_us=78902153 m4_us=76707118 vdd=5.067 offset=0.5000 aref=3.145 loop_us_avg=33 loop_us_max=5696 loop_hz=30303 cycle_log_ms=1 n_cycle=4 cc=0 cc_hz=0 cc_i_tgt=0.6500 cc_u=2.7042 cc_r=4.1603 cc_tau_ms=7.00
[  59.894] [STATUS] t_ms=77525 hwm=6 cap=256 dropped=0 dropped_total=613 crc_err=0 crc_err_total=0 rate1=512 rate2=512 prod1=512 prod2=512 dac_err=0 tx_drop=376 hb_ms=0 sma_state=6 m7_us=79934131 m4_us=77739102 vdd=5.067 offset=0.5000 aref=3.145 loop_us_avg=33 loop_us_max=5703 loop_hz=30303 cycle_log_ms=1 n_cycle=4 cc=0 cc_hz=0 cc_i_tgt=0.6500 cc_u=2.7042 cc_r=4.1603 cc_tau_ms=7.00
[  60.774] [ADC1]
[  60.774] STATUS alarm(s):
[  60.964] [STATUS] t_ms=78525 hwm=6 cap=256 dropped=0 dropped_total=613 crc_err=0 crc_err_total=0 rate1=512 rate2=512 prod1=512 prod2=512 dac_err=0 tx_drop=376 hb_ms=0 sma_state=6 m7_us=80966092 m4_us=78771063 vdd=5.067 offset=0.5000 aref=3.145 loop_us_avg=33 loop_us_max=5706 loop_hz=30303 cycle_log_ms=1 n_cycle=4 cc=0 cc_hz=0 cc_i_tgt=0.6500 cc_u=2.7042 cc_r=4.1603 cc_tau_ms=7.00
[  61.780] [ADC1]
[  61.780] STATUS alarm(s):
[  61.780] H_ALM PGAD_ALM
[  61.970] [STATUS] t_ms=79525 hwm=6 cap=256 dropped=0 dropped_total=613 crc_err=0 crc_err_total=0 rate1=512 rate2=512 prod1=512 prod2=512 dac_err=0 tx_drop=376 hb_ms=0 sma_state=6 m7_us=81998065 m4_us=79803034 vdd=5.067 offset=0.5000 aref=3.145 loop_us_avg=33 loop_us_max=5710 loop_hz=30303 cycle_log_ms=1 n_cycle=4 cc=0 cc_hz=0 cc_i_tgt=0.6500 cc_u=2.7042 cc_r=4.1603 cc_tau_ms=7.00
[  62.657] [SMA] [ACT] -> idle (done) after 2 cycle(s); still armed
[  62.781] [A
[  62.781] DC1] STATUS al
[  62.781] arm(s): 0xF PGA
[  62.781] L_ALM PGAH_ALM
[  62.781] PGAD_ALM
[  62.969] [STATUS] t_ms=80525 hwm=6 cap=256 dropped=0 dropped_total=613 crc_err=0 crc_err_total=0 rate1=512 rate2=512 prod1=512 prod2=512 dac_err=0 tx_drop=376 hb_ms=0 sma_state=0 m7_us=83030070 m4_us=80835022 vdd=5.067 offset=0.5000 aref=3.145 loop_us_avg=29 loop_us_max=5703 loop_hz=34482 cycle_log_ms=1 n_cycle=4 cc=0 cc_hz=0 cc_i_tgt=0.6500 cc_u=2.7042 cc_r=4.1603 cc_tau_ms=7.00
