[   0.054] [SMA] ARMED (MOSFET on); idle=0.500 V
[   0.055] [ADC1] STA
[   0.055] TUS alarm(s): 0
[   0.055] GAH_ALM
[   0.055] [STATUS] t_ms=5558016 hwm=4 cap=256 dropped=0 dropped_total=79705 crc_err=0 crc_err_total=0 rate1=512 rate2=512 prod1=512 prod2=512 dac_err=0 tx_drop=377 hb_ms=0 sma_state=0 m7_us=1441515156 m4_us=1439321207 vdd=5.067 offset=0.5000 aref=3.145 loop_us_avg=21 loop_us_max=4727 loop_hz=47619 cycle_log_ms=1 n_cycle=4 cc=0 cc_hz=0 cc_i_tgt=0.4500 cc_u=1.7491 cc_r=3.8267 cc_tau_ms=7.00
[   0.864] [ADC1]
[   0.864] STATUS alarm(s): 0
[   0.864] AH_ALM
[   1.050] [STATUS] t_ms=5559016 hwm=4 cap=256 dropped=0 dropped_total=79705 crc_err=0 crc_err_total=0 rate1=512 rate2=512 prod1=512 prod2=512 dac_err=0 tx_drop=377 hb_ms=0 sma_state=0 m7_us=1442547503 m4_us=1440353495 vdd=5.067 offset=0.5000 aref=3.145 loop_us_avg=22 loop_us_max=4703 loop_hz=45454 cycle_log_ms=1 n_cycle=4 cc=0 cc_hz=0 cc_i_tgt=0.4500 cc_u=1.7491 cc_r=3.8267 cc_tau_ms=7.00
[   1.859] [ADC1]
[   1.859] STATUS alarm(s):
[   1.859] GAH_ALM
[   0.061] [SMA] [CC] start i_high=550.0mA i_low=0.0mA t_high=400 t_idle=30000 n=6 (0=cont) tau_ms=7.0 wdt_ms=5000
[   0.061] [STATUS] t_ms=5560016 hwm=4 cap=256 dropped=0 dropped_total=79705 crc_err=0 crc_err_total=0 rate1=512 rate2=512 prod1=512 prod2=512 dac_err=0 tx_drop=377 hb_ms=0 sma_state=7 m7_us=1443579778 m4_us=1441385796 vdd=5.067 offset=0.5000 aref=3.145 loop_us_avg=22 loop_us_max=4736 loop_hz=45454 cycle_log_ms=1 n_cycle=4 cc=0 cc_hz=0 cc_i_tgt=0.4500 cc_u=0.0000 cc_r=0.0000 cc_tau_ms=7.00
[   0.124] [SMA] [CC] seed R=4.052 ohm  I=123.4 mA  u=0.500 V  n=98
[   0.124] [SMA] [ACT] heat n=1/6 I=550.0mA ms=400
[   0.564] [SMA] [ACT] cool n=1/6 I=0.0mA ms=30000
[   0.814] [ADC1
[   0.814] ] STATUS alarm(s):
[   1.126] [STATUS] t_ms=5561016 hwm=4 cap=256 dropped=0 dropped_total=79705 crc_err=0 crc_err_total=0 rate1=512 rate2=511 prod1=512 prod2=511 dac_err=0 tx_drop=377 hb_ms=0 sma_state=6 m7_us=1444611035 m4_us=1442417052 vdd=5.067 offset=0.5000 aref=3.145 loop_us_avg=45 loop_us_max=4972 loop_hz=22222 cycle_log_ms=1 n_cycle=4 cc=0 cc_hz=411 cc_i_tgt=0.5500 cc_u=2.1143 cc_r=3.8173 cc_tau_ms=7.00
[   1.818] GAH_ALM
[   1.818] [ADC1] STATUS alar
[   1.818] m(s): 0xCD P
[   2.132] [STATUS] t_ms=5562016 hwm=5 cap=256 dropped=0 dropped_total=79705 crc_err=0 crc_err_total=0 rate1=512 rate2=512 prod1=512 prod2=512 dac_err=0 tx_drop=377 hb_ms=0 sma_state=6 m7_us=1445643396 m4_us=1443449295 vdd=5.067 offset=0.5000 aref=3.145 loop_us_avg=33 loop_us_max=4907 loop_hz=30303 cycle_log_ms=1 n_cycle=4 cc=0 cc_hz=0 cc_i_tgt=0.5500 cc_u=2.1143 cc_r=3.8173 cc_tau_ms=7.00
[   2.880] GA
[   2.880] L_ALM PGAH_ALM
[   2.880] [ADC1] STATUS alarm(s
[   3.129] [STATUS] t_ms=5563016 hwm=5 cap=256 dropped=0 dropped_total=79705 crc_err=0 crc_err_total=0 rate1=512 rate2=512 prod1=512 prod2=512 dac_err=0 tx_drop=377 hb_ms=0 sma_state=6 m7_us=1446675546 m4_us=1444481532 vdd=5.067 offset=0.5000 aref=3.145 loop_us_avg=33 loop_us_max=5018 loop_hz=30303 cycle_log_ms=1 n_cycle=4 cc=0 cc_hz=0 cc_i_tgt=0.5500 cc_u=2.1143 cc_r=3.8173 cc_tau_ms=7.00
[   3.880] ): 0xC9 P
[   3.880] GAL_ALM
[   3.880] [ADC1] S
[   3.880] TATUS alarm(s
[   4.193] [STATUS] t_ms=5564016 hwm=5 cap=256 dropped=0 dropped_total=79705 crc_err=0 crc_err_total=0 rate1=512 rate2=512 prod1=512 prod2=512 dac_err=0 tx_drop=377 hb_ms=0 sma_state=6 m7_us=1447707860 m4_us=1445513759 vdd=5.067 offset=0.5000 aref=3.145 loop_us_avg=33 loop_us_max=4950 loop_hz=30303 cycle_log_ms=1 n_cycle=4 cc=0 cc_hz=0 cc_i_tgt=0.5500 cc_u=2.1143 cc_r=3.8173 cc_tau_ms=7.00
[   4.884] ):
[   4.884] [ADC1] STATUS al
[   4.884] arm(
[   5.198] [STATUS] t_ms=5565016 hwm=5 cap=256 dropped=0 dropped_total=79705 crc_err=0 crc_err_total=0 rate1=512 rate2=512 prod1=512 prod2=512 dac_err=0 tx_drop=377 hb_ms=0 sma_state=6 m7_us=1448739991 m4_us=1446546022 vdd=5.067 offset=0.5000 aref=3.145 loop_us_avg=33 loop_us_max=5010 loop_hz=30303 cycle_log_ms=1 n_cycle=4 cc=0 cc_hz=0 cc_i_tgt=0.5500 cc_u=2.1143 cc_r=3.8173 cc_tau_ms=7.00
[   5.890] s): 0x
[   5.890] [ADC1
[   5.890] ] STATUS alarm
[   6.265] [STATUS] t_ms=5566016 hwm=5 cap=256 dropped=0 dropped_total=79705 crc_err=0 crc_err_total=0 rate1=512 rate2=512 prod1=512 prod2=512 dac_err=0 tx_drop=377 hb_ms=0 sma_state=6 m7_us=1449772367 m4_us=1447578268 vdd=5.067 offset=0.5000 aref=3.145 loop_us_avg=33 loop_us_max=4919 loop_hz=30303 cycle_log_ms=1 n_cycle=4 cc=0 cc_hz=0 cc_i_tgt=0.5500 cc_u=2.1143 cc_r=3.8173 cc_tau_ms=7.00
[   6.891] [ADC1] STATUS alarm
[   7.264] [STATUS] t_ms=5567016 hwm=5 cap=256 dropped=0 dropped_total=79705 crc_err=0 crc_err_total=0 rate1=512 rate2=512 prod1=512 prod2=512 dac_err=0 tx_drop=377 hb_ms=0 sma_state=6 m7_us=1450804473 m4_us=1448610470 vdd=5.067 offset=0.5000 aref=3.145 loop_us_avg=33 loop_us_max=5013 loop_hz=30303 cycle_log_ms=1 n_cycle=4 cc=0 cc_hz=0 cc_i_tgt=0.5500 cc_u=2.1143 cc_r=3.8173 cc_tau_ms=7.00
[   7.889] [ADC1] STATUS alarm(
[   8.327] [STATUS] t_ms=5568016 hwm=5 cap=256 dropped=0 dropped_total=79705 crc_err=0 crc_err_total=0 rate1=512 rate2=512 prod1=512 prod2=512 dac_err=0 tx_drop=377 hb_ms=0 sma_state=6 m7_us=1451836689 m4_us=1449642694 vdd=5.067 offset=0.5000 aref=3.145 loop_us_avg=33 loop_us_max=4959 loop_hz=30303 cycle_log_ms=1 n_cycle=4 cc=0 cc_hz=0 cc_i_tgt=0.5500 cc_u=2.1143 cc_r=3.8173 cc_tau_ms=7.00
[   8.890] s): 0x9 PGA
[   8.890] L_ALM
[   8.890] [ADC1] STATUS alarm(s
[   9.329] [STATUS] t_ms=5569016 hwm=5 cap=256 dropped=0 dropped_total=79705 crc_err=0 crc_err_total=0 rate1=512 rate2=512 prod1=512 prod2=512 dac_err=0 tx_drop=377 hb_ms=0 sma_state=6 m7_us=1452869040 m4_us=1450674908 vdd=5.067 offset=0.5000 aref=3.145 loop_us_avg=33 loop_us_max=4933 loop_hz=30303 cycle_log_ms=1 n_cycle=4 cc=0 cc_hz=0 cc_i_tgt=0.5500 cc_u=2.1143 cc_r=3.8173 cc_tau_ms=7.00
[   9.895] ):
[   9.895] [ADC1] STATUS
[   9.895] alarm(s
[  10.396] [STATUS] t_ms=5570016 hwm=5 cap=256 dropped=0 dropped_total=79705 crc_err=0 crc_err_total=0 rate1=512 rate2=512 prod1=512 prod2=512 dac_err=0 tx_drop=377 hb_ms=0 sma_state=6 m7_us=1453901346 m4_us=1451707100 vdd=5.067 offset=0.5000 aref=3.145 loop_us_avg=33 loop_us_max=5143 loop_hz=30303 cycle_log_ms=1 n_cycle=4 cc=0 cc_hz=0 cc_i_tgt=0.5500 cc_u=2.1143 cc_r=3.8173 cc_tau_ms=7.00
[  10.895] [ADC1] STATUS alar
[  10.895] m(s
[  11.395] [STATUS] t_ms=5571016 hwm=5 cap=256 dropped=0 dropped_total=79705 crc_err=0 crc_err_total=0 rate1=512 rate2=512 prod1=512 prod2=512 dac_err=0 tx_drop=377 hb_ms=0 sma_state=6 m7_us=1454933598 m4_us=1452739363 vdd=5.067 offset=0.5000 aref=3.145 loop_us_avg=33 loop_us_max=5005 loop_hz=30303 cycle_log_ms=1 n_cycle=4 cc=0 cc_hz=0 cc_i_tgt=0.5500 cc_u=2.1143 cc_r=3.8173 cc_tau_ms=7.00
[  11.897] [ADC1] STATUS alarm(s
[  12.465] [STATUS] t_ms=5572016 hwm=5 cap=256 dropped=0 dropped_total=79705 crc_err=0 crc_err_total=0 rate1=512 rate2=513 prod1=512 prod2=513 dac_err=0 tx_drop=377 hb_ms=0 sma_state=6 m7_us=1455966624 m4_us=1453772615 vdd=5.067 offset=0.5000 aref=3.145 loop_us_avg=33 loop_us_max=4936 loop_hz=30303 cycle_log_ms=1 n_cycle=4 cc=0 cc_hz=0 cc_i_tgt=0.5500 cc_u=2.1143 cc_r=3.8173 cc_tau_ms=7.00
[  12.907] [ADC1] STATUS alarm(s
[  13.473] [STATUS] t_ms=5573016 hwm=5 cap=256 dropped=0 dropped_total=79705 crc_err=0 crc_err_total=0 rate1=512 rate2=511 prod1=512 prod2=511 dac_err=0 tx_drop=377 hb_ms=0 sma_state=6 m7_us=1456997828 m4_us=1454803836 vdd=5.067 offset=0.5000 aref=3.145 loop_us_avg=33 loop_us_max=5046 loop_hz=30303 cycle_log_ms=1 n_cycle=4 cc=0 cc_hz=0 cc_i_tgt=0.5500 cc_u=2.1143 cc_r=3.8173 cc_tau_ms=7.00
[  13.910] ): 0x4
[  13.910] [ADC1] STATUS alarm(s
[  14.536] [STATUS] t_ms=5574016 hwm=5 cap=256 dropped=0 dropped_total=79705 crc_err=0 crc_err_total=0 rate1=512 rate2=512 prod1=512 prod2=512 dac_err=0 tx_drop=377 hb_ms=0 sma_state=6 m7_us=1458030129 m4_us=1455836047 vdd=5.067 offset=0.5000 aref=3.145 loop_us_avg=33 loop_us_max=4919 loop_hz=30303 cycle_log_ms=1 n_cycle=4 cc=0 cc_hz=0 cc_i_tgt=0.5500 cc_u=2.1143 cc_r=3.8173 cc_tau_ms=7.00
[  14.971] ): 0x49
[  14.971] [ADC1] ST
[  14.971] ATUS alarm(s
[  15.535] [STATUS] t_ms=5575016 hwm=5 cap=256 dropped=0 dropped_total=79705 crc_err=0 crc_err_total=0 rate1=512 rate2=512 prod1=512 prod2=512 dac_err=0 tx_drop=377 hb_ms=0 sma_state=6 m7_us=1459062282 m4_us=1456868303 vdd=5.067 offset=0.5000 aref=3.145 loop_us_avg=33 loop_us_max=5041 loop_hz=30303 cycle_log_ms=1 n_cycle=4 cc=0 cc_hz=0 cc_i_tgt=0.5500 cc_u=2.1143 cc_r=3.8173 cc_tau_ms=7.00
[  15.972] ): 0x49 P
[  15.972] GAL_ALM
[  15.972] [ADC1]
[  15.972] STATUS alarm(s
[  16.593] [STATUS] t_ms=5576016 hwm=5 cap=256 dropped=0 dropped_total=79705 crc_err=0 crc_err_total=0 rate1=512 rate2=512 prod1=512 prod2=512 dac_err=0 tx_drop=377 hb_ms=0 sma_state=6 m7_us=1460094697 m4_us=1457900572 vdd=5.067 offset=0.5000 aref=3.145 loop_us_avg=33 loop_us_max=4919 loop_hz=30303 cycle_log_ms=1 n_cycle=4 cc=0 cc_hz=0 cc_i_tgt=0.5500 cc_u=2.1143 cc_r=3.8173 cc_tau_ms=7.00
[  16.972] [ADC1] STATUS alarm(s
[  17.597] [STATUS] t_ms=5577016 hwm=5 cap=256 dropped=0 dropped_total=79705 crc_err=0 crc_err_total=0 rate1=512 rate2=512 prod1=512 prod2=512 dac_err=0 tx_drop=377 hb_ms=0 sma_state=6 m7_us=1461126803 m4_us=1458932815 vdd=5.067 offset=0.5000 aref=3.145 loop_us_avg=33 loop_us_max=5068 loop_hz=30303 cycle_log_ms=1 n_cycle=4 cc=0 cc_hz=0 cc_i_tgt=0.5500 cc_u=2.1143 cc_r=3.8173 cc_tau_ms=7.00
[  17.979] [ADC1] STATUS alarm(s
[  18.668] [STATUS] t_ms=5578016 hwm=5 cap=256 dropped=0 dropped_total=79705 crc_err=0 crc_err_total=0 rate1=512 rate2=512 prod1=512 prod2=512 dac_err=0 tx_drop=377 hb_ms=0 sma_state=6 m7_us=1462159160 m4_us=1459965071 vdd=5.067 offset=0.5000 aref=3.145 loop_us_avg=33 loop_us_max=4917 loop_hz=30303 cycle_log_ms=1 n_cycle=4 cc=0 cc_hz=0 cc_i_tgt=0.5500 cc_u=2.1143 cc_r=3.8173 cc_tau_ms=7.00
[  18.981] ): 0xC9 P
[  18.981] GAL_ALM
[  18.981] [ADC1] STATUS alarm(s
[  19.661] [STATUS] t_ms=5579016 hwm=5 cap=256 dropped=0 dropped_total=79705 crc_err=0 crc_err_total=0 rate1=512 rate2=512 prod1=512 prod2=512 dac_err=0 tx_drop=377 hb_ms=0 sma_state=6 m7_us=1463191318 m4_us=1460997315 vdd=5.067 offset=0.5000 aref=3.145 loop_us_avg=33 loop_us_max=5008 loop_hz=30303 cycle_log_ms=1 n_cycle=4 cc=0 cc_hz=0 cc_i_tgt=0.5500 cc_u=2.1143 cc_r=3.8173 cc_tau_ms=7.00
[  19.974] ): 0xC9
[  19.974] [ADC1]
[  19.974] STATUS alarm(s
[  20.724] [STATUS] t_ms=5580016 hwm=5 cap=256 dropped=0 dropped_total=79705 crc_err=0 crc_err_total=0 rate1=512 rate2=512 prod1=512 prod2=512 dac_err=0 tx_drop=377 hb_ms=0 sma_state=6 m7_us=1464223532 m4_us=1462029555 vdd=5.067 offset=0.5000 aref=3.145 loop_us_avg=33 loop_us_max=4980 loop_hz=30303 cycle_log_ms=1 n_cycle=4 cc=0 cc_hz=0 cc_i_tgt=0.5500 cc_u=2.1143 cc_r=3.8173 cc_tau_ms=7.00
[  20.972] ): 0xC9
[  20.972] [ADC1]
[  20.972] STATUS alarm(
[  21.719] [STATUS] t_ms=5581016 hwm=5 cap=256 dropped=0 dropped_total=79705 crc_err=0 crc_err_total=0 rate1=512 rate2=512 prod1=512 prod2=512 dac_err=0 tx_drop=377 hb_ms=0 sma_state=6 m7_us=1465255933 m4_us=1463061791 vdd=5.067 offset=0.5000 aref=3.145 loop_us_avg=33 loop_us_max=4960 loop_hz=30303 cycle_log_ms=1 n_cycle=4 cc=0 cc_hz=0 cc_i_tgt=0.5500 cc_u=2.1143 cc_r=3.8173 cc_tau_ms=7.00
[  22.031] [ADC1] STATU
[  22.031] S alarm
[  22.780] [STATUS] t_ms=5582016 hwm=5 cap=256 dropped=0 dropped_total=79705 crc_err=0 crc_err_total=0 rate1=512 rate2=512 prod1=512 prod2=512 dac_err=0 tx_drop=377 hb_ms=0 sma_state=6 m7_us=1466288091 m4_us=1464094067 vdd=5.067 offset=0.5000 aref=3.145 loop_us_avg=34 loop_us_max=5055 loop_hz=29411 cycle_log_ms=1 n_cycle=4 cc=0 cc_hz=0 cc_i_tgt=0.5500 cc_u=2.1143 cc_r=3.8173 cc_tau_ms=7.00
[  23.029] [ADC1] STATUS alarm
[  23.833] [STATUS] t_ms=5583016 hwm=5 cap=256 dropped=0 dropped_total=79705 crc_err=0 crc_err_total=0 rate1=512 rate2=512 prod1=512 prod2=512 dac_err=0 tx_drop=377 hb_ms=0 sma_state=6 m7_us=1467320393 m4_us=1465126310 vdd=5.067 offset=0.5000 aref=3.145 loop_us_avg=34 loop_us_max=4949 loop_hz=29411 cycle_log_ms=1 n_cycle=4 cc=0 cc_hz=0 cc_i_tgt=0.5500 cc_u=2.1143 cc_r=3.8173 cc_tau_ms=7.00
[  24.021] (s):
[  24.021] [ADC1] STATUS alarm(
[  24.830] [STATUS] t_ms=5584016 hwm=5 cap=256 dropped=0 dropped_total=79705 crc_err=0 crc_err_total=0 rate1=512 rate2=512 prod1=512 prod2=512 dac_err=0 tx_drop=377 hb_ms=0 sma_state=6 m7_us=1468352555 m4_us=1466158534 vdd=5.067 offset=0.5000 aref=3.145 loop_us_avg=33 loop_us_max=4988 loop_hz=30303 cycle_log_ms=1 n_cycle=4 cc=0 cc_hz=0 cc_i_tgt=0.5500 cc_u=2.1143 cc_r=3.8173 cc_tau_ms=7.00
[  25.017] s): 0x9 P
[  25.017] GAL_ALM
[  25.017] [ADC1]
[  25.017] STATUS alarm(s
[  25.891] [STATUS] t_ms=5585016 hwm=5 cap=256 dropped=0 dropped_total=79705 crc_err=0 crc_err_total=0 rate1=512 rate2=512 prod1=512 prod2=512 dac_err=0 tx_drop=377 hb_ms=0 sma_state=6 m7_us=1469384767 m4_us=1467190735 vdd=5.067 offset=0.5000 aref=3.145 loop_us_avg=33 loop_us_max=4965 loop_hz=30303 cycle_log_ms=1 n_cycle=4 cc=0 cc_hz=0 cc_i_tgt=0.5500 cc_u=2.1143 cc_r=3.8173 cc_tau_ms=7.00
[  26.017] ): 0
[  26.017] [A
[  26.017] DC1] STATUS alar
[  26.017] m(s
[  26.889] [STATUS] t_ms=5586016 hwm=5 cap=256 dropped=0 dropped_total=79705 crc_err=0 crc_err_total=0 rate1=512 rate2=512 prod1=512 prod2=512 dac_err=0 tx_drop=377 hb_ms=0 sma_state=6 m7_us=1470416974 m4_us=1468222947 vdd=5.067 offset=0.5000 aref=3.145 loop_us_avg=33 loop_us_max=5005 loop_hz=30303 cycle_log_ms=1 n_cycle=4 cc=0 cc_hz=0 cc_i_tgt=0.5500 cc_u=2.1143 cc_r=3.8173 cc_tau_ms=7.00
[  27.013] ): 0x4
[  27.013] [ADC
[  27.013] 1] STATUS alarm(s
[  27.948] [STATUS] t_ms=5587016 hwm=5 cap=256 dropped=0 dropped_total=79705 crc_err=0 crc_err_total=0 rate1=512 rate2=512 prod1=512 prod2=512 dac_err=0 tx_drop=377 hb_ms=0 sma_state=6 m7_us=1471449472 m4_us=1469255164 vdd=5.067 offset=0.5000 aref=3.145 loop_us_avg=33 loop_us_max=4965 loop_hz=30303 cycle_log_ms=1 n_cycle=4 cc=0 cc_hz=0 cc_i_tgt=0.5500 cc_u=2.1143 cc_r=3.8173 cc_tau_ms=7.00
[  28.071] ): 0x49
[  28.071] [ADC1] S
[  28.071] TATUS alarm(s
[  28.940] [STATUS] t_ms=5588016 hwm=5 cap=256 dropped=0 dropped_total=79705 crc_err=0 crc_err_total=0 rate1=512 rate2=512 prod1=512 prod2=512 dac_err=0 tx_drop=377 hb_ms=0 sma_state=6 m7_us=1472481630 m4_us=1470287404 vdd=5.067 offset=0.5000 aref=3.145 loop_us_avg=33 loop_us_max=5281 loop_hz=30303 cycle_log_ms=1 n_cycle=4 cc=0 cc_hz=0 cc_i_tgt=0.5500 cc_u=2.1143 cc_r=3.8173 cc_tau_ms=7.00
[  29.065] ): 0x49 PG
[  29.065] AL_ALM
[  29.065] [ADC1] S
[  29.065] TATUS alarm(s
[  30.004] [STATUS] t_ms=5589016 hwm=5 cap=256 dropped=0 dropped_total=79705 crc_err=0 crc_err_total=0 rate1=512 rate2=512 prod1=512 prod2=512 dac_err=0 tx_drop=377 hb_ms=0 sma_state=6 m7_us=1473513846 m4_us=1471319657 vdd=5.067 offset=0.5000 aref=3.145 loop_us_avg=34 loop_us_max=4971 loop_hz=29411 cycle_log_ms=1 n_cycle=4 cc=0 cc_hz=0 cc_i_tgt=0.5500 cc_u=2.1143 cc_r=3.8173 cc_tau_ms=7.00
[  30.066] ): 0x49 P
[  30.066] GAL_ALM
[  30.066] [ADC1] ST
[  30.066] ATUS alarm(s
[  31.061] [STATUS] t_ms=5590016 hwm=5 cap=256 dropped=0 dropped_total=79705 crc_err=0 crc_err_total=0 rate1=512 rate2=513 prod1=512 prod2=513 dac_err=0 tx_drop=377 hb_ms=0 sma_state=6 m7_us=1474546903 m4_us=1472352906 vdd=5.067 offset=0.5000 aref=3.145 loop_us_avg=33 loop_us_max=4934 loop_hz=30303 cycle_log_ms=1 n_cycle=4 cc=0 cc_hz=0 cc_i_tgt=0.5500 cc_u=2.1143 cc_r=3.8173 cc_tau_ms=7.00
[  31.061] ): 0x49 PGA
[  31.061] L_ALM
[  31.061] [ADC1] STAT
[  31.061] US alarm(s
[  31.500] [SMA] [ACT] heat n=2/6 I=550.0mA ms=400
[  31.936] [SMA] [ACT] cool n=2/6 I=0.0mA ms=30000
[  32.060] [STATUS] t_ms=5591016 hwm=5 cap=256 dropped=0 dropped_total=79705 crc_err=0 crc_err_total=0 rate1=512 rate2=511 prod1=512 prod2=511 dac_err=0 tx_drop=377 hb_ms=0 sma_state=6 m7_us=1475578404 m4_us=1473384095 vdd=5.067 offset=0.5000 aref=3.145 loop_us_avg=45 loop_us_max=5036 loop_hz=22222 cycle_log_ms=1 n_cycle=4 cc=0 cc_hz=410 cc_i_tgt=0.5500 cc_u=2.0241 cc_r=3.8078 cc_tau_ms=7.00
[  32.060] [ADC1] STATUS alarm(s
[  33.122] [STATUS] t_ms=5592016 hwm=5 cap=256 dropped=0 dropped_total=79705 crc_err=0 crc_err_total=0 rate1=512 rate2=512 prod1=512 prod2=512 dac_err=0 tx_drop=377 hb_ms=0 sma_state=6 m7_us=1476610515 m4_us=1474416249 vdd=5.067 offset=0.5000 aref=3.145 loop_us_avg=33 loop_us_max=4984 loop_hz=30303 cycle_log_ms=1 n_cycle=4 cc=0 cc_hz=0 cc_i_tgt=0.5500 cc_u=2.0241 cc_r=3.8078 cc_tau_ms=7.00
[  33.122] [ADC1] STATUS alarm(s
[  34.114] ): 0xC
[  34.114] [ADC1] STATUS alarm(s
[  34.114] [STATUS] t_ms=5593016 hwm=5 cap=256 dropped=0 dropped_total=79705 crc_err=0 crc_err_total=0 rate1=512 rate2=512 prod1=512 prod2=512 dac_err=0 tx_drop=377 hb_ms=0 sma_state=6 m7_us=1477642623 m4_us=1475448406 vdd=5.067 offset=0.5000 aref=3.145 loop_us_avg=33 loop_us_max=5013 loop_hz=30303 cycle_log_ms=1 n_cycle=4 cc=0 cc_hz=0 cc_i_tgt=0.5500 cc_u=2.0241 cc_r=3.8078 cc_tau_ms=7.00
[  35.113] ): 0
[  35.113] [AD
[  35.113] C1] STATUS alarm(s
[  35.175] [STATUS] t_ms=5594016 hwm=5 cap=256 dropped=0 dropped_total=79705 crc_err=0 crc_err_total=0 rate1=512 rate2=512 prod1=512 prod2=512 dac_err=0 tx_drop=377 hb_ms=0 sma_state=6 m7_us=1478674832 m4_us=1476480598 vdd=5.067 offset=0.5000 aref=3.145 loop_us_avg=33 loop_us_max=4941 loop_hz=30303 cycle_log_ms=1 n_cycle=4 cc=0 cc_hz=0 cc_i_tgt=0.5500 cc_u=2.0241 cc_r=3.8078 cc_tau_ms=7.00
[  36.109] ): 0xC9 PG
[  36.109] AL_ALM
[  36.109] [ADC1] S
[  36.109] TATUS alarm(s
[  36.172] [STATUS] t_ms=5595016 hwm=5 cap=256 dropped=0 dropped_total=79705 crc_err=0 crc_err_total=0 rate1=512 rate2=512 prod1=512 prod2=512 dac_err=0 tx_drop=377 hb_ms=0 sma_state=6 m7_us=1479707032 m4_us=1477512799 vdd=5.067 offset=0.5000 aref=3.145 loop_us_avg=33 loop_us_max=4987 loop_hz=30303 cycle_log_ms=1 n_cycle=4 cc=0 cc_hz=0 cc_i_tgt=0.5500 cc_u=2.0241 cc_r=3.8078 cc_tau_ms=7.00
[  37.108] ): 0xC9 PG
[  37.108] AL_ALM
[  37.108] [ADC1] ST
[  37.108] ATUS alarm(s
[  37.234] [STATUS] t_ms=5596016 hwm=5 cap=256 dropped=0 dropped_total=79705 crc_err=0 crc_err_total=0 rate1=512 rate2=512 prod1=512 prod2=512 dac_err=0 tx_drop=377 hb_ms=0 sma_state=6 m7_us=1480739249 m4_us=1478545014 vdd=5.067 offset=0.5000 aref=3.145 loop_us_avg=33 loop_us_max=5076 loop_hz=30303 cycle_log_ms=1 n_cycle=4 cc=0 cc_hz=0 cc_i_tgt=0.5500 cc_u=2.0241 cc_r=3.8078 cc_tau_ms=7.00
[  38.110] [ADC1] S
[  38.110] TATUS alarm(
[  38.236] [STATUS] t_ms=5597016 hwm=5 cap=256 dropped=0 dropped_total=79705 crc_err=0 crc_err_total=0 rate1=512 rate2=512 prod1=512 prod2=512 dac_err=0 tx_drop=377 hb_ms=0 sma_state=6 m7_us=1481771401 m4_us=1479577193 vdd=5.067 offset=0.5000 aref=3.145 loop_us_avg=33 loop_us_max=4938 loop_hz=30303 cycle_log_ms=1 n_cycle=4 cc=0 cc_hz=0 cc_i_tgt=0.5500 cc_u=2.0241 cc_r=3.8078 cc_tau_ms=7.00
[  39.109] [ADC1] STATUS alarm
[  39.297] [STATUS] t_ms=5598016 hwm=5 cap=256 dropped=0 dropped_total=79705 crc_err=0 crc_err_total=0 rate1=512 rate2=512 prod1=512 prod2=512 dac_err=0 tx_drop=377 hb_ms=0 sma_state=6 m7_us=1482803603 m4_us=1480609407 vdd=5.067 offset=0.5000 aref=3.145 loop_us_avg=33 loop_us_max=4954 loop_hz=30303 cycle_log_ms=1 n_cycle=4 cc=0 cc_hz=0 cc_i_tgt=0.5500 cc_u=2.0241 cc_r=3.8078 cc_tau_ms=7.00
[  40.172] (s): 0x89
[  40.172] [ADC1] STATUS alar
[  40.296] [STATUS] t_ms=5599016 hwm=5 cap=256 dropped=0 dropped_total=79705 crc_err=0 crc_err_total=0 rate1=512 rate2=512 prod1=512 prod2=512 dac_err=0 tx_drop=377 hb_ms=0 sma_state=6 m7_us=1483835805 m4_us=1481641542 vdd=5.067 offset=0.5000 aref=3.145 loop_us_avg=33 loop_us_max=4934 loop_hz=30303 cycle_log_ms=1 n_cycle=4 cc=0 cc_hz=0 cc_i_tgt=0.5500 cc_u=2.0241 cc_r=3.8078 cc_tau_ms=7.00
[  41.174] m(s):
[  41.174] [AD
[  41.174] C1] STATUS alar
[  41.361] [STATUS] t_ms=5600016 hwm=5 cap=256 dropped=0 dropped_total=79705 crc_err=0 crc_err_total=0 rate1=512 rate2=512 prod1=512 prod2=512 dac_err=0 tx_drop=377 hb_ms=0 sma_state=6 m7_us=1484867974 m4_us=1482673718 vdd=5.067 offset=0.5000 aref=3.145 loop_us_avg=33 loop_us_max=4945 loop_hz=30303 cycle_log_ms=1 n_cycle=4 cc=0 cc_hz=0 cc_i_tgt=0.5500 cc_u=2.0241 cc_r=3.8078 cc_tau_ms=7.00
[  42.169] m(s)
[  42.169] [ADC1] STATUS al
[  42.169] arm
[  42.354] [STATUS] t_ms=5601016 hwm=5 cap=256 dropped=0 dropped_total=79705 crc_err=0 crc_err_total=0 rate1=512 rate2=512 prod1=512 prod2=512 dac_err=0 tx_drop=377 hb_ms=0 sma_state=6 m7_us=1485900183 m4_us=1483705916 vdd=5.067 offset=0.5000 aref=3.145 loop_us_avg=34 loop_us_max=4988 loop_hz=29411 cycle_log_ms=1 n_cycle=4 cc=0 cc_hz=0 cc_i_tgt=0.5500 cc_u=2.0241 cc_r=3.8078 cc_tau_ms=7.00
[  43.160] [ADC1] STATUS alarm
[  43.160] (
[  43.411] [STATUS] t_ms=5602016 hwm=5 cap=256 dropped=0 dropped_total=79705 crc_err=0 crc_err_total=0 rate1=512 rate2=512 prod1=512 prod2=512 dac_err=0 tx_drop=377 hb_ms=0 sma_state=6 m7_us=1486932333 m4_us=1484738111 vdd=5.067 offset=0.5000 aref=3.145 loop_us_avg=34 loop_us_max=5033 loop_hz=29411 cycle_log_ms=1 n_cycle=4 cc=0 cc_hz=0 cc_i_tgt=0.5500 cc_u=2.0241 cc_r=3.8078 cc_tau_ms=7.00
[  44.159] [ADC1] STATUS alarm(s
[  44.469] [STATUS] t_ms=5603016 hwm=5 cap=256 dropped=0 dropped_total=79705 crc_err=0 crc_err_total=0 rate1=512 rate2=512 prod1=512 prod2=512 dac_err=0 tx_drop=377 hb_ms=0 sma_state=6 m7_us=1487964492 m4_us=1485770262 vdd=5.067 offset=0.5000 aref=3.145 loop_us_avg=33 loop_us_max=5007 loop_hz=30303 cycle_log_ms=1 n_cycle=4 cc=0 cc_hz=0 cc_i_tgt=0.5500 cc_u=2.0241 cc_r=3.8078 cc_tau_ms=7.00
[  45.217] ):
[  45.217] [
[  45.217] ADC1] STATUS alarm(s
[  45.465] [STATUS] t_ms=5604016 hwm=5 cap=256 dropped=0 dropped_total=79705 crc_err=0 crc_err_total=0 rate1=512 rate2=512 prod1=512 prod2=512 dac_err=0 tx_drop=377 hb_ms=0 sma_state=6 m7_us=1488996646 m4_us=1486802422 vdd=5.067 offset=0.5000 aref=3.145 loop_us_avg=34 loop_us_max=4976 loop_hz=29411 cycle_log_ms=1 n_cycle=4 cc=0 cc_hz=0 cc_i_tgt=0.5500 cc_u=2.0241 cc_r=3.8078 cc_tau_ms=7.00
[  46.207] ): 0x4
[  46.207] [ADC1
[  46.207] ] STATUS alarm(s
[  46.515] [STATUS] t_ms=5605016 hwm=5 cap=256 dropped=0 dropped_total=79705 crc_err=0 crc_err_total=0 rate1=512 rate2=512 prod1=512 prod2=512 dac_err=0 tx_drop=377 hb_ms=0 sma_state=6 m7_us=1490028802 m4_us=1487834582 vdd=5.067 offset=0.5000 aref=3.145 loop_us_avg=33 loop_us_max=4944 loop_hz=30303 cycle_log_ms=1 n_cycle=4 cc=0 cc_hz=0 cc_i_tgt=0.5500 cc_u=2.0241 cc_r=3.8078 cc_tau_ms=7.00
[  47.194] ): 0x49
[  47.194] [ADC1] ST
[  47.194] ATUS alarm(s
[  47.567] [STATUS] t_ms=5606016 hwm=5 cap=256 dropped=0 dropped_total=79705 crc_err=0 crc_err_total=0 rate1=512 rate2=512 prod1=512 prod2=512 dac_err=0 tx_drop=377 hb_ms=0 sma_state=6 m7_us=1491061025 m4_us=1488866751 vdd=5.067 offset=0.5000 aref=3.145 loop_us_avg=33 loop_us_max=4972 loop_hz=30303 cycle_log_ms=1 n_cycle=4 cc=0 cc_hz=0 cc_i_tgt=0.5500 cc_u=2.0241 cc_r=3.8078 cc_tau_ms=7.00
[  48.188] [ADC1] STATU
[  48.188] S alarm(s
[  48.562] [STATUS] t_ms=5607016 hwm=5 cap=256 dropped=0 dropped_total=79705 crc_err=0 crc_err_total=0 rate1=512 rate2=512 prod1=512 prod2=512 dac_err=0 tx_drop=377 hb_ms=0 sma_state=6 m7_us=1492093177 m4_us=1489898943 vdd=5.067 offset=0.5000 aref=3.145 loop_us_avg=33 loop_us_max=5045 loop_hz=30303 cycle_log_ms=1 n_cycle=4 cc=0 cc_hz=0 cc_i_tgt=0.5500 cc_u=2.0241 cc_r=3.8078 cc_tau_ms=7.00
[  49.294] [ADC1] STATUS alarm(s
[  49.603] [STATUS] t_ms=5608016 hwm=5 cap=256 dropped=0 dropped_total=79705 crc_err=0 crc_err_total=0 rate1=512 rate2=512 prod1=512 prod2=512 dac_err=0 tx_drop=377 hb_ms=0 sma_state=6 m7_us=1493125383 m4_us=1490931119 vdd=5.067 offset=0.5000 aref=3.145 loop_us_avg=33 loop_us_max=4967 loop_hz=30303 cycle_log_ms=1 n_cycle=4 cc=0 cc_hz=0 cc_i_tgt=0.5500 cc_u=2.0241 cc_r=3.8078 cc_tau_ms=7.00
[  50.224] ): 0x49 PG
[  50.224] AL_ALM
[  50.224] [ADC1] STATUS alarm(s
[  50.659] [STATUS] t_ms=5609016 hwm=5 cap=256 dropped=0 dropped_total=79705 crc_err=0 crc_err_total=0 rate1=512 rate2=512 prod1=512 prod2=512 dac_err=0 tx_drop=377 hb_ms=0 sma_state=6 m7_us=1494157543 m4_us=1491963318 vdd=5.067 offset=0.5000 aref=3.145 loop_us_avg=34 loop_us_max=4987 loop_hz=29411 cycle_log_ms=1 n_cycle=4 cc=0 cc_hz=0 cc_i_tgt=0.5500 cc_u=2.0241 cc_r=3.8078 cc_tau_ms=7.00
[  51.216] ): 0x49 P
[  51.216] GAL_ALM
[  51.216] [ADC1] S
[  51.216] TATUS alarm(s
[  51.653] [STATUS] t_ms=5610016 hwm=5 cap=256 dropped=0 dropped_total=79705 crc_err=0 crc_err_total=0 rate1=512 rate2=512 prod1=512 prod2=512 dac_err=0 tx_drop=377 hb_ms=0 sma_state=6 m7_us=1495189747 m4_us=1492995516 vdd=5.067 offset=0.5000 aref=3.145 loop_us_avg=34 loop_us_max=4949 loop_hz=29411 cycle_log_ms=1 n_cycle=4 cc=0 cc_hz=0 cc_i_tgt=0.5500 cc_u=2.0241 cc_r=3.8078 cc_tau_ms=7.00
[  52.269] ): 0x4
[  52.269] [ADC1]
[  52.269] STATUS alarm(s
[  52.703] [STATUS] t_ms=5611016 hwm=5 cap=256 dropped=0 dropped_total=79705 crc_err=0 crc_err_total=0 rate1=512 rate2=512 prod1=512 prod2=512 dac_err=0 tx_drop=377 hb_ms=0 sma_state=6 m7_us=1496221958 m4_us=1494027718 vdd=5.067 offset=0.5000 aref=3.145 loop_us_avg=34 loop_us_max=4992 loop_hz=29411 cycle_log_ms=1 n_cycle=4 cc=0 cc_hz=0 cc_i_tgt=0.5500 cc_u=2.0241 cc_r=3.8078 cc_tau_ms=7.00
[  53.259] [ADC1] STATUS alarm(s
[  53.755] [STATUS] t_ms=5612016 hwm=5 cap=256 dropped=0 dropped_total=79705 crc_err=0 crc_err_total=0 rate1=512 rate2=512 prod1=512 prod2=512 dac_err=0 tx_drop=377 hb_ms=0 sma_state=6 m7_us=1497254119 m4_us=1495059910 vdd=5.067 offset=0.5000 aref=3.145 loop_us_avg=34 loop_us_max=5174 loop_hz=29411 cycle_log_ms=1 n_cycle=4 cc=0 cc_hz=0 cc_i_tgt=0.5500 cc_u=2.0241 cc_r=3.8078 cc_tau_ms=7.00
[  54.250] [ADC1] STATUS alarm(s
[  54.744] [STATUS] t_ms=5613016 hwm=5 cap=256 dropped=0 dropped_total=79705 crc_err=0 crc_err_total=0 rate1=512 rate2=512 prod1=512 prod2=512 dac_err=0 tx_drop=377 hb_ms=0 sma_state=6 m7_us=1498286327 m4_us=1496092095 vdd=5.067 offset=0.5000 aref=3.145 loop_us_avg=33 loop_us_max=4919 loop_hz=30303 cycle_log_ms=1 n_cycle=4 cc=0 cc_hz=0 cc_i_tgt=0.5500 cc_u=2.0241 cc_r=3.8078 cc_tau_ms=7.00
[  55.244] ): 0
[  55.244] [ADC1] STATUS alarm(s
[  55.806] [STATUS] t_ms=5614016 hwm=5 cap=256 dropped=0 dropped_total=79705 crc_err=0 crc_err_total=0 rate1=512 rate2=512 prod1=512 prod2=512 dac_err=0 tx_drop=377 hb_ms=0 sma_state=6 m7_us=1499318499 m4_us=1497124246 vdd=5.067 offset=0.5000 aref=3.145 loop_us_avg=34 loop_us_max=4966 loop_hz=29411 cycle_log_ms=1 n_cycle=4 cc=0 cc_hz=0 cc_i_tgt=0.5500 cc_u=2.0241 cc_r=3.8078 cc_tau_ms=7.00
[  56.301] ): 0x49 PG
[  56.301] AL_ALM
[  56.301] [ADC1] S
[  56.301] TATUS alarm(s
[  56.857] [STATUS] t_ms=5615016 hwm=5 cap=256 dropped=0 dropped_total=79705 crc_err=0 crc_err_total=0 rate1=512 rate2=512 prod1=512 prod2=512 dac_err=0 tx_drop=377 hb_ms=0 sma_state=6 m7_us=1500350582 m4_us=1498156367 vdd=5.067 offset=0.5000 aref=3.145 loop_us_avg=33 loop_us_max=4948 loop_hz=30303 cycle_log_ms=1 n_cycle=4 cc=0 cc_hz=0 cc_i_tgt=0.5500 cc_u=2.0241 cc_r=3.8078 cc_tau_ms=7.00
[  57.292] ): 0x49
[  57.292] [ADC1] S
[  57.292] TATUS alarm(s
[  57.848] [STATUS] t_ms=5616016 hwm=5 cap=256 dropped=0 dropped_total=79705 crc_err=0 crc_err_total=0 rate1=512 rate2=512 prod1=512 prod2=512 dac_err=0 tx_drop=377 hb_ms=0 sma_state=6 m7_us=1501382810 m4_us=1499188543 vdd=5.067 offset=0.5000 aref=3.145 loop_us_avg=34 loop_us_max=4949 loop_hz=29411 cycle_log_ms=1 n_cycle=4 cc=0 cc_hz=0 cc_i_tgt=0.5500 cc_u=2.0241 cc_r=3.8078 cc_tau_ms=7.00
[  58.280] [ADC1] STATUS
[  58.280] alarm(s
[  58.901] [STATUS] t_ms=5617016 hwm=5 cap=256 dropped=0 dropped_total=79705 crc_err=0 crc_err_total=0 rate1=512 rate2=512 prod1=512 prod2=512 dac_err=0 tx_drop=377 hb_ms=0 sma_state=6 m7_us=1502415002 m4_us=1500220742 vdd=5.067 offset=0.5000 aref=3.145 loop_us_avg=34 loop_us_max=5119 loop_hz=29411 cycle_log_ms=1 n_cycle=4 cc=0 cc_hz=0 cc_i_tgt=0.5500 cc_u=2.0241 cc_r=3.8078 cc_tau_ms=7.00
[  59.272] [ADC1] STATUS alarm(s
[  59.957] [STATUS] t_ms=5618016 hwm=5 cap=256 dropped=0 dropped_total=79705 crc_err=0 crc_err_total=0 rate1=512 rate2=512 prod1=512 prod2=512 dac_err=0 tx_drop=377 hb_ms=0 sma_state=6 m7_us=1503447209 m4_us=1501252943 vdd=5.067 offset=0.5000 aref=3.145 loop_us_avg=33 loop_us_max=4992 loop_hz=30303 cycle_log_ms=1 n_cycle=4 cc=0 cc_hz=0 cc_i_tgt=0.5500 cc_u=2.0241 cc_r=3.8078 cc_tau_ms=7.00
[  60.331] ): 0
[  60.331] [ADC1] STATUS alarm(s
[  60.955] [STATUS] t_ms=5619016 hwm=5 cap=256 dropped=0 dropped_total=79705 crc_err=0 crc_err_total=0 rate1=512 rate2=512 prod1=512 prod2=512 dac_err=0 tx_drop=377 hb_ms=0 sma_state=6 m7_us=1504479360 m4_us=1502285119 vdd=5.067 offset=0.5000 aref=3.145 loop_us_avg=34 loop_us_max=4992 loop_hz=29411 cycle_log_ms=1 n_cycle=4 cc=0 cc_hz=0 cc_i_tgt=0.5500 cc_u=2.0241 cc_r=3.8078 cc_tau_ms=7.00
[  61.325] ): 0x
[  61.325] [AD
[  61.325] C1] STATUS alarm(s
[  62.010] [STATUS] t_ms=5620016 hwm=5 cap=256 dropped=0 dropped_total=79705 crc_err=0 crc_err_total=0 rate1=512 rate2=512 prod1=512 prod2=512 dac_err=0 tx_drop=377 hb_ms=0 sma_state=6 m7_us=1505511581 m4_us=1503317324 vdd=5.067 offset=0.5000 aref=3.145 loop_us_avg=34 loop_us_max=4977 loop_hz=29411 cycle_log_ms=1 n_cycle=4 cc=0 cc_hz=0 cc_i_tgt=0.5500 cc_u=2.0241 cc_r=3.8078 cc_tau_ms=7.00
[  62.321] ):
[  62.321] [
[  62.321] ADC1] STATUS al
[  62.321] arm(s
[  62.876] [SMA] [ACT] heat n=3/6 I=550.0mA ms=400
[  63.001] [STATUS] t_ms=5621016 hwm=5 cap=256 dropped=0 dropped_total=79705 crc_err=0 crc_err_total=0 rate1=512 rate2=512 prod1=512 prod2=512 dac_err=0 tx_drop=377 hb_ms=0 sma_state=5 m7_us=1506544182 m4_us=1504349455 vdd=5.067 offset=0.5000 aref=3.145 loop_us_avg=36 loop_us_max=4978 loop_hz=27777 cycle_log_ms=1 n_cycle=4 cc=1 cc_hz=125 cc_i_tgt=0.5500 cc_u=2.0867 cc_r=3.8073 cc_tau_ms=7.00
[  63.316] [SMA] [ACT] cool n=3/6 I=0.0mA ms=30000
[  63.316] ): 0xC9
[  63.316] [ADC1] ST
[  63.316] ATUS alarm(s
[  64.060] [STATUS] t_ms=5622016 hwm=6 cap=256 dropped=0 dropped_total=79705 crc_err=0 crc_err_total=0 rate1=512 rate2=512 prod1=512 prod2=512 dac_err=0 tx_drop=377 hb_ms=0 sma_state=6 m7_us=1507575837 m4_us=1505381593 vdd=5.067 offset=0.5000 aref=3.145 loop_us_avg=41 loop_us_max=5443 loop_hz=24390 cycle_log_ms=1 n_cycle=4 cc=0 cc_hz=281 cc_i_tgt=0.5500 cc_u=2.1160 cc_r=3.8237 cc_tau_ms=7.00
[  64.309] [ADC1] STATUS alarm(s
[  65.113] [STATUS] t_ms=5623016 hwm=5 cap=256 dropped=0 dropped_total=79705 crc_err=0 crc_err_total=0 rate1=512 rate2=512 prod1=512 prod2=512 dac_err=0 tx_drop=377 hb_ms=0 sma_state=6 m7_us=1508608054 m4_us=1506413785 vdd=5.067 offset=0.5000 aref=3.145 loop_us_avg=34 loop_us_max=5008 loop_hz=29411 cycle_log_ms=1 n_cycle=4 cc=0 cc_hz=0 cc_i_tgt=0.5500 cc_u=2.1160 cc_r=3.8237 cc_tau_ms=7.00
[  65.364] [ADC1] STATUS alarm(s
[  66.105] [STATUS] t_ms=5624016 hwm=5 cap=256 dropped=0 dropped_total=79705 crc_err=0 crc_err_total=0 rate1=512 rate2=512 prod1=512 prod2=512 dac_err=0 tx_drop=377 hb_ms=0 sma_state=6 m7_us=1509640208 m4_us=1507445951 vdd=5.067 offset=0.5000 aref=3.145 loop_us_avg=33 loop_us_max=5001 loop_hz=30303 cycle_log_ms=1 n_cycle=4 cc=0 cc_hz=0 cc_i_tgt=0.5500 cc_u=2.1160 cc_r=3.8237 cc_tau_ms=7.00
[  66.354] ):
[  66.354] [A
[  66.354] DC1] STATUS alarm(s
[  67.160] [STATUS] t_ms=5625016 hwm=5 cap=256 dropped=0 dropped_total=79705 crc_err=0 crc_err_total=0 rate1=512 rate2=512 prod1=512 prod2=512 dac_err=0 tx_drop=377 hb_ms=0 sma_state=6 m7_us=1510672409 m4_us=1508478150 vdd=5.067 offset=0.5000 aref=3.145 loop_us_avg=34 loop_us_max=5019 loop_hz=29411 cycle_log_ms=1 n_cycle=4 cc=0 cc_hz=0 cc_i_tgt=0.5500 cc_u=2.1160 cc_r=3.8237 cc_tau_ms=7.00
[  67.347] ): 0xC
[  67.347] [ADC1]
[  67.347] STATUS alarm(s
[  68.214] [STATUS] t_ms=5626016 hwm=5 cap=256 dropped=0 dropped_total=79705 crc_err=0 crc_err_total=0 rate1=512 rate2=512 prod1=512 prod2=512 dac_err=0 tx_drop=377 hb_ms=0 sma_state=6 m7_us=1511704615 m4_us=1509510342 vdd=5.067 offset=0.5000 aref=3.145 loop_us_avg=34 loop_us_max=4989 loop_hz=29411 cycle_log_ms=1 n_cycle=4 cc=0 cc_hz=0 cc_i_tgt=0.5500 cc_u=2.1160 cc_r=3.8237 cc_tau_ms=7.00
[  68.401] ): 0xC9 P
[  68.401] GAL_ALM
[  68.401] [ADC1]
[  68.401] STATUS alarm(s
[  69.206] [STATUS] t_ms=5627016 hwm=5 cap=256 dropped=0 dropped_total=79705 crc_err=0 crc_err_total=0 rate1=512 rate2=512 prod1=512 prod2=512 dac_err=0 tx_drop=377 hb_ms=0 sma_state=6 m7_us=1512736816 m4_us=1510542556 vdd=5.067 offset=0.5000 aref=3.145 loop_us_avg=33 loop_us_max=4991 loop_hz=30303 cycle_log_ms=1 n_cycle=4 cc=0 cc_hz=0 cc_i_tgt=0.5500 cc_u=2.1160 cc_r=3.8237 cc_tau_ms=7.00
[  69.393] [ADC1]
[  69.393] STATUS alarm(s
[  70.259] [STATUS] t_ms=5628016 hwm=5 cap=256 dropped=0 dropped_total=79705 crc_err=0 crc_err_total=0 rate1=512 rate2=512 prod1=512 prod2=512 dac_err=0 tx_drop=377 hb_ms=0 sma_state=6 m7_us=1513768940 m4_us=1511574729 vdd=5.067 offset=0.5000 aref=3.145 loop_us_avg=33 loop_us_max=4988 loop_hz=30303 cycle_log_ms=1 n_cycle=4 cc=0 cc_hz=0 cc_i_tgt=0.5500 cc_u=2.1160 cc_r=3.8237 cc_tau_ms=7.00
[  70.384] [ADC1] STATUS alarm(s
[  71.313] [STATUS] t_ms=5629016 hwm=5 cap=256 dropped=0 dropped_total=79705 crc_err=0 crc_err_total=0 rate1=512 rate2=512 prod1=512 prod2=512 dac_err=0 tx_drop=377 hb_ms=0 sma_state=6 m7_us=1514801140 m4_us=1512606902 vdd=5.067 offset=0.5000 aref=3.145 loop_us_avg=33 loop_us_max=4927 loop_hz=30303 cycle_log_ms=1 n_cycle=4 cc=0 cc_hz=0 cc_i_tgt=0.5500 cc_u=2.1160 cc_r=3.8237 cc_tau_ms=7.00
[  71.375] ): 0xC9
[  71.375] [ADC1] STATUS alarm(s
[  72.302] [STATUS] t_ms=5630016 hwm=5 cap=256 dropped=0 dropped_total=79705 crc_err=0 crc_err_total=0 rate1=512 rate2=512 prod1=512 prod2=512 dac_err=0 tx_drop=377 hb_ms=0 sma_state=6 m7_us=1515833295 m4_us=1513639071 vdd=5.067 offset=0.5000 aref=3.145 loop_us_avg=33 loop_us_max=4988 loop_hz=30303 cycle_log_ms=1 n_cycle=4 cc=0 cc_hz=0 cc_i_tgt=0.5500 cc_u=2.1160 cc_r=3.8237 cc_tau_ms=7.00
[  72.424] _ALM
[  72.424] [ADC1] STATU
[  72.424] S alarm(s
[  73.357] [STATUS] t_ms=5631016 hwm=5 cap=256 dropped=0 dropped_total=79705 crc_err=0 crc_err_total=0 rate1=512 rate2=512 prod1=512 prod2=512 dac_err=0 tx_drop=377 hb_ms=0 sma_state=6 m7_us=1516865508 m4_us=1514671177 vdd=5.067 offset=0.5000 aref=3.145 loop_us_avg=34 loop_us_max=4960 loop_hz=29411 cycle_log_ms=1 n_cycle=4 cc=0 cc_hz=0 cc_i_tgt=0.5500 cc_u=2.1160 cc_r=3.8237 cc_tau_ms=7.00
[  73.419] ): 0x
[  73.419] [AD
[  73.419] C1] STATUS alarm(
[  73.419] s
[  74.356] [STATUS] t_ms=5632016 hwm=5 cap=256 dropped=0 dropped_total=79705 crc_err=0 crc_err_total=0 rate1=512 rate2=512 prod1=512 prod2=512 dac_err=0 tx_drop=377 hb_ms=0 sma_state=6 m7_us=1517897504 m4_us=1515703295 vdd=5.067 offset=0.5000 aref=3.145 loop_us_avg=33 loop_us_max=5047 loop_hz=30303 cycle_log_ms=1 n_cycle=4 cc=0 cc_hz=0 cc_i_tgt=0.5500 cc_u=2.1160 cc_r=3.8237 cc_tau_ms=7.00
[  74.418] ):
[  74.418] [AD
[  74.418] C1] STATUS ala
[  74.418] rm(s
[  75.408] [STATUS] t_ms=5633016 hwm=5 cap=256 dropped=0 dropped_total=79705 crc_err=0 crc_err_total=0 rate1=512 rate2=512 prod1=512 prod2=512 dac_err=0 tx_drop=377 hb_ms=0 sma_state=6 m7_us=1518929669 m4_us=1516735439 vdd=5.067 offset=0.5000 aref=3.145 loop_us_avg=34 loop_us_max=4990 loop_hz=29411 cycle_log_ms=1 n_cycle=4 cc=0 cc_hz=0 cc_i_tgt=0.5500 cc_u=2.1160 cc_r=3.8237 cc_tau_ms=7.00
[  75.408] [ADC1] STATUS alarm(s
[  76.405] [ADC1] STATUS alarm(s
[  76.465] [STATUS] t_ms=5634016 hwm=5 cap=256 dropped=0 dropped_total=79705 crc_err=0 crc_err_total=0 rate1=512 rate2=512 prod1=512 prod2=512 dac_err=0 tx_drop=377 hb_ms=0 sma_state=6 m7_us=1519961820 m4_us=1517767599 vdd=5.067 offset=0.5000 aref=3.145 loop_us_avg=34 loop_us_max=5002 loop_hz=29411 cycle_log_ms=1 n_cycle=4 cc=0 cc_hz=0 cc_i_tgt=0.5500 cc_u=2.1160 cc_r=3.8237 cc_tau_ms=7.00
[  77.458] ): 0xC9 PGA
[  77.458] L_ALM
[  77.458] [ADC1] STATUS alarm(s
[  77.458] [STATUS] t_ms=5635016 hwm=5 cap=256 dropped=0 dropped_total=79705 crc_err=0 crc_err_total=0 rate1=512 rate2=512 prod1=512 prod2=512 dac_err=0 tx_drop=377 hb_ms=0 sma_state=6 m7_us=1520993983 m4_us=1518799775 vdd=5.067 offset=0.5000 aref=3.145 loop_us_avg=33 loop_us_max=4984 loop_hz=30303 cycle_log_ms=1 n_cycle=4 cc=0 cc_hz=0 cc_i_tgt=0.5500 cc_u=2.1160 cc_r=3.8237 cc_tau_ms=7.00
[  78.453] ):
[  78.453] [A
[  78.453] DC1] STATUS alar
[  78.453] m(
[  78.516] [STATUS] t_ms=5636016 hwm=5 cap=256 dropped=0 dropped_total=79705 crc_err=0 crc_err_total=0 rate1=512 rate2=512 prod1=512 prod2=512 dac_err=0 tx_drop=377 hb_ms=0 sma_state=6 m7_us=1522026194 m4_us=1519831939 vdd=5.067 offset=0.5000 aref=3.145 loop_us_avg=34 loop_us_max=5034 loop_hz=29411 cycle_log_ms=1 n_cycle=4 cc=0 cc_hz=0 cc_i_tgt=0.5500 cc_u=2.1160 cc_r=3.8237 cc_tau_ms=7.00
[  79.444] s): 0x8
[  79.444] [ADC1]
[  79.444] STATUS alarm
[  79.568] [STATUS] t_ms=5637016 hwm=5 cap=256 dropped=0 dropped_total=79705 crc_err=0 crc_err_total=0 rate1=512 rate2=512 prod1=512 prod2=512 dac_err=0 tx_drop=377 hb_ms=0 sma_state=6 m7_us=1523058497 m4_us=1520864108 vdd=5.067 offset=0.5000 aref=3.145 loop_us_avg=33 loop_us_max=4974 loop_hz=30303 cycle_log_ms=1 n_cycle=4 cc=0 cc_hz=0 cc_i_tgt=0.5500 cc_u=2.1160 cc_r=3.8237 cc_tau_ms=7.00
[  80.437] [ADC1] STATUS alar
[  80.561] [STATUS] t_ms=5638016 hwm=5 cap=256 dropped=0 dropped_total=79705 crc_err=0 crc_err_total=0 rate1=512 rate2=512 prod1=512 prod2=512 dac_err=0 tx_drop=377 hb_ms=0 sma_state=6 m7_us=1524090497 m4_us=1521896291 vdd=5.067 offset=0.5000 aref=3.145 loop_us_avg=34 loop_us_max=5100 loop_hz=29411 cycle_log_ms=1 n_cycle=4 cc=0 cc_hz=0 cc_i_tgt=0.5500 cc_u=2.1160 cc_r=3.8237 cc_tau_ms=7.00
[  81.496] [ADC1] STATUS alar
[  81.622] [STATUS] t_ms=5639016 hwm=5 cap=256 dropped=0 dropped_total=79705 crc_err=0 crc_err_total=0 rate1=512 rate2=512 prod1=512 prod2=512 dac_err=0 tx_drop=377 hb_ms=0 sma_state=6 m7_us=1525122712 m4_us=1522928467 vdd=5.067 offset=0.5000 aref=3.145 loop_us_avg=33 loop_us_max=4999 loop_hz=30303 cycle_log_ms=1 n_cycle=4 cc=0 cc_hz=0 cc_i_tgt=0.5500 cc_u=2.1160 cc_r=3.8237 cc_tau_ms=7.00
[  82.492] [ADC1] STATUS alarm
[  82.619] [STATUS] t_ms=5640016 hwm=5 cap=256 dropped=0 dropped_total=79705 crc_err=0 crc_err_total=0 rate1=512 rate2=512 prod1=512 prod2=512 dac_err=0 tx_drop=377 hb_ms=0 sma_state=6 m7_us=1526154911 m4_us=1523960659 vdd=5.067 offset=0.5000 aref=3.145 loop_us_avg=33 loop_us_max=4959 loop_hz=30303 cycle_log_ms=1 n_cycle=4 cc=0 cc_hz=0 cc_i_tgt=0.5500 cc_u=2.1160 cc_r=3.8237 cc_tau_ms=7.00
[  83.489] (s):
[  83.489] [ADC
[  83.489] 1] STATUS alarm
[  83.489] (
[  83.677] [STATUS] t_ms=5641016 hwm=5 cap=256 dropped=0 dropped_total=79705 crc_err=0 crc_err_total=0 rate1=512 rate2=512 prod1=512 prod2=512 dac_err=0 tx_drop=377 hb_ms=0 sma_state=6 m7_us=1527187114 m4_us=1524992841 vdd=5.067 offset=0.5000 aref=3.145 loop_us_avg=33 loop_us_max=5058 loop_hz=30303 cycle_log_ms=1 n_cycle=4 cc=0 cc_hz=0 cc_i_tgt=0.5500 cc_u=2.1160 cc_r=3.8237 cc_tau_ms=7.00
[  84.488] _ALM
[  84.488] [ADC1] STA
[  84.488] TUS alarm(s
[  84.674] [STATUS] t_ms=5642016 hwm=5 cap=256 dropped=0 dropped_total=79705 crc_err=0 crc_err_total=0 rate1=512 rate2=512 prod1=512 prod2=512 dac_err=0 tx_drop=377 hb_ms=0 sma_state=6 m7_us=1528219235 m4_us=1526025030 vdd=5.067 offset=0.5000 aref=3.145 loop_us_avg=33 loop_us_max=4966 loop_hz=30303 cycle_log_ms=1 n_cycle=4 cc=0 cc_hz=0 cc_i_tgt=0.5500 cc_u=2.1160 cc_r=3.8237 cc_tau_ms=7.00
[  85.482] ): 0x
[  85.482] [ADC
[  85.482] 1] STATUS alarm(s
[  85.731] [STATUS] t_ms=5643016 hwm=5 cap=256 dropped=0 dropped_total=79705 crc_err=0 crc_err_total=0 rate1=512 rate2=512 prod1=512 prod2=512 dac_err=0 tx_drop=377 hb_ms=0 sma_state=6 m7_us=1529251439 m4_us=1527057209 vdd=5.067 offset=0.5000 aref=3.145 loop_us_avg=33 loop_us_max=4928 loop_hz=30303 cycle_log_ms=1 n_cycle=4 cc=0 cc_hz=0 cc_i_tgt=0.5500 cc_u=2.1160 cc_r=3.8237 cc_tau_ms=7.00
[  86.540] [ADC1] STATUS alarm(s
[  86.792] [STATUS] t_ms=5644016 hwm=5 cap=256 dropped=0 dropped_total=79705 crc_err=0 crc_err_total=0 rate1=512 rate2=512 prod1=512 prod2=512 dac_err=0 tx_drop=377 hb_ms=0 sma_state=6 m7_us=1530283594 m4_us=1528089369 vdd=5.067 offset=0.5000 aref=3.145 loop_us_avg=34 loop_us_max=5070 loop_hz=29411 cycle_log_ms=1 n_cycle=4 cc=0 cc_hz=0 cc_i_tgt=0.5500 cc_u=2.1160 cc_r=3.8237 cc_tau_ms=7.00
[  87.539] [ADC1] STATUS alarm(s
[  87.788] [STATUS] t_ms=5645016 hwm=5 cap=256 dropped=0 dropped_total=79705 crc_err=0 crc_err_total=0 rate1=512 rate2=512 prod1=512 prod2=512 dac_err=0 tx_drop=377 hb_ms=0 sma_state=6 m7_us=1531315757 m4_us=1529121542 vdd=5.067 offset=0.5000 aref=3.145 loop_us_avg=33 loop_us_max=5011 loop_hz=30303 cycle_log_ms=1 n_cycle=4 cc=0 cc_hz=0 cc_i_tgt=0.5500 cc_u=2.1160 cc_r=3.8237 cc_tau_ms=7.00
[  88.533] ): 0x
[  88.533] [ADC1]
[  88.533] STATUS alarm(s
[  88.843] [STATUS] t_ms=5646016 hwm=5 cap=256 dropped=0 dropped_total=79705 crc_err=0 crc_err_total=0 rate1=512 rate2=512 prod1=512 prod2=512 dac_err=0 tx_drop=377 hb_ms=0 sma_state=6 m7_us=1532347957 m4_us=1530153727 vdd=5.067 offset=0.5000 aref=3.145 loop_us_avg=33 loop_us_max=4930 loop_hz=30303 cycle_log_ms=1 n_cycle=4 cc=0 cc_hz=0 cc_i_tgt=0.5500 cc_u=2.1160 cc_r=3.8237 cc_tau_ms=7.00
[  89.525] ): 0
[  89.525] [AD
[  89.525] C1] STATUS alarm
[  89.525] (s
[  89.837] [STATUS] t_ms=5647016 hwm=5 cap=256 dropped=0 dropped_total=79705 crc_err=0 crc_err_total=0 rate1=512 rate2=512 prod1=512 prod2=512 dac_err=0 tx_drop=377 hb_ms=0 sma_state=6 m7_us=1533380167 m4_us=1531185916 vdd=5.067 offset=0.5000 aref=3.145 loop_us_avg=34 loop_us_max=5055 loop_hz=29411 cycle_log_ms=1 n_cycle=4 cc=0 cc_hz=0 cc_i_tgt=0.5500 cc_u=2.1160 cc_r=3.8237 cc_tau_ms=7.00
[  90.522] ):
[  90.522] [A
[  90.522] DC1] STATUS alar
[  90.522] m(s
[  90.895] [STATUS] t_ms=5648016 hwm=5 cap=256 dropped=0 dropped_total=79705 crc_err=0 crc_err_total=0 rate1=512 rate2=512 prod1=512 prod2=512 dac_err=0 tx_drop=377 hb_ms=0 sma_state=6 m7_us=1534412330 m4_us=1532218127 vdd=5.067 offset=0.5000 aref=3.145 loop_us_avg=34 loop_us_max=4976 loop_hz=29411 cycle_log_ms=1 n_cycle=4 cc=0 cc_hz=0 cc_i_tgt=0.5500 cc_u=2.1160 cc_r=3.8237 cc_tau_ms=7.00
[  91.577] ):
[  91.577] [
[  91.577] ADC1] STATUS ala
[  91.577] rm(s
[  91.950] [STATUS] t_ms=5649016 hwm=5 cap=256 dropped=0 dropped_total=79705 crc_err=0 crc_err_total=0 rate1=512 rate2=512 prod1=512 prod2=512 dac_err=0 tx_drop=377 hb_ms=0 sma_state=6 m7_us=1535444578 m4_us=1533250380 vdd=5.067 offset=0.5000 aref=3.145 loop_us_avg=33 loop_us_max=4990 loop_hz=30303 cycle_log_ms=1 n_cycle=4 cc=0 cc_hz=0 cc_i_tgt=0.5500 cc_u=2.1160 cc_r=3.8237 cc_tau_ms=7.00
[  92.574] [ADC1] STATUS alarm(s
[  92.947] [STATUS] t_ms=5650016 hwm=5 cap=256 dropped=0 dropped_total=79705 crc_err=0 crc_err_total=0 rate1=512 rate2=512 prod1=512 prod2=512 dac_err=0 tx_drop=377 hb_ms=0 sma_state=6 m7_us=1536476787 m4_us=1534282620 vdd=5.067 offset=0.5000 aref=3.145 loop_us_avg=33 loop_us_max=4970 loop_hz=30303 cycle_log_ms=1 n_cycle=4 cc=0 cc_hz=0 cc_i_tgt=0.5500 cc_u=2.1160 cc_r=3.8237 cc_tau_ms=7.00
[  93.573] ): 0x49 PG
[  93.573] AL_ALM
[  93.573] [ADC1] STATUS alarm(s
[  94.017] [STATUS] t_ms=5651016 hwm=5 cap=256 dropped=0 dropped_total=79705 crc_err=0 crc_err_total=0 rate1=512 rate2=513 prod1=512 prod2=513 dac_err=0 tx_drop=377 hb_ms=0 sma_state=6 m7_us=1537509800 m4_us=1535315828 vdd=5.067 offset=0.5000 aref=3.145 loop_us_avg=33 loop_us_max=4898 loop_hz=30303 cycle_log_ms=1 n_cycle=4 cc=0 cc_hz=0 cc_i_tgt=0.5500 cc_u=2.1160 cc_r=3.8237 cc_tau_ms=7.00
[  94.267] [SMA] [ACT] heat n=4/6 I=550.0mA ms=400
[  94.582] ): 0x49 PG
[  94.582] AL_ALM
[  94.582] [ADC1] STATUS alarm(s
[  94.709] [SMA] [ACT] cool n=4/6 I=0.0mA ms=30000
[  95.025] [STATUS] t_ms=5652016 hwm=5 cap=256 dropped=0 dropped_total=79705 crc_err=0 crc_err_total=0 rate1=512 rate2=511 prod1=512 prod2=511 dac_err=0 tx_drop=377 hb_ms=0 sma_state=6 m7_us=1538541203 m4_us=1536346998 vdd=5.067 offset=0.5000 aref=3.145 loop_us_avg=45 loop_us_max=5197 loop_hz=22222 cycle_log_ms=1 n_cycle=4 cc=0 cc_hz=412 cc_i_tgt=0.5500 cc_u=2.1314 cc_r=3.8386 cc_tau_ms=7.00
[  95.591] ): 0x
[  95.591] [ADC1
[  95.591] ] STATUS alarm(s
[  96.030] [STATUS] t_ms=5653016 hwm=5 cap=256 dropped=0 dropped_total=79705 crc_err=0 crc_err_total=0 rate1=512 rate2=512 prod1=512 prod2=512 dac_err=0 tx_drop=377 hb_ms=0 sma_state=6 m7_us=1539573454 m4_us=1537379196 vdd=5.067 offset=0.5000 aref=3.145 loop_us_avg=34 loop_us_max=4954 loop_hz=29411 cycle_log_ms=1 n_cycle=4 cc=0 cc_hz=0 cc_i_tgt=0.5500 cc_u=2.1314 cc_r=3.8386 cc_tau_ms=7.00
[  96.592] [ADC1] STATUS alarm(s
[  97.091] [STATUS] t_ms=5654016 hwm=5 cap=256 dropped=0 dropped_total=79705 crc_err=0 crc_err_total=0 rate1=512 rate2=512 prod1=512 prod2=512 dac_err=0 tx_drop=377 hb_ms=0 sma_state=6 m7_us=1540605625 m4_us=1538411404 vdd=5.067 offset=0.5000 aref=3.145 loop_us_avg=33 loop_us_max=5090 loop_hz=30303 cycle_log_ms=1 n_cycle=4 cc=0 cc_hz=0 cc_i_tgt=0.5500 cc_u=2.1314 cc_r=3.8386 cc_tau_ms=7.00
[  97.591] [ADC1] STATUS alarm(s
[  98.090] [STATUS] t_ms=5655016 hwm=5 cap=256 dropped=0 dropped_total=79705 crc_err=0 crc_err_total=0 rate1=512 rate2=512 prod1=512 prod2=512 dac_err=0 tx_drop=377 hb_ms=0 sma_state=6 m7_us=1541637831 m4_us=1539443619 vdd=5.067 offset=0.5000 aref=3.145 loop_us_avg=33 loop_us_max=4989 loop_hz=30303 cycle_log_ms=1 n_cycle=4 cc=0 cc_hz=0 cc_i_tgt=0.5500 cc_u=2.1314 cc_r=3.8386 cc_tau_ms=7.00
[  98.592] ):
[  98.592] [ADC1] STATUS alarm(s
[  99.152] [STATUS] t_ms=5656016 hwm=5 cap=256 dropped=0 dropped_total=79705 crc_err=0 crc_err_total=0 rate1=512 rate2=512 prod1=512 prod2=512 dac_err=0 tx_drop=377 hb_ms=0 sma_state=6 m7_us=1542670086 m4_us=1540475843 vdd=5.067 offset=0.5000 aref=3.145 loop_us_avg=33 loop_us_max=5120 loop_hz=30303 cycle_log_ms=1 n_cycle=4 cc=0 cc_hz=0 cc_i_tgt=0.5500 cc_u=2.1314 cc_r=3.8386 cc_tau_ms=7.00
[  99.589] _ALM
[  99.589] [ADC1] STATU
[  99.589] S alarm(s
[ 100.212] [STATUS] t_ms=5657016 hwm=5 cap=256 dropped=0 dropped_total=79705 crc_err=0 crc_err_total=0 rate1=512 rate2=512 prod1=512 prod2=512 dac_err=0 tx_drop=377 hb_ms=0 sma_state=6 m7_us=1543702290 m4_us=1541508022 vdd=5.067 offset=0.5000 aref=3.145 loop_us_avg=33 loop_us_max=4969 loop_hz=30303 cycle_log_ms=1 n_cycle=4 cc=0 cc_hz=0 cc_i_tgt=0.5500 cc_u=2.1314 cc_r=3.8386 cc_tau_ms=7.00
[ 100.648] ): 0xC9 PG
[ 100.648] AL_ALM
[ 100.648] [ADC1] ST
[ 100.648] ATUS alarm(s
[ 101.213] [STATUS] t_ms=5658016 hwm=5 cap=256 dropped=0 dropped_total=79705 crc_err=0 crc_err_total=0 rate1=512 rate2=512 prod1=512 prod2=512 dac_err=0 tx_drop=377 hb_ms=0 sma_state=6 m7_us=1544734447 m4_us=1542540175 vdd=5.067 offset=0.5000 aref=3.145 loop_us_avg=33 loop_us_max=5129 loop_hz=30303 cycle_log_ms=1 n_cycle=4 cc=0 cc_hz=0 cc_i_tgt=0.5500 cc_u=2.1314 cc_r=3.8386 cc_tau_ms=7.00
[ 101.650] [ADC1] STATUS alarm(s
[ 102.275] [STATUS] t_ms=5659016 hwm=5 cap=256 dropped=0 dropped_total=79705 crc_err=0 crc_err_total=0 rate1=512 rate2=512 prod1=512 prod2=512 dac_err=0 tx_drop=377 hb_ms=0 sma_state=6 m7_us=1545766799 m4_us=1543572351 vdd=5.067 offset=0.5000 aref=3.145 loop_us_avg=33 loop_us_max=5125 loop_hz=30303 cycle_log_ms=1 n_cycle=4 cc=0 cc_hz=0 cc_i_tgt=0.5500 cc_u=2.1314 cc_r=3.8386 cc_tau_ms=7.00
[ 102.652] ): 0x
[ 102.652] [ADC1] STATUS alarm(
[ 103.276] [STATUS] t_ms=5660016 hwm=5 cap=256 dropped=0 dropped_total=79705 crc_err=0 crc_err_total=0 rate1=512 rate2=512 prod1=512 prod2=512 dac_err=0 tx_drop=377 hb_ms=0 sma_state=6 m7_us=1546798808 m4_us=1544604521 vdd=5.067 offset=0.5000 aref=3.145 loop_us_avg=33 loop_us_max=5162 loop_hz=30303 cycle_log_ms=1 n_cycle=4 cc=0 cc_hz=0 cc_i_tgt=0.5500 cc_u=2.1314 cc_r=3.8386 cc_tau_ms=7.00
[ 103.649] s): 0
[ 103.649] [ADC1] STATUS alarm
[ 104.336] [STATUS] t_ms=5661016 hwm=5 cap=256 dropped=0 dropped_total=79705 crc_err=0 crc_err_total=0 rate1=512 rate2=512 prod1=512 prod2=512 dac_err=0 tx_drop=377 hb_ms=0 sma_state=6 m7_us=1547831123 m4_us=1545636703 vdd=5.067 offset=0.5000 aref=3.145 loop_us_avg=33 loop_us_max=4987 loop_hz=30303 cycle_log_ms=1 n_cycle=4 cc=0 cc_hz=0 cc_i_tgt=0.5500 cc_u=2.1314 cc_r=3.8386 cc_tau_ms=7.00
[ 104.648] (s):
[ 104.648] [AD
[ 104.648] C1] STATUS alar
[ 105.336] [STATUS] t_ms=5662016 hwm=5 cap=256 dropped=0 dropped_total=79705 crc_err=0 crc_err_total=0 rate1=512 rate2=512 prod1=512 prod2=512 dac_err=0 tx_drop=377 hb_ms=0 sma_state=6 m7_us=1548863072 m4_us=1546668879 vdd=5.067 offset=0.5000 aref=3.145 loop_us_avg=33 loop_us_max=5147 loop_hz=30303 cycle_log_ms=1 n_cycle=4 cc=0 cc_hz=0 cc_i_tgt=0.5500 cc_u=2.1314 cc_r=3.8386 cc_tau_ms=7.00
[ 105.648] m(s): 0x
[ 105.648] [ADC1]
[ 105.648] STATUS alar
[ 106.396] [STATUS] t_ms=5663016 hwm=5 cap=256 dropped=0 dropped_total=79705 crc_err=0 crc_err_total=0 rate1=512 rate2=512 prod1=512 prod2=512 dac_err=0 tx_drop=377 hb_ms=0 sma_state=6 m7_us=1549895434 m4_us=1547701062 vdd=5.067 offset=0.5000 aref=3.145 loop_us_avg=33 loop_us_max=4930 loop_hz=30303 cycle_log_ms=1 n_cycle=4 cc=0 cc_hz=0 cc_i_tgt=0.5500 cc_u=2.1314 cc_r=3.8386 cc_tau_ms=7.00
[ 106.647] [ADC1] STA
[ 106.647] TUS alarm
[ 107.398] [STATUS] t_ms=5664016 hwm=5 cap=256 dropped=0 dropped_total=79705 crc_err=0 crc_err_total=0 rate1=512 rate2=512 prod1=512 prod2=512 dac_err=0 tx_drop=377 hb_ms=0 sma_state=6 m7_us=1550927492 m4_us=1548733247 vdd=5.067 offset=0.5000 aref=3.145 loop_us_avg=34 loop_us_max=5119 loop_hz=29411 cycle_log_ms=1 n_cycle=4 cc=0 cc_hz=0 cc_i_tgt=0.5500 cc_u=2.1314 cc_r=3.8386 cc_tau_ms=7.00
[ 107.709] [ADC1] STATUS alarm(
[ 108.457] [STATUS] t_ms=5665016 hwm=5 cap=256 dropped=0 dropped_total=79705 crc_err=0 crc_err_total=0 rate1=512 rate2=512 prod1=512 prod2=512 dac_err=0 tx_drop=377 hb_ms=0 sma_state=6 m7_us=1551959901 m4_us=1549765471 vdd=5.067 offset=0.5000 aref=3.145 loop_us_avg=34 loop_us_max=5012 loop_hz=29411 cycle_log_ms=1 n_cycle=4 cc=0 cc_hz=0 cc_i_tgt=0.5500 cc_u=2.1314 cc_r=3.8386 cc_tau_ms=7.00
[ 108.705] s): 0x
[ 108.705] [ADC1]
[ 108.705] STATUS alarm(s
[ 109.456] [STATUS] t_ms=5666016 hwm=5 cap=256 dropped=0 dropped_total=79705 crc_err=0 crc_err_total=0 rate1=512 rate2=512 prod1=512 prod2=512 dac_err=0 tx_drop=377 hb_ms=0 sma_state=6 m7_us=1552991909 m4_us=1550797676 vdd=5.067 offset=0.5000 aref=3.145 loop_us_avg=33 loop_us_max=5229 loop_hz=30303 cycle_log_ms=1 n_cycle=4 cc=0 cc_hz=0 cc_i_tgt=0.5500 cc_u=2.1314 cc_r=3.8386 cc_tau_ms=7.00
[ 109.708] _ALM
[ 109.708] [ADC1] ST
[ 109.708] ATUS alarm(s
[ 110.518] [STATUS] t_ms=5667016 hwm=5 cap=256 dropped=0 dropped_total=79705 crc_err=0 crc_err_total=0 rate1=512 rate2=512 prod1=512 prod2=512 dac_err=0 tx_drop=377 hb_ms=0 sma_state=6 m7_us=1554024166 m4_us=1551829868 vdd=5.067 offset=0.5000 aref=3.145 loop_us_avg=33 loop_us_max=5016 loop_hz=30303 cycle_log_ms=1 n_cycle=4 cc=0 cc_hz=0 cc_i_tgt=0.5500 cc_u=2.1314 cc_r=3.8386 cc_tau_ms=7.00
[ 110.705] ): 0x49
[ 110.705] [ADC1]
[ 110.705] STATUS alarm(s
[ 111.516] [STATUS] t_ms=5668016 hwm=5 cap=256 dropped=0 dropped_total=79705 crc_err=0 crc_err_total=0 rate1=512 rate2=512 prod1=512 prod2=512 dac_err=0 tx_drop=377 hb_ms=0 sma_state=6 m7_us=1555056313 m4_us=1552862063 vdd=5.067 offset=0.5000 aref=3.145 loop_us_avg=33 loop_us_max=5042 loop_hz=30303 cycle_log_ms=1 n_cycle=4 cc=0 cc_hz=0 cc_i_tgt=0.5500 cc_u=2.1314 cc_r=3.8386 cc_tau_ms=7.00
[ 111.704] ): 0x49
[ 111.704] [ADC1] ST
[ 111.704] ATUS alarm(s
[ 112.580] [STATUS] t_ms=5669016 hwm=5 cap=256 dropped=0 dropped_total=79705 crc_err=0 crc_err_total=0 rate1=512 rate2=512 prod1=512 prod2=512 dac_err=0 tx_drop=377 hb_ms=0 sma_state=6 m7_us=1556088496 m4_us=1553894249 vdd=5.067 offset=0.5000 aref=3.145 loop_us_avg=33 loop_us_max=4935 loop_hz=30303 cycle_log_ms=1 n_cycle=4 cc=0 cc_hz=0 cc_i_tgt=0.5500 cc_u=2.1314 cc_r=3.8386 cc_tau_ms=7.00
[ 112.707] [ADC1] STATUS al
[ 112.707] arm(s
[ 113.589] [STATUS] t_ms=5670016 hwm=5 cap=256 dropped=0 dropped_total=79705 crc_err=0 crc_err_total=0 rate1=512 rate2=512 prod1=512 prod2=512 dac_err=0 tx_drop=377 hb_ms=0 sma_state=6 m7_us=1557120731 m4_us=1554926447 vdd=5.067 offset=0.5000 aref=3.145 loop_us_avg=34 loop_us_max=4984 loop_hz=29411 cycle_log_ms=1 n_cycle=4 cc=0 cc_hz=0 cc_i_tgt=0.5500 cc_u=2.1314 cc_r=3.8386 cc_tau_ms=7.00
[ 113.714] ): 0
[ 113.714] [ADC1] STATUS alarm(s
[ 114.654] [STATUS] t_ms=5671016 hwm=5 cap=256 dropped=0 dropped_total=79705 crc_err=0 crc_err_total=0 rate1=512 rate2=512 prod1=512 prod2=512 dac_err=0 tx_drop=377 hb_ms=0 sma_state=6 m7_us=1558152888 m4_us=1555958655 vdd=5.067 offset=0.5000 aref=3.145 loop_us_avg=33 loop_us_max=5048 loop_hz=30303 cycle_log_ms=1 n_cycle=4 cc=0 cc_hz=0 cc_i_tgt=0.5500 cc_u=2.1314 cc_r=3.8386 cc_tau_ms=7.00
[ 114.716] ): 0x4
[ 114.716] [ADC1]
[ 114.716] STATUS alarm(s
[ 115.656] [STATUS] t_ms=5672016 hwm=5 cap=256 dropped=0 dropped_total=79705 crc_err=0 crc_err_total=0 rate1=512 rate2=512 prod1=512 prod2=512 dac_err=0 tx_drop=377 hb_ms=0 sma_state=6 m7_us=1559185047 m4_us=1556990831 vdd=5.067 offset=0.5000 aref=3.145 loop_us_avg=33 loop_us_max=4965 loop_hz=30303 cycle_log_ms=1 n_cycle=4 cc=0 cc_hz=0 cc_i_tgt=0.5500 cc_u=2.1314 cc_r=3.8386 cc_tau_ms=7.00
[ 115.719] ): 0x49
[ 115.719] [ADC1]
[ 115.719] STATUS alarm(s
[ 116.721] [STATUS] t_ms=5673016 hwm=5 cap=256 dropped=0 dropped_total=79705 crc_err=0 crc_err_total=0 rate1=512 rate2=512 prod1=512 prod2=512 dac_err=0 tx_drop=377 hb_ms=0 sma_state=6 m7_us=1560217212 m4_us=1558022985 vdd=5.067 offset=0.5000 aref=3.145 loop_us_avg=33 loop_us_max=4924 loop_hz=30303 cycle_log_ms=1 n_cycle=4 cc=0 cc_hz=0 cc_i_tgt=0.5500 cc_u=2.1314 cc_r=3.8386 cc_tau_ms=7.00
[ 116.784] ): 0x49 PGA
[ 116.784] L_ALM
[ 116.784] [ADC1] ST
[ 116.784] ATUS alarm(s
[ 117.720] [STATUS] t_ms=5674016 hwm=5 cap=256 dropped=0 dropped_total=79705 crc_err=0 crc_err_total=0 rate1=512 rate2=512 prod1=512 prod2=512 dac_err=0 tx_drop=377 hb_ms=0 sma_state=6 m7_us=1561249421 m4_us=1559055151 vdd=5.067 offset=0.5000 aref=3.145 loop_us_avg=34 loop_us_max=4964 loop_hz=29411 cycle_log_ms=1 n_cycle=4 cc=0 cc_hz=0 cc_i_tgt=0.5500 cc_u=2.1314 cc_r=3.8386 cc_tau_ms=7.00
[ 117.782] [ADC1] STATUS alar
[ 117.782] m(s
[ 118.784] [STATUS] t_ms=5675016 hwm=5 cap=256 dropped=0 dropped_total=79705 crc_err=0 crc_err_total=0 rate1=512 rate2=512 prod1=512 prod2=512 dac_err=0 tx_drop=377 hb_ms=0 sma_state=6 m7_us=1562281528 m4_us=1560087302 vdd=5.067 offset=0.5000 aref=3.145 loop_us_avg=33 loop_us_max=4994 loop_hz=30303 cycle_log_ms=1 n_cycle=4 cc=0 cc_hz=0 cc_i_tgt=0.5500 cc_u=2.1314 cc_r=3.8386 cc_tau_ms=7.00
[ 118.784] [ADC1] STATUS alarm(s
[ 119.785] [ADC1] STATUS alarm(s
[ 119.785] [STATUS] t_ms=5676016 hwm=5 cap=256 dropped=0 dropped_total=79705 crc_err=0 crc_err_total=0 rate1=512 rate2=512 prod1=512 prod2=512 dac_err=0 tx_drop=377 hb_ms=0 sma_state=6 m7_us=1563313683 m4_us=1561119433 vdd=5.067 offset=0.5000 aref=3.145 loop_us_avg=34 loop_us_max=4956 loop_hz=29411 cycle_log_ms=1 n_cycle=4 cc=0 cc_hz=0 cc_i_tgt=0.5500 cc_u=2.1314 cc_r=3.8386 cc_tau_ms=7.00
[ 120.788] ):
[ 120.788] [
[ 120.788] ADC1] STATUS alarm(s
[ 120.850] [STATUS] t_ms=5677016 hwm=5 cap=256 dropped=0 dropped_total=79705 crc_err=0 crc_err_total=0 rate1=512 rate2=512 prod1=512 prod2=512 dac_err=0 tx_drop=377 hb_ms=0 sma_state=6 m7_us=1564345835 m4_us=1562151599 vdd=5.067 offset=0.5000 aref=3.145 loop_us_avg=33 loop_us_max=4968 loop_hz=30303 cycle_log_ms=1 n_cycle=4 cc=0 cc_hz=0 cc_i_tgt=0.5500 cc_u=2.1314 cc_r=3.8386 cc_tau_ms=7.00
[ 121.794] ): 0xC9 P
[ 121.794] GAL_ALM
[ 121.794] [ADC1] S
[ 121.794] TATUS alarm(s
[ 121.857] [STATUS] t_ms=5678016 hwm=5 cap=256 dropped=0 dropped_total=79705 crc_err=0 crc_err_total=0 rate1=512 rate2=512 prod1=512 prod2=512 dac_err=0 tx_drop=377 hb_ms=0 sma_state=6 m7_us=1565377942 m4_us=1563183737 vdd=5.067 offset=0.5000 aref=3.145 loop_us_avg=33 loop_us_max=4942 loop_hz=30303 cycle_log_ms=1 n_cycle=4 cc=0 cc_hz=0 cc_i_tgt=0.5500 cc_u=2.1314 cc_r=3.8386 cc_tau_ms=7.00
[ 122.794] ): 0xC9
[ 122.794] [ADC1]
[ 122.794] STATUS alarm(s
[ 122.917] [STATUS] t_ms=5679016 hwm=5 cap=256 dropped=0 dropped_total=79705 crc_err=0 crc_err_total=0 rate1=512 rate2=512 prod1=512 prod2=512 dac_err=0 tx_drop=377 hb_ms=0 sma_state=6 m7_us=1566410197 m4_us=1564215919 vdd=5.067 offset=0.5000 aref=3.145 loop_us_avg=33 loop_us_max=4916 loop_hz=30303 cycle_log_ms=1 n_cycle=4 cc=0 cc_hz=0 cc_i_tgt=0.5500 cc_u=2.1314 cc_r=3.8386 cc_tau_ms=7.00
[ 123.792] [ADC1] STATUS alarm(s
[ 123.918] [STATUS] t_ms=5680016 hwm=5 cap=256 dropped=0 dropped_total=79705 crc_err=0 crc_err_total=0 rate1=512 rate2=512 prod1=512 prod2=512 dac_err=0 tx_drop=377 hb_ms=0 sma_state=6 m7_us=1567442305 m4_us=1565248089 vdd=5.067 offset=0.5000 aref=3.145 loop_us_avg=33 loop_us_max=5071 loop_hz=30303 cycle_log_ms=1 n_cycle=4 cc=0 cc_hz=0 cc_i_tgt=0.5500 cc_u=2.1314 cc_r=3.8386 cc_tau_ms=7.00
[ 124.796] [ADC1] STATUS alarm(s
[ 124.982] [STATUS] t_ms=5681016 hwm=5 cap=256 dropped=0 dropped_total=79705 crc_err=0 crc_err_total=0 rate1=512 rate2=512 prod1=512 prod2=512 dac_err=0 tx_drop=377 hb_ms=0 sma_state=6 m7_us=1568474467 m4_us=1566280239 vdd=5.067 offset=0.5000 aref=3.145 loop_us_avg=33 loop_us_max=5011 loop_hz=30303 cycle_log_ms=1 n_cycle=4 cc=0 cc_hz=0 cc_i_tgt=0.5500 cc_u=2.1314 cc_r=3.8386 cc_tau_ms=7.00
[ 125.668] [SMA] [ACT] heat n=5/6 I=550.0mA ms=400
[ 125.856] M
[ 125.856] [ADC1] STATUS alar
[ 125.856] m(
[ 125.982] [STATUS] t_ms=5682016 hwm=5 cap=256 dropped=0 dropped_total=79705 crc_err=0 crc_err_total=0 rate1=512 rate2=512 prod1=512 prod2=512 dac_err=0 tx_drop=377 hb_ms=0 sma_state=5 m7_us=1569506526 m4_us=1567312412 vdd=5.067 offset=0.5000 aref=3.145 loop_us_avg=42 loop_us_max=5057 loop_hz=23809 cycle_log_ms=1 n_cycle=4 cc=1 cc_hz=328 cc_i_tgt=0.5500 cc_u=2.1145 cc_r=3.8347 cc_tau_ms=7.00
[ 126.045] [SMA] [ACT] cool n=5/6 I=0.0mA ms=30000
[ 126.859] [ADC1] STATUS alarm
[ 127.047] [STATUS] t_ms=5683016 hwm=5 cap=256 dropped=0 dropped_total=79705 crc_err=0 crc_err_total=0 rate1=512 rate2=512 prod1=512 prod2=512 dac_err=0 tx_drop=377 hb_ms=0 sma_state=6 m7_us=1570538684 m4_us=1568344575 vdd=5.067 offset=0.5000 aref=3.145 loop_us_avg=35 loop_us_max=5479 loop_hz=28571 cycle_log_ms=1 n_cycle=4 cc=0 cc_hz=79 cc_i_tgt=0.5500 cc_u=2.0535 cc_r=3.8260 cc_tau_ms=7.00
[ 127.859] (s): 0x89 PG
[ 127.859] AL_ALM
[ 127.859] [ADC1] STAT
[ 127.859] US alarm
[ 128.047] [STATUS] t_ms=5684016 hwm=5 cap=256 dropped=0 dropped_total=79705 crc_err=0 crc_err_total=0 rate1=512 rate2=513 prod1=512 prod2=513 dac_err=0 tx_drop=377 hb_ms=0 sma_state=6 m7_us=1571571816 m4_us=1569377799 vdd=5.067 offset=0.5000 aref=3.145 loop_us_avg=33 loop_us_max=5071 loop_hz=30303 cycle_log_ms=1 n_cycle=4 cc=0 cc_hz=0 cc_i_tgt=0.5500 cc_u=2.0535 cc_r=3.8260 cc_tau_ms=7.00
[ 128.864] (s
[ 128.864] [ADC1] STATUS a
[ 128.864] larm(
[ 129.116] [STATUS] t_ms=5685016 hwm=5 cap=256 dropped=0 dropped_total=79705 crc_err=0 crc_err_total=0 rate1=512 rate2=511 prod1=512 prod2=511 dac_err=0 tx_drop=377 hb_ms=0 sma_state=6 m7_us=1572603191 m4_us=1570408985 vdd=5.067 offset=0.5000 aref=3.145 loop_us_avg=33 loop_us_max=5221 loop_hz=30303 cycle_log_ms=1 n_cycle=4 cc=0 cc_hz=0 cc_i_tgt=0.5500 cc_u=2.0535 cc_r=3.8260 cc_tau_ms=7.00
[ 129.868] [ADC1] STATUS alarm(s
[ 130.121] [STATUS] t_ms=5686016 hwm=5 cap=256 dropped=0 dropped_total=79705 crc_err=0 crc_err_total=0 rate1=512 rate2=512 prod1=512 prod2=512 dac_err=0 tx_drop=377 hb_ms=0 sma_state=6 m7_us=1573635446 m4_us=1571441183 vdd=5.067 offset=0.5000 aref=3.145 loop_us_avg=33 loop_us_max=4996 loop_hz=30303 cycle_log_ms=1 n_cycle=4 cc=0 cc_hz=0 cc_i_tgt=0.5500 cc_u=2.0535 cc_r=3.8260 cc_tau_ms=7.00
[ 130.872] ): 0x49 PG
[ 130.872] AL_ALM
[ 130.872] [ADC1] S
[ 130.872] TATUS alarm(s
[ 131.122] [STATUS] t_ms=5687016 hwm=5 cap=256 dropped=0 dropped_total=79705 crc_err=0 crc_err_total=0 rate1=512 rate2=512 prod1=512 prod2=512 dac_err=0 tx_drop=377 hb_ms=0 sma_state=6 m7_us=1574667611 m4_us=1572473375 vdd=5.067 offset=0.5000 aref=3.145 loop_us_avg=33 loop_us_max=5087 loop_hz=30303 cycle_log_ms=1 n_cycle=4 cc=0 cc_hz=0 cc_i_tgt=0.5500 cc_u=2.0535 cc_r=3.8260 cc_tau_ms=7.00
[ 131.870] ): 0x49 PG
[ 131.870] AL_ALM
[ 131.870] [ADC1] ST
[ 131.870] ATUS alarm(s
[ 132.185] [STATUS] t_ms=5688016 hwm=5 cap=256 dropped=0 dropped_total=79705 crc_err=0 crc_err_total=0 rate1=512 rate2=512 prod1=512 prod2=512 dac_err=0 tx_drop=377 hb_ms=0 sma_state=6 m7_us=1575699767 m4_us=1573505519 vdd=5.067 offset=0.5000 aref=3.145 loop_us_avg=34 loop_us_max=4979 loop_hz=29411 cycle_log_ms=1 n_cycle=4 cc=0 cc_hz=0 cc_i_tgt=0.5500 cc_u=2.0535 cc_r=3.8260 cc_tau_ms=7.00
[ 132.876] ): 0x4
[ 132.876] [ADC1
[ 132.876] ] STATUS alarm(s
[ 133.190] [STATUS] t_ms=5689016 hwm=5 cap=256 dropped=0 dropped_total=79705 crc_err=0 crc_err_total=0 rate1=512 rate2=512 prod1=512 prod2=512 dac_err=0 tx_drop=377 hb_ms=0 sma_state=6 m7_us=1576731922 m4_us=1574537647 vdd=5.067 offset=0.5000 aref=3.145 loop_us_avg=33 loop_us_max=5134 loop_hz=30303 cycle_log_ms=1 n_cycle=4 cc=0 cc_hz=0 cc_i_tgt=0.5500 cc_u=2.0535 cc_r=3.8260 cc_tau_ms=7.00
[ 133.881] ): 0x49
[ 133.881] [ADC1]
[ 133.881] STATUS alarm(s
[ 134.255] [STATUS] t_ms=5690016 hwm=5 cap=256 dropped=0 dropped_total=79705 crc_err=0 crc_err_total=0 rate1=512 rate2=512 prod1=512 prod2=512 dac_err=0 tx_drop=377 hb_ms=0 sma_state=6 m7_us=1577763979 m4_us=1575569750 vdd=5.067 offset=0.5000 aref=3.145 loop_us_avg=33 loop_us_max=4956 loop_hz=30303 cycle_log_ms=1 n_cycle=4 cc=0 cc_hz=0 cc_i_tgt=0.5500 cc_u=2.0535 cc_r=3.8260 cc_tau_ms=7.00
[ 134.883] [ADC1] STATUS alarm(s
[ 135.259] [STATUS] t_ms=5691016 hwm=5 cap=256 dropped=0 dropped_total=79705 crc_err=0 crc_err_total=0 rate1=512 rate2=512 prod1=512 prod2=512 dac_err=0 tx_drop=377 hb_ms=0 sma_state=6 m7_us=1578796093 m4_us=1576601865 vdd=5.067 offset=0.5000 aref=3.145 loop_us_avg=33 loop_us_max=5117 loop_hz=30303 cycle_log_ms=1 n_cycle=4 cc=0 cc_hz=0 cc_i_tgt=0.5500 cc_u=2.0535 cc_r=3.8260 cc_tau_ms=7.00
[ 135.889] ): 0x4
[ 135.889] [ADC1] STATUS alarm(s
[ 136.325] [STATUS] t_ms=5692016 hwm=5 cap=256 dropped=0 dropped_total=79705 crc_err=0 crc_err_total=0 rate1=512 rate2=512 prod1=512 prod2=512 dac_err=0 tx_drop=377 hb_ms=0 sma_state=6 m7_us=1579828206 m4_us=1577633999 vdd=5.067 offset=0.5000 aref=3.145 loop_us_avg=33 loop_us_max=4921 loop_hz=30303 cycle_log_ms=1 n_cycle=4 cc=0 cc_hz=0 cc_i_tgt=0.5500 cc_u=2.0535 cc_r=3.8260 cc_tau_ms=7.00
[ 136.888] ):
[ 136.888] [A
[ 136.888] DC1] STATUS alarm
[ 136.888] (s
[ 137.326] [STATUS] t_ms=5693016 hwm=5 cap=256 dropped=0 dropped_total=79705 crc_err=0 crc_err_total=0 rate1=512 rate2=512 prod1=512 prod2=512 dac_err=0 tx_drop=377 hb_ms=0 sma_state=6 m7_us=1580860403 m4_us=1578666143 vdd=5.067 offset=0.5000 aref=3.145 loop_us_avg=33 loop_us_max=5165 loop_hz=30303 cycle_log_ms=1 n_cycle=4 cc=0 cc_hz=0 cc_i_tgt=0.5500 cc_u=2.0535 cc_r=3.8260 cc_tau_ms=7.00
[ 137.950] ): 0x49
[ 137.950] [ADC1]
[ 137.950] STATUS alarm(s
[ 138.388] [STATUS] t_ms=5694016 hwm=5 cap=256 dropped=0 dropped_total=79705 crc_err=0 crc_err_total=0 rate1=512 rate2=512 prod1=512 prod2=512 dac_err=0 tx_drop=377 hb_ms=0 sma_state=6 m7_us=1581892561 m4_us=1579698335 vdd=5.067 offset=0.5000 aref=3.145 loop_us_avg=33 loop_us_max=4981 loop_hz=30303 cycle_log_ms=1 n_cycle=4 cc=0 cc_hz=0 cc_i_tgt=0.5500 cc_u=2.0535 cc_r=3.8260 cc_tau_ms=7.00
[ 138.948] [ADC
[ 138.948] 1] STATUS alarm(
[ 138.948] s
[ 139.384] [STATUS] t_ms=5695016 hwm=5 cap=256 dropped=0 dropped_total=79705 crc_err=0 crc_err_total=0 rate1=512 rate2=512 prod1=512 prod2=512 dac_err=0 tx_drop=377 hb_ms=0 sma_state=6 m7_us=1582924773 m4_us=1580730511 vdd=5.067 offset=0.5000 aref=3.145 loop_us_avg=33 loop_us_max=5083 loop_hz=30303 cycle_log_ms=1 n_cycle=4 cc=0 cc_hz=0 cc_i_tgt=0.5500 cc_u=2.0535 cc_r=3.8260 cc_tau_ms=7.00
[ 139.941] [ADC1] STATUS alarm(s
[ 140.437] [STATUS] t_ms=5696016 hwm=5 cap=256 dropped=0 dropped_total=79705 crc_err=0 crc_err_total=0 rate1=512 rate2=512 prod1=512 prod2=512 dac_err=0 tx_drop=377 hb_ms=0 sma_state=6 m7_us=1583956921 m4_us=1581762665 vdd=5.067 offset=0.5000 aref=3.145 loop_us_avg=34 loop_us_max=4978 loop_hz=29411 cycle_log_ms=1 n_cycle=4 cc=0 cc_hz=0 cc_i_tgt=0.5500 cc_u=2.0535 cc_r=3.8260 cc_tau_ms=7.00
[ 140.936] ):
[ 140.936] [ADC1] STATUS a
[ 140.936] larm(s
[ 141.499] [STATUS] t_ms=5697016 hwm=5 cap=256 dropped=0 dropped_total=79705 crc_err=0 crc_err_total=0 rate1=512 rate2=512 prod1=512 prod2=512 dac_err=0 tx_drop=377 hb_ms=0 sma_state=6 m7_us=1584988785 m4_us=1582794777 vdd=5.067 offset=0.5000 aref=3.145 loop_us_avg=33 loop_us_max=5240 loop_hz=30303 cycle_log_ms=1 n_cycle=4 cc=0 cc_hz=0 cc_i_tgt=0.5500 cc_u=2.0535 cc_r=3.8260 cc_tau_ms=7.00
[ 141.939] ):
[ 141.939] [ADC1] STATUS alarm(s
[ 142.501] [STATUS] t_ms=5698016 hwm=5 cap=256 dropped=0 dropped_total=79705 crc_err=0 crc_err_total=0 rate1=512 rate2=512 prod1=512 prod2=512 dac_err=0 tx_drop=377 hb_ms=0 sma_state=6 m7_us=1586021087 m4_us=1583826873 vdd=5.067 offset=0.5000 aref=3.145 loop_us_avg=33 loop_us_max=5037 loop_hz=30303 cycle_log_ms=1 n_cycle=4 cc=0 cc_hz=0 cc_i_tgt=0.5500 cc_u=2.0535 cc_r=3.8260 cc_tau_ms=7.00
[ 142.938] ): 0
[ 142.938] [AD
[ 142.938] C1] STATUS ala
[ 142.938] rm(s
[ 143.564] [STATUS] t_ms=5699016 hwm=5 cap=256 dropped=0 dropped_total=79705 crc_err=0 crc_err_total=0 rate1=512 rate2=512 prod1=512 prod2=512 dac_err=0 tx_drop=377 hb_ms=0 sma_state=6 m7_us=1587053291 m4_us=1584859004 vdd=5.067 offset=0.5000 aref=3.145 loop_us_avg=33 loop_us_max=5203 loop_hz=30303 cycle_log_ms=1 n_cycle=4 cc=0 cc_hz=0 cc_i_tgt=0.5500 cc_u=2.0535 cc_r=3.8260 cc_tau_ms=7.00
[ 143.938] ): 0xC9 P
[ 143.938] GAL_ALM
[ 143.938] [ADC1] STATU
[ 143.938] S alarm(s
[ 144.565] [STATUS] t_ms=5700016 hwm=5 cap=256 dropped=0 dropped_total=79705 crc_err=0 crc_err_total=0 rate1=512 rate2=512 prod1=512 prod2=512 dac_err=0 tx_drop=377 hb_ms=0 sma_state=6 m7_us=1588085351 m4_us=1585891139 vdd=5.067 offset=0.5000 aref=3.145 loop_us_avg=33 loop_us_max=4997 loop_hz=30303 cycle_log_ms=1 n_cycle=4 cc=0 cc_hz=0 cc_i_tgt=0.5500 cc_u=2.0535 cc_r=3.8260 cc_tau_ms=7.00
[ 145.001] [ADC1] STATUS alarm(s
[ 145.626] [STATUS] t_ms=5701016 hwm=5 cap=256 dropped=0 dropped_total=79705 crc_err=0 crc_err_total=0 rate1=512 rate2=512 prod1=512 prod2=512 dac_err=0 tx_drop=377 hb_ms=0 sma_state=6 m7_us=1589117617 m4_us=1586923327 vdd=5.067 offset=0.5000 aref=3.145 loop_us_avg=34 loop_us_max=5132 loop_hz=29411 cycle_log_ms=1 n_cycle=4 cc=0 cc_hz=0 cc_i_tgt=0.5500 cc_u=2.0535 cc_r=3.8260 cc_tau_ms=7.00
[ 145.998] [ADC1] STATUS alarm(s
[ 146.623] [STATUS] t_ms=5702016 hwm=5 cap=256 dropped=0 dropped_total=79705 crc_err=0 crc_err_total=0 rate1=512 rate2=512 prod1=512 prod2=512 dac_err=0 tx_drop=377 hb_ms=0 sma_state=6 m7_us=1590149770 m4_us=1587955551 vdd=5.067 offset=0.5000 aref=3.145 loop_us_avg=33 loop_us_max=5015 loop_hz=30303 cycle_log_ms=1 n_cycle=4 cc=0 cc_hz=0 cc_i_tgt=0.5500 cc_u=2.0535 cc_r=3.8260 cc_tau_ms=7.00
[ 146.997] ): 0xC9 PGA
[ 146.997] L_ALM
[ 146.997] [ADC1] STA
[ 146.997] TUS alarm(s
[ 147.680] [STATUS] t_ms=5703016 hwm=5 cap=256 dropped=0 dropped_total=79705 crc_err=0 crc_err_total=0 rate1=512 rate2=512 prod1=512 prod2=512 dac_err=0 tx_drop=377 hb_ms=0 sma_state=6 m7_us=1591181975 m4_us=1588987718 vdd=5.067 offset=0.5000 aref=3.145 loop_us_avg=34 loop_us_max=5132 loop_hz=29411 cycle_log_ms=1 n_cycle=4 cc=0 cc_hz=0 cc_i_tgt=0.5500 cc_u=2.0535 cc_r=3.8260 cc_tau_ms=7.00
[ 147.993] ): 0xC9
[ 147.993] [ADC1
[ 147.993] ] STATUS alarm(s
[ 148.679] [STATUS] t_ms=5704016 hwm=5 cap=256 dropped=0 dropped_total=79705 crc_err=0 crc_err_total=0 rate1=512 rate2=512 prod1=512 prod2=512 dac_err=0 tx_drop=377 hb_ms=0 sma_state=6 m7_us=1592214086 m4_us=1590019884 vdd=5.067 offset=0.5000 aref=3.145 loop_us_avg=34 loop_us_max=5007 loop_hz=29411 cycle_log_ms=1 n_cycle=4 cc=0 cc_hz=0 cc_i_tgt=0.5500 cc_u=2.0535 cc_r=3.8260 cc_tau_ms=7.00
[ 148.994] ): 0x
[ 148.994] [AD
[ 148.994] C1] STATUS alarm(
[ 149.741] [STATUS] t_ms=5705016 hwm=5 cap=256 dropped=0 dropped_total=79705 crc_err=0 crc_err_total=0 rate1=512 rate2=512 prod1=512 prod2=512 dac_err=0 tx_drop=377 hb_ms=0 sma_state=6 m7_us=1593246289 m4_us=1591052041 vdd=5.067 offset=0.5000 aref=3.145 loop_us_avg=33 loop_us_max=5070 loop_hz=30303 cycle_log_ms=1 n_cycle=4 cc=0 cc_hz=0 cc_i_tgt=0.5500 cc_u=2.0535 cc_r=3.8260 cc_tau_ms=7.00
[ 149.992] s): 0xC9 PGA
[ 149.992] L_ALM
[ 149.992] [ADC1] STA
[ 149.992] TUS alarm
[ 150.744] [STATUS] t_ms=5706016 hwm=5 cap=256 dropped=0 dropped_total=79705 crc_err=0 crc_err_total=0 rate1=512 rate2=512 prod1=512 prod2=512 dac_err=0 tx_drop=377 hb_ms=0 sma_state=6 m7_us=1594278396 m4_us=1592084175 vdd=5.067 offset=0.5000 aref=3.145 loop_us_avg=33 loop_us_max=4955 loop_hz=30303 cycle_log_ms=1 n_cycle=4 cc=0 cc_hz=0 cc_i_tgt=0.5500 cc_u=2.0535 cc_r=3.8260 cc_tau_ms=7.00
[ 150.997] (s):
[ 150.997] [AD
[ 150.997] C1] STATUS alar
[ 151.807] [STATUS] t_ms=5707016 hwm=5 cap=256 dropped=0 dropped_total=79705 crc_err=0 crc_err_total=0 rate1=512 rate2=512 prod1=512 prod2=512 dac_err=0 tx_drop=377 hb_ms=0 sma_state=6 m7_us=1595310312 m4_us=1593116335 vdd=5.067 offset=0.5000 aref=3.145 loop_us_avg=33 loop_us_max=5248 loop_hz=30303 cycle_log_ms=1 n_cycle=4 cc=0 cc_hz=0 cc_i_tgt=0.5500 cc_u=2.0535 cc_r=3.8260 cc_tau_ms=7.00
[ 152.058] [ADC1] STATUS alar
[ 152.811] [STATUS] t_ms=5708016 hwm=4 cap=256 dropped=0 dropped_total=79705 crc_err=0 crc_err_total=0 rate1=512 rate2=512 prod1=512 prod2=512 dac_err=0 tx_drop=377 hb_ms=0 sma_state=6 m7_us=1596342460 m4_us=1594148473 vdd=5.067 offset=0.5000 aref=3.145 loop_us_avg=33 loop_us_max=4887 loop_hz=30303 cycle_log_ms=1 n_cycle=4 cc=0 cc_hz=0 cc_i_tgt=0.5500 cc_u=2.0535 cc_r=3.8260 cc_tau_ms=7.00
[ 153.060] m(
[ 153.060] [
[ 153.060] ADC1] STATUS alarm
[ 153.870] [STATUS] t_ms=5709016 hwm=5 cap=256 dropped=0 dropped_total=79705 crc_err=0 crc_err_total=0 rate1=512 rate2=512 prod1=512 prod2=512 dac_err=0 tx_drop=377 hb_ms=0 sma_state=6 m7_us=1597374768 m4_us=1595180572 vdd=5.067 offset=0.5000 aref=3.145 loop_us_avg=34 loop_us_max=5080 loop_hz=29411 cycle_log_ms=1 n_cycle=4 cc=0 cc_hz=0 cc_i_tgt=0.5500 cc_u=2.0535 cc_r=3.8260 cc_tau_ms=7.00
[ 154.058] (s): 0x
[ 154.058] [ADC
[ 154.058] 1] STATUS alarm(
[ 154.872] [STATUS] t_ms=5710016 hwm=5 cap=256 dropped=0 dropped_total=79705 crc_err=0 crc_err_total=0 rate1=512 rate2=512 prod1=512 prod2=512 dac_err=0 tx_drop=377 hb_ms=0 sma_state=6 m7_us=1598407100 m4_us=1596212681 vdd=5.067 offset=0.5000 aref=3.145 loop_us_avg=33 loop_us_max=4985 loop_hz=30303 cycle_log_ms=1 n_cycle=4 cc=0 cc_hz=0 cc_i_tgt=0.5500 cc_u=2.0535 cc_r=3.8260 cc_tau_ms=7.00
[ 155.059] [ADC1] STATUS alarm(s
[ 155.931] [STATUS] t_ms=5711016 hwm=5 cap=256 dropped=0 dropped_total=79705 crc_err=0 crc_err_total=0 rate1=512 rate2=512 prod1=512 prod2=512 dac_err=0 tx_drop=377 hb_ms=0 sma_state=6 m7_us=1599439027 m4_us=1597244777 vdd=5.067 offset=0.5000 aref=3.145 loop_us_avg=33 loop_us_max=5133 loop_hz=30303 cycle_log_ms=1 n_cycle=4 cc=0 cc_hz=0 cc_i_tgt=0.5500 cc_u=2.0535 cc_r=3.8260 cc_tau_ms=7.00
[ 156.055] [ADC1] STATUS alarm(s
[ 156.930] [STATUS] t_ms=5712016 hwm=5 cap=256 dropped=0 dropped_total=79705 crc_err=0 crc_err_total=0 rate1=512 rate2=512 prod1=512 prod2=512 dac_err=0 tx_drop=377 hb_ms=0 sma_state=6 m7_us=1600471304 m4_us=1598276918 vdd=5.067 offset=0.5000 aref=3.145 loop_us_avg=34 loop_us_max=4933 loop_hz=29411 cycle_log_ms=1 n_cycle=4 cc=0 cc_hz=0 cc_i_tgt=0.5500 cc_u=2.0535 cc_r=3.8260 cc_tau_ms=7.00
[ 157.054] [SMA] [ACT] heat n=6/6 I=550.0mA ms=400
[ 157.054] ): 0x49 PGA
[ 157.054] L_ALM
[ 157.054] [ADC1] STATUS alarm(s
[ 157.429] [SMA] [ACT] cool n=6/6 I=0.0mA ms=30000
[ 157.993] [STATUS] t_ms=5713016 hwm=5 cap=256 dropped=0 dropped_total=79705 crc_err=0 crc_err_total=0 rate1=512 rate2=512 prod1=512 prod2=512 dac_err=0 tx_drop=377 hb_ms=0 sma_state=6 m7_us=1601503090 m4_us=1599309027 vdd=5.067 offset=0.5000 aref=3.145 loop_us_avg=45 loop_us_max=5094 loop_hz=22222 cycle_log_ms=1 n_cycle=4 cc=0 cc_hz=412 cc_i_tgt=0.5500 cc_u=2.1667 cc_r=3.8480 cc_tau_ms=7.00
[ 158.054] ): 0x
[ 158.054] [ADC1] STATUS alarm(s
[ 158.990] [STATUS] t_ms=5714016 hwm=5 cap=256 dropped=0 dropped_total=79705 crc_err=0 crc_err_total=0 rate1=512 rate2=513 prod1=512 prod2=513 dac_err=0 tx_drop=377 hb_ms=0 sma_state=6 m7_us=1602536204 m4_us=1600342138 vdd=5.067 offset=0.5000 aref=3.145 loop_us_avg=33 loop_us_max=4965 loop_hz=30303 cycle_log_ms=1 n_cycle=4 cc=0 cc_hz=0 cc_i_tgt=0.5500 cc_u=2.1667 cc_r=3.8480 cc_tau_ms=7.00
[ 159.115] ): 0x
[ 159.115] [ADC1
[ 159.115] ] STATUS alarm(s
[ 160.051] [STATUS] t_ms=5715016 hwm=5 cap=256 dropped=0 dropped_total=79705 crc_err=0 crc_err_total=0 rate1=512 rate2=512 prod1=512 prod2=512 dac_err=0 tx_drop=377 hb_ms=0 sma_state=6 m7_us=1603568205 m4_us=1601374256 vdd=5.067 offset=0.5000 aref=3.145 loop_us_avg=33 loop_us_max=5100 loop_hz=30303 cycle_log_ms=1 n_cycle=4 cc=0 cc_hz=0 cc_i_tgt=0.5500 cc_u=2.1667 cc_r=3.8480 cc_tau_ms=7.00
[ 160.114] ):
[ 160.114] [AD
[ 160.114] C1] STATUS alarm
[ 160.114] (s
[ 161.051] [STATUS] t_ms=5716016 hwm=4 cap=256 dropped=0 dropped_total=79705 crc_err=0 crc_err_total=0 rate1=512 rate2=511 prod1=512 prod2=511 dac_err=0 tx_drop=377 hb_ms=0 sma_state=6 m7_us=1604599554 m4_us=1602405356 vdd=5.067 offset=0.5000 aref=3.145 loop_us_avg=33 loop_us_max=4988 loop_hz=30303 cycle_log_ms=1 n_cycle=4 cc=0 cc_hz=0 cc_i_tgt=0.5500 cc_u=2.1667 cc_r=3.8480 cc_tau_ms=7.00
[ 161.113] [ADC1
[ 161.113] ] STATUS alarm(s
[ 162.112] [STATUS] t_ms=5717016 hwm=5 cap=256 dropped=0 dropped_total=79705 crc_err=0 crc_err_total=0 rate1=512 rate2=512 prod1=512 prod2=512 dac_err=0 tx_drop=377 hb_ms=0 sma_state=6 m7_us=1605631675 m4_us=1603437471 vdd=5.067 offset=0.5000 aref=3.145 loop_us_avg=33 loop_us_max=5108 loop_hz=30303 cycle_log_ms=1 n_cycle=4 cc=0 cc_hz=0 cc_i_tgt=0.5500 cc_u=2.1667 cc_r=3.8480 cc_tau_ms=7.00
[ 162.112] [ADC1] STATUS alarm(s
[ 163.111] ): 0x4
[ 163.111] [ADC1] STATUS alarm(s
[ 163.174] [STATUS] t_ms=5718016 hwm=5 cap=256 dropped=0 dropped_total=79705 crc_err=0 crc_err_total=0 rate1=512 rate2=512 prod1=512 prod2=512 dac_err=0 tx_drop=377 hb_ms=0 sma_state=6 m7_us=1606664035 m4_us=1604469625 vdd=5.067 offset=0.5000 aref=3.145 loop_us_avg=34 loop_us_max=4972 loop_hz=29411 cycle_log_ms=1 n_cycle=4 cc=0 cc_hz=0 cc_i_tgt=0.5500 cc_u=2.1667 cc_r=3.8480 cc_tau_ms=7.00
[ 164.112] ): 0x49 PGA
[ 164.112] L_ALM
[ 164.112] [ADC1] ST
[ 164.112] ATUS alarm(s
[ 164.173] [STATUS] t_ms=5719016 hwm=5 cap=256 dropped=0 dropped_total=79705 crc_err=0 crc_err_total=0 rate1=512 rate2=512 prod1=512 prod2=512 dac_err=0 tx_drop=377 hb_ms=0 sma_state=6 m7_us=1607695814 m4_us=1605501775 vdd=5.067 offset=0.5000 aref=3.145 loop_us_avg=33 loop_us_max=5282 loop_hz=30303 cycle_log_ms=1 n_cycle=4 cc=0 cc_hz=0 cc_i_tgt=0.5500 cc_u=2.1667 cc_r=3.8480 cc_tau_ms=7.00
[ 165.112] ):
[ 165.112] [
[ 165.112] ADC1] STATUS alarm(s
[ 165.239] [STATUS] t_ms=5720016 hwm=5 cap=256 dropped=0 dropped_total=79705 crc_err=0 crc_err_total=0 rate1=512 rate2=512 prod1=512 prod2=512 dac_err=0 tx_drop=377 hb_ms=0 sma_state=6 m7_us=1608728101 m4_us=1606533935 vdd=5.067 offset=0.5000 aref=3.145 loop_us_avg=33 loop_us_max=4952 loop_hz=30303 cycle_log_ms=1 n_cycle=4 cc=0 cc_hz=0 cc_i_tgt=0.5500 cc_u=2.1667 cc_r=3.8480 cc_tau_ms=7.00
[ 166.119] ): 0x49
[ 166.119] [ADC1
[ 166.119] ] STATUS alarm(s
[ 166.245] [STATUS] t_ms=5721016 hwm=5 cap=256 dropped=0 dropped_total=79705 crc_err=0 crc_err_total=0 rate1=512 rate2=512 prod1=512 prod2=512 dac_err=0 tx_drop=377 hb_ms=0 sma_state=6 m7_us=1609760309 m4_us=1607566095 vdd=5.067 offset=0.5000 aref=3.145 loop_us_avg=34 loop_us_max=5192 loop_hz=29411 cycle_log_ms=1 n_cycle=4 cc=0 cc_hz=0 cc_i_tgt=0.5500 cc_u=2.1667 cc_r=3.8480 cc_tau_ms=7.00
[ 167.121] [ADC1]
[ 167.121] STATUS alarm(s
[ 167.248] [STATUS] t_ms=5722016 hwm=5 cap=256 dropped=0 dropped_total=79705 crc_err=0 crc_err_total=0 rate1=512 rate2=512 prod1=512 prod2=512 dac_err=0 tx_drop=377 hb_ms=0 sma_state=6 m7_us=1610792508 m4_us=1608598271 vdd=5.067 offset=0.5000 aref=3.145 loop_us_avg=33 loop_us_max=4930 loop_hz=30303 cycle_log_ms=1 n_cycle=4 cc=0 cc_hz=0 cc_i_tgt=0.5500 cc_u=2.1667 cc_r=3.8480 cc_tau_ms=7.00
[ 168.186] [ADC1] STATUS alarm(s
[ 168.310] [STATUS] t_ms=5723016 hwm=5 cap=256 dropped=0 dropped_total=79705 crc_err=0 crc_err_total=0 rate1=512 rate2=512 prod1=512 prod2=512 dac_err=0 tx_drop=377 hb_ms=0 sma_state=6 m7_us=1611824709 m4_us=1609630438 vdd=5.067 offset=0.5000 aref=3.145 loop_us_avg=33 loop_us_max=4991 loop_hz=30303 cycle_log_ms=1 n_cycle=4 cc=0 cc_hz=0 cc_i_tgt=0.5500 cc_u=2.1667 cc_r=3.8480 cc_tau_ms=7.00
[ 169.181] ): 0x
[ 169.181] [ADC1]
[ 169.181] STATUS alarm(s
[ 169.307] [STATUS] t_ms=5724016 hwm=5 cap=256 dropped=0 dropped_total=79705 crc_err=0 crc_err_total=0 rate1=512 rate2=512 prod1=512 prod2=512 dac_err=0 tx_drop=377 hb_ms=0 sma_state=6 m7_us=1612856828 m4_us=1610662607 vdd=5.067 offset=0.5000 aref=3.145 loop_us_avg=33 loop_us_max=4941 loop_hz=30303 cycle_log_ms=1 n_cycle=4 cc=0 cc_hz=0 cc_i_tgt=0.5500 cc_u=2.1667 cc_r=3.8480 cc_tau_ms=7.00
[ 170.184] ): 0x49
[ 170.184] [ADC1]
[ 170.184] STATUS alarm(s
[ 170.371] [STATUS] t_ms=5725016 hwm=5 cap=256 dropped=0 dropped_total=79705 crc_err=0 crc_err_total=0 rate1=512 rate2=512 prod1=512 prod2=512 dac_err=0 tx_drop=377 hb_ms=0 sma_state=6 m7_us=1613888985 m4_us=1611694755 vdd=5.067 offset=0.5000 aref=3.145 loop_us_avg=33 loop_us_max=4943 loop_hz=30303 cycle_log_ms=1 n_cycle=4 cc=0 cc_hz=0 cc_i_tgt=0.5500 cc_u=2.1667 cc_r=3.8480 cc_tau_ms=7.00
[ 171.185] [ADC1] STATUS alarm(s
[ 171.371] [STATUS] t_ms=5726016 hwm=5 cap=256 dropped=0 dropped_total=79705 crc_err=0 crc_err_total=0 rate1=512 rate2=512 prod1=512 prod2=512 dac_err=0 tx_drop=377 hb_ms=0 sma_state=6 m7_us=1614920840 m4_us=1612726857 vdd=5.067 offset=0.5000 aref=3.145 loop_us_avg=33 loop_us_max=5249 loop_hz=30303 cycle_log_ms=1 n_cycle=4 cc=0 cc_hz=0 cc_i_tgt=0.5500 cc_u=2.1667 cc_r=3.8480 cc_tau_ms=7.00
[ 172.182] ): 0xC9 PGA
[ 172.182] L_ALM
[ 172.182] [ADC1] S
[ 172.182] TATUS alarm(s
[ 172.431] [STATUS] t_ms=5727016 hwm=5 cap=256 dropped=0 dropped_total=79705 crc_err=0 crc_err_total=0 rate1=512 rate2=512 prod1=512 prod2=512 dac_err=0 tx_drop=377 hb_ms=0 sma_state=6 m7_us=1615952993 m4_us=1613758985 vdd=5.067 offset=0.5000 aref=3.145 loop_us_avg=33 loop_us_max=4911 loop_hz=30303 cycle_log_ms=1 n_cycle=4 cc=0 cc_hz=0 cc_i_tgt=0.5500 cc_u=2.1667 cc_r=3.8480 cc_tau_ms=7.00
[ 173.181] [ADC1] STATUS alarm(s
[ 173.494] [STATUS] t_ms=5728016 hwm=5 cap=256 dropped=0 dropped_total=79705 crc_err=0 crc_err_total=0 rate1=512 rate2=513 prod1=512 prod2=513 dac_err=0 tx_drop=377 hb_ms=0 sma_state=6 m7_us=1616986201 m4_us=1614792122 vdd=5.067 offset=0.5000 aref=3.145 loop_us_avg=33 loop_us_max=4982 loop_hz=30303 cycle_log_ms=1 n_cycle=4 cc=0 cc_hz=0 cc_i_tgt=0.5500 cc_u=2.1667 cc_r=3.8480 cc_tau_ms=7.00
[ 174.185] [ADC1] STATUS alarm(s
[ 174.498] [STATUS] t_ms=5729016 hwm=5 cap=256 dropped=0 dropped_total=79705 crc_err=0 crc_err_total=0 rate1=512 rate2=511 prod1=512 prod2=511 dac_err=0 tx_drop=377 hb_ms=0 sma_state=6 m7_us=1618017414 m4_us=1615823231 vdd=5.067 offset=0.5000 aref=3.145 loop_us_avg=33 loop_us_max=5127 loop_hz=30303 cycle_log_ms=1 n_cycle=4 cc=0 cc_hz=0 cc_i_tgt=0.5500 cc_u=2.1667 cc_r=3.8480 cc_tau_ms=7.00
[ 175.185] ): 0xC9 PGA
[ 175.185] L_ALM
[ 175.185] [ADC1] ST
[ 175.185] ATUS alarm(s
[ 175.559] [STATUS] t_ms=5730016 hwm=5 cap=256 dropped=0 dropped_total=79705 crc_err=0 crc_err_total=0 rate1=512 rate2=512 prod1=512 prod2=512 dac_err=0 tx_drop=377 hb_ms=0 sma_state=6 m7_us=1619049564 m4_us=1616855321 vdd=5.067 offset=0.5000 aref=3.145 loop_us_avg=33 loop_us_max=5067 loop_hz=30303 cycle_log_ms=1 n_cycle=4 cc=0 cc_hz=0 cc_i_tgt=0.5500 cc_u=2.1667 cc_r=3.8480 cc_tau_ms=7.00
[ 176.247] ):
[ 176.247] [AD
[ 176.247] C1] STATUS alar
[ 176.247] m(s
[ 176.558] [STATUS] t_ms=5731016 hwm=5 cap=256 dropped=0 dropped_total=79705 crc_err=0 crc_err_total=0 rate1=512 rate2=512 prod1=512 prod2=512 dac_err=0 tx_drop=377 hb_ms=0 sma_state=6 m7_us=1620081673 m4_us=1617887375 vdd=5.067 offset=0.5000 aref=3.145 loop_us_avg=33 loop_us_max=5101 loop_hz=30303 cycle_log_ms=1 n_cycle=4 cc=0 cc_hz=0 cc_i_tgt=0.5500 cc_u=2.1667 cc_r=3.8480 cc_tau_ms=7.00
[ 177.246] [ADC1] STATUS alarm(s
[ 177.618] [STATUS] t_ms=5732016 hwm=5 cap=256 dropped=0 dropped_total=79705 crc_err=0 crc_err_total=0 rate1=512 rate2=512 prod1=512 prod2=512 dac_err=0 tx_drop=377 hb_ms=0 sma_state=6 m7_us=1621113635 m4_us=1618919439 vdd=5.067 offset=0.5000 aref=3.145 loop_us_avg=33 loop_us_max=4998 loop_hz=30303 cycle_log_ms=1 n_cycle=4 cc=0 cc_hz=0 cc_i_tgt=0.5500 cc_u=2.1667 cc_r=3.8480 cc_tau_ms=7.00
[ 178.245] [ADC1] STATUS alarm(s
[ 178.617] [STATUS] t_ms=5733016 hwm=5 cap=256 dropped=0 dropped_total=79705 crc_err=0 crc_err_total=0 rate1=512 rate2=512 prod1=512 prod2=512 dac_err=0 tx_drop=377 hb_ms=0 sma_state=6 m7_us=1622145780 m4_us=1619951519 vdd=5.067 offset=0.5000 aref=3.145 loop_us_avg=33 loop_us_max=4939 loop_hz=30303 cycle_log_ms=1 n_cycle=4 cc=0 cc_hz=0 cc_i_tgt=0.5500 cc_u=2.1667 cc_r=3.8480 cc_tau_ms=7.00
[ 179.244] ): 0xC9
[ 179.244] [ADC1] STATUS alarm(s
[ 179.684] [STATUS] t_ms=5734016 hwm=5 cap=256 dropped=0 dropped_total=79705 crc_err=0 crc_err_total=0 rate1=512 rate2=512 prod1=512 prod2=512 dac_err=0 tx_drop=377 hb_ms=0 sma_state=6 m7_us=1623177899 m4_us=1620983647 vdd=5.067 offset=0.5000 aref=3.145 loop_us_avg=33 loop_us_max=4942 loop_hz=30303 cycle_log_ms=1 n_cycle=4 cc=0 cc_hz=0 cc_i_tgt=0.5500 cc_u=2.1667 cc_r=3.8480 cc_tau_ms=7.00
[ 180.248] ): 0
[ 180.248] [ADC
[ 180.248] 1] STATUS alar
[ 180.248] m(s
[ 180.684] [STATUS] t_ms=5735016 hwm=5 cap=256 dropped=0 dropped_total=79705 crc_err=0 crc_err_total=0 rate1=512 rate2=512 prod1=512 prod2=512 dac_err=0 tx_drop=377 hb_ms=0 sma_state=6 m7_us=1624210001 m4_us=1622015769 vdd=5.067 offset=0.5000 aref=3.145 loop_us_avg=33 loop_us_max=4973 loop_hz=30303 cycle_log_ms=1 n_cycle=4 cc=0 cc_hz=0 cc_i_tgt=0.5500 cc_u=2.1667 cc_r=3.8480 cc_tau_ms=7.00
[ 181.246] ): 0
[ 181.246] [AD
[ 181.246] C1] STATUS ala
[ 181.246] rm
[ 181.747] [STATUS] t_ms=5736016 hwm=5 cap=256 dropped=0 dropped_total=79705 crc_err=0 crc_err_total=0 rate1=512 rate2=512 prod1=512 prod2=512 dac_err=0 tx_drop=377 hb_ms=0 sma_state=6 m7_us=1625242107 m4_us=1623047881 vdd=5.067 offset=0.5000 aref=3.145 loop_us_avg=33 loop_us_max=4942 loop_hz=30303 cycle_log_ms=1 n_cycle=4 cc=0 cc_hz=0 cc_i_tgt=0.5500 cc_u=2.1667 cc_r=3.8480 cc_tau_ms=7.00
[ 182.246] (s): 0x
[ 182.246] [AD
[ 182.246] C1] STATUS alarm
[ 182.747] [STATUS] t_ms=5737016 hwm=5 cap=256 dropped=0 dropped_total=79705 crc_err=0 crc_err_total=0 rate1=512 rate2=512 prod1=512 prod2=512 dac_err=0 tx_drop=377 hb_ms=0 sma_state=6 m7_us=1626274219 m4_us=1624079967 vdd=5.067 offset=0.5000 aref=3.145 loop_us_avg=33 loop_us_max=4945 loop_hz=30303 cycle_log_ms=1 n_cycle=4 cc=0 cc_hz=0 cc_i_tgt=0.5500 cc_u=2.1667 cc_r=3.8480 cc_tau_ms=7.00
[ 183.248] [ADC1] STATUS alarm
[ 183.807] [STATUS] t_ms=5738016 hwm=5 cap=256 dropped=0 dropped_total=79705 crc_err=0 crc_err_total=0 rate1=512 rate2=512 prod1=512 prod2=512 dac_err=0 tx_drop=377 hb_ms=0 sma_state=6 m7_us=1627306300 m4_us=1625112079 vdd=5.067 offset=0.5000 aref=3.145 loop_us_avg=34 loop_us_max=4980 loop_hz=29411 cycle_log_ms=1 n_cycle=4 cc=0 cc_hz=0 cc_i_tgt=0.5500 cc_u=2.1667 cc_r=3.8480 cc_tau_ms=7.00
[ 184.310] [ADC1] STATUS alar
[ 184.809] [STATUS] t_ms=5739016 hwm=5 cap=256 dropped=0 dropped_total=79705 crc_err=0 crc_err_total=0 rate1=512 rate2=512 prod1=512 prod2=512 dac_err=0 tx_drop=377 hb_ms=0 sma_state=6 m7_us=1628338432 m4_us=1626144239 vdd=5.067 offset=0.5000 aref=3.145 loop_us_avg=33 loop_us_max=4903 loop_hz=30303 cycle_log_ms=1 n_cycle=4 cc=0 cc_hz=0 cc_i_tgt=0.5500 cc_u=2.1667 cc_r=3.8480 cc_tau_ms=7.00
[ 185.308] m(s): 0x89 P
[ 185.308] GAL_ALM
[ 185.308] [ADC1] STATUS ala
