[   0.051] [SMA] ARMED (MOSFET on); idle=0.500 V
[   0.052] [STATUS] t_ms=3691598 hwm=4 cap=256 dropped=0 dropped_total=42360 crc_err=0 crc_err_total=0 rate1=512 rate2=512 prod1=512 prod2=512 dac_err=0 tx_drop=1034527 hb_ms=0 sma_state=0 m7_us=3808042602 m4_us=3805848683 vdd=5.067 offset=0.5000 aref=3.145 loop_us_avg=21 loop_us_max=4720 loop_hz=47619 cycle_log_ms=1 n_cycle=4 cc=0 cc_hz=0 cc_i_tgt=0.1000 cc_u=0.5145 cc_r=5.0258 cc_tau_ms=7.00
[   0.052] ] STAT
[   0.052] US alarm(s): 0x
[   0.052] [AD
[   0.052] C1
[   1.060] [STATUS] t_ms=3692598 hwm=4 cap=256 dropped=0 dropped_total=42360 crc_err=0 crc_err_total=0 rate1=512 rate2=512 prod1=512 prod2=512 dac_err=0 tx_drop=1034527 hb_ms=0 sma_state=0 m7_us=3809074427 m4_us=3806880488 vdd=5.067 offset=0.5000 aref=3.145 loop_us_avg=22 loop_us_max=4708 loop_hz=45454 cycle_log_ms=1 n_cycle=4 cc=0 cc_hz=0 cc_i_tgt=0.1000 cc_u=0.5145 cc_r=5.0258 cc_tau_ms=7.00
[   1.060] ]
[   1.060] STATUS alarm(s):
[   1.060] [A
[   1.060] DC1
[   2.060] ] STA
[   2.060] TUS alarm(s):
[   2.060] [ADC1
[   0.062] [SMA] [CC] start i_high=150.0mA i_low=100.0mA t_high=300 t_idle=15000 n=6 (0=cont) tau_ms=7.0 wdt_ms=5000
[   0.062] [SMA] [ACT] heat n=1/6 I=150.0mA ms=300
[   0.062] [STATUS] t_ms=3693598 hwm=4 cap=256 dropped=0 dropped_total=42360 crc_err=0 crc_err_total=0 rate1=512 rate2=511 prod1=512 prod2=511 dac_err=0 tx_drop=1034527 hb_ms=0 sma_state=5 m7_us=3810105241 m4_us=3807911274 vdd=5.067 offset=0.5000 aref=3.145 loop_us_avg=22 loop_us_max=4727 loop_hz=45454 cycle_log_ms=1 n_cycle=4 cc=1 cc_hz=1 cc_i_tgt=0.1500 cc_u=0.5002 cc_r=0.0000 cc_tau_ms=7.00
[   0.374] [SMA] [ACT] cool n=1/6 I=100.0mA ms=15000
[   1.006] ] STAT
[   1.006] [ADC
[   1.070] [STATUS] t_ms=3694598 hwm=5 cap=256 dropped=0 dropped_total=42360 crc_err=0 crc_err_total=0 rate1=512 rate2=512 prod1=512 prod2=512 dac_err=0 tx_drop=1034527 hb_ms=0 sma_state=6 m7_us=3811137620 m4_us=3808942989 vdd=5.067 offset=0.5000 aref=3.145 loop_us_avg=94 loop_us_max=5329 loop_hz=10638 cycle_log_ms=1 n_cycle=4 cc=1 cc_hz=1024 cc_i_tgt=0.1000 cc_u=0.5238 cc_r=5.0123 cc_tau_ms=7.00
[   2.016] 1] ST
[   2.016] ATUS alarm(s): 0x
[   2.016] [ADC1
[   2.078] [STATUS] t_ms=3695598 hwm=6 cap=256 dropped=0 dropped_total=42360 crc_err=0 crc_err_total=0 rate1=512 rate2=512 prod1=512 prod2=512 dac_err=0 tx_drop=1034527 hb_ms=0 sma_state=6 m7_us=3812169246 m4_us=3809974650 vdd=5.067 offset=0.5000 aref=3.145 loop_us_avg=94 loop_us_max=5413 loop_hz=10638 cycle_log_ms=1 n_cycle=4 cc=1 cc_hz=1025 cc_i_tgt=0.1000 cc_u=0.5066 cc_r=4.9665 cc_tau_ms=7.00
[   3.031] ] STA
[   3.031] [ADC1
[   3.157] [STATUS] t_ms=3696598 hwm=6 cap=256 dropped=0 dropped_total=42360 crc_err=0 crc_err_total=0 rate1=512 rate2=512 prod1=512 prod2=512 dac_err=0 tx_drop=1034527 hb_ms=0 sma_state=6 m7_us=3813200925 m4_us=3811006308 vdd=5.067 offset=0.5000 aref=3.145 loop_us_avg=94 loop_us_max=5357 loop_hz=10638 cycle_log_ms=1 n_cycle=4 cc=1 cc_hz=1026 cc_i_tgt=0.1000 cc_u=0.5008 cc_r=5.0633 cc_tau_ms=7.00
[   4.040] ] STATUS al
[   4.040] [ADC1
[   4.166] [STATUS] t_ms=3697598 hwm=6 cap=256 dropped=0 dropped_total=42360 crc_err=0 crc_err_total=0 rate1=512 rate2=513 prod1=512 prod2=513 dac_err=0 tx_drop=1034527 hb_ms=0 sma_state=6 m7_us=3814232950 m4_us=3812039016 vdd=5.067 offset=0.5000 aref=3.145 loop_us_avg=94 loop_us_max=5414 loop_hz=10638 cycle_log_ms=1 n_cycle=4 cc=1 cc_hz=1026 cc_i_tgt=0.1000 cc_u=0.5267 cc_r=5.0784 cc_tau_ms=7.00
[   5.049] [ADC1
[   5.177] [STATUS] t_ms=3698598 hwm=5 cap=256 dropped=0 dropped_total=42360 crc_err=0 crc_err_total=0 rate1=512 rate2=511 prod1=512 prod2=511 dac_err=0 tx_drop=1034527 hb_ms=0 sma_state=6 m7_us=3815264262 m4_us=3813069661 vdd=5.067 offset=0.5000 aref=3.145 loop_us_avg=94 loop_us_max=5414 loop_hz=10638 cycle_log_ms=1 n_cycle=4 cc=1 cc_hz=1025 cc_i_tgt=0.1000 cc_u=0.5067 cc_r=4.9380 cc_tau_ms=7.00
[   6.058] [ADC1
[   6.249] [STATUS] t_ms=3699598 hwm=6 cap=256 dropped=0 dropped_total=42360 crc_err=0 crc_err_total=0 rate1=512 rate2=512 prod1=512 prod2=512 dac_err=0 tx_drop=1034527 hb_ms=0 sma_state=6 m7_us=3816295927 m4_us=3814101322 vdd=5.067 offset=0.5000 aref=3.145 loop_us_avg=94 loop_us_max=5362 loop_hz=10638 cycle_log_ms=1 n_cycle=4 cc=1 cc_hz=1026 cc_i_tgt=0.1000 cc_u=0.5000 cc_r=5.0148 cc_tau_ms=7.00
[   7.067] ] ST
[   7.067] ATUS alarm(s): 0
[   7.067] [ADC1
[   7.257] [STATUS] t_ms=3700598 hwm=6 cap=256 dropped=0 dropped_total=42360 crc_err=0 crc_err_total=0 rate1=512 rate2=512 prod1=512 prod2=512 dac_err=0 tx_drop=1034527 hb_ms=0 sma_state=6 m7_us=3817327573 m4_us=3815132944 vdd=5.067 offset=0.5000 aref=3.145 loop_us_avg=94 loop_us_max=5401 loop_hz=10638 cycle_log_ms=1 n_cycle=4 cc=1 cc_hz=1025 cc_i_tgt=0.1000 cc_u=0.5274 cc_r=5.2100 cc_tau_ms=7.00
[   8.080] ] STATUS a
[   8.080] larm(s): 0x89 PGA
[   8.080] L_ALM
[   8.080] [ADC1
[   8.271] [STATUS] t_ms=3701598 hwm=6 cap=256 dropped=0 dropped_total=42360 crc_err=0 crc_err_total=0 rate1=512 rate2=512 prod1=512 prod2=512 dac_err=0 tx_drop=1034527 hb_ms=0 sma_state=6 m7_us=3818359185 m4_us=3816164548 vdd=5.067 offset=0.5000 aref=3.145 loop_us_avg=93 loop_us_max=5414 loop_hz=10752 cycle_log_ms=1 n_cycle=4 cc=1 cc_hz=1025 cc_i_tgt=0.1000 cc_u=0.5170 cc_r=5.1920 cc_tau_ms=7.00
[   9.096] [ADC1
[   9.350] [STATUS] t_ms=3702598 hwm=6 cap=256 dropped=0 dropped_total=42360 crc_err=0 crc_err_total=0 rate1=512 rate2=512 prod1=512 prod2=512 dac_err=0 tx_drop=1034527 hb_ms=0 sma_state=6 m7_us=3819390817 m4_us=3817196189 vdd=5.067 offset=0.5000 aref=3.145 loop_us_avg=94 loop_us_max=5413 loop_hz=10638 cycle_log_ms=1 n_cycle=4 cc=1 cc_hz=1025 cc_i_tgt=0.1000 cc_u=0.5275 cc_r=4.9716 cc_tau_ms=7.00
[  10.104] ] STATUS alarm(s): 0x49
[  10.104] [ADC1
[  10.358] [STATUS] t_ms=3703598 hwm=6 cap=256 dropped=0 dropped_total=42360 crc_err=0 crc_err_total=0 rate1=512 rate2=512 prod1=512 prod2=512 dac_err=0 tx_drop=1034527 hb_ms=0 sma_state=6 m7_us=3820422430 m4_us=3818227802 vdd=5.067 offset=0.5000 aref=3.145 loop_us_avg=92 loop_us_max=5449 loop_hz=10869 cycle_log_ms=1 n_cycle=4 cc=1 cc_hz=1025 cc_i_tgt=0.1000 cc_u=0.5388 cc_r=5.2131 cc_tau_ms=7.00
[  11.115] [ADC1
[  11.370] [STATUS] t_ms=3704598 hwm=6 cap=256 dropped=0 dropped_total=42360 crc_err=0 crc_err_total=0 rate1=512 rate2=512 prod1=512 prod2=512 dac_err=0 tx_drop=1034527 hb_ms=0 sma_state=6 m7_us=3821454038 m4_us=3819259408 vdd=5.067 offset=0.5000 aref=3.145 loop_us_avg=94 loop_us_max=5412 loop_hz=10638 cycle_log_ms=1 n_cycle=4 cc=1 cc_hz=1025 cc_i_tgt=0.1000 cc_u=0.5044 cc_r=5.0886 cc_tau_ms=7.00
[  12.130] [ADC1
[  12.447] [STATUS] t_ms=3705598 hwm=6 cap=256 dropped=0 dropped_total=42360 crc_err=0 crc_err_total=0 rate1=512 rate2=512 prod1=512 prod2=512 dac_err=0 tx_drop=1034527 hb_ms=0 sma_state=6 m7_us=3822485665 m4_us=3820291024 vdd=5.067 offset=0.5000 aref=3.145 loop_us_avg=93 loop_us_max=5410 loop_hz=10752 cycle_log_ms=1 n_cycle=4 cc=1 cc_hz=1025 cc_i_tgt=0.1000 cc_u=0.5187 cc_r=5.0484 cc_tau_ms=7.00
[  13.142] [ADC1
[  13.457] [STATUS] t_ms=3706598 hwm=6 cap=256 dropped=0 dropped_total=42360 crc_err=0 crc_err_total=0 rate1=512 rate2=512 prod1=512 prod2=512 dac_err=0 tx_drop=1034527 hb_ms=0 sma_state=6 m7_us=3823517245 m4_us=3821322608 vdd=5.067 offset=0.5000 aref=3.145 loop_us_avg=92 loop_us_max=5401 loop_hz=10869 cycle_log_ms=1 n_cycle=4 cc=1 cc_hz=1025 cc_i_tgt=0.1000 cc_u=0.5028 cc_r=4.9195 cc_tau_ms=7.00
[  14.149] ] STATUS ala
[  14.149] [ADC1
[  14.464] [STATUS] t_ms=3707598 hwm=6 cap=256 dropped=0 dropped_total=42360 crc_err=0 crc_err_total=0 rate1=512 rate2=512 prod1=512 prod2=512 dac_err=0 tx_drop=1034527 hb_ms=0 sma_state=6 m7_us=3824548773 m4_us=3822354154 vdd=5.067 offset=0.5000 aref=3.145 loop_us_avg=94 loop_us_max=5416 loop_hz=10638 cycle_log_ms=1 n_cycle=4 cc=1 cc_hz=1025 cc_i_tgt=0.1000 cc_u=0.5087 cc_r=4.9818 cc_tau_ms=7.00
[  15.158] ] STAT
[  15.158] US alarm(s): 0x49 PG
[  15.158] AL_ALM
[  15.158] [ADC1
[  15.539] [STATUS] t_ms=3708598 hwm=6 cap=256 dropped=0 dropped_total=42360 crc_err=0 crc_err_total=0 rate1=512 rate2=512 prod1=512 prod2=512 dac_err=0 tx_drop=1034527 hb_ms=0 sma_state=6 m7_us=3825580336 m4_us=3823385706 vdd=5.067 offset=0.5000 aref=3.145 loop_us_avg=93 loop_us_max=5396 loop_hz=10752 cycle_log_ms=1 n_cycle=4 cc=1 cc_hz=1025 cc_i_tgt=0.1000 cc_u=0.5244 cc_r=5.1589 cc_tau_ms=7.00
[  15.794] [SMA] [ACT] heat n=2/6 I=150.0mA ms=300
[  16.112] [SMA] [ACT] cool n=2/6 I=100.0mA ms=15000
[  16.112] [ADC1
[  16.551] [STATUS] t_ms=3709598 hwm=6 cap=256 dropped=0 dropped_total=42360 crc_err=0 crc_err_total=0 rate1=512 rate2=512 prod1=512 prod2=512 dac_err=0 tx_drop=1034527 hb_ms=0 sma_state=6 m7_us=3826611914 m4_us=3824417290 vdd=5.067 offset=0.5000 aref=3.145 loop_us_avg=93 loop_us_max=5403 loop_hz=10752 cycle_log_ms=1 n_cycle=4 cc=1 cc_hz=1023 cc_i_tgt=0.1000 cc_u=0.5165 cc_r=5.0391 cc_tau_ms=7.00
[  17.118] [ADC1
[  17.559] [STATUS] t_ms=3710598 hwm=6 cap=256 dropped=0 dropped_total=42360 crc_err=0 crc_err_total=0 rate1=512 rate2=512 prod1=512 prod2=512 dac_err=0 tx_drop=1034527 hb_ms=0 sma_state=6 m7_us=3827643526 m4_us=3825448887 vdd=5.067 offset=0.5000 aref=3.145 loop_us_avg=92 loop_us_max=5402 loop_hz=10869 cycle_log_ms=1 n_cycle=4 cc=1 cc_hz=1025 cc_i_tgt=0.1000 cc_u=0.5120 cc_r=5.0665 cc_tau_ms=7.00
[  18.130] [ADC1
[  18.871] [STATUS] t_ms=3711598 hwm=6 cap=256 dropped=0 dropped_total=42360 crc_err=0 crc_err_total=0 rate1=512 rate2=512 prod1=512 prod2=512 dac_err=0 tx_drop=1034527 hb_ms=0 sma_state=6 m7_us=3828675064 m4_us=3826480436 vdd=5.067 offset=0.5000 aref=3.145 loop_us_avg=94 loop_us_max=5412 loop_hz=10638 cycle_log_ms=1 n_cycle=4 cc=1 cc_hz=1025 cc_i_tgt=0.1000 cc_u=0.5059 cc_r=4.9177 cc_tau_ms=7.00
[  19.188] [ADC1
[  19.632] [STATUS] t_ms=3712598 hwm=6 cap=256 dropped=0 dropped_total=42360 crc_err=0 crc_err_total=0 rate1=512 rate2=512 prod1=512 prod2=512 dac_err=0 tx_drop=1034527 hb_ms=0 sma_state=6 m7_us=3829706681 m4_us=3827512036 vdd=5.067 offset=0.5000 aref=3.145 loop_us_avg=93 loop_us_max=5427 loop_hz=10752 cycle_log_ms=1 n_cycle=4 cc=1 cc_hz=1025 cc_i_tgt=0.1000 cc_u=0.5222 cc_r=5.1690 cc_tau_ms=7.00
[  20.136] ] STAT
[  20.136] [ADC1
[  20.705] [STATUS] t_ms=3713598 hwm=6 cap=256 dropped=0 dropped_total=42360 crc_err=0 crc_err_total=0 rate1=512 rate2=512 prod1=512 prod2=512 dac_err=0 tx_drop=1034527 hb_ms=0 sma_state=6 m7_us=3830738238 m4_us=3828543642 vdd=5.067 offset=0.5000 aref=3.145 loop_us_avg=92 loop_us_max=5427 loop_hz=10869 cycle_log_ms=1 n_cycle=4 cc=1 cc_hz=1025 cc_i_tgt=0.1000 cc_u=0.5000 cc_r=4.9893 cc_tau_ms=7.00
[  21.145] ] STATUS ala
[  21.145] M
[  21.145] [ADC
[  21.714] [STATUS] t_ms=3714598 hwm=6 cap=256 dropped=0 dropped_total=42360 crc_err=0 crc_err_total=0 rate1=512 rate2=512 prod1=512 prod2=512 dac_err=0 tx_drop=1034527 hb_ms=0 sma_state=6 m7_us=3831769853 m4_us=3829575229 vdd=5.067 offset=0.5000 aref=3.145 loop_us_avg=94 loop_us_max=5376 loop_hz=10638 cycle_log_ms=1 n_cycle=4 cc=1 cc_hz=1025 cc_i_tgt=0.1000 cc_u=0.5110 cc_r=5.1231 cc_tau_ms=7.00
[  22.157] [ADC1
[  22.726] [STATUS] t_ms=3715598 hwm=6 cap=256 dropped=0 dropped_total=42360 crc_err=0 crc_err_total=0 rate1=512 rate2=512 prod1=512 prod2=512 dac_err=0 tx_drop=1034527 hb_ms=0 sma_state=6 m7_us=3832801418 m4_us=3830606788 vdd=5.067 offset=0.5000 aref=3.145 loop_us_avg=93 loop_us_max=5406 loop_hz=10752 cycle_log_ms=1 n_cycle=4 cc=1 cc_hz=1025 cc_i_tgt=0.1000 cc_u=0.5075 cc_r=4.9503 cc_tau_ms=7.00
[  23.166] [ADC1
[  23.789] [STATUS] t_ms=3716598 hwm=6 cap=256 dropped=0 dropped_total=42360 crc_err=0 crc_err_total=0 rate1=512 rate2=512 prod1=512 prod2=512 dac_err=0 tx_drop=1034527 hb_ms=0 sma_state=6 m7_us=3833832988 m4_us=3831638359 vdd=5.067 offset=0.5000 aref=3.145 loop_us_avg=94 loop_us_max=5414 loop_hz=10638 cycle_log_ms=1 n_cycle=4 cc=1 cc_hz=1025 cc_i_tgt=0.1000 cc_u=0.5301 cc_r=5.1043 cc_tau_ms=7.00
[  24.170] ] STATUS alarm(s)
[  24.170] [ADC1
[  24.802] [STATUS] t_ms=3717598 hwm=6 cap=256 dropped=0 dropped_total=42360 crc_err=0 crc_err_total=0 rate1=512 rate2=512 prod1=512 prod2=512 dac_err=0 tx_drop=1034527 hb_ms=0 sma_state=6 m7_us=3834864542 m4_us=3832669904 vdd=5.067 offset=0.5000 aref=3.145 loop_us_avg=93 loop_us_max=5405 loop_hz=10752 cycle_log_ms=1 n_cycle=4 cc=1 cc_hz=1025 cc_i_tgt=0.1000 cc_u=0.5052 cc_r=5.0181 cc_tau_ms=7.00
[  25.177] [ADC1
[  25.811] [STATUS] t_ms=3718598 hwm=6 cap=256 dropped=0 dropped_total=42360 crc_err=0 crc_err_total=0 rate1=512 rate2=512 prod1=512 prod2=512 dac_err=0 tx_drop=1034527 hb_ms=0 sma_state=6 m7_us=3835896072 m4_us=3833701450 vdd=5.067 offset=0.5000 aref=3.145 loop_us_avg=94 loop_us_max=5417 loop_hz=10638 cycle_log_ms=1 n_cycle=4 cc=1 cc_hz=1025 cc_i_tgt=0.1000 cc_u=0.5000 cc_r=5.0588 cc_tau_ms=7.00
[  26.190] ] STA
[  26.190] TUS alarm(s): 0x4
[  26.190] [ADC1
[  26.881] [STATUS] t_ms=3719598 hwm=6 cap=256 dropped=0 dropped_total=42360 crc_err=0 crc_err_total=0 rate1=512 rate2=512 prod1=512 prod2=512 dac_err=0 tx_drop=1034527 hb_ms=0 sma_state=6 m7_us=3836927645 m4_us=3834733015 vdd=5.067 offset=0.5000 aref=3.145 loop_us_avg=93 loop_us_max=5397 loop_hz=10752 cycle_log_ms=1 n_cycle=4 cc=1 cc_hz=1025 cc_i_tgt=0.1000 cc_u=0.5041 cc_r=4.9784 cc_tau_ms=7.00
[  27.198] [ADC1
[  27.892] [STATUS] t_ms=3720598 hwm=6 cap=256 dropped=0 dropped_total=42360 crc_err=0 crc_err_total=0 rate1=512 rate2=512 prod1=512 prod2=512 dac_err=0 tx_drop=1034527 hb_ms=0 sma_state=6 m7_us=3837959230 m4_us=3835764586 vdd=5.067 offset=0.5000 aref=3.145 loop_us_avg=94 loop_us_max=5418 loop_hz=10638 cycle_log_ms=1 n_cycle=4 cc=1 cc_hz=1025 cc_i_tgt=0.1000 cc_u=0.5052 cc_r=4.9803 cc_tau_ms=7.00
[  28.207] [ADC1
[  28.899] [STATUS] t_ms=3721598 hwm=6 cap=256 dropped=0 dropped_total=42360 crc_err=0 crc_err_total=0 rate1=512 rate2=512 prod1=512 prod2=512 dac_err=0 tx_drop=1034527 hb_ms=0 sma_state=6 m7_us=3838990778 m4_us=3836796183 vdd=5.067 offset=0.5000 aref=3.145 loop_us_avg=92 loop_us_max=5430 loop_hz=10869 cycle_log_ms=1 n_cycle=4 cc=1 cc_hz=1025 cc_i_tgt=0.1000 cc_u=0.5262 cc_r=5.0460 cc_tau_ms=7.00
[  29.215] [ADC1
[  29.972] [STATUS] t_ms=3722598 hwm=6 cap=256 dropped=0 dropped_total=42360 crc_err=0 crc_err_total=0 rate1=512 rate2=512 prod1=512 prod2=512 dac_err=0 tx_drop=1034527 hb_ms=0 sma_state=6 m7_us=3840022398 m4_us=3837827770 vdd=5.067 offset=0.5000 aref=3.145 loop_us_avg=94 loop_us_max=5362 loop_hz=10638 cycle_log_ms=1 n_cycle=4 cc=1 cc_hz=1025 cc_i_tgt=0.1000 cc_u=0.5000 cc_r=4.9267 cc_tau_ms=7.00
[  30.225] [ADC
[  30.985] [STATUS] t_ms=3723598 hwm=6 cap=256 dropped=0 dropped_total=42360 crc_err=0 crc_err_total=0 rate1=512 rate2=512 prod1=512 prod2=512 dac_err=0 tx_drop=1034527 hb_ms=0 sma_state=6 m7_us=3841053946 m4_us=3838859312 vdd=5.067 offset=0.5000 aref=3.145 loop_us_avg=94 loop_us_max=5453 loop_hz=10638 cycle_log_ms=1 n_cycle=4 cc=1 cc_hz=1025 cc_i_tgt=0.1000 cc_u=0.5608 cc_r=5.1533 cc_tau_ms=7.00
[  31.238] 1] STATUS ala
[  31.238] [ADC1
[  31.617] [SMA] [ACT] heat n=3/6 I=150.0mA ms=300
[  31.933] [SMA] [ACT] cool n=3/6 I=100.0mA ms=15000
[  31.998] [STATUS] t_ms=3724598 hwm=6 cap=256 dropped=0 dropped_total=42360 crc_err=0 crc_err_total=0 rate1=512 rate2=512 prod1=512 prod2=512 dac_err=0 tx_drop=1034527 hb_ms=0 sma_state=6 m7_us=3842085487 m4_us=3839890864 vdd=5.067 offset=0.5000 aref=3.145 loop_us_avg=94 loop_us_max=5416 loop_hz=10638 cycle_log_ms=1 n_cycle=4 cc=1 cc_hz=1023 cc_i_tgt=0.1000 cc_u=0.5052 cc_r=4.9766 cc_tau_ms=7.00
[  32.250] ] STA
[  32.250] TUS alarm(s): 0xC9
[  32.250] [ADC1
[  33.071] [STATUS] t_ms=3725598 hwm=6 cap=256 dropped=0 dropped_total=42360 crc_err=0 crc_err_total=0 rate1=512 rate2=512 prod1=512 prod2=512 dac_err=0 tx_drop=1034527 hb_ms=0 sma_state=6 m7_us=3843117043 m4_us=3840922400 vdd=5.067 offset=0.5000 aref=3.145 loop_us_avg=93 loop_us_max=5428 loop_hz=10752 cycle_log_ms=1 n_cycle=4 cc=1 cc_hz=1025 cc_i_tgt=0.1000 cc_u=0.5098 cc_r=5.0297 cc_tau_ms=7.00
[  33.261] [ADC1
[  34.077] [STATUS] t_ms=3726598 hwm=6 cap=256 dropped=0 dropped_total=42360 crc_err=0 crc_err_total=0 rate1=512 rate2=512 prod1=512 prod2=512 dac_err=0 tx_drop=1034527 hb_ms=0 sma_state=6 m7_us=3844148589 m4_us=3841953959 vdd=5.067 offset=0.5000 aref=3.145 loop_us_avg=92 loop_us_max=5397 loop_hz=10869 cycle_log_ms=1 n_cycle=4 cc=1 cc_hz=1025 cc_i_tgt=0.1000 cc_u=0.5441 cc_r=5.1761 cc_tau_ms=7.00
[  34.268] [ADC1
[  35.090] [STATUS] t_ms=3727598 hwm=6 cap=256 dropped=0 dropped_total=42360 crc_err=0 crc_err_total=0 rate1=512 rate2=512 prod1=512 prod2=512 dac_err=0 tx_drop=1034527 hb_ms=0 sma_state=6 m7_us=3845180098 m4_us=3842985498 vdd=5.067 offset=0.5000 aref=3.145 loop_us_avg=94 loop_us_max=5413 loop_hz=10638 cycle_log_ms=1 n_cycle=4 cc=1 cc_hz=1025 cc_i_tgt=0.1000 cc_u=0.5002 cc_r=5.0124 cc_tau_ms=7.00
[  35.280] [ADC1
[  36.162] [STATUS] t_ms=3728598 hwm=6 cap=256 dropped=0 dropped_total=42360 crc_err=0 crc_err_total=0 rate1=512 rate2=512 prod1=512 prod2=512 dac_err=0 tx_drop=1034527 hb_ms=0 sma_state=6 m7_us=3846211610 m4_us=3844017015 vdd=5.067 offset=0.5000 aref=3.145 loop_us_avg=94 loop_us_max=5360 loop_hz=10638 cycle_log_ms=1 n_cycle=4 cc=1 cc_hz=1025 cc_i_tgt=0.1000 cc_u=0.5000 cc_r=5.0549 cc_tau_ms=7.00
[  36.288] [ADC1
[  37.165] [STATUS] t_ms=3729598 hwm=6 cap=256 dropped=0 dropped_total=42360 crc_err=0 crc_err_total=0 rate1=512 rate2=512 prod1=512 prod2=512 dac_err=0 tx_drop=1034527 hb_ms=0 sma_state=6 m7_us=3847243172 m4_us=3845048548 vdd=5.067 offset=0.5000 aref=3.145 loop_us_avg=94 loop_us_max=5349 loop_hz=10638 cycle_log_ms=1 n_cycle=4 cc=1 cc_hz=1025 cc_i_tgt=0.1000 cc_u=0.5033 cc_r=5.1349 cc_tau_ms=7.00
[  37.292] ] STATUS a
[  37.292] [ADC1
[  38.229] [STATUS] t_ms=3730598 hwm=6 cap=256 dropped=0 dropped_total=42360 crc_err=0 crc_err_total=0 rate1=512 rate2=512 prod1=512 prod2=512 dac_err=0 tx_drop=1034527 hb_ms=0 sma_state=6 m7_us=3848274624 m4_us=3846080029 vdd=5.067 offset=0.5000 aref=3.145 loop_us_avg=93 loop_us_max=5397 loop_hz=10752 cycle_log_ms=1 n_cycle=4 cc=1 cc_hz=1025 cc_i_tgt=0.1000 cc_u=0.5068 cc_r=5.1220 cc_tau_ms=7.00
[  38.292] ] STA
[  38.292] TUS alarm(s): 0x49
[  38.292] [ADC1
[  39.231] [STATUS] t_ms=3731598 hwm=6 cap=256 dropped=0 dropped_total=42360 crc_err=0 crc_err_total=0 rate1=512 rate2=512 prod1=512 prod2=512 dac_err=0 tx_drop=1034527 hb_ms=0 sma_state=6 m7_us=3849306123 m4_us=3847111517 vdd=5.067 offset=0.5000 aref=3.145 loop_us_avg=94 loop_us_max=5347 loop_hz=10638 cycle_log_ms=1 n_cycle=4 cc=1 cc_hz=1025 cc_i_tgt=0.1000 cc_u=0.5360 cc_r=5.1264 cc_tau_ms=7.00
[  39.294] [ADC1
[  40.304] [STATUS] t_ms=3732598 hwm=6 cap=256 dropped=0 dropped_total=42360 crc_err=0 crc_err_total=0 rate1=512 rate2=512 prod1=512 prod2=512 dac_err=0 tx_drop=1034527 hb_ms=0 sma_state=6 m7_us=3850337641 m4_us=3848142964 vdd=5.067 offset=0.5000 aref=3.145 loop_us_avg=94 loop_us_max=5368 loop_hz=10638 cycle_log_ms=1 n_cycle=4 cc=1 cc_hz=1025 cc_i_tgt=0.1000 cc_u=0.5172 cc_r=5.0737 cc_tau_ms=7.00
[  40.304] [ADC1
[  41.314] [STATUS] t_ms=3733598 hwm=6 cap=256 dropped=0 dropped_total=42360 crc_err=0 crc_err_total=0 rate1=512 rate2=512 prod1=512 prod2=512 dac_err=0 tx_drop=1034527 hb_ms=0 sma_state=6 m7_us=3851369115 m4_us=3849174484 vdd=5.067 offset=0.5000 aref=3.145 loop_us_avg=94 loop_us_max=5425 loop_hz=10638 cycle_log_ms=1 n_cycle=4 cc=1 cc_hz=1025 cc_i_tgt=0.1000 cc_u=0.5023 cc_r=5.0568 cc_tau_ms=7.00
[  41.314] [ADC1
[  42.324] [ADC1
[  42.324] [STATUS] t_ms=3734598 hwm=6 cap=256 dropped=0 dropped_total=42360 crc_err=0 crc_err_total=0 rate1=512 rate2=512 prod1=512 prod2=512 dac_err=0 tx_drop=1034527 hb_ms=0 sma_state=6 m7_us=3852400604 m4_us=3850205978 vdd=5.067 offset=0.5000 aref=3.145 loop_us_avg=94 loop_us_max=5418 loop_hz=10638 cycle_log_ms=1 n_cycle=4 cc=1 cc_hz=1025 cc_i_tgt=0.1000 cc_u=0.5008 cc_r=4.9426 cc_tau_ms=7.00
[  43.340] [ADC
[  43.340] [STATUS] t_ms=3735598 hwm=6 cap=256 dropped=0 dropped_total=42360 crc_err=0 crc_err_total=0 rate1=512 rate2=512 prod1=512 prod2=512 dac_err=0 tx_drop=1034527 hb_ms=0 sma_state=6 m7_us=3853432119 m4_us=3851237520 vdd=5.067 offset=0.5000 aref=3.145 loop_us_avg=93 loop_us_max=5405 loop_hz=10752 cycle_log_ms=1 n_cycle=4 cc=1 cc_hz=1025 cc_i_tgt=0.1000 cc_u=0.5000 cc_r=5.1005 cc_tau_ms=7.00
[  44.349] 1] STATUS
[  44.349] [ADC1
[  44.413] [STATUS] t_ms=3736598 hwm=6 cap=256 dropped=0 dropped_total=42360 crc_err=0 crc_err_total=0 rate1=512 rate2=512 prod1=512 prod2=512 dac_err=0 tx_drop=1034527 hb_ms=0 sma_state=6 m7_us=3854463698 m4_us=3852269047 vdd=5.067 offset=0.5000 aref=3.145 loop_us_avg=94 loop_us_max=5359 loop_hz=10638 cycle_log_ms=1 n_cycle=4 cc=1 cc_hz=1025 cc_i_tgt=0.1000 cc_u=0.5142 cc_r=5.2285 cc_tau_ms=7.00
[  45.361] ] STATU
[  45.361] S alarm(s): 0xC9 PG
[  45.361] AL_ALM
[  45.361] [ADC1
[  45.425] [STATUS] t_ms=3737598 hwm=6 cap=256 dropped=0 dropped_total=42360 crc_err=0 crc_err_total=0 rate1=512 rate2=512 prod1=512 prod2=512 dac_err=0 tx_drop=1034527 hb_ms=0 sma_state=6 m7_us=3855495227 m4_us=3853300599 vdd=5.067 offset=0.5000 aref=3.145 loop_us_avg=93 loop_us_max=5414 loop_hz=10752 cycle_log_ms=1 n_cycle=4 cc=1 cc_hz=1025 cc_i_tgt=0.1000 cc_u=0.5141 cc_r=5.1682 cc_tau_ms=7.00
[  46.361] [ADC1
[  46.484] [STATUS] t_ms=3738598 hwm=6 cap=256 dropped=0 dropped_total=42360 crc_err=0 crc_err_total=0 rate1=512 rate2=512 prod1=512 prod2=512 dac_err=0 tx_drop=1034527 hb_ms=0 sma_state=6 m7_us=3856526758 m4_us=3854332132 vdd=5.067 offset=0.5000 aref=3.145 loop_us_avg=92 loop_us_max=5397 loop_hz=10869 cycle_log_ms=1 n_cycle=4 cc=1 cc_hz=1025 cc_i_tgt=0.1000 cc_u=0.5025 cc_r=5.0749 cc_tau_ms=7.00
[  47.370] [ADC
[  47.370] [SMA] [ACT] heat n=4/6 I=150.0mA ms=300
[  47.496] [STATUS] t_ms=3739598 hwm=6 cap=256 dropped=0 dropped_total=42360 crc_err=0 crc_err_total=0 rate1=512 rate2=512 prod1=512 prod2=512 dac_err=0 tx_drop=1034527 hb_ms=0 sma_state=5 m7_us=3857558272 m4_us=3855363642 vdd=5.067 offset=0.5000 aref=3.145 loop_us_avg=93 loop_us_max=5416 loop_hz=10752 cycle_log_ms=1 n_cycle=4 cc=1 cc_hz=1024 cc_i_tgt=0.1500 cc_u=0.7041 cc_r=4.8002 cc_tau_ms=7.00
[  47.687] [SMA] [ACT] cool n=4/6 I=100.0mA ms=15000
[  48.381] 1] ST
[  48.381] [ADC1
[  48.506] [STATUS] t_ms=3740598 hwm=6 cap=256 dropped=0 dropped_total=42360 crc_err=0 crc_err_total=0 rate1=512 rate2=512 prod1=512 prod2=512 dac_err=0 tx_drop=1034527 hb_ms=0 sma_state=6 m7_us=3858589708 m4_us=3856395082 vdd=5.067 offset=0.5000 aref=3.145 loop_us_avg=93 loop_us_max=5419 loop_hz=10752 cycle_log_ms=1 n_cycle=4 cc=1 cc_hz=1024 cc_i_tgt=0.1000 cc_u=0.5127 cc_r=5.1559 cc_tau_ms=7.00
[  49.376] ] STATUS
[  49.376] alarm(s): 0xC9 PGA
[  49.376] L_ALM
[  49.376] [ADC1
[  49.566] [STATUS] t_ms=3741598 hwm=6 cap=256 dropped=0 dropped_total=42360 crc_err=0 crc_err_total=0 rate1=512 rate2=512 prod1=512 prod2=512 dac_err=0 tx_drop=1034527 hb_ms=0 sma_state=6 m7_us=3859621170 m4_us=3857426541 vdd=5.067 offset=0.5000 aref=3.145 loop_us_avg=93 loop_us_max=5397 loop_hz=10752 cycle_log_ms=1 n_cycle=4 cc=1 cc_hz=1025 cc_i_tgt=0.1000 cc_u=0.5000 cc_r=5.0996 cc_tau_ms=7.00
[  50.386] ] STATUS alar
[  50.386] [ADC1
[  50.575] [STATUS] t_ms=3742598 hwm=6 cap=256 dropped=0 dropped_total=42360 crc_err=0 crc_err_total=0 rate1=512 rate2=512 prod1=512 prod2=512 dac_err=0 tx_drop=1034527 hb_ms=0 sma_state=6 m7_us=3860652700 m4_us=3858458068 vdd=5.067 offset=0.5000 aref=3.145 loop_us_avg=94 loop_us_max=5427 loop_hz=10638 cycle_log_ms=1 n_cycle=4 cc=1 cc_hz=1025 cc_i_tgt=0.1000 cc_u=0.5190 cc_r=5.0718 cc_tau_ms=7.00
[  51.397] ] STATUS
[  51.397] alarm(s): 0x49 PG
[  51.397] AL_ALM
[  51.397] [ADC
[  51.648] [STATUS] t_ms=3743598 hwm=6 cap=256 dropped=0 dropped_total=42360 crc_err=0 crc_err_total=0 rate1=512 rate2=512 prod1=512 prod2=512 dac_err=0 tx_drop=1034527 hb_ms=0 sma_state=6 m7_us=3861684213 m4_us=3859489616 vdd=5.067 offset=0.5000 aref=3.145 loop_us_avg=94 loop_us_max=5399 loop_hz=10638 cycle_log_ms=1 n_cycle=4 cc=1 cc_hz=1025 cc_i_tgt=0.1000 cc_u=0.5000 cc_r=4.9757 cc_tau_ms=7.00
[  52.401] [ADC1
[  52.653] [STATUS] t_ms=3744598 hwm=6 cap=256 dropped=0 dropped_total=42360 crc_err=0 crc_err_total=0 rate1=512 rate2=512 prod1=512 prod2=512 dac_err=0 tx_drop=1034527 hb_ms=0 sma_state=6 m7_us=3862715731 m4_us=3860521133 vdd=5.067 offset=0.5000 aref=3.145 loop_us_avg=94 loop_us_max=5347 loop_hz=10638 cycle_log_ms=1 n_cycle=4 cc=1 cc_hz=1025 cc_i_tgt=0.1000 cc_u=0.5000 cc_r=5.1223 cc_tau_ms=7.00
[  53.406] [ADC1
[  53.658] [STATUS] t_ms=3745598 hwm=6 cap=256 dropped=0 dropped_total=42360 crc_err=0 crc_err_total=0 rate1=512 rate2=512 prod1=512 prod2=512 dac_err=0 tx_drop=1034527 hb_ms=0 sma_state=6 m7_us=3863747292 m4_us=3861552666 vdd=5.067 offset=0.5000 aref=3.145 loop_us_avg=93 loop_us_max=5350 loop_hz=10752 cycle_log_ms=1 n_cycle=4 cc=1 cc_hz=1025 cc_i_tgt=0.1000 cc_u=0.5213 cc_r=5.1591 cc_tau_ms=7.00
[  54.418] [ADC1
[  54.733] [STATUS] t_ms=3746598 hwm=6 cap=256 dropped=0 dropped_total=42360 crc_err=0 crc_err_total=0 rate1=512 rate2=512 prod1=512 prod2=512 dac_err=0 tx_drop=1034527 hb_ms=0 sma_state=6 m7_us=3864778826 m4_us=3862584199 vdd=5.067 offset=0.5000 aref=3.145 loop_us_avg=92 loop_us_max=5399 loop_hz=10869 cycle_log_ms=1 n_cycle=4 cc=1 cc_hz=1025 cc_i_tgt=0.1000 cc_u=0.5012 cc_r=5.1523 cc_tau_ms=7.00
[  55.428] ] S
[  55.428] TATUS alarm(s): 0x
[  55.428] [ADC1
[  55.743] [STATUS] t_ms=3747598 hwm=6 cap=256 dropped=0 dropped_total=42360 crc_err=0 crc_err_total=0 rate1=512 rate2=512 prod1=512 prod2=512 dac_err=0 tx_drop=1034527 hb_ms=0 sma_state=6 m7_us=3865810355 m4_us=3863615725 vdd=5.067 offset=0.5000 aref=3.145 loop_us_avg=94 loop_us_max=5421 loop_hz=10638 cycle_log_ms=1 n_cycle=4 cc=1 cc_hz=1025 cc_i_tgt=0.1000 cc_u=0.5024 cc_r=5.0563 cc_tau_ms=7.00
[  56.437] [ADC1
[  56.750] [STATUS] t_ms=3748598 hwm=6 cap=256 dropped=0 dropped_total=42360 crc_err=0 crc_err_total=0 rate1=512 rate2=512 prod1=512 prod2=512 dac_err=0 tx_drop=1034527 hb_ms=0 sma_state=6 m7_us=3866841886 m4_us=3864647255 vdd=5.067 offset=0.5000 aref=3.145 loop_us_avg=93 loop_us_max=5401 loop_hz=10752 cycle_log_ms=1 n_cycle=4 cc=1 cc_hz=1025 cc_i_tgt=0.1000 cc_u=0.5199 cc_r=5.1358 cc_tau_ms=7.00
[  57.443] ] STATUS a
[  57.443] [ADC1
[  57.823] [STATUS] t_ms=3749598 hwm=6 cap=256 dropped=0 dropped_total=42360 crc_err=0 crc_err_total=0 rate1=512 rate2=512 prod1=512 prod2=512 dac_err=0 tx_drop=1034527 hb_ms=0 sma_state=6 m7_us=3867873533 m4_us=3865678820 vdd=5.067 offset=0.5000 aref=3.145 loop_us_avg=94 loop_us_max=5396 loop_hz=10638 cycle_log_ms=1 n_cycle=4 cc=1 cc_hz=1025 cc_i_tgt=0.1000 cc_u=0.5112 cc_r=5.1017 cc_tau_ms=7.00
[  58.452] [ADC1
[  58.832] [STATUS] t_ms=3750598 hwm=6 cap=256 dropped=0 dropped_total=42360 crc_err=0 crc_err_total=0 rate1=512 rate2=512 prod1=512 prod2=512 dac_err=0 tx_drop=1034527 hb_ms=0 sma_state=6 m7_us=3868904959 m4_us=3866710333 vdd=5.067 offset=0.5000 aref=3.145 loop_us_avg=92 loop_us_max=5502 loop_hz=10869 cycle_log_ms=1 n_cycle=4 cc=1 cc_hz=1025 cc_i_tgt=0.1000 cc_u=0.5168 cc_r=5.0731 cc_tau_ms=7.00
[  59.462] [ADC1
[  59.841] [STATUS] t_ms=3751598 hwm=6 cap=256 dropped=0 dropped_total=42360 crc_err=0 crc_err_total=0 rate1=512 rate2=512 prod1=512 prod2=512 dac_err=0 tx_drop=1034527 hb_ms=0 sma_state=6 m7_us=3869936464 m4_us=3867741837 vdd=5.067 offset=0.5000 aref=3.145 loop_us_avg=94 loop_us_max=5440 loop_hz=10638 cycle_log_ms=1 n_cycle=4 cc=1 cc_hz=1025 cc_i_tgt=0.1000 cc_u=0.5096 cc_r=5.0339 cc_tau_ms=7.00
[  60.471] ]
[  60.471] STATUS alarm(s):
[  60.471] [ADC1
[  60.908] [STATUS] t_ms=3752598 hwm=6 cap=256 dropped=0 dropped_total=42360 crc_err=0 crc_err_total=0 rate1=512 rate2=512 prod1=512 prod2=512 dac_err=0 tx_drop=1034527 hb_ms=0 sma_state=6 m7_us=3870967959 m4_us=3868773325 vdd=5.067 offset=0.5000 aref=3.145 loop_us_avg=94 loop_us_max=5416 loop_hz=10638 cycle_log_ms=1 n_cycle=4 cc=1 cc_hz=1025 cc_i_tgt=0.1000 cc_u=0.5086 cc_r=5.1023 cc_tau_ms=7.00
[  61.475] [ADC1
[  61.914] [STATUS] t_ms=3753598 hwm=6 cap=256 dropped=0 dropped_total=42360 crc_err=0 crc_err_total=0 rate1=512 rate2=512 prod1=512 prod2=512 dac_err=0 tx_drop=1034527 hb_ms=0 sma_state=6 m7_us=3871999487 m4_us=3869804858 vdd=5.067 offset=0.5000 aref=3.145 loop_us_avg=92 loop_us_max=5399 loop_hz=10869 cycle_log_ms=1 n_cycle=4 cc=1 cc_hz=1025 cc_i_tgt=0.1000 cc_u=0.5276 cc_r=5.1815 cc_tau_ms=7.00
[  62.483] [ADC1
[  62.988] [STATUS] t_ms=3754598 hwm=6 cap=256 dropped=0 dropped_total=42360 crc_err=0 crc_err_total=0 rate1=512 rate2=512 prod1=512 prod2=512 dac_err=0 tx_drop=1034527 hb_ms=0 sma_state=6 m7_us=3873031021 m4_us=3870836391 vdd=5.067 offset=0.5000 aref=3.145 loop_us_avg=94 loop_us_max=5415 loop_hz=10638 cycle_log_ms=1 n_cycle=4 cc=1 cc_hz=1025 cc_i_tgt=0.1000 cc_u=0.5144 cc_r=5.0174 cc_tau_ms=7.00
[  63.177] [SMA] [ACT] heat n=5/6 I=150.0mA ms=300
[  63.492] [SMA] [ACT] cool n=5/6 I=100.0mA ms=15000
[  63.492] ] STATUS a
[  63.492] larm(s): 0x49 PGA
[  63.492] L_ALM
[  63.492] [ADC1
[  63.998] [STATUS] t_ms=3755598 hwm=6 cap=256 dropped=0 dropped_total=42360 crc_err=0 crc_err_total=0 rate1=512 rate2=512 prod1=512 prod2=512 dac_err=0 tx_drop=1034527 hb_ms=0 sma_state=6 m7_us=3874062528 m4_us=3871867936 vdd=5.067 offset=0.5000 aref=3.145 loop_us_avg=94 loop_us_max=5397 loop_hz=10638 cycle_log_ms=1 n_cycle=4 cc=1 cc_hz=1023 cc_i_tgt=0.1000 cc_u=0.5000 cc_r=5.1143 cc_tau_ms=7.00
[  64.507] ] STATUS alarm(s): 0
[  64.507] [A
[  64.507] DC
[  65.010] [STATUS] t_ms=3756598 hwm=6 cap=256 dropped=0 dropped_total=42360 crc_err=0 crc_err_total=0 rate1=512 rate2=512 prod1=512 prod2=512 dac_err=0 tx_drop=1034527 hb_ms=0 sma_state=6 m7_us=3875094137 m4_us=3872899504 vdd=5.067 offset=0.5000 aref=3.145 loop_us_avg=94 loop_us_max=5347 loop_hz=10638 cycle_log_ms=1 n_cycle=4 cc=1 cc_hz=1025 cc_i_tgt=0.1000 cc_u=0.5034 cc_r=4.9680 cc_tau_ms=7.00
[  65.517] [ADC1
[  66.084] [STATUS] t_ms=3757598 hwm=6 cap=256 dropped=0 dropped_total=42360 crc_err=0 crc_err_total=0 rate1=512 rate2=512 prod1=512 prod2=512 dac_err=0 tx_drop=1034527 hb_ms=0 sma_state=6 m7_us=3876125709 m4_us=3873931076 vdd=5.067 offset=0.5000 aref=3.145 loop_us_avg=94 loop_us_max=5425 loop_hz=10638 cycle_log_ms=1 n_cycle=4 cc=1 cc_hz=1025 cc_i_tgt=0.1000 cc_u=0.5000 cc_r=5.2013 cc_tau_ms=7.00
[  66.528] [ADC1
[  67.089] [STATUS] t_ms=3758598 hwm=6 cap=256 dropped=0 dropped_total=42360 crc_err=0 crc_err_total=0 rate1=512 rate2=512 prod1=512 prod2=512 dac_err=0 tx_drop=1034527 hb_ms=0 sma_state=6 m7_us=3877157322 m4_us=3874962698 vdd=5.067 offset=0.5000 aref=3.145 loop_us_avg=93 loop_us_max=5440 loop_hz=10752 cycle_log_ms=1 n_cycle=4 cc=1 cc_hz=1025 cc_i_tgt=0.1000 cc_u=0.5142 cc_r=5.1192 cc_tau_ms=7.00
[  67.532] [ADC1
[  68.100] [STATUS] t_ms=3759598 hwm=6 cap=256 dropped=0 dropped_total=42360 crc_err=0 crc_err_total=0 rate1=512 rate2=512 prod1=512 prod2=512 dac_err=0 tx_drop=1034527 hb_ms=0 sma_state=6 m7_us=3878188881 m4_us=3875994250 vdd=5.067 offset=0.5000 aref=3.145 loop_us_avg=94 loop_us_max=5395 loop_hz=10638 cycle_log_ms=1 n_cycle=4 cc=1 cc_hz=1025 cc_i_tgt=0.1000 cc_u=0.5002 cc_r=4.9920 cc_tau_ms=7.00
[  68.543] ]
[  68.543] [ADC1
[  69.177] [STATUS] t_ms=3760598 hwm=6 cap=256 dropped=0 dropped_total=42360 crc_err=0 crc_err_total=0 rate1=512 rate2=512 prod1=512 prod2=512 dac_err=0 tx_drop=1034527 hb_ms=0 sma_state=6 m7_us=3879220453 m4_us=3877025828 vdd=5.067 offset=0.5000 aref=3.145 loop_us_avg=93 loop_us_max=5415 loop_hz=10752 cycle_log_ms=1 n_cycle=4 cc=1 cc_hz=1025 cc_i_tgt=0.1000 cc_u=0.5000 cc_r=4.9837 cc_tau_ms=7.00
[  69.556] ] STATUS ala
[  69.556] _ALM
[  69.556] [ADC
[  70.189] [STATUS] t_ms=3761598 hwm=6 cap=256 dropped=0 dropped_total=42360 crc_err=0 crc_err_total=0 rate1=512 rate2=512 prod1=512 prod2=512 dac_err=0 tx_drop=1034527 hb_ms=0 sma_state=6 m7_us=3880252042 m4_us=3878057415 vdd=5.067 offset=0.5000 aref=3.145 loop_us_avg=94 loop_us_max=5397 loop_hz=10638 cycle_log_ms=1 n_cycle=4 cc=1 cc_hz=1025 cc_i_tgt=0.1000 cc_u=0.5000 cc_r=5.0653 cc_tau_ms=7.00
[  70.504] [ADC1
[  71.202] [STATUS] t_ms=3762598 hwm=6 cap=256 dropped=0 dropped_total=42360 crc_err=0 crc_err_total=0 rate1=512 rate2=512 prod1=512 prod2=512 dac_err=0 tx_drop=1034527 hb_ms=0 sma_state=6 m7_us=3881283645 m4_us=3879089002 vdd=5.067 offset=0.5000 aref=3.145 loop_us_avg=94 loop_us_max=5419 loop_hz=10638 cycle_log_ms=1 n_cycle=4 cc=1 cc_hz=1025 cc_i_tgt=0.1000 cc_u=0.5000 cc_r=4.9032 cc_tau_ms=7.00
[  71.518] [ADC1
[  72.274] [STATUS] t_ms=3763598 hwm=6 cap=256 dropped=0 dropped_total=42360 crc_err=0 crc_err_total=0 rate1=512 rate2=512 prod1=512 prod2=512 dac_err=0 tx_drop=1034527 hb_ms=0 sma_state=6 m7_us=3882315178 m4_us=3880120548 vdd=5.067 offset=0.5000 aref=3.145 loop_us_avg=93 loop_us_max=5435 loop_hz=10752 cycle_log_ms=1 n_cycle=4 cc=1 cc_hz=1025 cc_i_tgt=0.1000 cc_u=0.5039 cc_r=4.9959 cc_tau_ms=7.00
[  72.524] [ADC1
[  73.283] [STATUS] t_ms=3764598 hwm=6 cap=256 dropped=0 dropped_total=42360 crc_err=0 crc_err_total=0 rate1=512 rate2=512 prod1=512 prod2=512 dac_err=0 tx_drop=1034527 hb_ms=0 sma_state=6 m7_us=3883346750 m4_us=3881152103 vdd=5.067 offset=0.5000 aref=3.145 loop_us_avg=94 loop_us_max=5423 loop_hz=10638 cycle_log_ms=1 n_cycle=4 cc=1 cc_hz=1025 cc_i_tgt=0.1000 cc_u=0.5000 cc_r=4.9466 cc_tau_ms=7.00
[  73.536] [ADC1
[  74.296] [STATUS] t_ms=3765598 hwm=6 cap=256 dropped=0 dropped_total=42360 crc_err=0 crc_err_total=0 rate1=512 rate2=512 prod1=512 prod2=512 dac_err=0 tx_drop=1034527 hb_ms=0 sma_state=6 m7_us=3884378255 m4_us=3882183626 vdd=5.067 offset=0.5000 aref=3.145 loop_us_avg=93 loop_us_max=5429 loop_hz=10752 cycle_log_ms=1 n_cycle=4 cc=1 cc_hz=1025 cc_i_tgt=0.1000 cc_u=0.5000 cc_r=4.9788 cc_tau_ms=7.00
[  74.549] ] STATUS alar
[  74.549] [ADC1
[  75.372] [STATUS] t_ms=3766598 hwm=6 cap=256 dropped=0 dropped_total=42360 crc_err=0 crc_err_total=0 rate1=512 rate2=512 prod1=512 prod2=512 dac_err=0 tx_drop=1034527 hb_ms=0 sma_state=6 m7_us=3885409790 m4_us=3883215146 vdd=5.067 offset=0.5000 aref=3.145 loop_us_avg=93 loop_us_max=5403 loop_hz=10752 cycle_log_ms=1 n_cycle=4 cc=1 cc_hz=1025 cc_i_tgt=0.1000 cc_u=0.5323 cc_r=5.0936 cc_tau_ms=7.00
[  75.559] ] STATU
[  75.559] S alarm(s): 0xC9 PGA
[  75.559] L_ALM
[  75.559] [ADC1
[  76.383] [STATUS] t_ms=3767598 hwm=6 cap=256 dropped=0 dropped_total=42360 crc_err=0 crc_err_total=0 rate1=512 rate2=512 prod1=512 prod2=512 dac_err=0 tx_drop=1034527 hb_ms=0 sma_state=6 m7_us=3886441267 m4_us=3884246644 vdd=5.067 offset=0.5000 aref=3.145 loop_us_avg=93 loop_us_max=5400 loop_hz=10752 cycle_log_ms=1 n_cycle=4 cc=1 cc_hz=1025 cc_i_tgt=0.1000 cc_u=0.5000 cc_r=4.9884 cc_tau_ms=7.00
[  76.571] [ADC1
[  77.392] [STATUS] t_ms=3768598 hwm=6 cap=256 dropped=0 dropped_total=42360 crc_err=0 crc_err_total=0 rate1=512 rate2=512 prod1=512 prod2=512 dac_err=0 tx_drop=1034527 hb_ms=0 sma_state=6 m7_us=3887472804 m4_us=3885278180 vdd=5.067 offset=0.5000 aref=3.145 loop_us_avg=93 loop_us_max=5398 loop_hz=10752 cycle_log_ms=1 n_cycle=4 cc=1 cc_hz=1025 cc_i_tgt=0.1000 cc_u=0.5091 cc_r=5.0772 cc_tau_ms=7.00
[  77.581] [ADC1
[  78.466] [STATUS] t_ms=3769598 hwm=6 cap=256 dropped=0 dropped_total=42360 crc_err=0 crc_err_total=0 rate1=512 rate2=512 prod1=512 prod2=512 dac_err=0 tx_drop=1034527 hb_ms=0 sma_state=6 m7_us=3888504383 m4_us=3886309738 vdd=5.067 offset=0.5000 aref=3.145 loop_us_avg=93 loop_us_max=5407 loop_hz=10752 cycle_log_ms=1 n_cycle=4 cc=1 cc_hz=1025 cc_i_tgt=0.1000 cc_u=0.5166 cc_r=5.0448 cc_tau_ms=7.00
[  78.592] [ADC1
[  78.970] [SMA] [ACT] heat n=6/6 I=150.0mA ms=300
[  79.285] [SMA] [ACT] cool n=6/6 I=100.0mA ms=15000
[  79.474] [STATUS] t_ms=3770598 hwm=6 cap=256 dropped=0 dropped_total=42360 crc_err=0 crc_err_total=0 rate1=512 rate2=512 prod1=512 prod2=512 dac_err=0 tx_drop=1034527 hb_ms=0 sma_state=6 m7_us=3889535867 m4_us=3887341239 vdd=5.067 offset=0.5000 aref=3.145 loop_us_avg=93 loop_us_max=5406 loop_hz=10752 cycle_log_ms=1 n_cycle=4 cc=1 cc_hz=1023 cc_i_tgt=0.1000 cc_u=0.5099 cc_r=5.0817 cc_tau_ms=7.00
[  79.602] ] STA
[  79.602] [ADC1
[  80.489] [STATUS] t_ms=3771598 hwm=6 cap=256 dropped=0 dropped_total=42360 crc_err=0 crc_err_total=0 rate1=512 rate2=512 prod1=512 prod2=512 dac_err=0 tx_drop=1034527 hb_ms=0 sma_state=6 m7_us=3890567375 m4_us=3888372743 vdd=5.067 offset=0.5000 aref=3.145 loop_us_avg=94 loop_us_max=5398 loop_hz=10638 cycle_log_ms=1 n_cycle=4 cc=1 cc_hz=1025 cc_i_tgt=0.1000 cc_u=0.5109 cc_r=5.0684 cc_tau_ms=7.00
[  80.617] ] STATUS a
[  80.617] _ALM
[  80.617] [ADC1
[  81.503] [STATUS] t_ms=3772598 hwm=6 cap=256 dropped=0 dropped_total=42360 crc_err=0 crc_err_total=0 rate1=512 rate2=512 prod1=512 prod2=512 dac_err=0 tx_drop=1034527 hb_ms=0 sma_state=6 m7_us=3891598905 m4_us=3889404276 vdd=5.067 offset=0.5000 aref=3.145 loop_us_avg=94 loop_us_max=5401 loop_hz=10638 cycle_log_ms=1 n_cycle=4 cc=1 cc_hz=1025 cc_i_tgt=0.1000 cc_u=0.5012 cc_r=5.0690 cc_tau_ms=7.00
[  81.627] [ADC1
[  82.579] [STATUS] t_ms=3773598 hwm=6 cap=256 dropped=0 dropped_total=42360 crc_err=0 crc_err_total=0 rate1=512 rate2=512 prod1=512 prod2=512 dac_err=0 tx_drop=1034527 hb_ms=0 sma_state=6 m7_us=3892630458 m4_us=3890435818 vdd=5.067 offset=0.5000 aref=3.145 loop_us_avg=94 loop_us_max=5397 loop_hz=10638 cycle_log_ms=1 n_cycle=4 cc=1 cc_hz=1025 cc_i_tgt=0.1000 cc_u=0.5119 cc_r=5.1636 cc_tau_ms=7.00
[  82.642] [ADC
[  83.589] [STATUS] t_ms=3774598 hwm=6 cap=256 dropped=0 dropped_total=42360 crc_err=0 crc_err_total=0 rate1=512 rate2=512 prod1=512 prod2=512 dac_err=0 tx_drop=1034527 hb_ms=0 sma_state=6 m7_us=3893661965 m4_us=3891467332 vdd=5.067 offset=0.5000 aref=3.145 loop_us_avg=93 loop_us_max=5400 loop_hz=10752 cycle_log_ms=1 n_cycle=4 cc=1 cc_hz=1025 cc_i_tgt=0.1000 cc_u=0.5384 cc_r=5.1878 cc_tau_ms=7.00
[  83.653] [ADC1
[  84.600] [STATUS] t_ms=3775598 hwm=6 cap=256 dropped=0 dropped_total=42360 crc_err=0 crc_err_total=0 rate1=512 rate2=512 prod1=512 prod2=512 dac_err=0 tx_drop=1034527 hb_ms=0 sma_state=6 m7_us=3894693472 m4_us=3892498845 vdd=5.067 offset=0.5000 aref=3.145 loop_us_avg=92 loop_us_max=5407 loop_hz=10869 cycle_log_ms=1 n_cycle=4 cc=1 cc_hz=1025 cc_i_tgt=0.1000 cc_u=0.5069 cc_r=5.0223 cc_tau_ms=7.00
[  84.664] [ADC1
[  85.612] [ADC1
[  85.676] [STATUS] t_ms=3776598 hwm=6 cap=256 dropped=0 dropped_total=42360 crc_err=0 crc_err_total=0 rate1=512 rate2=512 prod1=512 prod2=512 dac_err=0 tx_drop=1034527 hb_ms=0 sma_state=6 m7_us=3895724976 m4_us=3893530349 vdd=5.067 offset=0.5000 aref=3.145 loop_us_avg=94 loop_us_max=5404 loop_hz=10638 cycle_log_ms=1 n_cycle=4 cc=1 cc_hz=1025 cc_i_tgt=0.1000 cc_u=0.5090 cc_r=5.0762 cc_tau_ms=7.00
[  86.667] [ADC
[  86.667] [STATUS] t_ms=3777598 hwm=6 cap=256 dropped=0 dropped_total=42360 crc_err=0 crc_err_total=0 rate1=512 rate2=512 prod1=512 prod2=512 dac_err=0 tx_drop=1034527 hb_ms=0 sma_state=6 m7_us=3896756482 m4_us=3894561853 vdd=5.067 offset=0.5000 aref=3.145 loop_us_avg=93 loop_us_max=5402 loop_hz=10752 cycle_log_ms=1 n_cycle=4 cc=1 cc_hz=1025 cc_i_tgt=0.1000 cc_u=0.5171 cc_r=5.0558 cc_tau_ms=7.00
[  87.675] 1]
[  87.675] STATUS alarm(s):
[  87.675] [ADC1
[  87.738] [STATUS] t_ms=3778598 hwm=6 cap=256 dropped=0 dropped_total=42360 crc_err=0 crc_err_total=0 rate1=512 rate2=512 prod1=512 prod2=512 dac_err=0 tx_drop=1034527 hb_ms=0 sma_state=6 m7_us=3897787988 m4_us=3895593367 vdd=5.067 offset=0.5000 aref=3.145 loop_us_avg=93 loop_us_max=5402 loop_hz=10752 cycle_log_ms=1 n_cycle=4 cc=1 cc_hz=1025 cc_i_tgt=0.1000 cc_u=0.5323 cc_r=5.1098 cc_tau_ms=7.00
[  88.686] ] STATUS alar
[  88.686] [ADC1
[  88.749] [STATUS] t_ms=3779598 hwm=6 cap=256 dropped=0 dropped_total=42360 crc_err=0 crc_err_total=0 rate1=512 rate2=512 prod1=512 prod2=512 dac_err=0 tx_drop=1034527 hb_ms=0 sma_state=6 m7_us=3898819495 m4_us=3896624868 vdd=5.067 offset=0.5000 aref=3.145 loop_us_avg=93 loop_us_max=5405 loop_hz=10752 cycle_log_ms=1 n_cycle=4 cc=1 cc_hz=1025 cc_i_tgt=0.1000 cc_u=0.5029 cc_r=4.9662 cc_tau_ms=7.00
[  89.699] [ADC1
[  89.762] [STATUS] t_ms=3780598 hwm=6 cap=256 dropped=0 dropped_total=42360 crc_err=0 crc_err_total=0 rate1=512 rate2=512 prod1=512 prod2=512 dac_err=0 tx_drop=1034527 hb_ms=0 sma_state=6 m7_us=3899851000 m4_us=3897656368 vdd=5.067 offset=0.5000 aref=3.145 loop_us_avg=94 loop_us_max=5406 loop_hz=10638 cycle_log_ms=1 n_cycle=4 cc=1 cc_hz=1025 cc_i_tgt=0.1000 cc_u=0.5000 cc_r=4.9986 cc_tau_ms=7.00
[  90.710] [ADC
[  90.836] [STATUS] t_ms=3781598 hwm=6 cap=256 dropped=0 dropped_total=42360 crc_err=0 crc_err_total=0 rate1=512 rate2=512 prod1=512 prod2=512 dac_err=0 tx_drop=1034527 hb_ms=0 sma_state=6 m7_us=3900882508 m4_us=3898687879 vdd=5.067 offset=0.5000 aref=3.145 loop_us_avg=93 loop_us_max=5402 loop_hz=10752 cycle_log_ms=1 n_cycle=4 cc=1 cc_hz=1025 cc_i_tgt=0.1000 cc_u=0.5000 cc_r=5.0817 cc_tau_ms=7.00
[  91.719] [ADC1
[  91.845] [STATUS] t_ms=3782598 hwm=6 cap=256 dropped=0 dropped_total=42360 crc_err=0 crc_err_total=0 rate1=512 rate2=512 prod1=512 prod2=512 dac_err=0 tx_drop=1034527 hb_ms=0 sma_state=6 m7_us=3901914012 m4_us=3899719380 vdd=5.067 offset=0.5000 aref=3.145 loop_us_avg=94 loop_us_max=5404 loop_hz=10638 cycle_log_ms=1 n_cycle=4 cc=1 cc_hz=1025 cc_i_tgt=0.1000 cc_u=0.5000 cc_r=4.9547 cc_tau_ms=7.00
[  92.666] ]
[  92.666] STATUS alarm(s):
[  92.666] [ADC1
[  92.857] [STATUS] t_ms=3783598 hwm=6 cap=256 dropped=0 dropped_total=42360 crc_err=0 crc_err_total=0 rate1=512 rate2=512 prod1=512 prod2=512 dac_err=0 tx_drop=1034527 hb_ms=0 sma_state=6 m7_us=3902945488 m4_us=3900750861 vdd=5.067 offset=0.5000 aref=3.145 loop_us_avg=93 loop_us_max=5401 loop_hz=10752 cycle_log_ms=1 n_cycle=4 cc=1 cc_hz=1025 cc_i_tgt=0.1000 cc_u=0.5000 cc_r=5.0413 cc_tau_ms=7.00
[  93.676] ] S
[  93.676] TATUS alarm(s): 0x49
[  93.676] [ADC1
[  93.928] [STATUS] t_ms=3784598 hwm=6 cap=256 dropped=0 dropped_total=42360 crc_err=0 crc_err_total=0 rate1=512 rate2=512 prod1=512 prod2=512 dac_err=0 tx_drop=1034527 hb_ms=0 sma_state=6 m7_us=3903976942 m4_us=3901782336 vdd=5.067 offset=0.5000 aref=3.145 loop_us_avg=93 loop_us_max=5400 loop_hz=10752 cycle_log_ms=1 n_cycle=4 cc=1 cc_hz=1025 cc_i_tgt=0.1000 cc_u=0.5214 cc_r=5.0507 cc_tau_ms=7.00
[  94.689] [ADC
[  94.753] [SMA] [ACT] -> idle (done) after 6 cycle(s); still armed
