[   0.050] [SMA] ARMED (MOSFET on); idle=0.500 V
[   0.050] alarm(s)
[   0.050] [ADC1] STATU
[   0.050] S
[   0.051] [STATUS] t_ms=2528980 hwm=4 cap=256 dropped=0 dropped_total=33232 crc_err=0 crc_err_total=0 rate1=512 rate2=512 prod1=512 prod2=512 dac_err=0 tx_drop=1034527 hb_ms=0 sma_state=0 m7_us=2608669957 m4_us=2606475832 vdd=5.067 offset=0.5000 aref=3.145 loop_us_avg=21 loop_us_max=4639 loop_hz=47619 cycle_log_ms=1 n_cycle=4 cc=0 cc_hz=0 cc_i_tgt=0.1000 cc_u=0.5000 cc_r=5.1126 cc_tau_ms=7.00
[   0.550] alarm(s):
[   0.550] [
[   0.550] ADC1] STATUS
[   1.053] [STATUS] t_ms=2529980 hwm=5 cap=256 dropped=0 dropped_total=33232 crc_err=0 crc_err_total=0 rate1=512 rate2=512 prod1=512 prod2=512 dac_err=0 tx_drop=1034527 hb_ms=0 sma_state=0 m7_us=2609701722 m4_us=2607507608 vdd=5.067 offset=0.5000 aref=3.145 loop_us_avg=22 loop_us_max=4772 loop_hz=45454 cycle_log_ms=1 n_cycle=4 cc=0 cc_hz=0 cc_i_tgt=0.1000 cc_u=0.5000 cc_r=5.1126 cc_tau_ms=7.00
[   1.557] alarm(s)
[   1.557] [ADC1] STATUS
[   0.062] [STATUS] t_ms=2530980 hwm=4 cap=256 dropped=0 dropped_total=33232 crc_err=0 crc_err_total=0 rate1=512 rate2=512 prod1=512 prod2=512 dac_err=0 tx_drop=1034527 hb_ms=0 sma_state=0 m7_us=2610734412 m4_us=2608539422 vdd=5.067 offset=0.5000 aref=3.145 loop_us_avg=22 loop_us_max=4633 loop_hz=45454 cycle_log_ms=1 n_cycle=4 cc=0 cc_hz=0 cc_i_tgt=0.1000 cc_u=0.5000 cc_r=5.1126 cc_tau_ms=7.00
[   0.062] [SMA] [CC] start i_high=950.0mA i_low=100.0mA t_high=100 t_idle=15000 n=6 (0=cont) tau_ms=7.0 wdt_ms=5000
[   0.062] [SMA] [ACT] heat n=1/6 I=950.0mA ms=100
[   0.124] [SMA] [ACT] cool n=1/6 I=100.0mA ms=15000
[   0.562] [ADC1] STATU
[   1.059] [STATUS] t_ms=2531980 hwm=8 cap=256 dropped=0 dropped_total=33232 crc_err=0 crc_err_total=0 rate1=513 rate2=512 prod1=513 prod2=512 dac_err=0 tx_drop=1034527 hb_ms=0 sma_state=6 m7_us=2611766282 m4_us=2609572180 vdd=5.067 offset=0.5000 aref=3.145 loop_us_avg=88 loop_us_max=8420 loop_hz=11363 cycle_log_ms=1 n_cycle=4 cc=1 cc_hz=1022 cc_i_tgt=0.1000 cc_u=0.5192 cc_r=5.1283 cc_tau_ms=7.00
[   1.563] S ala
[   1.563] [ADC1] STATUS
[   2.123] [STATUS] t_ms=2532980 hwm=5 cap=256 dropped=0 dropped_total=33232 crc_err=0 crc_err_total=0 rate1=512 rate2=512 prod1=512 prod2=512 dac_err=0 tx_drop=1034527 hb_ms=0 sma_state=6 m7_us=2612797994 m4_us=2610603898 vdd=5.067 offset=0.5000 aref=3.145 loop_us_avg=94 loop_us_max=5418 loop_hz=10638 cycle_log_ms=1 n_cycle=4 cc=1 cc_hz=1025 cc_i_tgt=0.1000 cc_u=0.5000 cc_r=4.9240 cc_tau_ms=7.00
[   2.562] alarm(s): 0x89 PG
[   2.562] AL_ALM
[   2.562] [ADC1] STA
[   2.562] TUS
[   3.121] [STATUS] t_ms=2533980 hwm=5 cap=256 dropped=0 dropped_total=33232 crc_err=0 crc_err_total=0 rate1=512 rate2=512 prod1=512 prod2=512 dac_err=0 tx_drop=1034527 hb_ms=0 sma_state=6 m7_us=2613829653 m4_us=2611635552 vdd=5.067 offset=0.5000 aref=3.145 loop_us_avg=94 loop_us_max=5466 loop_hz=10638 cycle_log_ms=1 n_cycle=4 cc=1 cc_hz=1025 cc_i_tgt=0.1000 cc_u=0.5234 cc_r=5.1262 cc_tau_ms=7.00
[   3.560] [ADC1] STATUS
[   4.181] [STATUS] t_ms=2534980 hwm=5 cap=256 dropped=0 dropped_total=33232 crc_err=0 crc_err_total=0 rate1=512 rate2=512 prod1=512 prod2=512 dac_err=0 tx_drop=1034527 hb_ms=0 sma_state=6 m7_us=2614861245 m4_us=2612667162 vdd=5.067 offset=0.5000 aref=3.145 loop_us_avg=94 loop_us_max=5414 loop_hz=10638 cycle_log_ms=1 n_cycle=4 cc=1 cc_hz=1025 cc_i_tgt=0.1000 cc_u=0.5283 cc_r=5.0873 cc_tau_ms=7.00
[   4.560] [ADC1] STATUS
[   5.182] [STATUS] t_ms=2535980 hwm=5 cap=256 dropped=0 dropped_total=33232 crc_err=0 crc_err_total=0 rate1=512 rate2=512 prod1=512 prod2=512 dac_err=0 tx_drop=1034527 hb_ms=0 sma_state=6 m7_us=2615892833 m4_us=2613698746 vdd=5.067 offset=0.5000 aref=3.145 loop_us_avg=94 loop_us_max=5411 loop_hz=10638 cycle_log_ms=1 n_cycle=4 cc=1 cc_hz=1025 cc_i_tgt=0.1000 cc_u=0.5343 cc_r=5.1549 cc_tau_ms=7.00
[   5.558] [ADC1] STATU
[   6.212] [STATUS] t_ms=2536980 hwm=5 cap=256 dropped=0 dropped_total=33232 crc_err=0 crc_err_total=0 rate1=512 rate2=512 prod1=512 prod2=512 dac_err=0 tx_drop=1034527 hb_ms=0 sma_state=6 m7_us=2616924464 m4_us=2614730368 vdd=5.067 offset=0.5000 aref=3.145 loop_us_avg=93 loop_us_max=5407 loop_hz=10752 cycle_log_ms=1 n_cycle=4 cc=1 cc_hz=1025 cc_i_tgt=0.1000 cc_u=0.5000 cc_r=4.9305 cc_tau_ms=7.00
[   6.586] S alarm(
[   6.586] [ADC1] STATUS
[   7.277] [STATUS] t_ms=2537980 hwm=5 cap=256 dropped=0 dropped_total=33232 crc_err=0 crc_err_total=0 rate1=512 rate2=512 prod1=512 prod2=512 dac_err=0 tx_drop=1034527 hb_ms=0 sma_state=6 m7_us=2617956095 m4_us=2615762004 vdd=5.067 offset=0.5000 aref=3.145 loop_us_avg=93 loop_us_max=5530 loop_hz=10752 cycle_log_ms=1 n_cycle=4 cc=1 cc_hz=1025 cc_i_tgt=0.1000 cc_u=0.5000 cc_r=5.0417 cc_tau_ms=7.00
[   7.587] a
[   7.587] _ALM
[   7.587] [ADC1] STATUS
[   8.275] [STATUS] t_ms=2538980 hwm=5 cap=256 dropped=0 dropped_total=33232 crc_err=0 crc_err_total=0 rate1=512 rate2=512 prod1=512 prod2=512 dac_err=0 tx_drop=1034527 hb_ms=0 sma_state=6 m7_us=2618987727 m4_us=2616793626 vdd=5.067 offset=0.5000 aref=3.145 loop_us_avg=93 loop_us_max=5405 loop_hz=10752 cycle_log_ms=1 n_cycle=4 cc=1 cc_hz=1025 cc_i_tgt=0.1000 cc_u=0.5128 cc_r=5.0956 cc_tau_ms=7.00
[   8.586] [ADC1] STATUS
[   9.338] [STATUS] t_ms=2539980 hwm=5 cap=256 dropped=0 dropped_total=33232 crc_err=0 crc_err_total=0 rate1=512 rate2=512 prod1=512 prod2=512 dac_err=0 tx_drop=1034527 hb_ms=0 sma_state=6 m7_us=2620019268 m4_us=2617825184 vdd=5.067 offset=0.5000 aref=3.145 loop_us_avg=94 loop_us_max=5525 loop_hz=10638 cycle_log_ms=1 n_cycle=4 cc=1 cc_hz=1025 cc_i_tgt=0.1000 cc_u=0.5313 cc_r=5.0540 cc_tau_ms=7.00
[   9.591] [ADC1] STATUS
[  10.341] [STATUS] t_ms=2540980 hwm=5 cap=256 dropped=0 dropped_total=33232 crc_err=0 crc_err_total=0 rate1=512 rate2=512 prod1=512 prod2=512 dac_err=0 tx_drop=1034527 hb_ms=0 sma_state=6 m7_us=2621050890 m4_us=2618856759 vdd=5.067 offset=0.5000 aref=3.145 loop_us_avg=93 loop_us_max=5470 loop_hz=10752 cycle_log_ms=1 n_cycle=4 cc=1 cc_hz=1025 cc_i_tgt=0.1000 cc_u=0.5083 cc_r=5.0991 cc_tau_ms=7.00
[  10.592] [ADC1] STATU
[  11.399] [STATUS] t_ms=2541980 hwm=5 cap=256 dropped=0 dropped_total=33232 crc_err=0 crc_err_total=0 rate1=512 rate2=512 prod1=512 prod2=512 dac_err=0 tx_drop=1034527 hb_ms=0 sma_state=6 m7_us=2622082491 m4_us=2619888324 vdd=5.067 offset=0.5000 aref=3.145 loop_us_avg=94 loop_us_max=5651 loop_hz=10638 cycle_log_ms=1 n_cycle=4 cc=1 cc_hz=1026 cc_i_tgt=0.1000 cc_u=0.5052 cc_r=4.9595 cc_tau_ms=7.00
[  11.586] [ADC1] STATUS
[  12.400] [STATUS] t_ms=2542980 hwm=5 cap=256 dropped=0 dropped_total=33232 crc_err=0 crc_err_total=0 rate1=512 rate2=512 prod1=512 prod2=512 dac_err=0 tx_drop=1034527 hb_ms=0 sma_state=6 m7_us=2623113963 m4_us=2620919879 vdd=5.067 offset=0.5000 aref=3.145 loop_us_avg=92 loop_us_max=5496 loop_hz=10869 cycle_log_ms=1 n_cycle=4 cc=1 cc_hz=1025 cc_i_tgt=0.1000 cc_u=0.5000 cc_r=5.0328 cc_tau_ms=7.00
[  12.649] [ADC1] STATUS
[  13.464] [STATUS] t_ms=2543980 hwm=5 cap=256 dropped=0 dropped_total=33232 crc_err=0 crc_err_total=0 rate1=512 rate2=512 prod1=512 prod2=512 dac_err=0 tx_drop=1034527 hb_ms=0 sma_state=6 m7_us=2624145520 m4_us=2621951428 vdd=5.067 offset=0.5000 aref=3.145 loop_us_avg=94 loop_us_max=5395 loop_hz=10638 cycle_log_ms=1 n_cycle=4 cc=1 cc_hz=1025 cc_i_tgt=0.1000 cc_u=0.5156 cc_r=5.0325 cc_tau_ms=7.00
[  13.654] alarm(s):
[  13.654] [ADC1] STATUS
[  14.469] [STATUS] t_ms=2544980 hwm=5 cap=256 dropped=0 dropped_total=33232 crc_err=0 crc_err_total=0 rate1=512 rate2=512 prod1=512 prod2=512 dac_err=0 tx_drop=1034527 hb_ms=0 sma_state=6 m7_us=2625177049 m4_us=2622982964 vdd=5.067 offset=0.5000 aref=3.145 loop_us_avg=93 loop_us_max=5417 loop_hz=10752 cycle_log_ms=1 n_cycle=4 cc=1 cc_hz=1025 cc_i_tgt=0.1000 cc_u=0.5186 cc_r=5.0843 cc_tau_ms=7.00
[  14.655] alar
[  14.655] [ADC1] STATUS
[  15.533] [STATUS] t_ms=2545980 hwm=5 cap=256 dropped=0 dropped_total=33232 crc_err=0 crc_err_total=0 rate1=512 rate2=512 prod1=512 prod2=512 dac_err=0 tx_drop=1034527 hb_ms=0 sma_state=6 m7_us=2626208627 m4_us=2624014532 vdd=5.067 offset=0.5000 aref=3.145 loop_us_avg=93 loop_us_max=5412 loop_hz=10752 cycle_log_ms=1 n_cycle=4 cc=1 cc_hz=1025 cc_i_tgt=0.1000 cc_u=0.5000 cc_r=4.9935 cc_tau_ms=7.00
[  15.595] [SMA] [ACT] heat n=2/6 I=950.0mA ms=100
[  15.657] [ADC1] STATUS
[  15.720] [SMA] [ACT] cool n=2/6 I=100.0mA ms=15000
[  16.531] [STATUS] t_ms=2546980 hwm=5 cap=256 dropped=0 dropped_total=33232 crc_err=0 crc_err_total=0 rate1=512 rate2=512 prod1=512 prod2=512 dac_err=0 tx_drop=1034527 hb_ms=0 sma_state=6 m7_us=2627240179 m4_us=2625046090 vdd=5.067 offset=0.5000 aref=3.145 loop_us_avg=94 loop_us_max=5412 loop_hz=10638 cycle_log_ms=1 n_cycle=4 cc=1 cc_hz=1023 cc_i_tgt=0.1000 cc_u=0.5154 cc_r=4.9322 cc_tau_ms=7.00
[  16.655] [ADC1] STATUS
[  17.592] [STATUS] t_ms=2547980 hwm=5 cap=256 dropped=0 dropped_total=33232 crc_err=0 crc_err_total=0 rate1=512 rate2=512 prod1=512 prod2=512 dac_err=0 tx_drop=1034527 hb_ms=0 sma_state=6 m7_us=2628271764 m4_us=2626077652 vdd=5.067 offset=0.5000 aref=3.145 loop_us_avg=92 loop_us_max=5408 loop_hz=10869 cycle_log_ms=1 n_cycle=4 cc=1 cc_hz=1025 cc_i_tgt=0.1000 cc_u=0.5201 cc_r=5.0991 cc_tau_ms=7.00
[  17.654] [ADC1] STATUS
[  18.589] [STATUS] t_ms=2548980 hwm=5 cap=256 dropped=0 dropped_total=33232 crc_err=0 crc_err_total=0 rate1=512 rate2=512 prod1=512 prod2=512 dac_err=0 tx_drop=1034527 hb_ms=0 sma_state=6 m7_us=2629303287 m4_us=2627109194 vdd=5.067 offset=0.5000 aref=3.145 loop_us_avg=94 loop_us_max=5427 loop_hz=10638 cycle_log_ms=1 n_cycle=4 cc=1 cc_hz=1025 cc_i_tgt=0.1000 cc_u=0.5064 cc_r=5.0267 cc_tau_ms=7.00
[  18.652] [ADC1] STATUS
[  19.647] [STATUS] t_ms=2549981 hwm=5 cap=256 dropped=0 dropped_total=33232 crc_err=0 crc_err_total=0 rate1=511 rate2=511 prod1=511 prod2=511 dac_err=0 tx_drop=1034527 hb_ms=0 sma_state=6 m7_us=2630334947 m4_us=2628140682 vdd=5.067 offset=0.5000 aref=3.145 loop_us_avg=94 loop_us_max=5408 loop_hz=10638 cycle_log_ms=1 n_cycle=4 cc=1 cc_hz=1025 cc_i_tgt=0.1000 cc_u=0.5111 cc_r=4.9708 cc_tau_ms=7.00
[  19.647] alar
[  19.647] [ADC1] STATUS
[  20.657] [STATUS] t_ms=2550981 hwm=5 cap=256 dropped=0 dropped_total=33232 crc_err=0 crc_err_total=0 rate1=512 rate2=512 prod1=512 prod2=512 dac_err=0 tx_drop=1034527 hb_ms=0 sma_state=6 m7_us=2631366425 m4_us=2629172167 vdd=5.067 offset=0.5000 aref=3.145 loop_us_avg=94 loop_us_max=5418 loop_hz=10638 cycle_log_ms=1 n_cycle=4 cc=1 cc_hz=1025 cc_i_tgt=0.1000 cc_u=0.5004 cc_r=5.0046 cc_tau_ms=7.00
[  20.657] [ADC1] STATUS
[  21.660] al
[  21.660] [ADC1] STATUS
[  21.723] [STATUS] t_ms=2551981 hwm=5 cap=256 dropped=0 dropped_total=33232 crc_err=0 crc_err_total=0 rate1=512 rate2=512 prod1=512 prod2=512 dac_err=0 tx_drop=1034527 hb_ms=0 sma_state=6 m7_us=2632397910 m4_us=2630203658 vdd=5.067 offset=0.5000 aref=3.145 loop_us_avg=94 loop_us_max=5426 loop_hz=10638 cycle_log_ms=1 n_cycle=4 cc=1 cc_hz=1025 cc_i_tgt=0.1000 cc_u=0.5000 cc_r=5.0192 cc_tau_ms=7.00
[  22.666] [ADC1] STATUS
[  22.730] [STATUS] t_ms=2552981 hwm=5 cap=256 dropped=0 dropped_total=33232 crc_err=0 crc_err_total=0 rate1=512 rate2=512 prod1=512 prod2=512 dac_err=0 tx_drop=1034527 hb_ms=0 sma_state=6 m7_us=2633429394 m4_us=2631235152 vdd=5.067 offset=0.5000 aref=3.145 loop_us_avg=94 loop_us_max=5529 loop_hz=10638 cycle_log_ms=1 n_cycle=4 cc=1 cc_hz=1026 cc_i_tgt=0.1000 cc_u=0.5000 cc_r=4.9607 cc_tau_ms=7.00
[  23.733] [ADC1] STATUS
[  23.733] [STATUS] t_ms=2553981 hwm=5 cap=256 dropped=0 dropped_total=33232 crc_err=0 crc_err_total=0 rate1=512 rate2=512 prod1=512 prod2=512 dac_err=0 tx_drop=1034527 hb_ms=0 sma_state=6 m7_us=2634461440 m4_us=2632266660 vdd=5.067 offset=0.5000 aref=3.145 loop_us_avg=93 loop_us_max=5418 loop_hz=10752 cycle_log_ms=1 n_cycle=4 cc=1 cc_hz=1026 cc_i_tgt=0.1000 cc_u=0.5317 cc_r=5.0773 cc_tau_ms=7.00
[  24.736] [ADC1] STATUS
[  24.798] [STATUS] t_ms=2554981 hwm=6 cap=256 dropped=0 dropped_total=33232 crc_err=0 crc_err_total=0 rate1=512 rate2=512 prod1=512 prod2=512 dac_err=0 tx_drop=1034527 hb_ms=0 sma_state=6 m7_us=2635492999 m4_us=2633298212 vdd=5.067 offset=0.5000 aref=3.145 loop_us_avg=93 loop_us_max=5369 loop_hz=10752 cycle_log_ms=1 n_cycle=4 cc=1 cc_hz=1025 cc_i_tgt=0.1000 cc_u=0.5139 cc_r=4.9615 cc_tau_ms=7.00
[  25.740] [ADC1] STATUS
[  25.802] [STATUS] t_ms=2555981 hwm=6 cap=256 dropped=0 dropped_total=33232 crc_err=0 crc_err_total=0 rate1=512 rate2=512 prod1=512 prod2=512 dac_err=0 tx_drop=1034527 hb_ms=0 sma_state=6 m7_us=2636524499 m4_us=2634329703 vdd=5.067 offset=0.5000 aref=3.145 loop_us_avg=94 loop_us_max=5359 loop_hz=10638 cycle_log_ms=1 n_cycle=4 cc=1 cc_hz=1025 cc_i_tgt=0.1000 cc_u=0.5054 cc_r=5.0040 cc_tau_ms=7.00
[  26.745] [ADC1] STATUS
[  26.869] [STATUS] t_ms=2556981 hwm=6 cap=256 dropped=0 dropped_total=33232 crc_err=0 crc_err_total=0 rate1=512 rate2=512 prod1=512 prod2=512 dac_err=0 tx_drop=1034527 hb_ms=0 sma_state=6 m7_us=2637556000 m4_us=2635361213 vdd=5.067 offset=0.5000 aref=3.145 loop_us_avg=94 loop_us_max=5366 loop_hz=10638 cycle_log_ms=1 n_cycle=4 cc=1 cc_hz=1025 cc_i_tgt=0.1000 cc_u=0.5094 cc_r=4.9961 cc_tau_ms=7.00
[  27.745] alarm
[  27.745] [ADC1] STATUS
[  27.871] [STATUS] t_ms=2557981 hwm=6 cap=256 dropped=0 dropped_total=33232 crc_err=0 crc_err_total=0 rate1=512 rate2=512 prod1=512 prod2=512 dac_err=0 tx_drop=1034527 hb_ms=0 sma_state=6 m7_us=2638587497 m4_us=2636392714 vdd=5.067 offset=0.5000 aref=3.145 loop_us_avg=93 loop_us_max=5470 loop_hz=10752 cycle_log_ms=1 n_cycle=4 cc=1 cc_hz=1025 cc_i_tgt=0.1000 cc_u=0.5379 cc_r=5.1520 cc_tau_ms=7.00
[  28.751] alarm(s):
[  28.751] [ADC1] STATUS
[  28.938] [STATUS] t_ms=2558981 hwm=6 cap=256 dropped=0 dropped_total=33232 crc_err=0 crc_err_total=0 rate1=512 rate2=512 prod1=512 prod2=512 dac_err=0 tx_drop=1034527 hb_ms=0 sma_state=6 m7_us=2639619051 m4_us=2637424253 vdd=5.067 offset=0.5000 aref=3.145 loop_us_avg=93 loop_us_max=5356 loop_hz=10752 cycle_log_ms=1 n_cycle=4 cc=1 cc_hz=1025 cc_i_tgt=0.1000 cc_u=0.5348 cc_r=5.0761 cc_tau_ms=7.00
[  29.751] [ADC1] STATUS
[  29.937] [STATUS] t_ms=2559981 hwm=6 cap=256 dropped=0 dropped_total=33232 crc_err=0 crc_err_total=0 rate1=512 rate2=512 prod1=512 prod2=512 dac_err=0 tx_drop=1034527 hb_ms=0 sma_state=6 m7_us=2640650573 m4_us=2638455789 vdd=5.067 offset=0.5000 aref=3.145 loop_us_avg=94 loop_us_max=5368 loop_hz=10638 cycle_log_ms=1 n_cycle=4 cc=1 cc_hz=1025 cc_i_tgt=0.1000 cc_u=0.5178 cc_r=4.9735 cc_tau_ms=7.00
[  30.760] [ADC1] STATUS
[  31.011] [STATUS] t_ms=2560981 hwm=6 cap=256 dropped=0 dropped_total=33232 crc_err=0 crc_err_total=0 rate1=512 rate2=512 prod1=512 prod2=512 dac_err=0 tx_drop=1034527 hb_ms=0 sma_state=6 m7_us=2641682109 m4_us=2639487325 vdd=5.067 offset=0.5000 aref=3.145 loop_us_avg=94 loop_us_max=5344 loop_hz=10638 cycle_log_ms=1 n_cycle=4 cc=1 cc_hz=1025 cc_i_tgt=0.1000 cc_u=0.5024 cc_r=5.0120 cc_tau_ms=7.00
[  31.197] [SMA] [ACT] heat n=3/6 I=950.0mA ms=100
[  31.322] [SMA] [ACT] cool n=3/6 I=100.0mA ms=15000
[  31.759] [ADC1] STATU
[  32.007] [STATUS] t_ms=2561981 hwm=6 cap=256 dropped=0 dropped_total=33232 crc_err=0 crc_err_total=0 rate1=512 rate2=512 prod1=512 prod2=512 dac_err=0 tx_drop=1034527 hb_ms=0 sma_state=6 m7_us=2642713119 m4_us=2640518871 vdd=5.067 offset=0.5000 aref=3.145 loop_us_avg=94 loop_us_max=5522 loop_hz=10638 cycle_log_ms=1 n_cycle=4 cc=1 cc_hz=1022 cc_i_tgt=0.1000 cc_u=0.5114 cc_r=5.0347 cc_tau_ms=7.00
[  32.777] S alarm(
[  32.777] [ADC1] STATUS
[  33.031] [STATUS] t_ms=2562981 hwm=5 cap=256 dropped=0 dropped_total=33232 crc_err=0 crc_err_total=0 rate1=512 rate2=512 prod1=512 prod2=512 dac_err=0 tx_drop=1034527 hb_ms=0 sma_state=6 m7_us=2643745199 m4_us=2641550423 vdd=5.067 offset=0.5000 aref=3.145 loop_us_avg=94 loop_us_max=5408 loop_hz=10638 cycle_log_ms=1 n_cycle=4 cc=1 cc_hz=1026 cc_i_tgt=0.1000 cc_u=0.5000 cc_r=4.9925 cc_tau_ms=7.00
[  33.789] [ADC1] STATUS
[  34.103] [STATUS] t_ms=2563981 hwm=6 cap=256 dropped=0 dropped_total=33232 crc_err=0 crc_err_total=0 rate1=512 rate2=512 prod1=512 prod2=512 dac_err=0 tx_drop=1034527 hb_ms=0 sma_state=6 m7_us=2644776825 m4_us=2642581940 vdd=5.067 offset=0.5000 aref=3.145 loop_us_avg=94 loop_us_max=5391 loop_hz=10638 cycle_log_ms=1 n_cycle=4 cc=1 cc_hz=1025 cc_i_tgt=0.1000 cc_u=0.5058 cc_r=5.0099 cc_tau_ms=7.00
[  34.796] M
[  34.796] [ADC1] STATUS
[  35.107] [STATUS] t_ms=2564981 hwm=6 cap=256 dropped=0 dropped_total=33232 crc_err=0 crc_err_total=0 rate1=512 rate2=512 prod1=512 prod2=512 dac_err=0 tx_drop=1034527 hb_ms=0 sma_state=6 m7_us=2645808191 m4_us=2643613424 vdd=5.067 offset=0.5000 aref=3.145 loop_us_avg=94 loop_us_max=5466 loop_hz=10638 cycle_log_ms=1 n_cycle=4 cc=1 cc_hz=1025 cc_i_tgt=0.1000 cc_u=0.5106 cc_r=5.1029 cc_tau_ms=7.00
[  35.796] alarm(s)
[  35.796] [ADC1] STATU
[  36.109] [STATUS] t_ms=2565981 hwm=6 cap=256 dropped=0 dropped_total=33232 crc_err=0 crc_err_total=0 rate1=512 rate2=512 prod1=512 prod2=512 dac_err=0 tx_drop=1034527 hb_ms=0 sma_state=6 m7_us=2646839753 m4_us=2644644941 vdd=5.067 offset=0.5000 aref=3.145 loop_us_avg=94 loop_us_max=5360 loop_hz=10638 cycle_log_ms=1 n_cycle=4 cc=1 cc_hz=1025 cc_i_tgt=0.1000 cc_u=0.5000 cc_r=5.0888 cc_tau_ms=7.00
[  36.799] S alarm(s):
[  36.799] [ADC1
[  36.799] ] STATUS
[  37.174] [STATUS] t_ms=2566981 hwm=6 cap=256 dropped=0 dropped_total=33232 crc_err=0 crc_err_total=0 rate1=512 rate2=512 prod1=512 prod2=512 dac_err=0 tx_drop=1034527 hb_ms=0 sma_state=6 m7_us=2647871268 m4_us=2645676487 vdd=5.067 offset=0.5000 aref=3.145 loop_us_avg=93 loop_us_max=5375 loop_hz=10752 cycle_log_ms=1 n_cycle=4 cc=1 cc_hz=1025 cc_i_tgt=0.1000 cc_u=0.5204 cc_r=5.1521 cc_tau_ms=7.00
[  37.807] [ADC1] STATUS
[  38.187] [STATUS] t_ms=2567981 hwm=6 cap=256 dropped=0 dropped_total=33232 crc_err=0 crc_err_total=0 rate1=512 rate2=512 prod1=512 prod2=512 dac_err=0 tx_drop=1034527 hb_ms=0 sma_state=6 m7_us=2648902769 m4_us=2646707988 vdd=5.067 offset=0.5000 aref=3.145 loop_us_avg=92 loop_us_max=5350 loop_hz=10869 cycle_log_ms=1 n_cycle=4 cc=1 cc_hz=1025 cc_i_tgt=0.1000 cc_u=0.5174 cc_r=5.0325 cc_tau_ms=7.00
[  38.816] [ADC1] STATUS
[  39.261] [STATUS] t_ms=2568981 hwm=6 cap=256 dropped=0 dropped_total=33232 crc_err=0 crc_err_total=0 rate1=512 rate2=512 prod1=512 prod2=512 dac_err=0 tx_drop=1034527 hb_ms=0 sma_state=6 m7_us=2649934330 m4_us=2647739514 vdd=5.067 offset=0.5000 aref=3.145 loop_us_avg=92 loop_us_max=5352 loop_hz=10869 cycle_log_ms=1 n_cycle=4 cc=1 cc_hz=1025 cc_i_tgt=0.1000 cc_u=0.5219 cc_r=5.0146 cc_tau_ms=7.00
[  39.828] [ADC1] STATUS
[  40.266] [STATUS] t_ms=2569981 hwm=6 cap=256 dropped=0 dropped_total=33232 crc_err=0 crc_err_total=0 rate1=512 rate2=512 prod1=512 prod2=512 dac_err=0 tx_drop=1034527 hb_ms=0 sma_state=6 m7_us=2650965295 m4_us=2648771047 vdd=5.067 offset=0.5000 aref=3.145 loop_us_avg=94 loop_us_max=5565 loop_hz=10638 cycle_log_ms=1 n_cycle=4 cc=1 cc_hz=1024 cc_i_tgt=0.1000 cc_u=0.5000 cc_r=5.0372 cc_tau_ms=7.00
[  40.837] [ADC1] STATUS
[  41.280] [STATUS] t_ms=2570981 hwm=5 cap=256 dropped=0 dropped_total=33232 crc_err=0 crc_err_total=0 rate1=512 rate2=512 prod1=512 prod2=512 dac_err=0 tx_drop=1034527 hb_ms=0 sma_state=6 m7_us=2651997329 m4_us=2649802548 vdd=5.067 offset=0.5000 aref=3.145 loop_us_avg=94 loop_us_max=5404 loop_hz=10638 cycle_log_ms=1 n_cycle=4 cc=1 cc_hz=1026 cc_i_tgt=0.1000 cc_u=0.5298 cc_r=5.0775 cc_tau_ms=7.00
[  41.847] alar
[  41.847] [ADC1] STATUS
[  42.347] [STATUS] t_ms=2571981 hwm=6 cap=256 dropped=0 dropped_total=33232 crc_err=0 crc_err_total=0 rate1=512 rate2=512 prod1=512 prod2=512 dac_err=0 tx_drop=1034527 hb_ms=0 sma_state=6 m7_us=2653028834 m4_us=2650834042 vdd=5.067 offset=0.5000 aref=3.145 loop_us_avg=92 loop_us_max=5351 loop_hz=10869 cycle_log_ms=1 n_cycle=4 cc=1 cc_hz=1025 cc_i_tgt=0.1000 cc_u=0.5259 cc_r=5.0969 cc_tau_ms=7.00
[  42.849] ALM
[  42.849] [ADC1] STATUS
[  43.349] [STATUS] t_ms=2572981 hwm=6 cap=256 dropped=0 dropped_total=33232 crc_err=0 crc_err_total=0 rate1=512 rate2=512 prod1=512 prod2=512 dac_err=0 tx_drop=1034527 hb_ms=0 sma_state=6 m7_us=2654060482 m4_us=2651865607 vdd=5.067 offset=0.5000 aref=3.145 loop_us_avg=93 loop_us_max=5352 loop_hz=10752 cycle_log_ms=1 n_cycle=4 cc=1 cc_hz=1025 cc_i_tgt=0.1000 cc_u=0.5000 cc_r=5.0673 cc_tau_ms=7.00
[  43.853] [ADC1] STATUS
[  44.416] [STATUS] t_ms=2573981 hwm=6 cap=256 dropped=0 dropped_total=33232 crc_err=0 crc_err_total=0 rate1=512 rate2=512 prod1=512 prod2=512 dac_err=0 tx_drop=1034527 hb_ms=0 sma_state=6 m7_us=2655091974 m4_us=2652897191 vdd=5.067 offset=0.5000 aref=3.145 loop_us_avg=94 loop_us_max=5463 loop_hz=10638 cycle_log_ms=1 n_cycle=4 cc=1 cc_hz=1025 cc_i_tgt=0.1000 cc_u=0.5512 cc_r=5.0445 cc_tau_ms=7.00
[  44.856] alarm(s):
[  44.856] [ADC1
[  44.856] ] STATUS
[  45.429] [STATUS] t_ms=2574981 hwm=6 cap=256 dropped=0 dropped_total=33232 crc_err=0 crc_err_total=0 rate1=512 rate2=512 prod1=512 prod2=512 dac_err=0 tx_drop=1034527 hb_ms=0 sma_state=6 m7_us=2656122927 m4_us=2653928685 vdd=5.067 offset=0.5000 aref=3.145 loop_us_avg=94 loop_us_max=5541 loop_hz=10638 cycle_log_ms=1 n_cycle=4 cc=1 cc_hz=1024 cc_i_tgt=0.1000 cc_u=0.5337 cc_r=5.1423 cc_tau_ms=7.00
[  45.872] [ADC1] STATUS
[  46.443] [STATUS] t_ms=2575981 hwm=5 cap=256 dropped=0 dropped_total=33232 crc_err=0 crc_err_total=0 rate1=512 rate2=512 prod1=512 prod2=512 dac_err=0 tx_drop=1034527 hb_ms=0 sma_state=6 m7_us=2657154389 m4_us=2654960148 vdd=5.067 offset=0.5000 aref=3.145 loop_us_avg=93 loop_us_max=5407 loop_hz=10752 cycle_log_ms=1 n_cycle=4 cc=1 cc_hz=1025 cc_i_tgt=0.1000 cc_u=0.5000 cc_r=5.0460 cc_tau_ms=7.00
[  46.761] [SMA] [ACT] heat n=4/6 I=950.0mA ms=100
[  46.883] [SMA] [ACT] cool n=4/6 I=100.0mA ms=15000
[  46.883] [ADC1] STATUS
[  47.455] [STATUS] t_ms=2576981 hwm=5 cap=256 dropped=0 dropped_total=33232 crc_err=0 crc_err_total=0 rate1=512 rate2=512 prod1=512 prod2=512 dac_err=0 tx_drop=1034527 hb_ms=0 sma_state=6 m7_us=2658185870 m4_us=2655991626 vdd=5.067 offset=0.5000 aref=3.145 loop_us_avg=94 loop_us_max=5420 loop_hz=10638 cycle_log_ms=1 n_cycle=4 cc=1 cc_hz=1023 cc_i_tgt=0.1000 cc_u=0.5096 cc_r=4.9108 cc_tau_ms=7.00
[  47.901] [ADC1] STATUS
[  48.537] [STATUS] t_ms=2577981 hwm=5 cap=256 dropped=0 dropped_total=33232 crc_err=0 crc_err_total=0 rate1=512 rate2=512 prod1=512 prod2=512 dac_err=0 tx_drop=1034527 hb_ms=0 sma_state=6 m7_us=2659217889 m4_us=2657023120 vdd=5.067 offset=0.5000 aref=3.145 loop_us_avg=94 loop_us_max=5410 loop_hz=10638 cycle_log_ms=1 n_cycle=4 cc=1 cc_hz=1026 cc_i_tgt=0.1000 cc_u=0.5000 cc_r=5.1070 cc_tau_ms=7.00
[  48.918] [ADC1] STATUS
[  49.549] [STATUS] t_ms=2578981 hwm=6 cap=256 dropped=0 dropped_total=33232 crc_err=0 crc_err_total=0 rate1=512 rate2=512 prod1=512 prod2=512 dac_err=0 tx_drop=1034527 hb_ms=0 sma_state=6 m7_us=2660249471 m4_us=2658054644 vdd=5.067 offset=0.5000 aref=3.145 loop_us_avg=94 loop_us_max=5359 loop_hz=10638 cycle_log_ms=1 n_cycle=4 cc=1 cc_hz=1025 cc_i_tgt=0.1000 cc_u=0.5369 cc_r=5.1538 cc_tau_ms=7.00
[  49.867] [ADC1] STATUS
[  50.559] [STATUS] t_ms=2579981 hwm=6 cap=256 dropped=0 dropped_total=33232 crc_err=0 crc_err_total=0 rate1=512 rate2=512 prod1=512 prod2=512 dac_err=0 tx_drop=1034527 hb_ms=0 sma_state=6 m7_us=2661280912 m4_us=2659086144 vdd=5.067 offset=0.5000 aref=3.145 loop_us_avg=92 loop_us_max=5409 loop_hz=10869 cycle_log_ms=1 n_cycle=4 cc=1 cc_hz=1025 cc_i_tgt=0.1000 cc_u=0.5000 cc_r=5.0037 cc_tau_ms=7.00
[  50.876] [ADC1] STATUS
[  51.638] [STATUS] t_ms=2580981 hwm=6 cap=256 dropped=0 dropped_total=33232 crc_err=0 crc_err_total=0 rate1=512 rate2=512 prod1=512 prod2=512 dac_err=0 tx_drop=1034527 hb_ms=0 sma_state=6 m7_us=2662312441 m4_us=2660117639 vdd=5.067 offset=0.5000 aref=3.145 loop_us_avg=94 loop_us_max=5380 loop_hz=10638 cycle_log_ms=1 n_cycle=4 cc=1 cc_hz=1025 cc_i_tgt=0.1000 cc_u=0.5000 cc_r=5.0244 cc_tau_ms=7.00
[  51.888] [ADC1] STATUS
[  52.647] [STATUS] t_ms=2581981 hwm=6 cap=256 dropped=0 dropped_total=33232 crc_err=0 crc_err_total=0 rate1=512 rate2=512 prod1=512 prod2=512 dac_err=0 tx_drop=1034527 hb_ms=0 sma_state=6 m7_us=2663343919 m4_us=2661149133 vdd=5.067 offset=0.5000 aref=3.145 loop_us_avg=94 loop_us_max=5371 loop_hz=10638 cycle_log_ms=1 n_cycle=4 cc=1 cc_hz=1025 cc_i_tgt=0.1000 cc_u=0.5175 cc_r=5.0620 cc_tau_ms=7.00
[  52.901] alarm(s): 0x
[  52.901] [ADC1] STATUS
[  53.661] [STATUS] t_ms=2582981 hwm=6 cap=256 dropped=0 dropped_total=33232 crc_err=0 crc_err_total=0 rate1=512 rate2=512 prod1=512 prod2=512 dac_err=0 tx_drop=1034527 hb_ms=0 sma_state=6 m7_us=2664375432 m4_us=2662180647 vdd=5.067 offset=0.5000 aref=3.145 loop_us_avg=94 loop_us_max=5361 loop_hz=10638 cycle_log_ms=1 n_cycle=4 cc=1 cc_hz=1025 cc_i_tgt=0.1000 cc_u=0.5000 cc_r=5.0127 cc_tau_ms=7.00
[  53.916] alarm(s):
[  53.916] [
[  53.916] ADC1] STATUS
[  54.677] [STATUS] t_ms=2583981 hwm=6 cap=256 dropped=0 dropped_total=33232 crc_err=0 crc_err_total=0 rate1=512 rate2=512 prod1=512 prod2=512 dac_err=0 tx_drop=1034527 hb_ms=0 sma_state=6 m7_us=2665406931 m4_us=2663212148 vdd=5.067 offset=0.5000 aref=3.145 loop_us_avg=94 loop_us_max=5357 loop_hz=10638 cycle_log_ms=1 n_cycle=4 cc=1 cc_hz=1025 cc_i_tgt=0.1000 cc_u=0.5105 cc_r=5.0561 cc_tau_ms=7.00
[  54.931] [ADC1] STATUS
[  55.755] [STATUS] t_ms=2584981 hwm=6 cap=256 dropped=0 dropped_total=33232 crc_err=0 crc_err_total=0 rate1=512 rate2=512 prod1=512 prod2=512 dac_err=0 tx_drop=1034527 hb_ms=0 sma_state=6 m7_us=2666438378 m4_us=2664243616 vdd=5.067 offset=0.5000 aref=3.145 loop_us_avg=93 loop_us_max=5445 loop_hz=10752 cycle_log_ms=1 n_cycle=4 cc=1 cc_hz=1025 cc_i_tgt=0.1000 cc_u=0.5000 cc_r=5.1081 cc_tau_ms=7.00
[  55.946] [ADC1] STATUS
[  56.775] [STATUS] t_ms=2585981 hwm=6 cap=256 dropped=0 dropped_total=33232 crc_err=0 crc_err_total=0 rate1=512 rate2=512 prod1=512 prod2=512 dac_err=0 tx_drop=1034527 hb_ms=0 sma_state=6 m7_us=2667469868 m4_us=2665275085 vdd=5.067 offset=0.5000 aref=3.145 loop_us_avg=93 loop_us_max=5352 loop_hz=10752 cycle_log_ms=1 n_cycle=4 cc=1 cc_hz=1025 cc_i_tgt=0.1000 cc_u=0.5008 cc_r=4.9983 cc_tau_ms=7.00
[  56.960] [ADC1] STATUS
[  57.786] [STATUS] t_ms=2586981 hwm=6 cap=256 dropped=0 dropped_total=33232 crc_err=0 crc_err_total=0 rate1=512 rate2=512 prod1=512 prod2=512 dac_err=0 tx_drop=1034527 hb_ms=0 sma_state=6 m7_us=2668501365 m4_us=2666306580 vdd=5.067 offset=0.5000 aref=3.145 loop_us_avg=94 loop_us_max=5344 loop_hz=10638 cycle_log_ms=1 n_cycle=4 cc=1 cc_hz=1025 cc_i_tgt=0.1000 cc_u=0.5000 cc_r=5.0230 cc_tau_ms=7.00
[  57.977] [ADC1] STATUS
[  58.801] [STATUS] t_ms=2587981 hwm=6 cap=256 dropped=0 dropped_total=33232 crc_err=0 crc_err_total=0 rate1=512 rate2=512 prod1=512 prod2=512 dac_err=0 tx_drop=1034527 hb_ms=0 sma_state=6 m7_us=2669532873 m4_us=2667338093 vdd=5.067 offset=0.5000 aref=3.145 loop_us_avg=94 loop_us_max=5349 loop_hz=10638 cycle_log_ms=1 n_cycle=4 cc=1 cc_hz=1025 cc_i_tgt=0.1000 cc_u=0.5201 cc_r=5.0522 cc_tau_ms=7.00
[  58.991] alarm(s):
[  58.991] [A
[  58.991] DC1] STATUS
[  59.880] [STATUS] t_ms=2588981 hwm=6 cap=256 dropped=0 dropped_total=33232 crc_err=0 crc_err_total=0 rate1=512 rate2=512 prod1=512 prod2=512 dac_err=0 tx_drop=1034527 hb_ms=0 sma_state=6 m7_us=2670564370 m4_us=2668369594 vdd=5.067 offset=0.5000 aref=3.145 loop_us_avg=94 loop_us_max=5472 loop_hz=10638 cycle_log_ms=1 n_cycle=4 cc=1 cc_hz=1025 cc_i_tgt=0.1000 cc_u=0.5058 cc_r=5.0711 cc_tau_ms=7.00
[  59.944] [ADC1]
[  59.944] STATUS
[  60.894] [STATUS] t_ms=2589981 hwm=6 cap=256 dropped=0 dropped_total=33232 crc_err=0 crc_err_total=0 rate1=512 rate2=512 prod1=512 prod2=512 dac_err=0 tx_drop=1034527 hb_ms=0 sma_state=6 m7_us=2671595883 m4_us=2669401098 vdd=5.067 offset=0.5000 aref=3.145 loop_us_avg=94 loop_us_max=5373 loop_hz=10638 cycle_log_ms=1 n_cycle=4 cc=1 cc_hz=1025 cc_i_tgt=0.1000 cc_u=0.5388 cc_r=5.0954 cc_tau_ms=7.00
[  60.958] [ADC1] STATU
[  61.904] [STATUS] t_ms=2590981 hwm=6 cap=256 dropped=0 dropped_total=33232 crc_err=0 crc_err_total=0 rate1=512 rate2=512 prod1=512 prod2=512 dac_err=0 tx_drop=1034527 hb_ms=0 sma_state=6 m7_us=2672627404 m4_us=2670432621 vdd=5.067 offset=0.5000 aref=3.145 loop_us_avg=94 loop_us_max=5351 loop_hz=10638 cycle_log_ms=1 n_cycle=4 cc=1 cc_hz=1025 cc_i_tgt=0.1000 cc_u=0.5163 cc_r=5.0509 cc_tau_ms=7.00
[  61.967] [ADC1] STATUS
[  62.349] [SMA] [ACT] heat n=5/6 I=950.0mA ms=100
[  62.410] [SMA] [ACT] cool n=5/6 I=100.0mA ms=15000
[  62.973] [STATUS] t_ms=2591981 hwm=6 cap=256 dropped=0 dropped_total=33232 crc_err=0 crc_err_total=0 rate1=512 rate2=512 prod1=512 prod2=512 dac_err=0 tx_drop=1034527 hb_ms=0 sma_state=6 m7_us=2673658966 m4_us=2671464135 vdd=5.067 offset=0.5000 aref=3.145 loop_us_avg=93 loop_us_max=5356 loop_hz=10752 cycle_log_ms=1 n_cycle=4 cc=1 cc_hz=1023 cc_i_tgt=0.1000 cc_u=0.5097 cc_r=5.0112 cc_tau_ms=7.00
[  62.973] [ADC1] STATUS
[  63.982] [STATUS] t_ms=2592981 hwm=6 cap=256 dropped=0 dropped_total=33232 crc_err=0 crc_err_total=0 rate1=512 rate2=512 prod1=512 prod2=512 dac_err=0 tx_drop=1034527 hb_ms=0 sma_state=6 m7_us=2674690484 m4_us=2672495664 vdd=5.067 offset=0.5000 aref=3.145 loop_us_avg=93 loop_us_max=5425 loop_hz=10752 cycle_log_ms=1 n_cycle=4 cc=1 cc_hz=1025 cc_i_tgt=0.1000 cc_u=0.5304 cc_r=5.0736 cc_tau_ms=7.00
[  63.982] al
[  63.982] arm(s): 0x49 PGA
[  63.982] L_ALM
[  63.982] [ADC1] STATUS
[  64.996] alarm(s)
[  64.996] [ADC1] STATU
[  64.996] [STATUS] t_ms=2593981 hwm=6 cap=256 dropped=0 dropped_total=33232 crc_err=0 crc_err_total=0 rate1=512 rate2=512 prod1=512 prod2=512 dac_err=0 tx_drop=1034527 hb_ms=0 sma_state=6 m7_us=2675722008 m4_us=2673527239 vdd=5.067 offset=0.5000 aref=3.145 loop_us_avg=94 loop_us_max=5432 loop_hz=10638 cycle_log_ms=1 n_cycle=4 cc=1 cc_hz=1025 cc_i_tgt=0.1000 cc_u=0.5130 cc_r=5.0915 cc_tau_ms=7.00
[  66.009] S alarm(s): 0
[  66.009] [ADC1] STATUS
[  66.071] [STATUS] t_ms=2594981 hwm=6 cap=256 dropped=0 dropped_total=33232 crc_err=0 crc_err_total=0 rate1=512 rate2=512 prod1=512 prod2=512 dac_err=0 tx_drop=1034527 hb_ms=0 sma_state=6 m7_us=2676753614 m4_us=2674558823 vdd=5.067 offset=0.5000 aref=3.145 loop_us_avg=94 loop_us_max=5370 loop_hz=10638 cycle_log_ms=1 n_cycle=4 cc=1 cc_hz=1025 cc_i_tgt=0.1000 cc_u=0.5208 cc_r=5.1035 cc_tau_ms=7.00
[  67.003] [ADC1] STATUS
[  67.066] [STATUS] t_ms=2595981 hwm=13 cap=256 dropped=0 dropped_total=33232 crc_err=0 crc_err_total=0 rate1=512 rate2=512 prod1=512 prod2=512 dac_err=0 tx_drop=1034527 hb_ms=0 sma_state=6 m7_us=2677785163 m4_us=2675590388 vdd=5.067 offset=0.5000 aref=3.145 loop_us_avg=95 loop_us_max=12865 loop_hz=10526 cycle_log_ms=1 n_cycle=4 cc=1 cc_hz=1011 cc_i_tgt=0.1000 cc_u=0.5000 cc_r=5.0620 cc_tau_ms=7.00
[  68.013] [ADC1] STATUS
[  68.139] [STATUS] t_ms=2596981 hwm=6 cap=256 dropped=0 dropped_total=33232 crc_err=0 crc_err_total=0 rate1=512 rate2=512 prod1=512 prod2=512 dac_err=0 tx_drop=1034527 hb_ms=0 sma_state=6 m7_us=2678816719 m4_us=2676621933 vdd=5.067 offset=0.5000 aref=3.145 loop_us_avg=94 loop_us_max=5367 loop_hz=10638 cycle_log_ms=1 n_cycle=4 cc=1 cc_hz=1025 cc_i_tgt=0.1000 cc_u=0.5000 cc_r=4.9918 cc_tau_ms=7.00
[  69.020] [ADC1] STATUS
[  69.146] [STATUS] t_ms=2597981 hwm=6 cap=256 dropped=0 dropped_total=33232 crc_err=0 crc_err_total=0 rate1=512 rate2=512 prod1=512 prod2=512 dac_err=0 tx_drop=1034527 hb_ms=0 sma_state=6 m7_us=2679848254 m4_us=2677653460 vdd=5.067 offset=0.5000 aref=3.145 loop_us_avg=92 loop_us_max=5353 loop_hz=10869 cycle_log_ms=1 n_cycle=4 cc=1 cc_hz=1025 cc_i_tgt=0.1000 cc_u=0.5000 cc_r=5.1340 cc_tau_ms=7.00
[  70.034] [ADC1] STATUS
[  70.159] [STATUS] t_ms=2598981 hwm=6 cap=256 dropped=0 dropped_total=33232 crc_err=0 crc_err_total=0 rate1=512 rate2=512 prod1=512 prod2=512 dac_err=0 tx_drop=1034527 hb_ms=0 sma_state=6 m7_us=2680879803 m4_us=2678684999 vdd=5.067 offset=0.5000 aref=3.145 loop_us_avg=93 loop_us_max=5369 loop_hz=10752 cycle_log_ms=1 n_cycle=4 cc=1 cc_hz=1025 cc_i_tgt=0.1000 cc_u=0.5021 cc_r=5.0099 cc_tau_ms=7.00
[  71.040] alar
[  71.040] [ADC1] STATUS
[  71.227] [STATUS] t_ms=2599981 hwm=6 cap=256 dropped=0 dropped_total=33232 crc_err=0 crc_err_total=0 rate1=512 rate2=512 prod1=512 prod2=512 dac_err=0 tx_drop=1034527 hb_ms=0 sma_state=6 m7_us=2681911295 m4_us=2679716503 vdd=5.067 offset=0.5000 aref=3.145 loop_us_avg=94 loop_us_max=5379 loop_hz=10638 cycle_log_ms=1 n_cycle=4 cc=1 cc_hz=1025 cc_i_tgt=0.1000 cc_u=0.5112 cc_r=5.0824 cc_tau_ms=7.00
[  72.049] alar
[  72.049] [ADC1] STATUS
[  72.239] [STATUS] t_ms=2600981 hwm=6 cap=256 dropped=0 dropped_total=33232 crc_err=0 crc_err_total=0 rate1=512 rate2=512 prod1=512 prod2=512 dac_err=0 tx_drop=1034527 hb_ms=0 sma_state=6 m7_us=2682942845 m4_us=2680748045 vdd=5.067 offset=0.5000 aref=3.145 loop_us_avg=94 loop_us_max=5360 loop_hz=10638 cycle_log_ms=1 n_cycle=4 cc=1 cc_hz=1025 cc_i_tgt=0.1000 cc_u=0.5251 cc_r=5.0456 cc_tau_ms=7.00
[  73.060] [ADC1] STATUS
[  73.249] [STATUS] t_ms=2601981 hwm=6 cap=256 dropped=0 dropped_total=33232 crc_err=0 crc_err_total=0 rate1=512 rate2=512 prod1=512 prod2=512 dac_err=0 tx_drop=1034527 hb_ms=0 sma_state=6 m7_us=2683974374 m4_us=2681779588 vdd=5.067 offset=0.5000 aref=3.145 loop_us_avg=93 loop_us_max=5377 loop_hz=10752 cycle_log_ms=1 n_cycle=4 cc=1 cc_hz=1025 cc_i_tgt=0.1000 cc_u=0.5086 cc_r=5.0937 cc_tau_ms=7.00
[  74.069] [ADC1] STATU
[  74.321] [STATUS] t_ms=2602981 hwm=6 cap=256 dropped=0 dropped_total=33232 crc_err=0 crc_err_total=0 rate1=512 rate2=512 prod1=512 prod2=512 dac_err=0 tx_drop=1034527 hb_ms=0 sma_state=6 m7_us=2685005961 m4_us=2682811111 vdd=5.067 offset=0.5000 aref=3.145 loop_us_avg=93 loop_us_max=5382 loop_hz=10752 cycle_log_ms=1 n_cycle=4 cc=1 cc_hz=1025 cc_i_tgt=0.1000 cc_u=0.5033 cc_r=5.0017 cc_tau_ms=7.00
[  75.080] [ADC1] STATUS
[  75.335] [STATUS] t_ms=2603981 hwm=6 cap=256 dropped=0 dropped_total=33232 crc_err=0 crc_err_total=0 rate1=512 rate2=512 prod1=512 prod2=512 dac_err=0 tx_drop=1034527 hb_ms=0 sma_state=6 m7_us=2686037446 m4_us=2683842656 vdd=5.067 offset=0.5000 aref=3.145 loop_us_avg=94 loop_us_max=5391 loop_hz=10638 cycle_log_ms=1 n_cycle=4 cc=1 cc_hz=1025 cc_i_tgt=0.1000 cc_u=0.5286 cc_r=5.0893 cc_tau_ms=7.00
[  76.094] [ADC1] STATUS
[  76.347] [STATUS] t_ms=2604981 hwm=6 cap=256 dropped=0 dropped_total=33232 crc_err=0 crc_err_total=0 rate1=512 rate2=512 prod1=512 prod2=512 dac_err=0 tx_drop=1034527 hb_ms=0 sma_state=6 m7_us=2687068984 m4_us=2684874199 vdd=5.067 offset=0.5000 aref=3.145 loop_us_avg=94 loop_us_max=5373 loop_hz=10638 cycle_log_ms=1 n_cycle=4 cc=1 cc_hz=1025 cc_i_tgt=0.1000 cc_u=0.5003 cc_r=5.1235 cc_tau_ms=7.00
[  77.099] [ADC1] STATUS
[  77.416] [STATUS] t_ms=2605981 hwm=6 cap=256 dropped=0 dropped_total=33232 crc_err=0 crc_err_total=0 rate1=512 rate2=512 prod1=512 prod2=512 dac_err=0 tx_drop=1034527 hb_ms=0 sma_state=6 m7_us=2688100557 m4_us=2685905732 vdd=5.067 offset=0.5000 aref=3.145 loop_us_avg=93 loop_us_max=5371 loop_hz=10752 cycle_log_ms=1 n_cycle=4 cc=1 cc_hz=1025 cc_i_tgt=0.1000 cc_u=0.5020 cc_r=5.0923 cc_tau_ms=7.00
[  77.925] [SMA] [ACT] heat n=6/6 I=950.0mA ms=100
[  77.989] [SMA] [ACT] cool n=6/6 I=100.0mA ms=15000
[  78.115] [ADC1] STATUS
[  78.431] [STATUS] t_ms=2606981 hwm=6 cap=256 dropped=0 dropped_total=33232 crc_err=0 crc_err_total=0 rate1=512 rate2=512 prod1=512 prod2=512 dac_err=0 tx_drop=1034527 hb_ms=0 sma_state=6 m7_us=2689132047 m4_us=2686937258 vdd=5.067 offset=0.5000 aref=3.145 loop_us_avg=93 loop_us_max=5441 loop_hz=10752 cycle_log_ms=1 n_cycle=4 cc=1 cc_hz=1023 cc_i_tgt=0.1000 cc_u=0.5000 cc_r=4.8997 cc_tau_ms=7.00
[  79.126] ala
[  79.126] [ADC1] STATUS
[  79.440] [STATUS] t_ms=2607981 hwm=6 cap=256 dropped=0 dropped_total=33232 crc_err=0 crc_err_total=0 rate1=512 rate2=512 prod1=512 prod2=512 dac_err=0 tx_drop=1034527 hb_ms=0 sma_state=6 m7_us=2690163522 m4_us=2687968736 vdd=5.067 offset=0.5000 aref=3.145 loop_us_avg=92 loop_us_max=5369 loop_hz=10869 cycle_log_ms=1 n_cycle=4 cc=1 cc_hz=1025 cc_i_tgt=0.1000 cc_u=0.5111 cc_r=5.1421 cc_tau_ms=7.00
[  80.132] [ADC1] STATUS
[  80.512] [STATUS] t_ms=2608981 hwm=6 cap=256 dropped=0 dropped_total=33232 crc_err=0 crc_err_total=0 rate1=512 rate2=512 prod1=512 prod2=512 dac_err=0 tx_drop=1034527 hb_ms=0 sma_state=6 m7_us=2691194991 m4_us=2689000221 vdd=5.067 offset=0.5000 aref=3.145 loop_us_avg=93 loop_us_max=5362 loop_hz=10752 cycle_log_ms=1 n_cycle=4 cc=1 cc_hz=1025 cc_i_tgt=0.1000 cc_u=0.5078 cc_r=5.0759 cc_tau_ms=7.00
[  81.146] [ADC1] STATUS
[  81.525] [STATUS] t_ms=2609981 hwm=6 cap=256 dropped=0 dropped_total=33232 crc_err=0 crc_err_total=0 rate1=512 rate2=512 prod1=512 prod2=512 dac_err=0 tx_drop=1034527 hb_ms=0 sma_state=6 m7_us=2692226479 m4_us=2690031693 vdd=5.067 offset=0.5000 aref=3.145 loop_us_avg=94 loop_us_max=5355 loop_hz=10638 cycle_log_ms=1 n_cycle=4 cc=1 cc_hz=1025 cc_i_tgt=0.1000 cc_u=0.5078 cc_r=5.0624 cc_tau_ms=7.00
[  82.155] [ADC1] STATUS
[  82.534] [STATUS] t_ms=2610981 hwm=6 cap=256 dropped=0 dropped_total=33232 crc_err=0 crc_err_total=0 rate1=512 rate2=512 prod1=512 prod2=512 dac_err=0 tx_drop=1034527 hb_ms=0 sma_state=6 m7_us=2693257984 m4_us=2691063165 vdd=5.067 offset=0.5000 aref=3.145 loop_us_avg=94 loop_us_max=5363 loop_hz=10638 cycle_log_ms=1 n_cycle=4 cc=1 cc_hz=1025 cc_i_tgt=0.1000 cc_u=0.5084 cc_r=5.0335 cc_tau_ms=7.00
[  83.161] [AD
[  83.161] C1] STATUS
[  83.606] [STATUS] t_ms=2611981 hwm=6 cap=256 dropped=0 dropped_total=33232 crc_err=0 crc_err_total=0 rate1=512 rate2=512 prod1=512 prod2=512 dac_err=0 tx_drop=1034527 hb_ms=0 sma_state=6 m7_us=2694289442 m4_us=2692094656 vdd=5.067 offset=0.5000 aref=3.145 loop_us_avg=94 loop_us_max=5383 loop_hz=10638 cycle_log_ms=1 n_cycle=4 cc=1 cc_hz=1025 cc_i_tgt=0.1000 cc_u=0.5061 cc_r=4.9769 cc_tau_ms=7.00
[  84.113] ala
[  84.113] [ADC1] STATUS
[  84.615] [STATUS] t_ms=2612981 hwm=6 cap=256 dropped=0 dropped_total=33232 crc_err=0 crc_err_total=0 rate1=512 rate2=512 prod1=512 prod2=512 dac_err=0 tx_drop=1034527 hb_ms=0 sma_state=6 m7_us=2695320951 m4_us=2693126167 vdd=5.067 offset=0.5000 aref=3.145 loop_us_avg=92 loop_us_max=5373 loop_hz=10869 cycle_log_ms=1 n_cycle=4 cc=1 cc_hz=1025 cc_i_tgt=0.1000 cc_u=0.5285 cc_r=5.0495 cc_tau_ms=7.00
[  85.123] al
[  85.123] [ADC1] STATUS
[  85.630] [STATUS] t_ms=2613981 hwm=6 cap=256 dropped=0 dropped_total=33232 crc_err=0 crc_err_total=0 rate1=512 rate2=512 prod1=512 prod2=512 dac_err=0 tx_drop=1034527 hb_ms=0 sma_state=6 m7_us=2696352519 m4_us=2694157671 vdd=5.067 offset=0.5000 aref=3.145 loop_us_avg=92 loop_us_max=5350 loop_hz=10869 cycle_log_ms=1 n_cycle=4 cc=1 cc_hz=1025 cc_i_tgt=0.1000 cc_u=0.5149 cc_r=5.0284 cc_tau_ms=7.00
[  86.135] [ADC1] STATUS
[  86.702] [STATUS] t_ms=2614981 hwm=6 cap=256 dropped=0 dropped_total=33232 crc_err=0 crc_err_total=0 rate1=512 rate2=512 prod1=512 prod2=512 dac_err=0 tx_drop=1034527 hb_ms=0 sma_state=6 m7_us=2697383920 m4_us=2695189156 vdd=5.067 offset=0.5000 aref=3.145 loop_us_avg=93 loop_us_max=5453 loop_hz=10752 cycle_log_ms=1 n_cycle=4 cc=1 cc_hz=1025 cc_i_tgt=0.1000 cc_u=0.5239 cc_r=5.1442 cc_tau_ms=7.00
[  87.142] [ADC1] STATUS
[  87.708] [STATUS] t_ms=2615981 hwm=6 cap=256 dropped=0 dropped_total=33232 crc_err=0 crc_err_total=0 rate1=512 rate2=512 prod1=512 prod2=512 dac_err=0 tx_drop=1034527 hb_ms=0 sma_state=6 m7_us=2698415425 m4_us=2696220640 vdd=5.067 offset=0.5000 aref=3.145 loop_us_avg=94 loop_us_max=5369 loop_hz=10638 cycle_log_ms=1 n_cycle=4 cc=1 cc_hz=1025 cc_i_tgt=0.1000 cc_u=0.5000 cc_r=5.0825 cc_tau_ms=7.00
[  88.151] [ADC1] STATUS
[  88.721] [STATUS] t_ms=2616981 hwm=6 cap=256 dropped=0 dropped_total=33232 crc_err=0 crc_err_total=0 rate1=512 rate2=512 prod1=512 prod2=512 dac_err=0 tx_drop=1034527 hb_ms=0 sma_state=6 m7_us=2699446904 m4_us=2697252119 vdd=5.067 offset=0.5000 aref=3.145 loop_us_avg=94 loop_us_max=5351 loop_hz=10638 cycle_log_ms=1 n_cycle=4 cc=1 cc_hz=1025 cc_i_tgt=0.1000 cc_u=0.5405 cc_r=5.1593 cc_tau_ms=7.00
[  89.164] a
[  89.164] [ADC1] STATUS
[  89.795] [STATUS] t_ms=2617981 hwm=6 cap=256 dropped=0 dropped_total=33232 crc_err=0 crc_err_total=0 rate1=512 rate2=512 prod1=512 prod2=512 dac_err=0 tx_drop=1034527 hb_ms=0 sma_state=6 m7_us=2700478381 m4_us=2698283584 vdd=5.067 offset=0.5000 aref=3.145 loop_us_avg=94 loop_us_max=5373 loop_hz=10638 cycle_log_ms=1 n_cycle=4 cc=1 cc_hz=1025 cc_i_tgt=0.1000 cc_u=0.5042 cc_r=5.1273 cc_tau_ms=7.00
[  90.173] alarm(s)
[  90.173] [ADC1] STATUS
[  90.803] [STATUS] t_ms=2618981 hwm=6 cap=256 dropped=0 dropped_total=33232 crc_err=0 crc_err_total=0 rate1=512 rate2=512 prod1=512 prod2=512 dac_err=0 tx_drop=1034527 hb_ms=0 sma_state=6 m7_us=2701509840 m4_us=2699315056 vdd=5.067 offset=0.5000 aref=3.145 loop_us_avg=94 loop_us_max=5383 loop_hz=10638 cycle_log_ms=1 n_cycle=4 cc=1 cc_hz=1025 cc_i_tgt=0.1000 cc_u=0.5165 cc_r=5.0570 cc_tau_ms=7.00
[  91.184] alarm(s): 0x4
[  91.184] [ADC1]
[  91.184] STATUS
[  91.814] [STATUS] t_ms=2619981 hwm=6 cap=256 dropped=0 dropped_total=33232 crc_err=0 crc_err_total=0 rate1=512 rate2=512 prod1=512 prod2=512 dac_err=0 tx_drop=1034527 hb_ms=0 sma_state=6 m7_us=2702541393 m4_us=2700346596 vdd=5.067 offset=0.5000 aref=3.145 loop_us_avg=93 loop_us_max=5371 loop_hz=10752 cycle_log_ms=1 n_cycle=4 cc=1 cc_hz=1025 cc_i_tgt=0.1000 cc_u=0.5404 cc_r=5.1158 cc_tau_ms=7.00
[  92.190] [ADC1] STATUS
[  92.882] [STATUS] t_ms=2620981 hwm=6 cap=256 dropped=0 dropped_total=33232 crc_err=0 crc_err_total=0 rate1=512 rate2=512 prod1=512 prod2=512 dac_err=0 tx_drop=1034527 hb_ms=0 sma_state=6 m7_us=2703572867 m4_us=2701378084 vdd=5.067 offset=0.5000 aref=3.145 loop_us_avg=92 loop_us_max=5355 loop_hz=10869 cycle_log_ms=1 n_cycle=4 cc=1 cc_hz=1025 cc_i_tgt=0.1000 cc_u=0.5091 cc_r=5.1109 cc_tau_ms=7.00
[  93.197] [ADC1] STATUS
[  93.516] [SMA] [ACT] -> idle (done) after 6 cycle(s); still armed
