[   0.056] [SMA] ARMED (MOSFET on); idle=0.500 V
[   0.057] [STATUS] t_ms=2644712 hwm=5 cap=256 dropped=0 dropped_total=34991 crc_err=0 crc_err_total=0 rate1=512 rate2=512 prod1=512 prod2=512 dac_err=0 tx_drop=1034527 hb_ms=0 sma_state=0 m7_us=2728054675 m4_us=2725859981 vdd=5.067 offset=0.5000 aref=3.145 loop_us_avg=21 loop_us_max=4630 loop_hz=47619 cycle_log_ms=1 n_cycle=4 cc=0 cc_hz=0 cc_i_tgt=0.1000 cc_u=0.5000 cc_r=5.1194 cc_tau_ms=7.00
[   0.119] S alar
[   0.119] ALM
[   0.119] [ADC1] ST
[   0.119] ATU
[   1.116] [STATUS] t_ms=2645712 hwm=7 cap=256 dropped=0 dropped_total=34991 crc_err=0 crc_err_total=0 rate1=512 rate2=512 prod1=512 prod2=512 dac_err=0 tx_drop=1034527 hb_ms=0 sma_state=0 m7_us=2729086477 m4_us=2726891802 vdd=5.067 offset=0.5000 aref=3.145 loop_us_avg=22 loop_us_max=6332 loop_hz=45454 cycle_log_ms=1 n_cycle=4 cc=0 cc_hz=0 cc_i_tgt=0.1000 cc_u=0.5000 cc_r=5.1194 cc_tau_ms=7.00
[   1.116] S ala
[   1.116] ALM
[   1.116] [ADC1] ST
[   1.116] AT
[   0.061] [SMA] [CC] start i_high=150.0mA i_low=100.0mA t_high=200 t_idle=15000 n=6 (0=cont) tau_ms=7.0 wdt_ms=5000
[   0.061] [SMA] [ACT] heat n=1/6 I=150.0mA ms=200
[   0.061] [ADC1] STATU
[   0.061] [STATUS] t_ms=2646712 hwm=5 cap=256 dropped=0 dropped_total=34991 crc_err=0 crc_err_total=0 rate1=512 rate2=513 prod1=512 prod2=513 dac_err=0 tx_drop=1034527 hb_ms=0 sma_state=5 m7_us=2730118964 m4_us=2727924619 vdd=5.067 offset=0.5000 aref=3.145 loop_us_avg=23 loop_us_max=4632 loop_hz=43478 cycle_log_ms=1 n_cycle=4 cc=1 cc_hz=31 cc_i_tgt=0.1500 cc_u=0.5965 cc_r=3.8197 cc_tau_ms=7.00
[   0.250] [SMA] [ACT] cool n=1/6 I=100.0mA ms=15000
[   1.069] S alarm(s): 0
[   1.069] [AD
[   1.069] C1] STATU
[   1.132] [STATUS] t_ms=2647712 hwm=5 cap=256 dropped=0 dropped_total=34991 crc_err=0 crc_err_total=0 rate1=512 rate2=511 prod1=512 prod2=511 dac_err=0 tx_drop=1034527 hb_ms=0 sma_state=6 m7_us=2731150040 m4_us=2728955354 vdd=5.067 offset=0.5000 aref=3.145 loop_us_avg=93 loop_us_max=5411 loop_hz=10752 cycle_log_ms=1 n_cycle=4 cc=1 cc_hz=1025 cc_i_tgt=0.1000 cc_u=0.5000 cc_r=5.0479 cc_tau_ms=7.00
[   2.083] [ADC1] STATU
[   2.145] [STATUS] t_ms=2648712 hwm=6 cap=256 dropped=0 dropped_total=34991 crc_err=0 crc_err_total=0 rate1=512 rate2=513 prod1=512 prod2=513 dac_err=0 tx_drop=1034527 hb_ms=0 sma_state=6 m7_us=2732182425 m4_us=2729988062 vdd=5.067 offset=0.5000 aref=3.145 loop_us_avg=94 loop_us_max=5408 loop_hz=10638 cycle_log_ms=1 n_cycle=4 cc=1 cc_hz=1026 cc_i_tgt=0.1000 cc_u=0.5135 cc_r=5.0785 cc_tau_ms=7.00
[   3.088] S alarm
[   3.088] [ADC1] STATU
[   3.152] [STATUS] t_ms=2649712 hwm=5 cap=256 dropped=0 dropped_total=34991 crc_err=0 crc_err_total=0 rate1=512 rate2=512 prod1=512 prod2=512 dac_err=0 tx_drop=1034527 hb_ms=0 sma_state=6 m7_us=2733214062 m4_us=2731019704 vdd=5.067 offset=0.5000 aref=3.145 loop_us_avg=93 loop_us_max=5423 loop_hz=10752 cycle_log_ms=1 n_cycle=4 cc=1 cc_hz=1025 cc_i_tgt=0.1000 cc_u=0.5166 cc_r=5.1203 cc_tau_ms=7.00
[   4.103] S alarm
[   4.103] M
[   4.103] [ADC1] STATU
[   4.228] [STATUS] t_ms=2650712 hwm=5 cap=256 dropped=0 dropped_total=34991 crc_err=0 crc_err_total=0 rate1=512 rate2=512 prod1=512 prod2=512 dac_err=0 tx_drop=1034527 hb_ms=0 sma_state=6 m7_us=2734245722 m4_us=2732051377 vdd=5.067 offset=0.5000 aref=3.145 loop_us_avg=92 loop_us_max=5407 loop_hz=10869 cycle_log_ms=1 n_cycle=4 cc=1 cc_hz=1025 cc_i_tgt=0.1000 cc_u=0.5259 cc_r=5.0925 cc_tau_ms=7.00
[   5.108] [ADC1] STAT
[   5.236] [STATUS] t_ms=2651712 hwm=5 cap=256 dropped=0 dropped_total=34991 crc_err=0 crc_err_total=0 rate1=512 rate2=512 prod1=512 prod2=512 dac_err=0 tx_drop=1034527 hb_ms=0 sma_state=6 m7_us=2735277351 m4_us=2733082997 vdd=5.067 offset=0.5000 aref=3.145 loop_us_avg=93 loop_us_max=5417 loop_hz=10752 cycle_log_ms=1 n_cycle=4 cc=1 cc_hz=1025 cc_i_tgt=0.1000 cc_u=0.5107 cc_r=4.9716 cc_tau_ms=7.00
[   6.122] [ADC1] STATU
[   6.248] [STATUS] t_ms=2652712 hwm=5 cap=256 dropped=0 dropped_total=34991 crc_err=0 crc_err_total=0 rate1=512 rate2=512 prod1=512 prod2=512 dac_err=0 tx_drop=1034527 hb_ms=0 sma_state=6 m7_us=2736308949 m4_us=2734114587 vdd=5.067 offset=0.5000 aref=3.145 loop_us_avg=93 loop_us_max=5412 loop_hz=10752 cycle_log_ms=1 n_cycle=4 cc=1 cc_hz=1025 cc_i_tgt=0.1000 cc_u=0.5065 cc_r=5.0135 cc_tau_ms=7.00
[   7.135] [ADC1] STATU
[   7.261] [STATUS] t_ms=2653712 hwm=5 cap=256 dropped=0 dropped_total=34991 crc_err=0 crc_err_total=0 rate1=512 rate2=512 prod1=512 prod2=512 dac_err=0 tx_drop=1034527 hb_ms=0 sma_state=6 m7_us=2737340550 m4_us=2735146203 vdd=5.067 offset=0.5000 aref=3.145 loop_us_avg=93 loop_us_max=5420 loop_hz=10752 cycle_log_ms=1 n_cycle=4 cc=1 cc_hz=1025 cc_i_tgt=0.1000 cc_u=0.5085 cc_r=5.0306 cc_tau_ms=7.00
[   8.147] [ADC1] STATU
[   8.337] [STATUS] t_ms=2654712 hwm=5 cap=256 dropped=0 dropped_total=34991 crc_err=0 crc_err_total=0 rate1=512 rate2=512 prod1=512 prod2=512 dac_err=0 tx_drop=1034527 hb_ms=0 sma_state=6 m7_us=2738372165 m4_us=2736177813 vdd=5.067 offset=0.5000 aref=3.145 loop_us_avg=94 loop_us_max=5396 loop_hz=10638 cycle_log_ms=1 n_cycle=4 cc=1 cc_hz=1025 cc_i_tgt=0.1000 cc_u=0.5000 cc_r=5.0378 cc_tau_ms=7.00
[   9.158] S alarm(s):
[   9.158] [ADC1] STATU
[   9.350] [STATUS] t_ms=2655712 hwm=5 cap=256 dropped=0 dropped_total=34991 crc_err=0 crc_err_total=0 rate1=512 rate2=512 prod1=512 prod2=512 dac_err=0 tx_drop=1034527 hb_ms=0 sma_state=6 m7_us=2739403761 m4_us=2737209416 vdd=5.067 offset=0.5000 aref=3.145 loop_us_avg=94 loop_us_max=5402 loop_hz=10638 cycle_log_ms=1 n_cycle=4 cc=1 cc_hz=1025 cc_i_tgt=0.1000 cc_u=0.5000 cc_r=5.0619 cc_tau_ms=7.00
[  10.109] S alarm(s): 0x
[  10.109] [ADC1
[  10.109] ] STAT
[  10.362] [STATUS] t_ms=2656712 hwm=5 cap=256 dropped=0 dropped_total=34991 crc_err=0 crc_err_total=0 rate1=512 rate2=512 prod1=512 prod2=512 dac_err=0 tx_drop=1034527 hb_ms=0 sma_state=6 m7_us=2740435378 m4_us=2738241025 vdd=5.067 offset=0.5000 aref=3.145 loop_us_avg=94 loop_us_max=5408 loop_hz=10638 cycle_log_ms=1 n_cycle=4 cc=1 cc_hz=1025 cc_i_tgt=0.1000 cc_u=0.5091 cc_r=5.0791 cc_tau_ms=7.00
[  11.120] US alarm(s):
[  11.120] [ADC1] STATU
[  11.434] [STATUS] t_ms=2657712 hwm=5 cap=256 dropped=0 dropped_total=34991 crc_err=0 crc_err_total=0 rate1=512 rate2=512 prod1=512 prod2=512 dac_err=0 tx_drop=1034527 hb_ms=0 sma_state=6 m7_us=2741467011 m4_us=2739272654 vdd=5.067 offset=0.5000 aref=3.145 loop_us_avg=92 loop_us_max=5406 loop_hz=10869 cycle_log_ms=1 n_cycle=4 cc=1 cc_hz=1025 cc_i_tgt=0.1000 cc_u=0.5178 cc_r=5.0983 cc_tau_ms=7.00
[  12.130] S ala
[  12.130] ALM
[  12.130] [ADC1] STATU
[  12.444] [STATUS] t_ms=2658712 hwm=5 cap=256 dropped=0 dropped_total=34991 crc_err=0 crc_err_total=0 rate1=512 rate2=512 prod1=512 prod2=512 dac_err=0 tx_drop=1034527 hb_ms=0 sma_state=6 m7_us=2742498587 m4_us=2740304238 vdd=5.067 offset=0.5000 aref=3.145 loop_us_avg=93 loop_us_max=5401 loop_hz=10752 cycle_log_ms=1 n_cycle=4 cc=1 cc_hz=1025 cc_i_tgt=0.1000 cc_u=0.5104 cc_r=4.9984 cc_tau_ms=7.00
[  13.137] [ADC1] STATU
[  13.452] [STATUS] t_ms=2659712 hwm=5 cap=256 dropped=0 dropped_total=34991 crc_err=0 crc_err_total=0 rate1=512 rate2=512 prod1=512 prod2=512 dac_err=0 tx_drop=1034527 hb_ms=0 sma_state=6 m7_us=2743530150 m4_us=2741335793 vdd=5.067 offset=0.5000 aref=3.145 loop_us_avg=94 loop_us_max=5404 loop_hz=10638 cycle_log_ms=1 n_cycle=4 cc=1 cc_hz=1025 cc_i_tgt=0.1000 cc_u=0.5000 cc_r=5.0092 cc_tau_ms=7.00
[  14.145] [ADC1] STATU
[  14.523] [STATUS] t_ms=2660712 hwm=5 cap=256 dropped=0 dropped_total=34991 crc_err=0 crc_err_total=0 rate1=512 rate2=512 prod1=512 prod2=512 dac_err=0 tx_drop=1034527 hb_ms=0 sma_state=6 m7_us=2744561698 m4_us=2742367345 vdd=5.067 offset=0.5000 aref=3.145 loop_us_avg=92 loop_us_max=5396 loop_hz=10869 cycle_log_ms=1 n_cycle=4 cc=1 cc_hz=1025 cc_i_tgt=0.1000 cc_u=0.5165 cc_r=5.0706 cc_tau_ms=7.00
[  15.154] [ADC1] STAT
[  15.532] [STATUS] t_ms=2661712 hwm=5 cap=256 dropped=0 dropped_total=34991 crc_err=0 crc_err_total=0 rate1=512 rate2=512 prod1=512 prod2=512 dac_err=0 tx_drop=1034527 hb_ms=0 sma_state=6 m7_us=2745593294 m4_us=2743398945 vdd=5.067 offset=0.5000 aref=3.145 loop_us_avg=94 loop_us_max=5407 loop_hz=10638 cycle_log_ms=1 n_cycle=4 cc=1 cc_hz=1025 cc_i_tgt=0.1000 cc_u=0.5000 cc_r=5.0846 cc_tau_ms=7.00
[  15.722] [SMA] [ACT] heat n=2/6 I=150.0mA ms=200
[  15.911] [SMA] [ACT] cool n=2/6 I=100.0mA ms=15000
[  16.166] [ADC1] STATU
[  16.546] [STATUS] t_ms=2662712 hwm=5 cap=256 dropped=0 dropped_total=34991 crc_err=0 crc_err_total=0 rate1=512 rate2=512 prod1=512 prod2=512 dac_err=0 tx_drop=1034527 hb_ms=0 sma_state=6 m7_us=2746624840 m4_us=2744430488 vdd=5.067 offset=0.5000 aref=3.145 loop_us_avg=92 loop_us_max=5408 loop_hz=10869 cycle_log_ms=1 n_cycle=4 cc=1 cc_hz=1023 cc_i_tgt=0.1000 cc_u=0.5068 cc_r=4.9815 cc_tau_ms=7.00
[  17.178] [ADC1] STATU
[  17.615] [STATUS] t_ms=2663712 hwm=5 cap=256 dropped=0 dropped_total=34991 crc_err=0 crc_err_total=0 rate1=512 rate2=512 prod1=512 prod2=512 dac_err=0 tx_drop=1034527 hb_ms=0 sma_state=6 m7_us=2747656360 m4_us=2745462011 vdd=5.067 offset=0.5000 aref=3.145 loop_us_avg=94 loop_us_max=5401 loop_hz=10638 cycle_log_ms=1 n_cycle=4 cc=1 cc_hz=1025 cc_i_tgt=0.1000 cc_u=0.5006 cc_r=5.0554 cc_tau_ms=7.00
[  18.182] [ADC1] STATU
[  18.626] [STATUS] t_ms=2664712 hwm=5 cap=256 dropped=0 dropped_total=34991 crc_err=0 crc_err_total=0 rate1=512 rate2=512 prod1=512 prod2=512 dac_err=0 tx_drop=1034527 hb_ms=0 sma_state=6 m7_us=2748687933 m4_us=2746493579 vdd=5.067 offset=0.5000 aref=3.145 loop_us_avg=93 loop_us_max=5424 loop_hz=10752 cycle_log_ms=1 n_cycle=4 cc=1 cc_hz=1025 cc_i_tgt=0.1000 cc_u=0.5018 cc_r=4.9697 cc_tau_ms=7.00
[  19.192] [ADC1] STATU
[  19.696] [STATUS] t_ms=2665712 hwm=5 cap=256 dropped=0 dropped_total=34991 crc_err=0 crc_err_total=0 rate1=512 rate2=512 prod1=512 prod2=512 dac_err=0 tx_drop=1034527 hb_ms=0 sma_state=6 m7_us=2749719498 m4_us=2747525150 vdd=5.067 offset=0.5000 aref=3.145 loop_us_avg=93 loop_us_max=5413 loop_hz=10752 cycle_log_ms=1 n_cycle=4 cc=1 cc_hz=1025 cc_i_tgt=0.1000 cc_u=0.5301 cc_r=5.0697 cc_tau_ms=7.00
[  20.202] [ADC1] STATU
[  20.921] [STATUS] t_ms=2666712 hwm=5 cap=256 dropped=0 dropped_total=34991 crc_err=0 crc_err_total=0 rate1=512 rate2=512 prod1=512 prod2=512 dac_err=0 tx_drop=1034527 hb_ms=0 sma_state=6 m7_us=2750751052 m4_us=2748556705 vdd=5.067 offset=0.5000 aref=3.145 loop_us_avg=94 loop_us_max=5396 loop_hz=10638 cycle_log_ms=1 n_cycle=4 cc=1 cc_hz=1025 cc_i_tgt=0.1000 cc_u=0.5069 cc_r=5.0051 cc_tau_ms=7.00
[  21.226] [ADC1] STATU
[  21.734] [STATUS] t_ms=2667712 hwm=5 cap=256 dropped=0 dropped_total=34991 crc_err=0 crc_err_total=0 rate1=512 rate2=512 prod1=512 prod2=512 dac_err=0 tx_drop=1034527 hb_ms=0 sma_state=6 m7_us=2751782610 m4_us=2749588261 vdd=5.067 offset=0.5000 aref=3.145 loop_us_avg=92 loop_us_max=5396 loop_hz=10869 cycle_log_ms=1 n_cycle=4 cc=1 cc_hz=1025 cc_i_tgt=0.1000 cc_u=0.5073 cc_r=5.0266 cc_tau_ms=7.00
[  22.241] S alarm(s
[  22.241] [ADC1] STATU
[  22.740] [STATUS] t_ms=2668712 hwm=5 cap=256 dropped=0 dropped_total=34991 crc_err=0 crc_err_total=0 rate1=512 rate2=512 prod1=512 prod2=512 dac_err=0 tx_drop=1034527 hb_ms=0 sma_state=6 m7_us=2752814140 m4_us=2750619790 vdd=5.067 offset=0.5000 aref=3.145 loop_us_avg=94 loop_us_max=5417 loop_hz=10638 cycle_log_ms=1 n_cycle=4 cc=1 cc_hz=1025 cc_i_tgt=0.1000 cc_u=0.5000 cc_r=4.9956 cc_tau_ms=7.00
[  23.246] S alarm(s):
[  23.246] [
[  23.246] ADC1] STATU
[  23.813] [STATUS] t_ms=2669712 hwm=5 cap=256 dropped=0 dropped_total=34991 crc_err=0 crc_err_total=0 rate1=512 rate2=512 prod1=512 prod2=512 dac_err=0 tx_drop=1034527 hb_ms=0 sma_state=6 m7_us=2753845685 m4_us=2751651329 vdd=5.067 offset=0.5000 aref=3.145 loop_us_avg=94 loop_us_max=5397 loop_hz=10638 cycle_log_ms=1 n_cycle=4 cc=1 cc_hz=1025 cc_i_tgt=0.1000 cc_u=0.5126 cc_r=5.0722 cc_tau_ms=7.00
[  24.256] [ADC1] STAT
[  24.821] [STATUS] t_ms=2670712 hwm=5 cap=256 dropped=0 dropped_total=34991 crc_err=0 crc_err_total=0 rate1=512 rate2=512 prod1=512 prod2=512 dac_err=0 tx_drop=1034527 hb_ms=0 sma_state=6 m7_us=2754877233 m4_us=2752682888 vdd=5.067 offset=0.5000 aref=3.145 loop_us_avg=92 loop_us_max=5417 loop_hz=10869 cycle_log_ms=1 n_cycle=4 cc=1 cc_hz=1025 cc_i_tgt=0.1000 cc_u=0.5377 cc_r=5.1373 cc_tau_ms=7.00
[  25.264] [ADC1] STATU
[  25.833] [STATUS] t_ms=2671712 hwm=5 cap=256 dropped=0 dropped_total=34991 crc_err=0 crc_err_total=0 rate1=512 rate2=512 prod1=512 prod2=512 dac_err=0 tx_drop=1034527 hb_ms=0 sma_state=6 m7_us=2755908798 m4_us=2753714453 vdd=5.067 offset=0.5000 aref=3.145 loop_us_avg=93 loop_us_max=5402 loop_hz=10752 cycle_log_ms=1 n_cycle=4 cc=1 cc_hz=1025 cc_i_tgt=0.1000 cc_u=0.5000 cc_r=4.9698 cc_tau_ms=7.00
[  26.276] [ADC1] STATU
[  26.911] [STATUS] t_ms=2672712 hwm=5 cap=256 dropped=0 dropped_total=34991 crc_err=0 crc_err_total=0 rate1=512 rate2=512 prod1=512 prod2=512 dac_err=0 tx_drop=1034527 hb_ms=0 sma_state=6 m7_us=2756940374 m4_us=2754746027 vdd=5.067 offset=0.5000 aref=3.145 loop_us_avg=94 loop_us_max=5404 loop_hz=10638 cycle_log_ms=1 n_cycle=4 cc=1 cc_hz=1025 cc_i_tgt=0.1000 cc_u=0.5058 cc_r=4.9723 cc_tau_ms=7.00
[  27.228] [ADC1] STATU
[  27.922] [STATUS] t_ms=2673712 hwm=5 cap=256 dropped=0 dropped_total=34991 crc_err=0 crc_err_total=0 rate1=512 rate2=512 prod1=512 prod2=512 dac_err=0 tx_drop=1034527 hb_ms=0 sma_state=6 m7_us=2757971950 m4_us=2755777598 vdd=5.067 offset=0.5000 aref=3.145 loop_us_avg=94 loop_us_max=5406 loop_hz=10638 cycle_log_ms=1 n_cycle=4 cc=1 cc_hz=1025 cc_i_tgt=0.1000 cc_u=0.5000 cc_r=5.0733 cc_tau_ms=7.00
[  28.238] S alarm(
[  28.238] [ADC1] STATU
[  28.932] [STATUS] t_ms=2674712 hwm=5 cap=256 dropped=0 dropped_total=34991 crc_err=0 crc_err_total=0 rate1=512 rate2=512 prod1=512 prod2=512 dac_err=0 tx_drop=1034527 hb_ms=0 sma_state=6 m7_us=2759003499 m4_us=2756809134 vdd=5.067 offset=0.5000 aref=3.145 loop_us_avg=92 loop_us_max=5430 loop_hz=10869 cycle_log_ms=1 n_cycle=4 cc=1 cc_hz=1025 cc_i_tgt=0.1000 cc_u=0.5101 cc_r=5.0134 cc_tau_ms=7.00
[  29.251] M
[  29.251] [ADC1] STATU
[  30.007] [STATUS] t_ms=2675712 hwm=5 cap=256 dropped=0 dropped_total=34991 crc_err=0 crc_err_total=0 rate1=512 rate2=512 prod1=512 prod2=512 dac_err=0 tx_drop=1034527 hb_ms=0 sma_state=6 m7_us=2760035010 m4_us=2757840667 vdd=5.067 offset=0.5000 aref=3.145 loop_us_avg=92 loop_us_max=5401 loop_hz=10869 cycle_log_ms=1 n_cycle=4 cc=1 cc_hz=1025 cc_i_tgt=0.1000 cc_u=0.5103 cc_r=5.0724 cc_tau_ms=7.00
[  30.260] [ADC1] STATU
[  31.014] [STATUS] t_ms=2676712 hwm=5 cap=256 dropped=0 dropped_total=34991 crc_err=0 crc_err_total=0 rate1=512 rate2=512 prod1=512 prod2=512 dac_err=0 tx_drop=1034527 hb_ms=0 sma_state=6 m7_us=2761066530 m4_us=2758872187 vdd=5.067 offset=0.5000 aref=3.145 loop_us_avg=94 loop_us_max=5407 loop_hz=10638 cycle_log_ms=1 n_cycle=4 cc=1 cc_hz=1025 cc_i_tgt=0.1000 cc_u=0.5000 cc_r=4.9825 cc_tau_ms=7.00
[  31.267] [ADC1] STATU
[  31.394] [SMA] [ACT] heat n=3/6 I=150.0mA ms=200
[  31.585] [SMA] [ACT] cool n=3/6 I=100.0mA ms=15000
[  32.027] [STATUS] t_ms=2677712 hwm=5 cap=256 dropped=0 dropped_total=34991 crc_err=0 crc_err_total=0 rate1=512 rate2=512 prod1=512 prod2=512 dac_err=0 tx_drop=1034527 hb_ms=0 sma_state=6 m7_us=2762098091 m4_us=2759903742 vdd=5.067 offset=0.5000 aref=3.145 loop_us_avg=94 loop_us_max=5407 loop_hz=10638 cycle_log_ms=1 n_cycle=4 cc=1 cc_hz=1023 cc_i_tgt=0.1000 cc_u=0.5192 cc_r=5.0936 cc_tau_ms=7.00
[  32.279] S ala
[  32.279] ALM
[  32.279] [ADC1] STATU
[  33.101] [STATUS] t_ms=2678712 hwm=6 cap=256 dropped=0 dropped_total=34991 crc_err=0 crc_err_total=0 rate1=512 rate2=512 prod1=512 prod2=512 dac_err=0 tx_drop=1034527 hb_ms=0 sma_state=6 m7_us=2763129638 m4_us=2760935297 vdd=5.067 offset=0.5000 aref=3.145 loop_us_avg=94 loop_us_max=5719 loop_hz=10638 cycle_log_ms=1 n_cycle=4 cc=1 cc_hz=1025 cc_i_tgt=0.1000 cc_u=0.5000 cc_r=4.9925 cc_tau_ms=7.00
[  33.290] S
[  33.290] [ADC1] STAT
[  34.110] [STATUS] t_ms=2679712 hwm=5 cap=256 dropped=0 dropped_total=34991 crc_err=0 crc_err_total=0 rate1=512 rate2=512 prod1=512 prod2=512 dac_err=0 tx_drop=1034527 hb_ms=0 sma_state=6 m7_us=2764161220 m4_us=2761966865 vdd=5.067 offset=0.5000 aref=3.145 loop_us_avg=93 loop_us_max=5394 loop_hz=10752 cycle_log_ms=1 n_cycle=4 cc=1 cc_hz=1025 cc_i_tgt=0.1000 cc_u=0.5002 cc_r=4.9623 cc_tau_ms=7.00
[  34.300] [ADC1] STATU
[  35.115] [STATUS] t_ms=2680712 hwm=6 cap=256 dropped=0 dropped_total=34991 crc_err=0 crc_err_total=0 rate1=512 rate2=512 prod1=512 prod2=512 dac_err=0 tx_drop=1034527 hb_ms=0 sma_state=6 m7_us=2765192791 m4_us=2762998437 vdd=5.067 offset=0.5000 aref=3.145 loop_us_avg=94 loop_us_max=5692 loop_hz=10638 cycle_log_ms=1 n_cycle=4 cc=1 cc_hz=1025 cc_i_tgt=0.1000 cc_u=0.5127 cc_r=5.0426 cc_tau_ms=7.00
[  35.305] [ADC1] STATU
[  36.187] [STATUS] t_ms=2681712 hwm=5 cap=256 dropped=0 dropped_total=34991 crc_err=0 crc_err_total=0 rate1=512 rate2=512 prod1=512 prod2=512 dac_err=0 tx_drop=1034527 hb_ms=0 sma_state=6 m7_us=2766224367 m4_us=2764030017 vdd=5.067 offset=0.5000 aref=3.145 loop_us_avg=93 loop_us_max=5403 loop_hz=10752 cycle_log_ms=1 n_cycle=4 cc=1 cc_hz=1025 cc_i_tgt=0.1000 cc_u=0.5111 cc_r=4.9730 cc_tau_ms=7.00
[  36.311] [ADC1] STATU
[  37.199] [STATUS] t_ms=2682712 hwm=5 cap=256 dropped=0 dropped_total=34991 crc_err=0 crc_err_total=0 rate1=512 rate2=512 prod1=512 prod2=512 dac_err=0 tx_drop=1034527 hb_ms=0 sma_state=6 m7_us=2767255907 m4_us=2765061550 vdd=5.067 offset=0.5000 aref=3.145 loop_us_avg=94 loop_us_max=5404 loop_hz=10638 cycle_log_ms=1 n_cycle=4 cc=1 cc_hz=1025 cc_i_tgt=0.1000 cc_u=0.5325 cc_r=5.0747 cc_tau_ms=7.00
[  37.327] [ADC1] STATU
[  38.269] [STATUS] t_ms=2683712 hwm=5 cap=256 dropped=0 dropped_total=34991 crc_err=0 crc_err_total=0 rate1=512 rate2=512 prod1=512 prod2=512 dac_err=0 tx_drop=1034527 hb_ms=0 sma_state=6 m7_us=2768287376 m4_us=2766093029 vdd=5.067 offset=0.5000 aref=3.145 loop_us_avg=92 loop_us_max=5411 loop_hz=10869 cycle_log_ms=1 n_cycle=4 cc=1 cc_hz=1025 cc_i_tgt=0.1000 cc_u=0.5164 cc_r=5.0908 cc_tau_ms=7.00
[  38.332] [ADC1] STATU
[  39.279] [STATUS] t_ms=2684712 hwm=5 cap=256 dropped=0 dropped_total=34991 crc_err=0 crc_err_total=0 rate1=512 rate2=512 prod1=512 prod2=512 dac_err=0 tx_drop=1034527 hb_ms=0 sma_state=6 m7_us=2769318870 m4_us=2767124517 vdd=5.067 offset=0.5000 aref=3.145 loop_us_avg=93 loop_us_max=5396 loop_hz=10752 cycle_log_ms=1 n_cycle=4 cc=1 cc_hz=1025 cc_i_tgt=0.1000 cc_u=0.5094 cc_r=4.9927 cc_tau_ms=7.00
[  39.342] S alarm(s):
[  39.342] [ADC1] STATU
[  40.293] [STATUS] t_ms=2685712 hwm=5 cap=256 dropped=0 dropped_total=34991 crc_err=0 crc_err_total=0 rate1=512 rate2=512 prod1=512 prod2=512 dac_err=0 tx_drop=1034527 hb_ms=0 sma_state=6 m7_us=2770350377 m4_us=2768156027 vdd=5.067 offset=0.5000 aref=3.145 loop_us_avg=94 loop_us_max=5401 loop_hz=10638 cycle_log_ms=1 n_cycle=4 cc=1 cc_hz=1025 cc_i_tgt=0.1000 cc_u=0.5361 cc_r=5.0908 cc_tau_ms=7.00
[  40.356] S alarm(s):
[  40.356] [ADC
[  40.356] 1] STATU
[  41.307] [STATUS] t_ms=2686712 hwm=5 cap=256 dropped=0 dropped_total=34991 crc_err=0 crc_err_total=0 rate1=512 rate2=512 prod1=512 prod2=512 dac_err=0 tx_drop=1034527 hb_ms=0 sma_state=6 m7_us=2771381897 m4_us=2769187547 vdd=5.067 offset=0.5000 aref=3.145 loop_us_avg=94 loop_us_max=5398 loop_hz=10638 cycle_log_ms=1 n_cycle=4 cc=1 cc_hz=1025 cc_i_tgt=0.1000 cc_u=0.5066 cc_r=5.0900 cc_tau_ms=7.00
[  41.370] [ADC1] STATU
[  42.376] [STATUS] t_ms=2687712 hwm=5 cap=256 dropped=0 dropped_total=34991 crc_err=0 crc_err_total=0 rate1=512 rate2=512 prod1=512 prod2=512 dac_err=0 tx_drop=1034527 hb_ms=0 sma_state=6 m7_us=2772413444 m4_us=2770219086 vdd=5.067 offset=0.5000 aref=3.145 loop_us_avg=92 loop_us_max=5443 loop_hz=10869 cycle_log_ms=1 n_cycle=4 cc=1 cc_hz=1025 cc_i_tgt=0.1000 cc_u=0.5018 cc_r=5.0530 cc_tau_ms=7.00
[  42.376] [ADC1] STAT
[  43.383] [ADC1] STATU
[  43.383] [STATUS] t_ms=2688712 hwm=5 cap=256 dropped=0 dropped_total=34991 crc_err=0 crc_err_total=0 rate1=512 rate2=512 prod1=512 prod2=512 dac_err=0 tx_drop=1034527 hb_ms=0 sma_state=6 m7_us=2773444940 m4_us=2771250587 vdd=5.067 offset=0.5000 aref=3.145 loop_us_avg=93 loop_us_max=5401 loop_hz=10752 cycle_log_ms=1 n_cycle=4 cc=1 cc_hz=1025 cc_i_tgt=0.1000 cc_u=0.5212 cc_r=5.0610 cc_tau_ms=7.00
[  44.394] [ADC1] STATU
[  44.457] [STATUS] t_ms=2689712 hwm=5 cap=256 dropped=0 dropped_total=34991 crc_err=0 crc_err_total=0 rate1=512 rate2=512 prod1=512 prod2=512 dac_err=0 tx_drop=1034527 hb_ms=0 sma_state=6 m7_us=2774476445 m4_us=2772282081 vdd=5.067 offset=0.5000 aref=3.145 loop_us_avg=92 loop_us_max=5406 loop_hz=10869 cycle_log_ms=1 n_cycle=4 cc=1 cc_hz=1025 cc_i_tgt=0.1000 cc_u=0.5000 cc_r=5.0517 cc_tau_ms=7.00
[  45.404] S a
[  45.404] [ADC1] STATU
[  45.466] [STATUS] t_ms=2690712 hwm=5 cap=256 dropped=0 dropped_total=34991 crc_err=0 crc_err_total=0 rate1=512 rate2=512 prod1=512 prod2=512 dac_err=0 tx_drop=1034527 hb_ms=0 sma_state=6 m7_us=2775507982 m4_us=2773313624 vdd=5.067 offset=0.5000 aref=3.145 loop_us_avg=93 loop_us_max=5450 loop_hz=10752 cycle_log_ms=1 n_cycle=4 cc=1 cc_hz=1025 cc_i_tgt=0.1000 cc_u=0.5393 cc_r=5.1927 cc_tau_ms=7.00
[  46.416] [ADC1] STAT
[  46.479] [STATUS] t_ms=2691712 hwm=5 cap=256 dropped=0 dropped_total=34991 crc_err=0 crc_err_total=0 rate1=512 rate2=512 prod1=512 prod2=512 dac_err=0 tx_drop=1034527 hb_ms=0 sma_state=6 m7_us=2776539525 m4_us=2774345173 vdd=5.067 offset=0.5000 aref=3.145 loop_us_avg=93 loop_us_max=5426 loop_hz=10752 cycle_log_ms=1 n_cycle=4 cc=1 cc_hz=1025 cc_i_tgt=0.1000 cc_u=0.5103 cc_r=5.0616 cc_tau_ms=7.00
[  47.047] [SMA] [ACT] heat n=4/6 I=150.0mA ms=200
[  47.303] [SMA] [ACT] cool n=4/6 I=100.0mA ms=15000
[  47.430] US alarm(s)
[  47.430] [ADC1] STATU
[  47.495] [STATUS] t_ms=2692712 hwm=5 cap=256 dropped=0 dropped_total=34991 crc_err=0 crc_err_total=0 rate1=512 rate2=512 prod1=512 prod2=512 dac_err=0 tx_drop=1034527 hb_ms=0 sma_state=6 m7_us=2777571089 m4_us=2775376728 vdd=5.067 offset=0.5000 aref=3.145 loop_us_avg=94 loop_us_max=5411 loop_hz=10638 cycle_log_ms=1 n_cycle=4 cc=1 cc_hz=1023 cc_i_tgt=0.1000 cc_u=0.5068 cc_r=5.0160 cc_tau_ms=7.00
[  48.382] [ADC1] STATU
[  48.571] [STATUS] t_ms=2693712 hwm=5 cap=256 dropped=0 dropped_total=34991 crc_err=0 crc_err_total=0 rate1=512 rate2=512 prod1=512 prod2=512 dac_err=0 tx_drop=1034527 hb_ms=0 sma_state=6 m7_us=2778602598 m4_us=2776408261 vdd=5.067 offset=0.5000 aref=3.145 loop_us_avg=93 loop_us_max=5414 loop_hz=10752 cycle_log_ms=1 n_cycle=4 cc=1 cc_hz=1025 cc_i_tgt=0.1000 cc_u=0.5000 cc_r=5.0631 cc_tau_ms=7.00
[  49.395] [ADC1] STATU
[  49.584] [STATUS] t_ms=2694712 hwm=5 cap=256 dropped=0 dropped_total=34991 crc_err=0 crc_err_total=0 rate1=512 rate2=512 prod1=512 prod2=512 dac_err=0 tx_drop=1034527 hb_ms=0 sma_state=6 m7_us=2779634156 m4_us=2777439787 vdd=5.067 offset=0.5000 aref=3.145 loop_us_avg=92 loop_us_max=5399 loop_hz=10869 cycle_log_ms=1 n_cycle=4 cc=1 cc_hz=1025 cc_i_tgt=0.1000 cc_u=0.5000 cc_r=5.0258 cc_tau_ms=7.00
[  50.407] [ADC1] STATU
[  50.594] [STATUS] t_ms=2695712 hwm=5 cap=256 dropped=0 dropped_total=34991 crc_err=0 crc_err_total=0 rate1=512 rate2=512 prod1=512 prod2=512 dac_err=0 tx_drop=1034527 hb_ms=0 sma_state=6 m7_us=2780665656 m4_us=2778471307 vdd=5.067 offset=0.5000 aref=3.145 loop_us_avg=93 loop_us_max=5428 loop_hz=10752 cycle_log_ms=1 n_cycle=4 cc=1 cc_hz=1025 cc_i_tgt=0.1000 cc_u=0.5000 cc_r=4.9879 cc_tau_ms=7.00
[  51.461] [ADC1] STATU
[  51.653] [STATUS] t_ms=2696712 hwm=7 cap=256 dropped=0 dropped_total=34991 crc_err=0 crc_err_total=0 rate1=512 rate2=512 prod1=512 prod2=512 dac_err=0 tx_drop=1034527 hb_ms=0 sma_state=6 m7_us=2781697115 m4_us=2779502769 vdd=5.067 offset=0.5000 aref=3.145 loop_us_avg=94 loop_us_max=7058 loop_hz=10638 cycle_log_ms=1 n_cycle=4 cc=1 cc_hz=1016 cc_i_tgt=0.1000 cc_u=0.5000 cc_r=5.0499 cc_tau_ms=7.00
[  52.412] S alarm(s)
[  52.412] [ADC1] STATU
[  52.663] [STATUS] t_ms=2697712 hwm=5 cap=256 dropped=0 dropped_total=34991 crc_err=0 crc_err_total=0 rate1=512 rate2=512 prod1=512 prod2=512 dac_err=0 tx_drop=1034527 hb_ms=0 sma_state=6 m7_us=2782728622 m4_us=2780534277 vdd=5.067 offset=0.5000 aref=3.145 loop_us_avg=93 loop_us_max=5400 loop_hz=10752 cycle_log_ms=1 n_cycle=4 cc=1 cc_hz=1025 cc_i_tgt=0.1000 cc_u=0.5189 cc_r=5.0353 cc_tau_ms=7.00
[  53.480] S al
[  53.480] _ALM
[  53.480] [ADC1] STATU
[  53.731] [STATUS] t_ms=2698712 hwm=5 cap=256 dropped=0 dropped_total=34991 crc_err=0 crc_err_total=0 rate1=512 rate2=512 prod1=512 prod2=512 dac_err=0 tx_drop=1034527 hb_ms=0 sma_state=6 m7_us=2783760157 m4_us=2781565809 vdd=5.067 offset=0.5000 aref=3.145 loop_us_avg=92 loop_us_max=5400 loop_hz=10869 cycle_log_ms=1 n_cycle=4 cc=1 cc_hz=1025 cc_i_tgt=0.1000 cc_u=0.5191 cc_r=4.9858 cc_tau_ms=7.00
[  54.487] S alarm(
[  54.487] [ADC1] STATU
[  54.739] [STATUS] t_ms=2699712 hwm=5 cap=256 dropped=0 dropped_total=34991 crc_err=0 crc_err_total=0 rate1=512 rate2=512 prod1=512 prod2=512 dac_err=0 tx_drop=1034527 hb_ms=0 sma_state=6 m7_us=2784791725 m4_us=2782597374 vdd=5.067 offset=0.5000 aref=3.145 loop_us_avg=93 loop_us_max=5409 loop_hz=10752 cycle_log_ms=1 n_cycle=4 cc=1 cc_hz=1025 cc_i_tgt=0.1000 cc_u=0.5000 cc_r=5.0287 cc_tau_ms=7.00
[  55.436] [ADC1] STATU
[  55.751] [STATUS] t_ms=2700712 hwm=5 cap=256 dropped=0 dropped_total=34991 crc_err=0 crc_err_total=0 rate1=512 rate2=512 prod1=512 prod2=512 dac_err=0 tx_drop=1034527 hb_ms=0 sma_state=6 m7_us=2785823266 m4_us=2783628904 vdd=5.067 offset=0.5000 aref=3.145 loop_us_avg=93 loop_us_max=5426 loop_hz=10752 cycle_log_ms=1 n_cycle=4 cc=1 cc_hz=1025 cc_i_tgt=0.1000 cc_u=0.5195 cc_r=5.0706 cc_tau_ms=7.00
[  56.444] S al
[  56.444] [ADC1] STATU
[  56.822] [STATUS] t_ms=2701712 hwm=5 cap=256 dropped=0 dropped_total=34991 crc_err=0 crc_err_total=0 rate1=512 rate2=512 prod1=512 prod2=512 dac_err=0 tx_drop=1034527 hb_ms=0 sma_state=6 m7_us=2786854775 m4_us=2784660430 vdd=5.067 offset=0.5000 aref=3.145 loop_us_avg=92 loop_us_max=5422 loop_hz=10869 cycle_log_ms=1 n_cycle=4 cc=1 cc_hz=1025 cc_i_tgt=0.1000 cc_u=0.5496 cc_r=5.1492 cc_tau_ms=7.00
[  57.453] S a
[  57.453] larm(s): 0xC9 PGA
[  57.453] L_ALM
[  57.453] [ADC1] STATU
[  57.831] [STATUS] t_ms=2702712 hwm=5 cap=256 dropped=0 dropped_total=34991 crc_err=0 crc_err_total=0 rate1=512 rate2=512 prod1=512 prod2=512 dac_err=0 tx_drop=1034527 hb_ms=0 sma_state=6 m7_us=2787886437 m4_us=2785691985 vdd=5.067 offset=0.5000 aref=3.145 loop_us_avg=94 loop_us_max=5490 loop_hz=10638 cycle_log_ms=1 n_cycle=4 cc=1 cc_hz=1025 cc_i_tgt=0.1000 cc_u=0.5354 cc_r=5.1772 cc_tau_ms=7.00
[  58.468] S alarm(s):
[  58.468] [
[  58.468] ADC1] STATU
[  58.847] [STATUS] t_ms=2703712 hwm=5 cap=256 dropped=0 dropped_total=34991 crc_err=0 crc_err_total=0 rate1=512 rate2=512 prod1=512 prod2=512 dac_err=0 tx_drop=1034527 hb_ms=0 sma_state=6 m7_us=2788917909 m4_us=2786723550 vdd=5.067 offset=0.5000 aref=3.145 loop_us_avg=93 loop_us_max=5517 loop_hz=10752 cycle_log_ms=1 n_cycle=4 cc=1 cc_hz=1025 cc_i_tgt=0.1000 cc_u=0.5375 cc_r=5.1153 cc_tau_ms=7.00
[  59.479] [ADC1] STAT
[  59.921] [STATUS] t_ms=2704712 hwm=5 cap=256 dropped=0 dropped_total=34991 crc_err=0 crc_err_total=0 rate1=512 rate2=512 prod1=512 prod2=512 dac_err=0 tx_drop=1034527 hb_ms=0 sma_state=6 m7_us=2789949377 m4_us=2787755029 vdd=5.067 offset=0.5000 aref=3.145 loop_us_avg=94 loop_us_max=5522 loop_hz=10638 cycle_log_ms=1 n_cycle=4 cc=1 cc_hz=1025 cc_i_tgt=0.1000 cc_u=0.5188 cc_r=5.1110 cc_tau_ms=7.00
[  60.491] [ADC1] STATU
[  60.933] [STATUS] t_ms=2705712 hwm=5 cap=256 dropped=0 dropped_total=34991 crc_err=0 crc_err_total=0 rate1=512 rate2=512 prod1=512 prod2=512 dac_err=0 tx_drop=1034527 hb_ms=0 sma_state=6 m7_us=2790980845 m4_us=2788786497 vdd=5.067 offset=0.5000 aref=3.145 loop_us_avg=94 loop_us_max=5397 loop_hz=10638 cycle_log_ms=1 n_cycle=4 cc=1 cc_hz=1025 cc_i_tgt=0.1000 cc_u=0.5073 cc_r=5.0476 cc_tau_ms=7.00
[  61.499] [ADC1] STATU
[  61.941] [STATUS] t_ms=2706712 hwm=5 cap=256 dropped=0 dropped_total=34991 crc_err=0 crc_err_total=0 rate1=512 rate2=512 prod1=512 prod2=512 dac_err=0 tx_drop=1034527 hb_ms=0 sma_state=6 m7_us=2792012307 m4_us=2789817966 vdd=5.067 offset=0.5000 aref=3.145 loop_us_avg=94 loop_us_max=5407 loop_hz=10638 cycle_log_ms=1 n_cycle=4 cc=1 cc_hz=1025 cc_i_tgt=0.1000 cc_u=0.5045 cc_r=5.0195 cc_tau_ms=7.00
[  62.509] [ADC1] STATU
[  62.757] [SMA] [ACT] heat n=5/6 I=150.0mA ms=200
[  62.947] [SMA] [ACT] cool n=5/6 I=100.0mA ms=15000
[  63.011] [STATUS] t_ms=2707712 hwm=5 cap=256 dropped=0 dropped_total=34991 crc_err=0 crc_err_total=0 rate1=512 rate2=511 prod1=512 prod2=511 dac_err=0 tx_drop=1034527 hb_ms=0 sma_state=6 m7_us=2793043159 m4_us=2790848381 vdd=5.067 offset=0.5000 aref=3.145 loop_us_avg=93 loop_us_max=5516 loop_hz=10752 cycle_log_ms=1 n_cycle=4 cc=1 cc_hz=1022 cc_i_tgt=0.1000 cc_u=0.5304 cc_r=4.9065 cc_tau_ms=7.00
[  63.515] [ADC1
[  63.515] ] STATU
[  64.022] [STATUS] t_ms=2708712 hwm=6 cap=256 dropped=0 dropped_total=34991 crc_err=0 crc_err_total=0 rate1=512 rate2=512 prod1=512 prod2=512 dac_err=0 tx_drop=1034527 hb_ms=0 sma_state=6 m7_us=2794074614 m4_us=2791879831 vdd=5.067 offset=0.5000 aref=3.145 loop_us_avg=93 loop_us_max=5450 loop_hz=10752 cycle_log_ms=1 n_cycle=4 cc=1 cc_hz=1026 cc_i_tgt=0.1000 cc_u=0.5029 cc_r=5.0184 cc_tau_ms=7.00
[  64.526] [ADC1] STATU
[  65.032] [STATUS] t_ms=2709712 hwm=6 cap=256 dropped=0 dropped_total=34991 crc_err=0 crc_err_total=0 rate1=512 rate2=513 prod1=512 prod2=513 dac_err=0 tx_drop=1034527 hb_ms=0 sma_state=6 m7_us=2795106850 m4_us=2792912321 vdd=5.067 offset=0.5000 aref=3.145 loop_us_avg=94 loop_us_max=5414 loop_hz=10638 cycle_log_ms=1 n_cycle=4 cc=1 cc_hz=1026 cc_i_tgt=0.1000 cc_u=0.5101 cc_r=5.1467 cc_tau_ms=7.00
[  65.535] [ADC1] STATU
[  66.102] [STATUS] t_ms=2710712 hwm=5 cap=256 dropped=0 dropped_total=34991 crc_err=0 crc_err_total=0 rate1=512 rate2=512 prod1=512 prod2=512 dac_err=0 tx_drop=1034527 hb_ms=0 sma_state=6 m7_us=2796138143 m4_us=2793943797 vdd=5.067 offset=0.5000 aref=3.145 loop_us_avg=93 loop_us_max=5578 loop_hz=10752 cycle_log_ms=1 n_cycle=4 cc=1 cc_hz=1025 cc_i_tgt=0.1000 cc_u=0.5151 cc_r=5.1164 cc_tau_ms=7.00
[  66.543] [ADC1] STATU
[  67.113] [STATUS] t_ms=2711712 hwm=5 cap=256 dropped=0 dropped_total=34991 crc_err=0 crc_err_total=0 rate1=512 rate2=512 prod1=512 prod2=512 dac_err=0 tx_drop=1034527 hb_ms=0 sma_state=6 m7_us=2797169595 m4_us=2794975249 vdd=5.067 offset=0.5000 aref=3.145 loop_us_avg=93 loop_us_max=5479 loop_hz=10752 cycle_log_ms=1 n_cycle=4 cc=1 cc_hz=1025 cc_i_tgt=0.1000 cc_u=0.5256 cc_r=5.1466 cc_tau_ms=7.00
[  67.556] [ADC1] STATU
[  68.124] [STATUS] t_ms=2712712 hwm=5 cap=256 dropped=0 dropped_total=34991 crc_err=0 crc_err_total=0 rate1=512 rate2=512 prod1=512 prod2=512 dac_err=0 tx_drop=1034527 hb_ms=0 sma_state=6 m7_us=2798201048 m4_us=2796006702 vdd=5.067 offset=0.5000 aref=3.145 loop_us_avg=93 loop_us_max=5400 loop_hz=10752 cycle_log_ms=1 n_cycle=4 cc=1 cc_hz=1025 cc_i_tgt=0.1000 cc_u=0.5000 cc_r=4.9615 cc_tau_ms=7.00
[  68.569] [ADC1] STATU
[  69.203] [STATUS] t_ms=2713712 hwm=5 cap=256 dropped=0 dropped_total=34991 crc_err=0 crc_err_total=0 rate1=512 rate2=512 prod1=512 prod2=512 dac_err=0 tx_drop=1034527 hb_ms=0 sma_state=6 m7_us=2799232521 m4_us=2797038174 vdd=5.067 offset=0.5000 aref=3.145 loop_us_avg=94 loop_us_max=5398 loop_hz=10638 cycle_log_ms=1 n_cycle=4 cc=1 cc_hz=1025 cc_i_tgt=0.1000 cc_u=0.5000 cc_r=4.9971 cc_tau_ms=7.00
[  69.584] [ADC1] STATU
[  70.211] [STATUS] t_ms=2714712 hwm=5 cap=256 dropped=0 dropped_total=34991 crc_err=0 crc_err_total=0 rate1=512 rate2=512 prod1=512 prod2=512 dac_err=0 tx_drop=1034527 hb_ms=0 sma_state=6 m7_us=2800263983 m4_us=2798069640 vdd=5.067 offset=0.5000 aref=3.145 loop_us_avg=93 loop_us_max=5525 loop_hz=10752 cycle_log_ms=1 n_cycle=4 cc=1 cc_hz=1025 cc_i_tgt=0.1000 cc_u=0.5104 cc_r=5.0264 cc_tau_ms=7.00
[  70.591] S alar
[  70.591] [ADC1] STATU
[  71.221] [STATUS] t_ms=2715712 hwm=5 cap=256 dropped=0 dropped_total=34991 crc_err=0 crc_err_total=0 rate1=512 rate2=512 prod1=512 prod2=512 dac_err=0 tx_drop=1034527 hb_ms=0 sma_state=6 m7_us=2801295406 m4_us=2799101057 vdd=5.067 offset=0.5000 aref=3.145 loop_us_avg=93 loop_us_max=5405 loop_hz=10752 cycle_log_ms=1 n_cycle=4 cc=1 cc_hz=1025 cc_i_tgt=0.1000 cc_u=0.5173 cc_r=5.0605 cc_tau_ms=7.00
[  71.601] S alarm(s):
[  71.601] [
[  71.601] ADC1] STATU
[  72.297] [STATUS] t_ms=2716712 hwm=5 cap=256 dropped=0 dropped_total=34991 crc_err=0 crc_err_total=0 rate1=512 rate2=512 prod1=512 prod2=512 dac_err=0 tx_drop=1034527 hb_ms=0 sma_state=6 m7_us=2802326854 m4_us=2800132494 vdd=5.067 offset=0.5000 aref=3.145 loop_us_avg=93 loop_us_max=5412 loop_hz=10752 cycle_log_ms=1 n_cycle=4 cc=1 cc_hz=1025 cc_i_tgt=0.1000 cc_u=0.5000 cc_r=5.0150 cc_tau_ms=7.00
[  72.614] [ADC1] STATU
[  73.305] [STATUS] t_ms=2717712 hwm=5 cap=256 dropped=0 dropped_total=34991 crc_err=0 crc_err_total=0 rate1=512 rate2=512 prod1=512 prod2=512 dac_err=0 tx_drop=1034527 hb_ms=0 sma_state=6 m7_us=2803358313 m4_us=2801163963 vdd=5.067 offset=0.5000 aref=3.145 loop_us_avg=94 loop_us_max=5406 loop_hz=10638 cycle_log_ms=1 n_cycle=4 cc=1 cc_hz=1025 cc_i_tgt=0.1000 cc_u=0.5000 cc_r=5.0953 cc_tau_ms=7.00
[  73.618] [ADC1] STATU
[  74.314] [STATUS] t_ms=2718712 hwm=5 cap=256 dropped=0 dropped_total=34991 crc_err=0 crc_err_total=0 rate1=512 rate2=512 prod1=512 prod2=512 dac_err=0 tx_drop=1034527 hb_ms=0 sma_state=6 m7_us=2804389786 m4_us=2802195432 vdd=5.067 offset=0.5000 aref=3.145 loop_us_avg=94 loop_us_max=5411 loop_hz=10638 cycle_log_ms=1 n_cycle=4 cc=1 cc_hz=1025 cc_i_tgt=0.1000 cc_u=0.5120 cc_r=4.9938 cc_tau_ms=7.00
[  74.631] [ADC1] STAT
[  75.386] [STATUS] t_ms=2719712 hwm=5 cap=256 dropped=0 dropped_total=34991 crc_err=0 crc_err_total=0 rate1=512 rate2=512 prod1=512 prod2=512 dac_err=0 tx_drop=1034527 hb_ms=0 sma_state=6 m7_us=2805421242 m4_us=2803226891 vdd=5.067 offset=0.5000 aref=3.145 loop_us_avg=93 loop_us_max=5402 loop_hz=10752 cycle_log_ms=1 n_cycle=4 cc=1 cc_hz=1025 cc_i_tgt=0.1000 cc_u=0.5003 cc_r=5.0422 cc_tau_ms=7.00
[  75.638] [ADC1] STATU
[  76.397] [STATUS] t_ms=2720712 hwm=5 cap=256 dropped=0 dropped_total=34991 crc_err=0 crc_err_total=0 rate1=512 rate2=512 prod1=512 prod2=512 dac_err=0 tx_drop=1034527 hb_ms=0 sma_state=6 m7_us=2806452747 m4_us=2804258334 vdd=5.067 offset=0.5000 aref=3.145 loop_us_avg=93 loop_us_max=5426 loop_hz=10752 cycle_log_ms=1 n_cycle=4 cc=1 cc_hz=1025 cc_i_tgt=0.1000 cc_u=0.5109 cc_r=5.0432 cc_tau_ms=7.00
[  76.586] S alarm(s
[  76.649] [ADC1] STATU
[  77.405] [STATUS] t_ms=2721712 hwm=5 cap=256 dropped=0 dropped_total=34991 crc_err=0 crc_err_total=0 rate1=512 rate2=512 prod1=512 prod2=512 dac_err=0 tx_drop=1034527 hb_ms=0 sma_state=6 m7_us=2807484115 m4_us=2805289765 vdd=5.067 offset=0.5000 aref=3.145 loop_us_avg=94 loop_us_max=5450 loop_hz=10638 cycle_log_ms=1 n_cycle=4 cc=1 cc_hz=1025 cc_i_tgt=0.1000 cc_u=0.5264 cc_r=5.0359 cc_tau_ms=7.00
[  77.596] ALM
[  77.596] [ADC1] STATU
[  78.413] [SMA] [ACT] heat n=6/6 I=150.0mA ms=200
[  78.477] [STATUS] t_ms=2722712 hwm=5 cap=256 dropped=0 dropped_total=34991 crc_err=0 crc_err_total=0 rate1=512 rate2=511 prod1=512 prod2=511 dac_err=0 tx_drop=1034527 hb_ms=0 sma_state=5 m7_us=2808514990 m4_us=2806320199 vdd=5.067 offset=0.5000 aref=3.145 loop_us_avg=94 loop_us_max=5401 loop_hz=10638 cycle_log_ms=1 n_cycle=4 cc=1 cc_hz=1023 cc_i_tgt=0.1500 cc_u=0.7166 cc_r=4.9388 cc_tau_ms=7.00
[  78.663] [ADC1] STATU
[  78.663] [SMA] [ACT] cool n=6/6 I=100.0mA ms=15000
[  79.484] [STATUS] t_ms=2723712 hwm=6 cap=256 dropped=0 dropped_total=34991 crc_err=0 crc_err_total=0 rate1=512 rate2=512 prod1=512 prod2=512 dac_err=0 tx_drop=1034527 hb_ms=0 sma_state=6 m7_us=2809546322 m4_us=2807351629 vdd=5.067 offset=0.5000 aref=3.145 loop_us_avg=92 loop_us_max=5410 loop_hz=10869 cycle_log_ms=1 n_cycle=4 cc=1 cc_hz=1025 cc_i_tgt=0.1000 cc_u=0.5198 cc_r=5.0946 cc_tau_ms=7.00
[  79.611] [ADC1] STATU
[  80.501] [STATUS] t_ms=2724712 hwm=6 cap=256 dropped=0 dropped_total=34991 crc_err=0 crc_err_total=0 rate1=512 rate2=512 prod1=512 prod2=512 dac_err=0 tx_drop=1034527 hb_ms=0 sma_state=6 m7_us=2810577854 m4_us=2808383072 vdd=5.067 offset=0.5000 aref=3.145 loop_us_avg=93 loop_us_max=5326 loop_hz=10752 cycle_log_ms=1 n_cycle=4 cc=1 cc_hz=1025 cc_i_tgt=0.1000 cc_u=0.5274 cc_r=5.1514 cc_tau_ms=7.00
[  80.625] S alarm(
[  80.625] [ADC1] STATU
[  81.574] [STATUS] t_ms=2725712 hwm=6 cap=256 dropped=0 dropped_total=34991 crc_err=0 crc_err_total=0 rate1=512 rate2=512 prod1=512 prod2=512 dac_err=0 tx_drop=1034527 hb_ms=0 sma_state=6 m7_us=2811609302 m4_us=2809414528 vdd=5.067 offset=0.5000 aref=3.145 loop_us_avg=94 loop_us_max=5423 loop_hz=10638 cycle_log_ms=1 n_cycle=4 cc=1 cc_hz=1025 cc_i_tgt=0.1000 cc_u=0.5067 cc_r=5.0395 cc_tau_ms=7.00
[  81.636] [ADC1] STATU
[  82.585] [STATUS] t_ms=2726712 hwm=6 cap=256 dropped=0 dropped_total=34991 crc_err=0 crc_err_total=0 rate1=512 rate2=512 prod1=512 prod2=512 dac_err=0 tx_drop=1034527 hb_ms=0 sma_state=6 m7_us=2812640781 m4_us=2810446004 vdd=5.067 offset=0.5000 aref=3.145 loop_us_avg=94 loop_us_max=5414 loop_hz=10638 cycle_log_ms=1 n_cycle=4 cc=1 cc_hz=1025 cc_i_tgt=0.1000 cc_u=0.5000 cc_r=4.9971 cc_tau_ms=7.00
[  82.648] [ADC1] STATU
[  83.651] [STATUS] t_ms=2727712 hwm=6 cap=256 dropped=0 dropped_total=34991 crc_err=0 crc_err_total=0 rate1=512 rate2=512 prod1=512 prod2=512 dac_err=0 tx_drop=1034527 hb_ms=0 sma_state=6 m7_us=2813672221 m4_us=2811477444 vdd=5.067 offset=0.5000 aref=3.145 loop_us_avg=93 loop_us_max=5401 loop_hz=10752 cycle_log_ms=1 n_cycle=4 cc=1 cc_hz=1025 cc_i_tgt=0.1000 cc_u=0.5250 cc_r=5.0585 cc_tau_ms=7.00
[  83.651] [ADC1] STATU
[  84.664] [STATUS] t_ms=2728712 hwm=6 cap=256 dropped=0 dropped_total=34991 crc_err=0 crc_err_total=0 rate1=512 rate2=512 prod1=512 prod2=512 dac_err=0 tx_drop=1034527 hb_ms=0 sma_state=6 m7_us=2814703693 m4_us=2812508912 vdd=5.067 offset=0.5000 aref=3.145 loop_us_avg=94 loop_us_max=5417 loop_hz=10638 cycle_log_ms=1 n_cycle=4 cc=1 cc_hz=1025 cc_i_tgt=0.1000 cc_u=0.5158 cc_r=5.0965 cc_tau_ms=7.00
[  84.664] [ADC1] STATU
[  85.666] [STATUS] t_ms=2729712 hwm=6 cap=256 dropped=0 dropped_total=34991 crc_err=0 crc_err_total=0 rate1=512 rate2=512 prod1=512 prod2=512 dac_err=0 tx_drop=1034527 hb_ms=0 sma_state=6 m7_us=2815735168 m4_us=2813540362 vdd=5.067 offset=0.5000 aref=3.145 loop_us_avg=93 loop_us_max=5404 loop_hz=10752 cycle_log_ms=1 n_cycle=4 cc=1 cc_hz=1025 cc_i_tgt=0.1000 cc_u=0.5000 cc_r=4.9770 cc_tau_ms=7.00
[  85.666] [ADC1] STAT
[  86.678] [ADC1] STATU
[  86.741] [STATUS] t_ms=2730712 hwm=6 cap=256 dropped=0 dropped_total=34991 crc_err=0 crc_err_total=0 rate1=512 rate2=513 prod1=512 prod2=513 dac_err=0 tx_drop=1034527 hb_ms=0 sma_state=6 m7_us=2816767207 m4_us=2814572849 vdd=5.067 offset=0.5000 aref=3.145 loop_us_avg=94 loop_us_max=5435 loop_hz=10638 cycle_log_ms=1 n_cycle=4 cc=1 cc_hz=1026 cc_i_tgt=0.1000 cc_u=0.5089 cc_r=5.1190 cc_tau_ms=7.00
[  87.684] [ADC1] STATU
[  87.746] [STATUS] t_ms=2731712 hwm=5 cap=256 dropped=0 dropped_total=34991 crc_err=0 crc_err_total=0 rate1=512 rate2=512 prod1=512 prod2=512 dac_err=0 tx_drop=1034527 hb_ms=0 sma_state=6 m7_us=2817798624 m4_us=2815604273 vdd=5.067 offset=0.5000 aref=3.145 loop_us_avg=92 loop_us_max=5419 loop_hz=10869 cycle_log_ms=1 n_cycle=4 cc=1 cc_hz=1025 cc_i_tgt=0.1000 cc_u=0.5000 cc_r=5.0450 cc_tau_ms=7.00
[  88.695] S alarm(s): 0
[  88.695] [ADC1] STATU
[  88.759] [STATUS] t_ms=2732712 hwm=5 cap=256 dropped=0 dropped_total=34991 crc_err=0 crc_err_total=0 rate1=512 rate2=512 prod1=512 prod2=512 dac_err=0 tx_drop=1034527 hb_ms=0 sma_state=6 m7_us=2818830064 m4_us=2816635713 vdd=5.067 offset=0.5000 aref=3.145 loop_us_avg=94 loop_us_max=5431 loop_hz=10638 cycle_log_ms=1 n_cycle=4 cc=1 cc_hz=1025 cc_i_tgt=0.1000 cc_u=0.5448 cc_r=5.0639 cc_tau_ms=7.00
[  89.827] ALM
[  89.827] [ADC1] STAT
[  89.827] [STATUS] t_ms=2733712 hwm=5 cap=256 dropped=0 dropped_total=34991 crc_err=0 crc_err_total=0 rate1=512 rate2=512 prod1=512 prod2=512 dac_err=0 tx_drop=1034527 hb_ms=0 sma_state=6 m7_us=2819861530 m4_us=2817667185 vdd=5.067 offset=0.5000 aref=3.145 loop_us_avg=94 loop_us_max=5404 loop_hz=10638 cycle_log_ms=1 n_cycle=4 cc=1 cc_hz=1025 cc_i_tgt=0.1000 cc_u=0.5020 cc_r=5.0688 cc_tau_ms=7.00
[  90.702] [ADC1] STATU
[  90.828] [STATUS] t_ms=2734712 hwm=5 cap=256 dropped=0 dropped_total=34991 crc_err=0 crc_err_total=0 rate1=512 rate2=511 prod1=512 prod2=511 dac_err=0 tx_drop=1034527 hb_ms=0 sma_state=6 m7_us=2820892402 m4_us=2818697626 vdd=5.067 offset=0.5000 aref=3.145 loop_us_avg=93 loop_us_max=5573 loop_hz=10752 cycle_log_ms=1 n_cycle=4 cc=1 cc_hz=1024 cc_i_tgt=0.1000 cc_u=0.5000 cc_r=4.9557 cc_tau_ms=7.00
[  91.714] [ADC1] STATU
[  91.843] [STATUS] t_ms=2735712 hwm=6 cap=256 dropped=0 dropped_total=34991 crc_err=0 crc_err_total=0 rate1=512 rate2=512 prod1=512 prod2=512 dac_err=0 tx_drop=1034527 hb_ms=0 sma_state=6 m7_us=2821923845 m4_us=2819729066 vdd=5.067 offset=0.5000 aref=3.145 loop_us_avg=94 loop_us_max=5408 loop_hz=10638 cycle_log_ms=1 n_cycle=4 cc=1 cc_hz=1025 cc_i_tgt=0.1000 cc_u=0.5076 cc_r=4.9878 cc_tau_ms=7.00
[  92.720] [ADC1] STATU
[  92.908] [STATUS] t_ms=2736712 hwm=6 cap=256 dropped=0 dropped_total=34991 crc_err=0 crc_err_total=0 rate1=512 rate2=512 prod1=512 prod2=512 dac_err=0 tx_drop=1034527 hb_ms=0 sma_state=6 m7_us=2822955303 m4_us=2820760522 vdd=5.067 offset=0.5000 aref=3.145 loop_us_avg=93 loop_us_max=5401 loop_hz=10752 cycle_log_ms=1 n_cycle=4 cc=1 cc_hz=1025 cc_i_tgt=0.1000 cc_u=0.5324 cc_r=5.1535 cc_tau_ms=7.00
[  93.731] S ala
[  93.731] M
[  93.731] [ADC1] STATU
[  93.920] [STATUS] t_ms=2737712 hwm=6 cap=256 dropped=0 dropped_total=34991 crc_err=0 crc_err_total=0 rate1=512 rate2=512 prod1=512 prod2=512 dac_err=0 tx_drop=1034527 hb_ms=0 sma_state=6 m7_us=2823986787 m4_us=2821792004 vdd=5.067 offset=0.5000 aref=3.145 loop_us_avg=93 loop_us_max=5493 loop_hz=10752 cycle_log_ms=1 n_cycle=4 cc=1 cc_hz=1026 cc_i_tgt=0.1000 cc_u=0.5139 cc_r=5.0744 cc_tau_ms=7.00
[  94.109] [SMA] [ACT] -> idle (done) after 6 cycle(s); still armed
