[   0.065] [SMA] ARMED (MOSFET on); idle=0.500 V
[   0.065] AT
[   0.065] US alarm(s): 0
[   0.065] [AD
[   0.065] C1] ST
[   0.066] [STATUS] t_ms=3109742 hwm=5 cap=256 dropped=0 dropped_total=38030 crc_err=0 crc_err_total=0 rate1=512 rate2=512 prod1=512 prod2=512 dac_err=0 tx_drop=1034527 hb_ms=0 sma_state=0 m7_us=3207779409 m4_us=3205585019 vdd=5.067 offset=0.5000 aref=3.145 loop_us_avg=21 loop_us_max=4630 loop_hz=47619 cycle_log_ms=1 n_cycle=4 cc=0 cc_hz=0 cc_i_tgt=0.1000 cc_u=0.5000 cc_r=5.0043 cc_tau_ms=7.00
[   0.886] [ADC1] S
[   1.078] [STATUS] t_ms=3110742 hwm=5 cap=256 dropped=0 dropped_total=38030 crc_err=0 crc_err_total=0 rate1=512 rate2=512 prod1=512 prod2=512 dac_err=0 tx_drop=1034527 hb_ms=0 sma_state=0 m7_us=3208811254 m4_us=3206616862 vdd=5.067 offset=0.5000 aref=3.145 loop_us_avg=22 loop_us_max=4635 loop_hz=45454 cycle_log_ms=1 n_cycle=4 cc=0 cc_hz=0 cc_i_tgt=0.1000 cc_u=0.5000 cc_r=5.0043 cc_tau_ms=7.00
[   1.895] TATUS a
[   1.895] larm(s): 0x9 PG
[   1.895] AL_ALM
[   1.895] [ADC1]
[   1.895] ST
[   0.061] [SMA] [CC] start i_high=550.0mA i_low=100.0mA t_high=200 t_idle=15000 n=6 (0=cont) tau_ms=7.0 wdt_ms=5000
[   0.061] [SMA] [ACT] heat n=1/6 I=550.0mA ms=200
[   0.061] [STATUS] t_ms=3111742 hwm=5 cap=256 dropped=0 dropped_total=38030 crc_err=0 crc_err_total=0 rate1=513 rate2=512 prod1=513 prod2=512 dac_err=0 tx_drop=1034527 hb_ms=0 sma_state=5 m7_us=3209843765 m4_us=3207649728 vdd=5.067 offset=0.5000 aref=3.145 loop_us_avg=23 loop_us_max=4634 loop_hz=43478 cycle_log_ms=1 n_cycle=4 cc=1 cc_hz=46 cc_i_tgt=0.5500 cc_u=0.6595 cc_r=0.0000 cc_tau_ms=7.00
[   0.249] [SMA] [ACT] cool n=1/6 I=100.0mA ms=15000
[   0.875] ATUS alar
[   0.875] [ADC1] ST
[   1.123] [STATUS] t_ms=3112742 hwm=5 cap=256 dropped=0 dropped_total=38030 crc_err=0 crc_err_total=0 rate1=511 rate2=512 prod1=511 prod2=512 dac_err=0 tx_drop=1034527 hb_ms=0 sma_state=6 m7_us=3210874999 m4_us=3208680507 vdd=5.067 offset=0.5000 aref=3.145 loop_us_avg=87 loop_us_max=5388 loop_hz=11494 cycle_log_ms=1 n_cycle=4 cc=1 cc_hz=1025 cc_i_tgt=0.1000 cc_u=0.5000 cc_r=5.2965 cc_tau_ms=7.00
[   1.883] ATU
[   1.883] S alarm(s): 0xC9
[   1.883] [ADC1] ST
[   2.136] [STATUS] t_ms=3113742 hwm=5 cap=256 dropped=0 dropped_total=38030 crc_err=0 crc_err_total=0 rate1=513 rate2=512 prod1=513 prod2=512 dac_err=0 tx_drop=1034527 hb_ms=0 sma_state=6 m7_us=3211907255 m4_us=3209713200 vdd=5.067 offset=0.5000 aref=3.145 loop_us_avg=94 loop_us_max=5403 loop_hz=10638 cycle_log_ms=1 n_cycle=4 cc=1 cc_hz=1026 cc_i_tgt=0.1000 cc_u=0.5000 cc_r=5.0087 cc_tau_ms=7.00
[   2.894] [ADC1] ST
[   3.210] [STATUS] t_ms=3114742 hwm=5 cap=256 dropped=0 dropped_total=38030 crc_err=0 crc_err_total=0 rate1=512 rate2=512 prod1=512 prod2=512 dac_err=0 tx_drop=1034527 hb_ms=0 sma_state=6 m7_us=3212939278 m4_us=3210744896 vdd=5.067 offset=0.5000 aref=3.145 loop_us_avg=94 loop_us_max=5399 loop_hz=10638 cycle_log_ms=1 n_cycle=4 cc=1 cc_hz=1026 cc_i_tgt=0.1000 cc_u=0.5105 cc_r=5.0317 cc_tau_ms=7.00
[   3.904] [ADC1] ST
[   4.218] [STATUS] t_ms=3115742 hwm=5 cap=256 dropped=0 dropped_total=38030 crc_err=0 crc_err_total=0 rate1=512 rate2=512 prod1=512 prod2=512 dac_err=0 tx_drop=1034527 hb_ms=0 sma_state=6 m7_us=3213970616 m4_us=3211776535 vdd=5.067 offset=0.5000 aref=3.145 loop_us_avg=94 loop_us_max=5415 loop_hz=10638 cycle_log_ms=1 n_cycle=4 cc=1 cc_hz=1025 cc_i_tgt=0.1000 cc_u=0.5244 cc_r=5.0867 cc_tau_ms=7.00
[   4.910] ATUS alarm(s):
[   4.910] [
[   4.910] ADC1] S
[   5.223] [STATUS] t_ms=3116742 hwm=5 cap=256 dropped=0 dropped_total=38030 crc_err=0 crc_err_total=0 rate1=512 rate2=512 prod1=512 prod2=512 dac_err=0 tx_drop=1034527 hb_ms=0 sma_state=6 m7_us=3215002182 m4_us=3212808128 vdd=5.067 offset=0.5000 aref=3.145 loop_us_avg=94 loop_us_max=5410 loop_hz=10638 cycle_log_ms=1 n_cycle=4 cc=1 cc_hz=1025 cc_i_tgt=0.1000 cc_u=0.5011 cc_r=5.0871 cc_tau_ms=7.00
[   5.917] [AD
[   5.917] C1] ST
[   6.292] [STATUS] t_ms=3117742 hwm=5 cap=256 dropped=0 dropped_total=38030 crc_err=0 crc_err_total=0 rate1=512 rate2=512 prod1=512 prod2=512 dac_err=0 tx_drop=1034527 hb_ms=0 sma_state=6 m7_us=3216033812 m4_us=3213839754 vdd=5.067 offset=0.5000 aref=3.145 loop_us_avg=92 loop_us_max=5399 loop_hz=10869 cycle_log_ms=1 n_cycle=4 cc=1 cc_hz=1025 cc_i_tgt=0.1000 cc_u=0.5489 cc_r=5.2495 cc_tau_ms=7.00
[   6.926] [ADC1] ST
[   7.304] [STATUS] t_ms=3118742 hwm=5 cap=256 dropped=0 dropped_total=38030 crc_err=0 crc_err_total=0 rate1=512 rate2=512 prod1=512 prod2=512 dac_err=0 tx_drop=1034527 hb_ms=0 sma_state=6 m7_us=3217065438 m4_us=3214871386 vdd=5.067 offset=0.5000 aref=3.145 loop_us_avg=93 loop_us_max=5429 loop_hz=10752 cycle_log_ms=1 n_cycle=4 cc=1 cc_hz=1025 cc_i_tgt=0.1000 cc_u=0.5002 cc_r=5.0333 cc_tau_ms=7.00
[   8.016] [ADC1] ST
[   8.331] [STATUS] t_ms=3119742 hwm=5 cap=256 dropped=0 dropped_total=38030 crc_err=0 crc_err_total=0 rate1=512 rate2=512 prod1=512 prod2=512 dac_err=0 tx_drop=1034527 hb_ms=0 sma_state=6 m7_us=3218097070 m4_us=3215903008 vdd=5.067 offset=0.5000 aref=3.145 loop_us_avg=92 loop_us_max=5401 loop_hz=10869 cycle_log_ms=1 n_cycle=4 cc=1 cc_hz=1025 cc_i_tgt=0.1000 cc_u=0.5248 cc_r=5.0751 cc_tau_ms=7.00
[   8.963] [ADC1] ST
[   9.341] [STATUS] t_ms=3120742 hwm=5 cap=256 dropped=0 dropped_total=38030 crc_err=0 crc_err_total=0 rate1=512 rate2=512 prod1=512 prod2=512 dac_err=0 tx_drop=1034527 hb_ms=0 sma_state=6 m7_us=3219128702 m4_us=3216934653 vdd=5.067 offset=0.5000 aref=3.145 loop_us_avg=92 loop_us_max=5404 loop_hz=10869 cycle_log_ms=1 n_cycle=4 cc=1 cc_hz=1026 cc_i_tgt=0.1000 cc_u=0.5105 cc_r=5.0302 cc_tau_ms=7.00
[   9.974] ATUS al
[   9.974] [ADC1] S
[  10.413] [STATUS] t_ms=3121742 hwm=5 cap=256 dropped=0 dropped_total=38030 crc_err=0 crc_err_total=0 rate1=512 rate2=512 prod1=512 prod2=512 dac_err=0 tx_drop=1034527 hb_ms=0 sma_state=6 m7_us=3220160304 m4_us=3217966240 vdd=5.067 offset=0.5000 aref=3.145 loop_us_avg=92 loop_us_max=5404 loop_hz=10869 cycle_log_ms=1 n_cycle=4 cc=1 cc_hz=1025 cc_i_tgt=0.1000 cc_u=0.5000 cc_r=5.0095 cc_tau_ms=7.00
[  10.981] TATUS alarm
[  10.981] [ADC1] ST
[  11.423] [STATUS] t_ms=3122742 hwm=5 cap=256 dropped=0 dropped_total=38030 crc_err=0 crc_err_total=0 rate1=512 rate2=512 prod1=512 prod2=512 dac_err=0 tx_drop=1034527 hb_ms=0 sma_state=6 m7_us=3221191865 m4_us=3218997792 vdd=5.067 offset=0.5000 aref=3.145 loop_us_avg=93 loop_us_max=5410 loop_hz=10752 cycle_log_ms=1 n_cycle=4 cc=1 cc_hz=1025 cc_i_tgt=0.1000 cc_u=0.5342 cc_r=5.1246 cc_tau_ms=7.00
[  11.997] [ADC1] ST
[  12.441] [STATUS] t_ms=3123742 hwm=5 cap=256 dropped=0 dropped_total=38030 crc_err=0 crc_err_total=0 rate1=512 rate2=512 prod1=512 prod2=512 dac_err=0 tx_drop=1034527 hb_ms=0 sma_state=6 m7_us=3222223427 m4_us=3220029364 vdd=5.067 offset=0.5000 aref=3.145 loop_us_avg=93 loop_us_max=5405 loop_hz=10752 cycle_log_ms=1 n_cycle=4 cc=1 cc_hz=1025 cc_i_tgt=0.1000 cc_u=0.5032 cc_r=5.0998 cc_tau_ms=7.00
[  13.009] [ADC1] ST
[  13.514] [STATUS] t_ms=3124742 hwm=5 cap=256 dropped=0 dropped_total=38030 crc_err=0 crc_err_total=0 rate1=512 rate2=512 prod1=512 prod2=512 dac_err=0 tx_drop=1034527 hb_ms=0 sma_state=6 m7_us=3223255002 m4_us=3221060944 vdd=5.067 offset=0.5000 aref=3.145 loop_us_avg=94 loop_us_max=5404 loop_hz=10638 cycle_log_ms=1 n_cycle=4 cc=1 cc_hz=1025 cc_i_tgt=0.1000 cc_u=0.5158 cc_r=5.0099 cc_tau_ms=7.00
[  13.956] [ADC1] ST
[  14.527] [STATUS] t_ms=3125742 hwm=5 cap=256 dropped=0 dropped_total=38030 crc_err=0 crc_err_total=0 rate1=512 rate2=512 prod1=512 prod2=512 dac_err=0 tx_drop=1034527 hb_ms=0 sma_state=6 m7_us=3224286631 m4_us=3222092544 vdd=5.067 offset=0.5000 aref=3.145 loop_us_avg=93 loop_us_max=5411 loop_hz=10752 cycle_log_ms=1 n_cycle=4 cc=1 cc_hz=1025 cc_i_tgt=0.1000 cc_u=0.5087 cc_r=5.0491 cc_tau_ms=7.00
[  14.966] [ADC1] ST
[  15.534] [STATUS] t_ms=3126742 hwm=5 cap=256 dropped=0 dropped_total=38030 crc_err=0 crc_err_total=0 rate1=512 rate2=512 prod1=512 prod2=512 dac_err=0 tx_drop=1034527 hb_ms=0 sma_state=6 m7_us=3225318235 m4_us=3223124160 vdd=5.067 offset=0.5000 aref=3.145 loop_us_avg=93 loop_us_max=5431 loop_hz=10752 cycle_log_ms=1 n_cycle=4 cc=1 cc_hz=1025 cc_i_tgt=0.1000 cc_u=0.5191 cc_r=5.0825 cc_tau_ms=7.00
[  15.722] [SMA] [ACT] heat n=2/6 I=550.0mA ms=200
[  15.912] [SMA] [ACT] cool n=2/6 I=100.0mA ms=15000
[  15.976] [ADC1] ST
[  16.609] [STATUS] t_ms=3127742 hwm=5 cap=256 dropped=0 dropped_total=38030 crc_err=0 crc_err_total=0 rate1=512 rate2=512 prod1=512 prod2=512 dac_err=0 tx_drop=1034527 hb_ms=0 sma_state=6 m7_us=3226349893 m4_us=3224155837 vdd=5.067 offset=0.5000 aref=3.145 loop_us_avg=94 loop_us_max=5421 loop_hz=10638 cycle_log_ms=1 n_cycle=4 cc=1 cc_hz=1023 cc_i_tgt=0.1000 cc_u=0.5080 cc_r=4.9605 cc_tau_ms=7.00
[  16.991] ATUS a
[  16.991] [ADC1] ST
[  17.624] [STATUS] t_ms=3128742 hwm=5 cap=256 dropped=0 dropped_total=38030 crc_err=0 crc_err_total=0 rate1=512 rate2=512 prod1=512 prod2=512 dac_err=0 tx_drop=1034527 hb_ms=0 sma_state=6 m7_us=3227381544 m4_us=3225187482 vdd=5.067 offset=0.5000 aref=3.145 loop_us_avg=93 loop_us_max=5406 loop_hz=10752 cycle_log_ms=1 n_cycle=4 cc=1 cc_hz=1025 cc_i_tgt=0.1000 cc_u=0.5133 cc_r=5.0412 cc_tau_ms=7.00
[  18.000] [ADC1] ST
[  18.626] [STATUS] t_ms=3129742 hwm=5 cap=256 dropped=0 dropped_total=38030 crc_err=0 crc_err_total=0 rate1=512 rate2=512 prod1=512 prod2=512 dac_err=0 tx_drop=1034527 hb_ms=0 sma_state=6 m7_us=3228413181 m4_us=3226219120 vdd=5.067 offset=0.5000 aref=3.145 loop_us_avg=94 loop_us_max=5414 loop_hz=10638 cycle_log_ms=1 n_cycle=4 cc=1 cc_hz=1025 cc_i_tgt=0.1000 cc_u=0.5134 cc_r=5.0386 cc_tau_ms=7.00
[  19.005] [ADC1] ST
[  19.696] [STATUS] t_ms=3130742 hwm=5 cap=256 dropped=0 dropped_total=38030 crc_err=0 crc_err_total=0 rate1=512 rate2=512 prod1=512 prod2=512 dac_err=0 tx_drop=1034527 hb_ms=0 sma_state=6 m7_us=3229444789 m4_us=3227250720 vdd=5.067 offset=0.5000 aref=3.145 loop_us_avg=94 loop_us_max=5408 loop_hz=10638 cycle_log_ms=1 n_cycle=4 cc=1 cc_hz=1025 cc_i_tgt=0.1000 cc_u=0.5000 cc_r=5.0316 cc_tau_ms=7.00
[  20.011] [ADC1] ST
[  20.705] [STATUS] t_ms=3131742 hwm=5 cap=256 dropped=0 dropped_total=38030 crc_err=0 crc_err_total=0 rate1=512 rate2=512 prod1=512 prod2=512 dac_err=0 tx_drop=1034527 hb_ms=0 sma_state=6 m7_us=3230476393 m4_us=3228282327 vdd=5.067 offset=0.5000 aref=3.145 loop_us_avg=93 loop_us_max=5409 loop_hz=10752 cycle_log_ms=1 n_cycle=4 cc=1 cc_hz=1025 cc_i_tgt=0.1000 cc_u=0.5029 cc_r=5.0106 cc_tau_ms=7.00
[  21.019] ATU
[  21.019] [ADC1] ST
[  21.777] [STATUS] t_ms=3132742 hwm=5 cap=256 dropped=0 dropped_total=38030 crc_err=0 crc_err_total=0 rate1=512 rate2=512 prod1=512 prod2=512 dac_err=0 tx_drop=1034527 hb_ms=0 sma_state=6 m7_us=3231507977 m4_us=3229313914 vdd=5.067 offset=0.5000 aref=3.145 loop_us_avg=93 loop_us_max=5406 loop_hz=10752 cycle_log_ms=1 n_cycle=4 cc=1 cc_hz=1025 cc_i_tgt=0.1000 cc_u=0.5000 cc_r=4.9084 cc_tau_ms=7.00
[  22.030] ATUS a
[  22.030] [ADC1] ST
[  22.792] [STATUS] t_ms=3133742 hwm=5 cap=256 dropped=0 dropped_total=38030 crc_err=0 crc_err_total=0 rate1=512 rate2=512 prod1=512 prod2=512 dac_err=0 tx_drop=1034527 hb_ms=0 sma_state=6 m7_us=3232539557 m4_us=3230345498 vdd=5.067 offset=0.5000 aref=3.145 loop_us_avg=94 loop_us_max=5402 loop_hz=10638 cycle_log_ms=1 n_cycle=4 cc=1 cc_hz=1025 cc_i_tgt=0.1000 cc_u=0.5456 cc_r=5.2407 cc_tau_ms=7.00
[  23.044] [ADC1] ST
[  23.800] [STATUS] t_ms=3134742 hwm=5 cap=256 dropped=0 dropped_total=38030 crc_err=0 crc_err_total=0 rate1=512 rate2=512 prod1=512 prod2=512 dac_err=0 tx_drop=1034527 hb_ms=0 sma_state=6 m7_us=3233571110 m4_us=3231377050 vdd=5.067 offset=0.5000 aref=3.145 loop_us_avg=93 loop_us_max=5409 loop_hz=10752 cycle_log_ms=1 n_cycle=4 cc=1 cc_hz=1025 cc_i_tgt=0.1000 cc_u=0.5000 cc_r=5.0693 cc_tau_ms=7.00
[  24.051] [ADC1] S
[  24.871] [STATUS] t_ms=3135742 hwm=5 cap=256 dropped=0 dropped_total=38030 crc_err=0 crc_err_total=0 rate1=512 rate2=512 prod1=512 prod2=512 dac_err=0 tx_drop=1034527 hb_ms=0 sma_state=6 m7_us=3234602674 m4_us=3232408618 vdd=5.067 offset=0.5000 aref=3.145 loop_us_avg=94 loop_us_max=5413 loop_hz=10638 cycle_log_ms=1 n_cycle=4 cc=1 cc_hz=1025 cc_i_tgt=0.1000 cc_u=0.5210 cc_r=5.1052 cc_tau_ms=7.00
[  25.058] [ADC1] ST
[  25.874] [STATUS] t_ms=3136742 hwm=5 cap=256 dropped=0 dropped_total=38030 crc_err=0 crc_err_total=0 rate1=512 rate2=512 prod1=512 prod2=512 dac_err=0 tx_drop=1034527 hb_ms=0 sma_state=6 m7_us=3235634243 m4_us=3233440176 vdd=5.067 offset=0.5000 aref=3.145 loop_us_avg=93 loop_us_max=5401 loop_hz=10752 cycle_log_ms=1 n_cycle=4 cc=1 cc_hz=1025 cc_i_tgt=0.1000 cc_u=0.5000 cc_r=5.0480 cc_tau_ms=7.00
[  26.062] [ADC1] ST
[  26.885] [STATUS] t_ms=3137742 hwm=5 cap=256 dropped=0 dropped_total=38030 crc_err=0 crc_err_total=0 rate1=512 rate2=512 prod1=512 prod2=512 dac_err=0 tx_drop=1034527 hb_ms=0 sma_state=6 m7_us=3236665784 m4_us=3234471716 vdd=5.067 offset=0.5000 aref=3.145 loop_us_avg=94 loop_us_max=5412 loop_hz=10638 cycle_log_ms=1 n_cycle=4 cc=1 cc_hz=1025 cc_i_tgt=0.1000 cc_u=0.5093 cc_r=5.0368 cc_tau_ms=7.00
[  27.072] ATUS
[  27.072] alarm(s): 0x49 PGA
[  27.072] L_ALM
[  27.072] [ADC1] ST
[  27.961] [STATUS] t_ms=3138742 hwm=5 cap=256 dropped=0 dropped_total=38030 crc_err=0 crc_err_total=0 rate1=512 rate2=512 prod1=512 prod2=512 dac_err=0 tx_drop=1034527 hb_ms=0 sma_state=6 m7_us=3237697348 m4_us=3235503268 vdd=5.067 offset=0.5000 aref=3.145 loop_us_avg=94 loop_us_max=5401 loop_hz=10638 cycle_log_ms=1 n_cycle=4 cc=1 cc_hz=1025 cc_i_tgt=0.1000 cc_u=0.5149 cc_r=5.1182 cc_tau_ms=7.00
[  28.088] [ADC1] S
[  28.973] [STATUS] t_ms=3139742 hwm=5 cap=256 dropped=0 dropped_total=38030 crc_err=0 crc_err_total=0 rate1=512 rate2=512 prod1=512 prod2=512 dac_err=0 tx_drop=1034527 hb_ms=0 sma_state=6 m7_us=3238728875 m4_us=3236534810 vdd=5.067 offset=0.5000 aref=3.145 loop_us_avg=94 loop_us_max=5438 loop_hz=10638 cycle_log_ms=1 n_cycle=4 cc=1 cc_hz=1025 cc_i_tgt=0.1000 cc_u=0.5389 cc_r=5.1845 cc_tau_ms=7.00
[  29.100] [ADC1] ST
[  29.982] [STATUS] t_ms=3140742 hwm=5 cap=256 dropped=0 dropped_total=38030 crc_err=0 crc_err_total=0 rate1=512 rate2=512 prod1=512 prod2=512 dac_err=0 tx_drop=1034527 hb_ms=0 sma_state=6 m7_us=3239760449 m4_us=3237566394 vdd=5.067 offset=0.5000 aref=3.145 loop_us_avg=93 loop_us_max=5425 loop_hz=10752 cycle_log_ms=1 n_cycle=4 cc=1 cc_hz=1025 cc_i_tgt=0.1000 cc_u=0.5072 cc_r=5.1017 cc_tau_ms=7.00
[  30.107] [ADC1] ST
[  31.054] [STATUS] t_ms=3141742 hwm=5 cap=256 dropped=0 dropped_total=38030 crc_err=0 crc_err_total=0 rate1=512 rate2=512 prod1=512 prod2=512 dac_err=0 tx_drop=1034527 hb_ms=0 sma_state=6 m7_us=3240792040 m4_us=3238597978 vdd=5.067 offset=0.5000 aref=3.145 loop_us_avg=93 loop_us_max=5399 loop_hz=10752 cycle_log_ms=1 n_cycle=4 cc=1 cc_hz=1025 cc_i_tgt=0.1000 cc_u=0.5256 cc_r=5.0757 cc_tau_ms=7.00
[  31.117] [ADC1] ST
[  31.370] [SMA] [ACT] heat n=3/6 I=550.0mA ms=200
[  31.621] [SMA] [ACT] cool n=3/6 I=100.0mA ms=15000
[  32.063] [STATUS] t_ms=3142742 hwm=5 cap=256 dropped=0 dropped_total=38030 crc_err=0 crc_err_total=0 rate1=512 rate2=512 prod1=512 prod2=512 dac_err=0 tx_drop=1034527 hb_ms=0 sma_state=6 m7_us=3241823584 m4_us=3239629527 vdd=5.067 offset=0.5000 aref=3.145 loop_us_avg=93 loop_us_max=5397 loop_hz=10752 cycle_log_ms=1 n_cycle=4 cc=1 cc_hz=1023 cc_i_tgt=0.1000 cc_u=0.5035 cc_r=5.0901 cc_tau_ms=7.00
[  32.125] [ADC1] ST
[  33.076] [STATUS] t_ms=3143742 hwm=5 cap=256 dropped=0 dropped_total=38030 crc_err=0 crc_err_total=0 rate1=512 rate2=512 prod1=512 prod2=512 dac_err=0 tx_drop=1034527 hb_ms=0 sma_state=6 m7_us=3242855117 m4_us=3240661060 vdd=5.067 offset=0.5000 aref=3.145 loop_us_avg=92 loop_us_max=5402 loop_hz=10869 cycle_log_ms=1 n_cycle=4 cc=1 cc_hz=1025 cc_i_tgt=0.1000 cc_u=0.5120 cc_r=5.0735 cc_tau_ms=7.00
[  33.140] ATUS alar
[  33.140] [ADC1] ST
[  34.151] [STATUS] t_ms=3144742 hwm=5 cap=256 dropped=0 dropped_total=38030 crc_err=0 crc_err_total=0 rate1=512 rate2=512 prod1=512 prod2=512 dac_err=0 tx_drop=1034527 hb_ms=0 sma_state=6 m7_us=3243886625 m4_us=3241692567 vdd=5.067 offset=0.5000 aref=3.145 loop_us_avg=94 loop_us_max=5406 loop_hz=10638 cycle_log_ms=1 n_cycle=4 cc=1 cc_hz=1025 cc_i_tgt=0.1000 cc_u=0.5305 cc_r=5.0892 cc_tau_ms=7.00
[  34.151] [AD
[  34.151] C1] S
[  35.147] TATUS
[  35.147] [ADC1] S
[  35.147] [STATUS] t_ms=3145742 hwm=5 cap=256 dropped=0 dropped_total=38030 crc_err=0 crc_err_total=0 rate1=512 rate2=512 prod1=512 prod2=512 dac_err=0 tx_drop=1034527 hb_ms=0 sma_state=6 m7_us=3244918196 m4_us=3242724138 vdd=5.067 offset=0.5000 aref=3.145 loop_us_avg=93 loop_us_max=5406 loop_hz=10752 cycle_log_ms=1 n_cycle=4 cc=1 cc_hz=1025 cc_i_tgt=0.1000 cc_u=0.5000 cc_r=5.0766 cc_tau_ms=7.00
[  36.150] [ADC1] S
[  36.213] [STATUS] t_ms=3146742 hwm=5 cap=256 dropped=0 dropped_total=38030 crc_err=0 crc_err_total=0 rate1=512 rate2=512 prod1=512 prod2=512 dac_err=0 tx_drop=1034527 hb_ms=0 sma_state=6 m7_us=3245949740 m4_us=3243755684 vdd=5.067 offset=0.5000 aref=3.145 loop_us_avg=94 loop_us_max=5405 loop_hz=10638 cycle_log_ms=1 n_cycle=4 cc=1 cc_hz=1025 cc_i_tgt=0.1000 cc_u=0.5000 cc_r=5.0650 cc_tau_ms=7.00
[  37.159] [ADC1] S
[  37.221] [STATUS] t_ms=3147742 hwm=5 cap=256 dropped=0 dropped_total=38030 crc_err=0 crc_err_total=0 rate1=512 rate2=512 prod1=512 prod2=512 dac_err=0 tx_drop=1034527 hb_ms=0 sma_state=6 m7_us=3246981238 m4_us=3244787184 vdd=5.067 offset=0.5000 aref=3.145 loop_us_avg=92 loop_us_max=5399 loop_hz=10869 cycle_log_ms=1 n_cycle=4 cc=1 cc_hz=1025 cc_i_tgt=0.1000 cc_u=0.5045 cc_r=5.0471 cc_tau_ms=7.00
[  38.174] [ADC1] S
[  38.236] [STATUS] t_ms=3148742 hwm=5 cap=256 dropped=0 dropped_total=38030 crc_err=0 crc_err_total=0 rate1=512 rate2=512 prod1=512 prod2=512 dac_err=0 tx_drop=1034527 hb_ms=0 sma_state=6 m7_us=3248012745 m4_us=3245818685 vdd=5.067 offset=0.5000 aref=3.145 loop_us_avg=92 loop_us_max=5403 loop_hz=10869 cycle_log_ms=1 n_cycle=4 cc=1 cc_hz=1025 cc_i_tgt=0.1000 cc_u=0.5072 cc_r=5.0520 cc_tau_ms=7.00
[  39.180] TAT
[  39.180] US alarm(s): 0xC9
[  39.180] [ADC1] S
[  39.306] [STATUS] t_ms=3149742 hwm=5 cap=256 dropped=0 dropped_total=38030 crc_err=0 crc_err_total=0 rate1=512 rate2=512 prod1=512 prod2=512 dac_err=0 tx_drop=1034527 hb_ms=0 sma_state=6 m7_us=3249044261 m4_us=3246850205 vdd=5.067 offset=0.5000 aref=3.145 loop_us_avg=93 loop_us_max=5424 loop_hz=10752 cycle_log_ms=1 n_cycle=4 cc=1 cc_hz=1025 cc_i_tgt=0.1000 cc_u=0.5213 cc_r=5.0581 cc_tau_ms=7.00
[  40.184] TATUS alarm(
[  40.184] [ADC1] S
[  40.310] [STATUS] t_ms=3150742 hwm=5 cap=256 dropped=0 dropped_total=38030 crc_err=0 crc_err_total=0 rate1=512 rate2=512 prod1=512 prod2=512 dac_err=0 tx_drop=1034527 hb_ms=0 sma_state=6 m7_us=3250075838 m4_us=3247881773 vdd=5.067 offset=0.5000 aref=3.145 loop_us_avg=93 loop_us_max=5401 loop_hz=10752 cycle_log_ms=1 n_cycle=4 cc=1 cc_hz=1025 cc_i_tgt=0.1000 cc_u=0.5219 cc_r=5.0213 cc_tau_ms=7.00
[  41.192] [A
[  41.192] DC1]
[  41.320] [STATUS] t_ms=3151742 hwm=5 cap=256 dropped=0 dropped_total=38030 crc_err=0 crc_err_total=0 rate1=512 rate2=512 prod1=512 prod2=512 dac_err=0 tx_drop=1034527 hb_ms=0 sma_state=6 m7_us=3251107417 m4_us=3248913360 vdd=5.067 offset=0.5000 aref=3.145 loop_us_avg=94 loop_us_max=5400 loop_hz=10638 cycle_log_ms=1 n_cycle=4 cc=1 cc_hz=1025 cc_i_tgt=0.1000 cc_u=0.5246 cc_r=5.0649 cc_tau_ms=7.00
[  42.203] [ADC1] S
[  42.394] [STATUS] t_ms=3152742 hwm=5 cap=256 dropped=0 dropped_total=38030 crc_err=0 crc_err_total=0 rate1=512 rate2=512 prod1=512 prod2=512 dac_err=0 tx_drop=1034527 hb_ms=0 sma_state=6 m7_us=3252139001 m4_us=3249944941 vdd=5.067 offset=0.5000 aref=3.145 loop_us_avg=93 loop_us_max=5408 loop_hz=10752 cycle_log_ms=1 n_cycle=4 cc=1 cc_hz=1025 cc_i_tgt=0.1000 cc_u=0.5174 cc_r=5.0948 cc_tau_ms=7.00
[  43.212] [ADC1] S
[  43.402] [STATUS] t_ms=3153742 hwm=5 cap=256 dropped=0 dropped_total=38030 crc_err=0 crc_err_total=0 rate1=512 rate2=512 prod1=512 prod2=512 dac_err=0 tx_drop=1034527 hb_ms=0 sma_state=6 m7_us=3253170613 m4_us=3250976551 vdd=5.067 offset=0.5000 aref=3.145 loop_us_avg=93 loop_us_max=5410 loop_hz=10752 cycle_log_ms=1 n_cycle=4 cc=1 cc_hz=1025 cc_i_tgt=0.1000 cc_u=0.5019 cc_r=5.0224 cc_tau_ms=7.00
[  44.219] [ADC1] S
[  44.472] [STATUS] t_ms=3154742 hwm=5 cap=256 dropped=0 dropped_total=38030 crc_err=0 crc_err_total=0 rate1=512 rate2=512 prod1=512 prod2=512 dac_err=0 tx_drop=1034527 hb_ms=0 sma_state=6 m7_us=3254202205 m4_us=3252008141 vdd=5.067 offset=0.5000 aref=3.145 loop_us_avg=94 loop_us_max=5399 loop_hz=10638 cycle_log_ms=1 n_cycle=4 cc=1 cc_hz=1025 cc_i_tgt=0.1000 cc_u=0.5065 cc_r=4.9397 cc_tau_ms=7.00
[  45.225] TATUS
[  45.225] [ADC1] S
[  45.479] [STATUS] t_ms=3155742 hwm=5 cap=256 dropped=0 dropped_total=38030 crc_err=0 crc_err_total=0 rate1=512 rate2=512 prod1=512 prod2=512 dac_err=0 tx_drop=1034527 hb_ms=0 sma_state=6 m7_us=3255233765 m4_us=3253039706 vdd=5.067 offset=0.5000 aref=3.145 loop_us_avg=94 loop_us_max=5412 loop_hz=10638 cycle_log_ms=1 n_cycle=4 cc=1 cc_hz=1025 cc_i_tgt=0.1000 cc_u=0.5000 cc_r=5.1036 cc_tau_ms=7.00
[  46.234] [ADC1] S
[  46.487] [STATUS] t_ms=3156742 hwm=5 cap=256 dropped=0 dropped_total=38030 crc_err=0 crc_err_total=0 rate1=512 rate2=512 prod1=512 prod2=512 dac_err=0 tx_drop=1034527 hb_ms=0 sma_state=6 m7_us=3256265330 m4_us=3254071271 vdd=5.067 offset=0.5000 aref=3.145 loop_us_avg=94 loop_us_max=5399 loop_hz=10638 cycle_log_ms=1 n_cycle=4 cc=1 cc_hz=1025 cc_i_tgt=0.1000 cc_u=0.5107 cc_r=5.0619 cc_tau_ms=7.00
[  47.053] [SMA] [ACT] heat n=4/6 I=550.0mA ms=200
[  47.244] TATU
[  47.244] [ADC1] S
[  47.307] [SMA] [ACT] cool n=4/6 I=100.0mA ms=15000
[  47.558] [STATUS] t_ms=3157742 hwm=5 cap=256 dropped=0 dropped_total=38030 crc_err=0 crc_err_total=0 rate1=512 rate2=512 prod1=512 prod2=512 dac_err=0 tx_drop=1034527 hb_ms=0 sma_state=6 m7_us=3257296930 m4_us=3255102868 vdd=5.067 offset=0.5000 aref=3.145 loop_us_avg=93 loop_us_max=5423 loop_hz=10752 cycle_log_ms=1 n_cycle=4 cc=1 cc_hz=1024 cc_i_tgt=0.1000 cc_u=0.5173 cc_r=5.0956 cc_tau_ms=7.00
[  48.255] TATUS alarm(s
[  48.255] [ADC1] S
[  48.572] [STATUS] t_ms=3158742 hwm=5 cap=256 dropped=0 dropped_total=38030 crc_err=0 crc_err_total=0 rate1=512 rate2=512 prod1=512 prod2=512 dac_err=0 tx_drop=1034527 hb_ms=0 sma_state=6 m7_us=3258328525 m4_us=3256134464 vdd=5.067 offset=0.5000 aref=3.145 loop_us_avg=93 loop_us_max=5406 loop_hz=10752 cycle_log_ms=1 n_cycle=4 cc=1 cc_hz=1025 cc_i_tgt=0.1000 cc_u=0.5252 cc_r=5.0179 cc_tau_ms=7.00
[  49.265] [ADC1] S
[  49.579] [STATUS] t_ms=3159742 hwm=5 cap=256 dropped=0 dropped_total=38030 crc_err=0 crc_err_total=0 rate1=512 rate2=512 prod1=512 prod2=512 dac_err=0 tx_drop=1034527 hb_ms=0 sma_state=6 m7_us=3259360094 m4_us=3257166036 vdd=5.067 offset=0.5000 aref=3.145 loop_us_avg=94 loop_us_max=5408 loop_hz=10638 cycle_log_ms=1 n_cycle=4 cc=1 cc_hz=1025 cc_i_tgt=0.1000 cc_u=0.5065 cc_r=5.0539 cc_tau_ms=7.00
[  50.272] [ADC1] S
[  50.651] [STATUS] t_ms=3160742 hwm=5 cap=256 dropped=0 dropped_total=38030 crc_err=0 crc_err_total=0 rate1=512 rate2=512 prod1=512 prod2=512 dac_err=0 tx_drop=1034527 hb_ms=0 sma_state=6 m7_us=3260391675 m4_us=3258197613 vdd=5.067 offset=0.5000 aref=3.145 loop_us_avg=93 loop_us_max=5409 loop_hz=10752 cycle_log_ms=1 n_cycle=4 cc=1 cc_hz=1025 cc_i_tgt=0.1000 cc_u=0.5074 cc_r=5.0611 cc_tau_ms=7.00
[  51.279] [ADC1] S
[  51.659] [STATUS] t_ms=3161742 hwm=5 cap=256 dropped=0 dropped_total=38030 crc_err=0 crc_err_total=0 rate1=512 rate2=512 prod1=512 prod2=512 dac_err=0 tx_drop=1034527 hb_ms=0 sma_state=6 m7_us=3261423276 m4_us=3259229210 vdd=5.067 offset=0.5000 aref=3.145 loop_us_avg=93 loop_us_max=5403 loop_hz=10752 cycle_log_ms=1 n_cycle=4 cc=1 cc_hz=1025 cc_i_tgt=0.1000 cc_u=0.5093 cc_r=5.0920 cc_tau_ms=7.00
[  52.292] [ADC1] S
[  52.673] [STATUS] t_ms=3162742 hwm=5 cap=256 dropped=0 dropped_total=38030 crc_err=0 crc_err_total=0 rate1=512 rate2=512 prod1=512 prod2=512 dac_err=0 tx_drop=1034527 hb_ms=0 sma_state=6 m7_us=3262454863 m4_us=3260260794 vdd=5.067 offset=0.5000 aref=3.145 loop_us_avg=94 loop_us_max=5404 loop_hz=10638 cycle_log_ms=1 n_cycle=4 cc=1 cc_hz=1025 cc_i_tgt=0.1000 cc_u=0.5092 cc_r=5.0751 cc_tau_ms=7.00
[  53.299] TATU
[  53.299] S alarm(s): 0xC9 PG
[  53.299] AL_ALM
[  53.299] [ADC1] S
[  53.741] [STATUS] t_ms=3163742 hwm=5 cap=256 dropped=0 dropped_total=38030 crc_err=0 crc_err_total=0 rate1=512 rate2=512 prod1=512 prod2=512 dac_err=0 tx_drop=1034527 hb_ms=0 sma_state=6 m7_us=3263486419 m4_us=3261292359 vdd=5.067 offset=0.5000 aref=3.145 loop_us_avg=93 loop_us_max=5405 loop_hz=10752 cycle_log_ms=1 n_cycle=4 cc=1 cc_hz=1025 cc_i_tgt=0.1000 cc_u=0.5288 cc_r=5.1914 cc_tau_ms=7.00
[  54.311] [ADC1] S
[  54.754] [STATUS] t_ms=3164742 hwm=5 cap=256 dropped=0 dropped_total=38030 crc_err=0 crc_err_total=0 rate1=512 rate2=512 prod1=512 prod2=512 dac_err=0 tx_drop=1034527 hb_ms=0 sma_state=6 m7_us=3264517946 m4_us=3262323885 vdd=5.067 offset=0.5000 aref=3.145 loop_us_avg=93 loop_us_max=5404 loop_hz=10752 cycle_log_ms=1 n_cycle=4 cc=1 cc_hz=1025 cc_i_tgt=0.1000 cc_u=0.5372 cc_r=5.1190 cc_tau_ms=7.00
[  55.318] [ADC1]
[  55.759] [STATUS] t_ms=3165742 hwm=5 cap=256 dropped=0 dropped_total=38030 crc_err=0 crc_err_total=0 rate1=512 rate2=512 prod1=512 prod2=512 dac_err=0 tx_drop=1034527 hb_ms=0 sma_state=6 m7_us=3265549476 m4_us=3263355421 vdd=5.067 offset=0.5000 aref=3.145 loop_us_avg=93 loop_us_max=5402 loop_hz=10752 cycle_log_ms=1 n_cycle=4 cc=1 cc_hz=1025 cc_i_tgt=0.1000 cc_u=0.5309 cc_r=5.2114 cc_tau_ms=7.00
[  56.325] [ADC1] S
[  56.833] [STATUS] t_ms=3166742 hwm=5 cap=256 dropped=0 dropped_total=38030 crc_err=0 crc_err_total=0 rate1=512 rate2=512 prod1=512 prod2=512 dac_err=0 tx_drop=1034527 hb_ms=0 sma_state=6 m7_us=3266581029 m4_us=3264386970 vdd=5.067 offset=0.5000 aref=3.145 loop_us_avg=94 loop_us_max=5454 loop_hz=10638 cycle_log_ms=1 n_cycle=4 cc=1 cc_hz=1025 cc_i_tgt=0.1000 cc_u=0.5085 cc_r=5.0400 cc_tau_ms=7.00
[  57.277] [ADC1] S
[  57.844] [STATUS] t_ms=3167742 hwm=5 cap=256 dropped=0 dropped_total=38030 crc_err=0 crc_err_total=0 rate1=512 rate2=512 prod1=512 prod2=512 dac_err=0 tx_drop=1034527 hb_ms=0 sma_state=6 m7_us=3267612614 m4_us=3265418535 vdd=5.067 offset=0.5000 aref=3.145 loop_us_avg=94 loop_us_max=5409 loop_hz=10638 cycle_log_ms=1 n_cycle=4 cc=1 cc_hz=1025 cc_i_tgt=0.1000 cc_u=0.5399 cc_r=5.0712 cc_tau_ms=7.00
[  58.286] TATUS alar
[  58.286] [ADC1] S
[  58.855] [STATUS] t_ms=3168742 hwm=5 cap=256 dropped=0 dropped_total=38030 crc_err=0 crc_err_total=0 rate1=512 rate2=512 prod1=512 prod2=512 dac_err=0 tx_drop=1034527 hb_ms=0 sma_state=6 m7_us=3268644150 m4_us=3266450087 vdd=5.067 offset=0.5000 aref=3.145 loop_us_avg=92 loop_us_max=5426 loop_hz=10869 cycle_log_ms=1 n_cycle=4 cc=1 cc_hz=1025 cc_i_tgt=0.1000 cc_u=0.5024 cc_r=5.0117 cc_tau_ms=7.00
[  59.296] TATUS a
[  59.296] _ALM
[  59.296] [ADC1]
[  59.929] [STATUS] t_ms=3169742 hwm=5 cap=256 dropped=0 dropped_total=38030 crc_err=0 crc_err_total=0 rate1=512 rate2=512 prod1=512 prod2=512 dac_err=0 tx_drop=1034527 hb_ms=0 sma_state=6 m7_us=3269675707 m4_us=3267481642 vdd=5.067 offset=0.5000 aref=3.145 loop_us_avg=93 loop_us_max=5405 loop_hz=10752 cycle_log_ms=1 n_cycle=4 cc=1 cc_hz=1025 cc_i_tgt=0.1000 cc_u=0.5100 cc_r=4.9727 cc_tau_ms=7.00
[  60.307] [ADC1] S
[  60.941] [STATUS] t_ms=3170742 hwm=5 cap=256 dropped=0 dropped_total=38030 crc_err=0 crc_err_total=0 rate1=512 rate2=512 prod1=512 prod2=512 dac_err=0 tx_drop=1034527 hb_ms=0 sma_state=6 m7_us=3270707262 m4_us=3268513210 vdd=5.067 offset=0.5000 aref=3.145 loop_us_avg=94 loop_us_max=5403 loop_hz=10638 cycle_log_ms=1 n_cycle=4 cc=1 cc_hz=1025 cc_i_tgt=0.1000 cc_u=0.5000 cc_r=5.0473 cc_tau_ms=7.00
[  61.322] [ADC1] S
[  61.957] [STATUS] t_ms=3171742 hwm=5 cap=256 dropped=0 dropped_total=38030 crc_err=0 crc_err_total=0 rate1=512 rate2=512 prod1=512 prod2=512 dac_err=0 tx_drop=1034527 hb_ms=0 sma_state=6 m7_us=3271738808 m4_us=3269544752 vdd=5.067 offset=0.5000 aref=3.145 loop_us_avg=93 loop_us_max=5404 loop_hz=10752 cycle_log_ms=1 n_cycle=4 cc=1 cc_hz=1025 cc_i_tgt=0.1000 cc_u=0.5000 cc_r=4.9585 cc_tau_ms=7.00
[  62.338] [ADC1] S
[  62.779] [SMA] [ACT] heat n=5/6 I=550.0mA ms=200
[  62.969] [SMA] [ACT] cool n=5/6 I=100.0mA ms=15000
[  63.032] [STATUS] t_ms=3172742 hwm=5 cap=256 dropped=0 dropped_total=38030 crc_err=0 crc_err_total=0 rate1=512 rate2=512 prod1=512 prod2=512 dac_err=0 tx_drop=1034527 hb_ms=0 sma_state=6 m7_us=3272770404 m4_us=3270576352 vdd=5.067 offset=0.5000 aref=3.145 loop_us_avg=94 loop_us_max=5408 loop_hz=10638 cycle_log_ms=1 n_cycle=4 cc=1 cc_hz=1023 cc_i_tgt=0.1000 cc_u=0.5288 cc_r=4.6701 cc_tau_ms=7.00
[  63.348] [ADC1] S
[  64.042] [STATUS] t_ms=3173742 hwm=5 cap=256 dropped=0 dropped_total=38030 crc_err=0 crc_err_total=0 rate1=512 rate2=512 prod1=512 prod2=512 dac_err=0 tx_drop=1034527 hb_ms=0 sma_state=6 m7_us=3273801945 m4_us=3271607888 vdd=5.067 offset=0.5000 aref=3.145 loop_us_avg=93 loop_us_max=5405 loop_hz=10752 cycle_log_ms=1 n_cycle=4 cc=1 cc_hz=1025 cc_i_tgt=0.1000 cc_u=0.5000 cc_r=5.0300 cc_tau_ms=7.00
[  64.357] TATUS
[  64.357] alarm(s): 0x49 P
[  64.357] GAL_ALM
[  64.357] [ADC1] S
[  65.050] [STATUS] t_ms=3174742 hwm=5 cap=256 dropped=0 dropped_total=38030 crc_err=0 crc_err_total=0 rate1=512 rate2=512 prod1=512 prod2=512 dac_err=0 tx_drop=1034527 hb_ms=0 sma_state=6 m7_us=3274833449 m4_us=3272639392 vdd=5.067 offset=0.5000 aref=3.145 loop_us_avg=94 loop_us_max=5407 loop_hz=10638 cycle_log_ms=1 n_cycle=4 cc=1 cc_hz=1025 cc_i_tgt=0.1000 cc_u=0.5050 cc_r=4.9963 cc_tau_ms=7.00
[  65.365] TATUS
[  65.365] ALM
[  65.365] [ADC1] S
[  66.123] [STATUS] t_ms=3175742 hwm=5 cap=256 dropped=0 dropped_total=38030 crc_err=0 crc_err_total=0 rate1=512 rate2=512 prod1=512 prod2=512 dac_err=0 tx_drop=1034527 hb_ms=0 sma_state=6 m7_us=3275864988 m4_us=3273670922 vdd=5.067 offset=0.5000 aref=3.145 loop_us_avg=94 loop_us_max=5411 loop_hz=10638 cycle_log_ms=1 n_cycle=4 cc=1 cc_hz=1025 cc_i_tgt=0.1000 cc_u=0.5000 cc_r=4.9887 cc_tau_ms=7.00
[  66.377] [ADC1] S
[  67.135] [STATUS] t_ms=3176742 hwm=5 cap=256 dropped=0 dropped_total=38030 crc_err=0 crc_err_total=0 rate1=512 rate2=512 prod1=512 prod2=512 dac_err=0 tx_drop=1034527 hb_ms=0 sma_state=6 m7_us=3276896517 m4_us=3274702452 vdd=5.067 offset=0.5000 aref=3.145 loop_us_avg=94 loop_us_max=5405 loop_hz=10638 cycle_log_ms=1 n_cycle=4 cc=1 cc_hz=1025 cc_i_tgt=0.1000 cc_u=0.5335 cc_r=5.0603 cc_tau_ms=7.00
[  67.388] [ADC1] S
[  68.147] [STATUS] t_ms=3177742 hwm=5 cap=256 dropped=0 dropped_total=38030 crc_err=0 crc_err_total=0 rate1=512 rate2=512 prod1=512 prod2=512 dac_err=0 tx_drop=1034527 hb_ms=0 sma_state=6 m7_us=3277928087 m4_us=3275734026 vdd=5.067 offset=0.5000 aref=3.145 loop_us_avg=93 loop_us_max=5418 loop_hz=10752 cycle_log_ms=1 n_cycle=4 cc=1 cc_hz=1025 cc_i_tgt=0.1000 cc_u=0.5391 cc_r=5.2737 cc_tau_ms=7.00
[  68.582] [ADC1] S
[  69.208] [STATUS] t_ms=3178742 hwm=5 cap=256 dropped=0 dropped_total=38030 crc_err=0 crc_err_total=0 rate1=512 rate2=512 prod1=512 prod2=512 dac_err=0 tx_drop=1034527 hb_ms=0 sma_state=6 m7_us=3278959638 m4_us=3276765575 vdd=5.067 offset=0.5000 aref=3.145 loop_us_avg=94 loop_us_max=5430 loop_hz=10638 cycle_log_ms=1 n_cycle=4 cc=1 cc_hz=1025 cc_i_tgt=0.1000 cc_u=0.5000 cc_r=4.9836 cc_tau_ms=7.00
[  69.400] [ADC1] S
[  70.221] [STATUS] t_ms=3179742 hwm=5 cap=256 dropped=0 dropped_total=38030 crc_err=0 crc_err_total=0 rate1=512 rate2=512 prod1=512 prod2=512 dac_err=0 tx_drop=1034527 hb_ms=0 sma_state=6 m7_us=3279991198 m4_us=3277797140 vdd=5.067 offset=0.5000 aref=3.145 loop_us_avg=94 loop_us_max=5405 loop_hz=10638 cycle_log_ms=1 n_cycle=4 cc=1 cc_hz=1025 cc_i_tgt=0.1000 cc_u=0.5000 cc_r=4.9990 cc_tau_ms=7.00
[  70.411] TATUS
[  70.411] alarm(s): 0xC9 P
[  70.411] GAL_ALM
[  70.411] [ADC1] S
[  71.292] [STATUS] t_ms=3180742 hwm=5 cap=256 dropped=0 dropped_total=38030 crc_err=0 crc_err_total=0 rate1=512 rate2=512 prod1=512 prod2=512 dac_err=0 tx_drop=1034527 hb_ms=0 sma_state=6 m7_us=3281022769 m4_us=3278828704 vdd=5.067 offset=0.5000 aref=3.145 loop_us_avg=93 loop_us_max=5396 loop_hz=10752 cycle_log_ms=1 n_cycle=4 cc=1 cc_hz=1025 cc_i_tgt=0.1000 cc_u=0.5191 cc_r=5.0729 cc_tau_ms=7.00
[  71.419] [ADC1] S
[  72.307] [STATUS] t_ms=3181742 hwm=5 cap=256 dropped=0 dropped_total=38030 crc_err=0 crc_err_total=0 rate1=512 rate2=512 prod1=512 prod2=512 dac_err=0 tx_drop=1034527 hb_ms=0 sma_state=6 m7_us=3282054291 m4_us=3279860231 vdd=5.067 offset=0.5000 aref=3.145 loop_us_avg=94 loop_us_max=5406 loop_hz=10638 cycle_log_ms=1 n_cycle=4 cc=1 cc_hz=1025 cc_i_tgt=0.1000 cc_u=0.5000 cc_r=5.0066 cc_tau_ms=7.00
[  72.434] [ADC1]
[  73.319] [STATUS] t_ms=3182742 hwm=5 cap=256 dropped=0 dropped_total=38030 crc_err=0 crc_err_total=0 rate1=512 rate2=512 prod1=512 prod2=512 dac_err=0 tx_drop=1034527 hb_ms=0 sma_state=6 m7_us=3283085833 m4_us=3280891776 vdd=5.067 offset=0.5000 aref=3.145 loop_us_avg=94 loop_us_max=5402 loop_hz=10638 cycle_log_ms=1 n_cycle=4 cc=1 cc_hz=1025 cc_i_tgt=0.1000 cc_u=0.5194 cc_r=5.1472 cc_tau_ms=7.00
[  73.445] [ADC1] S
[  74.331] [STATUS] t_ms=3183742 hwm=5 cap=256 dropped=0 dropped_total=38030 crc_err=0 crc_err_total=0 rate1=512 rate2=512 prod1=512 prod2=512 dac_err=0 tx_drop=1034527 hb_ms=0 sma_state=6 m7_us=3284117450 m4_us=3281923386 vdd=5.067 offset=0.5000 aref=3.145 loop_us_avg=92 loop_us_max=5404 loop_hz=10869 cycle_log_ms=1 n_cycle=4 cc=1 cc_hz=1025 cc_i_tgt=0.1000 cc_u=0.5047 cc_r=5.0797 cc_tau_ms=7.00
[  74.458] [ADC1] S
[  75.407] [STATUS] t_ms=3184742 hwm=5 cap=256 dropped=0 dropped_total=38030 crc_err=0 crc_err_total=0 rate1=512 rate2=512 prod1=512 prod2=512 dac_err=0 tx_drop=1034527 hb_ms=0 sma_state=6 m7_us=3285149042 m4_us=3282954976 vdd=5.067 offset=0.5000 aref=3.145 loop_us_avg=94 loop_us_max=5403 loop_hz=10638 cycle_log_ms=1 n_cycle=4 cc=1 cc_hz=1025 cc_i_tgt=0.1000 cc_u=0.5074 cc_r=5.1289 cc_tau_ms=7.00
[  75.407] TATUS
[  75.407] [ADC1] S
[  76.419] [STATUS] t_ms=3185742 hwm=5 cap=256 dropped=0 dropped_total=38030 crc_err=0 crc_err_total=0 rate1=512 rate2=512 prod1=512 prod2=512 dac_err=0 tx_drop=1034527 hb_ms=0 sma_state=6 m7_us=3286180602 m4_us=3283986551 vdd=5.067 offset=0.5000 aref=3.145 loop_us_avg=94 loop_us_max=5411 loop_hz=10638 cycle_log_ms=1 n_cycle=4 cc=1 cc_hz=1025 cc_i_tgt=0.1000 cc_u=0.5023 cc_r=4.9185 cc_tau_ms=7.00
[  76.419] TATUS alar
[  76.419] [ADC1] S
[  77.433] [STATUS] t_ms=3186742 hwm=5 cap=256 dropped=0 dropped_total=38030 crc_err=0 crc_err_total=0 rate1=512 rate2=512 prod1=512 prod2=512 dac_err=0 tx_drop=1034527 hb_ms=0 sma_state=6 m7_us=3287212206 m4_us=3285018144 vdd=5.067 offset=0.5000 aref=3.145 loop_us_avg=93 loop_us_max=5430 loop_hz=10752 cycle_log_ms=1 n_cycle=4 cc=1 cc_hz=1025 cc_i_tgt=0.1000 cc_u=0.5000 cc_r=5.0740 cc_tau_ms=7.00
[  77.433] [ADC1] S
[  78.442] [SMA] [ACT] heat n=6/6 I=550.0mA ms=200
[  78.442] [ADC1] S
[  78.506] [STATUS] t_ms=3187742 hwm=5 cap=256 dropped=0 dropped_total=38030 crc_err=0 crc_err_total=0 rate1=512 rate2=512 prod1=512 prod2=512 dac_err=0 tx_drop=1034527 hb_ms=0 sma_state=5 m7_us=3288243825 m4_us=3286049760 vdd=5.067 offset=0.5000 aref=3.145 loop_us_avg=93 loop_us_max=5408 loop_hz=10752 cycle_log_ms=1 n_cycle=4 cc=1 cc_hz=1024 cc_i_tgt=0.5500 cc_u=2.4160 cc_r=4.6713 cc_tau_ms=7.00
[  78.633] [SMA] [ACT] cool n=6/6 I=100.0mA ms=15000
[  79.454] [ADC1] S
[  79.517] [STATUS] t_ms=3188742 hwm=5 cap=256 dropped=0 dropped_total=38030 crc_err=0 crc_err_total=0 rate1=512 rate2=512 prod1=512 prod2=512 dac_err=0 tx_drop=1034527 hb_ms=0 sma_state=6 m7_us=3289275398 m4_us=3287081338 vdd=5.067 offset=0.5000 aref=3.145 loop_us_avg=92 loop_us_max=5406 loop_hz=10869 cycle_log_ms=1 n_cycle=4 cc=1 cc_hz=1024 cc_i_tgt=0.1000 cc_u=0.5120 cc_r=5.0187 cc_tau_ms=7.00
[  80.465] [ADC1] S
[  80.528] [STATUS] t_ms=3189742 hwm=5 cap=256 dropped=0 dropped_total=38030 crc_err=0 crc_err_total=0 rate1=512 rate2=512 prod1=512 prod2=512 dac_err=0 tx_drop=1034527 hb_ms=0 sma_state=6 m7_us=3290307005 m4_us=3288112938 vdd=5.067 offset=0.5000 aref=3.145 loop_us_avg=93 loop_us_max=5412 loop_hz=10752 cycle_log_ms=1 n_cycle=4 cc=1 cc_hz=1025 cc_i_tgt=0.1000 cc_u=0.5000 cc_r=5.0112 cc_tau_ms=7.00
[  81.477] [ADC1] S
[  81.603] [STATUS] t_ms=3190742 hwm=5 cap=256 dropped=0 dropped_total=38030 crc_err=0 crc_err_total=0 rate1=512 rate2=512 prod1=512 prod2=512 dac_err=0 tx_drop=1034527 hb_ms=0 sma_state=6 m7_us=3291338599 m4_us=3289144538 vdd=5.067 offset=0.5000 aref=3.145 loop_us_avg=93 loop_us_max=5416 loop_hz=10752 cycle_log_ms=1 n_cycle=4 cc=1 cc_hz=1025 cc_i_tgt=0.1000 cc_u=0.5162 cc_r=5.0949 cc_tau_ms=7.00
[  82.490] TATUS alar
[  82.490] [ADC1] S
[  82.616] [STATUS] t_ms=3191742 hwm=5 cap=256 dropped=0 dropped_total=38030 crc_err=0 crc_err_total=0 rate1=512 rate2=512 prod1=512 prod2=512 dac_err=0 tx_drop=1034527 hb_ms=0 sma_state=6 m7_us=3292370200 m4_us=3290176138 vdd=5.067 offset=0.5000 aref=3.145 loop_us_avg=94 loop_us_max=5399 loop_hz=10638 cycle_log_ms=1 n_cycle=4 cc=1 cc_hz=1025 cc_i_tgt=0.1000 cc_u=0.5144 cc_r=5.0876 cc_tau_ms=7.00
[  83.504] TATUS alarm(s
[  83.504] [ADC1] S
[  83.629] [STATUS] t_ms=3192742 hwm=5 cap=256 dropped=0 dropped_total=38030 crc_err=0 crc_err_total=0 rate1=512 rate2=512 prod1=512 prod2=512 dac_err=0 tx_drop=1034527 hb_ms=0 sma_state=6 m7_us=3293401799 m4_us=3291207735 vdd=5.067 offset=0.5000 aref=3.145 loop_us_avg=94 loop_us_max=5439 loop_hz=10638 cycle_log_ms=1 n_cycle=4 cc=1 cc_hz=1025 cc_i_tgt=0.1000 cc_u=0.5297 cc_r=5.1115 cc_tau_ms=7.00
[  84.509] [ADC1] S
[  84.697] [STATUS] t_ms=3193742 hwm=5 cap=256 dropped=0 dropped_total=38030 crc_err=0 crc_err_total=0 rate1=512 rate2=512 prod1=512 prod2=512 dac_err=0 tx_drop=1034527 hb_ms=0 sma_state=6 m7_us=3294433393 m4_us=3292239306 vdd=5.067 offset=0.5000 aref=3.145 loop_us_avg=93 loop_us_max=5405 loop_hz=10752 cycle_log_ms=1 n_cycle=4 cc=1 cc_hz=1025 cc_i_tgt=0.1000 cc_u=0.5000 cc_r=4.9304 cc_tau_ms=7.00
[  85.514] [ADC1] S
[  85.704] [STATUS] t_ms=3194742 hwm=5 cap=256 dropped=0 dropped_total=38030 crc_err=0 crc_err_total=0 rate1=512 rate2=512 prod1=512 prod2=512 dac_err=0 tx_drop=1034527 hb_ms=0 sma_state=6 m7_us=3295465001 m4_us=3293270912 vdd=5.067 offset=0.5000 aref=3.145 loop_us_avg=93 loop_us_max=5426 loop_hz=10752 cycle_log_ms=1 n_cycle=4 cc=1 cc_hz=1025 cc_i_tgt=0.1000 cc_u=0.5001 cc_r=5.0340 cc_tau_ms=7.00
[  86.529] [ADC1]
[  86.716] [STATUS] t_ms=3195742 hwm=5 cap=256 dropped=0 dropped_total=38030 crc_err=0 crc_err_total=0 rate1=512 rate2=512 prod1=512 prod2=512 dac_err=0 tx_drop=1034527 hb_ms=0 sma_state=6 m7_us=3296496573 m4_us=3294302512 vdd=5.067 offset=0.5000 aref=3.145 loop_us_avg=94 loop_us_max=5429 loop_hz=10638 cycle_log_ms=1 n_cycle=4 cc=1 cc_hz=1025 cc_i_tgt=0.1000 cc_u=0.5117 cc_r=5.0288 cc_tau_ms=7.00
[  87.535] [ADC1] S
[  87.789] [STATUS] t_ms=3196742 hwm=5 cap=256 dropped=0 dropped_total=38030 crc_err=0 crc_err_total=0 rate1=512 rate2=512 prod1=512 prod2=512 dac_err=0 tx_drop=1034527 hb_ms=0 sma_state=6 m7_us=3297528151 m4_us=3295334096 vdd=5.067 offset=0.5000 aref=3.145 loop_us_avg=93 loop_us_max=5411 loop_hz=10752 cycle_log_ms=1 n_cycle=4 cc=1 cc_hz=1025 cc_i_tgt=0.1000 cc_u=0.5284 cc_r=5.1677 cc_tau_ms=7.00
[  88.549] [ADC1] S
[  88.801] [STATUS] t_ms=3197742 hwm=5 cap=256 dropped=0 dropped_total=38030 crc_err=0 crc_err_total=0 rate1=512 rate2=512 prod1=512 prod2=512 dac_err=0 tx_drop=1034527 hb_ms=0 sma_state=6 m7_us=3298559746 m4_us=3296365680 vdd=5.067 offset=0.5000 aref=3.145 loop_us_avg=94 loop_us_max=5398 loop_hz=10638 cycle_log_ms=1 n_cycle=4 cc=1 cc_hz=1025 cc_i_tgt=0.1000 cc_u=0.5028 cc_r=5.0585 cc_tau_ms=7.00
[  89.554] [ADC1] S
[  89.806] [STATUS] t_ms=3198742 hwm=5 cap=256 dropped=0 dropped_total=38030 crc_err=0 crc_err_total=0 rate1=512 rate2=512 prod1=512 prod2=512 dac_err=0 tx_drop=1034527 hb_ms=0 sma_state=6 m7_us=3299591307 m4_us=3297397258 vdd=5.067 offset=0.5000 aref=3.145 loop_us_avg=94 loop_us_max=5413 loop_hz=10638 cycle_log_ms=1 n_cycle=4 cc=1 cc_hz=1025 cc_i_tgt=0.1000 cc_u=0.5000 cc_r=5.0793 cc_tau_ms=7.00
[  90.562] TATUS alarm(s):
[  90.562] [ADC1] S
[  90.875] [STATUS] t_ms=3199742 hwm=5 cap=256 dropped=0 dropped_total=38030 crc_err=0 crc_err_total=0 rate1=512 rate2=512 prod1=512 prod2=512 dac_err=0 tx_drop=1034527 hb_ms=0 sma_state=6 m7_us=3300622910 m4_us=3298428842 vdd=5.067 offset=0.5000 aref=3.145 loop_us_avg=93 loop_us_max=5401 loop_hz=10752 cycle_log_ms=1 n_cycle=4 cc=1 cc_hz=1025 cc_i_tgt=0.1000 cc_u=0.5090 cc_r=4.9769 cc_tau_ms=7.00
[  91.571] [AD
[  91.571] C1]
[  91.885] [STATUS] t_ms=3200742 hwm=5 cap=256 dropped=0 dropped_total=38030 crc_err=0 crc_err_total=0 rate1=512 rate2=512 prod1=512 prod2=512 dac_err=0 tx_drop=1034527 hb_ms=0 sma_state=6 m7_us=3301654473 m4_us=3299460410 vdd=5.067 offset=0.5000 aref=3.145 loop_us_avg=94 loop_us_max=5409 loop_hz=10638 cycle_log_ms=1 n_cycle=4 cc=1 cc_hz=1025 cc_i_tgt=0.1000 cc_u=0.5401 cc_r=5.2544 cc_tau_ms=7.00
[  92.578] [ADC1] S
[  92.950] [STATUS] t_ms=3201742 hwm=5 cap=256 dropped=0 dropped_total=38030 crc_err=0 crc_err_total=0 rate1=512 rate2=512 prod1=512 prod2=512 dac_err=0 tx_drop=1034527 hb_ms=0 sma_state=6 m7_us=3302686023 m4_us=3300491956 vdd=5.067 offset=0.5000 aref=3.145 loop_us_avg=94 loop_us_max=5430 loop_hz=10638 cycle_log_ms=1 n_cycle=4 cc=1 cc_hz=1025 cc_i_tgt=0.1000 cc_u=0.5204 cc_r=5.0475 cc_tau_ms=7.00
[  93.554] [ADC1] S
[  93.988] [STATUS] t_ms=3202742 hwm=5 cap=256 dropped=0 dropped_total=38030 crc_err=0 crc_err_total=0 rate1=512 rate2=512 prod1=512 prod2=512 dac_err=0 tx_drop=1034527 hb_ms=0 sma_state=6 m7_us=3303717595 m4_us=3301523540 vdd=5.067 offset=0.5000 aref=3.145 loop_us_avg=94 loop_us_max=5406 loop_hz=10638 cycle_log_ms=1 n_cycle=4 cc=1 cc_hz=1025 cc_i_tgt=0.1000 cc_u=0.5107 cc_r=5.0370 cc_tau_ms=7.00
[  94.116] [SMA] [ACT] -> idle (done) after 6 cycle(s); still armed
