[   0.050] [SMA] ARMED (MOSFET on); idle=0.500 V
[   0.050] [ADC
[   0.051] [STATUS] t_ms=4042670 hwm=5 cap=256 dropped=0 dropped_total=45171 crc_err=0 crc_err_total=0 rate1=512 rate2=512 prod1=512 prod2=512 dac_err=0 tx_drop=1034527 hb_ms=0 sma_state=0 m7_us=4170209606 m4_us=4168014929 vdd=5.067 offset=0.5000 aref=3.145 loop_us_avg=21 loop_us_max=4647 loop_hz=47619 cycle_log_ms=1 n_cycle=4 cc=0 cc_hz=0 cc_i_tgt=0.1000 cc_u=0.5000 cc_r=4.9805 cc_tau_ms=7.00
[   0.552] 1]
[   0.552] STATUS alarm(s):
[   0.552] [ADC
[   1.050] [STATUS] t_ms=4043670 hwm=5 cap=256 dropped=0 dropped_total=45171 crc_err=0 crc_err_total=0 rate1=512 rate2=512 prod1=512 prod2=512 dac_err=0 tx_drop=1034527 hb_ms=0 sma_state=0 m7_us=4171242313 m4_us=4169046763 vdd=5.067 offset=0.5000 aref=3.145 loop_us_avg=22 loop_us_max=4635 loop_hz=45454 cycle_log_ms=1 n_cycle=4 cc=0 cc_hz=0 cc_i_tgt=0.1000 cc_u=0.5000 cc_r=4.9805 cc_tau_ms=7.00
[   1.552] 1] ST
[   1.552] ATUS alarm(s): 0
[   1.552] [ADC
[   2.051] [STATUS] t_ms=4044670 hwm=6 cap=256 dropped=0 dropped_total=45171 crc_err=0 crc_err_total=0 rate1=512 rate2=512 prod1=512 prod2=512 dac_err=0 tx_drop=1034527 hb_ms=0 sma_state=0 m7_us=4172274136 m4_us=4170078577 vdd=5.067 offset=0.5000 aref=3.145 loop_us_avg=22 loop_us_max=5551 loop_hz=45454 cycle_log_ms=1 n_cycle=4 cc=0 cc_hz=0 cc_i_tgt=0.1000 cc_u=0.5000 cc_r=4.9805 cc_tau_ms=7.00
[   0.061] [SMA] [CC] start i_high=450.0mA i_low=100.0mA t_high=300 t_idle=15000 n=6 (0=cont) tau_ms=7.0 wdt_ms=5000
[   0.061] [SMA] [ACT] heat n=1/6 I=450.0mA ms=300
[   0.313] [SMA] [ACT] cool n=1/6 I=100.0mA ms=15000
[   0.503] [ADC
[   1.071] [STATUS] t_ms=4045670 hwm=6 cap=256 dropped=0 dropped_total=45171 crc_err=0 crc_err_total=0 rate1=512 rate2=512 prod1=512 prod2=512 dac_err=0 tx_drop=1034527 hb_ms=0 sma_state=6 m7_us=4173305942 m4_us=4171110366 vdd=5.067 offset=0.5000 aref=3.145 loop_us_avg=87 loop_us_max=5511 loop_hz=11494 cycle_log_ms=1 n_cycle=4 cc=1 cc_hz=1018 cc_i_tgt=0.1000 cc_u=0.6516 cc_r=0.0000 cc_tau_ms=7.00
[   1.513] [ADC
[   2.084] [STATUS] t_ms=4046670 hwm=6 cap=256 dropped=0 dropped_total=45171 crc_err=0 crc_err_total=0 rate1=513 rate2=512 prod1=513 prod2=512 dac_err=0 tx_drop=1034527 hb_ms=0 sma_state=6 m7_us=4174337741 m4_us=4172143092 vdd=5.067 offset=0.5000 aref=3.145 loop_us_avg=93 loop_us_max=6207 loop_hz=10752 cycle_log_ms=1 n_cycle=4 cc=1 cc_hz=1025 cc_i_tgt=0.1000 cc_u=0.5000 cc_r=5.0816 cc_tau_ms=7.00
[   2.527] [ADC
[   3.095] [STATUS] t_ms=4047670 hwm=6 cap=256 dropped=0 dropped_total=45171 crc_err=0 crc_err_total=0 rate1=512 rate2=512 prod1=512 prod2=512 dac_err=0 tx_drop=1034527 hb_ms=0 sma_state=6 m7_us=4175369454 m4_us=4173174804 vdd=5.067 offset=0.5000 aref=3.145 loop_us_avg=95 loop_us_max=5400 loop_hz=10526 cycle_log_ms=1 n_cycle=4 cc=1 cc_hz=1025 cc_i_tgt=0.1000 cc_u=0.5000 cc_r=4.9759 cc_tau_ms=7.00
[   3.539] 1]
[   3.539] STATUS alarm(s)
[   3.539] [ADC
[   4.167] [STATUS] t_ms=4048670 hwm=6 cap=256 dropped=0 dropped_total=45171 crc_err=0 crc_err_total=0 rate1=512 rate2=512 prod1=512 prod2=512 dac_err=0 tx_drop=1034527 hb_ms=0 sma_state=6 m7_us=4176401208 m4_us=4174206538 vdd=5.067 offset=0.5000 aref=3.145 loop_us_avg=93 loop_us_max=5405 loop_hz=10752 cycle_log_ms=1 n_cycle=4 cc=1 cc_hz=1025 cc_i_tgt=0.1000 cc_u=0.5284 cc_r=5.1293 cc_tau_ms=7.00
[   4.548] 1] STATUS alarm(s)
[   4.548] [ADC
[   5.181] [STATUS] t_ms=4049670 hwm=6 cap=256 dropped=0 dropped_total=45171 crc_err=0 crc_err_total=0 rate1=512 rate2=512 prod1=512 prod2=512 dac_err=0 tx_drop=1034527 hb_ms=0 sma_state=6 m7_us=4177432885 m4_us=4175238221 vdd=5.067 offset=0.5000 aref=3.145 loop_us_avg=93 loop_us_max=5420 loop_hz=10752 cycle_log_ms=1 n_cycle=4 cc=1 cc_hz=1025 cc_i_tgt=0.1000 cc_u=0.5173 cc_r=5.0417 cc_tau_ms=7.00
[   5.557] [ADC
[   6.188] [STATUS] t_ms=4050670 hwm=6 cap=256 dropped=0 dropped_total=45171 crc_err=0 crc_err_total=0 rate1=512 rate2=512 prod1=512 prod2=512 dac_err=0 tx_drop=1034527 hb_ms=0 sma_state=6 m7_us=4178464497 m4_us=4176269847 vdd=5.067 offset=0.5000 aref=3.145 loop_us_avg=94 loop_us_max=5412 loop_hz=10638 cycle_log_ms=1 n_cycle=4 cc=1 cc_hz=1025 cc_i_tgt=0.1000 cc_u=0.5331 cc_r=5.1289 cc_tau_ms=7.00
[   6.569] [ADC
[   7.262] [STATUS] t_ms=4051670 hwm=6 cap=256 dropped=0 dropped_total=45171 crc_err=0 crc_err_total=0 rate1=512 rate2=512 prod1=512 prod2=512 dac_err=0 tx_drop=1034527 hb_ms=0 sma_state=6 m7_us=4179496124 m4_us=4177301469 vdd=5.067 offset=0.5000 aref=3.145 loop_us_avg=93 loop_us_max=5401 loop_hz=10752 cycle_log_ms=1 n_cycle=4 cc=1 cc_hz=1025 cc_i_tgt=0.1000 cc_u=0.5004 cc_r=5.0443 cc_tau_ms=7.00
[   7.581] [ADC
[   8.275] [STATUS] t_ms=4052670 hwm=6 cap=256 dropped=0 dropped_total=45171 crc_err=0 crc_err_total=0 rate1=512 rate2=512 prod1=512 prod2=512 dac_err=0 tx_drop=1034527 hb_ms=0 sma_state=6 m7_us=4180527761 m4_us=4178333111 vdd=5.067 offset=0.5000 aref=3.145 loop_us_avg=94 loop_us_max=5429 loop_hz=10638 cycle_log_ms=1 n_cycle=4 cc=1 cc_hz=1025 cc_i_tgt=0.1000 cc_u=0.5048 cc_r=5.1270 cc_tau_ms=7.00
[   8.591] 1] STAT
[   8.591] [AD
[   9.285] [STATUS] t_ms=4053670 hwm=6 cap=256 dropped=0 dropped_total=45171 crc_err=0 crc_err_total=0 rate1=512 rate2=512 prod1=512 prod2=512 dac_err=0 tx_drop=1034527 hb_ms=0 sma_state=6 m7_us=4181559410 m4_us=4179364756 vdd=5.067 offset=0.5000 aref=3.145 loop_us_avg=93 loop_us_max=5405 loop_hz=10752 cycle_log_ms=1 n_cycle=4 cc=1 cc_hz=1025 cc_i_tgt=0.1000 cc_u=0.5260 cc_r=5.0884 cc_tau_ms=7.00
[   9.602] C1] STATUS a
[   9.602] ALM
[   9.602] [ADC
[  10.358] [STATUS] t_ms=4054670 hwm=6 cap=256 dropped=0 dropped_total=45171 crc_err=0 crc_err_total=0 rate1=512 rate2=512 prod1=512 prod2=512 dac_err=0 tx_drop=1034527 hb_ms=0 sma_state=6 m7_us=4182591009 m4_us=4180396352 vdd=5.067 offset=0.5000 aref=3.145 loop_us_avg=94 loop_us_max=5409 loop_hz=10638 cycle_log_ms=1 n_cycle=4 cc=1 cc_hz=1025 cc_i_tgt=0.1000 cc_u=0.5232 cc_r=5.0343 cc_tau_ms=7.00
[  10.612] 1]
[  10.612] STATUS alarm(s): 0
[  10.612] [ADC
[  11.366] [STATUS] t_ms=4055670 hwm=6 cap=256 dropped=0 dropped_total=45171 crc_err=0 crc_err_total=0 rate1=512 rate2=512 prod1=512 prod2=512 dac_err=0 tx_drop=1034527 hb_ms=0 sma_state=6 m7_us=4183622628 m4_us=4181427962 vdd=5.067 offset=0.5000 aref=3.145 loop_us_avg=93 loop_us_max=5409 loop_hz=10752 cycle_log_ms=1 n_cycle=4 cc=1 cc_hz=1025 cc_i_tgt=0.1000 cc_u=0.5390 cc_r=5.1076 cc_tau_ms=7.00
[  11.619] [ADC
[  12.377] [STATUS] t_ms=4056670 hwm=6 cap=256 dropped=0 dropped_total=45171 crc_err=0 crc_err_total=0 rate1=512 rate2=512 prod1=512 prod2=512 dac_err=0 tx_drop=1034527 hb_ms=0 sma_state=6 m7_us=4184654212 m4_us=4182459559 vdd=5.067 offset=0.5000 aref=3.145 loop_us_avg=93 loop_us_max=5404 loop_hz=10752 cycle_log_ms=1 n_cycle=4 cc=1 cc_hz=1025 cc_i_tgt=0.1000 cc_u=0.5000 cc_r=4.9195 cc_tau_ms=7.00
[  12.631] [ADC
[  13.454] [STATUS] t_ms=4057670 hwm=6 cap=256 dropped=0 dropped_total=45171 crc_err=0 crc_err_total=0 rate1=512 rate2=512 prod1=512 prod2=512 dac_err=0 tx_drop=1034527 hb_ms=0 sma_state=6 m7_us=4185685750 m4_us=4183491092 vdd=5.067 offset=0.5000 aref=3.145 loop_us_avg=94 loop_us_max=5395 loop_hz=10638 cycle_log_ms=1 n_cycle=4 cc=1 cc_hz=1025 cc_i_tgt=0.1000 cc_u=0.5000 cc_r=4.9800 cc_tau_ms=7.00
[  13.580] [ADC
[  14.463] [STATUS] t_ms=4058670 hwm=6 cap=256 dropped=0 dropped_total=45171 crc_err=0 crc_err_total=0 rate1=512 rate2=512 prod1=512 prod2=512 dac_err=0 tx_drop=1034527 hb_ms=0 sma_state=6 m7_us=4186717327 m4_us=4184522676 vdd=5.067 offset=0.5000 aref=3.145 loop_us_avg=94 loop_us_max=5396 loop_hz=10638 cycle_log_ms=1 n_cycle=4 cc=1 cc_hz=1025 cc_i_tgt=0.1000 cc_u=0.5056 cc_r=4.9308 cc_tau_ms=7.00
[  14.589] [ADC
[  15.473] [STATUS] t_ms=4059670 hwm=6 cap=256 dropped=0 dropped_total=45171 crc_err=0 crc_err_total=0 rate1=512 rate2=512 prod1=512 prod2=512 dac_err=0 tx_drop=1034527 hb_ms=0 sma_state=6 m7_us=4187748923 m4_us=4185554272 vdd=5.067 offset=0.5000 aref=3.145 loop_us_avg=94 loop_us_max=5398 loop_hz=10638 cycle_log_ms=1 n_cycle=4 cc=1 cc_hz=1025 cc_i_tgt=0.1000 cc_u=0.5060 cc_r=5.1261 cc_tau_ms=7.00
[  15.600] 1] STATUS
[  15.600] [ADC
[  15.848] [SMA] [ACT] heat n=2/6 I=450.0mA ms=300
[  16.100] [SMA] [ACT] cool n=2/6 I=100.0mA ms=15000
[  16.542] [STATUS] t_ms=4060671 hwm=6 cap=256 dropped=0 dropped_total=45171 crc_err=0 crc_err_total=0 rate1=511 rate2=511 prod1=511 prod2=511 dac_err=0 tx_drop=1034527 hb_ms=0 sma_state=6 m7_us=4188780676 m4_us=4186585863 vdd=5.067 offset=0.5000 aref=3.145 loop_us_avg=93 loop_us_max=5404 loop_hz=10752 cycle_log_ms=1 n_cycle=4 cc=1 cc_hz=1023 cc_i_tgt=0.1000 cc_u=0.5241 cc_r=5.1129 cc_tau_ms=7.00
[  16.606] [ADC
[  17.553] [STATUS] t_ms=4061671 hwm=6 cap=256 dropped=0 dropped_total=45171 crc_err=0 crc_err_total=0 rate1=512 rate2=513 prod1=512 prod2=513 dac_err=0 tx_drop=1034527 hb_ms=0 sma_state=6 m7_us=4189812887 m4_us=4187618494 vdd=5.067 offset=0.5000 aref=3.145 loop_us_avg=93 loop_us_max=5411 loop_hz=10752 cycle_log_ms=1 n_cycle=4 cc=1 cc_hz=1026 cc_i_tgt=0.1000 cc_u=0.5000 cc_r=4.9570 cc_tau_ms=7.00
[  17.617] 1] STA
[  17.617] TUS alarm(s): 0x
[  17.617] [AD
[  18.628] [STATUS] t_ms=4062671 hwm=5 cap=256 dropped=0 dropped_total=45171 crc_err=0 crc_err_total=0 rate1=512 rate2=512 prod1=512 prod2=512 dac_err=0 tx_drop=1034527 hb_ms=0 sma_state=6 m7_us=4190844517 m4_us=4188650120 vdd=5.067 offset=0.5000 aref=3.145 loop_us_avg=92 loop_us_max=5426 loop_hz=10869 cycle_log_ms=1 n_cycle=4 cc=1 cc_hz=1025 cc_i_tgt=0.1000 cc_u=0.5193 cc_r=5.1442 cc_tau_ms=7.00
[  18.628] [ADC
[  19.634] [STATUS] t_ms=4063671 hwm=5 cap=256 dropped=0 dropped_total=45171 crc_err=0 crc_err_total=0 rate1=512 rate2=512 prod1=512 prod2=512 dac_err=0 tx_drop=1034527 hb_ms=0 sma_state=6 m7_us=4191876129 m4_us=4189681749 vdd=5.067 offset=0.5000 aref=3.145 loop_us_avg=94 loop_us_max=5482 loop_hz=10638 cycle_log_ms=1 n_cycle=4 cc=1 cc_hz=1025 cc_i_tgt=0.1000 cc_u=0.5181 cc_r=4.9989 cc_tau_ms=7.00
[  19.634] [ADC
[  20.677] [STATUS] t_ms=4064671 hwm=5 cap=256 dropped=0 dropped_total=45171 crc_err=0 crc_err_total=0 rate1=512 rate2=512 prod1=512 prod2=512 dac_err=0 tx_drop=1034527 hb_ms=0 sma_state=6 m7_us=4192907778 m4_us=4190713393 vdd=5.067 offset=0.5000 aref=3.145 loop_us_avg=93 loop_us_max=5422 loop_hz=10752 cycle_log_ms=1 n_cycle=4 cc=1 cc_hz=1025 cc_i_tgt=0.1000 cc_u=0.5261 cc_r=5.1221 cc_tau_ms=7.00
[  20.677] [ADC
[  21.683] [ADC
[  21.683] [STATUS] t_ms=4065671 hwm=5 cap=256 dropped=0 dropped_total=45171 crc_err=0 crc_err_total=0 rate1=512 rate2=512 prod1=512 prod2=512 dac_err=0 tx_drop=1034527 hb_ms=0 sma_state=6 m7_us=4193939418 m4_us=4191745041 vdd=5.067 offset=0.5000 aref=3.145 loop_us_avg=93 loop_us_max=5414 loop_hz=10752 cycle_log_ms=1 n_cycle=4 cc=1 cc_hz=1025 cc_i_tgt=0.1000 cc_u=0.5181 cc_r=5.0664 cc_tau_ms=7.00
[  22.691] [AD
[  22.754] [STATUS] t_ms=4066671 hwm=5 cap=256 dropped=0 dropped_total=45171 crc_err=0 crc_err_total=0 rate1=512 rate2=512 prod1=512 prod2=512 dac_err=0 tx_drop=1034527 hb_ms=0 sma_state=6 m7_us=4194971037 m4_us=4192776673 vdd=5.067 offset=0.5000 aref=3.145 loop_us_avg=92 loop_us_max=5404 loop_hz=10869 cycle_log_ms=1 n_cycle=4 cc=1 cc_hz=1026 cc_i_tgt=0.1000 cc_u=0.5141 cc_r=5.0296 cc_tau_ms=7.00
[  23.704] [ADC
[  23.766] [STATUS] t_ms=4067671 hwm=5 cap=256 dropped=0 dropped_total=45171 crc_err=0 crc_err_total=0 rate1=512 rate2=512 prod1=512 prod2=512 dac_err=0 tx_drop=1034527 hb_ms=0 sma_state=6 m7_us=4196002669 m4_us=4193808280 vdd=5.067 offset=0.5000 aref=3.145 loop_us_avg=93 loop_us_max=5409 loop_hz=10752 cycle_log_ms=1 n_cycle=4 cc=1 cc_hz=1025 cc_i_tgt=0.1000 cc_u=0.5171 cc_r=5.0697 cc_tau_ms=7.00
[  24.714] 1] STATUS ala
[  24.714] [ADC
[  24.777] [STATUS] t_ms=4068671 hwm=5 cap=256 dropped=0 dropped_total=45171 crc_err=0 crc_err_total=0 rate1=512 rate2=512 prod1=512 prod2=512 dac_err=0 tx_drop=1034527 hb_ms=0 sma_state=6 m7_us=4197034229 m4_us=4194839848 vdd=5.067 offset=0.5000 aref=3.145 loop_us_avg=92 loop_us_max=5430 loop_hz=10869 cycle_log_ms=1 n_cycle=4 cc=1 cc_hz=1025 cc_i_tgt=0.1000 cc_u=0.5090 cc_r=5.0755 cc_tau_ms=7.00
[  25.721] 1] STATUS alarm(s
[  25.721] [
[  25.721] ADC
[  25.846] [STATUS] t_ms=4069671 hwm=5 cap=256 dropped=0 dropped_total=45171 crc_err=0 crc_err_total=0 rate1=512 rate2=512 prod1=512 prod2=512 dac_err=0 tx_drop=1034527 hb_ms=0 sma_state=6 m7_us=4198065786 m4_us=4195871409 vdd=5.067 offset=0.5000 aref=3.145 loop_us_avg=94 loop_us_max=5416 loop_hz=10638 cycle_log_ms=1 n_cycle=4 cc=1 cc_hz=1025 cc_i_tgt=0.1000 cc_u=0.5000 cc_r=5.0644 cc_tau_ms=7.00
[  26.731] [ADC
[  26.858] [STATUS] t_ms=4070671 hwm=5 cap=256 dropped=0 dropped_total=45171 crc_err=0 crc_err_total=0 rate1=512 rate2=512 prod1=512 prod2=512 dac_err=0 tx_drop=1034527 hb_ms=0 sma_state=6 m7_us=4199097347 m4_us=4196902971 vdd=5.067 offset=0.5000 aref=3.145 loop_us_avg=92 loop_us_max=5433 loop_hz=10869 cycle_log_ms=1 n_cycle=4 cc=1 cc_hz=1025 cc_i_tgt=0.1000 cc_u=0.5442 cc_r=5.1848 cc_tau_ms=7.00
[  27.735] [ADC
[  27.858] [STATUS] t_ms=4071671 hwm=5 cap=256 dropped=0 dropped_total=45171 crc_err=0 crc_err_total=0 rate1=512 rate2=512 prod1=512 prod2=512 dac_err=0 tx_drop=1034527 hb_ms=0 sma_state=6 m7_us=4200128917 m4_us=4197934533 vdd=5.067 offset=0.5000 aref=3.145 loop_us_avg=93 loop_us_max=5405 loop_hz=10752 cycle_log_ms=1 n_cycle=4 cc=1 cc_hz=1025 cc_i_tgt=0.1000 cc_u=0.5077 cc_r=4.9715 cc_tau_ms=7.00
[  28.739] [ADC
[  28.930] [STATUS] t_ms=4072671 hwm=5 cap=256 dropped=0 dropped_total=45171 crc_err=0 crc_err_total=0 rate1=512 rate2=512 prod1=512 prod2=512 dac_err=0 tx_drop=1034527 hb_ms=0 sma_state=6 m7_us=4201160458 m4_us=4198966081 vdd=5.067 offset=0.5000 aref=3.145 loop_us_avg=94 loop_us_max=5405 loop_hz=10638 cycle_log_ms=1 n_cycle=4 cc=1 cc_hz=1025 cc_i_tgt=0.1000 cc_u=0.5000 cc_r=4.9401 cc_tau_ms=7.00
[  29.749] [ADC
[  29.938] [STATUS] t_ms=4073671 hwm=5 cap=256 dropped=0 dropped_total=45171 crc_err=0 crc_err_total=0 rate1=512 rate2=512 prod1=512 prod2=512 dac_err=0 tx_drop=1034527 hb_ms=0 sma_state=6 m7_us=4202192006 m4_us=4199997624 vdd=5.067 offset=0.5000 aref=3.145 loop_us_avg=92 loop_us_max=5406 loop_hz=10869 cycle_log_ms=1 n_cycle=4 cc=1 cc_hz=1025 cc_i_tgt=0.1000 cc_u=0.5041 cc_r=5.0225 cc_tau_ms=7.00
[  30.754] [ADC
[  31.007] [STATUS] t_ms=4074671 hwm=5 cap=256 dropped=0 dropped_total=45171 crc_err=0 crc_err_total=0 rate1=512 rate2=512 prod1=512 prod2=512 dac_err=0 tx_drop=1034527 hb_ms=0 sma_state=6 m7_us=4203223556 m4_us=4201029173 vdd=5.067 offset=0.5000 aref=3.145 loop_us_avg=94 loop_us_max=5417 loop_hz=10638 cycle_log_ms=1 n_cycle=4 cc=1 cc_hz=1025 cc_i_tgt=0.1000 cc_u=0.5373 cc_r=5.1559 cc_tau_ms=7.00
[  31.574] [SMA] [ACT] heat n=3/6 I=450.0mA ms=300
[  31.763] 1]
[  31.763] [ADC
[  31.888] [SMA] [ACT] cool n=3/6 I=100.0mA ms=15000
[  32.015] [STATUS] t_ms=4075671 hwm=5 cap=256 dropped=0 dropped_total=45171 crc_err=0 crc_err_total=0 rate1=512 rate2=512 prod1=512 prod2=512 dac_err=0 tx_drop=1034527 hb_ms=0 sma_state=6 m7_us=4204255127 m4_us=4202060747 vdd=5.067 offset=0.5000 aref=3.145 loop_us_avg=93 loop_us_max=5397 loop_hz=10752 cycle_log_ms=1 n_cycle=4 cc=1 cc_hz=1024 cc_i_tgt=0.1000 cc_u=0.5000 cc_r=4.8403 cc_tau_ms=7.00
[  32.771] 1] ST
[  32.771] ATUS alarm(s): 0x89
[  32.771] [ADC
[  33.023] [STATUS] t_ms=4076671 hwm=5 cap=256 dropped=0 dropped_total=45171 crc_err=0 crc_err_total=0 rate1=512 rate2=512 prod1=512 prod2=512 dac_err=0 tx_drop=1034527 hb_ms=0 sma_state=6 m7_us=4205286683 m4_us=4203092299 vdd=5.067 offset=0.5000 aref=3.145 loop_us_avg=93 loop_us_max=5412 loop_hz=10752 cycle_log_ms=1 n_cycle=4 cc=1 cc_hz=1025 cc_i_tgt=0.1000 cc_u=0.5128 cc_r=5.0228 cc_tau_ms=7.00
[  33.781] [ADC
[  34.098] [STATUS] t_ms=4077671 hwm=5 cap=256 dropped=0 dropped_total=45171 crc_err=0 crc_err_total=0 rate1=512 rate2=512 prod1=512 prod2=512 dac_err=0 tx_drop=1034527 hb_ms=0 sma_state=6 m7_us=4206318259 m4_us=4204123867 vdd=5.067 offset=0.5000 aref=3.145 loop_us_avg=94 loop_us_max=5414 loop_hz=10638 cycle_log_ms=1 n_cycle=4 cc=1 cc_hz=1025 cc_i_tgt=0.1000 cc_u=0.5016 cc_r=4.9934 cc_tau_ms=7.00
[  34.795] [ADC
[  35.107] [STATUS] t_ms=4078671 hwm=5 cap=256 dropped=0 dropped_total=45171 crc_err=0 crc_err_total=0 rate1=512 rate2=512 prod1=512 prod2=512 dac_err=0 tx_drop=1034527 hb_ms=0 sma_state=6 m7_us=4207349838 m4_us=4205155457 vdd=5.067 offset=0.5000 aref=3.145 loop_us_avg=93 loop_us_max=5402 loop_hz=10752 cycle_log_ms=1 n_cycle=4 cc=1 cc_hz=1025 cc_i_tgt=0.1000 cc_u=0.5029 cc_r=5.0904 cc_tau_ms=7.00
[  35.801] [AD
[  36.118] [STATUS] t_ms=4079671 hwm=5 cap=256 dropped=0 dropped_total=45171 crc_err=0 crc_err_total=0 rate1=512 rate2=512 prod1=512 prod2=512 dac_err=0 tx_drop=1034527 hb_ms=0 sma_state=6 m7_us=4208381397 m4_us=4206187013 vdd=5.067 offset=0.5000 aref=3.145 loop_us_avg=94 loop_us_max=5406 loop_hz=10638 cycle_log_ms=1 n_cycle=4 cc=1 cc_hz=1025 cc_i_tgt=0.1000 cc_u=0.5000 cc_r=5.0240 cc_tau_ms=7.00
[  36.752] [ADC
[  37.196] [STATUS] t_ms=4080671 hwm=5 cap=256 dropped=0 dropped_total=45171 crc_err=0 crc_err_total=0 rate1=512 rate2=512 prod1=512 prod2=512 dac_err=0 tx_drop=1034527 hb_ms=0 sma_state=6 m7_us=4209412975 m4_us=4207218590 vdd=5.067 offset=0.5000 aref=3.145 loop_us_avg=93 loop_us_max=5419 loop_hz=10752 cycle_log_ms=1 n_cycle=4 cc=1 cc_hz=1025 cc_i_tgt=0.1000 cc_u=0.5130 cc_r=5.0894 cc_tau_ms=7.00
[  37.764] 1] S
[  37.764] TATUS alarm(s): 0xC
[  37.764] [ADC
[  38.209] [STATUS] t_ms=4081671 hwm=5 cap=256 dropped=0 dropped_total=45171 crc_err=0 crc_err_total=0 rate1=512 rate2=512 prod1=512 prod2=512 dac_err=0 tx_drop=1034527 hb_ms=0 sma_state=6 m7_us=4210444540 m4_us=4208250161 vdd=5.067 offset=0.5000 aref=3.145 loop_us_avg=94 loop_us_max=5409 loop_hz=10638 cycle_log_ms=1 n_cycle=4 cc=1 cc_hz=1025 cc_i_tgt=0.1000 cc_u=0.5000 cc_r=4.9509 cc_tau_ms=7.00
[  38.777] 1] STATUS alarm(s): 0x49 PGA
[  38.777] L_ALM
[  38.777] [ADC
[  39.221] [STATUS] t_ms=4082671 hwm=5 cap=256 dropped=0 dropped_total=45171 crc_err=0 crc_err_total=0 rate1=512 rate2=512 prod1=512 prod2=512 dac_err=0 tx_drop=1034527 hb_ms=0 sma_state=6 m7_us=4211476112 m4_us=4209281733 vdd=5.067 offset=0.5000 aref=3.145 loop_us_avg=93 loop_us_max=5404 loop_hz=10752 cycle_log_ms=1 n_cycle=4 cc=1 cc_hz=1025 cc_i_tgt=0.1000 cc_u=0.5000 cc_r=5.0055 cc_tau_ms=7.00
[  39.790] [AD
[  40.232] [STATUS] t_ms=4083671 hwm=5 cap=256 dropped=0 dropped_total=45171 crc_err=0 crc_err_total=0 rate1=512 rate2=512 prod1=512 prod2=512 dac_err=0 tx_drop=1034527 hb_ms=0 sma_state=6 m7_us=4212507687 m4_us=4210313307 vdd=5.067 offset=0.5000 aref=3.145 loop_us_avg=93 loop_us_max=5402 loop_hz=10752 cycle_log_ms=1 n_cycle=4 cc=1 cc_hz=1025 cc_i_tgt=0.1000 cc_u=0.5361 cc_r=5.1195 cc_tau_ms=7.00
[  40.803] [ADC
[  41.305] [STATUS] t_ms=4084671 hwm=5 cap=256 dropped=0 dropped_total=45171 crc_err=0 crc_err_total=0 rate1=512 rate2=512 prod1=512 prod2=512 dac_err=0 tx_drop=1034527 hb_ms=0 sma_state=6 m7_us=4213539273 m4_us=4211344888 vdd=5.067 offset=0.5000 aref=3.145 loop_us_avg=94 loop_us_max=5417 loop_hz=10638 cycle_log_ms=1 n_cycle=4 cc=1 cc_hz=1025 cc_i_tgt=0.1000 cc_u=0.5000 cc_r=4.9648 cc_tau_ms=7.00
[  41.810] [ADC
[  42.318] [STATUS] t_ms=4085671 hwm=5 cap=256 dropped=0 dropped_total=45171 crc_err=0 crc_err_total=0 rate1=512 rate2=512 prod1=512 prod2=512 dac_err=0 tx_drop=1034527 hb_ms=0 sma_state=6 m7_us=4214570849 m4_us=4212376459 vdd=5.067 offset=0.5000 aref=3.145 loop_us_avg=92 loop_us_max=5416 loop_hz=10869 cycle_log_ms=1 n_cycle=4 cc=1 cc_hz=1025 cc_i_tgt=0.1000 cc_u=0.5231 cc_r=5.1053 cc_tau_ms=7.00
[  42.822] 1] STATUS al
[  42.822] [ADC
[  43.332] [STATUS] t_ms=4086671 hwm=5 cap=256 dropped=0 dropped_total=45171 crc_err=0 crc_err_total=0 rate1=512 rate2=512 prod1=512 prod2=512 dac_err=0 tx_drop=1034527 hb_ms=0 sma_state=6 m7_us=4215602409 m4_us=4213408027 vdd=5.067 offset=0.5000 aref=3.145 loop_us_avg=94 loop_us_max=5416 loop_hz=10638 cycle_log_ms=1 n_cycle=4 cc=1 cc_hz=1025 cc_i_tgt=0.1000 cc_u=0.5000 cc_r=4.9788 cc_tau_ms=7.00
[  43.837] 1]
[  43.837] STATUS alarm(s): 0
[  43.837] [ADC
[  44.402] [STATUS] t_ms=4087671 hwm=5 cap=256 dropped=0 dropped_total=45171 crc_err=0 crc_err_total=0 rate1=512 rate2=512 prod1=512 prod2=512 dac_err=0 tx_drop=1034527 hb_ms=0 sma_state=6 m7_us=4216633985 m4_us=4214439601 vdd=5.067 offset=0.5000 aref=3.145 loop_us_avg=92 loop_us_max=5412 loop_hz=10869 cycle_log_ms=1 n_cycle=4 cc=1 cc_hz=1025 cc_i_tgt=0.1000 cc_u=0.5110 cc_r=4.9365 cc_tau_ms=7.00
[  44.847] [ADC
[  45.418] [STATUS] t_ms=4088671 hwm=5 cap=256 dropped=0 dropped_total=45171 crc_err=0 crc_err_total=0 rate1=512 rate2=512 prod1=512 prod2=512 dac_err=0 tx_drop=1034527 hb_ms=0 sma_state=6 m7_us=4217665547 m4_us=4215471173 vdd=5.067 offset=0.5000 aref=3.145 loop_us_avg=94 loop_us_max=5417 loop_hz=10638 cycle_log_ms=1 n_cycle=4 cc=1 cc_hz=1025 cc_i_tgt=0.1000 cc_u=0.5090 cc_r=5.0664 cc_tau_ms=7.00
[  45.859] [ADC
[  46.426] [STATUS] t_ms=4089671 hwm=5 cap=256 dropped=0 dropped_total=45171 crc_err=0 crc_err_total=0 rate1=512 rate2=512 prod1=512 prod2=512 dac_err=0 tx_drop=1034527 hb_ms=0 sma_state=6 m7_us=4218697105 m4_us=4216502728 vdd=5.067 offset=0.5000 aref=3.145 loop_us_avg=92 loop_us_max=5400 loop_hz=10869 cycle_log_ms=1 n_cycle=4 cc=1 cc_hz=1025 cc_i_tgt=0.1000 cc_u=0.5000 cc_r=5.0050 cc_tau_ms=7.00
[  46.869] [ADC
[  47.377] [SMA] [ACT] heat n=4/6 I=450.0mA ms=300
[  47.503] [STATUS] t_ms=4090671 hwm=5 cap=256 dropped=0 dropped_total=45171 crc_err=0 crc_err_total=0 rate1=512 rate2=512 prod1=512 prod2=512 dac_err=0 tx_drop=1034527 hb_ms=0 sma_state=5 m7_us=4219728662 m4_us=4217534283 vdd=5.067 offset=0.5000 aref=3.145 loop_us_avg=94 loop_us_max=5417 loop_hz=10638 cycle_log_ms=1 n_cycle=4 cc=1 cc_hz=1024 cc_i_tgt=0.4500 cc_u=1.9627 cc_r=4.5193 cc_tau_ms=7.00
[  47.692] [SMA] [ACT] cool n=4/6 I=100.0mA ms=15000
[  47.881] [ADC
[  48.512] [STATUS] t_ms=4091671 hwm=5 cap=256 dropped=0 dropped_total=45171 crc_err=0 crc_err_total=0 rate1=512 rate2=512 prod1=512 prod2=512 dac_err=0 tx_drop=1034527 hb_ms=0 sma_state=6 m7_us=4220760245 m4_us=4218565857 vdd=5.067 offset=0.5000 aref=3.145 loop_us_avg=94 loop_us_max=5410 loop_hz=10638 cycle_log_ms=1 n_cycle=4 cc=1 cc_hz=1024 cc_i_tgt=0.1000 cc_u=0.5156 cc_r=5.0893 cc_tau_ms=7.00
[  48.891] 1] STATU
[  48.891] [AD
[  49.524] [STATUS] t_ms=4092671 hwm=5 cap=256 dropped=0 dropped_total=45171 crc_err=0 crc_err_total=0 rate1=512 rate2=512 prod1=512 prod2=512 dac_err=0 tx_drop=1034527 hb_ms=0 sma_state=6 m7_us=4221791788 m4_us=4219597403 vdd=5.067 offset=0.5000 aref=3.145 loop_us_avg=94 loop_us_max=5411 loop_hz=10638 cycle_log_ms=1 n_cycle=4 cc=1 cc_hz=1025 cc_i_tgt=0.1000 cc_u=0.5441 cc_r=5.1996 cc_tau_ms=7.00
[  49.903] C1] STA
[  49.903] TUS alarm(s): 0x9
[  49.903] [ADC
[  50.584] [STATUS] t_ms=4093671 hwm=5 cap=256 dropped=0 dropped_total=45171 crc_err=0 crc_err_total=0 rate1=512 rate2=512 prod1=512 prod2=512 dac_err=0 tx_drop=1034527 hb_ms=0 sma_state=6 m7_us=4222823368 m4_us=4220628990 vdd=5.067 offset=0.5000 aref=3.145 loop_us_avg=94 loop_us_max=5417 loop_hz=10638 cycle_log_ms=1 n_cycle=4 cc=1 cc_hz=1025 cc_i_tgt=0.1000 cc_u=0.5000 cc_r=4.9615 cc_tau_ms=7.00
[  50.899] [ADC
[  51.592] [STATUS] t_ms=4094671 hwm=5 cap=256 dropped=0 dropped_total=45171 crc_err=0 crc_err_total=0 rate1=512 rate2=512 prod1=512 prod2=512 dac_err=0 tx_drop=1034527 hb_ms=0 sma_state=6 m7_us=4223854934 m4_us=4221660561 vdd=5.067 offset=0.5000 aref=3.145 loop_us_avg=94 loop_us_max=5414 loop_hz=10638 cycle_log_ms=1 n_cycle=4 cc=1 cc_hz=1025 cc_i_tgt=0.1000 cc_u=0.5000 cc_r=4.8619 cc_tau_ms=7.00
[  51.909] [ADC
[  52.665] [STATUS] t_ms=4095671 hwm=5 cap=256 dropped=0 dropped_total=45171 crc_err=0 crc_err_total=0 rate1=512 rate2=512 prod1=512 prod2=512 dac_err=0 tx_drop=1034527 hb_ms=0 sma_state=6 m7_us=4224886493 m4_us=4222692101 vdd=5.067 offset=0.5000 aref=3.145 loop_us_avg=94 loop_us_max=5399 loop_hz=10638 cycle_log_ms=1 n_cycle=4 cc=1 cc_hz=1025 cc_i_tgt=0.1000 cc_u=0.5000 cc_r=5.0641 cc_tau_ms=7.00
[  52.919] [AD
[  53.672] [STATUS] t_ms=4096671 hwm=5 cap=256 dropped=0 dropped_total=45171 crc_err=0 crc_err_total=0 rate1=512 rate2=512 prod1=512 prod2=512 dac_err=0 tx_drop=1034527 hb_ms=0 sma_state=6 m7_us=4225918043 m4_us=4223723656 vdd=5.067 offset=0.5000 aref=3.145 loop_us_avg=94 loop_us_max=5470 loop_hz=10638 cycle_log_ms=1 n_cycle=4 cc=1 cc_hz=1025 cc_i_tgt=0.1000 cc_u=0.5085 cc_r=5.1118 cc_tau_ms=7.00
[  53.924] [ADC
[  54.680] [STATUS] t_ms=4097671 hwm=5 cap=256 dropped=0 dropped_total=45171 crc_err=0 crc_err_total=0 rate1=512 rate2=512 prod1=512 prod2=512 dac_err=0 tx_drop=1034527 hb_ms=0 sma_state=6 m7_us=4226949607 m4_us=4224755224 vdd=5.067 offset=0.5000 aref=3.145 loop_us_avg=94 loop_us_max=5420 loop_hz=10638 cycle_log_ms=1 n_cycle=4 cc=1 cc_hz=1025 cc_i_tgt=0.1000 cc_u=0.5039 cc_r=5.1690 cc_tau_ms=7.00
[  54.932] 1] STATUS al
[  54.932] [ADC
[  55.756] [STATUS] t_ms=4098671 hwm=5 cap=256 dropped=0 dropped_total=45171 crc_err=0 crc_err_total=0 rate1=512 rate2=512 prod1=512 prod2=512 dac_err=0 tx_drop=1034527 hb_ms=0 sma_state=6 m7_us=4227981177 m4_us=4225786792 vdd=5.067 offset=0.5000 aref=3.145 loop_us_avg=92 loop_us_max=5413 loop_hz=10869 cycle_log_ms=1 n_cycle=4 cc=1 cc_hz=1025 cc_i_tgt=0.1000 cc_u=0.5076 cc_r=5.1625 cc_tau_ms=7.00
[  55.946] [ADC
[  56.765] [STATUS] t_ms=4099671 hwm=5 cap=256 dropped=0 dropped_total=45171 crc_err=0 crc_err_total=0 rate1=512 rate2=512 prod1=512 prod2=512 dac_err=0 tx_drop=1034527 hb_ms=0 sma_state=6 m7_us=4229012739 m4_us=4226818341 vdd=5.067 offset=0.5000 aref=3.145 loop_us_avg=94 loop_us_max=5423 loop_hz=10638 cycle_log_ms=1 n_cycle=4 cc=1 cc_hz=1025 cc_i_tgt=0.1000 cc_u=0.5000 cc_r=4.9820 cc_tau_ms=7.00
[  56.954] [ADC
[  57.776] [STATUS] t_ms=4100671 hwm=5 cap=256 dropped=0 dropped_total=45171 crc_err=0 crc_err_total=0 rate1=512 rate2=512 prod1=512 prod2=512 dac_err=0 tx_drop=1034527 hb_ms=0 sma_state=6 m7_us=4230044273 m4_us=4227849893 vdd=5.067 offset=0.5000 aref=3.145 loop_us_avg=92 loop_us_max=5430 loop_hz=10869 cycle_log_ms=1 n_cycle=4 cc=1 cc_hz=1025 cc_i_tgt=0.1000 cc_u=0.5000 cc_r=5.1189 cc_tau_ms=7.00
[  57.903] [ADC
[  58.849] [STATUS] t_ms=4101671 hwm=5 cap=256 dropped=0 dropped_total=45171 crc_err=0 crc_err_total=0 rate1=512 rate2=512 prod1=512 prod2=512 dac_err=0 tx_drop=1034527 hb_ms=0 sma_state=6 m7_us=4231075804 m4_us=4228881425 vdd=5.067 offset=0.5000 aref=3.145 loop_us_avg=94 loop_us_max=5404 loop_hz=10638 cycle_log_ms=1 n_cycle=4 cc=1 cc_hz=1025 cc_i_tgt=0.1000 cc_u=0.5000 cc_r=5.0213 cc_tau_ms=7.00
[  58.912] [ADC
[  59.858] [STATUS] t_ms=4102671 hwm=5 cap=256 dropped=0 dropped_total=45171 crc_err=0 crc_err_total=0 rate1=512 rate2=512 prod1=512 prod2=512 dac_err=0 tx_drop=1034527 hb_ms=0 sma_state=6 m7_us=4232107289 m4_us=4229912904 vdd=5.067 offset=0.5000 aref=3.145 loop_us_avg=94 loop_us_max=5415 loop_hz=10638 cycle_log_ms=1 n_cycle=4 cc=1 cc_hz=1025 cc_i_tgt=0.1000 cc_u=0.5143 cc_r=5.1023 cc_tau_ms=7.00
[  59.920] 1] ST
[  59.920] [ADC
[  60.871] [STATUS] t_ms=4103671 hwm=5 cap=256 dropped=0 dropped_total=45171 crc_err=0 crc_err_total=0 rate1=512 rate2=512 prod1=512 prod2=512 dac_err=0 tx_drop=1034527 hb_ms=0 sma_state=6 m7_us=4233138811 m4_us=4230944424 vdd=5.067 offset=0.5000 aref=3.145 loop_us_avg=94 loop_us_max=5414 loop_hz=10638 cycle_log_ms=1 n_cycle=4 cc=1 cc_hz=1025 cc_i_tgt=0.1000 cc_u=0.5045 cc_r=5.0639 cc_tau_ms=7.00
[  60.934] 1]
[  60.934] STATUS alarm(s): 0
[  60.934] [ADC
[  61.945] [STATUS] t_ms=4104671 hwm=5 cap=256 dropped=0 dropped_total=45171 crc_err=0 crc_err_total=0 rate1=512 rate2=512 prod1=512 prod2=512 dac_err=0 tx_drop=1034527 hb_ms=0 sma_state=6 m7_us=4234170361 m4_us=4231975982 vdd=5.067 offset=0.5000 aref=3.145 loop_us_avg=94 loop_us_max=5415 loop_hz=10638 cycle_log_ms=1 n_cycle=4 cc=1 cc_hz=1025 cc_i_tgt=0.1000 cc_u=0.5021 cc_r=4.9634 cc_tau_ms=7.00
[  61.945] [AD
[  62.956] [STATUS] t_ms=4105671 hwm=5 cap=256 dropped=0 dropped_total=45171 crc_err=0 crc_err_total=0 rate1=512 rate2=512 prod1=512 prod2=512 dac_err=0 tx_drop=1034527 hb_ms=0 sma_state=6 m7_us=4235201929 m4_us=4233007544 vdd=5.067 offset=0.5000 aref=3.145 loop_us_avg=94 loop_us_max=5396 loop_hz=10638 cycle_log_ms=1 n_cycle=4 cc=1 cc_hz=1025 cc_i_tgt=0.1000 cc_u=0.5064 cc_r=5.1475 cc_tau_ms=7.00
[  62.956] [ADC
[  63.146] [SMA] [ACT] heat n=5/6 I=450.0mA ms=300
[  63.461] [SMA] [ACT] cool n=5/6 I=100.0mA ms=15000
[  63.966] 1] STATUS
[  63.966] [ADC
[  63.966] [STATUS] t_ms=4106671 hwm=5 cap=256 dropped=0 dropped_total=45171 crc_err=0 crc_err_total=0 rate1=512 rate2=512 prod1=512 prod2=512 dac_err=0 tx_drop=1034527 hb_ms=0 sma_state=6 m7_us=4236233479 m4_us=4234039096 vdd=5.067 offset=0.5000 aref=3.145 loop_us_avg=94 loop_us_max=5401 loop_hz=10638 cycle_log_ms=1 n_cycle=4 cc=1 cc_hz=1024 cc_i_tgt=0.1000 cc_u=0.5000 cc_r=4.9323 cc_tau_ms=7.00
[  64.974] [ADC
[  65.038] [STATUS] t_ms=4107671 hwm=5 cap=256 dropped=0 dropped_total=45171 crc_err=0 crc_err_total=0 rate1=512 rate2=512 prod1=512 prod2=512 dac_err=0 tx_drop=1034527 hb_ms=0 sma_state=6 m7_us=4237265036 m4_us=4235070648 vdd=5.067 offset=0.5000 aref=3.145 loop_us_avg=94 loop_us_max=5408 loop_hz=10638 cycle_log_ms=1 n_cycle=4 cc=1 cc_hz=1025 cc_i_tgt=0.1000 cc_u=0.5075 cc_r=5.0281 cc_tau_ms=7.00
[  65.983] [AD
[  66.046] [STATUS] t_ms=4108671 hwm=5 cap=256 dropped=0 dropped_total=45171 crc_err=0 crc_err_total=0 rate1=512 rate2=512 prod1=512 prod2=512 dac_err=0 tx_drop=1034527 hb_ms=0 sma_state=6 m7_us=4238296599 m4_us=4236102222 vdd=5.067 offset=0.5000 aref=3.145 loop_us_avg=92 loop_us_max=5418 loop_hz=10869 cycle_log_ms=1 n_cycle=4 cc=1 cc_hz=1025 cc_i_tgt=0.1000 cc_u=0.5122 cc_r=5.0900 cc_tau_ms=7.00
[  66.993] C1
[  66.993] [ADC
[  67.057] [STATUS] t_ms=4109671 hwm=5 cap=256 dropped=0 dropped_total=45171 crc_err=0 crc_err_total=0 rate1=512 rate2=512 prod1=512 prod2=512 dac_err=0 tx_drop=1034527 hb_ms=0 sma_state=6 m7_us=4239328172 m4_us=4237133781 vdd=5.067 offset=0.5000 aref=3.145 loop_us_avg=94 loop_us_max=5416 loop_hz=10638 cycle_log_ms=1 n_cycle=4 cc=1 cc_hz=1025 cc_i_tgt=0.1000 cc_u=0.5000 cc_r=5.0590 cc_tau_ms=7.00
[  68.003] 1] STATUS alarm(s): 0xC9 PGA
[  68.003] L_ALM
[  68.003] [ADC
[  68.128] [STATUS] t_ms=4110671 hwm=5 cap=256 dropped=0 dropped_total=45171 crc_err=0 crc_err_total=0 rate1=512 rate2=512 prod1=512 prod2=512 dac_err=0 tx_drop=1034527 hb_ms=0 sma_state=6 m7_us=4240359709 m4_us=4238165326 vdd=5.067 offset=0.5000 aref=3.145 loop_us_avg=92 loop_us_max=5426 loop_hz=10869 cycle_log_ms=1 n_cycle=4 cc=1 cc_hz=1025 cc_i_tgt=0.1000 cc_u=0.5028 cc_r=4.9585 cc_tau_ms=7.00
[  69.015] [ADC
[  69.142] [STATUS] t_ms=4111671 hwm=5 cap=256 dropped=0 dropped_total=45171 crc_err=0 crc_err_total=0 rate1=512 rate2=512 prod1=512 prod2=512 dac_err=0 tx_drop=1034527 hb_ms=0 sma_state=6 m7_us=4241391268 m4_us=4239196881 vdd=5.067 offset=0.5000 aref=3.145 loop_us_avg=93 loop_us_max=5414 loop_hz=10752 cycle_log_ms=1 n_cycle=4 cc=1 cc_hz=1025 cc_i_tgt=0.1000 cc_u=0.5003 cc_r=5.0194 cc_tau_ms=7.00
[  70.022] [ADC
[  70.149] [STATUS] t_ms=4112671 hwm=5 cap=256 dropped=0 dropped_total=45171 crc_err=0 crc_err_total=0 rate1=512 rate2=512 prod1=512 prod2=512 dac_err=0 tx_drop=1034527 hb_ms=0 sma_state=6 m7_us=4242422786 m4_us=4240228401 vdd=5.067 offset=0.5000 aref=3.145 loop_us_avg=94 loop_us_max=5419 loop_hz=10638 cycle_log_ms=1 n_cycle=4 cc=1 cc_hz=1025 cc_i_tgt=0.1000 cc_u=0.5010 cc_r=4.9530 cc_tau_ms=7.00
[  71.034] [ADC
[  71.225] [STATUS] t_ms=4113671 hwm=5 cap=256 dropped=0 dropped_total=45171 crc_err=0 crc_err_total=0 rate1=512 rate2=512 prod1=512 prod2=512 dac_err=0 tx_drop=1034527 hb_ms=0 sma_state=6 m7_us=4243454321 m4_us=4241259928 vdd=5.067 offset=0.5000 aref=3.145 loop_us_avg=94 loop_us_max=5396 loop_hz=10638 cycle_log_ms=1 n_cycle=4 cc=1 cc_hz=1025 cc_i_tgt=0.1000 cc_u=0.5000 cc_r=5.0179 cc_tau_ms=7.00
[  72.040] [ADC
[  72.230] [STATUS] t_ms=4114671 hwm=5 cap=256 dropped=0 dropped_total=45171 crc_err=0 crc_err_total=0 rate1=512 rate2=512 prod1=512 prod2=512 dac_err=0 tx_drop=1034527 hb_ms=0 sma_state=6 m7_us=4244485858 m4_us=4242291473 vdd=5.067 offset=0.5000 aref=3.145 loop_us_avg=93 loop_us_max=5422 loop_hz=10752 cycle_log_ms=1 n_cycle=4 cc=1 cc_hz=1025 cc_i_tgt=0.1000 cc_u=0.5323 cc_r=5.0753 cc_tau_ms=7.00
[  73.052] 1] STATUS al
[  73.052] [ADC
[  73.242] [STATUS] t_ms=4115671 hwm=5 cap=256 dropped=0 dropped_total=45171 crc_err=0 crc_err_total=0 rate1=512 rate2=512 prod1=512 prod2=512 dac_err=0 tx_drop=1034527 hb_ms=0 sma_state=6 m7_us=4245517383 m4_us=4243323006 vdd=5.067 offset=0.5000 aref=3.145 loop_us_avg=93 loop_us_max=5404 loop_hz=10752 cycle_log_ms=1 n_cycle=4 cc=1 cc_hz=1025 cc_i_tgt=0.1000 cc_u=0.5385 cc_r=5.1665 cc_tau_ms=7.00
[  74.063] [ADC
[  74.317] [STATUS] t_ms=4116671 hwm=5 cap=256 dropped=0 dropped_total=45171 crc_err=0 crc_err_total=0 rate1=512 rate2=512 prod1=512 prod2=512 dac_err=0 tx_drop=1034527 hb_ms=0 sma_state=6 m7_us=4246548912 m4_us=4244354523 vdd=5.067 offset=0.5000 aref=3.145 loop_us_avg=94 loop_us_max=5418 loop_hz=10638 cycle_log_ms=1 n_cycle=4 cc=1 cc_hz=1025 cc_i_tgt=0.1000 cc_u=0.5033 cc_r=4.9555 cc_tau_ms=7.00
[  75.074] [AD
[  75.326] [STATUS] t_ms=4117671 hwm=5 cap=256 dropped=0 dropped_total=45171 crc_err=0 crc_err_total=0 rate1=512 rate2=512 prod1=512 prod2=512 dac_err=0 tx_drop=1034527 hb_ms=0 sma_state=6 m7_us=4247580470 m4_us=4245386085 vdd=5.067 offset=0.5000 aref=3.145 loop_us_avg=93 loop_us_max=5462 loop_hz=10752 cycle_log_ms=1 n_cycle=4 cc=1 cc_hz=1025 cc_i_tgt=0.1000 cc_u=0.5258 cc_r=5.1607 cc_tau_ms=7.00
[  76.080] ALM
[  76.080] [ADC
[  76.395] [STATUS] t_ms=4118671 hwm=5 cap=256 dropped=0 dropped_total=45171 crc_err=0 crc_err_total=0 rate1=512 rate2=512 prod1=512 prod2=512 dac_err=0 tx_drop=1034527 hb_ms=0 sma_state=6 m7_us=4248612044 m4_us=4246417659 vdd=5.067 offset=0.5000 aref=3.145 loop_us_avg=92 loop_us_max=5425 loop_hz=10869 cycle_log_ms=1 n_cycle=4 cc=1 cc_hz=1025 cc_i_tgt=0.1000 cc_u=0.5157 cc_r=5.0964 cc_tau_ms=7.00
[  77.090] [ADC
[  77.405] [STATUS] t_ms=4119671 hwm=5 cap=256 dropped=0 dropped_total=45171 crc_err=0 crc_err_total=0 rate1=512 rate2=512 prod1=512 prod2=512 dac_err=0 tx_drop=1034527 hb_ms=0 sma_state=6 m7_us=4249643637 m4_us=4247449249 vdd=5.067 offset=0.5000 aref=3.145 loop_us_avg=94 loop_us_max=5415 loop_hz=10638 cycle_log_ms=1 n_cycle=4 cc=1 cc_hz=1025 cc_i_tgt=0.1000 cc_u=0.5097 cc_r=5.0155 cc_tau_ms=7.00
[  78.098] [ADC
[  78.414] [STATUS] t_ms=4120671 hwm=5 cap=256 dropped=0 dropped_total=45171 crc_err=0 crc_err_total=0 rate1=512 rate2=512 prod1=512 prod2=512 dac_err=0 tx_drop=1034527 hb_ms=0 sma_state=6 m7_us=4250675200 m4_us=4248480821 vdd=5.067 offset=0.5000 aref=3.145 loop_us_avg=92 loop_us_max=5410 loop_hz=10869 cycle_log_ms=1 n_cycle=4 cc=1 cc_hz=1025 cc_i_tgt=0.1000 cc_u=0.5276 cc_r=5.1567 cc_tau_ms=7.00
[  78.920] [SMA] [ACT] heat n=6/6 I=450.0mA ms=300
[  79.111] [ADC
[  79.239] [SMA] [ACT] cool n=6/6 I=100.0mA ms=15000
[  79.430] [STATUS] t_ms=4121671 hwm=5 cap=256 dropped=0 dropped_total=45171 crc_err=0 crc_err_total=0 rate1=512 rate2=512 prod1=512 prod2=512 dac_err=0 tx_drop=1034527 hb_ms=0 sma_state=6 m7_us=4251706744 m4_us=4249512353 vdd=5.067 offset=0.5000 aref=3.145 loop_us_avg=94 loop_us_max=5400 loop_hz=10638 cycle_log_ms=1 n_cycle=4 cc=1 cc_hz=1023 cc_i_tgt=0.1000 cc_u=0.5000 cc_r=4.9789 cc_tau_ms=7.00
[  80.123] [ADC
[  80.501] [STATUS] t_ms=4122671 hwm=5 cap=256 dropped=0 dropped_total=45171 crc_err=0 crc_err_total=0 rate1=512 rate2=512 prod1=512 prod2=512 dac_err=0 tx_drop=1034527 hb_ms=0 sma_state=6 m7_us=4252738281 m4_us=4250543893 vdd=5.067 offset=0.5000 aref=3.145 loop_us_avg=92 loop_us_max=5425 loop_hz=10869 cycle_log_ms=1 n_cycle=4 cc=1 cc_hz=1025 cc_i_tgt=0.1000 cc_u=0.5114 cc_r=4.9596 cc_tau_ms=7.00
[  81.128] 1]
[  81.128] STATUS alarm(s): 0
[  81.128] [AD
[  81.506] [STATUS] t_ms=4123671 hwm=5 cap=256 dropped=0 dropped_total=45171 crc_err=0 crc_err_total=0 rate1=512 rate2=512 prod1=512 prod2=512 dac_err=0 tx_drop=1034527 hb_ms=0 sma_state=6 m7_us=4253769868 m4_us=4251575457 vdd=5.067 offset=0.5000 aref=3.145 loop_us_avg=92 loop_us_max=5400 loop_hz=10869 cycle_log_ms=1 n_cycle=4 cc=1 cc_hz=1025 cc_i_tgt=0.1000 cc_u=0.5166 cc_r=5.0019 cc_tau_ms=7.00
[  82.140] [AD
[  82.582] [STATUS] t_ms=4124671 hwm=5 cap=256 dropped=0 dropped_total=45171 crc_err=0 crc_err_total=0 rate1=512 rate2=512 prod1=512 prod2=512 dac_err=0 tx_drop=1034527 hb_ms=0 sma_state=6 m7_us=4254801347 m4_us=4252606965 vdd=5.067 offset=0.5000 aref=3.145 loop_us_avg=94 loop_us_max=5441 loop_hz=10638 cycle_log_ms=1 n_cycle=4 cc=1 cc_hz=1025 cc_i_tgt=0.1000 cc_u=0.5325 cc_r=5.0982 cc_tau_ms=7.00
[  83.086] C1] S
[  83.086] [AD
[  83.592] [STATUS] t_ms=4125671 hwm=5 cap=256 dropped=0 dropped_total=45171 crc_err=0 crc_err_total=0 rate1=512 rate2=512 prod1=512 prod2=512 dac_err=0 tx_drop=1034527 hb_ms=0 sma_state=6 m7_us=4255832897 m4_us=4253638504 vdd=5.067 offset=0.5000 aref=3.145 loop_us_avg=94 loop_us_max=5421 loop_hz=10638 cycle_log_ms=1 n_cycle=4 cc=1 cc_hz=1025 cc_i_tgt=0.1000 cc_u=0.5000 cc_r=5.1253 cc_tau_ms=7.00
[  84.092] [A
[  84.597] [STATUS] t_ms=4126671 hwm=5 cap=256 dropped=0 dropped_total=45171 crc_err=0 crc_err_total=0 rate1=512 rate2=512 prod1=512 prod2=512 dac_err=0 tx_drop=1034527 hb_ms=0 sma_state=6 m7_us=4256864484 m4_us=4254670101 vdd=5.067 offset=0.5000 aref=3.145 loop_us_avg=92 loop_us_max=5426 loop_hz=10869 cycle_log_ms=1 n_cycle=4 cc=1 cc_hz=1025 cc_i_tgt=0.1000 cc_u=0.5137 cc_r=5.0890 cc_tau_ms=7.00
[  85.103] [AD
[  85.670] [STATUS] t_ms=4127671 hwm=5 cap=256 dropped=0 dropped_total=45171 crc_err=0 crc_err_total=0 rate1=512 rate2=512 prod1=512 prod2=512 dac_err=0 tx_drop=1034527 hb_ms=0 sma_state=6 m7_us=4257896061 m4_us=4255701678 vdd=5.067 offset=0.5000 aref=3.145 loop_us_avg=94 loop_us_max=5405 loop_hz=10638 cycle_log_ms=1 n_cycle=4 cc=1 cc_hz=1025 cc_i_tgt=0.1000 cc_u=0.5225 cc_r=5.0966 cc_tau_ms=7.00
[  86.111] C1] ST
[  86.111] ATUS alarm(s): 0xC9
[  86.111] [AD
[  86.677] [STATUS] t_ms=4128671 hwm=5 cap=256 dropped=0 dropped_total=45171 crc_err=0 crc_err_total=0 rate1=512 rate2=512 prod1=512 prod2=512 dac_err=0 tx_drop=1034527 hb_ms=0 sma_state=6 m7_us=4258927663 m4_us=4256733269 vdd=5.067 offset=0.5000 aref=3.145 loop_us_avg=94 loop_us_max=5426 loop_hz=10638 cycle_log_ms=1 n_cycle=4 cc=1 cc_hz=1025 cc_i_tgt=0.1000 cc_u=0.5094 cc_r=4.9721 cc_tau_ms=7.00
[  87.118] C1] STATU
[  87.118] S alarm(s): 0xC9 PG
[  87.118] AL_ALM
[  87.118] [AD
[  87.683] [STATUS] t_ms=4129671 hwm=5 cap=256 dropped=0 dropped_total=45171 crc_err=0 crc_err_total=0 rate1=512 rate2=512 prod1=512 prod2=512 dac_err=0 tx_drop=1034527 hb_ms=0 sma_state=6 m7_us=4259959218 m4_us=4257764840 vdd=5.067 offset=0.5000 aref=3.145 loop_us_avg=92 loop_us_max=5430 loop_hz=10869 cycle_log_ms=1 n_cycle=4 cc=1 cc_hz=1025 cc_i_tgt=0.1000 cc_u=0.5130 cc_r=5.1171 cc_tau_ms=7.00
[  88.127] [AD
[  88.758] [STATUS] t_ms=4130671 hwm=5 cap=256 dropped=0 dropped_total=45171 crc_err=0 crc_err_total=0 rate1=512 rate2=512 prod1=512 prod2=512 dac_err=0 tx_drop=1034527 hb_ms=0 sma_state=6 m7_us=4260990830 m4_us=4258796449 vdd=5.067 offset=0.5000 aref=3.145 loop_us_avg=94 loop_us_max=5414 loop_hz=10638 cycle_log_ms=1 n_cycle=4 cc=1 cc_hz=1025 cc_i_tgt=0.1000 cc_u=0.5000 cc_r=5.0119 cc_tau_ms=7.00
[  89.202] [AD
[  89.770] [STATUS] t_ms=4131671 hwm=5 cap=256 dropped=0 dropped_total=45171 crc_err=0 crc_err_total=0 rate1=512 rate2=512 prod1=512 prod2=512 dac_err=0 tx_drop=1034527 hb_ms=0 sma_state=6 m7_us=4262022403 m4_us=4259828021 vdd=5.067 offset=0.5000 aref=3.145 loop_us_avg=93 loop_us_max=5413 loop_hz=10752 cycle_log_ms=1 n_cycle=4 cc=1 cc_hz=1025 cc_i_tgt=0.1000 cc_u=0.5062 cc_r=5.1036 cc_tau_ms=7.00
[  90.148] [AD
[  90.777] [STATUS] t_ms=4132671 hwm=5 cap=256 dropped=0 dropped_total=45171 crc_err=0 crc_err_total=0 rate1=512 rate2=512 prod1=512 prod2=512 dac_err=0 tx_drop=1034527 hb_ms=0 sma_state=6 m7_us=4263053914 m4_us=4260859537 vdd=5.067 offset=0.5000 aref=3.145 loop_us_avg=94 loop_us_max=5408 loop_hz=10638 cycle_log_ms=1 n_cycle=4 cc=1 cc_hz=1025 cc_i_tgt=0.1000 cc_u=0.5090 cc_r=5.0594 cc_tau_ms=7.00
[  91.159] C1
[  91.159] [AD
[  91.850] [STATUS] t_ms=4133671 hwm=5 cap=256 dropped=0 dropped_total=45171 crc_err=0 crc_err_total=0 rate1=512 rate2=512 prod1=512 prod2=512 dac_err=0 tx_drop=1034527 hb_ms=0 sma_state=6 m7_us=4264085513 m4_us=4261891096 vdd=5.067 offset=0.5000 aref=3.145 loop_us_avg=94 loop_us_max=5398 loop_hz=10638 cycle_log_ms=1 n_cycle=4 cc=1 cc_hz=1025 cc_i_tgt=0.1000 cc_u=0.5082 cc_r=5.0613 cc_tau_ms=7.00
[  92.168] C1
[  92.168] ] STATUS alarm(s)
[  92.168] [AD
[  92.863] [STATUS] t_ms=4134671 hwm=5 cap=256 dropped=0 dropped_total=45171 crc_err=0 crc_err_total=0 rate1=512 rate2=512 prod1=512 prod2=512 dac_err=0 tx_drop=1034527 hb_ms=0 sma_state=6 m7_us=4265117075 m4_us=4262922699 vdd=5.067 offset=0.5000 aref=3.145 loop_us_avg=94 loop_us_max=5445 loop_hz=10638 cycle_log_ms=1 n_cycle=4 cc=1 cc_hz=1025 cc_i_tgt=0.1000 cc_u=0.5237 cc_r=5.1303 cc_tau_ms=7.00
[  93.180] [A
[  93.874] [STATUS] t_ms=4135671 hwm=5 cap=256 dropped=0 dropped_total=45171 crc_err=0 crc_err_total=0 rate1=512 rate2=512 prod1=512 prod2=512 dac_err=0 tx_drop=1034527 hb_ms=0 sma_state=6 m7_us=4266148662 m4_us=4263954280 vdd=5.067 offset=0.5000 aref=3.145 loop_us_avg=92 loop_us_max=5400 loop_hz=10869 cycle_log_ms=1 n_cycle=4 cc=1 cc_hz=1025 cc_i_tgt=0.1000 cc_u=0.5000 cc_r=4.8780 cc_tau_ms=7.00
[  94.189] [AD
[  94.755] [SMA] [ACT] -> idle (done) after 6 cycle(s); still armed
