[   0.065] [SMA] ARMED (MOSFET on); idle=0.500 V
[   0.066] [STATUS] t_ms=2760962 hwm=5 cap=256 dropped=0 dropped_total=35727 crc_err=0 crc_err_total=0 rate1=512 rate2=512 prod1=512 prod2=512 dac_err=0 tx_drop=1034527 hb_ms=0 sma_state=0 m7_us=2847974598 m4_us=2845779901 vdd=5.067 offset=0.5000 aref=3.145 loop_us_avg=21 loop_us_max=4626 loop_hz=47619 cycle_log_ms=1 n_cycle=4 cc=0 cc_hz=0 cc_i_tgt=0.1000 cc_u=0.5122 cc_r=5.0758 cc_tau_ms=7.00
[   0.066] [ADC1] STATU
[   1.066] S alarm(
[   1.066] [ADC1] STAT
[   1.066] [STATUS] t_ms=2761962 hwm=5 cap=256 dropped=0 dropped_total=35727 crc_err=0 crc_err_total=0 rate1=512 rate2=512 prod1=512 prod2=512 dac_err=0 tx_drop=1034527 hb_ms=0 sma_state=0 m7_us=2849006370 m4_us=2846811700 vdd=5.067 offset=0.5000 aref=3.145 loop_us_avg=22 loop_us_max=4634 loop_hz=45454 cycle_log_ms=1 n_cycle=4 cc=0 cc_hz=0 cc_i_tgt=0.1000 cc_u=0.5122 cc_r=5.0758 cc_tau_ms=7.00
[   0.062] [SMA] [CC] start i_high=250.0mA i_low=100.0mA t_high=200 t_idle=15000 n=6 (0=cont) tau_ms=7.0 wdt_ms=5000
[   0.062] [SMA] [ACT] heat n=1/6 I=250.0mA ms=200
[   0.062] US alarm
[   0.062] [ADC1] STATU
[   0.062] [STATUS] t_ms=2762962 hwm=5 cap=256 dropped=0 dropped_total=35727 crc_err=0 crc_err_total=0 rate1=512 rate2=512 prod1=512 prod2=512 dac_err=0 tx_drop=1034527 hb_ms=0 sma_state=5 m7_us=2850038254 m4_us=2847843472 vdd=5.067 offset=0.5000 aref=3.145 loop_us_avg=23 loop_us_max=4628 loop_hz=43478 cycle_log_ms=1 n_cycle=4 cc=1 cc_hz=53 cc_i_tgt=0.2500 cc_u=0.5590 cc_r=0.0000 cc_tau_ms=7.00
[   0.251] [SMA] [ACT] cool n=1/6 I=100.0mA ms=15000
[   1.072] [ADC1] STATU
[   1.136] [STATUS] t_ms=2763962 hwm=6 cap=256 dropped=0 dropped_total=35727 crc_err=0 crc_err_total=0 rate1=512 rate2=513 prod1=512 prod2=513 dac_err=0 tx_drop=1034527 hb_ms=0 sma_state=6 m7_us=2851070575 m4_us=2848876232 vdd=5.067 offset=0.5000 aref=3.145 loop_us_avg=92 loop_us_max=5385 loop_hz=10869 cycle_log_ms=1 n_cycle=4 cc=1 cc_hz=1025 cc_i_tgt=0.1000 cc_u=0.5000 cc_r=4.9888 cc_tau_ms=7.00
[   2.086] S alarm(
[   2.086] [ADC1] STATU
[   2.149] [STATUS] t_ms=2764962 hwm=5 cap=256 dropped=0 dropped_total=35727 crc_err=0 crc_err_total=0 rate1=512 rate2=512 prod1=512 prod2=512 dac_err=0 tx_drop=1034527 hb_ms=0 sma_state=6 m7_us=2852102232 m4_us=2849907886 vdd=5.067 offset=0.5000 aref=3.145 loop_us_avg=93 loop_us_max=5407 loop_hz=10752 cycle_log_ms=1 n_cycle=4 cc=1 cc_hz=1025 cc_i_tgt=0.1000 cc_u=0.5089 cc_r=5.0227 cc_tau_ms=7.00
[   3.093] [A
[   3.093] DC1] STATU
[   3.220] [STATUS] t_ms=2765962 hwm=5 cap=256 dropped=0 dropped_total=35727 crc_err=0 crc_err_total=0 rate1=512 rate2=512 prod1=512 prod2=512 dac_err=0 tx_drop=1034527 hb_ms=0 sma_state=6 m7_us=2853133915 m4_us=2850939566 vdd=5.067 offset=0.5000 aref=3.145 loop_us_avg=94 loop_us_max=5403 loop_hz=10638 cycle_log_ms=1 n_cycle=4 cc=1 cc_hz=1025 cc_i_tgt=0.1000 cc_u=0.5003 cc_r=5.0469 cc_tau_ms=7.00
[   4.044] [ADC1] STATU
[   4.234] [STATUS] t_ms=2766962 hwm=5 cap=256 dropped=0 dropped_total=35727 crc_err=0 crc_err_total=0 rate1=512 rate2=512 prod1=512 prod2=512 dac_err=0 tx_drop=1034527 hb_ms=0 sma_state=6 m7_us=2854165533 m4_us=2851971185 vdd=5.067 offset=0.5000 aref=3.145 loop_us_avg=92 loop_us_max=5448 loop_hz=10869 cycle_log_ms=1 n_cycle=4 cc=1 cc_hz=1025 cc_i_tgt=0.1000 cc_u=0.5002 cc_r=4.9737 cc_tau_ms=7.00
[   5.053] [ADC1] STATU
[   5.240] [STATUS] t_ms=2767962 hwm=5 cap=256 dropped=0 dropped_total=35727 crc_err=0 crc_err_total=0 rate1=512 rate2=512 prod1=512 prod2=512 dac_err=0 tx_drop=1034527 hb_ms=0 sma_state=6 m7_us=2855197147 m4_us=2853002795 vdd=5.067 offset=0.5000 aref=3.145 loop_us_avg=94 loop_us_max=5408 loop_hz=10638 cycle_log_ms=1 n_cycle=4 cc=1 cc_hz=1025 cc_i_tgt=0.1000 cc_u=0.5068 cc_r=5.1309 cc_tau_ms=7.00
[   6.059] [ADC1] STATU
[   6.313] [STATUS] t_ms=2768962 hwm=5 cap=256 dropped=0 dropped_total=35727 crc_err=0 crc_err_total=0 rate1=512 rate2=512 prod1=512 prod2=512 dac_err=0 tx_drop=1034527 hb_ms=0 sma_state=6 m7_us=2856228745 m4_us=2854034401 vdd=5.067 offset=0.5000 aref=3.145 loop_us_avg=94 loop_us_max=5404 loop_hz=10638 cycle_log_ms=1 n_cycle=4 cc=1 cc_hz=1025 cc_i_tgt=0.1000 cc_u=0.5080 cc_r=5.0792 cc_tau_ms=7.00
[   7.068] S alarm(s
[   7.068] [ADC1] STATU
[   7.322] [STATUS] t_ms=2769962 hwm=5 cap=256 dropped=0 dropped_total=35727 crc_err=0 crc_err_total=0 rate1=512 rate2=512 prod1=512 prod2=512 dac_err=0 tx_drop=1034527 hb_ms=0 sma_state=6 m7_us=2857260364 m4_us=2855066011 vdd=5.067 offset=0.5000 aref=3.145 loop_us_avg=93 loop_us_max=5409 loop_hz=10752 cycle_log_ms=1 n_cycle=4 cc=1 cc_hz=1025 cc_i_tgt=0.1000 cc_u=0.5106 cc_r=5.0649 cc_tau_ms=7.00
[   8.078] S al
[   8.078] [ADC1] STATU
[   8.332] [STATUS] t_ms=2770962 hwm=5 cap=256 dropped=0 dropped_total=35727 crc_err=0 crc_err_total=0 rate1=512 rate2=512 prod1=512 prod2=512 dac_err=0 tx_drop=1034527 hb_ms=0 sma_state=6 m7_us=2858291965 m4_us=2856097608 vdd=5.067 offset=0.5000 aref=3.145 loop_us_avg=93 loop_us_max=5404 loop_hz=10752 cycle_log_ms=1 n_cycle=4 cc=1 cc_hz=1025 cc_i_tgt=0.1000 cc_u=0.5030 cc_r=4.9611 cc_tau_ms=7.00
[   9.089] S alarm
[   9.089] [ADC1] STAT
[   9.406] [STATUS] t_ms=2771962 hwm=5 cap=256 dropped=0 dropped_total=35727 crc_err=0 crc_err_total=0 rate1=512 rate2=512 prod1=512 prod2=512 dac_err=0 tx_drop=1034527 hb_ms=0 sma_state=6 m7_us=2859323556 m4_us=2857129198 vdd=5.067 offset=0.5000 aref=3.145 loop_us_avg=92 loop_us_max=5417 loop_hz=10869 cycle_log_ms=1 n_cycle=4 cc=1 cc_hz=1025 cc_i_tgt=0.1000 cc_u=0.5103 cc_r=5.0340 cc_tau_ms=7.00
[  10.099] US alarm(
[  10.099] [ADC1] STATU
[  10.415] [STATUS] t_ms=2772962 hwm=5 cap=256 dropped=0 dropped_total=35727 crc_err=0 crc_err_total=0 rate1=512 rate2=512 prod1=512 prod2=512 dac_err=0 tx_drop=1034527 hb_ms=0 sma_state=6 m7_us=2860355159 m4_us=2858160814 vdd=5.067 offset=0.5000 aref=3.145 loop_us_avg=94 loop_us_max=5401 loop_hz=10638 cycle_log_ms=1 n_cycle=4 cc=1 cc_hz=1025 cc_i_tgt=0.1000 cc_u=0.5052 cc_r=5.0261 cc_tau_ms=7.00
[  11.113] [ADC1] STATU
[  11.429] [STATUS] t_ms=2773962 hwm=5 cap=256 dropped=0 dropped_total=35727 crc_err=0 crc_err_total=0 rate1=512 rate2=512 prod1=512 prod2=512 dac_err=0 tx_drop=1034527 hb_ms=0 sma_state=6 m7_us=2861386765 m4_us=2859192417 vdd=5.067 offset=0.5000 aref=3.145 loop_us_avg=94 loop_us_max=5411 loop_hz=10638 cycle_log_ms=1 n_cycle=4 cc=1 cc_hz=1025 cc_i_tgt=0.1000 cc_u=0.5000 cc_r=4.9765 cc_tau_ms=7.00
[  12.126] [ADC1] STATU
[  12.442] [STATUS] t_ms=2774962 hwm=5 cap=256 dropped=0 dropped_total=35727 crc_err=0 crc_err_total=0 rate1=512 rate2=512 prod1=512 prod2=512 dac_err=0 tx_drop=1034527 hb_ms=0 sma_state=6 m7_us=2862418314 m4_us=2860223966 vdd=5.067 offset=0.5000 aref=3.145 loop_us_avg=92 loop_us_max=5409 loop_hz=10869 cycle_log_ms=1 n_cycle=4 cc=1 cc_hz=1025 cc_i_tgt=0.1000 cc_u=0.5259 cc_r=5.1620 cc_tau_ms=7.00
[  13.137] [ADC1] STATU
[  13.516] [STATUS] t_ms=2775962 hwm=5 cap=256 dropped=0 dropped_total=35727 crc_err=0 crc_err_total=0 rate1=512 rate2=512 prod1=512 prod2=512 dac_err=0 tx_drop=1034527 hb_ms=0 sma_state=6 m7_us=2863449903 m4_us=2861255550 vdd=5.067 offset=0.5000 aref=3.145 loop_us_avg=94 loop_us_max=5405 loop_hz=10638 cycle_log_ms=1 n_cycle=4 cc=1 cc_hz=1025 cc_i_tgt=0.1000 cc_u=0.5084 cc_r=5.0142 cc_tau_ms=7.00
[  14.152] [ADC1] STAT
[  14.529] [STATUS] t_ms=2776962 hwm=5 cap=256 dropped=0 dropped_total=35727 crc_err=0 crc_err_total=0 rate1=512 rate2=512 prod1=512 prod2=512 dac_err=0 tx_drop=1034527 hb_ms=0 sma_state=6 m7_us=2864481505 m4_us=2862287157 vdd=5.067 offset=0.5000 aref=3.145 loop_us_avg=93 loop_us_max=5407 loop_hz=10752 cycle_log_ms=1 n_cycle=4 cc=1 cc_hz=1025 cc_i_tgt=0.1000 cc_u=0.5255 cc_r=5.1836 cc_tau_ms=7.00
[  15.164] US
[  15.164] alarm(s): 0x9 PGA
[  15.164] L_ALM
[  15.164] [ADC1] STAT
[  15.544] [STATUS] t_ms=2777962 hwm=5 cap=256 dropped=0 dropped_total=35727 crc_err=0 crc_err_total=0 rate1=512 rate2=512 prod1=512 prod2=512 dac_err=0 tx_drop=1034527 hb_ms=0 sma_state=6 m7_us=2865513073 m4_us=2863318728 vdd=5.067 offset=0.5000 aref=3.145 loop_us_avg=93 loop_us_max=5400 loop_hz=10752 cycle_log_ms=1 n_cycle=4 cc=1 cc_hz=1025 cc_i_tgt=0.1000 cc_u=0.5212 cc_r=5.0539 cc_tau_ms=7.00
[  15.732] [SMA] [ACT] heat n=2/6 I=250.0mA ms=200
[  15.922] [SMA] [ACT] cool n=2/6 I=100.0mA ms=15000
[  16.175] [ADC1] STAT
[  16.618] [STATUS] t_ms=2778962 hwm=5 cap=256 dropped=0 dropped_total=35727 crc_err=0 crc_err_total=0 rate1=512 rate2=512 prod1=512 prod2=512 dac_err=0 tx_drop=1034527 hb_ms=0 sma_state=6 m7_us=2866544598 m4_us=2864350248 vdd=5.067 offset=0.5000 aref=3.145 loop_us_avg=93 loop_us_max=5414 loop_hz=10752 cycle_log_ms=1 n_cycle=4 cc=1 cc_hz=1023 cc_i_tgt=0.1000 cc_u=0.5000 cc_r=4.9275 cc_tau_ms=7.00
[  17.188] [ADC1] STAT
[  17.629] [STATUS] t_ms=2779962 hwm=5 cap=256 dropped=0 dropped_total=35727 crc_err=0 crc_err_total=0 rate1=512 rate2=512 prod1=512 prod2=512 dac_err=0 tx_drop=1034527 hb_ms=0 sma_state=6 m7_us=2867576108 m4_us=2865381755 vdd=5.067 offset=0.5000 aref=3.145 loop_us_avg=94 loop_us_max=5440 loop_hz=10638 cycle_log_ms=1 n_cycle=4 cc=1 cc_hz=1025 cc_i_tgt=0.1000 cc_u=0.5124 cc_r=5.0913 cc_tau_ms=7.00
[  18.198] [ADC1] STA
[  18.641] [STATUS] t_ms=2780962 hwm=5 cap=256 dropped=0 dropped_total=35727 crc_err=0 crc_err_total=0 rate1=512 rate2=512 prod1=512 prod2=512 dac_err=0 tx_drop=1034527 hb_ms=0 sma_state=6 m7_us=2868607650 m4_us=2866413291 vdd=5.067 offset=0.5000 aref=3.145 loop_us_avg=94 loop_us_max=5400 loop_hz=10638 cycle_log_ms=1 n_cycle=4 cc=1 cc_hz=1025 cc_i_tgt=0.1000 cc_u=0.5000 cc_r=5.0255 cc_tau_ms=7.00
[  19.210] [ADC1] STAT
[  19.715] [STATUS] t_ms=2781962 hwm=5 cap=256 dropped=0 dropped_total=35727 crc_err=0 crc_err_total=0 rate1=512 rate2=512 prod1=512 prod2=512 dac_err=0 tx_drop=1034527 hb_ms=0 sma_state=6 m7_us=2869639166 m4_us=2867444817 vdd=5.067 offset=0.5000 aref=3.145 loop_us_avg=93 loop_us_max=5416 loop_hz=10752 cycle_log_ms=1 n_cycle=4 cc=1 cc_hz=1025 cc_i_tgt=0.1000 cc_u=0.5276 cc_r=5.0878 cc_tau_ms=7.00
[  20.218] US ala
[  20.218] [ADC1] STAT
[  20.694] [STATUS] t_ms=2782962 hwm=5 cap=256 dropped=0 dropped_total=35727 crc_err=0 crc_err_total=0 rate1=512 rate2=512 prod1=512 prod2=512 dac_err=0 tx_drop=1034527 hb_ms=0 sma_state=6 m7_us=2870670715 m4_us=2868476369 vdd=5.067 offset=0.5000 aref=3.145 loop_us_avg=92 loop_us_max=5401 loop_hz=10869 cycle_log_ms=1 n_cycle=4 cc=1 cc_hz=1025 cc_i_tgt=0.1000 cc_u=0.5157 cc_r=5.0405 cc_tau_ms=7.00
[  21.199] US alar
[  21.199] [ADC1] STAT
[  21.768] [STATUS] t_ms=2783962 hwm=5 cap=256 dropped=0 dropped_total=35727 crc_err=0 crc_err_total=0 rate1=512 rate2=512 prod1=512 prod2=512 dac_err=0 tx_drop=1034527 hb_ms=0 sma_state=6 m7_us=2871702302 m4_us=2869507953 vdd=5.067 offset=0.5000 aref=3.145 loop_us_avg=94 loop_us_max=5407 loop_hz=10638 cycle_log_ms=1 n_cycle=4 cc=1 cc_hz=1025 cc_i_tgt=0.1000 cc_u=0.5426 cc_r=5.1996 cc_tau_ms=7.00
[  22.211] [ADC1] STAT
[  22.782] [STATUS] t_ms=2784962 hwm=5 cap=256 dropped=0 dropped_total=35727 crc_err=0 crc_err_total=0 rate1=512 rate2=512 prod1=512 prod2=512 dac_err=0 tx_drop=1034527 hb_ms=0 sma_state=6 m7_us=2872733909 m4_us=2870539560 vdd=5.067 offset=0.5000 aref=3.145 loop_us_avg=94 loop_us_max=5483 loop_hz=10638 cycle_log_ms=1 n_cycle=4 cc=1 cc_hz=1025 cc_i_tgt=0.1000 cc_u=0.5277 cc_r=5.1158 cc_tau_ms=7.00
[  23.226] [ADC1] STAT
[  23.791] [STATUS] t_ms=2785962 hwm=5 cap=256 dropped=0 dropped_total=35727 crc_err=0 crc_err_total=0 rate1=512 rate2=512 prod1=512 prod2=512 dac_err=0 tx_drop=1034527 hb_ms=0 sma_state=6 m7_us=2873765510 m4_us=2871571157 vdd=5.067 offset=0.5000 aref=3.145 loop_us_avg=94 loop_us_max=5401 loop_hz=10638 cycle_log_ms=1 n_cycle=4 cc=1 cc_hz=1025 cc_i_tgt=0.1000 cc_u=0.5218 cc_r=5.0957 cc_tau_ms=7.00
[  24.232] [ADC1] STAT
[  24.867] [STATUS] t_ms=2786962 hwm=5 cap=256 dropped=0 dropped_total=35727 crc_err=0 crc_err_total=0 rate1=512 rate2=512 prod1=512 prod2=512 dac_err=0 tx_drop=1034527 hb_ms=0 sma_state=6 m7_us=2874797071 m4_us=2872602721 vdd=5.067 offset=0.5000 aref=3.145 loop_us_avg=94 loop_us_max=5409 loop_hz=10638 cycle_log_ms=1 n_cycle=4 cc=1 cc_hz=1025 cc_i_tgt=0.1000 cc_u=0.5426 cc_r=5.1739 cc_tau_ms=7.00
[  25.246] [ADC1] STAT
[  25.873] [STATUS] t_ms=2787962 hwm=5 cap=256 dropped=0 dropped_total=35727 crc_err=0 crc_err_total=0 rate1=512 rate2=512 prod1=512 prod2=512 dac_err=0 tx_drop=1034527 hb_ms=0 sma_state=6 m7_us=2875828630 m4_us=2873634283 vdd=5.067 offset=0.5000 aref=3.145 loop_us_avg=92 loop_us_max=5406 loop_hz=10869 cycle_log_ms=1 n_cycle=4 cc=1 cc_hz=1025 cc_i_tgt=0.1000 cc_u=0.5429 cc_r=5.1158 cc_tau_ms=7.00
[  26.252] US a
[  26.252] larm(s): 0x49 PGA
[  26.252] L_ALM
[  26.252] [ADC1] STAT
[  26.884] [STATUS] t_ms=2788962 hwm=5 cap=256 dropped=0 dropped_total=35727 crc_err=0 crc_err_total=0 rate1=512 rate2=512 prod1=512 prod2=512 dac_err=0 tx_drop=1034527 hb_ms=0 sma_state=6 m7_us=2876860179 m4_us=2874665832 vdd=5.067 offset=0.5000 aref=3.145 loop_us_avg=94 loop_us_max=5408 loop_hz=10638 cycle_log_ms=1 n_cycle=4 cc=1 cc_hz=1025 cc_i_tgt=0.1000 cc_u=0.5010 cc_r=4.9805 cc_tau_ms=7.00
[  27.263] US
[  27.263] alarm(s): 0x49 PG
[  27.263] AL_ALM
[  27.263] [ADC1] ST
[  27.263] A
[  27.959] [STATUS] t_ms=2789962 hwm=5 cap=256 dropped=0 dropped_total=35727 crc_err=0 crc_err_total=0 rate1=512 rate2=512 prod1=512 prod2=512 dac_err=0 tx_drop=1034527 hb_ms=0 sma_state=6 m7_us=2877891755 m4_us=2875697409 vdd=5.067 offset=0.5000 aref=3.145 loop_us_avg=94 loop_us_max=5403 loop_hz=10638 cycle_log_ms=1 n_cycle=4 cc=1 cc_hz=1025 cc_i_tgt=0.1000 cc_u=0.5000 cc_r=4.9466 cc_tau_ms=7.00
[  28.277] [ADC1] STAT
[  28.974] [STATUS] t_ms=2790962 hwm=5 cap=256 dropped=0 dropped_total=35727 crc_err=0 crc_err_total=0 rate1=512 rate2=512 prod1=512 prod2=512 dac_err=0 tx_drop=1034527 hb_ms=0 sma_state=6 m7_us=2878923347 m4_us=2876728993 vdd=5.067 offset=0.5000 aref=3.145 loop_us_avg=94 loop_us_max=5436 loop_hz=10638 cycle_log_ms=1 n_cycle=4 cc=1 cc_hz=1025 cc_i_tgt=0.1000 cc_u=0.5041 cc_r=5.0205 cc_tau_ms=7.00
[  29.226] [ADC1] STAT
[  29.980] [STATUS] t_ms=2791962 hwm=5 cap=256 dropped=0 dropped_total=35727 crc_err=0 crc_err_total=0 rate1=512 rate2=512 prod1=512 prod2=512 dac_err=0 tx_drop=1034527 hb_ms=0 sma_state=6 m7_us=2879954937 m4_us=2877760587 vdd=5.067 offset=0.5000 aref=3.145 loop_us_avg=92 loop_us_max=5402 loop_hz=10869 cycle_log_ms=1 n_cycle=4 cc=1 cc_hz=1025 cc_i_tgt=0.1000 cc_u=0.5354 cc_r=5.1062 cc_tau_ms=7.00
[  30.235] [ADC1] STAT
[  31.053] [STATUS] t_ms=2792962 hwm=5 cap=256 dropped=0 dropped_total=35727 crc_err=0 crc_err_total=0 rate1=512 rate2=512 prod1=512 prod2=512 dac_err=0 tx_drop=1034527 hb_ms=0 sma_state=6 m7_us=2880986481 m4_us=2878792149 vdd=5.067 offset=0.5000 aref=3.145 loop_us_avg=93 loop_us_max=5478 loop_hz=10752 cycle_log_ms=1 n_cycle=4 cc=1 cc_hz=1025 cc_i_tgt=0.1000 cc_u=0.5051 cc_r=5.0522 cc_tau_ms=7.00
[  31.242] [ADC1] STAT
[  31.369] [SMA] [ACT] heat n=3/6 I=250.0mA ms=200
[  31.623] [SMA] [ACT] cool n=3/6 I=100.0mA ms=15000
[  32.064] [STATUS] t_ms=2793962 hwm=5 cap=256 dropped=0 dropped_total=35727 crc_err=0 crc_err_total=0 rate1=512 rate2=512 prod1=512 prod2=512 dac_err=0 tx_drop=1034527 hb_ms=0 sma_state=6 m7_us=2882018067 m4_us=2879823688 vdd=5.067 offset=0.5000 aref=3.145 loop_us_avg=93 loop_us_max=5398 loop_hz=10752 cycle_log_ms=1 n_cycle=4 cc=1 cc_hz=1023 cc_i_tgt=0.1000 cc_u=0.5026 cc_r=4.9801 cc_tau_ms=7.00
[  32.253] US
[  32.253] alarm(s): 0x49 P
[  32.253] GAL_ALM
[  32.253] [ADC1] STAT
[  33.078] [STATUS] t_ms=2794962 hwm=5 cap=256 dropped=0 dropped_total=35727 crc_err=0 crc_err_total=0 rate1=512 rate2=512 prod1=512 prod2=512 dac_err=0 tx_drop=1034527 hb_ms=0 sma_state=6 m7_us=2883049583 m4_us=2880855230 vdd=5.067 offset=0.5000 aref=3.145 loop_us_avg=93 loop_us_max=5410 loop_hz=10752 cycle_log_ms=1 n_cycle=4 cc=1 cc_hz=1025 cc_i_tgt=0.1000 cc_u=0.5066 cc_r=5.0707 cc_tau_ms=7.00
[  33.268] [ADC1] STAT
[  34.153] [STATUS] t_ms=2795962 hwm=5 cap=256 dropped=0 dropped_total=35727 crc_err=0 crc_err_total=0 rate1=512 rate2=512 prod1=512 prod2=512 dac_err=0 tx_drop=1034527 hb_ms=0 sma_state=6 m7_us=2884081104 m4_us=2881886757 vdd=5.067 offset=0.5000 aref=3.145 loop_us_avg=93 loop_us_max=5403 loop_hz=10752 cycle_log_ms=1 n_cycle=4 cc=1 cc_hz=1025 cc_i_tgt=0.1000 cc_u=0.5000 cc_r=5.0697 cc_tau_ms=7.00
[  34.278] [ADC1] STAT
[  35.163] [STATUS] t_ms=2796962 hwm=5 cap=256 dropped=0 dropped_total=35727 crc_err=0 crc_err_total=0 rate1=512 rate2=512 prod1=512 prod2=512 dac_err=0 tx_drop=1034527 hb_ms=0 sma_state=6 m7_us=2885112673 m4_us=2882918305 vdd=5.067 offset=0.5000 aref=3.145 loop_us_avg=94 loop_us_max=5399 loop_hz=10638 cycle_log_ms=1 n_cycle=4 cc=1 cc_hz=1025 cc_i_tgt=0.1000 cc_u=0.5062 cc_r=5.0693 cc_tau_ms=7.00
[  35.290] [ADC1] STAT
[  36.176] [STATUS] t_ms=2797962 hwm=5 cap=256 dropped=0 dropped_total=35727 crc_err=0 crc_err_total=0 rate1=512 rate2=512 prod1=512 prod2=512 dac_err=0 tx_drop=1034527 hb_ms=0 sma_state=6 m7_us=2886144221 m4_us=2883949867 vdd=5.067 offset=0.5000 aref=3.145 loop_us_avg=94 loop_us_max=5431 loop_hz=10638 cycle_log_ms=1 n_cycle=4 cc=1 cc_hz=1025 cc_i_tgt=0.1000 cc_u=0.5255 cc_r=5.0636 cc_tau_ms=7.00
[  36.303] [ADC1] STA
[  37.249] [STATUS] t_ms=2798962 hwm=5 cap=256 dropped=0 dropped_total=35727 crc_err=0 crc_err_total=0 rate1=512 rate2=512 prod1=512 prod2=512 dac_err=0 tx_drop=1034527 hb_ms=0 sma_state=6 m7_us=2887175771 m4_us=2884981419 vdd=5.067 offset=0.5000 aref=3.145 loop_us_avg=94 loop_us_max=5400 loop_hz=10638 cycle_log_ms=1 n_cycle=4 cc=1 cc_hz=1025 cc_i_tgt=0.1000 cc_u=0.5272 cc_r=5.1207 cc_tau_ms=7.00
[  37.312] TUS a
[  37.312] [ADC1] STAT
[  38.255] [STATUS] t_ms=2799962 hwm=5 cap=256 dropped=0 dropped_total=35727 crc_err=0 crc_err_total=0 rate1=512 rate2=512 prod1=512 prod2=512 dac_err=0 tx_drop=1034527 hb_ms=0 sma_state=6 m7_us=2888207346 m4_us=2886012993 vdd=5.067 offset=0.5000 aref=3.145 loop_us_avg=92 loop_us_max=5405 loop_hz=10869 cycle_log_ms=1 n_cycle=4 cc=1 cc_hz=1025 cc_i_tgt=0.1000 cc_u=0.5000 cc_r=5.0738 cc_tau_ms=7.00
[  38.318] US ala
[  38.318] [ADC1] STAT
[  39.263] [STATUS] t_ms=2800962 hwm=5 cap=256 dropped=0 dropped_total=35727 crc_err=0 crc_err_total=0 rate1=512 rate2=512 prod1=512 prod2=512 dac_err=0 tx_drop=1034527 hb_ms=0 sma_state=6 m7_us=2889238890 m4_us=2887044539 vdd=5.067 offset=0.5000 aref=3.145 loop_us_avg=94 loop_us_max=5408 loop_hz=10638 cycle_log_ms=1 n_cycle=4 cc=1 cc_hz=1025 cc_i_tgt=0.1000 cc_u=0.5056 cc_r=5.0566 cc_tau_ms=7.00
[  39.326] [ADC1] STAT
[  40.335] [STATUS] t_ms=2801962 hwm=5 cap=256 dropped=0 dropped_total=35727 crc_err=0 crc_err_total=0 rate1=512 rate2=512 prod1=512 prod2=512 dac_err=0 tx_drop=1034527 hb_ms=0 sma_state=6 m7_us=2890270412 m4_us=2888076056 vdd=5.067 offset=0.5000 aref=3.145 loop_us_avg=93 loop_us_max=5400 loop_hz=10752 cycle_log_ms=1 n_cycle=4 cc=1 cc_hz=1025 cc_i_tgt=0.1000 cc_u=0.5298 cc_r=5.1714 cc_tau_ms=7.00
[  40.335] [ADC1] STA
[  41.346] [ADC1] STAT
[  41.346] [STATUS] t_ms=2802962 hwm=5 cap=256 dropped=0 dropped_total=35727 crc_err=0 crc_err_total=0 rate1=512 rate2=512 prod1=512 prod2=512 dac_err=0 tx_drop=1034527 hb_ms=0 sma_state=6 m7_us=2891301871 m4_us=2889107515 vdd=5.067 offset=0.5000 aref=3.145 loop_us_avg=93 loop_us_max=5418 loop_hz=10752 cycle_log_ms=1 n_cycle=4 cc=1 cc_hz=1025 cc_i_tgt=0.1000 cc_u=0.5294 cc_r=5.2086 cc_tau_ms=7.00
[  42.357] [ADC1] STAT
[  42.357] [STATUS] t_ms=2803962 hwm=5 cap=256 dropped=0 dropped_total=35727 crc_err=0 crc_err_total=0 rate1=512 rate2=512 prod1=512 prod2=512 dac_err=0 tx_drop=1034527 hb_ms=0 sma_state=6 m7_us=2892333365 m4_us=2890139013 vdd=5.067 offset=0.5000 aref=3.145 loop_us_avg=94 loop_us_max=5405 loop_hz=10638 cycle_log_ms=1 n_cycle=4 cc=1 cc_hz=1025 cc_i_tgt=0.1000 cc_u=0.5229 cc_r=5.0361 cc_tau_ms=7.00
[  43.368] US a
[  43.368] [ADC1] STAT
[  43.430] [STATUS] t_ms=2804962 hwm=5 cap=256 dropped=0 dropped_total=35727 crc_err=0 crc_err_total=0 rate1=512 rate2=512 prod1=512 prod2=512 dac_err=0 tx_drop=1034527 hb_ms=0 sma_state=6 m7_us=2893364995 m4_us=2891170529 vdd=5.067 offset=0.5000 aref=3.145 loop_us_avg=94 loop_us_max=5415 loop_hz=10638 cycle_log_ms=1 n_cycle=4 cc=1 cc_hz=1025 cc_i_tgt=0.1000 cc_u=0.5166 cc_r=5.0673 cc_tau_ms=7.00
[  44.378] US alarm(s)
[  44.378] [ADC1] STAT
[  44.442] [STATUS] t_ms=2805962 hwm=5 cap=256 dropped=0 dropped_total=35727 crc_err=0 crc_err_total=0 rate1=512 rate2=512 prod1=512 prod2=512 dac_err=0 tx_drop=1034527 hb_ms=0 sma_state=6 m7_us=2894396437 m4_us=2892202078 vdd=5.067 offset=0.5000 aref=3.145 loop_us_avg=94 loop_us_max=5494 loop_hz=10638 cycle_log_ms=1 n_cycle=4 cc=1 cc_hz=1025 cc_i_tgt=0.1000 cc_u=0.5078 cc_r=5.0795 cc_tau_ms=7.00
[  45.390] US alar
[  45.390] [ADC1] STAT
[  45.455] [STATUS] t_ms=2806962 hwm=5 cap=256 dropped=0 dropped_total=35727 crc_err=0 crc_err_total=0 rate1=512 rate2=512 prod1=512 prod2=512 dac_err=0 tx_drop=1034527 hb_ms=0 sma_state=6 m7_us=2895427991 m4_us=2893233643 vdd=5.067 offset=0.5000 aref=3.145 loop_us_avg=93 loop_us_max=5416 loop_hz=10752 cycle_log_ms=1 n_cycle=4 cc=1 cc_hz=1025 cc_i_tgt=0.1000 cc_u=0.5271 cc_r=5.1008 cc_tau_ms=7.00
[  46.404] [
[  46.404] ADC1] STAT
[  46.529] [STATUS] t_ms=2807962 hwm=5 cap=256 dropped=0 dropped_total=35727 crc_err=0 crc_err_total=0 rate1=512 rate2=512 prod1=512 prod2=512 dac_err=0 tx_drop=1034527 hb_ms=0 sma_state=6 m7_us=2896459577 m4_us=2894265217 vdd=5.067 offset=0.5000 aref=3.145 loop_us_avg=94 loop_us_max=5407 loop_hz=10638 cycle_log_ms=1 n_cycle=4 cc=1 cc_hz=1025 cc_i_tgt=0.1000 cc_u=0.5000 cc_r=5.0145 cc_tau_ms=7.00
[  47.102] [SMA] [ACT] heat n=4/6 I=250.0mA ms=200
[  47.293] [SMA] [ACT] cool n=4/6 I=100.0mA ms=15000
[  47.419] US
[  47.419] alarm(s): 0xC9 PG
[  47.419] AL_ALM
[  47.419] [ADC1] STAT
[  47.546] [STATUS] t_ms=2808962 hwm=5 cap=256 dropped=0 dropped_total=35727 crc_err=0 crc_err_total=0 rate1=512 rate2=512 prod1=512 prod2=512 dac_err=0 tx_drop=1034527 hb_ms=0 sma_state=6 m7_us=2897491112 m4_us=2895296773 vdd=5.067 offset=0.5000 aref=3.145 loop_us_avg=93 loop_us_max=5419 loop_hz=10752 cycle_log_ms=1 n_cycle=4 cc=1 cc_hz=1024 cc_i_tgt=0.1000 cc_u=0.5000 cc_r=5.0234 cc_tau_ms=7.00
[  48.367] [ADC1] STAT
[  48.555] [STATUS] t_ms=2809962 hwm=5 cap=256 dropped=0 dropped_total=35727 crc_err=0 crc_err_total=0 rate1=512 rate2=512 prod1=512 prod2=512 dac_err=0 tx_drop=1034527 hb_ms=0 sma_state=6 m7_us=2898522689 m4_us=2896328334 vdd=5.067 offset=0.5000 aref=3.145 loop_us_avg=92 loop_us_max=5404 loop_hz=10869 cycle_log_ms=1 n_cycle=4 cc=1 cc_hz=1025 cc_i_tgt=0.1000 cc_u=0.5017 cc_r=5.1645 cc_tau_ms=7.00
[  49.375] [ADC1] STA
[  49.628] [STATUS] t_ms=2810962 hwm=5 cap=256 dropped=0 dropped_total=35727 crc_err=0 crc_err_total=0 rate1=512 rate2=512 prod1=512 prod2=512 dac_err=0 tx_drop=1034527 hb_ms=0 sma_state=6 m7_us=2899554262 m4_us=2897359918 vdd=5.067 offset=0.5000 aref=3.145 loop_us_avg=93 loop_us_max=5410 loop_hz=10752 cycle_log_ms=1 n_cycle=4 cc=1 cc_hz=1025 cc_i_tgt=0.1000 cc_u=0.5000 cc_r=5.0404 cc_tau_ms=7.00
[  50.386] TUS
[  50.386] [ADC1] STAT
[  50.879] [STATUS] t_ms=2811962 hwm=5 cap=256 dropped=0 dropped_total=35727 crc_err=0 crc_err_total=0 rate1=512 rate2=512 prod1=512 prod2=512 dac_err=0 tx_drop=1034527 hb_ms=0 sma_state=6 m7_us=2900585848 m4_us=2898391489 vdd=5.067 offset=0.5000 aref=3.145 loop_us_avg=94 loop_us_max=5403 loop_hz=10638 cycle_log_ms=1 n_cycle=4 cc=1 cc_hz=1025 cc_i_tgt=0.1000 cc_u=0.5000 cc_r=4.9710 cc_tau_ms=7.00
[  51.445] US alarm(s):
[  51.445] [ADC1] STAT
[  51.700] [STATUS] t_ms=2812962 hwm=5 cap=256 dropped=0 dropped_total=35727 crc_err=0 crc_err_total=0 rate1=512 rate2=512 prod1=512 prod2=512 dac_err=0 tx_drop=1034527 hb_ms=0 sma_state=6 m7_us=2901617385 m4_us=2899423032 vdd=5.067 offset=0.5000 aref=3.145 loop_us_avg=93 loop_us_max=5415 loop_hz=10752 cycle_log_ms=1 n_cycle=4 cc=1 cc_hz=1025 cc_i_tgt=0.1000 cc_u=0.5026 cc_r=5.1002 cc_tau_ms=7.00
[  52.396] US al
[  52.396] _ALM
[  52.396] [ADC1] STAT
[  52.711] [STATUS] t_ms=2813962 hwm=5 cap=256 dropped=0 dropped_total=35727 crc_err=0 crc_err_total=0 rate1=512 rate2=512 prod1=512 prod2=512 dac_err=0 tx_drop=1034527 hb_ms=0 sma_state=6 m7_us=2902648925 m4_us=2900454577 vdd=5.067 offset=0.5000 aref=3.145 loop_us_avg=92 loop_us_max=5406 loop_hz=10869 cycle_log_ms=1 n_cycle=4 cc=1 cc_hz=1025 cc_i_tgt=0.1000 cc_u=0.5224 cc_r=5.0763 cc_tau_ms=7.00
[  53.407] [ADC1] STAT
[  53.721] [STATUS] t_ms=2814962 hwm=5 cap=256 dropped=0 dropped_total=35727 crc_err=0 crc_err_total=0 rate1=512 rate2=512 prod1=512 prod2=512 dac_err=0 tx_drop=1034527 hb_ms=0 sma_state=6 m7_us=2903680453 m4_us=2901486101 vdd=5.067 offset=0.5000 aref=3.145 loop_us_avg=94 loop_us_max=5407 loop_hz=10638 cycle_log_ms=1 n_cycle=4 cc=1 cc_hz=1025 cc_i_tgt=0.1000 cc_u=0.5031 cc_r=5.0751 cc_tau_ms=7.00
[  54.414] [ADC1] STAT
[  54.795] [STATUS] t_ms=2815962 hwm=5 cap=256 dropped=0 dropped_total=35727 crc_err=0 crc_err_total=0 rate1=512 rate2=512 prod1=512 prod2=512 dac_err=0 tx_drop=1034527 hb_ms=0 sma_state=6 m7_us=2904711975 m4_us=2902517627 vdd=5.067 offset=0.5000 aref=3.145 loop_us_avg=93 loop_us_max=5396 loop_hz=10752 cycle_log_ms=1 n_cycle=4 cc=1 cc_hz=1025 cc_i_tgt=0.1000 cc_u=0.5203 cc_r=5.0122 cc_tau_ms=7.00
[  55.426] US
[  55.426] alarm(s): 0xC9 PGA
[  55.426] L_ALM
[  55.426] [ADC1] STAT
[  55.805] [STATUS] t_ms=2816962 hwm=5 cap=256 dropped=0 dropped_total=35727 crc_err=0 crc_err_total=0 rate1=512 rate2=512 prod1=512 prod2=512 dac_err=0 tx_drop=1034527 hb_ms=0 sma_state=6 m7_us=2905743507 m4_us=2903549166 vdd=5.067 offset=0.5000 aref=3.145 loop_us_avg=93 loop_us_max=5427 loop_hz=10752 cycle_log_ms=1 n_cycle=4 cc=1 cc_hz=1025 cc_i_tgt=0.1000 cc_u=0.5000 cc_r=4.9390 cc_tau_ms=7.00
[  56.439] [ADC1] STAT
[  56.817] [STATUS] t_ms=2817962 hwm=5 cap=256 dropped=0 dropped_total=35727 crc_err=0 crc_err_total=0 rate1=512 rate2=512 prod1=512 prod2=512 dac_err=0 tx_drop=1034527 hb_ms=0 sma_state=6 m7_us=2906775043 m4_us=2904580699 vdd=5.067 offset=0.5000 aref=3.145 loop_us_avg=92 loop_us_max=5404 loop_hz=10869 cycle_log_ms=1 n_cycle=4 cc=1 cc_hz=1025 cc_i_tgt=0.1000 cc_u=0.5320 cc_r=5.0984 cc_tau_ms=7.00
[  57.449] US al
[  57.449] [ADC1] STAT
[  57.890] [STATUS] t_ms=2818962 hwm=5 cap=256 dropped=0 dropped_total=35727 crc_err=0 crc_err_total=0 rate1=512 rate2=512 prod1=512 prod2=512 dac_err=0 tx_drop=1034527 hb_ms=0 sma_state=6 m7_us=2907806588 m4_us=2905612235 vdd=5.067 offset=0.5000 aref=3.145 loop_us_avg=93 loop_us_max=5414 loop_hz=10752 cycle_log_ms=1 n_cycle=4 cc=1 cc_hz=1025 cc_i_tgt=0.1000 cc_u=0.5156 cc_r=5.0768 cc_tau_ms=7.00
[  58.459] [ADC1] STAT
[  58.902] [STATUS] t_ms=2819962 hwm=5 cap=256 dropped=0 dropped_total=35727 crc_err=0 crc_err_total=0 rate1=512 rate2=512 prod1=512 prod2=512 dac_err=0 tx_drop=1034527 hb_ms=0 sma_state=6 m7_us=2908838095 m4_us=2906643739 vdd=5.067 offset=0.5000 aref=3.145 loop_us_avg=94 loop_us_max=5408 loop_hz=10638 cycle_log_ms=1 n_cycle=4 cc=1 cc_hz=1025 cc_i_tgt=0.1000 cc_u=0.5156 cc_r=5.1572 cc_tau_ms=7.00
[  59.472] [ADC1] STAT
[  59.915] [STATUS] t_ms=2820962 hwm=5 cap=256 dropped=0 dropped_total=35727 crc_err=0 crc_err_total=0 rate1=512 rate2=512 prod1=512 prod2=512 dac_err=0 tx_drop=1034527 hb_ms=0 sma_state=6 m7_us=2909869623 m4_us=2907675275 vdd=5.067 offset=0.5000 aref=3.145 loop_us_avg=94 loop_us_max=5406 loop_hz=10638 cycle_log_ms=1 n_cycle=4 cc=1 cc_hz=1025 cc_i_tgt=0.1000 cc_u=0.5078 cc_r=4.9789 cc_tau_ms=7.00
[  60.484] [ADC1] STAT
[  60.926] [STATUS] t_ms=2821962 hwm=5 cap=256 dropped=0 dropped_total=35727 crc_err=0 crc_err_total=0 rate1=512 rate2=512 prod1=512 prod2=512 dac_err=0 tx_drop=1034527 hb_ms=0 sma_state=6 m7_us=2910901218 m4_us=2908706865 vdd=5.067 offset=0.5000 aref=3.145 loop_us_avg=94 loop_us_max=5402 loop_hz=10638 cycle_log_ms=1 n_cycle=4 cc=1 cc_hz=1025 cc_i_tgt=0.1000 cc_u=0.5019 cc_r=5.1259 cc_tau_ms=7.00
[  61.495] US
[  61.495] alarm(s): 0x49 PG
[  61.495] AL_ALM
[  61.495] [ADC1] STAT
[  62.000] [STATUS] t_ms=2822962 hwm=5 cap=256 dropped=0 dropped_total=35727 crc_err=0 crc_err_total=0 rate1=512 rate2=512 prod1=512 prod2=512 dac_err=0 tx_drop=1034527 hb_ms=0 sma_state=6 m7_us=2911932763 m4_us=2909738414 vdd=5.067 offset=0.5000 aref=3.145 loop_us_avg=94 loop_us_max=5420 loop_hz=10638 cycle_log_ms=1 n_cycle=4 cc=1 cc_hz=1025 cc_i_tgt=0.1000 cc_u=0.5056 cc_r=5.0790 cc_tau_ms=7.00
[  62.504] [ADC1] STA
[  62.757] [SMA] [ACT] heat n=5/6 I=250.0mA ms=200
[  62.949] [SMA] [ACT] cool n=5/6 I=100.0mA ms=15000
[  63.012] [STATUS] t_ms=2823962 hwm=5 cap=256 dropped=0 dropped_total=35727 crc_err=0 crc_err_total=0 rate1=512 rate2=512 prod1=512 prod2=512 dac_err=0 tx_drop=1034527 hb_ms=0 sma_state=6 m7_us=2912964298 m4_us=2910769944 vdd=5.067 offset=0.5000 aref=3.145 loop_us_avg=92 loop_us_max=5423 loop_hz=10869 cycle_log_ms=1 n_cycle=4 cc=1 cc_hz=1023 cc_i_tgt=0.1000 cc_u=0.5478 cc_r=4.8343 cc_tau_ms=7.00
[  63.514] TU
[  63.514] S alarm(s): 0x9 PG
[  63.514] AL_ALM
[  63.514] [ADC1] STAT
[  64.019] [STATUS] t_ms=2824962 hwm=5 cap=256 dropped=0 dropped_total=35727 crc_err=0 crc_err_total=0 rate1=512 rate2=512 prod1=512 prod2=512 dac_err=0 tx_drop=1034527 hb_ms=0 sma_state=6 m7_us=2913995776 m4_us=2911801432 vdd=5.067 offset=0.5000 aref=3.145 loop_us_avg=93 loop_us_max=5419 loop_hz=10752 cycle_log_ms=1 n_cycle=4 cc=1 cc_hz=1025 cc_i_tgt=0.1000 cc_u=0.5000 cc_r=5.0482 cc_tau_ms=7.00
[  64.524] US alarm(s):
[  64.524] [AD
[  64.524] C1] STAT
[  65.092] [STATUS] t_ms=2825962 hwm=5 cap=256 dropped=0 dropped_total=35727 crc_err=0 crc_err_total=0 rate1=512 rate2=512 prod1=512 prod2=512 dac_err=0 tx_drop=1034527 hb_ms=0 sma_state=6 m7_us=2915027289 m4_us=2912832939 vdd=5.067 offset=0.5000 aref=3.145 loop_us_avg=94 loop_us_max=5402 loop_hz=10638 cycle_log_ms=1 n_cycle=4 cc=1 cc_hz=1025 cc_i_tgt=0.1000 cc_u=0.5209 cc_r=5.0964 cc_tau_ms=7.00
[  65.533] [ADC1] STAT
[  66.103] [STATUS] t_ms=2826962 hwm=5 cap=256 dropped=0 dropped_total=35727 crc_err=0 crc_err_total=0 rate1=512 rate2=512 prod1=512 prod2=512 dac_err=0 tx_drop=1034527 hb_ms=0 sma_state=6 m7_us=2916058816 m4_us=2913864472 vdd=5.067 offset=0.5000 aref=3.145 loop_us_avg=94 loop_us_max=5397 loop_hz=10638 cycle_log_ms=1 n_cycle=4 cc=1 cc_hz=1025 cc_i_tgt=0.1000 cc_u=0.5015 cc_r=5.0531 cc_tau_ms=7.00
[  66.548] [ADC1] STAT
[  67.121] [STATUS] t_ms=2827962 hwm=5 cap=256 dropped=0 dropped_total=35727 crc_err=0 crc_err_total=0 rate1=512 rate2=512 prod1=512 prod2=512 dac_err=0 tx_drop=1034527 hb_ms=0 sma_state=6 m7_us=2917090351 m4_us=2914896001 vdd=5.067 offset=0.5000 aref=3.145 loop_us_avg=92 loop_us_max=5402 loop_hz=10869 cycle_log_ms=1 n_cycle=4 cc=1 cc_hz=1025 cc_i_tgt=0.1000 cc_u=0.5283 cc_r=5.0317 cc_tau_ms=7.00
[  67.562] [ADC1] STAT
[  68.195] [STATUS] t_ms=2828962 hwm=5 cap=256 dropped=0 dropped_total=35727 crc_err=0 crc_err_total=0 rate1=512 rate2=512 prod1=512 prod2=512 dac_err=0 tx_drop=1034527 hb_ms=0 sma_state=6 m7_us=2918121863 m4_us=2915927515 vdd=5.067 offset=0.5000 aref=3.145 loop_us_avg=93 loop_us_max=5405 loop_hz=10752 cycle_log_ms=1 n_cycle=4 cc=1 cc_hz=1025 cc_i_tgt=0.1000 cc_u=0.5077 cc_r=5.0952 cc_tau_ms=7.00
[  68.573] [ADC1] STAT
[  69.203] [STATUS] t_ms=2829962 hwm=5 cap=256 dropped=0 dropped_total=35727 crc_err=0 crc_err_total=0 rate1=512 rate2=512 prod1=512 prod2=512 dac_err=0 tx_drop=1034527 hb_ms=0 sma_state=6 m7_us=2919153388 m4_us=2916959038 vdd=5.067 offset=0.5000 aref=3.145 loop_us_avg=93 loop_us_max=5407 loop_hz=10752 cycle_log_ms=1 n_cycle=4 cc=1 cc_hz=1025 cc_i_tgt=0.1000 cc_u=0.5096 cc_r=5.0340 cc_tau_ms=7.00
[  69.519] US ala
[  69.519] M
[  69.519] [ADC1] STAT
[  70.217] [STATUS] t_ms=2830962 hwm=5 cap=256 dropped=0 dropped_total=35727 crc_err=0 crc_err_total=0 rate1=512 rate2=512 prod1=512 prod2=512 dac_err=0 tx_drop=1034527 hb_ms=0 sma_state=6 m7_us=2920184883 m4_us=2917990533 vdd=5.067 offset=0.5000 aref=3.145 loop_us_avg=94 loop_us_max=5407 loop_hz=10638 cycle_log_ms=1 n_cycle=4 cc=1 cc_hz=1025 cc_i_tgt=0.1000 cc_u=0.5242 cc_r=5.1198 cc_tau_ms=7.00
[  70.532] [ADC1] STAT
[  71.293] [STATUS] t_ms=2831962 hwm=5 cap=256 dropped=0 dropped_total=35727 crc_err=0 crc_err_total=0 rate1=512 rate2=512 prod1=512 prod2=512 dac_err=0 tx_drop=1034527 hb_ms=0 sma_state=6 m7_us=2921216425 m4_us=2919022072 vdd=5.067 offset=0.5000 aref=3.145 loop_us_avg=93 loop_us_max=5403 loop_hz=10752 cycle_log_ms=1 n_cycle=4 cc=1 cc_hz=1025 cc_i_tgt=0.1000 cc_u=0.5000 cc_r=5.0351 cc_tau_ms=7.00
[  71.546] [ADC1] STAT
[  72.304] [STATUS] t_ms=2832962 hwm=5 cap=256 dropped=0 dropped_total=35727 crc_err=0 crc_err_total=0 rate1=512 rate2=512 prod1=512 prod2=512 dac_err=0 tx_drop=1034527 hb_ms=0 sma_state=6 m7_us=2922247976 m4_us=2920053614 vdd=5.067 offset=0.5000 aref=3.145 loop_us_avg=94 loop_us_max=5405 loop_hz=10638 cycle_log_ms=1 n_cycle=4 cc=1 cc_hz=1025 cc_i_tgt=0.1000 cc_u=0.5037 cc_r=5.0550 cc_tau_ms=7.00
[  72.559] [ADC1] STAT
[  73.318] [STATUS] t_ms=2833962 hwm=5 cap=256 dropped=0 dropped_total=35727 crc_err=0 crc_err_total=0 rate1=512 rate2=512 prod1=512 prod2=512 dac_err=0 tx_drop=1034527 hb_ms=0 sma_state=6 m7_us=2923279537 m4_us=2921085192 vdd=5.067 offset=0.5000 aref=3.145 loop_us_avg=92 loop_us_max=5420 loop_hz=10869 cycle_log_ms=1 n_cycle=4 cc=1 cc_hz=1025 cc_i_tgt=0.1000 cc_u=0.5000 cc_r=4.9980 cc_tau_ms=7.00
[  73.569] [ADC1] STAT
[  74.393] [STATUS] t_ms=2834962 hwm=5 cap=256 dropped=0 dropped_total=35727 crc_err=0 crc_err_total=0 rate1=512 rate2=512 prod1=512 prod2=512 dac_err=0 tx_drop=1034527 hb_ms=0 sma_state=6 m7_us=2924311124 m4_us=2922116776 vdd=5.067 offset=0.5000 aref=3.145 loop_us_avg=94 loop_us_max=5406 loop_hz=10638 cycle_log_ms=1 n_cycle=4 cc=1 cc_hz=1025 cc_i_tgt=0.1000 cc_u=0.5192 cc_r=5.1166 cc_tau_ms=7.00
[  74.584] US ala
[  74.584] [ADC1] STAT
[  75.406] [STATUS] t_ms=2835962 hwm=5 cap=256 dropped=0 dropped_total=35727 crc_err=0 crc_err_total=0 rate1=512 rate2=512 prod1=512 prod2=512 dac_err=0 tx_drop=1034527 hb_ms=0 sma_state=6 m7_us=2925342713 m4_us=2923148366 vdd=5.067 offset=0.5000 aref=3.145 loop_us_avg=93 loop_us_max=5425 loop_hz=10752 cycle_log_ms=1 n_cycle=4 cc=1 cc_hz=1025 cc_i_tgt=0.1000 cc_u=0.5091 cc_r=4.9575 cc_tau_ms=7.00
[  75.598] US alarm(s)
[  75.598] [ADC1] STA
[  76.422] [STATUS] t_ms=2836962 hwm=5 cap=256 dropped=0 dropped_total=35727 crc_err=0 crc_err_total=0 rate1=512 rate2=512 prod1=512 prod2=512 dac_err=0 tx_drop=1034527 hb_ms=0 sma_state=6 m7_us=2926374328 m4_us=2924179973 vdd=5.067 offset=0.5000 aref=3.145 loop_us_avg=94 loop_us_max=5396 loop_hz=10638 cycle_log_ms=1 n_cycle=4 cc=1 cc_hz=1025 cc_i_tgt=0.1000 cc_u=0.5155 cc_r=5.1081 cc_tau_ms=7.00
[  76.612] [ADC1] STAT
[  77.436] [STATUS] t_ms=2837962 hwm=5 cap=256 dropped=0 dropped_total=35727 crc_err=0 crc_err_total=0 rate1=512 rate2=512 prod1=512 prod2=512 dac_err=0 tx_drop=1034527 hb_ms=0 sma_state=6 m7_us=2927405926 m4_us=2925211573 vdd=5.067 offset=0.5000 aref=3.145 loop_us_avg=94 loop_us_max=5403 loop_hz=10638 cycle_log_ms=1 n_cycle=4 cc=1 cc_hz=1025 cc_i_tgt=0.1000 cc_u=0.5064 cc_r=5.0133 cc_tau_ms=7.00
[  77.625] [ADC1] STAT
[  78.447] [SMA] [ACT] heat n=6/6 I=250.0mA ms=200
[  78.510] [STATUS] t_ms=2838962 hwm=5 cap=256 dropped=0 dropped_total=35727 crc_err=0 crc_err_total=0 rate1=512 rate2=512 prod1=512 prod2=512 dac_err=0 tx_drop=1034527 hb_ms=0 sma_state=5 m7_us=2928437489 m4_us=2926243137 vdd=5.067 offset=0.5000 aref=3.145 loop_us_avg=94 loop_us_max=5422 loop_hz=10638 cycle_log_ms=1 n_cycle=4 cc=1 cc_hz=1024 cc_i_tgt=0.2500 cc_u=1.1233 cc_r=4.7998 cc_tau_ms=7.00
[  78.637] [ADC1] STAT
[  78.637] [SMA] [ACT] cool n=6/6 I=100.0mA ms=15000
[  79.520] [STATUS] t_ms=2839962 hwm=5 cap=256 dropped=0 dropped_total=35727 crc_err=0 crc_err_total=0 rate1=512 rate2=512 prod1=512 prod2=512 dac_err=0 tx_drop=1034527 hb_ms=0 sma_state=6 m7_us=2929469050 m4_us=2927274696 vdd=5.067 offset=0.5000 aref=3.145 loop_us_avg=94 loop_us_max=5401 loop_hz=10638 cycle_log_ms=1 n_cycle=4 cc=1 cc_hz=1024 cc_i_tgt=0.1000 cc_u=0.5291 cc_r=5.1638 cc_tau_ms=7.00
[  79.646] [ADC1] STAT
[  80.532] [STATUS] t_ms=2840962 hwm=5 cap=256 dropped=0 dropped_total=35727 crc_err=0 crc_err_total=0 rate1=512 rate2=512 prod1=512 prod2=512 dac_err=0 tx_drop=1034527 hb_ms=0 sma_state=6 m7_us=2930500602 m4_us=2928306251 vdd=5.067 offset=0.5000 aref=3.145 loop_us_avg=93 loop_us_max=5409 loop_hz=10752 cycle_log_ms=1 n_cycle=4 cc=1 cc_hz=1025 cc_i_tgt=0.1000 cc_u=0.5032 cc_r=5.0624 cc_tau_ms=7.00
[  80.660] US al
[  80.660] _ALM
[  80.660] [ADC1] STAT
[  81.609] [STATUS] t_ms=2841962 hwm=5 cap=256 dropped=0 dropped_total=35727 crc_err=0 crc_err_total=0 rate1=512 rate2=512 prod1=512 prod2=512 dac_err=0 tx_drop=1034527 hb_ms=0 sma_state=6 m7_us=2931532158 m4_us=2929337816 vdd=5.067 offset=0.5000 aref=3.145 loop_us_avg=94 loop_us_max=5402 loop_hz=10638 cycle_log_ms=1 n_cycle=4 cc=1 cc_hz=1025 cc_i_tgt=0.1000 cc_u=0.5000 cc_r=5.0368 cc_tau_ms=7.00
[  81.609] US a
[  81.609] larm(s): 0x89 PGA
[  81.609] L_ALM
[  81.609] [ADC1] STAT
[  82.615] [STATUS] t_ms=2842962 hwm=5 cap=256 dropped=0 dropped_total=35727 crc_err=0 crc_err_total=0 rate1=512 rate2=512 prod1=512 prod2=512 dac_err=0 tx_drop=1034527 hb_ms=0 sma_state=6 m7_us=2932563748 m4_us=2930369397 vdd=5.067 offset=0.5000 aref=3.145 loop_us_avg=93 loop_us_max=5394 loop_hz=10752 cycle_log_ms=1 n_cycle=4 cc=1 cc_hz=1025 cc_i_tgt=0.1000 cc_u=0.5101 cc_r=5.0856 cc_tau_ms=7.00
[  82.615] [ADC1] STAT
[  83.624] [STATUS] t_ms=2843962 hwm=5 cap=256 dropped=0 dropped_total=35727 crc_err=0 crc_err_total=0 rate1=512 rate2=512 prod1=512 prod2=512 dac_err=0 tx_drop=1034527 hb_ms=0 sma_state=6 m7_us=2933595325 m4_us=2931400968 vdd=5.067 offset=0.5000 aref=3.145 loop_us_avg=94 loop_us_max=5406 loop_hz=10638 cycle_log_ms=1 n_cycle=4 cc=1 cc_hz=1025 cc_i_tgt=0.1000 cc_u=0.5000 cc_r=5.0064 cc_tau_ms=7.00
[  83.624] [ADC1] STAT
[  84.629] [ADC1] STA
[  84.693] [STATUS] t_ms=2844962 hwm=5 cap=256 dropped=0 dropped_total=35727 crc_err=0 crc_err_total=0 rate1=512 rate2=512 prod1=512 prod2=512 dac_err=0 tx_drop=1034527 hb_ms=0 sma_state=6 m7_us=2934626927 m4_us=2932432574 vdd=5.067 offset=0.5000 aref=3.145 loop_us_avg=93 loop_us_max=5407 loop_hz=10752 cycle_log_ms=1 n_cycle=4 cc=1 cc_hz=1025 cc_i_tgt=0.1000 cc_u=0.5048 cc_r=5.0157 cc_tau_ms=7.00
[  85.644] [ADC1] STAT
[  85.706] [STATUS] t_ms=2845962 hwm=5 cap=256 dropped=0 dropped_total=35727 crc_err=0 crc_err_total=0 rate1=512 rate2=512 prod1=512 prod2=512 dac_err=0 tx_drop=1034527 hb_ms=0 sma_state=6 m7_us=2935658556 m4_us=2933464190 vdd=5.067 offset=0.5000 aref=3.145 loop_us_avg=93 loop_us_max=5401 loop_hz=10752 cycle_log_ms=1 n_cycle=4 cc=1 cc_hz=1025 cc_i_tgt=0.1000 cc_u=0.5027 cc_r=5.0051 cc_tau_ms=7.00
[  86.656] [ADC1] STAT
[  86.719] [STATUS] t_ms=2846962 hwm=5 cap=256 dropped=0 dropped_total=35727 crc_err=0 crc_err_total=0 rate1=512 rate2=512 prod1=512 prod2=512 dac_err=0 tx_drop=1034527 hb_ms=0 sma_state=6 m7_us=2936690188 m4_us=2934495825 vdd=5.067 offset=0.5000 aref=3.145 loop_us_avg=93 loop_us_max=5419 loop_hz=10752 cycle_log_ms=1 n_cycle=4 cc=1 cc_hz=1025 cc_i_tgt=0.1000 cc_u=0.5000 cc_r=5.0083 cc_tau_ms=7.00
[  87.671] [ADC1] STAT
[  87.798] [STATUS] t_ms=2847962 hwm=5 cap=256 dropped=0 dropped_total=35727 crc_err=0 crc_err_total=0 rate1=512 rate2=512 prod1=512 prod2=512 dac_err=0 tx_drop=1034527 hb_ms=0 sma_state=6 m7_us=2937721791 m4_us=2935527441 vdd=5.067 offset=0.5000 aref=3.145 loop_us_avg=92 loop_us_max=5421 loop_hz=10869 cycle_log_ms=1 n_cycle=4 cc=1 cc_hz=1025 cc_i_tgt=0.1000 cc_u=0.5119 cc_r=5.0381 cc_tau_ms=7.00
[  88.684] US alarm(s): 0
[  88.684] [AD
[  88.684] C1] STAT
[  88.810] [STATUS] t_ms=2848962 hwm=5 cap=256 dropped=0 dropped_total=35727 crc_err=0 crc_err_total=0 rate1=512 rate2=512 prod1=512 prod2=512 dac_err=0 tx_drop=1034527 hb_ms=0 sma_state=6 m7_us=2938753361 m4_us=2936559016 vdd=5.067 offset=0.5000 aref=3.145 loop_us_avg=94 loop_us_max=5405 loop_hz=10638 cycle_log_ms=1 n_cycle=4 cc=1 cc_hz=1025 cc_i_tgt=0.1000 cc_u=0.5281 cc_r=5.0597 cc_tau_ms=7.00
[  89.680] [ADC1] STA
[  89.806] [STATUS] t_ms=2849962 hwm=5 cap=256 dropped=0 dropped_total=35727 crc_err=0 crc_err_total=0 rate1=512 rate2=512 prod1=512 prod2=512 dac_err=0 tx_drop=1034527 hb_ms=0 sma_state=6 m7_us=2939784925 m4_us=2937590577 vdd=5.067 offset=0.5000 aref=3.145 loop_us_avg=94 loop_us_max=5448 loop_hz=10638 cycle_log_ms=1 n_cycle=4 cc=1 cc_hz=1025 cc_i_tgt=0.1000 cc_u=0.5336 cc_r=5.2088 cc_tau_ms=7.00
[  90.688] [ADC1] STAT
[  90.877] [STATUS] t_ms=2850962 hwm=5 cap=256 dropped=0 dropped_total=35727 crc_err=0 crc_err_total=0 rate1=512 rate2=512 prod1=512 prod2=512 dac_err=0 tx_drop=1034527 hb_ms=0 sma_state=6 m7_us=2940816467 m4_us=2938622117 vdd=5.067 offset=0.5000 aref=3.145 loop_us_avg=94 loop_us_max=5390 loop_hz=10638 cycle_log_ms=1 n_cycle=4 cc=1 cc_hz=1025 cc_i_tgt=0.1000 cc_u=0.5347 cc_r=5.1429 cc_tau_ms=7.00
[  91.699] [ADC1] STAT
[  91.891] [STATUS] t_ms=2851962 hwm=5 cap=256 dropped=0 dropped_total=35727 crc_err=0 crc_err_total=0 rate1=512 rate2=512 prod1=512 prod2=512 dac_err=0 tx_drop=1034527 hb_ms=0 sma_state=6 m7_us=2941848005 m4_us=2939653665 vdd=5.067 offset=0.5000 aref=3.145 loop_us_avg=92 loop_us_max=5404 loop_hz=10869 cycle_log_ms=1 n_cycle=4 cc=1 cc_hz=1025 cc_i_tgt=0.1000 cc_u=0.5355 cc_r=5.0678 cc_tau_ms=7.00
[  92.714] [ADC1] STAT
[  92.904] [STATUS] t_ms=2852962 hwm=5 cap=256 dropped=0 dropped_total=35727 crc_err=0 crc_err_total=0 rate1=512 rate2=512 prod1=512 prod2=512 dac_err=0 tx_drop=1034527 hb_ms=0 sma_state=6 m7_us=2942879565 m4_us=2940685217 vdd=5.067 offset=0.5000 aref=3.145 loop_us_avg=93 loop_us_max=5406 loop_hz=10752 cycle_log_ms=1 n_cycle=4 cc=1 cc_hz=1025 cc_i_tgt=0.1000 cc_u=0.5000 cc_r=5.1346 cc_tau_ms=7.00
[  93.722] US al
[  93.722] ALM
[  93.722] [ADC1] STA
[  93.976] [STATUS] t_ms=2853962 hwm=5 cap=256 dropped=0 dropped_total=35727 crc_err=0 crc_err_total=0 rate1=512 rate2=512 prod1=512 prod2=512 dac_err=0 tx_drop=1034527 hb_ms=0 sma_state=6 m7_us=2943911109 m4_us=2941716750 vdd=5.067 offset=0.5000 aref=3.145 loop_us_avg=93 loop_us_max=5398 loop_hz=10752 cycle_log_ms=1 n_cycle=4 cc=1 cc_hz=1025 cc_i_tgt=0.1000 cc_u=0.5105 cc_r=5.1616 cc_tau_ms=7.00
[  94.102] [SMA] [ACT] -> idle (done) after 6 cycle(s); still armed
