[   0.065] [SMA] ARMED (MOSFET on); idle=0.500 V
[   0.066] US
[   0.066] alarm(s): 0x49
[   0.066] [ADC1
[   0.066] ] STAT
[   0.066] [STATUS] t_ms=2877215 hwm=5 cap=256 dropped=0 dropped_total=36500 crc_err=0 crc_err_total=0 rate1=512 rate2=512 prod1=512 prod2=512 dac_err=0 tx_drop=1034527 hb_ms=0 sma_state=0 m7_us=2967901560 m4_us=2965706792 vdd=5.067 offset=0.5000 aref=3.145 loop_us_avg=21 loop_us_max=4628 loop_hz=47619 cycle_log_ms=1 n_cycle=4 cc=0 cc_hz=0 cc_i_tgt=0.1000 cc_u=0.5299 cc_r=5.1096 cc_tau_ms=7.00
[   1.003] [ADC1] STA
[   1.066] [STATUS] t_ms=2878215 hwm=5 cap=256 dropped=0 dropped_total=36500 crc_err=0 crc_err_total=0 rate1=512 rate2=512 prod1=512 prod2=512 dac_err=0 tx_drop=1034527 hb_ms=0 sma_state=0 m7_us=2968933394 m4_us=2966738629 vdd=5.067 offset=0.5000 aref=3.145 loop_us_avg=22 loop_us_max=4664 loop_hz=45454 cycle_log_ms=1 n_cycle=4 cc=0 cc_hz=0 cc_i_tgt=0.1000 cc_u=0.5299 cc_r=5.1096 cc_tau_ms=7.00
[   2.014] TUS a
[   2.014] _ALM
[   2.014] [ADC1] ST
[   2.014] AT
[   0.062] [SMA] [CC] start i_high=350.0mA i_low=100.0mA t_high=200 t_idle=15000 n=6 (0=cont) tau_ms=7.0 wdt_ms=5000
[   0.062] [SMA] [ACT] heat n=1/6 I=350.0mA ms=200
[   0.062] [STATUS] t_ms=2879215 hwm=5 cap=256 dropped=0 dropped_total=36500 crc_err=0 crc_err_total=0 rate1=513 rate2=512 prod1=513 prod2=512 dac_err=0 tx_drop=1034527 hb_ms=0 sma_state=5 m7_us=2969965855 m4_us=2967771450 vdd=5.067 offset=0.5000 aref=3.145 loop_us_avg=23 loop_us_max=4633 loop_hz=43478 cycle_log_ms=1 n_cycle=4 cc=1 cc_hz=46 cc_i_tgt=0.3500 cc_u=0.5885 cc_r=0.0000 cc_tau_ms=7.00
[   0.253] [SMA] [ACT] cool n=1/6 I=100.0mA ms=15000
[   1.010] [ADC1] STAT
[   1.137] [STATUS] t_ms=2880215 hwm=5 cap=256 dropped=0 dropped_total=36500 crc_err=0 crc_err_total=0 rate1=511 rate2=512 prod1=511 prod2=512 dac_err=0 tx_drop=1034527 hb_ms=0 sma_state=6 m7_us=2970997007 m4_us=2968802222 vdd=5.067 offset=0.5000 aref=3.145 loop_us_avg=90 loop_us_max=5383 loop_hz=11111 cycle_log_ms=1 n_cycle=4 cc=1 cc_hz=1025 cc_i_tgt=0.1000 cc_u=0.5091 cc_r=5.1299 cc_tau_ms=7.00
[   2.023] [ADC1] STAT
[   2.150] [STATUS] t_ms=2881215 hwm=6 cap=256 dropped=0 dropped_total=36500 crc_err=0 crc_err_total=0 rate1=513 rate2=512 prod1=513 prod2=512 dac_err=0 tx_drop=1034527 hb_ms=0 sma_state=6 m7_us=2972029440 m4_us=2969834970 vdd=5.067 offset=0.5000 aref=3.145 loop_us_avg=94 loop_us_max=5327 loop_hz=10638 cycle_log_ms=1 n_cycle=4 cc=1 cc_hz=1026 cc_i_tgt=0.1000 cc_u=0.5000 cc_r=5.0131 cc_tau_ms=7.00
[   3.030] [ADC1] STAT
[   3.156] [STATUS] t_ms=2882215 hwm=5 cap=256 dropped=0 dropped_total=36500 crc_err=0 crc_err_total=0 rate1=512 rate2=512 prod1=512 prod2=512 dac_err=0 tx_drop=1034527 hb_ms=0 sma_state=6 m7_us=2973061132 m4_us=2970866685 vdd=5.067 offset=0.5000 aref=3.145 loop_us_avg=94 loop_us_max=5482 loop_hz=10638 cycle_log_ms=1 n_cycle=4 cc=1 cc_hz=1025 cc_i_tgt=0.1000 cc_u=0.5000 cc_r=5.0358 cc_tau_ms=7.00
[   4.037] [ADC1] STAT
[   4.225] [STATUS] t_ms=2883215 hwm=5 cap=256 dropped=0 dropped_total=36500 crc_err=0 crc_err_total=0 rate1=512 rate2=512 prod1=512 prod2=512 dac_err=0 tx_drop=1034527 hb_ms=0 sma_state=6 m7_us=2974092815 m4_us=2971898372 vdd=5.067 offset=0.5000 aref=3.145 loop_us_avg=94 loop_us_max=5393 loop_hz=10638 cycle_log_ms=1 n_cycle=4 cc=1 cc_hz=1025 cc_i_tgt=0.1000 cc_u=0.5000 cc_r=4.9588 cc_tau_ms=7.00
[   5.040] [ADC1] STA
[   5.231] [STATUS] t_ms=2884215 hwm=5 cap=256 dropped=0 dropped_total=36500 crc_err=0 crc_err_total=0 rate1=512 rate2=512 prod1=512 prod2=512 dac_err=0 tx_drop=1034527 hb_ms=0 sma_state=6 m7_us=2975124472 m4_us=2972930032 vdd=5.067 offset=0.5000 aref=3.145 loop_us_avg=93 loop_us_max=5394 loop_hz=10752 cycle_log_ms=1 n_cycle=4 cc=1 cc_hz=1025 cc_i_tgt=0.1000 cc_u=0.5071 cc_r=4.9920 cc_tau_ms=7.00
[   6.052] TUS alarm(
[   6.052] [ADC1] STAT
[   6.304] [STATUS] t_ms=2885215 hwm=5 cap=256 dropped=0 dropped_total=36500 crc_err=0 crc_err_total=0 rate1=512 rate2=512 prod1=512 prod2=512 dac_err=0 tx_drop=1034527 hb_ms=0 sma_state=6 m7_us=2976156314 m4_us=2973961648 vdd=5.067 offset=0.5000 aref=3.145 loop_us_avg=94 loop_us_max=5419 loop_hz=10638 cycle_log_ms=1 n_cycle=4 cc=1 cc_hz=1025 cc_i_tgt=0.1000 cc_u=0.5167 cc_r=5.1040 cc_tau_ms=7.00
[   7.061] [ADC1] STAT
[   7.316] [STATUS] t_ms=2886215 hwm=6 cap=256 dropped=0 dropped_total=36500 crc_err=0 crc_err_total=0 rate1=512 rate2=512 prod1=512 prod2=512 dac_err=0 tx_drop=1034527 hb_ms=0 sma_state=6 m7_us=2977187675 m4_us=2974993232 vdd=5.067 offset=0.5000 aref=3.145 loop_us_avg=93 loop_us_max=5632 loop_hz=10752 cycle_log_ms=1 n_cycle=4 cc=1 cc_hz=1025 cc_i_tgt=0.1000 cc_u=0.5200 cc_r=5.0941 cc_tau_ms=7.00
[   8.078] US
[   8.078] alarm(s): 0xC9 PG
[   8.078] AL_ALM
[   8.078] [ADC1] STA
[   8.078] T
[   8.332] [STATUS] t_ms=2887215 hwm=5 cap=256 dropped=0 dropped_total=36500 crc_err=0 crc_err_total=0 rate1=512 rate2=512 prod1=512 prod2=512 dac_err=0 tx_drop=1034527 hb_ms=0 sma_state=6 m7_us=2978219300 m4_us=2976024855 vdd=5.067 offset=0.5000 aref=3.145 loop_us_avg=93 loop_us_max=5397 loop_hz=10752 cycle_log_ms=1 n_cycle=4 cc=1 cc_hz=1025 cc_i_tgt=0.1000 cc_u=0.5082 cc_r=5.0857 cc_tau_ms=7.00
[   9.083] [ADC1] STAT
[   9.399] [STATUS] t_ms=2888215 hwm=5 cap=256 dropped=0 dropped_total=36500 crc_err=0 crc_err_total=0 rate1=512 rate2=512 prod1=512 prod2=512 dac_err=0 tx_drop=1034527 hb_ms=0 sma_state=6 m7_us=2979250892 m4_us=2977056445 vdd=5.067 offset=0.5000 aref=3.145 loop_us_avg=94 loop_us_max=5407 loop_hz=10638 cycle_log_ms=1 n_cycle=4 cc=1 cc_hz=1025 cc_i_tgt=0.1000 cc_u=0.5184 cc_r=5.0644 cc_tau_ms=7.00
[  10.097] [ADC1] STA
[  10.412] [STATUS] t_ms=2889215 hwm=5 cap=256 dropped=0 dropped_total=36500 crc_err=0 crc_err_total=0 rate1=512 rate2=512 prod1=512 prod2=512 dac_err=0 tx_drop=1034527 hb_ms=0 sma_state=6 m7_us=2980282465 m4_us=2978088026 vdd=5.067 offset=0.5000 aref=3.145 loop_us_avg=94 loop_us_max=5426 loop_hz=10638 cycle_log_ms=1 n_cycle=4 cc=1 cc_hz=1025 cc_i_tgt=0.1000 cc_u=0.5094 cc_r=5.0753 cc_tau_ms=7.00
[  11.044] [ADC1] STAT
[  11.424] [STATUS] t_ms=2890215 hwm=5 cap=256 dropped=0 dropped_total=36500 crc_err=0 crc_err_total=0 rate1=512 rate2=512 prod1=512 prod2=512 dac_err=0 tx_drop=1034527 hb_ms=0 sma_state=6 m7_us=2981314066 m4_us=2979119616 vdd=5.067 offset=0.5000 aref=3.145 loop_us_avg=92 loop_us_max=5398 loop_hz=10869 cycle_log_ms=1 n_cycle=4 cc=1 cc_hz=1025 cc_i_tgt=0.1000 cc_u=0.5448 cc_r=5.1295 cc_tau_ms=7.00
[  12.054] [ADC1] STAT
[  12.492] [STATUS] t_ms=2891215 hwm=5 cap=256 dropped=0 dropped_total=36500 crc_err=0 crc_err_total=0 rate1=512 rate2=512 prod1=512 prod2=512 dac_err=0 tx_drop=1034527 hb_ms=0 sma_state=6 m7_us=2982345652 m4_us=2980151207 vdd=5.067 offset=0.5000 aref=3.145 loop_us_avg=94 loop_us_max=5411 loop_hz=10638 cycle_log_ms=1 n_cycle=4 cc=1 cc_hz=1025 cc_i_tgt=0.1000 cc_u=0.5276 cc_r=5.1946 cc_tau_ms=7.00
[  13.063] [ADC1] STAT
[  13.501] [STATUS] t_ms=2892215 hwm=5 cap=256 dropped=0 dropped_total=36500 crc_err=0 crc_err_total=0 rate1=512 rate2=512 prod1=512 prod2=512 dac_err=0 tx_drop=1034527 hb_ms=0 sma_state=6 m7_us=2983377235 m4_us=2981182784 vdd=5.067 offset=0.5000 aref=3.145 loop_us_avg=94 loop_us_max=5433 loop_hz=10638 cycle_log_ms=1 n_cycle=4 cc=1 cc_hz=1025 cc_i_tgt=0.1000 cc_u=0.5000 cc_r=5.0808 cc_tau_ms=7.00
[  14.126] [ADC1] STA
[  14.506] [STATUS] t_ms=2893215 hwm=5 cap=256 dropped=0 dropped_total=36500 crc_err=0 crc_err_total=0 rate1=512 rate2=512 prod1=512 prod2=512 dac_err=0 tx_drop=1034527 hb_ms=0 sma_state=6 m7_us=2984408803 m4_us=2982214359 vdd=5.067 offset=0.5000 aref=3.145 loop_us_avg=92 loop_us_max=5423 loop_hz=10869 cycle_log_ms=1 n_cycle=4 cc=1 cc_hz=1025 cc_i_tgt=0.1000 cc_u=0.5011 cc_r=5.1087 cc_tau_ms=7.00
[  15.073] [ADC1] STAT
[  15.579] [STATUS] t_ms=2894215 hwm=5 cap=256 dropped=0 dropped_total=36500 crc_err=0 crc_err_total=0 rate1=512 rate2=512 prod1=512 prod2=512 dac_err=0 tx_drop=1034527 hb_ms=0 sma_state=6 m7_us=2985440370 m4_us=2983245914 vdd=5.067 offset=0.5000 aref=3.145 loop_us_avg=94 loop_us_max=5426 loop_hz=10638 cycle_log_ms=1 n_cycle=4 cc=1 cc_hz=1025 cc_i_tgt=0.1000 cc_u=0.5000 cc_r=5.0073 cc_tau_ms=7.00
[  15.705] [SMA] [ACT] heat n=2/6 I=350.0mA ms=200
[  15.894] [SMA] [ACT] cool n=2/6 I=100.0mA ms=15000
[  16.083] US a
[  16.083] _ALM
[  16.083] [ADC1] STAT
[  16.587] [STATUS] t_ms=2895215 hwm=5 cap=256 dropped=0 dropped_total=36500 crc_err=0 crc_err_total=0 rate1=512 rate2=512 prod1=512 prod2=512 dac_err=0 tx_drop=1034527 hb_ms=0 sma_state=6 m7_us=2986471947 m4_us=2984277498 vdd=5.067 offset=0.5000 aref=3.145 loop_us_avg=94 loop_us_max=5424 loop_hz=10638 cycle_log_ms=1 n_cycle=4 cc=1 cc_hz=1023 cc_i_tgt=0.1000 cc_u=0.5000 cc_r=4.9980 cc_tau_ms=7.00
[  17.091] [ADC1] STAT
[  17.599] [STATUS] t_ms=2896215 hwm=5 cap=256 dropped=0 dropped_total=36500 crc_err=0 crc_err_total=0 rate1=512 rate2=512 prod1=512 prod2=512 dac_err=0 tx_drop=1034527 hb_ms=0 sma_state=6 m7_us=2987503538 m4_us=2985309098 vdd=5.067 offset=0.5000 aref=3.145 loop_us_avg=94 loop_us_max=5412 loop_hz=10638 cycle_log_ms=1 n_cycle=4 cc=1 cc_hz=1025 cc_i_tgt=0.1000 cc_u=0.5000 cc_r=4.9449 cc_tau_ms=7.00
[  18.109] US alarm
[  18.109] [ADC1] STAT
[  18.645] [STATUS] t_ms=2897215 hwm=5 cap=256 dropped=0 dropped_total=36500 crc_err=0 crc_err_total=0 rate1=512 rate2=512 prod1=512 prod2=512 dac_err=0 tx_drop=1034527 hb_ms=0 sma_state=6 m7_us=2988535151 m4_us=2986340714 vdd=5.067 offset=0.5000 aref=3.145 loop_us_avg=93 loop_us_max=5403 loop_hz=10752 cycle_log_ms=1 n_cycle=4 cc=1 cc_hz=1025 cc_i_tgt=0.1000 cc_u=0.5000 cc_r=4.9626 cc_tau_ms=7.00
[  19.146] US alarm(s
[  19.146] [ADC1] STA
[  19.711] [STATUS] t_ms=2898215 hwm=5 cap=256 dropped=0 dropped_total=36500 crc_err=0 crc_err_total=0 rate1=512 rate2=512 prod1=512 prod2=512 dac_err=0 tx_drop=1034527 hb_ms=0 sma_state=6 m7_us=2989566750 m4_us=2987372301 vdd=5.067 offset=0.5000 aref=3.145 loop_us_avg=92 loop_us_max=5396 loop_hz=10869 cycle_log_ms=1 n_cycle=4 cc=1 cc_hz=1025 cc_i_tgt=0.1000 cc_u=0.5062 cc_r=5.0614 cc_tau_ms=7.00
[  20.150] [ADC1] STAT
[  20.722] [STATUS] t_ms=2899215 hwm=5 cap=256 dropped=0 dropped_total=36500 crc_err=0 crc_err_total=0 rate1=512 rate2=512 prod1=512 prod2=512 dac_err=0 tx_drop=1034527 hb_ms=0 sma_state=6 m7_us=2990598278 m4_us=2988403834 vdd=5.067 offset=0.5000 aref=3.145 loop_us_avg=94 loop_us_max=5396 loop_hz=10638 cycle_log_ms=1 n_cycle=4 cc=1 cc_hz=1025 cc_i_tgt=0.1000 cc_u=0.5147 cc_r=5.0381 cc_tau_ms=7.00
[  21.165] [ADC1] STAT
[  21.732] [STATUS] t_ms=2900215 hwm=5 cap=256 dropped=0 dropped_total=36500 crc_err=0 crc_err_total=0 rate1=512 rate2=512 prod1=512 prod2=512 dac_err=0 tx_drop=1034527 hb_ms=0 sma_state=6 m7_us=2991629888 m4_us=2989435444 vdd=5.067 offset=0.5000 aref=3.145 loop_us_avg=93 loop_us_max=5412 loop_hz=10752 cycle_log_ms=1 n_cycle=4 cc=1 cc_hz=1025 cc_i_tgt=0.1000 cc_u=0.5424 cc_r=5.1978 cc_tau_ms=7.00
[  22.177] [ADC1] STAT
[  22.808] [STATUS] t_ms=2901215 hwm=5 cap=256 dropped=0 dropped_total=36500 crc_err=0 crc_err_total=0 rate1=512 rate2=512 prod1=512 prod2=512 dac_err=0 tx_drop=1034527 hb_ms=0 sma_state=6 m7_us=2992661520 m4_us=2990467079 vdd=5.067 offset=0.5000 aref=3.145 loop_us_avg=93 loop_us_max=5471 loop_hz=10752 cycle_log_ms=1 n_cycle=4 cc=1 cc_hz=1025 cc_i_tgt=0.1000 cc_u=0.5015 cc_r=5.0462 cc_tau_ms=7.00
[  23.186] [ADC1] STAT
[  23.813] [STATUS] t_ms=2902215 hwm=5 cap=256 dropped=0 dropped_total=36500 crc_err=0 crc_err_total=0 rate1=512 rate2=512 prod1=512 prod2=512 dac_err=0 tx_drop=1034527 hb_ms=0 sma_state=6 m7_us=2993693134 m4_us=2991498679 vdd=5.067 offset=0.5000 aref=3.145 loop_us_avg=93 loop_us_max=5396 loop_hz=10752 cycle_log_ms=1 n_cycle=4 cc=1 cc_hz=1025 cc_i_tgt=0.1000 cc_u=0.5319 cc_r=5.0669 cc_tau_ms=7.00
[  24.188] US alarm(
[  24.188] [ADC1] STAT
[  24.820] [STATUS] t_ms=2903215 hwm=5 cap=256 dropped=0 dropped_total=36500 crc_err=0 crc_err_total=0 rate1=512 rate2=512 prod1=512 prod2=512 dac_err=0 tx_drop=1034527 hb_ms=0 sma_state=6 m7_us=2994724709 m4_us=2992530269 vdd=5.067 offset=0.5000 aref=3.145 loop_us_avg=94 loop_us_max=5412 loop_hz=10638 cycle_log_ms=1 n_cycle=4 cc=1 cc_hz=1025 cc_i_tgt=0.1000 cc_u=0.5227 cc_r=5.1152 cc_tau_ms=7.00
[  25.200] [ADC1] STAT
[  25.895] [STATUS] t_ms=2904215 hwm=5 cap=256 dropped=0 dropped_total=36500 crc_err=0 crc_err_total=0 rate1=512 rate2=512 prod1=512 prod2=512 dac_err=0 tx_drop=1034527 hb_ms=0 sma_state=6 m7_us=2995756311 m4_us=2993561869 vdd=5.067 offset=0.5000 aref=3.145 loop_us_avg=93 loop_us_max=5407 loop_hz=10752 cycle_log_ms=1 n_cycle=4 cc=1 cc_hz=1025 cc_i_tgt=0.1000 cc_u=0.5252 cc_r=5.1082 cc_tau_ms=7.00
[  26.210] [ADC1] STAT
[  26.905] [STATUS] t_ms=2905215 hwm=5 cap=256 dropped=0 dropped_total=36500 crc_err=0 crc_err_total=0 rate1=512 rate2=512 prod1=512 prod2=512 dac_err=0 tx_drop=1034527 hb_ms=0 sma_state=6 m7_us=2996787896 m4_us=2994593453 vdd=5.067 offset=0.5000 aref=3.145 loop_us_avg=92 loop_us_max=5399 loop_hz=10869 cycle_log_ms=1 n_cycle=4 cc=1 cc_hz=1025 cc_i_tgt=0.1000 cc_u=0.5304 cc_r=5.1171 cc_tau_ms=7.00
[  27.220] [ADC1] STAT
[  27.914] [STATUS] t_ms=2906215 hwm=5 cap=256 dropped=0 dropped_total=36500 crc_err=0 crc_err_total=0 rate1=512 rate2=512 prod1=512 prod2=512 dac_err=0 tx_drop=1034527 hb_ms=0 sma_state=6 m7_us=2997819519 m4_us=2995625069 vdd=5.067 offset=0.5000 aref=3.145 loop_us_avg=94 loop_us_max=5412 loop_hz=10638 cycle_log_ms=1 n_cycle=4 cc=1 cc_hz=1025 cc_i_tgt=0.1000 cc_u=0.5052 cc_r=5.0060 cc_tau_ms=7.00
[  28.229] [ADC1] STAT
[  28.986] [STATUS] t_ms=2907215 hwm=5 cap=256 dropped=0 dropped_total=36500 crc_err=0 crc_err_total=0 rate1=512 rate2=512 prod1=512 prod2=512 dac_err=0 tx_drop=1034527 hb_ms=0 sma_state=6 m7_us=2998851131 m4_us=2996656685 vdd=5.067 offset=0.5000 aref=3.145 loop_us_avg=94 loop_us_max=5413 loop_hz=10638 cycle_log_ms=1 n_cycle=4 cc=1 cc_hz=1025 cc_i_tgt=0.1000 cc_u=0.5032 cc_r=5.0144 cc_tau_ms=7.00
[  29.175] [ADC1] STAT
[  29.991] [STATUS] t_ms=2908215 hwm=5 cap=256 dropped=0 dropped_total=36500 crc_err=0 crc_err_total=0 rate1=512 rate2=512 prod1=512 prod2=512 dac_err=0 tx_drop=1034527 hb_ms=0 sma_state=6 m7_us=2999882752 m4_us=2997688308 vdd=5.067 offset=0.5000 aref=3.145 loop_us_avg=94 loop_us_max=5414 loop_hz=10638 cycle_log_ms=1 n_cycle=4 cc=1 cc_hz=1025 cc_i_tgt=0.1000 cc_u=0.5050 cc_r=5.0814 cc_tau_ms=7.00
[  30.244] US alarm(s
[  30.244] [ADC1] STAT
[  31.063] [STATUS] t_ms=2909215 hwm=5 cap=256 dropped=0 dropped_total=36500 crc_err=0 crc_err_total=0 rate1=512 rate2=512 prod1=512 prod2=512 dac_err=0 tx_drop=1034527 hb_ms=0 sma_state=6 m7_us=3000914371 m4_us=2998719917 vdd=5.067 offset=0.5000 aref=3.145 loop_us_avg=94 loop_us_max=5421 loop_hz=10638 cycle_log_ms=1 n_cycle=4 cc=1 cc_hz=1025 cc_i_tgt=0.1000 cc_u=0.5051 cc_r=5.1348 cc_tau_ms=7.00
[  31.190] [ADC1] STAT
[  31.380] [SMA] [ACT] heat n=3/6 I=350.0mA ms=200
[  31.632] [SMA] [ACT] cool n=3/6 I=100.0mA ms=15000
[  32.073] [STATUS] t_ms=2910215 hwm=5 cap=256 dropped=0 dropped_total=36500 crc_err=0 crc_err_total=0 rate1=512 rate2=512 prod1=512 prod2=512 dac_err=0 tx_drop=1034527 hb_ms=0 sma_state=6 m7_us=3001945974 m4_us=2999751520 vdd=5.067 offset=0.5000 aref=3.145 loop_us_avg=93 loop_us_max=5395 loop_hz=10752 cycle_log_ms=1 n_cycle=4 cc=1 cc_hz=1023 cc_i_tgt=0.1000 cc_u=0.5088 cc_r=5.0945 cc_tau_ms=7.00
[  32.201] [ADC1] STAT
[  33.089] [STATUS] t_ms=2911215 hwm=5 cap=256 dropped=0 dropped_total=36500 crc_err=0 crc_err_total=0 rate1=512 rate2=512 prod1=512 prod2=512 dac_err=0 tx_drop=1034527 hb_ms=0 sma_state=6 m7_us=3002977572 m4_us=3000783130 vdd=5.067 offset=0.5000 aref=3.145 loop_us_avg=92 loop_us_max=5422 loop_hz=10869 cycle_log_ms=1 n_cycle=4 cc=1 cc_hz=1025 cc_i_tgt=0.1000 cc_u=0.5000 cc_r=4.9939 cc_tau_ms=7.00
[  33.216] [ADC1] STAT
[  34.100] [STATUS] t_ms=2912215 hwm=5 cap=256 dropped=0 dropped_total=36500 crc_err=0 crc_err_total=0 rate1=512 rate2=512 prod1=512 prod2=512 dac_err=0 tx_drop=1034527 hb_ms=0 sma_state=6 m7_us=3004009157 m4_us=3001814717 vdd=5.067 offset=0.5000 aref=3.145 loop_us_avg=94 loop_us_max=5399 loop_hz=10638 cycle_log_ms=1 n_cycle=4 cc=1 cc_hz=1025 cc_i_tgt=0.1000 cc_u=0.5304 cc_r=4.9866 cc_tau_ms=7.00
[  34.226] [ADC1] STAT
[  35.176] [STATUS] t_ms=2913215 hwm=5 cap=256 dropped=0 dropped_total=36500 crc_err=0 crc_err_total=0 rate1=512 rate2=512 prod1=512 prod2=512 dac_err=0 tx_drop=1034527 hb_ms=0 sma_state=6 m7_us=3005040751 m4_us=3002846314 vdd=5.067 offset=0.5000 aref=3.145 loop_us_avg=94 loop_us_max=5413 loop_hz=10638 cycle_log_ms=1 n_cycle=4 cc=1 cc_hz=1025 cc_i_tgt=0.1000 cc_u=0.5000 cc_r=5.0712 cc_tau_ms=7.00
[  35.239] US
[  35.239] alarm(s): 0x89 PGA
[  35.239] L_ALM
[  35.239] [ADC1] STAT
[  36.187] [STATUS] t_ms=2914215 hwm=5 cap=256 dropped=0 dropped_total=36500 crc_err=0 crc_err_total=0 rate1=512 rate2=512 prod1=512 prod2=512 dac_err=0 tx_drop=1034527 hb_ms=0 sma_state=6 m7_us=3006072377 m4_us=3003877936 vdd=5.067 offset=0.5000 aref=3.145 loop_us_avg=93 loop_us_max=5404 loop_hz=10752 cycle_log_ms=1 n_cycle=4 cc=1 cc_hz=1025 cc_i_tgt=0.1000 cc_u=0.5319 cc_r=5.0188 cc_tau_ms=7.00
[  36.251] US
[  36.251] _ALM
[  36.251] [ADC1] STAT
[  37.199] [STATUS] t_ms=2915215 hwm=5 cap=256 dropped=0 dropped_total=36500 crc_err=0 crc_err_total=0 rate1=512 rate2=512 prod1=512 prod2=512 dac_err=0 tx_drop=1034527 hb_ms=0 sma_state=6 m7_us=3007103968 m4_us=3004909520 vdd=5.067 offset=0.5000 aref=3.145 loop_us_avg=92 loop_us_max=5402 loop_hz=10869 cycle_log_ms=1 n_cycle=4 cc=1 cc_hz=1025 cc_i_tgt=0.1000 cc_u=0.5184 cc_r=5.0363 cc_tau_ms=7.00
[  37.263] [ADC1] STAT
[  38.279] [STATUS] t_ms=2916215 hwm=5 cap=256 dropped=0 dropped_total=36500 crc_err=0 crc_err_total=0 rate1=512 rate2=512 prod1=512 prod2=512 dac_err=0 tx_drop=1034527 hb_ms=0 sma_state=6 m7_us=3008135567 m4_us=3005941120 vdd=5.067 offset=0.5000 aref=3.145 loop_us_avg=94 loop_us_max=5397 loop_hz=10638 cycle_log_ms=1 n_cycle=4 cc=1 cc_hz=1025 cc_i_tgt=0.1000 cc_u=0.5301 cc_r=5.0609 cc_tau_ms=7.00
[  38.279] [ADC1] STA
[  39.284] [ADC1] STAT
[  39.284] [STATUS] t_ms=2917215 hwm=5 cap=256 dropped=0 dropped_total=36500 crc_err=0 crc_err_total=0 rate1=512 rate2=512 prod1=512 prod2=512 dac_err=0 tx_drop=1034527 hb_ms=0 sma_state=6 m7_us=3009167187 m4_us=3006972746 vdd=5.067 offset=0.5000 aref=3.145 loop_us_avg=94 loop_us_max=5415 loop_hz=10638 cycle_log_ms=1 n_cycle=4 cc=1 cc_hz=1025 cc_i_tgt=0.1000 cc_u=0.5440 cc_r=5.1539 cc_tau_ms=7.00
[  40.287] [ADC1] STAT
[  40.350] [STATUS] t_ms=2918215 hwm=5 cap=256 dropped=0 dropped_total=36500 crc_err=0 crc_err_total=0 rate1=512 rate2=512 prod1=512 prod2=512 dac_err=0 tx_drop=1034527 hb_ms=0 sma_state=6 m7_us=3010198817 m4_us=3008004372 vdd=5.067 offset=0.5000 aref=3.145 loop_us_avg=94 loop_us_max=5448 loop_hz=10638 cycle_log_ms=1 n_cycle=4 cc=1 cc_hz=1025 cc_i_tgt=0.1000 cc_u=0.5047 cc_r=5.0034 cc_tau_ms=7.00
[  41.294] [ADC1] STAT
[  41.358] [STATUS] t_ms=2919215 hwm=5 cap=256 dropped=0 dropped_total=36500 crc_err=0 crc_err_total=0 rate1=512 rate2=512 prod1=512 prod2=512 dac_err=0 tx_drop=1034527 hb_ms=0 sma_state=6 m7_us=3011230435 m4_us=3009035984 vdd=5.067 offset=0.5000 aref=3.145 loop_us_avg=94 loop_us_max=5419 loop_hz=10638 cycle_log_ms=1 n_cycle=4 cc=1 cc_hz=1025 cc_i_tgt=0.1000 cc_u=0.5106 cc_r=5.0947 cc_tau_ms=7.00
[  42.305] [ADC1] STAT
[  42.368] [STATUS] t_ms=2920215 hwm=5 cap=256 dropped=0 dropped_total=36500 crc_err=0 crc_err_total=0 rate1=512 rate2=512 prod1=512 prod2=512 dac_err=0 tx_drop=1034527 hb_ms=0 sma_state=6 m7_us=3012262067 m4_us=3010067616 vdd=5.067 offset=0.5000 aref=3.145 loop_us_avg=93 loop_us_max=5403 loop_hz=10752 cycle_log_ms=1 n_cycle=4 cc=1 cc_hz=1025 cc_i_tgt=0.1000 cc_u=0.5103 cc_r=4.9563 cc_tau_ms=7.00
[  43.314] US alar
[  43.314] M
[  43.314] [ADC1] STA
[  43.440] [STATUS] t_ms=2921215 hwm=5 cap=256 dropped=0 dropped_total=36500 crc_err=0 crc_err_total=0 rate1=512 rate2=512 prod1=512 prod2=512 dac_err=0 tx_drop=1034527 hb_ms=0 sma_state=6 m7_us=3013293645 m4_us=3011099210 vdd=5.067 offset=0.5000 aref=3.145 loop_us_avg=93 loop_us_max=5404 loop_hz=10752 cycle_log_ms=1 n_cycle=4 cc=1 cc_hz=1025 cc_i_tgt=0.1000 cc_u=0.5093 cc_r=5.0974 cc_tau_ms=7.00
[  44.323] [ADC1] STAT
[  44.450] [STATUS] t_ms=2922215 hwm=5 cap=256 dropped=0 dropped_total=36500 crc_err=0 crc_err_total=0 rate1=512 rate2=512 prod1=512 prod2=512 dac_err=0 tx_drop=1034527 hb_ms=0 sma_state=6 m7_us=3014325229 m4_us=3012130784 vdd=5.067 offset=0.5000 aref=3.145 loop_us_avg=93 loop_us_max=5403 loop_hz=10752 cycle_log_ms=1 n_cycle=4 cc=1 cc_hz=1025 cc_i_tgt=0.1000 cc_u=0.5249 cc_r=5.1453 cc_tau_ms=7.00
[  45.335] [ADC1] STAT
[  45.461] [STATUS] t_ms=2923215 hwm=5 cap=256 dropped=0 dropped_total=36500 crc_err=0 crc_err_total=0 rate1=512 rate2=512 prod1=512 prod2=512 dac_err=0 tx_drop=1034527 hb_ms=0 sma_state=6 m7_us=3015356808 m4_us=3013162362 vdd=5.067 offset=0.5000 aref=3.145 loop_us_avg=94 loop_us_max=5430 loop_hz=10638 cycle_log_ms=1 n_cycle=4 cc=1 cc_hz=1025 cc_i_tgt=0.1000 cc_u=0.5000 cc_r=5.0304 cc_tau_ms=7.00
[  46.344] [ADC1] STAT
[  46.533] [STATUS] t_ms=2924215 hwm=5 cap=256 dropped=0 dropped_total=36500 crc_err=0 crc_err_total=0 rate1=512 rate2=512 prod1=512 prod2=512 dac_err=0 tx_drop=1034527 hb_ms=0 sma_state=6 m7_us=3016388409 m4_us=3014193965 vdd=5.067 offset=0.5000 aref=3.145 loop_us_avg=92 loop_us_max=5408 loop_hz=10869 cycle_log_ms=1 n_cycle=4 cc=1 cc_hz=1025 cc_i_tgt=0.1000 cc_u=0.5000 cc_r=5.0526 cc_tau_ms=7.00
[  47.103] [SMA] [ACT] heat n=4/6 I=350.0mA ms=200
[  47.293] [SMA] [ACT] cool n=4/6 I=100.0mA ms=15000
[  47.356] US alarm(
[  47.356] [ADC1] STAT
[  47.546] [STATUS] t_ms=2925215 hwm=5 cap=256 dropped=0 dropped_total=36500 crc_err=0 crc_err_total=0 rate1=512 rate2=512 prod1=512 prod2=512 dac_err=0 tx_drop=1034527 hb_ms=0 sma_state=6 m7_us=3017420067 m4_us=3015225610 vdd=5.067 offset=0.5000 aref=3.145 loop_us_avg=94 loop_us_max=5411 loop_hz=10638 cycle_log_ms=1 n_cycle=4 cc=1 cc_hz=1023 cc_i_tgt=0.1000 cc_u=0.5206 cc_r=5.1049 cc_tau_ms=7.00
[  48.367] US a
[  48.367] _ALM
[  48.367] [ADC1] STA
[  48.791] [STATUS] t_ms=2926215 hwm=5 cap=256 dropped=0 dropped_total=36500 crc_err=0 crc_err_total=0 rate1=512 rate2=512 prod1=512 prod2=512 dac_err=0 tx_drop=1034527 hb_ms=0 sma_state=6 m7_us=3018451660 m4_us=3016257210 vdd=5.067 offset=0.5000 aref=3.145 loop_us_avg=93 loop_us_max=5430 loop_hz=10752 cycle_log_ms=1 n_cycle=4 cc=1 cc_hz=1025 cc_i_tgt=0.1000 cc_u=0.5449 cc_r=5.1409 cc_tau_ms=7.00
[  49.346] TUS
[  49.346] ALM
[  49.346] [ADC1] STAT
[  49.601] [STATUS] t_ms=2927215 hwm=5 cap=256 dropped=0 dropped_total=36500 crc_err=0 crc_err_total=0 rate1=512 rate2=512 prod1=512 prod2=512 dac_err=0 tx_drop=1034527 hb_ms=0 sma_state=6 m7_us=3019483285 m4_us=3017288839 vdd=5.067 offset=0.5000 aref=3.145 loop_us_avg=94 loop_us_max=5419 loop_hz=10638 cycle_log_ms=1 n_cycle=4 cc=1 cc_hz=1025 cc_i_tgt=0.1000 cc_u=0.5201 cc_r=5.1276 cc_tau_ms=7.00
[  50.363] US alarm(s):
[  50.363] [A
[  50.363] DC1] STAT
[  50.618] [STATUS] t_ms=2928215 hwm=5 cap=256 dropped=0 dropped_total=36500 crc_err=0 crc_err_total=0 rate1=512 rate2=512 prod1=512 prod2=512 dac_err=0 tx_drop=1034527 hb_ms=0 sma_state=6 m7_us=3020514867 m4_us=3018320420 vdd=5.067 offset=0.5000 aref=3.145 loop_us_avg=94 loop_us_max=5399 loop_hz=10638 cycle_log_ms=1 n_cycle=4 cc=1 cc_hz=1025 cc_i_tgt=0.1000 cc_u=0.5172 cc_r=5.1059 cc_tau_ms=7.00
[  51.377] [ADC1] STAT
[  51.690] [STATUS] t_ms=2929215 hwm=5 cap=256 dropped=0 dropped_total=36500 crc_err=0 crc_err_total=0 rate1=512 rate2=512 prod1=512 prod2=512 dac_err=0 tx_drop=1034527 hb_ms=0 sma_state=6 m7_us=3021546470 m4_us=3019352026 vdd=5.067 offset=0.5000 aref=3.145 loop_us_avg=93 loop_us_max=5401 loop_hz=10752 cycle_log_ms=1 n_cycle=4 cc=1 cc_hz=1025 cc_i_tgt=0.1000 cc_u=0.5104 cc_r=5.0527 cc_tau_ms=7.00
[  52.385] [ADC1] STAT
[  52.698] [STATUS] t_ms=2930215 hwm=5 cap=256 dropped=0 dropped_total=36500 crc_err=0 crc_err_total=0 rate1=512 rate2=512 prod1=512 prod2=512 dac_err=0 tx_drop=1034527 hb_ms=0 sma_state=6 m7_us=3022578051 m4_us=3020383610 vdd=5.067 offset=0.5000 aref=3.145 loop_us_avg=92 loop_us_max=5409 loop_hz=10869 cycle_log_ms=1 n_cycle=4 cc=1 cc_hz=1025 cc_i_tgt=0.1000 cc_u=0.5277 cc_r=5.0818 cc_tau_ms=7.00
[  53.393] US
[  53.393] alarm(s): 0x49 P
[  53.393] GAL_ALM
[  53.393] [ADC1] STA
[  53.707] [STATUS] t_ms=2931215 hwm=5 cap=256 dropped=0 dropped_total=36500 crc_err=0 crc_err_total=0 rate1=512 rate2=512 prod1=512 prod2=512 dac_err=0 tx_drop=1034527 hb_ms=0 sma_state=6 m7_us=3023609635 m4_us=3021415194 vdd=5.067 offset=0.5000 aref=3.145 loop_us_avg=94 loop_us_max=5400 loop_hz=10638 cycle_log_ms=1 n_cycle=4 cc=1 cc_hz=1025 cc_i_tgt=0.1000 cc_u=0.5166 cc_r=5.0293 cc_tau_ms=7.00
[  54.398] [ADC1] STAT
[  54.775] [STATUS] t_ms=2932215 hwm=5 cap=256 dropped=0 dropped_total=36500 crc_err=0 crc_err_total=0 rate1=512 rate2=512 prod1=512 prod2=512 dac_err=0 tx_drop=1034527 hb_ms=0 sma_state=6 m7_us=3024641220 m4_us=3022446775 vdd=5.067 offset=0.5000 aref=3.145 loop_us_avg=93 loop_us_max=5406 loop_hz=10752 cycle_log_ms=1 n_cycle=4 cc=1 cc_hz=1025 cc_i_tgt=0.1000 cc_u=0.5215 cc_r=4.9837 cc_tau_ms=7.00
[  55.409] US al
[  55.409] [ADC1] STAT
[  55.790] [STATUS] t_ms=2933215 hwm=5 cap=256 dropped=0 dropped_total=36500 crc_err=0 crc_err_total=0 rate1=512 rate2=512 prod1=512 prod2=512 dac_err=0 tx_drop=1034527 hb_ms=0 sma_state=6 m7_us=3025672771 m4_us=3023478320 vdd=5.067 offset=0.5000 aref=3.145 loop_us_avg=94 loop_us_max=5396 loop_hz=10638 cycle_log_ms=1 n_cycle=4 cc=1 cc_hz=1025 cc_i_tgt=0.1000 cc_u=0.5086 cc_r=5.0854 cc_tau_ms=7.00
[  56.420] [ADC1] STAT
[  56.799] [STATUS] t_ms=2934215 hwm=5 cap=256 dropped=0 dropped_total=36500 crc_err=0 crc_err_total=0 rate1=512 rate2=512 prod1=512 prod2=512 dac_err=0 tx_drop=1034527 hb_ms=0 sma_state=6 m7_us=3026704345 m4_us=3024509898 vdd=5.067 offset=0.5000 aref=3.145 loop_us_avg=92 loop_us_max=5399 loop_hz=10869 cycle_log_ms=1 n_cycle=4 cc=1 cc_hz=1025 cc_i_tgt=0.1000 cc_u=0.5137 cc_r=5.1161 cc_tau_ms=7.00
[  57.433] [ADC1] STAT
[  57.870] [STATUS] t_ms=2935215 hwm=5 cap=256 dropped=0 dropped_total=36500 crc_err=0 crc_err_total=0 rate1=512 rate2=512 prod1=512 prod2=512 dac_err=0 tx_drop=1034527 hb_ms=0 sma_state=6 m7_us=3027735921 m4_us=3025541472 vdd=5.067 offset=0.5000 aref=3.145 loop_us_avg=94 loop_us_max=5411 loop_hz=10638 cycle_log_ms=1 n_cycle=4 cc=1 cc_hz=1025 cc_i_tgt=0.1000 cc_u=0.5000 cc_r=5.0427 cc_tau_ms=7.00
[  58.438] [ADC1] STAT
[  58.883] [STATUS] t_ms=2936215 hwm=5 cap=256 dropped=0 dropped_total=36500 crc_err=0 crc_err_total=0 rate1=512 rate2=512 prod1=512 prod2=512 dac_err=0 tx_drop=1034527 hb_ms=0 sma_state=6 m7_us=3028767485 m4_us=3026573040 vdd=5.067 offset=0.5000 aref=3.145 loop_us_avg=93 loop_us_max=5451 loop_hz=10752 cycle_log_ms=1 n_cycle=4 cc=1 cc_hz=1025 cc_i_tgt=0.1000 cc_u=0.5106 cc_r=5.1540 cc_tau_ms=7.00
[  59.448] US alarm(s):
[  59.448] [ADC1] STAT
[  59.890] [STATUS] t_ms=2937215 hwm=5 cap=256 dropped=0 dropped_total=36500 crc_err=0 crc_err_total=0 rate1=512 rate2=512 prod1=512 prod2=512 dac_err=0 tx_drop=1034527 hb_ms=0 sma_state=6 m7_us=3029799049 m4_us=3027604602 vdd=5.067 offset=0.5000 aref=3.145 loop_us_avg=94 loop_us_max=5413 loop_hz=10638 cycle_log_ms=1 n_cycle=4 cc=1 cc_hz=1025 cc_i_tgt=0.1000 cc_u=0.5248 cc_r=5.1262 cc_tau_ms=7.00
[  60.462] [ADC1] STAT
[  60.967] [STATUS] t_ms=2938215 hwm=5 cap=256 dropped=0 dropped_total=36500 crc_err=0 crc_err_total=0 rate1=512 rate2=512 prod1=512 prod2=512 dac_err=0 tx_drop=1034527 hb_ms=0 sma_state=6 m7_us=3030830623 m4_us=3028636173 vdd=5.067 offset=0.5000 aref=3.145 loop_us_avg=93 loop_us_max=5415 loop_hz=10752 cycle_log_ms=1 n_cycle=4 cc=1 cc_hz=1025 cc_i_tgt=0.1000 cc_u=0.5034 cc_r=5.1356 cc_tau_ms=7.00
[  61.474] US alarm(
[  61.474] [ADC1] STAT
[  61.977] [STATUS] t_ms=2939215 hwm=5 cap=256 dropped=0 dropped_total=36500 crc_err=0 crc_err_total=0 rate1=512 rate2=512 prod1=512 prod2=512 dac_err=0 tx_drop=1034527 hb_ms=0 sma_state=6 m7_us=3031862160 m4_us=3029667712 vdd=5.067 offset=0.5000 aref=3.145 loop_us_avg=94 loop_us_max=5400 loop_hz=10638 cycle_log_ms=1 n_cycle=4 cc=1 cc_hz=1025 cc_i_tgt=0.1000 cc_u=0.5269 cc_r=5.1233 cc_tau_ms=7.00
[  62.420] [ADC1] STA
[  62.420] T
[  62.736] [SMA] [ACT] heat n=5/6 I=350.0mA ms=200
[  62.990] [SMA] [ACT] cool n=5/6 I=100.0mA ms=15000
[  62.990] [STATUS] t_ms=2940215 hwm=5 cap=256 dropped=0 dropped_total=36500 crc_err=0 crc_err_total=0 rate1=512 rate2=512 prod1=512 prod2=512 dac_err=0 tx_drop=1034527 hb_ms=0 sma_state=6 m7_us=3032893663 m4_us=3030699210 vdd=5.067 offset=0.5000 aref=3.145 loop_us_avg=93 loop_us_max=5402 loop_hz=10752 cycle_log_ms=1 n_cycle=4 cc=1 cc_hz=1023 cc_i_tgt=0.1000 cc_u=0.5254 cc_r=4.7450 cc_tau_ms=7.00
[  63.433] [ADC1] STAT
[  64.062] [STATUS] t_ms=2941215 hwm=5 cap=256 dropped=0 dropped_total=36500 crc_err=0 crc_err_total=0 rate1=512 rate2=512 prod1=512 prod2=512 dac_err=0 tx_drop=1034527 hb_ms=0 sma_state=6 m7_us=3033925137 m4_us=3031730692 vdd=5.067 offset=0.5000 aref=3.145 loop_us_avg=93 loop_us_max=5425 loop_hz=10752 cycle_log_ms=1 n_cycle=4 cc=1 cc_hz=1025 cc_i_tgt=0.1000 cc_u=0.5111 cc_r=4.9912 cc_tau_ms=7.00
[  64.441] [ADC1] STAT
[  65.066] [STATUS] t_ms=2942215 hwm=5 cap=256 dropped=0 dropped_total=36500 crc_err=0 crc_err_total=0 rate1=512 rate2=512 prod1=512 prod2=512 dac_err=0 tx_drop=1034527 hb_ms=0 sma_state=6 m7_us=3034956649 m4_us=3032762180 vdd=5.067 offset=0.5000 aref=3.145 loop_us_avg=94 loop_us_max=5399 loop_hz=10638 cycle_log_ms=1 n_cycle=4 cc=1 cc_hz=1025 cc_i_tgt=0.1000 cc_u=0.5148 cc_r=4.9689 cc_tau_ms=7.00
[  65.446] [ADC1] STAT
[  66.076] [STATUS] t_ms=2943215 hwm=5 cap=256 dropped=0 dropped_total=36500 crc_err=0 crc_err_total=0 rate1=512 rate2=512 prod1=512 prod2=512 dac_err=0 tx_drop=1034527 hb_ms=0 sma_state=6 m7_us=3035988124 m4_us=3033793668 vdd=5.067 offset=0.5000 aref=3.145 loop_us_avg=93 loop_us_max=5411 loop_hz=10752 cycle_log_ms=1 n_cycle=4 cc=1 cc_hz=1025 cc_i_tgt=0.1000 cc_u=0.5181 cc_r=5.0130 cc_tau_ms=7.00
[  66.455] US
[  66.455] [ADC1] STAT
[  67.152] [STATUS] t_ms=2944215 hwm=5 cap=256 dropped=0 dropped_total=36500 crc_err=0 crc_err_total=0 rate1=512 rate2=512 prod1=512 prod2=512 dac_err=0 tx_drop=1034527 hb_ms=0 sma_state=6 m7_us=3037019592 m4_us=3034825149 vdd=5.067 offset=0.5000 aref=3.145 loop_us_avg=93 loop_us_max=5423 loop_hz=10752 cycle_log_ms=1 n_cycle=4 cc=1 cc_hz=1025 cc_i_tgt=0.1000 cc_u=0.5096 cc_r=5.1245 cc_tau_ms=7.00
[  67.468] US alarm(s):
[  67.468] [
[  67.468] ADC1] STAT
[  68.165] [STATUS] t_ms=2945215 hwm=5 cap=256 dropped=0 dropped_total=36500 crc_err=0 crc_err_total=0 rate1=512 rate2=512 prod1=512 prod2=512 dac_err=0 tx_drop=1034527 hb_ms=0 sma_state=6 m7_us=3038051098 m4_us=3035856653 vdd=5.067 offset=0.5000 aref=3.145 loop_us_avg=94 loop_us_max=5412 loop_hz=10638 cycle_log_ms=1 n_cycle=4 cc=1 cc_hz=1025 cc_i_tgt=0.1000 cc_u=0.5127 cc_r=5.0544 cc_tau_ms=7.00
[  68.484] [ADC1] STAT
[  69.173] [STATUS] t_ms=2946215 hwm=5 cap=256 dropped=0 dropped_total=36500 crc_err=0 crc_err_total=0 rate1=512 rate2=512 prod1=512 prod2=512 dac_err=0 tx_drop=1034527 hb_ms=0 sma_state=6 m7_us=3039082633 m4_us=3036888192 vdd=5.067 offset=0.5000 aref=3.145 loop_us_avg=93 loop_us_max=5401 loop_hz=10752 cycle_log_ms=1 n_cycle=4 cc=1 cc_hz=1025 cc_i_tgt=0.1000 cc_u=0.5000 cc_r=4.9828 cc_tau_ms=7.00
[  69.490] [ADC1] STAT
[  70.247] [STATUS] t_ms=2947215 hwm=5 cap=256 dropped=0 dropped_total=36500 crc_err=0 crc_err_total=0 rate1=512 rate2=512 prod1=512 prod2=512 dac_err=0 tx_drop=1034527 hb_ms=0 sma_state=6 m7_us=3040114162 m4_us=3037919716 vdd=5.067 offset=0.5000 aref=3.145 loop_us_avg=93 loop_us_max=5421 loop_hz=10752 cycle_log_ms=1 n_cycle=4 cc=1 cc_hz=1025 cc_i_tgt=0.1000 cc_u=0.5453 cc_r=5.1815 cc_tau_ms=7.00
[  70.499] [ADC1] STAT
[  71.261] [STATUS] t_ms=2948215 hwm=5 cap=256 dropped=0 dropped_total=36500 crc_err=0 crc_err_total=0 rate1=512 rate2=512 prod1=512 prod2=512 dac_err=0 tx_drop=1034527 hb_ms=0 sma_state=6 m7_us=3041145662 m4_us=3038951220 vdd=5.067 offset=0.5000 aref=3.145 loop_us_avg=93 loop_us_max=5407 loop_hz=10752 cycle_log_ms=1 n_cycle=4 cc=1 cc_hz=1025 cc_i_tgt=0.1000 cc_u=0.5059 cc_r=4.9403 cc_tau_ms=7.00
[  71.512] [ADC1] STAT
[  72.269] [STATUS] t_ms=2949215 hwm=5 cap=256 dropped=0 dropped_total=36500 crc_err=0 crc_err_total=0 rate1=512 rate2=512 prod1=512 prod2=512 dac_err=0 tx_drop=1034527 hb_ms=0 sma_state=6 m7_us=3042177200 m4_us=3039982756 vdd=5.067 offset=0.5000 aref=3.145 loop_us_avg=94 loop_us_max=5414 loop_hz=10638 cycle_log_ms=1 n_cycle=4 cc=1 cc_hz=1025 cc_i_tgt=0.1000 cc_u=0.5000 cc_r=4.9666 cc_tau_ms=7.00
[  72.522] US
[  72.522] alarm(s): 0xC9 PG
[  72.522] AL_ALM
[  72.522] [ADC1] STAT
[  73.339] [STATUS] t_ms=2950215 hwm=5 cap=256 dropped=0 dropped_total=36500 crc_err=0 crc_err_total=0 rate1=512 rate2=512 prod1=512 prod2=512 dac_err=0 tx_drop=1034527 hb_ms=0 sma_state=6 m7_us=3043208755 m4_us=3041014308 vdd=5.067 offset=0.5000 aref=3.145 loop_us_avg=94 loop_us_max=5396 loop_hz=10638 cycle_log_ms=1 n_cycle=4 cc=1 cc_hz=1025 cc_i_tgt=0.1000 cc_u=0.5249 cc_r=5.1584 cc_tau_ms=7.00
[  73.530] US ala
[  73.530] [ADC1] STAT
[  74.348] [STATUS] t_ms=2951215 hwm=5 cap=256 dropped=0 dropped_total=36500 crc_err=0 crc_err_total=0 rate1=512 rate2=512 prod1=512 prod2=512 dac_err=0 tx_drop=1034527 hb_ms=0 sma_state=6 m7_us=3044240270 m4_us=3042045834 vdd=5.067 offset=0.5000 aref=3.145 loop_us_avg=93 loop_us_max=5419 loop_hz=10752 cycle_log_ms=1 n_cycle=4 cc=1 cc_hz=1025 cc_i_tgt=0.1000 cc_u=0.5212 cc_r=5.1604 cc_tau_ms=7.00
[  74.539] [ADC1] STAT
[  75.361] [STATUS] t_ms=2952215 hwm=5 cap=256 dropped=0 dropped_total=36500 crc_err=0 crc_err_total=0 rate1=512 rate2=512 prod1=512 prod2=512 dac_err=0 tx_drop=1034527 hb_ms=0 sma_state=6 m7_us=3045271829 m4_us=3043077380 vdd=5.067 offset=0.5000 aref=3.145 loop_us_avg=93 loop_us_max=5403 loop_hz=10752 cycle_log_ms=1 n_cycle=4 cc=1 cc_hz=1025 cc_i_tgt=0.1000 cc_u=0.5088 cc_r=4.9968 cc_tau_ms=7.00
[  75.553] [ADC1] STAT
[  76.438] [STATUS] t_ms=2953215 hwm=5 cap=256 dropped=0 dropped_total=36500 crc_err=0 crc_err_total=0 rate1=512 rate2=512 prod1=512 prod2=512 dac_err=0 tx_drop=1034527 hb_ms=0 sma_state=6 m7_us=3046303372 m4_us=3044108932 vdd=5.067 offset=0.5000 aref=3.145 loop_us_avg=94 loop_us_max=5394 loop_hz=10638 cycle_log_ms=1 n_cycle=4 cc=1 cc_hz=1025 cc_i_tgt=0.1000 cc_u=0.5126 cc_r=4.9930 cc_tau_ms=7.00
[  76.566] [ADC1] STAT
[  77.448] [STATUS] t_ms=2954215 hwm=5 cap=256 dropped=0 dropped_total=36500 crc_err=0 crc_err_total=0 rate1=512 rate2=512 prod1=512 prod2=512 dac_err=0 tx_drop=1034527 hb_ms=0 sma_state=6 m7_us=3047334876 m4_us=3045140420 vdd=5.067 offset=0.5000 aref=3.145 loop_us_avg=93 loop_us_max=5416 loop_hz=10752 cycle_log_ms=1 n_cycle=4 cc=1 cc_hz=1025 cc_i_tgt=0.1000 cc_u=0.5004 cc_r=5.1612 cc_tau_ms=7.00
[  77.574] US ala
[  77.574] [ADC1] STAT
[  78.455] [SMA] [ACT] heat n=6/6 I=350.0mA ms=200
[  78.455] [STATUS] t_ms=2955215 hwm=5 cap=256 dropped=0 dropped_total=36500 crc_err=0 crc_err_total=0 rate1=512 rate2=512 prod1=512 prod2=512 dac_err=0 tx_drop=1034527 hb_ms=0 sma_state=5 m7_us=3048366361 m4_us=3046171914 vdd=5.067 offset=0.5000 aref=3.145 loop_us_avg=93 loop_us_max=5428 loop_hz=10752 cycle_log_ms=1 n_cycle=4 cc=1 cc_hz=1024 cc_i_tgt=0.3500 cc_u=1.5249 cc_r=4.7201 cc_tau_ms=7.00
[  78.581] US alarm(s)
[  78.581] [ADC1] STAT
[  78.642] [SMA] [ACT] cool n=6/6 I=100.0mA ms=15000
[  79.521] [STATUS] t_ms=2956215 hwm=5 cap=256 dropped=0 dropped_total=36500 crc_err=0 crc_err_total=0 rate1=512 rate2=512 prod1=512 prod2=512 dac_err=0 tx_drop=1034527 hb_ms=0 sma_state=6 m7_us=3049397889 m4_us=3047203440 vdd=5.067 offset=0.5000 aref=3.145 loop_us_avg=94 loop_us_max=5411 loop_hz=10638 cycle_log_ms=1 n_cycle=4 cc=1 cc_hz=1024 cc_i_tgt=0.1000 cc_u=0.5177 cc_r=5.1046 cc_tau_ms=7.00
[  79.585] [ADC1] STAT
[  80.530] [STATUS] t_ms=2957215 hwm=5 cap=256 dropped=0 dropped_total=36500 crc_err=0 crc_err_total=0 rate1=512 rate2=512 prod1=512 prod2=512 dac_err=0 tx_drop=1034527 hb_ms=0 sma_state=6 m7_us=3050429408 m4_us=3048234967 vdd=5.067 offset=0.5000 aref=3.145 loop_us_avg=93 loop_us_max=5436 loop_hz=10752 cycle_log_ms=1 n_cycle=4 cc=1 cc_hz=1025 cc_i_tgt=0.1000 cc_u=0.5175 cc_r=5.0038 cc_tau_ms=7.00
[  80.593] [ADC1] STAT
[  81.601] [STATUS] t_ms=2958215 hwm=5 cap=256 dropped=0 dropped_total=36500 crc_err=0 crc_err_total=0 rate1=512 rate2=512 prod1=512 prod2=512 dac_err=0 tx_drop=1034527 hb_ms=0 sma_state=6 m7_us=3051460954 m4_us=3049266512 vdd=5.067 offset=0.5000 aref=3.145 loop_us_avg=93 loop_us_max=5421 loop_hz=10752 cycle_log_ms=1 n_cycle=4 cc=1 cc_hz=1025 cc_i_tgt=0.1000 cc_u=0.5000 cc_r=5.0074 cc_tau_ms=7.00
[  81.601] [ADC1] STAT
[  82.615] [ADC1] STA
[  82.615] [STATUS] t_ms=2959215 hwm=5 cap=256 dropped=0 dropped_total=36500 crc_err=0 crc_err_total=0 rate1=512 rate2=512 prod1=512 prod2=512 dac_err=0 tx_drop=1034527 hb_ms=0 sma_state=6 m7_us=3052492485 m4_us=3050298036 vdd=5.067 offset=0.5000 aref=3.145 loop_us_avg=93 loop_us_max=5414 loop_hz=10752 cycle_log_ms=1 n_cycle=4 cc=1 cc_hz=1025 cc_i_tgt=0.1000 cc_u=0.5000 cc_r=5.0423 cc_tau_ms=7.00
[  83.624] [ADC1] STAT
[  83.624] [STATUS] t_ms=2960215 hwm=5 cap=256 dropped=0 dropped_total=36500 crc_err=0 crc_err_total=0 rate1=512 rate2=512 prod1=512 prod2=512 dac_err=0 tx_drop=1034527 hb_ms=0 sma_state=6 m7_us=3053524013 m4_us=3051329568 vdd=5.067 offset=0.5000 aref=3.145 loop_us_avg=94 loop_us_max=5408 loop_hz=10638 cycle_log_ms=1 n_cycle=4 cc=1 cc_hz=1025 cc_i_tgt=0.1000 cc_u=0.5192 cc_r=5.0982 cc_tau_ms=7.00
[  84.633] US alarm(s)
[  84.633] [ADC1] STAT
[  84.696] [STATUS] t_ms=2961215 hwm=5 cap=256 dropped=0 dropped_total=36500 crc_err=0 crc_err_total=0 rate1=512 rate2=512 prod1=512 prod2=512 dac_err=0 tx_drop=1034527 hb_ms=0 sma_state=6 m7_us=3054555548 m4_us=3052361101 vdd=5.067 offset=0.5000 aref=3.145 loop_us_avg=94 loop_us_max=5410 loop_hz=10638 cycle_log_ms=1 n_cycle=4 cc=1 cc_hz=1025 cc_i_tgt=0.1000 cc_u=0.5254 cc_r=5.0790 cc_tau_ms=7.00
[  85.640] US alarm(s
[  85.640] [ADC1] STAT
[  85.703] [STATUS] t_ms=2962215 hwm=5 cap=256 dropped=0 dropped_total=36500 crc_err=0 crc_err_total=0 rate1=512 rate2=512 prod1=512 prod2=512 dac_err=0 tx_drop=1034527 hb_ms=0 sma_state=6 m7_us=3055587086 m4_us=3053392644 vdd=5.067 offset=0.5000 aref=3.145 loop_us_avg=93 loop_us_max=5402 loop_hz=10752 cycle_log_ms=1 n_cycle=4 cc=1 cc_hz=1025 cc_i_tgt=0.1000 cc_u=0.5000 cc_r=5.0051 cc_tau_ms=7.00
[  86.635] [ADC1] STAT
[  86.761] [STATUS] t_ms=2963215 hwm=5 cap=256 dropped=0 dropped_total=36500 crc_err=0 crc_err_total=0 rate1=512 rate2=512 prod1=512 prod2=512 dac_err=0 tx_drop=1034527 hb_ms=0 sma_state=6 m7_us=3056618562 m4_us=3054424125 vdd=5.067 offset=0.5000 aref=3.145 loop_us_avg=93 loop_us_max=5412 loop_hz=10752 cycle_log_ms=1 n_cycle=4 cc=1 cc_hz=1025 cc_i_tgt=0.1000 cc_u=0.5105 cc_r=4.9982 cc_tau_ms=7.00
[  87.646] [ADC1] STAT
[  87.772] [STATUS] t_ms=2964215 hwm=5 cap=256 dropped=0 dropped_total=36500 crc_err=0 crc_err_total=0 rate1=512 rate2=512 prod1=512 prod2=512 dac_err=0 tx_drop=1034527 hb_ms=0 sma_state=6 m7_us=3057650121 m4_us=3055455677 vdd=5.067 offset=0.5000 aref=3.145 loop_us_avg=93 loop_us_max=5398 loop_hz=10752 cycle_log_ms=1 n_cycle=4 cc=1 cc_hz=1025 cc_i_tgt=0.1000 cc_u=0.5000 cc_r=5.0017 cc_tau_ms=7.00
[  88.656] [ADC1] STAT
[  88.783] [STATUS] t_ms=2965215 hwm=5 cap=256 dropped=0 dropped_total=36500 crc_err=0 crc_err_total=0 rate1=512 rate2=512 prod1=512 prod2=512 dac_err=0 tx_drop=1034527 hb_ms=0 sma_state=6 m7_us=3058681674 m4_us=3056487229 vdd=5.067 offset=0.5000 aref=3.145 loop_us_avg=94 loop_us_max=5415 loop_hz=10638 cycle_log_ms=1 n_cycle=4 cc=1 cc_hz=1025 cc_i_tgt=0.1000 cc_u=0.5000 cc_r=4.9831 cc_tau_ms=7.00
[  89.665] [ADC1] STAT
[  89.854] [STATUS] t_ms=2966215 hwm=5 cap=256 dropped=0 dropped_total=36500 crc_err=0 crc_err_total=0 rate1=512 rate2=512 prod1=512 prod2=512 dac_err=0 tx_drop=1034527 hb_ms=0 sma_state=6 m7_us=3059713209 m4_us=3057518768 vdd=5.067 offset=0.5000 aref=3.145 loop_us_avg=93 loop_us_max=5439 loop_hz=10752 cycle_log_ms=1 n_cycle=4 cc=1 cc_hz=1025 cc_i_tgt=0.1000 cc_u=0.5000 cc_r=5.0449 cc_tau_ms=7.00
[  90.675] US alarm(s)
[  90.675] [ADC1] STA
[  90.865] [STATUS] t_ms=2967215 hwm=5 cap=256 dropped=0 dropped_total=36500 crc_err=0 crc_err_total=0 rate1=512 rate2=512 prod1=512 prod2=512 dac_err=0 tx_drop=1034527 hb_ms=0 sma_state=6 m7_us=3060744784 m4_us=3058550330 vdd=5.067 offset=0.5000 aref=3.145 loop_us_avg=93 loop_us_max=5401 loop_hz=10752 cycle_log_ms=1 n_cycle=4 cc=1 cc_hz=1025 cc_i_tgt=0.1000 cc_u=0.5268 cc_r=5.0811 cc_tau_ms=7.00
[  91.689] TUS a
[  91.689] [ADC1] STAT
[  91.880] [STATUS] t_ms=2968215 hwm=5 cap=256 dropped=0 dropped_total=36500 crc_err=0 crc_err_total=0 rate1=512 rate2=512 prod1=512 prod2=512 dac_err=0 tx_drop=1034527 hb_ms=0 sma_state=6 m7_us=3061776342 m4_us=3059581888 vdd=5.067 offset=0.5000 aref=3.145 loop_us_avg=94 loop_us_max=5428 loop_hz=10638 cycle_log_ms=1 n_cycle=4 cc=1 cc_hz=1025 cc_i_tgt=0.1000 cc_u=0.5016 cc_r=5.0356 cc_tau_ms=7.00
[  92.698] [ADC1] STAT
[  92.949] [STATUS] t_ms=2969215 hwm=5 cap=256 dropped=0 dropped_total=36500 crc_err=0 crc_err_total=0 rate1=512 rate2=512 prod1=512 prod2=512 dac_err=0 tx_drop=1034527 hb_ms=0 sma_state=6 m7_us=3062807850 m4_us=3060613402 vdd=5.067 offset=0.5000 aref=3.145 loop_us_avg=93 loop_us_max=5429 loop_hz=10752 cycle_log_ms=1 n_cycle=4 cc=1 cc_hz=1025 cc_i_tgt=0.1000 cc_u=0.5303 cc_r=4.9648 cc_tau_ms=7.00
[  93.705] [ADC1] STAT
[  93.959] [STATUS] t_ms=2970215 hwm=5 cap=256 dropped=0 dropped_total=36500 crc_err=0 crc_err_total=0 rate1=512 rate2=512 prod1=512 prod2=512 dac_err=0 tx_drop=1034527 hb_ms=0 sma_state=6 m7_us=3063839373 m4_us=3061644928 vdd=5.067 offset=0.5000 aref=3.145 loop_us_avg=93 loop_us_max=5415 loop_hz=10752 cycle_log_ms=1 n_cycle=4 cc=1 cc_hz=1025 cc_i_tgt=0.1000 cc_u=0.5191 cc_r=5.0448 cc_tau_ms=7.00
[  94.087] [SMA] [ACT] -> idle (done) after 6 cycle(s); still armed
