[   0.063] [SMA] ARMED (MOSFET on); idle=0.500 V
[   0.064] [STATUS] t_ms=232557 hwm=256 cap=256 dropped=77 dropped_total=3287 crc_err=0 crc_err_total=0 rate1=470 rate2=473 prod1=473 prod2=474 dac_err=0 tx_drop=53078 hb_ms=0 sma_state=0 m7_us=240000516 m4_us=237806546 vdd=5.067 offset=0.5000 aref=3.145 loop_us_avg=32 loop_us_max=336328 loop_hz=31250 cycle_log_ms=1 n_cycle=4 cc=0 cc_hz=0 cc_i_tgt=0.2000 cc_u=0.7632 cc_r=3.9285 cc_tau_ms=7.00
[   0.126] M
[   0.126] [ADC1] ST
[   0.126] ATUS alarm(s): 0
[   0.126] H_AL
[   1.073] [STATUS] t_ms=233558 hwm=4 cap=256 dropped=0 dropped_total=3287 crc_err=0 crc_err_total=0 rate1=511 rate2=512 prod1=511 prod2=512 dac_err=0 tx_drop=53078 hb_ms=0 sma_state=0 m7_us=241034524 m4_us=238839830 vdd=5.067 offset=0.5000 aref=3.145 loop_us_avg=22 loop_us_max=4644 loop_hz=45454 cycle_log_ms=1 n_cycle=4 cc=0 cc_hz=0 cc_i_tgt=0.2000 cc_u=0.7632 cc_r=3.9285 cc_tau_ms=7.00
[   1.137] M
[   1.137] [A
[   1.137] DC1] STATUS alar
[   1.137] ALM PGAH_AL
[   0.064] [SMA] [CC] start i_high=200.0mA i_low=0.0mA t_high=200 t_idle=30000 n=6 (0=cont) tau_ms=7.0 wdt_ms=5000
[   0.064] [STATUS] t_ms=234558 hwm=5 cap=256 dropped=0 dropped_total=3287 crc_err=0 crc_err_total=0 rate1=512 rate2=512 prod1=512 prod2=512 dac_err=0 tx_drop=53078 hb_ms=0 sma_state=7 m7_us=242066183 m4_us=239872175 vdd=5.067 offset=0.5000 aref=3.145 loop_us_avg=22 loop_us_max=4714 loop_hz=45454 cycle_log_ms=1 n_cycle=4 cc=0 cc_hz=0 cc_i_tgt=0.2000 cc_u=0.0000 cc_r=0.0000 cc_tau_ms=7.00
[   0.128] M
[   0.128] [ADC1] S
[   0.128] TATUS alarm(s): 0
[   0.128] H_AL
[   0.128] [SMA] [CC] seed R=3.967 ohm  I=126.0 mA  u=0.500 V  n=99
[   0.128] [SMA] [ACT] heat n=1/6 I=200.0mA ms=200
[   0.320] [SMA] [ACT] cool n=1/6 I=0.0mA ms=30000
[   1.146] [STATUS] t_ms=235558 hwm=4 cap=256 dropped=0 dropped_total=3287 crc_err=0 crc_err_total=0 rate1=512 rate2=512 prod1=512 prod2=512 dac_err=0 tx_drop=53078 hb_ms=0 sma_state=6 m7_us=243098637 m4_us=240904518 vdd=5.067 offset=0.5000 aref=3.145 loop_us_avg=38 loop_us_max=4877 loop_hz=26315 cycle_log_ms=1 n_cycle=4 cc=0 cc_hz=204 cc_i_tgt=0.2000 cc_u=0.7720 cc_r=3.9091 cc_tau_ms=7.00
[   1.146] M
[   1.146] PGAH_AL
[   2.158] M
[   2.158] [ADC1]
[   2.158] STATUS alarm(s)
[   2.158] GAH_AL
[   2.158] [STATUS] t_ms=236558 hwm=5 cap=256 dropped=0 dropped_total=3287 crc_err=0 crc_err_total=0 rate1=512 rate2=512 prod1=512 prod2=512 dac_err=0 tx_drop=53078 hb_ms=0 sma_state=6 m7_us=244130794 m4_us=241936825 vdd=5.067 offset=0.5000 aref=3.145 loop_us_avg=33 loop_us_max=5008 loop_hz=30303 cycle_log_ms=1 n_cycle=4 cc=0 cc_hz=0 cc_i_tgt=0.2000 cc_u=0.7720 cc_r=3.9091 cc_tau_ms=7.00
[   3.173] M
[   3.173] [ADC1]
[   3.173] STATUS alarm(s)
[   3.173] GAH_AL
[   3.173] [STATUS] t_ms=237558 hwm=5 cap=256 dropped=0 dropped_total=3287 crc_err=0 crc_err_total=0 rate1=512 rate2=512 prod1=512 prod2=512 dac_err=0 tx_drop=53078 hb_ms=0 sma_state=6 m7_us=245163159 m4_us=242969142 vdd=5.067 offset=0.5000 aref=3.145 loop_us_avg=33 loop_us_max=4899 loop_hz=30303 cycle_log_ms=1 n_cycle=4 cc=0 cc_hz=0 cc_i_tgt=0.2000 cc_u=0.7720 cc_r=3.9091 cc_tau_ms=7.00
[   4.124] M
[   4.188] [STATUS] t_ms=238558 hwm=5 cap=256 dropped=0 dropped_total=3287 crc_err=0 crc_err_total=0 rate1=512 rate2=512 prod1=512 prod2=512 dac_err=0 tx_drop=53078 hb_ms=0 sma_state=6 m7_us=246195462 m4_us=244001475 vdd=5.067 offset=0.5000 aref=3.145 loop_us_avg=33 loop_us_max=4945 loop_hz=30303 cycle_log_ms=1 n_cycle=4 cc=0 cc_hz=0 cc_i_tgt=0.2000 cc_u=0.7720 cc_r=3.9091 cc_tau_ms=7.00
[   5.139] M
[   5.139] [
[   5.266] [STATUS] t_ms=239558 hwm=5 cap=256 dropped=0 dropped_total=3287 crc_err=0 crc_err_total=0 rate1=512 rate2=512 prod1=512 prod2=512 dac_err=0 tx_drop=53078 hb_ms=0 sma_state=6 m7_us=247227765 m4_us=245033795 vdd=5.067 offset=0.5000 aref=3.145 loop_us_avg=33 loop_us_max=4909 loop_hz=30303 cycle_log_ms=1 n_cycle=4 cc=0 cc_hz=0 cc_i_tgt=0.2000 cc_u=0.7720 cc_r=3.9091 cc_tau_ms=7.00
[   6.154] M
[   6.154] [ADC1] STATUS al
[   6.154] arm(s): 0xCD PG
[   6.154] AL_ALM PGAH_AL
[   6.282] [STATUS] t_ms=240558 hwm=5 cap=256 dropped=0 dropped_total=3287 crc_err=0 crc_err_total=0 rate1=512 rate2=512 prod1=512 prod2=512 dac_err=0 tx_drop=53078 hb_ms=0 sma_state=6 m7_us=248260085 m4_us=246066108 vdd=5.067 offset=0.5000 aref=3.145 loop_us_avg=33 loop_us_max=4948 loop_hz=30303 cycle_log_ms=1 n_cycle=4 cc=0 cc_hz=0 cc_i_tgt=0.2000 cc_u=0.7720 cc_r=3.9091 cc_tau_ms=7.00
[   7.169] M
[   7.169] [A
[   7.169] DC1] STATUS alarm(
[   7.169] LM PGAH_AL
[   7.296] [STATUS] t_ms=241558 hwm=5 cap=256 dropped=0 dropped_total=3287 crc_err=0 crc_err_total=0 rate1=512 rate2=512 prod1=512 prod2=512 dac_err=0 tx_drop=53078 hb_ms=0 sma_state=6 m7_us=249292436 m4_us=247098422 vdd=5.067 offset=0.5000 aref=3.145 loop_us_avg=33 loop_us_max=4899 loop_hz=30303 cycle_log_ms=1 n_cycle=4 cc=0 cc_hz=0 cc_i_tgt=0.2000 cc_u=0.7720 cc_r=3.9091 cc_tau_ms=7.00
[   8.179] M
[   8.179] [AD
[   8.179] C1] STATUS alarm(s)
[   8.179] PGAH_AL
[   8.370] [STATUS] t_ms=242558 hwm=5 cap=256 dropped=0 dropped_total=3287 crc_err=0 crc_err_total=0 rate1=512 rate2=512 prod1=512 prod2=512 dac_err=0 tx_drop=53078 hb_ms=0 sma_state=6 m7_us=250324690 m4_us=248130742 vdd=5.067 offset=0.5000 aref=3.145 loop_us_avg=34 loop_us_max=4941 loop_hz=29411 cycle_log_ms=1 n_cycle=4 cc=0 cc_hz=0 cc_i_tgt=0.2000 cc_u=0.7720 cc_r=3.9091 cc_tau_ms=7.00
[   9.195] M
[   9.386] [STATUS] t_ms=243558 hwm=4 cap=256 dropped=0 dropped_total=3287 crc_err=0 crc_err_total=0 rate1=512 rate2=512 prod1=512 prod2=512 dac_err=0 tx_drop=53078 hb_ms=0 sma_state=6 m7_us=251357042 m4_us=249163030 vdd=5.067 offset=0.5000 aref=3.145 loop_us_avg=33 loop_us_max=4902 loop_hz=30303 cycle_log_ms=1 n_cycle=4 cc=0 cc_hz=0 cc_i_tgt=0.2000 cc_u=0.7720 cc_r=3.9091 cc_tau_ms=7.00
[  10.208] M
[  10.208] [ADC1
[  10.397] [STATUS] t_ms=244558 hwm=5 cap=256 dropped=0 dropped_total=3287 crc_err=0 crc_err_total=0 rate1=512 rate2=512 prod1=512 prod2=512 dac_err=0 tx_drop=53078 hb_ms=0 sma_state=6 m7_us=252389412 m4_us=250195359 vdd=5.067 offset=0.5000 aref=3.145 loop_us_avg=33 loop_us_max=4909 loop_hz=30303 cycle_log_ms=1 n_cycle=4 cc=0 cc_hz=0 cc_i_tgt=0.2000 cc_u=0.7720 cc_r=3.9091 cc_tau_ms=7.00
[  11.220] M
[  11.220] [ADC1]
[  11.220] STATUS alarm(s)
[  11.475] [STATUS] t_ms=245558 hwm=5 cap=256 dropped=0 dropped_total=3287 crc_err=0 crc_err_total=0 rate1=512 rate2=512 prod1=512 prod2=512 dac_err=0 tx_drop=53078 hb_ms=0 sma_state=6 m7_us=253421713 m4_us=251227731 vdd=5.067 offset=0.5000 aref=3.145 loop_us_avg=33 loop_us_max=4978 loop_hz=30303 cycle_log_ms=1 n_cycle=4 cc=0 cc_hz=0 cc_i_tgt=0.2000 cc_u=0.7720 cc_r=3.9091 cc_tau_ms=7.00
[  12.238] M
[  12.238] [A
[  12.238] DC1] STATUS alarm(s)
[  12.238] M PGAH_AL
[  12.493] [STATUS] t_ms=246558 hwm=5 cap=256 dropped=0 dropped_total=3287 crc_err=0 crc_err_total=0 rate1=512 rate2=512 prod1=512 prod2=512 dac_err=0 tx_drop=53078 hb_ms=0 sma_state=6 m7_us=254454074 m4_us=252260051 vdd=5.067 offset=0.5000 aref=3.145 loop_us_avg=33 loop_us_max=4919 loop_hz=30303 cycle_log_ms=1 n_cycle=4 cc=0 cc_hz=0 cc_i_tgt=0.2000 cc_u=0.7720 cc_r=3.9091 cc_tau_ms=7.00
[  13.254] M
[  13.254] [A
[  13.254] DC1] STATUS alarm(
[  13.254] M PGAH_AL
[  13.507] [STATUS] t_ms=247558 hwm=5 cap=256 dropped=0 dropped_total=3287 crc_err=0 crc_err_total=0 rate1=512 rate2=512 prod1=512 prod2=512 dac_err=0 tx_drop=53078 hb_ms=0 sma_state=6 m7_us=255486381 m4_us=253292383 vdd=5.067 offset=0.5000 aref=3.145 loop_us_avg=33 loop_us_max=4967 loop_hz=30303 cycle_log_ms=1 n_cycle=4 cc=0 cc_hz=0 cc_i_tgt=0.2000 cc_u=0.7720 cc_r=3.9091 cc_tau_ms=7.00
[  14.268] M
[  14.522] [STATUS] t_ms=248558 hwm=5 cap=256 dropped=0 dropped_total=3287 crc_err=0 crc_err_total=0 rate1=512 rate2=512 prod1=512 prod2=512 dac_err=0 tx_drop=53078 hb_ms=0 sma_state=6 m7_us=256518726 m4_us=254324700 vdd=5.067 offset=0.5000 aref=3.145 loop_us_avg=33 loop_us_max=4950 loop_hz=30303 cycle_log_ms=1 n_cycle=4 cc=0 cc_hz=0 cc_i_tgt=0.2000 cc_u=0.7720 cc_r=3.9091 cc_tau_ms=7.00
[  15.221] M
[  15.221] [ADC
[  15.601] [STATUS] t_ms=249558 hwm=5 cap=256 dropped=0 dropped_total=3287 crc_err=0 crc_err_total=0 rate1=512 rate2=512 prod1=512 prod2=512 dac_err=0 tx_drop=53078 hb_ms=0 sma_state=6 m7_us=257551001 m4_us=255357027 vdd=5.067 offset=0.5000 aref=3.145 loop_us_avg=33 loop_us_max=4907 loop_hz=30303 cycle_log_ms=1 n_cycle=4 cc=0 cc_hz=0 cc_i_tgt=0.2000 cc_u=0.7720 cc_r=3.9091 cc_tau_ms=7.00
[  16.233] M
[  16.233] [AD
[  16.233] C1] STATUS alarm(
[  16.612] [STATUS] t_ms=250558 hwm=5 cap=256 dropped=0 dropped_total=3287 crc_err=0 crc_err_total=0 rate1=512 rate2=512 prod1=512 prod2=512 dac_err=0 tx_drop=53078 hb_ms=0 sma_state=6 m7_us=258583358 m4_us=256389347 vdd=5.067 offset=0.5000 aref=3.145 loop_us_avg=33 loop_us_max=4907 loop_hz=30303 cycle_log_ms=1 n_cycle=4 cc=0 cc_hz=0 cc_i_tgt=0.2000 cc_u=0.7720 cc_r=3.9091 cc_tau_ms=7.00
[  17.246] M
[  17.246] [
[  17.246] ADC1] STATUS ala
[  17.246] LM PGAH_AL
[  17.628] [STATUS] t_ms=251558 hwm=5 cap=256 dropped=0 dropped_total=3287 crc_err=0 crc_err_total=0 rate1=512 rate2=512 prod1=512 prod2=512 dac_err=0 tx_drop=53078 hb_ms=0 sma_state=6 m7_us=259615608 m4_us=257421635 vdd=5.067 offset=0.5000 aref=3.145 loop_us_avg=33 loop_us_max=4939 loop_hz=30303 cycle_log_ms=1 n_cycle=4 cc=0 cc_hz=0 cc_i_tgt=0.2000 cc_u=0.7720 cc_r=3.9091 cc_tau_ms=7.00
[  18.260] M
[  18.260] [ADC1]
[  18.260] STATUS alarm(s): 0
[  18.260] _AL
[  18.642] [STATUS] t_ms=252558 hwm=5 cap=256 dropped=0 dropped_total=3287 crc_err=0 crc_err_total=0 rate1=512 rate2=512 prod1=512 prod2=512 dac_err=0 tx_drop=53078 hb_ms=0 sma_state=6 m7_us=260647918 m4_us=258453939 vdd=5.067 offset=0.5000 aref=3.145 loop_us_avg=33 loop_us_max=4919 loop_hz=30303 cycle_log_ms=1 n_cycle=4 cc=0 cc_hz=0 cc_i_tgt=0.2000 cc_u=0.7720 cc_r=3.9091 cc_tau_ms=7.00
[  19.275] M
[  19.721] [STATUS] t_ms=253558 hwm=5 cap=256 dropped=0 dropped_total=3287 crc_err=0 crc_err_total=0 rate1=512 rate2=512 prod1=512 prod2=512 dac_err=0 tx_drop=53078 hb_ms=0 sma_state=6 m7_us=261680232 m4_us=259486252 vdd=5.067 offset=0.5000 aref=3.145 loop_us_avg=33 loop_us_max=4941 loop_hz=30303 cycle_log_ms=1 n_cycle=4 cc=0 cc_hz=0 cc_i_tgt=0.2000 cc_u=0.7720 cc_r=3.9091 cc_tau_ms=7.00
[  20.289] M
[  20.734] [STATUS] t_ms=254558 hwm=5 cap=256 dropped=0 dropped_total=3287 crc_err=0 crc_err_total=0 rate1=512 rate2=512 prod1=512 prod2=512 dac_err=0 tx_drop=53078 hb_ms=0 sma_state=6 m7_us=262712583 m4_us=260518591 vdd=5.067 offset=0.5000 aref=3.145 loop_us_avg=33 loop_us_max=4902 loop_hz=30303 cycle_log_ms=1 n_cycle=4 cc=0 cc_hz=0 cc_i_tgt=0.2000 cc_u=0.7720 cc_r=3.9091 cc_tau_ms=7.00
[  21.304] M
[  21.304] [ADC1] S
[  21.304] TATUS alarm(s):
[  21.749] [STATUS] t_ms=255558 hwm=5 cap=256 dropped=0 dropped_total=3287 crc_err=0 crc_err_total=0 rate1=512 rate2=512 prod1=512 prod2=512 dac_err=0 tx_drop=53078 hb_ms=0 sma_state=6 m7_us=263744887 m4_us=261550918 vdd=5.067 offset=0.5000 aref=3.145 loop_us_avg=33 loop_us_max=4912 loop_hz=30303 cycle_log_ms=1 n_cycle=4 cc=0 cc_hz=0 cc_i_tgt=0.2000 cc_u=0.7720 cc_r=3.9091 cc_tau_ms=7.00
[  22.323] M
[  22.323] [ADC1] STATUS al
[  22.323] arm(s): 0x4D P
[  22.323] GAL_ALM PGAH_AL
[  22.783] [STATUS] t_ms=256558 hwm=5 cap=256 dropped=0 dropped_total=3287 crc_err=0 crc_err_total=0 rate1=512 rate2=512 prod1=512 prod2=512 dac_err=0 tx_drop=53078 hb_ms=0 sma_state=6 m7_us=264777205 m4_us=262583225 vdd=5.067 offset=0.5000 aref=3.145 loop_us_avg=33 loop_us_max=4953 loop_hz=30303 cycle_log_ms=1 n_cycle=4 cc=0 cc_hz=0 cc_i_tgt=0.2000 cc_u=0.7720 cc_r=3.9091 cc_tau_ms=7.00
[  23.313] M
[  23.313] [ADC1]
[  23.313] STATUS alarm(s):
[  23.313] H_AL
[  23.820] [STATUS] t_ms=257558 hwm=5 cap=256 dropped=0 dropped_total=3287 crc_err=0 crc_err_total=0 rate1=512 rate2=512 prod1=512 prod2=512 dac_err=0 tx_drop=53078 hb_ms=0 sma_state=6 m7_us=265809512 m4_us=263615507 vdd=5.067 offset=0.5000 aref=3.145 loop_us_avg=33 loop_us_max=4988 loop_hz=30303 cycle_log_ms=1 n_cycle=4 cc=0 cc_hz=0 cc_i_tgt=0.2000 cc_u=0.7720 cc_r=3.9091 cc_tau_ms=7.00
[  24.327] M
[  24.835] [STATUS] t_ms=258558 hwm=5 cap=256 dropped=0 dropped_total=3287 crc_err=0 crc_err_total=0 rate1=512 rate2=512 prod1=512 prod2=512 dac_err=0 tx_drop=53078 hb_ms=0 sma_state=6 m7_us=266841768 m4_us=264647766 vdd=5.067 offset=0.5000 aref=3.145 loop_us_avg=33 loop_us_max=4954 loop_hz=30303 cycle_log_ms=1 n_cycle=4 cc=0 cc_hz=0 cc_i_tgt=0.2000 cc_u=0.7720 cc_r=3.9091 cc_tau_ms=7.00
[  25.345] M
[  25.345] [
[  25.918] [STATUS] t_ms=259558 hwm=5 cap=256 dropped=0 dropped_total=3287 crc_err=0 crc_err_total=0 rate1=512 rate2=512 prod1=512 prod2=512 dac_err=0 tx_drop=53078 hb_ms=0 sma_state=6 m7_us=267874025 m4_us=265680028 vdd=5.067 offset=0.5000 aref=3.145 loop_us_avg=33 loop_us_max=4933 loop_hz=30303 cycle_log_ms=1 n_cycle=4 cc=0 cc_hz=0 cc_i_tgt=0.2000 cc_u=0.7720 cc_r=3.9091 cc_tau_ms=7.00
[  26.359] M
[  26.359] [ADC1
[  26.359] ] STATUS alarm(s
[  26.932] [STATUS] t_ms=260558 hwm=5 cap=256 dropped=0 dropped_total=3287 crc_err=0 crc_err_total=0 rate1=512 rate2=512 prod1=512 prod2=512 dac_err=0 tx_drop=53078 hb_ms=0 sma_state=6 m7_us=268906283 m4_us=266712287 vdd=5.067 offset=0.5000 aref=3.145 loop_us_avg=33 loop_us_max=4940 loop_hz=30303 cycle_log_ms=1 n_cycle=4 cc=0 cc_hz=0 cc_i_tgt=0.2000 cc_u=0.7720 cc_r=3.9091 cc_tau_ms=7.00
[  27.314] M
[  27.314] [ADC1
[  27.314] ] STATUS alarm(s)
[  27.314] PGAH_AL
[  27.947] [STATUS] t_ms=261558 hwm=5 cap=256 dropped=0 dropped_total=3287 crc_err=0 crc_err_total=0 rate1=512 rate2=512 prod1=512 prod2=512 dac_err=0 tx_drop=53078 hb_ms=0 sma_state=6 m7_us=269938550 m4_us=267744579 vdd=5.067 offset=0.5000 aref=3.145 loop_us_avg=33 loop_us_max=4930 loop_hz=30303 cycle_log_ms=1 n_cycle=4 cc=0 cc_hz=0 cc_i_tgt=0.2000 cc_u=0.7720 cc_r=3.9091 cc_tau_ms=7.00
[  28.326] M
[  28.326] [ADC1]
[  28.326] STATUS alarm(s): 0
[  28.326] H_AL
[  28.962] [STATUS] t_ms=262558 hwm=4 cap=256 dropped=0 dropped_total=3287 crc_err=0 crc_err_total=0 rate1=512 rate2=512 prod1=512 prod2=512 dac_err=0 tx_drop=53078 hb_ms=0 sma_state=6 m7_us=270970847 m4_us=268776873 vdd=5.067 offset=0.5000 aref=3.145 loop_us_avg=33 loop_us_max=4890 loop_hz=30303 cycle_log_ms=1 n_cycle=4 cc=0 cc_hz=0 cc_i_tgt=0.2000 cc_u=0.7720 cc_r=3.9091 cc_tau_ms=7.00
[  29.342] M
[  29.342] [ADC1] STATUS alarm(s): 0x8D P
[  29.342] GAL_ALM PGAH_AL
[  30.039] [STATUS] t_ms=263558 hwm=5 cap=256 dropped=0 dropped_total=3287 crc_err=0 crc_err_total=0 rate1=512 rate2=512 prod1=512 prod2=512 dac_err=0 tx_drop=53078 hb_ms=0 sma_state=6 m7_us=272003196 m4_us=269809180 vdd=5.067 offset=0.5000 aref=3.145 loop_us_avg=33 loop_us_max=4911 loop_hz=30303 cycle_log_ms=1 n_cycle=4 cc=0 cc_hz=0 cc_i_tgt=0.2000 cc_u=0.7720 cc_r=3.9091 cc_tau_ms=7.00
[  30.357] M
[  31.057] [STATUS] t_ms=264558 hwm=5 cap=256 dropped=0 dropped_total=3287 crc_err=0 crc_err_total=0 rate1=512 rate2=512 prod1=512 prod2=512 dac_err=0 tx_drop=53078 hb_ms=0 sma_state=6 m7_us=273035466 m4_us=270841491 vdd=5.067 offset=0.5000 aref=3.145 loop_us_avg=33 loop_us_max=4923 loop_hz=30303 cycle_log_ms=1 n_cycle=4 cc=0 cc_hz=0 cc_i_tgt=0.2000 cc_u=0.7720 cc_r=3.9091 cc_tau_ms=7.00
[  31.308] [SMA] [ACT] heat n=2/6 I=200.0mA ms=200
[  31.371] M
[  31.499] [SMA] [ACT] cool n=2/6 I=0.0mA ms=30000
[  32.073] [STATUS] t_ms=265558 hwm=5 cap=256 dropped=0 dropped_total=3287 crc_err=0 crc_err_total=0 rate1=512 rate2=512 prod1=512 prod2=512 dac_err=0 tx_drop=53078 hb_ms=0 sma_state=6 m7_us=274067766 m4_us=271873788 vdd=5.067 offset=0.5000 aref=3.145 loop_us_avg=38 loop_us_max=4914 loop_hz=26315 cycle_log_ms=1 n_cycle=4 cc=0 cc_hz=206 cc_i_tgt=0.2000 cc_u=0.7903 cc_r=3.9380 cc_tau_ms=7.00
[  32.387] M
[  32.387] [A
[  32.387] DC1] STATUS alarm
[  32.387] LM PGAH_AL
[  33.149] [STATUS] t_ms=266558 hwm=5 cap=256 dropped=0 dropped_total=3287 crc_err=0 crc_err_total=0 rate1=512 rate2=512 prod1=512 prod2=512 dac_err=0 tx_drop=53078 hb_ms=0 sma_state=6 m7_us=275100081 m4_us=272906079 vdd=5.067 offset=0.5000 aref=3.145 loop_us_avg=33 loop_us_max=4905 loop_hz=30303 cycle_log_ms=1 n_cycle=4 cc=0 cc_hz=0 cc_i_tgt=0.2000 cc_u=0.7903 cc_r=3.9380 cc_tau_ms=7.00
[  33.400] M
[  33.400] [ADC1
[  33.400] ] STATUS alarm(s):
[  33.400] GAH_AL
[  34.163] [STATUS] t_ms=267558 hwm=5 cap=256 dropped=0 dropped_total=3287 crc_err=0 crc_err_total=0 rate1=512 rate2=512 prod1=512 prod2=512 dac_err=0 tx_drop=53078 hb_ms=0 sma_state=6 m7_us=276132391 m4_us=273938364 vdd=5.067 offset=0.5000 aref=3.145 loop_us_avg=33 loop_us_max=4947 loop_hz=30303 cycle_log_ms=1 n_cycle=4 cc=0 cc_hz=0 cc_i_tgt=0.2000 cc_u=0.7903 cc_r=3.9380 cc_tau_ms=7.00
[  34.416] M
[  34.416] LM PGAH_AL
[  35.180] [STATUS] t_ms=268558 hwm=5 cap=256 dropped=0 dropped_total=3287 crc_err=0 crc_err_total=0 rate1=512 rate2=512 prod1=512 prod2=512 dac_err=0 tx_drop=53078 hb_ms=0 sma_state=6 m7_us=277164603 m4_us=274970633 vdd=5.067 offset=0.5000 aref=3.145 loop_us_avg=33 loop_us_max=4954 loop_hz=30303 cycle_log_ms=1 n_cycle=4 cc=0 cc_hz=0 cc_i_tgt=0.2000 cc_u=0.7903 cc_r=3.9380 cc_tau_ms=7.00
[  35.434] M
[  36.210] [STATUS] t_ms=269558 hwm=5 cap=256 dropped=0 dropped_total=3287 crc_err=0 crc_err_total=0 rate1=512 rate2=512 prod1=512 prod2=512 dac_err=0 tx_drop=53078 hb_ms=0 sma_state=6 m7_us=278196947 m4_us=276002963 vdd=5.067 offset=0.5000 aref=3.145 loop_us_avg=33 loop_us_max=4895 loop_hz=30303 cycle_log_ms=1 n_cycle=4 cc=0 cc_hz=0 cc_i_tgt=0.2000 cc_u=0.7903 cc_r=3.9380 cc_tau_ms=7.00
[  36.401] M
[  36.401] [ADC1]
[  37.225] [STATUS] t_ms=270558 hwm=5 cap=256 dropped=0 dropped_total=3287 crc_err=0 crc_err_total=0 rate1=512 rate2=512 prod1=512 prod2=512 dac_err=0 tx_drop=53078 hb_ms=0 sma_state=6 m7_us=279229321 m4_us=277035305 vdd=5.067 offset=0.5000 aref=3.145 loop_us_avg=33 loop_us_max=4899 loop_hz=30303 cycle_log_ms=1 n_cycle=4 cc=0 cc_hz=0 cc_i_tgt=0.2000 cc_u=0.7903 cc_r=3.9380 cc_tau_ms=7.00
[  37.414] M
[  37.414] [ADC1]
[  37.414] STATUS alarm(s):
[  37.414] _AL
[  38.301] [STATUS] t_ms=271558 hwm=5 cap=256 dropped=0 dropped_total=3287 crc_err=0 crc_err_total=0 rate1=512 rate2=512 prod1=512 prod2=512 dac_err=0 tx_drop=53078 hb_ms=0 sma_state=6 m7_us=280261662 m4_us=278067676 vdd=5.067 offset=0.5000 aref=3.145 loop_us_avg=33 loop_us_max=4944 loop_hz=30303 cycle_log_ms=1 n_cycle=4 cc=0 cc_hz=0 cc_i_tgt=0.2000 cc_u=0.7903 cc_r=3.9380 cc_tau_ms=7.00
[  38.428] M
[  38.428] [ADC1]
[  38.428] STATUS alarm(s): 0
[  38.428] H_AL
[  39.315] [STATUS] t_ms=272558 hwm=5 cap=256 dropped=0 dropped_total=3287 crc_err=0 crc_err_total=0 rate1=512 rate2=512 prod1=512 prod2=512 dac_err=0 tx_drop=53078 hb_ms=0 sma_state=6 m7_us=281293982 m4_us=279100006 vdd=5.067 offset=0.5000 aref=3.145 loop_us_avg=34 loop_us_max=4914 loop_hz=29411 cycle_log_ms=1 n_cycle=4 cc=0 cc_hz=0 cc_i_tgt=0.2000 cc_u=0.7903 cc_r=3.9380 cc_tau_ms=7.00
[  39.443] M
[  39.443] [AD
[  39.443] C1] STATUS alarm(
[  39.443] PGAH_AL
[  40.329] [STATUS] t_ms=273558 hwm=4 cap=256 dropped=0 dropped_total=3287 crc_err=0 crc_err_total=0 rate1=512 rate2=512 prod1=512 prod2=512 dac_err=0 tx_drop=53078 hb_ms=0 sma_state=6 m7_us=282326336 m4_us=280132323 vdd=5.067 offset=0.5000 aref=3.145 loop_us_avg=33 loop_us_max=4880 loop_hz=30303 cycle_log_ms=1 n_cycle=4 cc=0 cc_hz=0 cc_i_tgt=0.2000 cc_u=0.7903 cc_r=3.9380 cc_tau_ms=7.00
[  40.457] M
[  41.410] [STATUS] t_ms=274558 hwm=5 cap=256 dropped=0 dropped_total=3287 crc_err=0 crc_err_total=0 rate1=512 rate2=512 prod1=512 prod2=512 dac_err=0 tx_drop=53078 hb_ms=0 sma_state=6 m7_us=283358642 m4_us=281164604 vdd=5.067 offset=0.5000 aref=3.145 loop_us_avg=33 loop_us_max=4945 loop_hz=30303 cycle_log_ms=1 n_cycle=4 cc=0 cc_hz=0 cc_i_tgt=0.2000 cc_u=0.7903 cc_r=3.9380 cc_tau_ms=7.00
[  41.474] M
[  41.474] [ADC1] ST
[  42.428] [STATUS] t_ms=275558 hwm=5 cap=256 dropped=0 dropped_total=3287 crc_err=0 crc_err_total=0 rate1=512 rate2=512 prod1=512 prod2=512 dac_err=0 tx_drop=53078 hb_ms=0 sma_state=6 m7_us=284390849 m4_us=282196899 vdd=5.067 offset=0.5000 aref=3.145 loop_us_avg=33 loop_us_max=4960 loop_hz=30303 cycle_log_ms=1 n_cycle=4 cc=0 cc_hz=0 cc_i_tgt=0.2000 cc_u=0.7903 cc_r=3.9380 cc_tau_ms=7.00
[  42.491] M
[  42.491] [
[  42.491] ADC1] STATUS ala
[  42.491] LM PGAH_AL
[  43.441] [STATUS] t_ms=276558 hwm=4 cap=256 dropped=0 dropped_total=3287 crc_err=0 crc_err_total=0 rate1=512 rate2=512 prod1=512 prod2=512 dac_err=0 tx_drop=53078 hb_ms=0 sma_state=6 m7_us=285423136 m4_us=283229155 vdd=5.067 offset=0.5000 aref=3.145 loop_us_avg=33 loop_us_max=4894 loop_hz=30303 cycle_log_ms=1 n_cycle=4 cc=0 cc_hz=0 cc_i_tgt=0.2000 cc_u=0.7903 cc_r=3.9380 cc_tau_ms=7.00
[  43.441] M
[  43.441] [ADC1
[  43.441] ] STATUS alarm(s
[  43.441] M PGAH_AL
[  44.454] [STATUS] t_ms=277558 hwm=5 cap=256 dropped=0 dropped_total=3287 crc_err=0 crc_err_total=0 rate1=512 rate2=512 prod1=512 prod2=512 dac_err=0 tx_drop=53078 hb_ms=0 sma_state=6 m7_us=286455413 m4_us=284261411 vdd=5.067 offset=0.5000 aref=3.145 loop_us_avg=33 loop_us_max=4939 loop_hz=30303 cycle_log_ms=1 n_cycle=4 cc=0 cc_hz=0 cc_i_tgt=0.2000 cc_u=0.7903 cc_r=3.9380 cc_tau_ms=7.00
[  44.454] M
[  44.454] [ADC1]
[  44.454] STATUS alarm(s): 0x
[  44.454] AL
[  45.469] M
[  45.469] [ADC1] STATUS alar
[  45.469] _ALM PGAH_AL
[  45.532] [STATUS] t_ms=278558 hwm=5 cap=256 dropped=0 dropped_total=3287 crc_err=0 crc_err_total=0 rate1=512 rate2=512 prod1=512 prod2=512 dac_err=0 tx_drop=53078 hb_ms=0 sma_state=6 m7_us=287487672 m4_us=285293679 vdd=5.067 offset=0.5000 aref=3.145 loop_us_avg=33 loop_us_max=4925 loop_hz=30303 cycle_log_ms=1 n_cycle=4 cc=0 cc_hz=0 cc_i_tgt=0.2000 cc_u=0.7903 cc_r=3.9380 cc_tau_ms=7.00
[  46.483] M
[  46.546] [STATUS] t_ms=279558 hwm=5 cap=256 dropped=0 dropped_total=3287 crc_err=0 crc_err_total=0 rate1=512 rate2=512 prod1=512 prod2=512 dac_err=0 tx_drop=53078 hb_ms=0 sma_state=6 m7_us=288519972 m4_us=286325955 vdd=5.067 offset=0.5000 aref=3.145 loop_us_avg=33 loop_us_max=4915 loop_hz=30303 cycle_log_ms=1 n_cycle=4 cc=0 cc_hz=0 cc_i_tgt=0.2000 cc_u=0.7903 cc_r=3.9380 cc_tau_ms=7.00
[  47.500] M
[  47.563] [STATUS] t_ms=280558 hwm=5 cap=256 dropped=0 dropped_total=3287 crc_err=0 crc_err_total=0 rate1=512 rate2=512 prod1=512 prod2=512 dac_err=0 tx_drop=53078 hb_ms=0 sma_state=6 m7_us=289552224 m4_us=287358236 vdd=5.067 offset=0.5000 aref=3.145 loop_us_avg=33 loop_us_max=4963 loop_hz=30303 cycle_log_ms=1 n_cycle=4 cc=0 cc_hz=0 cc_i_tgt=0.2000 cc_u=0.7903 cc_r=3.9380 cc_tau_ms=7.00
[  48.514] M
[  48.514] [ADC1] STATUS alar
[  48.577] [STATUS] t_ms=281558 hwm=5 cap=256 dropped=0 dropped_total=3287 crc_err=0 crc_err_total=0 rate1=512 rate2=512 prod1=512 prod2=512 dac_err=0 tx_drop=53078 hb_ms=0 sma_state=6 m7_us=290584491 m4_us=288390518 vdd=5.067 offset=0.5000 aref=3.145 loop_us_avg=33 loop_us_max=4929 loop_hz=30303 cycle_log_ms=1 n_cycle=4 cc=0 cc_hz=0 cc_i_tgt=0.2000 cc_u=0.7903 cc_r=3.9380 cc_tau_ms=7.00
[  49.528] M
[  49.528] [ADC1
[  49.528] ] STATUS alarm(s):
[  49.528] H_AL
[  49.655] [STATUS] t_ms=282558 hwm=5 cap=256 dropped=0 dropped_total=3287 crc_err=0 crc_err_total=0 rate1=512 rate2=512 prod1=512 prod2=512 dac_err=0 tx_drop=53078 hb_ms=0 sma_state=6 m7_us=291616804 m4_us=289422819 vdd=5.067 offset=0.5000 aref=3.145 loop_us_avg=33 loop_us_max=4912 loop_hz=30303 cycle_log_ms=1 n_cycle=4 cc=0 cc_hz=0 cc_i_tgt=0.2000 cc_u=0.7903 cc_r=3.9380 cc_tau_ms=7.00
[  50.541] M
[  50.541] [ADC
[  50.541] 1] STATUS alarm(s
[  50.541] PGAH_AL
[  50.668] [STATUS] t_ms=283558 hwm=5 cap=256 dropped=0 dropped_total=3287 crc_err=0 crc_err_total=0 rate1=512 rate2=512 prod1=512 prod2=512 dac_err=0 tx_drop=53078 hb_ms=0 sma_state=6 m7_us=292649104 m4_us=290455139 vdd=5.067 offset=0.5000 aref=3.145 loop_us_avg=33 loop_us_max=4900 loop_hz=30303 cycle_log_ms=1 n_cycle=4 cc=0 cc_hz=0 cc_i_tgt=0.2000 cc_u=0.7903 cc_r=3.9380 cc_tau_ms=7.00
[  51.556] M
[  51.556] AL
[  51.682] [STATUS] t_ms=284558 hwm=5 cap=256 dropped=0 dropped_total=3287 crc_err=0 crc_err_total=0 rate1=512 rate2=512 prod1=512 prod2=512 dac_err=0 tx_drop=53078 hb_ms=0 sma_state=6 m7_us=293681420 m4_us=291487417 vdd=5.067 offset=0.5000 aref=3.145 loop_us_avg=33 loop_us_max=4947 loop_hz=30303 cycle_log_ms=1 n_cycle=4 cc=0 cc_hz=0 cc_i_tgt=0.2000 cc_u=0.7903 cc_r=3.9380 cc_tau_ms=7.00
[  52.571] M
[  52.761] [STATUS] t_ms=285558 hwm=5 cap=256 dropped=0 dropped_total=3287 crc_err=0 crc_err_total=0 rate1=512 rate2=512 prod1=512 prod2=512 dac_err=0 tx_drop=53078 hb_ms=0 sma_state=6 m7_us=294713672 m4_us=292519673 vdd=5.067 offset=0.5000 aref=3.145 loop_us_avg=33 loop_us_max=4938 loop_hz=30303 cycle_log_ms=1 n_cycle=4 cc=0 cc_hz=0 cc_i_tgt=0.2000 cc_u=0.7903 cc_r=3.9380 cc_tau_ms=7.00
[  53.521] M
[  53.521] [ADC1] ST
[  53.521] ATUS alarm(s): 0
[  53.774] [STATUS] t_ms=286558 hwm=5 cap=256 dropped=0 dropped_total=3287 crc_err=0 crc_err_total=0 rate1=512 rate2=512 prod1=512 prod2=512 dac_err=0 tx_drop=53078 hb_ms=0 sma_state=6 m7_us=295745875 m4_us=293551894 vdd=5.067 offset=0.5000 aref=3.145 loop_us_avg=33 loop_us_max=4930 loop_hz=30303 cycle_log_ms=1 n_cycle=4 cc=0 cc_hz=0 cc_i_tgt=0.2000 cc_u=0.7903 cc_r=3.9380 cc_tau_ms=7.00
[  54.535] M
[  54.535] [ADC1]
[  54.535] STATUS alarm(s): 0
[  54.535] H_AL
[  54.788] [STATUS] t_ms=287558 hwm=5 cap=256 dropped=0 dropped_total=3287 crc_err=0 crc_err_total=0 rate1=512 rate2=512 prod1=512 prod2=512 dac_err=0 tx_drop=53078 hb_ms=0 sma_state=6 m7_us=296778146 m4_us=294584179 vdd=5.067 offset=0.5000 aref=3.145 loop_us_avg=33 loop_us_max=4931 loop_hz=30303 cycle_log_ms=1 n_cycle=4 cc=0 cc_hz=0 cc_i_tgt=0.2000 cc_u=0.7903 cc_r=3.9380 cc_tau_ms=7.00
[  55.550] M
[  55.550] [ADC1] STA
[  55.550] TUS alarm(s): 0x4
[  55.550] _AL
[  55.804] [STATUS] t_ms=288558 hwm=5 cap=256 dropped=0 dropped_total=3287 crc_err=0 crc_err_total=0 rate1=512 rate2=512 prod1=512 prod2=512 dac_err=0 tx_drop=53078 hb_ms=0 sma_state=6 m7_us=297810449 m4_us=295616454 vdd=5.067 offset=0.5000 aref=3.145 loop_us_avg=33 loop_us_max=4926 loop_hz=30303 cycle_log_ms=1 n_cycle=4 cc=0 cc_hz=0 cc_i_tgt=0.2000 cc_u=0.7903 cc_r=3.9380 cc_tau_ms=7.00
[  56.564] M
[  56.564] [ADC1] STATUS alarm(s)
[  56.564] PGAH_AL
[  56.882] [STATUS] t_ms=289558 hwm=5 cap=256 dropped=0 dropped_total=3287 crc_err=0 crc_err_total=0 rate1=512 rate2=512 prod1=512 prod2=512 dac_err=0 tx_drop=53078 hb_ms=0 sma_state=6 m7_us=298842757 m4_us=296648761 vdd=5.067 offset=0.5000 aref=3.145 loop_us_avg=33 loop_us_max=4927 loop_hz=30303 cycle_log_ms=1 n_cycle=4 cc=0 cc_hz=0 cc_i_tgt=0.2000 cc_u=0.7903 cc_r=3.9380 cc_tau_ms=7.00
[  57.580] M
[  57.898] [STATUS] t_ms=290558 hwm=5 cap=256 dropped=0 dropped_total=3287 crc_err=0 crc_err_total=0 rate1=512 rate2=512 prod1=512 prod2=512 dac_err=0 tx_drop=53078 hb_ms=0 sma_state=6 m7_us=299875067 m4_us=297681091 vdd=5.067 offset=0.5000 aref=3.145 loop_us_avg=33 loop_us_max=4931 loop_hz=30303 cycle_log_ms=1 n_cycle=4 cc=0 cc_hz=0 cc_i_tgt=0.2000 cc_u=0.7903 cc_r=3.9380 cc_tau_ms=7.00
[  58.595] M
[  58.595] [ADC1]
[  58.911] [STATUS] t_ms=291558 hwm=5 cap=256 dropped=0 dropped_total=3287 crc_err=0 crc_err_total=0 rate1=512 rate2=512 prod1=512 prod2=512 dac_err=0 tx_drop=53078 hb_ms=0 sma_state=6 m7_us=300907409 m4_us=298713388 vdd=5.067 offset=0.5000 aref=3.145 loop_us_avg=33 loop_us_max=4909 loop_hz=30303 cycle_log_ms=1 n_cycle=4 cc=0 cc_hz=0 cc_i_tgt=0.2000 cc_u=0.7903 cc_r=3.9380 cc_tau_ms=7.00
[  59.619] M
[  59.619] [A
[  59.619] DC1] STATUS alarm
[  59.619] M PGAH_AL
[  59.940] [STATUS] t_ms=292558 hwm=5 cap=256 dropped=0 dropped_total=3287 crc_err=0 crc_err_total=0 rate1=512 rate2=512 prod1=512 prod2=512 dac_err=0 tx_drop=53078 hb_ms=0 sma_state=6 m7_us=301939777 m4_us=299745702 vdd=5.067 offset=0.5000 aref=3.145 loop_us_avg=33 loop_us_max=4904 loop_hz=30303 cycle_log_ms=1 n_cycle=4 cc=0 cc_hz=0 cc_i_tgt=0.2000 cc_u=0.7903 cc_r=3.9380 cc_tau_ms=7.00
[  60.630] M
[  60.630] [A
[  60.630] DC1] STATUS alarm(s)
[  60.630] PGAH_AL
[  61.010] [STATUS] t_ms=293558 hwm=5 cap=256 dropped=0 dropped_total=3287 crc_err=0 crc_err_total=0 rate1=512 rate2=512 prod1=512 prod2=512 dac_err=0 tx_drop=53078 hb_ms=0 sma_state=6 m7_us=302972034 m4_us=300778028 vdd=5.067 offset=0.5000 aref=3.145 loop_us_avg=33 loop_us_max=5082 loop_hz=30303 cycle_log_ms=1 n_cycle=4 cc=0 cc_hz=0 cc_i_tgt=0.2000 cc_u=0.7903 cc_r=3.9380 cc_tau_ms=7.00
[  61.643] M
[  61.643] [A
[  61.643] DC1] STATUS alar
[  61.643] LM PGAH_AL
[  62.022] [STATUS] t_ms=294558 hwm=5 cap=256 dropped=0 dropped_total=3287 crc_err=0 crc_err_total=0 rate1=512 rate2=512 prod1=512 prod2=512 dac_err=0 tx_drop=53078 hb_ms=0 sma_state=6 m7_us=304004330 m4_us=301810342 vdd=5.067 offset=0.5000 aref=3.145 loop_us_avg=33 loop_us_max=4935 loop_hz=30303 cycle_log_ms=1 n_cycle=4 cc=0 cc_hz=0 cc_i_tgt=0.2000 cc_u=0.7903 cc_r=3.9380 cc_tau_ms=7.00
[  62.463] [SMA] [ACT] heat n=3/6 I=200.0mA ms=200
[  62.650] M
[  62.714] [SMA] [ACT] cool n=3/6 I=0.0mA ms=30000
[  63.031] [STATUS] t_ms=295558 hwm=5 cap=256 dropped=0 dropped_total=3287 crc_err=0 crc_err_total=0 rate1=512 rate2=512 prod1=512 prod2=512 dac_err=0 tx_drop=53078 hb_ms=0 sma_state=6 m7_us=305036758 m4_us=302842607 vdd=5.067 offset=0.5000 aref=3.145 loop_us_avg=38 loop_us_max=4940 loop_hz=26315 cycle_log_ms=1 n_cycle=4 cc=0 cc_hz=204 cc_i_tgt=0.2000 cc_u=0.7738 cc_r=3.9780 cc_tau_ms=7.00
[  63.660] M
[  63.660] [ADC
[  63.660] 1] STATUS alarm(s)
[  64.099] [STATUS] t_ms=296558 hwm=5 cap=256 dropped=0 dropped_total=3287 crc_err=0 crc_err_total=0 rate1=512 rate2=512 prod1=512 prod2=512 dac_err=0 tx_drop=53078 hb_ms=0 sma_state=6 m7_us=306068913 m4_us=303874902 vdd=5.067 offset=0.5000 aref=3.145 loop_us_avg=33 loop_us_max=5008 loop_hz=30303 cycle_log_ms=1 n_cycle=4 cc=0 cc_hz=0 cc_i_tgt=0.2000 cc_u=0.7738 cc_r=3.9780 cc_tau_ms=7.00
[  64.662] M
[  64.662] [ADC1]
[  64.662] STATUS alarm(s):
[  65.105] [STATUS] t_ms=297558 hwm=5 cap=256 dropped=0 dropped_total=3287 crc_err=0 crc_err_total=0 rate1=512 rate2=512 prod1=512 prod2=512 dac_err=0 tx_drop=53078 hb_ms=0 sma_state=6 m7_us=307101205 m4_us=304907206 vdd=5.067 offset=0.5000 aref=3.145 loop_us_avg=33 loop_us_max=4928 loop_hz=30303 cycle_log_ms=1 n_cycle=4 cc=0 cc_hz=0 cc_i_tgt=0.2000 cc_u=0.7738 cc_r=3.9780 cc_tau_ms=7.00
[  65.670] M
[  65.670] [AD
[  65.670] C1] STATUS alarm
[  65.670] PGAH_AL
[  66.177] [STATUS] t_ms=298558 hwm=5 cap=256 dropped=0 dropped_total=3287 crc_err=0 crc_err_total=0 rate1=512 rate2=512 prod1=512 prod2=512 dac_err=0 tx_drop=53078 hb_ms=0 sma_state=6 m7_us=308133467 m4_us=305939500 vdd=5.067 offset=0.5000 aref=3.145 loop_us_avg=33 loop_us_max=4984 loop_hz=30303 cycle_log_ms=1 n_cycle=4 cc=0 cc_hz=0 cc_i_tgt=0.2000 cc_u=0.7738 cc_r=3.9780 cc_tau_ms=7.00
[  66.680] M
[  66.680] [ADC
[  66.680] 1] STATUS alarm
[  66.680] ALM PGAH_AL
[  67.182] [STATUS] t_ms=299558 hwm=5 cap=256 dropped=0 dropped_total=3287 crc_err=0 crc_err_total=0 rate1=512 rate2=512 prod1=512 prod2=512 dac_err=0 tx_drop=53078 hb_ms=0 sma_state=6 m7_us=309165828 m4_us=306971788 vdd=5.067 offset=0.5000 aref=3.145 loop_us_avg=33 loop_us_max=4900 loop_hz=30303 cycle_log_ms=1 n_cycle=4 cc=0 cc_hz=0 cc_i_tgt=0.2000 cc_u=0.7738 cc_r=3.9780 cc_tau_ms=7.00
[  67.687] M
[  68.187] [STATUS] t_ms=300558 hwm=5 cap=256 dropped=0 dropped_total=3287 crc_err=0 crc_err_total=0 rate1=512 rate2=512 prod1=512 prod2=512 dac_err=0 tx_drop=53078 hb_ms=0 sma_state=6 m7_us=310198029 m4_us=308004063 vdd=5.067 offset=0.5000 aref=3.145 loop_us_avg=33 loop_us_max=4957 loop_hz=30303 cycle_log_ms=1 n_cycle=4 cc=0 cc_hz=0 cc_i_tgt=0.2000 cc_u=0.7738 cc_r=3.9780 cc_tau_ms=7.00
[  68.693] M
[  68.693] [AD
[  69.260] [STATUS] t_ms=301558 hwm=4 cap=256 dropped=0 dropped_total=3287 crc_err=0 crc_err_total=0 rate1=512 rate2=512 prod1=512 prod2=512 dac_err=0 tx_drop=53078 hb_ms=0 sma_state=6 m7_us=311230344 m4_us=309036339 vdd=5.067 offset=0.5000 aref=3.145 loop_us_avg=33 loop_us_max=4905 loop_hz=30303 cycle_log_ms=1 n_cycle=4 cc=0 cc_hz=0 cc_i_tgt=0.2000 cc_u=0.7738 cc_r=3.9780 cc_tau_ms=7.00
[  69.702] M
[  69.702] [AD
[  69.702] C1] STATUS alarm(s
[  70.272] [STATUS] t_ms=302558 hwm=5 cap=256 dropped=0 dropped_total=3287 crc_err=0 crc_err_total=0 rate1=512 rate2=512 prod1=512 prod2=512 dac_err=0 tx_drop=53078 hb_ms=0 sma_state=6 m7_us=312262600 m4_us=310068623 vdd=5.067 offset=0.5000 aref=3.145 loop_us_avg=33 loop_us_max=4944 loop_hz=30303 cycle_log_ms=1 n_cycle=4 cc=0 cc_hz=0 cc_i_tgt=0.2000 cc_u=0.7738 cc_r=3.9780 cc_tau_ms=7.00
[  70.712] M
[  70.712] [ADC1
[  70.712] ] STATUS alarm(s):
[  70.712] PGAH_AL
[  71.345] [STATUS] t_ms=303558 hwm=5 cap=256 dropped=0 dropped_total=3287 crc_err=0 crc_err_total=0 rate1=512 rate2=512 prod1=512 prod2=512 dac_err=0 tx_drop=53078 hb_ms=0 sma_state=6 m7_us=313294904 m4_us=311100899 vdd=5.067 offset=0.5000 aref=3.145 loop_us_avg=33 loop_us_max=4906 loop_hz=30303 cycle_log_ms=1 n_cycle=4 cc=0 cc_hz=0 cc_i_tgt=0.2000 cc_u=0.7738 cc_r=3.9780 cc_tau_ms=7.00
[  71.721] M
[  71.721] [ADC1] STATUS
[  71.721] alarm(s): 0xCD PG
[  71.721] AL_ALM PGAH_AL
[  72.355] [STATUS] t_ms=304558 hwm=5 cap=256 dropped=0 dropped_total=3287 crc_err=0 crc_err_total=0 rate1=512 rate2=512 prod1=512 prod2=512 dac_err=0 tx_drop=53078 hb_ms=0 sma_state=6 m7_us=314327171 m4_us=312133199 vdd=5.067 offset=0.5000 aref=3.145 loop_us_avg=33 loop_us_max=4966 loop_hz=30303 cycle_log_ms=1 n_cycle=4 cc=0 cc_hz=0 cc_i_tgt=0.2000 cc_u=0.7738 cc_r=3.9780 cc_tau_ms=7.00
[  72.733] M
[  73.367] [STATUS] t_ms=305558 hwm=5 cap=256 dropped=0 dropped_total=3287 crc_err=0 crc_err_total=0 rate1=512 rate2=512 prod1=512 prod2=512 dac_err=0 tx_drop=53078 hb_ms=0 sma_state=6 m7_us=315359512 m4_us=313165500 vdd=5.067 offset=0.5000 aref=3.145 loop_us_avg=33 loop_us_max=4902 loop_hz=30303 cycle_log_ms=1 n_cycle=4 cc=0 cc_hz=0 cc_i_tgt=0.2000 cc_u=0.7738 cc_r=3.9780 cc_tau_ms=7.00
[  73.685] M
[  73.685] [A
[  74.381] [STATUS] t_ms=306558 hwm=5 cap=256 dropped=0 dropped_total=3287 crc_err=0 crc_err_total=0 rate1=512 rate2=512 prod1=512 prod2=512 dac_err=0 tx_drop=53078 hb_ms=0 sma_state=6 m7_us=316391781 m4_us=314197795 vdd=5.067 offset=0.5000 aref=3.145 loop_us_avg=33 loop_us_max=4913 loop_hz=30303 cycle_log_ms=1 n_cycle=4 cc=0 cc_hz=0 cc_i_tgt=0.2000 cc_u=0.7738 cc_r=3.9780 cc_tau_ms=7.00
[  74.698] M
[  74.698] [ADC1]
[  74.698] STATUS alarm(s):
[  75.455] [STATUS] t_ms=307558 hwm=5 cap=256 dropped=0 dropped_total=3287 crc_err=0 crc_err_total=0 rate1=512 rate2=512 prod1=512 prod2=512 dac_err=0 tx_drop=53078 hb_ms=0 sma_state=6 m7_us=317424081 m4_us=315230089 vdd=5.067 offset=0.5000 aref=3.145 loop_us_avg=33 loop_us_max=4919 loop_hz=30303 cycle_log_ms=1 n_cycle=4 cc=0 cc_hz=0 cc_i_tgt=0.2000 cc_u=0.7738 cc_r=3.9780 cc_tau_ms=7.00
[  75.708] M
[  75.708] [ADC1]
[  75.708] STATUS alarm(s)
[  75.708] GAH_AL
[  76.462] [STATUS] t_ms=308558 hwm=5 cap=256 dropped=0 dropped_total=3287 crc_err=0 crc_err_total=0 rate1=512 rate2=512 prod1=512 prod2=512 dac_err=0 tx_drop=53078 hb_ms=0 sma_state=6 m7_us=318456341 m4_us=316262361 vdd=5.067 offset=0.5000 aref=3.145 loop_us_avg=33 loop_us_max=4930 loop_hz=30303 cycle_log_ms=1 n_cycle=4 cc=0 cc_hz=0 cc_i_tgt=0.2000 cc_u=0.7738 cc_r=3.9780 cc_tau_ms=7.00
[  76.714] M
[  76.714] [AD
[  76.714] C1] STATUS alarm(s):
[  76.714] PGAH_AL
[  77.535] [STATUS] t_ms=309558 hwm=5 cap=256 dropped=0 dropped_total=3287 crc_err=0 crc_err_total=0 rate1=512 rate2=512 prod1=512 prod2=512 dac_err=0 tx_drop=53078 hb_ms=0 sma_state=6 m7_us=319488606 m4_us=317294630 vdd=5.067 offset=0.5000 aref=3.145 loop_us_avg=33 loop_us_max=4896 loop_hz=30303 cycle_log_ms=1 n_cycle=4 cc=0 cc_hz=0 cc_i_tgt=0.2000 cc_u=0.7738 cc_r=3.9780 cc_tau_ms=7.00
[  77.726] M
[  77.726] _AL
[  78.543] [STATUS] t_ms=310558 hwm=5 cap=256 dropped=0 dropped_total=3287 crc_err=0 crc_err_total=0 rate1=512 rate2=512 prod1=512 prod2=512 dac_err=0 tx_drop=53078 hb_ms=0 sma_state=6 m7_us=320520909 m4_us=318326924 vdd=5.067 offset=0.5000 aref=3.145 loop_us_avg=33 loop_us_max=4915 loop_hz=30303 cycle_log_ms=1 n_cycle=4 cc=0 cc_hz=0 cc_i_tgt=0.2000 cc_u=0.7738 cc_r=3.9780 cc_tau_ms=7.00
[  78.733] M
[  78.733] [A
[  79.554] [STATUS] t_ms=311558 hwm=5 cap=256 dropped=0 dropped_total=3287 crc_err=0 crc_err_total=0 rate1=512 rate2=512 prod1=512 prod2=512 dac_err=0 tx_drop=53078 hb_ms=0 sma_state=6 m7_us=321553209 m4_us=319359206 vdd=5.067 offset=0.5000 aref=3.145 loop_us_avg=33 loop_us_max=4911 loop_hz=30303 cycle_log_ms=1 n_cycle=4 cc=0 cc_hz=0 cc_i_tgt=0.2000 cc_u=0.7738 cc_r=3.9780 cc_tau_ms=7.00
[  79.743] M
[  79.743] [ADC1]
[  79.743] STATUS alarm(s):
[  80.627] [STATUS] t_ms=312558 hwm=5 cap=256 dropped=0 dropped_total=3287 crc_err=0 crc_err_total=0 rate1=512 rate2=512 prod1=512 prod2=512 dac_err=0 tx_drop=53078 hb_ms=0 sma_state=6 m7_us=322585561 m4_us=320391532 vdd=5.067 offset=0.5000 aref=3.145 loop_us_avg=33 loop_us_max=4951 loop_hz=30303 cycle_log_ms=1 n_cycle=4 cc=0 cc_hz=0 cc_i_tgt=0.2000 cc_u=0.7738 cc_r=3.9780 cc_tau_ms=7.00
[  80.755] M
[  80.755] [ADC1] STATUS al
[  80.755] _ALM PGAH_AL
[  81.642] [STATUS] t_ms=313558 hwm=5 cap=256 dropped=0 dropped_total=3287 crc_err=0 crc_err_total=0 rate1=512 rate2=512 prod1=512 prod2=512 dac_err=0 tx_drop=53078 hb_ms=0 sma_state=6 m7_us=323617830 m4_us=321423827 vdd=5.067 offset=0.5000 aref=3.145 loop_us_avg=33 loop_us_max=4920 loop_hz=30303 cycle_log_ms=1 n_cycle=4 cc=0 cc_hz=0 cc_i_tgt=0.2000 cc_u=0.7738 cc_r=3.9780 cc_tau_ms=7.00
[  81.770] M
[  81.770] [ADC1] STATUS
[  81.770] alarm(s): 0x4D P
[  81.770] GAL_ALM PGAH_AL
[  82.660] [STATUS] t_ms=314558 hwm=5 cap=256 dropped=0 dropped_total=3287 crc_err=0 crc_err_total=0 rate1=512 rate2=512 prod1=512 prod2=512 dac_err=0 tx_drop=53078 hb_ms=0 sma_state=6 m7_us=324650131 m4_us=322456134 vdd=5.067 offset=0.5000 aref=3.145 loop_us_avg=33 loop_us_max=4932 loop_hz=30303 cycle_log_ms=1 n_cycle=4 cc=0 cc_hz=0 cc_i_tgt=0.2000 cc_u=0.7738 cc_r=3.9780 cc_tau_ms=7.00
[  82.787] M
[  82.787] AL
[  83.672] [STATUS] t_ms=315558 hwm=5 cap=256 dropped=0 dropped_total=3287 crc_err=0 crc_err_total=0 rate1=512 rate2=512 prod1=512 prod2=512 dac_err=0 tx_drop=53078 hb_ms=0 sma_state=6 m7_us=325682442 m4_us=323488435 vdd=5.067 offset=0.5000 aref=3.145 loop_us_avg=33 loop_us_max=4922 loop_hz=30303 cycle_log_ms=1 n_cycle=4 cc=0 cc_hz=0 cc_i_tgt=0.2000 cc_u=0.7738 cc_r=3.9780 cc_tau_ms=7.00
[  83.799] M
[  84.749] [STATUS] t_ms=316558 hwm=5 cap=256 dropped=0 dropped_total=3287 crc_err=0 crc_err_total=0 rate1=512 rate2=512 prod1=512 prod2=512 dac_err=0 tx_drop=53078 hb_ms=0 sma_state=6 m7_us=326714703 m4_us=324520684 vdd=5.067 offset=0.5000 aref=3.145 loop_us_avg=33 loop_us_max=4962 loop_hz=30303 cycle_log_ms=1 n_cycle=4 cc=0 cc_hz=0 cc_i_tgt=0.2000 cc_u=0.7738 cc_r=3.9780 cc_tau_ms=7.00
[  84.813] M
[  84.813] [AD
[  84.813] C1] STATUS alarm
[  85.763] [STATUS] t_ms=317558 hwm=5 cap=256 dropped=0 dropped_total=3287 crc_err=0 crc_err_total=0 rate1=512 rate2=512 prod1=512 prod2=512 dac_err=0 tx_drop=53078 hb_ms=0 sma_state=6 m7_us=327746959 m4_us=325552950 vdd=5.067 offset=0.5000 aref=3.145 loop_us_avg=33 loop_us_max=4942 loop_hz=30303 cycle_log_ms=1 n_cycle=4 cc=0 cc_hz=0 cc_i_tgt=0.2000 cc_u=0.7738 cc_r=3.9780 cc_tau_ms=7.00
[  85.827] M
[  85.827] [ADC1] ST
[  85.827] ATUS alarm(s): 0
[  85.827] AL
[  86.780] [STATUS] t_ms=318558 hwm=5 cap=256 dropped=0 dropped_total=3287 crc_err=0 crc_err_total=0 rate1=512 rate2=512 prod1=512 prod2=512 dac_err=0 tx_drop=53078 hb_ms=0 sma_state=6 m7_us=328779216 m4_us=326585231 vdd=5.067 offset=0.5000 aref=3.145 loop_us_avg=33 loop_us_max=4938 loop_hz=30303 cycle_log_ms=1 n_cycle=4 cc=0 cc_hz=0 cc_i_tgt=0.2000 cc_u=0.7738 cc_r=3.9780 cc_tau_ms=7.00
[  86.843] M
[  86.843] [ADC
[  86.843] 1] STATUS alarm(s)
[  86.843] PGAH_AL
[  87.796] M
[  87.796] [ADC1] S
[  87.796] TATUS alarm(s): 0
[  87.796] AL
[  87.859] [STATUS] t_ms=319558 hwm=5 cap=256 dropped=0 dropped_total=3287 crc_err=0 crc_err_total=0 rate1=512 rate2=512 prod1=512 prod2=512 dac_err=0 tx_drop=53078 hb_ms=0 sma_state=6 m7_us=329811517 m4_us=327617497 vdd=5.067 offset=0.5000 aref=3.145 loop_us_avg=33 loop_us_max=4905 loop_hz=30303 cycle_log_ms=1 n_cycle=4 cc=0 cc_hz=0 cc_i_tgt=0.2000 cc_u=0.7738 cc_r=3.9780 cc_tau_ms=7.00
[  88.807] M
[  88.807] [ADC1] STA
[  88.807] TUS alarm(s): 0x4
[  88.869] [STATUS] t_ms=320558 hwm=5 cap=256 dropped=0 dropped_total=3287 crc_err=0 crc_err_total=0 rate1=512 rate2=512 prod1=512 prod2=512 dac_err=0 tx_drop=53078 hb_ms=0 sma_state=6 m7_us=330843784 m4_us=328649763 vdd=5.067 offset=0.5000 aref=3.145 loop_us_avg=33 loop_us_max=4953 loop_hz=30303 cycle_log_ms=1 n_cycle=4 cc=0 cc_hz=0 cc_i_tgt=0.2000 cc_u=0.7738 cc_r=3.9780 cc_tau_ms=7.00
[  89.822] M
[  89.886] [STATUS] t_ms=321558 hwm=5 cap=256 dropped=0 dropped_total=3287 crc_err=0 crc_err_total=0 rate1=512 rate2=512 prod1=512 prod2=512 dac_err=0 tx_drop=53078 hb_ms=0 sma_state=6 m7_us=331876032 m4_us=329682044 vdd=5.067 offset=0.5000 aref=3.145 loop_us_avg=33 loop_us_max=4961 loop_hz=30303 cycle_log_ms=1 n_cycle=4 cc=0 cc_hz=0 cc_i_tgt=0.2000 cc_u=0.7738 cc_r=3.9780 cc_tau_ms=7.00
[  90.836] M
[  90.836] [
[  90.900] [STATUS] t_ms=322558 hwm=5 cap=256 dropped=0 dropped_total=3287 crc_err=0 crc_err_total=0 rate1=512 rate2=512 prod1=512 prod2=512 dac_err=0 tx_drop=53078 hb_ms=0 sma_state=6 m7_us=332908290 m4_us=330714319 vdd=5.067 offset=0.5000 aref=3.145 loop_us_avg=34 loop_us_max=4924 loop_hz=29411 cycle_log_ms=1 n_cycle=4 cc=0 cc_hz=0 cc_i_tgt=0.2000 cc_u=0.7738 cc_r=3.9780 cc_tau_ms=7.00
[  91.852] M
[  91.852] [ADC1]
[  91.852] STATUS alarm(s):
[  91.980] [STATUS] t_ms=323558 hwm=5 cap=256 dropped=0 dropped_total=3287 crc_err=0 crc_err_total=0 rate1=512 rate2=512 prod1=512 prod2=512 dac_err=0 tx_drop=53078 hb_ms=0 sma_state=6 m7_us=333940648 m4_us=331746652 vdd=5.067 offset=0.5000 aref=3.145 loop_us_avg=33 loop_us_max=4909 loop_hz=30303 cycle_log_ms=1 n_cycle=4 cc=0 cc_hz=0 cc_i_tgt=0.2000 cc_u=0.7738 cc_r=3.9780 cc_tau_ms=7.00
[  92.869] M
[  92.869] [A
[  92.869] DC1] STATUS alarm
[  92.869] LM PGAH_AL
[  92.995] [STATUS] t_ms=324558 hwm=6 cap=256 dropped=0 dropped_total=3287 crc_err=0 crc_err_total=0 rate1=512 rate2=512 prod1=512 prod2=512 dac_err=0 tx_drop=53078 hb_ms=0 sma_state=6 m7_us=334973010 m4_us=332779011 vdd=5.067 offset=0.5000 aref=3.145 loop_us_avg=33 loop_us_max=6097 loop_hz=30303 cycle_log_ms=1 n_cycle=4 cc=0 cc_hz=0 cc_i_tgt=0.2000 cc_u=0.7738 cc_r=3.9780 cc_tau_ms=7.00
[  93.691] [SMA] [ACT] heat n=4/6 I=200.0mA ms=200
[  93.881] [SMA] [ACT] cool n=4/6 I=0.0mA ms=30000
[  93.881] M
[  94.007] [STATUS] t_ms=325558 hwm=5 cap=256 dropped=0 dropped_total=3287 crc_err=0 crc_err_total=0 rate1=512 rate2=512 prod1=512 prod2=512 dac_err=0 tx_drop=53078 hb_ms=0 sma_state=6 m7_us=336005361 m4_us=333811366 vdd=5.067 offset=0.5000 aref=3.145 loop_us_avg=38 loop_us_max=4914 loop_hz=26315 cycle_log_ms=1 n_cycle=4 cc=0 cc_hz=206 cc_i_tgt=0.2000 cc_u=0.7957 cc_r=3.9501 cc_tau_ms=7.00
[  94.986] M
[  95.050] [STATUS] t_ms=326558 hwm=5 cap=256 dropped=0 dropped_total=3287 crc_err=0 crc_err_total=0 rate1=512 rate2=512 prod1=512 prod2=512 dac_err=0 tx_drop=53078 hb_ms=0 sma_state=6 m7_us=337037663 m4_us=334843647 vdd=5.067 offset=0.5000 aref=3.145 loop_us_avg=33 loop_us_max=4908 loop_hz=30303 cycle_log_ms=1 n_cycle=4 cc=0 cc_hz=0 cc_i_tgt=0.2000 cc_u=0.7957 cc_r=3.9501 cc_tau_ms=7.00
[  95.877] M
[  95.877] [AD
[  96.064] [STATUS] t_ms=327558 hwm=5 cap=256 dropped=0 dropped_total=3287 crc_err=0 crc_err_total=0 rate1=512 rate2=512 prod1=512 prod2=512 dac_err=0 tx_drop=53078 hb_ms=0 sma_state=6 m7_us=338069933 m4_us=335875935 vdd=5.067 offset=0.5000 aref=3.145 loop_us_avg=33 loop_us_max=4902 loop_hz=30303 cycle_log_ms=1 n_cycle=4 cc=0 cc_hz=0 cc_i_tgt=0.2000 cc_u=0.7957 cc_r=3.9501 cc_tau_ms=7.00
[  96.889] M
[  96.889] [A
[  96.889] DC1] STATUS alar
[  97.143] [STATUS] t_ms=328558 hwm=5 cap=256 dropped=0 dropped_total=3287 crc_err=0 crc_err_total=0 rate1=512 rate2=512 prod1=512 prod2=512 dac_err=0 tx_drop=53078 hb_ms=0 sma_state=6 m7_us=339102194 m4_us=336908220 vdd=5.067 offset=0.5000 aref=3.145 loop_us_avg=33 loop_us_max=4934 loop_hz=30303 cycle_log_ms=1 n_cycle=4 cc=0 cc_hz=0 cc_i_tgt=0.2000 cc_u=0.7957 cc_r=3.9501 cc_tau_ms=7.00
[  97.905] M
[  97.905] [A
[  97.905] DC1] STATUS ala
[  97.905] M PGAH_AL
[  98.158] [STATUS] t_ms=329558 hwm=5 cap=256 dropped=0 dropped_total=3287 crc_err=0 crc_err_total=0 rate1=512 rate2=512 prod1=512 prod2=512 dac_err=0 tx_drop=53078 hb_ms=0 sma_state=6 m7_us=340134545 m4_us=337940531 vdd=5.067 offset=0.5000 aref=3.145 loop_us_avg=33 loop_us_max=4902 loop_hz=30303 cycle_log_ms=1 n_cycle=4 cc=0 cc_hz=0 cc_i_tgt=0.2000 cc_u=0.7957 cc_r=3.9501 cc_tau_ms=7.00
[  98.920] M
[  98.920] [ADC1] STATUS ala
[  98.920] rm(s): 0xD PGA
[  98.920] L_ALM PGAH_AL
[  99.173] [STATUS] t_ms=330558 hwm=5 cap=256 dropped=0 dropped_total=3287 crc_err=0 crc_err_total=0 rate1=512 rate2=512 prod1=512 prod2=512 dac_err=0 tx_drop=53078 hb_ms=0 sma_state=6 m7_us=341166804 m4_us=338972825 vdd=5.067 offset=0.5000 aref=3.145 loop_us_avg=33 loop_us_max=4956 loop_hz=30303 cycle_log_ms=1 n_cycle=4 cc=0 cc_hz=0 cc_i_tgt=0.2000 cc_u=0.7957 cc_r=3.9501 cc_tau_ms=7.00
[  99.936] M
[ 100.190] [STATUS] t_ms=331558 hwm=5 cap=256 dropped=0 dropped_total=3287 crc_err=0 crc_err_total=0 rate1=512 rate2=512 prod1=512 prod2=512 dac_err=0 tx_drop=53078 hb_ms=0 sma_state=6 m7_us=342199105 m4_us=340005119 vdd=5.067 offset=0.5000 aref=3.145 loop_us_avg=33 loop_us_max=4912 loop_hz=30303 cycle_log_ms=1 n_cycle=4 cc=0 cc_hz=0 cc_i_tgt=0.2000 cc_u=0.7957 cc_r=3.9501 cc_tau_ms=7.00
[ 100.951] M
[ 101.268] [STATUS] t_ms=332558 hwm=5 cap=256 dropped=0 dropped_total=3287 crc_err=0 crc_err_total=0 rate1=512 rate2=512 prod1=512 prod2=512 dac_err=0 tx_drop=53078 hb_ms=0 sma_state=6 m7_us=343231413 m4_us=341037427 vdd=5.067 offset=0.5000 aref=3.145 loop_us_avg=34 loop_us_max=4925 loop_hz=29411 cycle_log_ms=1 n_cycle=4 cc=0 cc_hz=0 cc_i_tgt=0.2000 cc_u=0.7957 cc_r=3.9501 cc_tau_ms=7.00
[ 101.967] M
[ 101.967] [ADC1] S
[ 101.967] TATUS alarm(s): 0x
[ 102.286] [STATUS] t_ms=333558 hwm=5 cap=256 dropped=0 dropped_total=3287 crc_err=0 crc_err_total=0 rate1=512 rate2=512 prod1=512 prod2=512 dac_err=0 tx_drop=53078 hb_ms=0 sma_state=6 m7_us=344263722 m4_us=342069715 vdd=5.067 offset=0.5000 aref=3.145 loop_us_avg=33 loop_us_max=5021 loop_hz=30303 cycle_log_ms=1 n_cycle=4 cc=0 cc_hz=0 cc_i_tgt=0.2000 cc_u=0.7957 cc_r=3.9501 cc_tau_ms=7.00
[ 102.918] M
[ 102.918] [ADC1]
[ 102.918] STATUS alarm(s):
[ 102.918] H_AL
[ 103.299] [STATUS] t_ms=334558 hwm=5 cap=256 dropped=0 dropped_total=3287 crc_err=0 crc_err_total=0 rate1=512 rate2=512 prod1=512 prod2=512 dac_err=0 tx_drop=53078 hb_ms=0 sma_state=6 m7_us=345296084 m4_us=343102035 vdd=5.067 offset=0.5000 aref=3.145 loop_us_avg=33 loop_us_max=4962 loop_hz=30303 cycle_log_ms=1 n_cycle=4 cc=0 cc_hz=0 cc_i_tgt=0.2000 cc_u=0.7957 cc_r=3.9501 cc_tau_ms=7.00
[ 103.932] M
[ 103.932] [A
[ 103.932] DC1] STATUS alar
[ 103.932] ALM PGAH_AL
[ 104.377] [STATUS] t_ms=335558 hwm=5 cap=256 dropped=0 dropped_total=3287 crc_err=0 crc_err_total=0 rate1=512 rate2=512 prod1=512 prod2=512 dac_err=0 tx_drop=53078 hb_ms=0 sma_state=6 m7_us=346328366 m4_us=344134371 vdd=5.067 offset=0.5000 aref=3.145 loop_us_avg=33 loop_us_max=4976 loop_hz=30303 cycle_log_ms=1 n_cycle=4 cc=0 cc_hz=0 cc_i_tgt=0.2000 cc_u=0.7957 cc_r=3.9501 cc_tau_ms=7.00
[ 104.945] M
[ 104.945] M PGAH_AL
[ 105.390] [STATUS] t_ms=336558 hwm=5 cap=256 dropped=0 dropped_total=3287 crc_err=0 crc_err_total=0 rate1=512 rate2=512 prod1=512 prod2=512 dac_err=0 tx_drop=53078 hb_ms=0 sma_state=6 m7_us=347360736 m4_us=345166707 vdd=5.067 offset=0.5000 aref=3.145 loop_us_avg=33 loop_us_max=4962 loop_hz=30303 cycle_log_ms=1 n_cycle=4 cc=0 cc_hz=0 cc_i_tgt=0.2000 cc_u=0.7957 cc_r=3.9501 cc_tau_ms=7.00
[ 105.960] M
[ 105.960] [ADC1] STATUS al
[ 106.405] [STATUS] t_ms=337558 hwm=5 cap=256 dropped=0 dropped_total=3287 crc_err=0 crc_err_total=0 rate1=512 rate2=512 prod1=512 prod2=512 dac_err=0 tx_drop=53078 hb_ms=0 sma_state=6 m7_us=348393052 m4_us=346199049 vdd=5.067 offset=0.5000 aref=3.145 loop_us_avg=33 loop_us_max=5125 loop_hz=30303 cycle_log_ms=1 n_cycle=4 cc=0 cc_hz=0 cc_i_tgt=0.2000 cc_u=0.7957 cc_r=3.9501 cc_tau_ms=7.00
[ 106.972] M
[ 106.972] [ADC1] STATUS a
[ 107.418] [STATUS] t_ms=338558 hwm=5 cap=256 dropped=0 dropped_total=3287 crc_err=0 crc_err_total=0 rate1=512 rate2=512 prod1=512 prod2=512 dac_err=0 tx_drop=53078 hb_ms=0 sma_state=6 m7_us=349425485 m4_us=347231379 vdd=5.067 offset=0.5000 aref=3.145 loop_us_avg=33 loop_us_max=4946 loop_hz=30303 cycle_log_ms=1 n_cycle=4 cc=0 cc_hz=0 cc_i_tgt=0.2000 cc_u=0.7957 cc_r=3.9501 cc_tau_ms=7.00
[ 107.987] M
[ 107.987] [ADC1] STATUS a
[ 107.987] larm(s): 0xD PGA
[ 107.987] L_ALM PGAH_AL
[ 108.494] [STATUS] t_ms=339558 hwm=5 cap=256 dropped=0 dropped_total=3287 crc_err=0 crc_err_total=0 rate1=512 rate2=512 prod1=512 prod2=512 dac_err=0 tx_drop=53078 hb_ms=0 sma_state=6 m7_us=350457769 m4_us=348263743 vdd=5.067 offset=0.5000 aref=3.145 loop_us_avg=33 loop_us_max=4998 loop_hz=30303 cycle_log_ms=1 n_cycle=4 cc=0 cc_hz=0 cc_i_tgt=0.2000 cc_u=0.7957 cc_r=3.9501 cc_tau_ms=7.00
[ 109.002] M
[ 109.002] [
[ 109.002] ADC1] STATUS alarm(
[ 109.002] LM PGAH_AL
[ 109.511] [STATUS] t_ms=340558 hwm=5 cap=256 dropped=0 dropped_total=3287 crc_err=0 crc_err_total=0 rate1=512 rate2=512 prod1=512 prod2=512 dac_err=0 tx_drop=53078 hb_ms=0 sma_state=6 m7_us=351490130 m4_us=349296099 vdd=5.067 offset=0.5000 aref=3.145 loop_us_avg=33 loop_us_max=4954 loop_hz=30303 cycle_log_ms=1 n_cycle=4 cc=0 cc_hz=0 cc_i_tgt=0.2000 cc_u=0.7957 cc_r=3.9501 cc_tau_ms=7.00
[ 110.019] M
[ 110.019] [ADC1] STATUS alarm(s): 0x4D PG
[ 110.019] AL_ALM PGAH_AL
[ 110.526] [STATUS] t_ms=341558 hwm=5 cap=256 dropped=0 dropped_total=3287 crc_err=0 crc_err_total=0 rate1=512 rate2=512 prod1=512 prod2=512 dac_err=0 tx_drop=53078 hb_ms=0 sma_state=6 m7_us=352522385 m4_us=350328377 vdd=5.067 offset=0.5000 aref=3.145 loop_us_avg=33 loop_us_max=4958 loop_hz=30303 cycle_log_ms=1 n_cycle=4 cc=0 cc_hz=0 cc_i_tgt=0.2000 cc_u=0.7957 cc_r=3.9501 cc_tau_ms=7.00
[ 111.033] M
[ 111.604] [STATUS] t_ms=342558 hwm=5 cap=256 dropped=0 dropped_total=3287 crc_err=0 crc_err_total=0 rate1=512 rate2=512 prod1=512 prod2=512 dac_err=0 tx_drop=53078 hb_ms=0 sma_state=6 m7_us=353554642 m4_us=351360665 vdd=5.067 offset=0.5000 aref=3.145 loop_us_avg=33 loop_us_max=5019 loop_hz=30303 cycle_log_ms=1 n_cycle=4 cc=0 cc_hz=0 cc_i_tgt=0.2000 cc_u=0.7957 cc_r=3.9501 cc_tau_ms=7.00
[ 112.046] M
[ 112.046] [AD
[ 112.046] C1] STATUS alar
[ 112.619] [STATUS] t_ms=343558 hwm=5 cap=256 dropped=0 dropped_total=3287 crc_err=0 crc_err_total=0 rate1=512 rate2=512 prod1=512 prod2=512 dac_err=0 tx_drop=53078 hb_ms=0 sma_state=6 m7_us=354586952 m4_us=352392975 vdd=5.067 offset=0.5000 aref=3.145 loop_us_avg=33 loop_us_max=4920 loop_hz=30303 cycle_log_ms=1 n_cycle=4 cc=0 cc_hz=0 cc_i_tgt=0.2000 cc_u=0.7957 cc_r=3.9501 cc_tau_ms=7.00
[ 113.000] M
[ 113.000] [ADC1]
[ 113.000] STATUS alarm(s):
[ 113.634] [STATUS] t_ms=344558 hwm=5 cap=256 dropped=0 dropped_total=3287 crc_err=0 crc_err_total=0 rate1=512 rate2=512 prod1=512 prod2=512 dac_err=0 tx_drop=53078 hb_ms=0 sma_state=6 m7_us=355619301 m4_us=353425318 vdd=5.067 offset=0.5000 aref=3.145 loop_us_avg=33 loop_us_max=4908 loop_hz=30303 cycle_log_ms=1 n_cycle=4 cc=0 cc_hz=0 cc_i_tgt=0.2000 cc_u=0.7957 cc_r=3.9501 cc_tau_ms=7.00
[ 114.013] M
[ 114.013] [ADC1] STATUS al
[ 114.013] ALM PGAH_AL
[ 114.647] [STATUS] t_ms=345558 hwm=5 cap=256 dropped=0 dropped_total=3287 crc_err=0 crc_err_total=0 rate1=512 rate2=512 prod1=512 prod2=512 dac_err=0 tx_drop=53078 hb_ms=0 sma_state=6 m7_us=356651664 m4_us=354457683 vdd=5.067 offset=0.5000 aref=3.145 loop_us_avg=33 loop_us_max=4914 loop_hz=30303 cycle_log_ms=1 n_cycle=4 cc=0 cc_hz=0 cc_i_tgt=0.2000 cc_u=0.7957 cc_r=3.9501 cc_tau_ms=7.00
[ 115.028] M
[ 115.028] [ADC1] STATUS a
[ 115.028] larm(s): 0xCD PGA
[ 115.028] L_ALM PGAH_AL
[ 115.727] [STATUS] t_ms=346558 hwm=5 cap=256 dropped=0 dropped_total=3287 crc_err=0 crc_err_total=0 rate1=512 rate2=512 prod1=512 prod2=512 dac_err=0 tx_drop=53078 hb_ms=0 sma_state=6 m7_us=357684029 m4_us=355490038 vdd=5.067 offset=0.5000 aref=3.145 loop_us_avg=33 loop_us_max=4925 loop_hz=30303 cycle_log_ms=1 n_cycle=4 cc=0 cc_hz=0 cc_i_tgt=0.2000 cc_u=0.7957 cc_r=3.9501 cc_tau_ms=7.00
[ 116.044] M
[ 116.743] [STATUS] t_ms=347558 hwm=5 cap=256 dropped=0 dropped_total=3287 crc_err=0 crc_err_total=0 rate1=512 rate2=512 prod1=512 prod2=512 dac_err=0 tx_drop=53078 hb_ms=0 sma_state=6 m7_us=358716431 m4_us=356522371 vdd=5.067 offset=0.5000 aref=3.145 loop_us_avg=33 loop_us_max=5033 loop_hz=30303 cycle_log_ms=1 n_cycle=4 cc=0 cc_hz=0 cc_i_tgt=0.2000 cc_u=0.7957 cc_r=3.9501 cc_tau_ms=7.00
[ 117.060] M
[ 117.060] [AD
[ 117.060] C1] STATUS alarm(s
[ 117.761] [STATUS] t_ms=348558 hwm=5 cap=256 dropped=0 dropped_total=3287 crc_err=0 crc_err_total=0 rate1=512 rate2=512 prod1=512 prod2=512 dac_err=0 tx_drop=53078 hb_ms=0 sma_state=6 m7_us=359748631 m4_us=357554649 vdd=5.067 offset=0.5000 aref=3.145 loop_us_avg=33 loop_us_max=4994 loop_hz=30303 cycle_log_ms=1 n_cycle=4 cc=0 cc_hz=0 cc_i_tgt=0.2000 cc_u=0.7957 cc_r=3.9501 cc_tau_ms=7.00
[ 118.078] M
[ 118.078] [ADC1] STATUS ala
[ 118.078] _ALM PGAH_AL
[ 118.774] [STATUS] t_ms=349558 hwm=5 cap=256 dropped=0 dropped_total=3287 crc_err=0 crc_err_total=0 rate1=512 rate2=512 prod1=512 prod2=512 dac_err=0 tx_drop=53078 hb_ms=0 sma_state=6 m7_us=360780899 m4_us=358586931 vdd=5.067 offset=0.5000 aref=3.145 loop_us_avg=33 loop_us_max=4905 loop_hz=30303 cycle_log_ms=1 n_cycle=4 cc=0 cc_hz=0 cc_i_tgt=0.2000 cc_u=0.7957 cc_r=3.9501 cc_tau_ms=7.00
[ 119.092] M
[ 119.092] [
[ 119.092] ADC1] STATUS alarm(
[ 119.092] LM PGAH_AL
[ 119.855] [STATUS] t_ms=350558 hwm=5 cap=256 dropped=0 dropped_total=3287 crc_err=0 crc_err_total=0 rate1=512 rate2=512 prod1=512 prod2=512 dac_err=0 tx_drop=53078 hb_ms=0 sma_state=6 m7_us=361813203 m4_us=359619228 vdd=5.067 offset=0.5000 aref=3.145 loop_us_avg=33 loop_us_max=4899 loop_hz=30303 cycle_log_ms=1 n_cycle=4 cc=0 cc_hz=0 cc_i_tgt=0.2000 cc_u=0.7957 cc_r=3.9501 cc_tau_ms=7.00
[ 120.109] M
[ 120.109] [ADC1] STATUS alarm(s): 0
[ 120.109] H_AL
[ 120.873] [STATUS] t_ms=351558 hwm=5 cap=256 dropped=0 dropped_total=3287 crc_err=0 crc_err_total=0 rate1=512 rate2=512 prod1=512 prod2=512 dac_err=0 tx_drop=53078 hb_ms=0 sma_state=6 m7_us=362845504 m4_us=360651503 vdd=5.067 offset=0.5000 aref=3.145 loop_us_avg=34 loop_us_max=4966 loop_hz=29411 cycle_log_ms=1 n_cycle=4 cc=0 cc_hz=0 cc_i_tgt=0.2000 cc_u=0.7957 cc_r=3.9501 cc_tau_ms=7.00
[ 121.063] M
[ 121.889] [STATUS] t_ms=352558 hwm=5 cap=256 dropped=0 dropped_total=3287 crc_err=0 crc_err_total=0 rate1=512 rate2=512 prod1=512 prod2=512 dac_err=0 tx_drop=53078 hb_ms=0 sma_state=6 m7_us=363877764 m4_us=361683804 vdd=5.067 offset=0.5000 aref=3.145 loop_us_avg=33 loop_us_max=4960 loop_hz=30303 cycle_log_ms=1 n_cycle=4 cc=0 cc_hz=0 cc_i_tgt=0.2000 cc_u=0.7957 cc_r=3.9501 cc_tau_ms=7.00
[ 122.079] M
[ 122.079] [ADC1]
[ 122.904] [STATUS] t_ms=353558 hwm=5 cap=256 dropped=0 dropped_total=3287 crc_err=0 crc_err_total=0 rate1=512 rate2=512 prod1=512 prod2=512 dac_err=0 tx_drop=53078 hb_ms=0 sma_state=6 m7_us=364910072 m4_us=362716067 vdd=5.067 offset=0.5000 aref=3.145 loop_us_avg=33 loop_us_max=4913 loop_hz=30303 cycle_log_ms=1 n_cycle=4 cc=0 cc_hz=0 cc_i_tgt=0.2000 cc_u=0.7957 cc_r=3.9501 cc_tau_ms=7.00
[ 123.094] M
[ 123.094] [ADC1
[ 123.094] ] STATUS alarm(s)
[ 123.982] [STATUS] t_ms=354558 hwm=5 cap=256 dropped=0 dropped_total=3287 crc_err=0 crc_err_total=0 rate1=512 rate2=512 prod1=512 prod2=512 dac_err=0 tx_drop=53078 hb_ms=0 sma_state=6 m7_us=365942328 m4_us=363748345 vdd=5.067 offset=0.5000 aref=3.145 loop_us_avg=33 loop_us_max=4930 loop_hz=30303 cycle_log_ms=1 n_cycle=4 cc=0 cc_hz=0 cc_i_tgt=0.2000 cc_u=0.7957 cc_r=3.9501 cc_tau_ms=7.00
[ 124.109] M
[ 124.109] [ADC1] STATUS a
[ 124.109] larm(s): 0xCD PG
[ 124.109] AL_ALM PGAH_AL
[ 124.869] [SMA] [ACT] heat n=5/6 I=200.0mA ms=200
[ 124.997] [STATUS] t_ms=355558 hwm=4 cap=256 dropped=0 dropped_total=3287 crc_err=0 crc_err_total=0 rate1=512 rate2=512 prod1=512 prod2=512 dac_err=0 tx_drop=53078 hb_ms=0 sma_state=5 m7_us=366974631 m4_us=364780623 vdd=5.067 offset=0.5000 aref=3.145 loop_us_avg=37 loop_us_max=4907 loop_hz=27027 cycle_log_ms=1 n_cycle=4 cc=1 cc_hz=143 cc_i_tgt=0.2000 cc_u=0.7877 cc_r=3.9402 cc_tau_ms=7.00
[ 125.059] [SMA] [ACT] cool n=5/6 I=0.0mA ms=30000
[ 125.122] M
[ 126.013] [STATUS] t_ms=356558 hwm=5 cap=256 dropped=0 dropped_total=3287 crc_err=0 crc_err_total=0 rate1=512 rate2=512 prod1=512 prod2=512 dac_err=0 tx_drop=53078 hb_ms=0 sma_state=6 m7_us=368007009 m4_us=365812870 vdd=5.067 offset=0.5000 aref=3.145 loop_us_avg=35 loop_us_max=5501 loop_hz=28571 cycle_log_ms=1 n_cycle=4 cc=0 cc_hz=56 cc_i_tgt=0.2000 cc_u=0.7829 cc_r=3.9498 cc_tau_ms=7.00
[ 126.139] M
[ 127.028] [STATUS] t_ms=357558 hwm=5 cap=256 dropped=0 dropped_total=3287 crc_err=0 crc_err_total=0 rate1=512 rate2=512 prod1=512 prod2=512 dac_err=0 tx_drop=53078 hb_ms=0 sma_state=6 m7_us=369039156 m4_us=366845158 vdd=5.067 offset=0.5000 aref=3.145 loop_us_avg=33 loop_us_max=5053 loop_hz=30303 cycle_log_ms=1 n_cycle=4 cc=0 cc_hz=0 cc_i_tgt=0.2000 cc_u=0.7829 cc_r=3.9498 cc_tau_ms=7.00
[ 127.154] M
[ 127.154] [
[ 127.154] ADC1] STATUS alarm
[ 127.154] ALM PGAH_AL
[ 128.103] [STATUS] t_ms=358558 hwm=5 cap=256 dropped=0 dropped_total=3287 crc_err=0 crc_err_total=0 rate1=512 rate2=512 prod1=512 prod2=512 dac_err=0 tx_drop=53078 hb_ms=0 sma_state=6 m7_us=370071511 m4_us=367877459 vdd=5.067 offset=0.5000 aref=3.145 loop_us_avg=33 loop_us_max=5225 loop_hz=30303 cycle_log_ms=1 n_cycle=4 cc=0 cc_hz=0 cc_i_tgt=0.2000 cc_u=0.7829 cc_r=3.9498 cc_tau_ms=7.00
[ 128.167] M
[ 128.167] [AD
[ 128.167] C1] STATUS alarm(
[ 128.167] LM PGAH_AL
[ 129.120] [STATUS] t_ms=359558 hwm=5 cap=256 dropped=0 dropped_total=3287 crc_err=0 crc_err_total=0 rate1=512 rate2=512 prod1=512 prod2=512 dac_err=0 tx_drop=53078 hb_ms=0 sma_state=6 m7_us=371103748 m4_us=368909766 vdd=5.067 offset=0.5000 aref=3.145 loop_us_avg=33 loop_us_max=5043 loop_hz=30303 cycle_log_ms=1 n_cycle=4 cc=0 cc_hz=0 cc_i_tgt=0.2000 cc_u=0.7829 cc_r=3.9498 cc_tau_ms=7.00
[ 129.183] M
[ 129.183] [ADC1] STATUS
[ 129.183] alarm(s): 0xD PG
[ 129.183] AL_ALM PGAH_AL
[ 130.138] [STATUS] t_ms=360558 hwm=5 cap=256 dropped=0 dropped_total=3287 crc_err=0 crc_err_total=0 rate1=512 rate2=512 prod1=512 prod2=512 dac_err=0 tx_drop=53078 hb_ms=0 sma_state=6 m7_us=372136025 m4_us=369942038 vdd=5.067 offset=0.5000 aref=3.145 loop_us_avg=33 loop_us_max=4950 loop_hz=30303 cycle_log_ms=1 n_cycle=4 cc=0 cc_hz=0 cc_i_tgt=0.2000 cc_u=0.7829 cc_r=3.9498 cc_tau_ms=7.00
[ 130.138] M
[ 130.138] [ADC1] STATUS al
[ 130.138] arm(s): 0x4D PGA
[ 130.138] L_ALM PGAH_AL
[ 131.154] M
[ 131.154] [
[ 131.154] ADC1] STATUS al
[ 131.154] ALM PGAH_AL
[ 131.217] [STATUS] t_ms=361558 hwm=5 cap=256 dropped=0 dropped_total=3287 crc_err=0 crc_err_total=0 rate1=512 rate2=512 prod1=512 prod2=512 dac_err=0 tx_drop=53078 hb_ms=0 sma_state=6 m7_us=373168329 m4_us=370974326 vdd=5.067 offset=0.5000 aref=3.145 loop_us_avg=33 loop_us_max=4918 loop_hz=30303 cycle_log_ms=1 n_cycle=4 cc=0 cc_hz=0 cc_i_tgt=0.2000 cc_u=0.7829 cc_r=3.9498 cc_tau_ms=7.00
[ 132.167] M
[ 132.167] PGAH_AL
[ 132.230] [STATUS] t_ms=362558 hwm=5 cap=256 dropped=0 dropped_total=3287 crc_err=0 crc_err_total=0 rate1=512 rate2=512 prod1=512 prod2=512 dac_err=0 tx_drop=53078 hb_ms=0 sma_state=6 m7_us=374200583 m4_us=372006598 vdd=5.067 offset=0.5000 aref=3.145 loop_us_avg=34 loop_us_max=4938 loop_hz=29411 cycle_log_ms=1 n_cycle=4 cc=0 cc_hz=0 cc_i_tgt=0.2000 cc_u=0.7829 cc_r=3.9498 cc_tau_ms=7.00
[ 133.182] M
[ 133.245] [STATUS] t_ms=363558 hwm=5 cap=256 dropped=0 dropped_total=3287 crc_err=0 crc_err_total=0 rate1=512 rate2=512 prod1=512 prod2=512 dac_err=0 tx_drop=53078 hb_ms=0 sma_state=6 m7_us=375233053 m4_us=373038902 vdd=5.067 offset=0.5000 aref=3.145 loop_us_avg=33 loop_us_max=4926 loop_hz=30303 cycle_log_ms=1 n_cycle=4 cc=0 cc_hz=0 cc_i_tgt=0.2000 cc_u=0.7829 cc_r=3.9498 cc_tau_ms=7.00
[ 134.195] M
[ 134.195] [
[ 134.195] ADC1] STATUS alarm(
[ 134.258] [STATUS] t_ms=364558 hwm=5 cap=256 dropped=0 dropped_total=3287 crc_err=0 crc_err_total=0 rate1=512 rate2=512 prod1=512 prod2=512 dac_err=0 tx_drop=53078 hb_ms=0 sma_state=6 m7_us=376265198 m4_us=374071199 vdd=5.067 offset=0.5000 aref=3.145 loop_us_avg=33 loop_us_max=5033 loop_hz=30303 cycle_log_ms=1 n_cycle=4 cc=0 cc_hz=0 cc_i_tgt=0.2000 cc_u=0.7829 cc_r=3.9498 cc_tau_ms=7.00
[ 135.212] M
[ 135.212] [
[ 135.212] ADC1] STATUS alarm
[ 135.212] ALM PGAH_AL
[ 135.339] [STATUS] t_ms=365558 hwm=5 cap=256 dropped=0 dropped_total=3287 crc_err=0 crc_err_total=0 rate1=512 rate2=512 prod1=512 prod2=512 dac_err=0 tx_drop=53078 hb_ms=0 sma_state=6 m7_us=377297505 m4_us=375103494 vdd=5.067 offset=0.5000 aref=3.145 loop_us_avg=33 loop_us_max=4930 loop_hz=30303 cycle_log_ms=1 n_cycle=4 cc=0 cc_hz=0 cc_i_tgt=0.2000 cc_u=0.7829 cc_r=3.9498 cc_tau_ms=7.00
[ 136.227] M
[ 136.227] [ADC
[ 136.227] 1] STATUS alarm(s):
[ 136.227] PGAH_AL
[ 136.353] [STATUS] t_ms=366558 hwm=5 cap=256 dropped=0 dropped_total=3287 crc_err=0 crc_err_total=0 rate1=512 rate2=512 prod1=512 prod2=512 dac_err=0 tx_drop=53078 hb_ms=0 sma_state=6 m7_us=378329817 m4_us=376135814 vdd=5.067 offset=0.5000 aref=3.145 loop_us_avg=33 loop_us_max=4934 loop_hz=30303 cycle_log_ms=1 n_cycle=4 cc=0 cc_hz=0 cc_i_tgt=0.2000 cc_u=0.7829 cc_r=3.9498 cc_tau_ms=7.00
[ 137.241] M
[ 137.241] [ADC1] STATU
[ 137.241] S alarm(s): 0xC
[ 137.241] L
[ 137.367] [STATUS] t_ms=367558 hwm=5 cap=256 dropped=0 dropped_total=3287 crc_err=0 crc_err_total=0 rate1=512 rate2=512 prod1=512 prod2=512 dac_err=0 tx_drop=53078 hb_ms=0 sma_state=6 m7_us=379362175 m4_us=377168115 vdd=5.067 offset=0.5000 aref=3.145 loop_us_avg=33 loop_us_max=4931 loop_hz=30303 cycle_log_ms=1 n_cycle=4 cc=0 cc_hz=0 cc_i_tgt=0.2000 cc_u=0.7829 cc_r=3.9498 cc_tau_ms=7.00
[ 138.252] M
[ 138.443] [STATUS] t_ms=368558 hwm=5 cap=256 dropped=0 dropped_total=3287 crc_err=0 crc_err_total=0 rate1=512 rate2=512 prod1=512 prod2=512 dac_err=0 tx_drop=53078 hb_ms=0 sma_state=6 m7_us=380394378 m4_us=378200383 vdd=5.067 offset=0.5000 aref=3.145 loop_us_avg=33 loop_us_max=4983 loop_hz=30303 cycle_log_ms=1 n_cycle=4 cc=0 cc_hz=0 cc_i_tgt=0.2000 cc_u=0.7829 cc_r=3.9498 cc_tau_ms=7.00
[ 139.268] M
[ 139.268] [ADC1
[ 139.456] [STATUS] t_ms=369558 hwm=5 cap=256 dropped=0 dropped_total=3287 crc_err=0 crc_err_total=0 rate1=512 rate2=512 prod1=512 prod2=512 dac_err=0 tx_drop=53078 hb_ms=0 sma_state=6 m7_us=381426635 m4_us=379232652 vdd=5.067 offset=0.5000 aref=3.145 loop_us_avg=34 loop_us_max=4933 loop_hz=29411 cycle_log_ms=1 n_cycle=4 cc=0 cc_hz=0 cc_i_tgt=0.2000 cc_u=0.7829 cc_r=3.9498 cc_tau_ms=7.00
[ 140.219] M
[ 140.219] [ADC1]
[ 140.219] STATUS alarm(s):
[ 140.471] [STATUS] t_ms=370558 hwm=5 cap=256 dropped=0 dropped_total=3287 crc_err=0 crc_err_total=0 rate1=512 rate2=512 prod1=512 prod2=512 dac_err=0 tx_drop=53078 hb_ms=0 sma_state=6 m7_us=382458892 m4_us=380264921 vdd=5.067 offset=0.5000 aref=3.145 loop_us_avg=33 loop_us_max=4922 loop_hz=30303 cycle_log_ms=1 n_cycle=4 cc=0 cc_hz=0 cc_i_tgt=0.2000 cc_u=0.7829 cc_r=3.9498 cc_tau_ms=7.00
[ 141.232] M
[ 141.232] [
[ 141.232] ADC1] STATUS alarm(s
[ 141.232] M PGAH_AL
[ 141.485] [STATUS] t_ms=371558 hwm=5 cap=256 dropped=0 dropped_total=3287 crc_err=0 crc_err_total=0 rate1=512 rate2=512 prod1=512 prod2=512 dac_err=0 tx_drop=53078 hb_ms=0 sma_state=6 m7_us=383491205 m4_us=381297222 vdd=5.067 offset=0.5000 aref=3.145 loop_us_avg=33 loop_us_max=4909 loop_hz=30303 cycle_log_ms=1 n_cycle=4 cc=0 cc_hz=0 cc_i_tgt=0.2000 cc_u=0.7829 cc_r=3.9498 cc_tau_ms=7.00
[ 142.247] M
[ 142.247] [ADC1]
[ 142.247] STATUS alarm(s):
[ 142.247] GAH_AL
[ 142.566] [STATUS] t_ms=372558 hwm=5 cap=256 dropped=0 dropped_total=3287 crc_err=0 crc_err_total=0 rate1=512 rate2=512 prod1=512 prod2=512 dac_err=0 tx_drop=53078 hb_ms=0 sma_state=6 m7_us=384523614 m4_us=382329523 vdd=5.067 offset=0.5000 aref=3.145 loop_us_avg=33 loop_us_max=4909 loop_hz=30303 cycle_log_ms=1 n_cycle=4 cc=0 cc_hz=0 cc_i_tgt=0.2000 cc_u=0.7829 cc_r=3.9498 cc_tau_ms=7.00
[ 143.259] M
[ 143.577] [STATUS] t_ms=373558 hwm=5 cap=256 dropped=0 dropped_total=3287 crc_err=0 crc_err_total=0 rate1=512 rate2=512 prod1=512 prod2=512 dac_err=0 tx_drop=53078 hb_ms=0 sma_state=6 m7_us=385555815 m4_us=383361817 vdd=5.067 offset=0.5000 aref=3.145 loop_us_avg=33 loop_us_max=5015 loop_hz=30303 cycle_log_ms=1 n_cycle=4 cc=0 cc_hz=0 cc_i_tgt=0.2000 cc_u=0.7829 cc_r=3.9498 cc_tau_ms=7.00
[ 144.275] M
[ 144.275] [AD
[ 144.592] [STATUS] t_ms=374558 hwm=5 cap=256 dropped=0 dropped_total=3287 crc_err=0 crc_err_total=0 rate1=512 rate2=512 prod1=512 prod2=512 dac_err=0 tx_drop=53078 hb_ms=0 sma_state=6 m7_us=386588129 m4_us=384394134 vdd=5.067 offset=0.5000 aref=3.145 loop_us_avg=33 loop_us_max=4928 loop_hz=30303 cycle_log_ms=1 n_cycle=4 cc=0 cc_hz=0 cc_i_tgt=0.2000 cc_u=0.7829 cc_r=3.9498 cc_tau_ms=7.00
[ 145.290] M
[ 145.290] [
[ 145.290] ADC1] STATUS alar
[ 145.290] _ALM PGAH_AL
[ 145.671] [STATUS] t_ms=375558 hwm=5 cap=256 dropped=0 dropped_total=3287 crc_err=0 crc_err_total=0 rate1=512 rate2=512 prod1=512 prod2=512 dac_err=0 tx_drop=53078 hb_ms=0 sma_state=6 m7_us=387620386 m4_us=385426406 vdd=5.067 offset=0.5000 aref=3.145 loop_us_avg=33 loop_us_max=4923 loop_hz=30303 cycle_log_ms=1 n_cycle=4 cc=0 cc_hz=0 cc_i_tgt=0.2000 cc_u=0.7829 cc_r=3.9498 cc_tau_ms=7.00
[ 146.303] M
[ 146.303] [ADC1
[ 146.303] ] STATUS alarm(s
[ 146.303] AH_AL
[ 146.686] [STATUS] t_ms=376558 hwm=5 cap=256 dropped=0 dropped_total=3287 crc_err=0 crc_err_total=0 rate1=512 rate2=512 prod1=512 prod2=512 dac_err=0 tx_drop=53078 hb_ms=0 sma_state=6 m7_us=388652644 m4_us=386458662 vdd=5.067 offset=0.5000 aref=3.145 loop_us_avg=34 loop_us_max=4968 loop_hz=29411 cycle_log_ms=1 n_cycle=4 cc=0 cc_hz=0 cc_i_tgt=0.2000 cc_u=0.7829 cc_r=3.9498 cc_tau_ms=7.00
[ 147.318] M
[ 147.318] [ADC1] STATUS
[ 147.318] alarm(s): 0xCD P
[ 147.318] GAL_ALM PGAH_A
[ 147.698] [STATUS] t_ms=377558 hwm=5 cap=256 dropped=0 dropped_total=3287 crc_err=0 crc_err_total=0 rate1=512 rate2=512 prod1=512 prod2=512 dac_err=0 tx_drop=53078 hb_ms=0 sma_state=6 m7_us=389684902 m4_us=387490905 vdd=5.067 offset=0.5000 aref=3.145 loop_us_avg=33 loop_us_max=4975 loop_hz=30303 cycle_log_ms=1 n_cycle=4 cc=0 cc_hz=0 cc_i_tgt=0.2000 cc_u=0.7829 cc_r=3.9498 cc_tau_ms=7.00
[ 148.713] [STATUS] t_ms=378558 hwm=5 cap=256 dropped=0 dropped_total=3287 crc_err=0 crc_err_total=0 rate1=512 rate2=512 prod1=512 prod2=512 dac_err=0 tx_drop=53078 hb_ms=0 sma_state=6 m7_us=390717107 m4_us=388523116 vdd=5.067 offset=0.5000 aref=3.145 loop_us_avg=33 loop_us_max=5031 loop_hz=30303 cycle_log_ms=1 n_cycle=4 cc=0 cc_hz=0 cc_i_tgt=0.2000 cc_u=0.7829 cc_r=3.9498 cc_tau_ms=7.00
[ 149.795] [STATUS] t_ms=379558 hwm=5 cap=256 dropped=0 dropped_total=3287 crc_err=0 crc_err_total=0 rate1=512 rate2=512 prod1=512 prod2=512 dac_err=0 tx_drop=53078 hb_ms=0 sma_state=6 m7_us=391749363 m4_us=389555363 vdd=5.067 offset=0.5000 aref=3.145 loop_us_avg=33 loop_us_max=4925 loop_hz=30303 cycle_log_ms=1 n_cycle=4 cc=0 cc_hz=0 cc_i_tgt=0.2000 cc_u=0.7829 cc_r=3.9498 cc_tau_ms=7.00
[ 150.301] [ADC1] S
[ 150.301] TATUS alarm(s): 0
[ 150.809] [STATUS] t_ms=380558 hwm=5 cap=256 dropped=0 dropped_total=3287 crc_err=0 crc_err_total=0 rate1=512 rate2=512 prod1=512 prod2=512 dac_err=0 tx_drop=53078 hb_ms=0 sma_state=6 m7_us=392781674 m4_us=390587580 vdd=5.067 offset=0.5000 aref=3.145 loop_us_avg=33 loop_us_max=4937 loop_hz=30303 cycle_log_ms=1 n_cycle=4 cc=0 cc_hz=0 cc_i_tgt=0.2000 cc_u=0.7829 cc_r=3.9498 cc_tau_ms=7.00
[ 151.318] [ADC1] STATUS al
[ 151.318] _ALM PGAH_A
[ 151.824] [STATUS] t_ms=381558 hwm=5 cap=256 dropped=0 dropped_total=3287 crc_err=0 crc_err_total=0 rate1=512 rate2=512 prod1=512 prod2=512 dac_err=0 tx_drop=53078 hb_ms=0 sma_state=6 m7_us=393813824 m4_us=391619820 vdd=5.067 offset=0.5000 aref=3.145 loop_us_avg=33 loop_us_max=5063 loop_hz=30303 cycle_log_ms=1 n_cycle=4 cc=0 cc_hz=0 cc_i_tgt=0.2000 cc_u=0.7829 cc_r=3.9498 cc_tau_ms=7.00
[ 152.331] [ADC1] STATUS al
[ 152.331] arm(s): 0x4D PG
[ 152.331] AL_ALM PGAH_
[ 152.840] [STATUS] t_ms=382558 hwm=5 cap=256 dropped=0 dropped_total=3287 crc_err=0 crc_err_total=0 rate1=512 rate2=512 prod1=512 prod2=512 dac_err=0 tx_drop=53078 hb_ms=0 sma_state=6 m7_us=394845992 m4_us=392652028 vdd=5.067 offset=0.5000 aref=3.145 loop_us_avg=33 loop_us_max=4980 loop_hz=30303 cycle_log_ms=1 n_cycle=4 cc=0 cc_hz=0 cc_i_tgt=0.2000 cc_u=0.7829 cc_r=3.9498 cc_tau_ms=7.00
[ 153.346] ALM
[ 153.916] [STATUS] t_ms=383558 hwm=4 cap=256 dropped=0 dropped_total=3287 crc_err=0 crc_err_total=0 rate1=512 rate2=512 prod1=512 prod2=512 dac_err=0 tx_drop=53078 hb_ms=0 sma_state=6 m7_us=395878243 m4_us=393684246 vdd=5.067 offset=0.5000 aref=3.145 loop_us_avg=33 loop_us_max=4894 loop_hz=30303 cycle_log_ms=1 n_cycle=4 cc=0 cc_hz=0 cc_i_tgt=0.2000 cc_u=0.7829 cc_r=3.9498 cc_tau_ms=7.00
[ 154.360] ALM
[ 154.931] [STATUS] t_ms=384558 hwm=5 cap=256 dropped=0 dropped_total=3287 crc_err=0 crc_err_total=0 rate1=512 rate2=512 prod1=512 prod2=512 dac_err=0 tx_drop=53078 hb_ms=0 sma_state=6 m7_us=396910457 m4_us=394716470 vdd=5.067 offset=0.5000 aref=3.145 loop_us_avg=33 loop_us_max=4936 loop_hz=30303 cycle_log_ms=1 n_cycle=4 cc=0 cc_hz=0 cc_i_tgt=0.2000 cc_u=0.7829 cc_r=3.9498 cc_tau_ms=7.00
[ 155.375] ALM
[ 155.375] [AD
[ 155.375] C1] STATUS alarm
[ 155.945] [STATUS] t_ms=385558 hwm=5 cap=256 dropped=0 dropped_total=3287 crc_err=0 crc_err_total=0 rate1=512 rate2=512 prod1=512 prod2=512 dac_err=0 tx_drop=53078 hb_ms=0 sma_state=6 m7_us=397942712 m4_us=395748694 vdd=5.067 offset=0.5000 aref=3.145 loop_us_avg=33 loop_us_max=4910 loop_hz=30303 cycle_log_ms=1 n_cycle=4 cc=0 cc_hz=0 cc_i_tgt=0.2000 cc_u=0.7829 cc_r=3.9498 cc_tau_ms=7.00
[ 156.009] [SMA] [ACT] heat n=6/6 I=200.0mA ms=200
[ 156.199] [SMA] [ACT] cool n=6/6 I=0.0mA ms=30000
[ 156.390] ALM
[ 156.390] [ADC1] STATUS a
[ 157.024] [STATUS] t_ms=386558 hwm=5 cap=256 dropped=0 dropped_total=3287 crc_err=0 crc_err_total=0 rate1=512 rate2=512 prod1=512 prod2=512 dac_err=0 tx_drop=53078 hb_ms=0 sma_state=6 m7_us=398974915 m4_us=396780918 vdd=5.067 offset=0.5000 aref=3.145 loop_us_avg=39 loop_us_max=4937 loop_hz=25641 cycle_log_ms=1 n_cycle=4 cc=0 cc_hz=205 cc_i_tgt=0.2000 cc_u=0.7919 cc_r=3.9342 cc_tau_ms=7.00
[ 157.405] ALM
[ 157.405] [ADC1]
[ 157.405] STATUS alarm(s): 0
[ 158.039] [STATUS] t_ms=387558 hwm=5 cap=256 dropped=0 dropped_total=3287 crc_err=0 crc_err_total=0 rate1=512 rate2=512 prod1=512 prod2=512 dac_err=0 tx_drop=53078 hb_ms=0 sma_state=6 m7_us=400007175 m4_us=397813158 vdd=5.067 offset=0.5000 aref=3.145 loop_us_avg=33 loop_us_max=5002 loop_hz=30303 cycle_log_ms=1 n_cycle=4 cc=0 cc_hz=0 cc_i_tgt=0.2000 cc_u=0.7919 cc_r=3.9342 cc_tau_ms=7.00
[ 158.419] ALM
[ 159.051] [STATUS] t_ms=388558 hwm=5 cap=256 dropped=0 dropped_total=3287 crc_err=0 crc_err_total=0 rate1=512 rate2=512 prod1=512 prod2=512 dac_err=0 tx_drop=53078 hb_ms=0 sma_state=6 m7_us=401039386 m4_us=398845385 vdd=5.067 offset=0.5000 aref=3.145 loop_us_avg=33 loop_us_max=4958 loop_hz=30303 cycle_log_ms=1 n_cycle=4 cc=0 cc_hz=0 cc_i_tgt=0.2000 cc_u=0.7919 cc_r=3.9342 cc_tau_ms=7.00
[ 159.369] ALM
[ 160.067] [STATUS] t_ms=389558 hwm=5 cap=256 dropped=0 dropped_total=3287 crc_err=0 crc_err_total=0 rate1=512 rate2=512 prod1=512 prod2=512 dac_err=0 tx_drop=53078 hb_ms=0 sma_state=6 m7_us=402071636 m4_us=399877663 vdd=5.067 offset=0.5000 aref=3.145 loop_us_avg=33 loop_us_max=4934 loop_hz=30303 cycle_log_ms=1 n_cycle=4 cc=0 cc_hz=0 cc_i_tgt=0.2000 cc_u=0.7919 cc_r=3.9342 cc_tau_ms=7.00
[ 160.385] ALM
[ 160.385] [
[ 160.385] ADC1] STATUS ala
[ 161.144] [STATUS] t_ms=390558 hwm=5 cap=256 dropped=0 dropped_total=3287 crc_err=0 crc_err_total=0 rate1=512 rate2=512 prod1=512 prod2=512 dac_err=0 tx_drop=53078 hb_ms=0 sma_state=6 m7_us=403103944 m4_us=400909958 vdd=5.067 offset=0.5000 aref=3.145 loop_us_avg=33 loop_us_max=4910 loop_hz=30303 cycle_log_ms=1 n_cycle=4 cc=0 cc_hz=0 cc_i_tgt=0.2000 cc_u=0.7919 cc_r=3.9342 cc_tau_ms=7.00
[ 161.399] ALM
[ 161.399] [ADC1
[ 161.399] ] STATUS alarm(
[ 161.399] M PGAH_
[ 162.162] [STATUS] t_ms=391558 hwm=5 cap=256 dropped=0 dropped_total=3287 crc_err=0 crc_err_total=0 rate1=512 rate2=512 prod1=512 prod2=512 dac_err=0 tx_drop=53078 hb_ms=0 sma_state=6 m7_us=404136259 m4_us=401942252 vdd=5.067 offset=0.5000 aref=3.145 loop_us_avg=33 loop_us_max=4912 loop_hz=30303 cycle_log_ms=1 n_cycle=4 cc=0 cc_hz=0 cc_i_tgt=0.2000 cc_u=0.7919 cc_r=3.9342 cc_tau_ms=7.00
[ 162.414] ALM
[ 162.414] [ADC1] STATUS al
[ 162.414] ALM PGAH_
[ 163.173] [STATUS] t_ms=392558 hwm=5 cap=256 dropped=0 dropped_total=3287 crc_err=0 crc_err_total=0 rate1=512 rate2=512 prod1=512 prod2=512 dac_err=0 tx_drop=53078 hb_ms=0 sma_state=6 m7_us=405168516 m4_us=402974531 vdd=5.067 offset=0.5000 aref=3.145 loop_us_avg=33 loop_us_max=4938 loop_hz=30303 cycle_log_ms=1 n_cycle=4 cc=0 cc_hz=0 cc_i_tgt=0.2000 cc_u=0.7919 cc_r=3.9342 cc_tau_ms=7.00
[ 163.429] ALM
[ 163.429] [ADC1] STATUS alarm(s): 0
[ 163.429] H_
[ 164.251] [STATUS] t_ms=393558 hwm=5 cap=256 dropped=0 dropped_total=3287 crc_err=0 crc_err_total=0 rate1=512 rate2=512 prod1=512 prod2=512 dac_err=0 tx_drop=53078 hb_ms=0 sma_state=6 m7_us=406200774 m4_us=404006796 vdd=5.067 offset=0.5000 aref=3.145 loop_us_avg=33 loop_us_max=4918 loop_hz=30303 cycle_log_ms=1 n_cycle=4 cc=0 cc_hz=0 cc_i_tgt=0.2000 cc_u=0.7919 cc_r=3.9342 cc_tau_ms=7.00
[ 164.443] ALM
[ 165.267] [STATUS] t_ms=394558 hwm=4 cap=256 dropped=0 dropped_total=3287 crc_err=0 crc_err_total=0 rate1=512 rate2=512 prod1=512 prod2=512 dac_err=0 tx_drop=53078 hb_ms=0 sma_state=6 m7_us=407233076 m4_us=405039107 vdd=5.067 offset=0.5000 aref=3.145 loop_us_avg=33 loop_us_max=4904 loop_hz=30303 cycle_log_ms=1 n_cycle=4 cc=0 cc_hz=0 cc_i_tgt=0.2000 cc_u=0.7919 cc_r=3.9342 cc_tau_ms=7.00
[ 165.458] ALM
[ 165.458] [ADC1] STATUS al
[ 166.282] [STATUS] t_ms=395558 hwm=5 cap=256 dropped=0 dropped_total=3287 crc_err=0 crc_err_total=0 rate1=512 rate2=512 prod1=512 prod2=512 dac_err=0 tx_drop=53078 hb_ms=0 sma_state=6 m7_us=408265384 m4_us=406071395 vdd=5.067 offset=0.5000 aref=3.145 loop_us_avg=33 loop_us_max=4908 loop_hz=30303 cycle_log_ms=1 n_cycle=4 cc=0 cc_hz=0 cc_i_tgt=0.2000 cc_u=0.7919 cc_r=3.9342 cc_tau_ms=7.00
[ 166.470] ALM
[ 166.470] [ADC1] ST
[ 166.470] ATUS alarm(s): 0x
[ 166.470] H_
[ 167.342] [STATUS] t_ms=396558 hwm=18 cap=256 dropped=0 dropped_total=3287 crc_err=0 crc_err_total=0 rate1=512 rate2=512 prod1=512 prod2=512 dac_err=0 tx_drop=53078 hb_ms=0 sma_state=6 m7_us=409297650 m4_us=407103676 vdd=5.067 offset=0.5000 aref=3.145 loop_us_avg=34 loop_us_max=18265 loop_hz=29411 cycle_log_ms=1 n_cycle=4 cc=0 cc_hz=0 cc_i_tgt=0.2000 cc_u=0.7919 cc_r=3.9342 cc_tau_ms=7.00
[ 167.469] ALM
[ 167.469] [ADC1]
[ 167.469] STATUS alarm(s)
[ 167.469] PGA
[ 168.356] [STATUS] t_ms=397558 hwm=4 cap=256 dropped=0 dropped_total=3287 crc_err=0 crc_err_total=0 rate1=512 rate2=512 prod1=512 prod2=512 dac_err=0 tx_drop=53078 hb_ms=0 sma_state=6 m7_us=410329946 m4_us=408135961 vdd=5.067 offset=0.5000 aref=3.145 loop_us_avg=33 loop_us_max=4888 loop_hz=30303 cycle_log_ms=1 n_cycle=4 cc=0 cc_hz=0 cc_i_tgt=0.2000 cc_u=0.7919 cc_r=3.9342 cc_tau_ms=7.00
[ 168.483] H_ALM
[ 168.483] [ADC1] STATUS alarm(s): 0x4D PGA
[ 168.483] L_ALM PGA
[ 169.373] [STATUS] t_ms=398558 hwm=5 cap=256 dropped=0 dropped_total=3287 crc_err=0 crc_err_total=0 rate1=512 rate2=512 prod1=512 prod2=512 dac_err=0 tx_drop=53078 hb_ms=0 sma_state=6 m7_us=411362208 m4_us=409168217 vdd=5.067 offset=0.5000 aref=3.145 loop_us_avg=33 loop_us_max=4966 loop_hz=30303 cycle_log_ms=1 n_cycle=4 cc=0 cc_hz=0 cc_i_tgt=0.2000 cc_u=0.7919 cc_r=3.9342 cc_tau_ms=7.00
[ 169.500] H_ALM
[ 170.387] [STATUS] t_ms=399558 hwm=5 cap=256 dropped=0 dropped_total=3287 crc_err=0 crc_err_total=0 rate1=512 rate2=512 prod1=512 prod2=512 dac_err=0 tx_drop=53078 hb_ms=0 sma_state=6 m7_us=412394464 m4_us=410200476 vdd=5.067 offset=0.5000 aref=3.145 loop_us_avg=33 loop_us_max=4915 loop_hz=30303 cycle_log_ms=1 n_cycle=4 cc=0 cc_hz=0 cc_i_tgt=0.2000 cc_u=0.7919 cc_r=3.9342 cc_tau_ms=7.00
[ 170.514] H_ALM
[ 171.466] [STATUS] t_ms=400558 hwm=5 cap=256 dropped=0 dropped_total=3287 crc_err=0 crc_err_total=0 rate1=512 rate2=512 prod1=512 prod2=512 dac_err=0 tx_drop=53078 hb_ms=0 sma_state=6 m7_us=413426719 m4_us=411232732 vdd=5.067 offset=0.5000 aref=3.145 loop_us_avg=33 loop_us_max=4924 loop_hz=30303 cycle_log_ms=1 n_cycle=4 cc=0 cc_hz=0 cc_i_tgt=0.2000 cc_u=0.7919 cc_r=3.9342 cc_tau_ms=7.00
[ 171.466] H_
[ 171.466] ALM
[ 171.466] [ADC1] STAT
[ 171.466] US alarm(s): 0xCD
[ 172.481] [STATUS] t_ms=401558 hwm=5 cap=256 dropped=0 dropped_total=3287 crc_err=0 crc_err_total=0 rate1=512 rate2=512 prod1=512 prod2=512 dac_err=0 tx_drop=53078 hb_ms=0 sma_state=6 m7_us=414458977 m4_us=412264998 vdd=5.067 offset=0.5000 aref=3.145 loop_us_avg=33 loop_us_max=4918 loop_hz=30303 cycle_log_ms=1 n_cycle=4 cc=0 cc_hz=0 cc_i_tgt=0.2000 cc_u=0.7919 cc_r=3.9342 cc_tau_ms=7.00
[ 172.481] H_AL
[ 172.481] M
[ 172.481] [ADC1] STATU
[ 172.481] S alarm(s): 0xCD
[ 173.495] [STATUS] t_ms=402558 hwm=5 cap=256 dropped=0 dropped_total=3287 crc_err=0 crc_err_total=0 rate1=512 rate2=512 prod1=512 prod2=512 dac_err=0 tx_drop=53078 hb_ms=0 sma_state=6 m7_us=415491239 m4_us=413297273 vdd=5.067 offset=0.5000 aref=3.145 loop_us_avg=33 loop_us_max=4950 loop_hz=30303 cycle_log_ms=1 n_cycle=4 cc=0 cc_hz=0 cc_i_tgt=0.2000 cc_u=0.7919 cc_r=3.9342 cc_tau_ms=7.00
[ 173.495] H_ALM
[ 173.495] [ADC1] STATUS alar
[ 173.495] _ALM PGA
[ 174.509] H_ALM
[ 174.509] [ADC1] STATUS
[ 174.509] alarm(s): 0xD P
[ 174.509] GAL_ALM PGA
[ 174.572] [STATUS] t_ms=403558 hwm=5 cap=256 dropped=0 dropped_total=3287 crc_err=0 crc_err_total=0 rate1=512 rate2=512 prod1=512 prod2=512 dac_err=0 tx_drop=53078 hb_ms=0 sma_state=6 m7_us=416523547 m4_us=414329555 vdd=5.067 offset=0.5000 aref=3.145 loop_us_avg=33 loop_us_max=4914 loop_hz=30303 cycle_log_ms=1 n_cycle=4 cc=0 cc_hz=0 cc_i_tgt=0.2000 cc_u=0.7919 cc_r=3.9342 cc_tau_ms=7.00
[ 175.524] H_ALM
[ 175.524] A
[ 175.589] [STATUS] t_ms=404558 hwm=5 cap=256 dropped=0 dropped_total=3287 crc_err=0 crc_err_total=0 rate1=512 rate2=512 prod1=512 prod2=512 dac_err=0 tx_drop=53078 hb_ms=0 sma_state=6 m7_us=417555858 m4_us=415361868 vdd=5.067 offset=0.5000 aref=3.145 loop_us_avg=33 loop_us_max=4969 loop_hz=30303 cycle_log_ms=1 n_cycle=4 cc=0 cc_hz=0 cc_i_tgt=0.2000 cc_u=0.7919 cc_r=3.9342 cc_tau_ms=7.00
[ 176.543] H_ALM
[ 176.607] [STATUS] t_ms=405558 hwm=5 cap=256 dropped=0 dropped_total=3287 crc_err=0 crc_err_total=0 rate1=512 rate2=512 prod1=512 prod2=512 dac_err=0 tx_drop=53078 hb_ms=0 sma_state=6 m7_us=418588158 m4_us=416394166 vdd=5.067 offset=0.5000 aref=3.145 loop_us_avg=33 loop_us_max=4913 loop_hz=30303 cycle_log_ms=1 n_cycle=4 cc=0 cc_hz=0 cc_i_tgt=0.2000 cc_u=0.7919 cc_r=3.9342 cc_tau_ms=7.00
[ 177.561] H_A
[ 177.561] [ADC1] STATU
[ 177.561] S alarm(s): 0x4D
[ 177.625] [STATUS] t_ms=406558 hwm=5 cap=256 dropped=0 dropped_total=3287 crc_err=0 crc_err_total=0 rate1=512 rate2=512 prod1=512 prod2=512 dac_err=0 tx_drop=53078 hb_ms=0 sma_state=6 m7_us=419620419 m4_us=417426428 vdd=5.067 offset=0.5000 aref=3.145 loop_us_avg=33 loop_us_max=4988 loop_hz=30303 cycle_log_ms=1 n_cycle=4 cc=0 cc_hz=0 cc_i_tgt=0.2000 cc_u=0.7919 cc_r=3.9342 cc_tau_ms=7.00
[ 178.574] H_ALM
[ 178.574] [ADC1
[ 178.574] ] STATUS alarm(s
[ 178.574] GA
[ 178.700] [STATUS] t_ms=407558 hwm=5 cap=256 dropped=0 dropped_total=3287 crc_err=0 crc_err_total=0 rate1=512 rate2=512 prod1=512 prod2=512 dac_err=0 tx_drop=53078 hb_ms=0 sma_state=6 m7_us=420652677 m4_us=418458691 vdd=5.067 offset=0.5000 aref=3.145 loop_us_avg=33 loop_us_max=4947 loop_hz=30303 cycle_log_ms=1 n_cycle=4 cc=0 cc_hz=0 cc_i_tgt=0.2000 cc_u=0.7919 cc_r=3.9342 cc_tau_ms=7.00
[ 179.590] H_
[ 179.590] ALM
[ 179.590] [ADC1] STAT
[ 179.590] US alarm(s): 0x4
[ 179.715] [STATUS] t_ms=408558 hwm=5 cap=256 dropped=0 dropped_total=3287 crc_err=0 crc_err_total=0 rate1=512 rate2=512 prod1=512 prod2=512 dac_err=0 tx_drop=53078 hb_ms=0 sma_state=6 m7_us=421684931 m4_us=419490953 vdd=5.067 offset=0.5000 aref=3.145 loop_us_avg=33 loop_us_max=4973 loop_hz=30303 cycle_log_ms=1 n_cycle=4 cc=0 cc_hz=0 cc_i_tgt=0.2000 cc_u=0.7919 cc_r=3.9342 cc_tau_ms=7.00
[ 180.541] H_ALM
[ 180.541] GA
[ 180.730] [STATUS] t_ms=409558 hwm=5 cap=256 dropped=0 dropped_total=3287 crc_err=0 crc_err_total=0 rate1=512 rate2=512 prod1=512 prod2=512 dac_err=0 tx_drop=53078 hb_ms=0 sma_state=6 m7_us=422717194 m4_us=420523225 vdd=5.067 offset=0.5000 aref=3.145 loop_us_avg=33 loop_us_max=4928 loop_hz=30303 cycle_log_ms=1 n_cycle=4 cc=0 cc_hz=0 cc_i_tgt=0.2000 cc_u=0.7919 cc_r=3.9342 cc_tau_ms=7.00
[ 181.556] H_ALM
[ 181.745] [STATUS] t_ms=410558 hwm=5 cap=256 dropped=0 dropped_total=3287 crc_err=0 crc_err_total=0 rate1=512 rate2=512 prod1=512 prod2=512 dac_err=0 tx_drop=53078 hb_ms=0 sma_state=6 m7_us=423749533 m4_us=421555468 vdd=5.067 offset=0.5000 aref=3.145 loop_us_avg=33 loop_us_max=4910 loop_hz=30303 cycle_log_ms=1 n_cycle=4 cc=0 cc_hz=0 cc_i_tgt=0.2000 cc_u=0.7919 cc_r=3.9342 cc_tau_ms=7.00
[ 182.566] H_ALM
[ 182.566] [ADC1] STATUS alar
[ 182.821] [STATUS] t_ms=411558 hwm=5 cap=256 dropped=0 dropped_total=3287 crc_err=0 crc_err_total=0 rate1=512 rate2=512 prod1=512 prod2=512 dac_err=0 tx_drop=53078 hb_ms=0 sma_state=6 m7_us=424781704 m4_us=422587731 vdd=5.067 offset=0.5000 aref=3.145 loop_us_avg=33 loop_us_max=4959 loop_hz=30303 cycle_log_ms=1 n_cycle=4 cc=0 cc_hz=0 cc_i_tgt=0.2000 cc_u=0.7919 cc_r=3.9342 cc_tau_ms=7.00
[ 183.581] H_ALM
[ 183.581] [A
[ 183.581] DC1] STATUS alarm
[ 183.581] _ALM PGA
[ 183.836] [STATUS] t_ms=412558 hwm=5 cap=256 dropped=0 dropped_total=3287 crc_err=0 crc_err_total=0 rate1=512 rate2=512 prod1=512 prod2=512 dac_err=0 tx_drop=53078 hb_ms=0 sma_state=6 m7_us=425813961 m4_us=423619993 vdd=5.067 offset=0.5000 aref=3.145 loop_us_avg=34 loop_us_max=4906 loop_hz=29411 cycle_log_ms=1 n_cycle=4 cc=0 cc_hz=0 cc_i_tgt=0.2000 cc_u=0.7919 cc_r=3.9342 cc_tau_ms=7.00
