[   0.057] [SMA] ARMED (MOSFET on); idle=0.500 V
[   0.057] LM PGAH_ALM
[   0.057] [STATUS] t_ms=640003 hwm=256 cap=256 dropped=77 dropped_total=8734 crc_err=0 crc_err_total=0 rate1=379 rate2=379 prod1=474 prod2=474 dac_err=0 tx_drop=53078 hb_ms=0 sma_state=0 m7_us=660602124 m4_us=658134619 vdd=5.067 offset=0.5000 aref=3.145 loop_us_avg=31 loop_us_max=336552 loop_hz=32258 cycle_log_ms=1 n_cycle=4 cc=0 cc_hz=0 cc_i_tgt=0.2000 cc_u=0.7873 cc_r=3.9302 cc_tau_ms=7.00
[   0.881] PGAH_ALM
[   0.881] [ADC1]
[   0.881] STATUS alarm(s
[   1.070] [STATUS] t_ms=641003 hwm=199 cap=256 dropped=0 dropped_total=8734 crc_err=0 crc_err_total=0 rate1=608 rate2=605 prod1=512 prod2=511 dac_err=0 tx_drop=53078 hb_ms=0 sma_state=0 m7_us=661633778 m4_us=659439118 vdd=5.067 offset=0.5000 aref=3.145 loop_us_avg=22 loop_us_max=7918 loop_hz=45454 cycle_log_ms=1 n_cycle=4 cc=0 cc_hz=0 cc_i_tgt=0.2000 cc_u=0.7873 cc_r=3.9302 cc_tau_ms=7.00
[   1.896] LM PGA
[   1.896] H_ALM
[   1.896] [ADC1] ST
[   1.896] ATUS alarm(s): 0x
[   0.063] [SMA] [CC] start i_high=200.0mA i_low=0.0mA t_high=400 t_idle=30000 n=6 (0=cont) tau_ms=7.0 wdt_ms=5000
[   0.063] [STATUS] t_ms=642003 hwm=5 cap=256 dropped=0 dropped_total=8734 crc_err=0 crc_err_total=0 rate1=512 rate2=513 prod1=512 prod2=513 dac_err=0 tx_drop=53078 hb_ms=0 sma_state=7 m7_us=662666435 m4_us=660472479 vdd=5.067 offset=0.5000 aref=3.145 loop_us_avg=22 loop_us_max=4617 loop_hz=45454 cycle_log_ms=1 n_cycle=4 cc=0 cc_hz=0 cc_i_tgt=0.2000 cc_u=0.0000 cc_r=0.0000 cc_tau_ms=7.00
[   0.126] [SMA] [CC] seed R=4.151 ohm  I=120.5 mA  u=0.500 V  n=99
[   0.126] [SMA] [ACT] heat n=1/6 I=200.0mA ms=400
[   0.571] [SMA] [ACT] cool n=1/6 I=0.0mA ms=30000
[   0.887] LM PGAH_ALM
[   1.140] [STATUS] t_ms=643003 hwm=4 cap=256 dropped=0 dropped_total=8734 crc_err=0 crc_err_total=0 rate1=512 rate2=511 prod1=512 prod2=512 dac_err=0 tx_drop=53078 hb_ms=0 sma_state=6 m7_us=663698644 m4_us=661503768 vdd=5.067 offset=0.5000 aref=3.145 loop_us_avg=45 loop_us_max=4915 loop_hz=22222 cycle_log_ms=1 n_cycle=4 cc=0 cc_hz=411 cc_i_tgt=0.2000 cc_u=0.7652 cc_r=3.8928 cc_tau_ms=7.00
[   1.901] PGAH_ALM
[   1.901] [ADC1]
[   2.154] [STATUS] t_ms=644003 hwm=5 cap=256 dropped=0 dropped_total=8734 crc_err=0 crc_err_total=0 rate1=512 rate2=513 prod1=512 prod2=512 dac_err=0 tx_drop=53078 hb_ms=0 sma_state=6 m7_us=664731003 m4_us=662537065 vdd=5.067 offset=0.5000 aref=3.145 loop_us_avg=33 loop_us_max=4960 loop_hz=30303 cycle_log_ms=1 n_cycle=4 cc=0 cc_hz=0 cc_i_tgt=0.2000 cc_u=0.7652 cc_r=3.8928 cc_tau_ms=7.00
[   2.915] LM PGAH_ALM
[   3.169] [STATUS] t_ms=645003 hwm=4 cap=256 dropped=0 dropped_total=8734 crc_err=0 crc_err_total=0 rate1=512 rate2=512 prod1=512 prod2=512 dac_err=0 tx_drop=53078 hb_ms=0 sma_state=6 m7_us=665763318 m4_us=663569363 vdd=5.067 offset=0.5000 aref=3.145 loop_us_avg=33 loop_us_max=5021 loop_hz=30303 cycle_log_ms=1 n_cycle=4 cc=0 cc_hz=0 cc_i_tgt=0.2000 cc_u=0.7652 cc_r=3.8928 cc_tau_ms=7.00
[   3.930] LM PGAH_ALM
[   3.930] [ADC1] STATUS ala
[   3.930] _A
[   4.183] [STATUS] t_ms=646003 hwm=5 cap=256 dropped=0 dropped_total=8734 crc_err=0 crc_err_total=0 rate1=512 rate2=511 prod1=512 prod2=511 dac_err=0 tx_drop=53078 hb_ms=0 sma_state=6 m7_us=666795513 m4_us=664600648 vdd=5.067 offset=0.5000 aref=3.145 loop_us_avg=33 loop_us_max=5082 loop_hz=30303 cycle_log_ms=1 n_cycle=4 cc=0 cc_hz=0 cc_i_tgt=0.2000 cc_u=0.7652 cc_r=3.8928 cc_tau_ms=7.00
[   4.943] LM PGAH_ALM
[   4.943] _A
[   5.261] [STATUS] t_ms=647003 hwm=5 cap=256 dropped=0 dropped_total=8734 crc_err=0 crc_err_total=0 rate1=512 rate2=513 prod1=512 prod2=513 dac_err=0 tx_drop=53078 hb_ms=0 sma_state=6 m7_us=667827876 m4_us=665633945 vdd=5.067 offset=0.5000 aref=3.145 loop_us_avg=33 loop_us_max=4952 loop_hz=30303 cycle_log_ms=1 n_cycle=4 cc=0 cc_hz=0 cc_i_tgt=0.2000 cc_u=0.7652 cc_r=3.8928 cc_tau_ms=7.00
[   5.958] LM PGAH_ALM
[   6.277] [STATUS] t_ms=648003 hwm=4 cap=256 dropped=0 dropped_total=8734 crc_err=0 crc_err_total=0 rate1=512 rate2=512 prod1=512 prod2=512 dac_err=0 tx_drop=53078 hb_ms=0 sma_state=6 m7_us=668860188 m4_us=666666259 vdd=5.067 offset=0.5000 aref=3.145 loop_us_avg=33 loop_us_max=5021 loop_hz=30303 cycle_log_ms=1 n_cycle=4 cc=0 cc_hz=0 cc_i_tgt=0.2000 cc_u=0.7652 cc_r=3.8928 cc_tau_ms=7.00
[   6.972] LM PGAH
[   6.972] _ALM
[   6.972] [ADC1] STAT
[   7.291] [STATUS] t_ms=649003 hwm=4 cap=256 dropped=0 dropped_total=8734 crc_err=0 crc_err_total=0 rate1=512 rate2=511 prod1=512 prod2=511 dac_err=0 tx_drop=53078 hb_ms=0 sma_state=6 m7_us=669892439 m4_us=667697509 vdd=5.067 offset=0.5000 aref=3.145 loop_us_avg=33 loop_us_max=5011 loop_hz=30303 cycle_log_ms=1 n_cycle=4 cc=0 cc_hz=0 cc_i_tgt=0.2000 cc_u=0.7652 cc_r=3.8928 cc_tau_ms=7.00
[   7.927] PGAH_ALM
[   7.927] [ADC1
[   7.927] ] STATUS alarm(s
[   8.370] [STATUS] t_ms=650003 hwm=5 cap=256 dropped=0 dropped_total=8734 crc_err=0 crc_err_total=0 rate1=512 rate2=512 prod1=512 prod2=513 dac_err=0 tx_drop=53078 hb_ms=0 sma_state=6 m7_us=670924651 m4_us=668729755 vdd=5.067 offset=0.5000 aref=3.145 loop_us_avg=34 loop_us_max=5008 loop_hz=29411 cycle_log_ms=1 n_cycle=4 cc=0 cc_hz=0 cc_i_tgt=0.2000 cc_u=0.7652 cc_r=3.8928 cc_tau_ms=7.00
[   8.940] LM PGAH_ALM
[   9.384] [STATUS] t_ms=651003 hwm=6 cap=256 dropped=0 dropped_total=8734 crc_err=0 crc_err_total=0 rate1=512 rate2=513 prod1=512 prod2=512 dac_err=0 tx_drop=53078 hb_ms=0 sma_state=6 m7_us=671956951 m4_us=669763027 vdd=5.067 offset=0.5000 aref=3.145 loop_us_avg=33 loop_us_max=5264 loop_hz=30303 cycle_log_ms=1 n_cycle=4 cc=0 cc_hz=0 cc_i_tgt=0.2000 cc_u=0.7652 cc_r=3.8928 cc_tau_ms=7.00
[   9.954] LM PGAH_ALM
[  10.398] [STATUS] t_ms=652003 hwm=4 cap=256 dropped=0 dropped_total=8734 crc_err=0 crc_err_total=0 rate1=512 rate2=512 prod1=512 prod2=512 dac_err=0 tx_drop=53078 hb_ms=0 sma_state=6 m7_us=672989167 m4_us=670795263 vdd=5.067 offset=0.5000 aref=3.145 loop_us_avg=33 loop_us_max=4999 loop_hz=30303 cycle_log_ms=1 n_cycle=4 cc=0 cc_hz=0 cc_i_tgt=0.2000 cc_u=0.7652 cc_r=3.8928 cc_tau_ms=7.00
[  10.970] LM PGAH
[  10.970] _ALM
[  11.414] [STATUS] t_ms=653003 hwm=4 cap=256 dropped=0 dropped_total=8734 crc_err=0 crc_err_total=0 rate1=512 rate2=511 prod1=512 prod2=511 dac_err=0 tx_drop=53078 hb_ms=0 sma_state=6 m7_us=674021367 m4_us=671826472 vdd=5.067 offset=0.5000 aref=3.145 loop_us_avg=33 loop_us_max=4976 loop_hz=30303 cycle_log_ms=1 n_cycle=4 cc=0 cc_hz=0 cc_i_tgt=0.2000 cc_u=0.7652 cc_r=3.8928 cc_tau_ms=7.00
[  11.985] LM PGA
[  11.985] H_ALM
[  11.985] [ADC1] STA
[  12.492] [STATUS] t_ms=654003 hwm=5 cap=256 dropped=0 dropped_total=8734 crc_err=0 crc_err_total=0 rate1=512 rate2=513 prod1=512 prod2=513 dac_err=0 tx_drop=53078 hb_ms=0 sma_state=6 m7_us=675053722 m4_us=672859798 vdd=5.067 offset=0.5000 aref=3.145 loop_us_avg=33 loop_us_max=4964 loop_hz=30303 cycle_log_ms=1 n_cycle=4 cc=0 cc_hz=0 cc_i_tgt=0.2000 cc_u=0.7652 cc_r=3.8928 cc_tau_ms=7.00
[  13.001] LM PG
[  13.001] AH_ALM
[  13.001] [ADC1] S
[  13.001] TATUS alarm(s):
[  13.506] [STATUS] t_ms=655003 hwm=4 cap=256 dropped=0 dropped_total=8734 crc_err=0 crc_err_total=0 rate1=512 rate2=511 prod1=512 prod2=511 dac_err=0 tx_drop=53078 hb_ms=0 sma_state=6 m7_us=676085976 m4_us=673891099 vdd=5.067 offset=0.5000 aref=3.145 loop_us_avg=33 loop_us_max=5010 loop_hz=30303 cycle_log_ms=1 n_cycle=4 cc=0 cc_hz=0 cc_i_tgt=0.2000 cc_u=0.7652 cc_r=3.8928 cc_tau_ms=7.00
[  14.015] PGAH_ALM
[  14.015] [ADC1]
[  14.015] STATUS alarm(s)
[  14.522] [STATUS] t_ms=656003 hwm=5 cap=256 dropped=0 dropped_total=8734 crc_err=0 crc_err_total=0 rate1=512 rate2=512 prod1=512 prod2=512 dac_err=0 tx_drop=53078 hb_ms=0 sma_state=6 m7_us=677118241 m4_us=674923368 vdd=5.067 offset=0.5000 aref=3.145 loop_us_avg=33 loop_us_max=4969 loop_hz=30303 cycle_log_ms=1 n_cycle=4 cc=0 cc_hz=0 cc_i_tgt=0.2000 cc_u=0.7652 cc_r=3.8928 cc_tau_ms=7.00
[  15.029] LM PGAH_ALM
[  15.029] [ADC1] STATUS alarm(s): 0xCD PG
[  15.029] AL_A
[  15.535] [STATUS] t_ms=657003 hwm=5 cap=256 dropped=0 dropped_total=8734 crc_err=0 crc_err_total=0 rate1=512 rate2=512 prod1=512 prod2=512 dac_err=0 tx_drop=53078 hb_ms=0 sma_state=6 m7_us=678150493 m4_us=675955598 vdd=5.067 offset=0.5000 aref=3.145 loop_us_avg=33 loop_us_max=4953 loop_hz=30303 cycle_log_ms=1 n_cycle=4 cc=0 cc_hz=0 cc_i_tgt=0.2000 cc_u=0.7652 cc_r=3.8928 cc_tau_ms=7.00
[  16.043] LM P
[  16.043] GAH_ALM
[  16.612] [STATUS] t_ms=658003 hwm=5 cap=256 dropped=0 dropped_total=8734 crc_err=0 crc_err_total=0 rate1=512 rate2=512 prod1=512 prod2=513 dac_err=0 tx_drop=53078 hb_ms=0 sma_state=6 m7_us=679182708 m4_us=676987848 vdd=5.067 offset=0.5000 aref=3.145 loop_us_avg=34 loop_us_max=4977 loop_hz=29411 cycle_log_ms=1 n_cycle=4 cc=0 cc_hz=0 cc_i_tgt=0.2000 cc_u=0.7652 cc_r=3.8928 cc_tau_ms=7.00
[  17.055] PGAH_ALM
[  17.055] [ADC1]
[  17.625] [STATUS] t_ms=659003 hwm=5 cap=256 dropped=0 dropped_total=8734 crc_err=0 crc_err_total=0 rate1=512 rate2=512 prod1=512 prod2=511 dac_err=0 tx_drop=53078 hb_ms=0 sma_state=6 m7_us=680214965 m4_us=678020104 vdd=5.067 offset=0.5000 aref=3.145 loop_us_avg=33 loop_us_max=4937 loop_hz=30303 cycle_log_ms=1 n_cycle=4 cc=0 cc_hz=0 cc_i_tgt=0.2000 cc_u=0.7652 cc_r=3.8928 cc_tau_ms=7.00
[  18.006] LM PGAH
[  18.006] _ALM
[  18.006] [ADC1] STATUS
[  18.006] alarm(s): 0xD P
[  18.006] GAL_A
[  18.645] [STATUS] t_ms=660003 hwm=5 cap=256 dropped=0 dropped_total=8734 crc_err=0 crc_err_total=0 rate1=512 rate2=512 prod1=512 prod2=512 dac_err=0 tx_drop=53078 hb_ms=0 sma_state=6 m7_us=681247223 m4_us=679052373 vdd=5.067 offset=0.5000 aref=3.145 loop_us_avg=33 loop_us_max=5033 loop_hz=30303 cycle_log_ms=1 n_cycle=4 cc=0 cc_hz=0 cc_i_tgt=0.2000 cc_u=0.7652 cc_r=3.8928 cc_tau_ms=7.00
[  19.024] LM PGAH
[  19.024] _ALM
[  19.024] [ADC1] STAT
[  19.024] US alarm(s): 0x
[  19.719] [STATUS] t_ms=661003 hwm=5 cap=256 dropped=0 dropped_total=8734 crc_err=0 crc_err_total=0 rate1=512 rate2=512 prod1=512 prod2=512 dac_err=0 tx_drop=53078 hb_ms=0 sma_state=6 m7_us=682279527 m4_us=680084645 vdd=5.067 offset=0.5000 aref=3.145 loop_us_avg=33 loop_us_max=4919 loop_hz=30303 cycle_log_ms=1 n_cycle=4 cc=0 cc_hz=0 cc_i_tgt=0.2000 cc_u=0.7652 cc_r=3.8928 cc_tau_ms=7.00
[  20.036] LM PGAH_ALM
[  20.036] [ADC1] STATU
[  20.036] S alarm(s): 0x4D
[  20.736] [STATUS] t_ms=662003 hwm=5 cap=256 dropped=0 dropped_total=8734 crc_err=0 crc_err_total=0 rate1=512 rate2=512 prod1=512 prod2=512 dac_err=0 tx_drop=53078 hb_ms=0 sma_state=6 m7_us=683311779 m4_us=681116926 vdd=5.067 offset=0.5000 aref=3.145 loop_us_avg=34 loop_us_max=4958 loop_hz=29411 cycle_log_ms=1 n_cycle=4 cc=0 cc_hz=0 cc_i_tgt=0.2000 cc_u=0.7652 cc_r=3.8928 cc_tau_ms=7.00
[  21.054] LM PGAH_ALM
[  21.749] [STATUS] t_ms=663003 hwm=5 cap=256 dropped=0 dropped_total=8734 crc_err=0 crc_err_total=0 rate1=512 rate2=512 prod1=512 prod2=513 dac_err=0 tx_drop=53078 hb_ms=0 sma_state=6 m7_us=684344037 m4_us=682149182 vdd=5.067 offset=0.5000 aref=3.145 loop_us_avg=33 loop_us_max=4947 loop_hz=30303 cycle_log_ms=1 n_cycle=4 cc=0 cc_hz=0 cc_i_tgt=0.2000 cc_u=0.7652 cc_r=3.8928 cc_tau_ms=7.00
[  22.069] LM PGAH_
[  22.069] ALM
[  22.766] [STATUS] t_ms=664003 hwm=5 cap=256 dropped=0 dropped_total=8734 crc_err=0 crc_err_total=0 rate1=512 rate2=513 prod1=512 prod2=512 dac_err=0 tx_drop=53078 hb_ms=0 sma_state=6 m7_us=685376446 m4_us=683182492 vdd=5.067 offset=0.5000 aref=3.145 loop_us_avg=33 loop_us_max=4941 loop_hz=30303 cycle_log_ms=1 n_cycle=4 cc=0 cc_hz=0 cc_i_tgt=0.2000 cc_u=0.7652 cc_r=3.8928 cc_tau_ms=7.00
[  23.084] PGAH_ALM
[  23.084] [ADC1]
[  23.084] STATUS alarm(s):
[  23.842] [STATUS] t_ms=665003 hwm=4 cap=256 dropped=0 dropped_total=8734 crc_err=0 crc_err_total=0 rate1=512 rate2=511 prod1=512 prod2=511 dac_err=0 tx_drop=53078 hb_ms=0 sma_state=6 m7_us=686408659 m4_us=684213803 vdd=5.067 offset=0.5000 aref=3.145 loop_us_avg=33 loop_us_max=5034 loop_hz=30303 cycle_log_ms=1 n_cycle=4 cc=0 cc_hz=0 cc_i_tgt=0.2000 cc_u=0.7652 cc_r=3.8928 cc_tau_ms=7.00
[  24.096] LM PGA
[  24.096] H_ALM
[  24.096] [ADC1] STA
[  24.096] TUS alarm(s): 0x
[  24.855] [STATUS] t_ms=666003 hwm=5 cap=256 dropped=0 dropped_total=8734 crc_err=0 crc_err_total=0 rate1=512 rate2=513 prod1=512 prod2=513 dac_err=0 tx_drop=53078 hb_ms=0 sma_state=6 m7_us=687441015 m4_us=685247107 vdd=5.067 offset=0.5000 aref=3.145 loop_us_avg=33 loop_us_max=4972 loop_hz=30303 cycle_log_ms=1 n_cycle=4 cc=0 cc_hz=0 cc_i_tgt=0.2000 cc_u=0.7652 cc_r=3.8928 cc_tau_ms=7.00
[  25.110] LM PGAH_ALM
[  25.110] [ADC1] STATUS
[  25.110] alarm(s): 0xCD PGA
[  25.110] L_A
[  25.873] [STATUS] t_ms=667003 hwm=4 cap=256 dropped=0 dropped_total=8734 crc_err=0 crc_err_total=0 rate1=512 rate2=512 prod1=512 prod2=512 dac_err=0 tx_drop=53078 hb_ms=0 sma_state=6 m7_us=688473318 m4_us=686279388 vdd=5.067 offset=0.5000 aref=3.145 loop_us_avg=33 loop_us_max=5001 loop_hz=30303 cycle_log_ms=1 n_cycle=4 cc=0 cc_hz=0 cc_i_tgt=0.2000 cc_u=0.7652 cc_r=3.8928 cc_tau_ms=7.00
[  26.128] LM PGAH_ALM
[  26.891] [STATUS] t_ms=668003 hwm=4 cap=256 dropped=0 dropped_total=8734 crc_err=0 crc_err_total=0 rate1=512 rate2=511 prod1=512 prod2=511 dac_err=0 tx_drop=53078 hb_ms=0 sma_state=6 m7_us=689505579 m4_us=687310654 vdd=5.067 offset=0.5000 aref=3.145 loop_us_avg=33 loop_us_max=5013 loop_hz=30303 cycle_log_ms=1 n_cycle=4 cc=0 cc_hz=0 cc_i_tgt=0.2000 cc_u=0.7652 cc_r=3.8928 cc_tau_ms=7.00
[  27.083] L
[  27.083] M PGAH_ALM
[  27.083] [ADC1]
[  27.969] [STATUS] t_ms=669003 hwm=5 cap=256 dropped=0 dropped_total=8734 crc_err=0 crc_err_total=0 rate1=512 rate2=513 prod1=512 prod2=513 dac_err=0 tx_drop=53078 hb_ms=0 sma_state=6 m7_us=690537829 m4_us=688343913 vdd=5.067 offset=0.5000 aref=3.145 loop_us_avg=34 loop_us_max=5005 loop_hz=29411 cycle_log_ms=1 n_cycle=4 cc=0 cc_hz=0 cc_i_tgt=0.2000 cc_u=0.7652 cc_r=3.8928 cc_tau_ms=7.00
[  28.096] LM PGAH_A
[  28.096] [ADC1] STATUS
[  28.096] alarm(s): 0xCD
[  28.984] [STATUS] t_ms=670003 hwm=4 cap=256 dropped=0 dropped_total=8734 crc_err=0 crc_err_total=0 rate1=512 rate2=511 prod1=512 prod2=511 dac_err=0 tx_drop=53078 hb_ms=0 sma_state=6 m7_us=691569987 m4_us=689375134 vdd=5.067 offset=0.5000 aref=3.145 loop_us_avg=33 loop_us_max=5005 loop_hz=30303 cycle_log_ms=1 n_cycle=4 cc=0 cc_hz=0 cc_i_tgt=0.2000 cc_u=0.7652 cc_r=3.8928 cc_tau_ms=7.00
[  29.111] LM PGA
[  29.111] H_ALM
[  29.111] [ADC1] STA
[  29.111] TUS alarm(s): 0
[  29.998] [STATUS] t_ms=671003 hwm=5 cap=256 dropped=0 dropped_total=8734 crc_err=0 crc_err_total=0 rate1=512 rate2=512 prod1=512 prod2=512 dac_err=0 tx_drop=53078 hb_ms=0 sma_state=6 m7_us=692602197 m4_us=690407352 vdd=5.067 offset=0.5000 aref=3.145 loop_us_avg=33 loop_us_max=4933 loop_hz=30303 cycle_log_ms=1 n_cycle=4 cc=0 cc_hz=0 cc_i_tgt=0.2000 cc_u=0.7652 cc_r=3.8928 cc_tau_ms=7.00
[  30.126] LM PGAH
[  30.126] _ALM
[  30.126] [ADC1] STA
[  30.126] TUS alarm(s): 0x
[  31.074] [STATUS] t_ms=672003 hwm=5 cap=256 dropped=0 dropped_total=8734 crc_err=0 crc_err_total=0 rate1=512 rate2=512 prod1=512 prod2=512 dac_err=0 tx_drop=53078 hb_ms=0 sma_state=6 m7_us=693634505 m4_us=691439611 vdd=5.067 offset=0.5000 aref=3.145 loop_us_avg=33 loop_us_max=4929 loop_hz=30303 cycle_log_ms=1 n_cycle=4 cc=0 cc_hz=0 cc_i_tgt=0.2000 cc_u=0.7652 cc_r=3.8928 cc_tau_ms=7.00
[  31.138] LM PGAH_ALM
[  31.516] [SMA] [ACT] heat n=2/6 I=200.0mA ms=400
[  31.959] [SMA] [ACT] cool n=2/6 I=0.0mA ms=30000
[  32.086] [STATUS] t_ms=673003 hwm=5 cap=256 dropped=0 dropped_total=8734 crc_err=0 crc_err_total=0 rate1=512 rate2=512 prod1=512 prod2=513 dac_err=0 tx_drop=53078 hb_ms=0 sma_state=6 m7_us=694666762 m4_us=692471886 vdd=5.067 offset=0.5000 aref=3.145 loop_us_avg=45 loop_us_max=4959 loop_hz=22222 cycle_log_ms=1 n_cycle=4 cc=0 cc_hz=412 cc_i_tgt=0.2000 cc_u=0.7824 cc_r=3.9678 cc_tau_ms=7.00
[  32.150] LM PGA
[  32.150] H_ALM
[  33.099] [STATUS] t_ms=674003 hwm=5 cap=256 dropped=0 dropped_total=8734 crc_err=0 crc_err_total=0 rate1=512 rate2=513 prod1=512 prod2=512 dac_err=0 tx_drop=53078 hb_ms=0 sma_state=6 m7_us=695699076 m4_us=693505171 vdd=5.067 offset=0.5000 aref=3.145 loop_us_avg=33 loop_us_max=4948 loop_hz=30303 cycle_log_ms=1 n_cycle=4 cc=0 cc_hz=0 cc_i_tgt=0.2000 cc_u=0.7824 cc_r=3.9678 cc_tau_ms=7.00
[  33.161] PGAH_ALM
[  33.161] [ADC1]
[  33.161] STATUS alarm(s)
[  34.176] [STATUS] t_ms=675003 hwm=4 cap=256 dropped=0 dropped_total=8734 crc_err=0 crc_err_total=0 rate1=512 rate2=512 prod1=512 prod2=512 dac_err=0 tx_drop=53078 hb_ms=0 sma_state=6 m7_us=696731336 m4_us=694537427 vdd=5.067 offset=0.5000 aref=3.145 loop_us_avg=33 loop_us_max=4994 loop_hz=30303 cycle_log_ms=1 n_cycle=4 cc=0 cc_hz=0 cc_i_tgt=0.2000 cc_u=0.7824 cc_r=3.9678 cc_tau_ms=7.00
[  34.176] LM PGAH
[  34.176] _ALM
[  34.176] [ADC1] STATU
[  34.176] S alarm(s): 0x4D
[  35.190] PGAH_ALM
[  35.190] [STATUS] t_ms=676003 hwm=4 cap=256 dropped=0 dropped_total=8734 crc_err=0 crc_err_total=0 rate1=512 rate2=512 prod1=512 prod2=512 dac_err=0 tx_drop=53078 hb_ms=0 sma_state=6 m7_us=697763686 m4_us=695569695 vdd=5.067 offset=0.5000 aref=3.145 loop_us_avg=33 loop_us_max=4996 loop_hz=30303 cycle_log_ms=1 n_cycle=4 cc=0 cc_hz=0 cc_i_tgt=0.2000 cc_u=0.7824 cc_r=3.9678 cc_tau_ms=7.00
[  36.207] LM PGAH_ALM
[  36.207] [ADC1] STATUS a
[  36.207] larm(s): 0x4D PG
[  36.207] AL_A
[  36.207] [STATUS] t_ms=677003 hwm=5 cap=256 dropped=0 dropped_total=8734 crc_err=0 crc_err_total=0 rate1=512 rate2=512 prod1=512 prod2=512 dac_err=0 tx_drop=53078 hb_ms=0 sma_state=6 m7_us=698795898 m4_us=696601983 vdd=5.067 offset=0.5000 aref=3.145 loop_us_avg=33 loop_us_max=5042 loop_hz=30303 cycle_log_ms=1 n_cycle=4 cc=0 cc_hz=0 cc_i_tgt=0.2000 cc_u=0.7824 cc_r=3.9678 cc_tau_ms=7.00
[  37.158] LM PGAH_ALM
[  37.158] [ADC1] STATUS ala
[  37.158] A
[  37.222] [STATUS] t_ms=678003 hwm=4 cap=256 dropped=0 dropped_total=8734 crc_err=0 crc_err_total=0 rate1=512 rate2=512 prod1=512 prod2=512 dac_err=0 tx_drop=53078 hb_ms=0 sma_state=6 m7_us=699828244 m4_us=697634303 vdd=5.067 offset=0.5000 aref=3.145 loop_us_avg=33 loop_us_max=4999 loop_hz=30303 cycle_log_ms=1 n_cycle=4 cc=0 cc_hz=0 cc_i_tgt=0.2000 cc_u=0.7824 cc_r=3.9678 cc_tau_ms=7.00
[  38.172] LM PGAH_ALM
[  38.298] [STATUS] t_ms=679003 hwm=4 cap=256 dropped=0 dropped_total=8734 crc_err=0 crc_err_total=0 rate1=512 rate2=511 prod1=512 prod2=512 dac_err=0 tx_drop=53078 hb_ms=0 sma_state=6 m7_us=700860461 m4_us=698665586 vdd=5.067 offset=0.5000 aref=3.145 loop_us_avg=33 loop_us_max=4964 loop_hz=30303 cycle_log_ms=1 n_cycle=4 cc=0 cc_hz=0 cc_i_tgt=0.2000 cc_u=0.7824 cc_r=3.9678 cc_tau_ms=7.00
[  39.185] LM P
[  39.185] GAH_ALM
[  39.185] [ADC1] ST
[  39.312] [STATUS] t_ms=680003 hwm=5 cap=256 dropped=0 dropped_total=8734 crc_err=0 crc_err_total=0 rate1=512 rate2=512 prod1=512 prod2=512 dac_err=0 tx_drop=53078 hb_ms=0 sma_state=6 m7_us=701892764 m4_us=699697874 vdd=5.067 offset=0.5000 aref=3.145 loop_us_avg=33 loop_us_max=4949 loop_hz=30303 cycle_log_ms=1 n_cycle=4 cc=0 cc_hz=0 cc_i_tgt=0.2000 cc_u=0.7824 cc_r=3.9678 cc_tau_ms=7.00
[  40.196] LM P
[  40.196] GAH_ALM
[  40.196] [ADC1] S
[  40.196] TATUS alarm(s): 0
[  40.323] [STATUS] t_ms=681003 hwm=5 cap=256 dropped=0 dropped_total=8734 crc_err=0 crc_err_total=0 rate1=512 rate2=512 prod1=512 prod2=511 dac_err=0 tx_drop=53078 hb_ms=0 sma_state=6 m7_us=702925071 m4_us=700730158 vdd=5.067 offset=0.5000 aref=3.145 loop_us_avg=33 loop_us_max=4965 loop_hz=30303 cycle_log_ms=1 n_cycle=4 cc=0 cc_hz=0 cc_i_tgt=0.2000 cc_u=0.7824 cc_r=3.9678 cc_tau_ms=7.00
[  41.210] LM PGAH_A
[  41.210] [ADC1] STATUS
[  41.210] alarm(s): 0x8D PGA
[  41.210] L_A
[  41.401] [STATUS] t_ms=682003 hwm=5 cap=256 dropped=0 dropped_total=8734 crc_err=0 crc_err_total=0 rate1=512 rate2=513 prod1=512 prod2=513 dac_err=0 tx_drop=53078 hb_ms=0 sma_state=6 m7_us=703957387 m4_us=701763475 vdd=5.067 offset=0.5000 aref=3.145 loop_us_avg=33 loop_us_max=4993 loop_hz=30303 cycle_log_ms=1 n_cycle=4 cc=0 cc_hz=0 cc_i_tgt=0.2000 cc_u=0.7824 cc_r=3.9678 cc_tau_ms=7.00
[  42.225] LM PGAH_ALM
[  42.225] [ADC1] STATUS alarm(s
[  42.416] [STATUS] t_ms=683003 hwm=4 cap=256 dropped=0 dropped_total=8734 crc_err=0 crc_err_total=0 rate1=512 rate2=511 prod1=512 prod2=512 dac_err=0 tx_drop=53078 hb_ms=0 sma_state=6 m7_us=704989685 m4_us=702794750 vdd=5.067 offset=0.5000 aref=3.145 loop_us_avg=33 loop_us_max=4989 loop_hz=30303 cycle_log_ms=1 n_cycle=4 cc=0 cc_hz=0 cc_i_tgt=0.2000 cc_u=0.7824 cc_r=3.9678 cc_tau_ms=7.00
[  43.240] LM PGAH_ALM
[  43.431] [STATUS] t_ms=684003 hwm=5 cap=256 dropped=0 dropped_total=8734 crc_err=0 crc_err_total=0 rate1=512 rate2=512 prod1=512 prod2=512 dac_err=0 tx_drop=53078 hb_ms=0 sma_state=6 m7_us=706021899 m4_us=703827038 vdd=5.067 offset=0.5000 aref=3.145 loop_us_avg=34 loop_us_max=5020 loop_hz=29411 cycle_log_ms=1 n_cycle=4 cc=0 cc_hz=0 cc_i_tgt=0.2000 cc_u=0.7824 cc_r=3.9678 cc_tau_ms=7.00
[  44.256] LM P
[  44.256] GAH_ALM
[  44.447] [STATUS] t_ms=685003 hwm=5 cap=256 dropped=0 dropped_total=8734 crc_err=0 crc_err_total=0 rate1=512 rate2=512 prod1=512 prod2=511 dac_err=0 tx_drop=53078 hb_ms=0 sma_state=6 m7_us=707054195 m4_us=704859317 vdd=5.067 offset=0.5000 aref=3.145 loop_us_avg=33 loop_us_max=4919 loop_hz=30303 cycle_log_ms=1 n_cycle=4 cc=0 cc_hz=0 cc_i_tgt=0.2000 cc_u=0.7824 cc_r=3.9678 cc_tau_ms=7.00
[  45.271] LM PG
[  45.271] AH_ALM
[  45.271] [ADC1] ST
[  45.271] ATUS alarm(s):
[  45.522] [STATUS] t_ms=686003 hwm=5 cap=256 dropped=0 dropped_total=8734 crc_err=0 crc_err_total=0 rate1=512 rate2=512 prod1=512 prod2=512 dac_err=0 tx_drop=53078 hb_ms=0 sma_state=6 m7_us=708086510 m4_us=705891611 vdd=5.067 offset=0.5000 aref=3.145 loop_us_avg=33 loop_us_max=4971 loop_hz=30303 cycle_log_ms=1 n_cycle=4 cc=0 cc_hz=0 cc_i_tgt=0.2000 cc_u=0.7824 cc_r=3.9678 cc_tau_ms=7.00
[  46.286] LM PGAH_ALM
[  46.286] [ADC1] STATUS
[  46.286] alarm(s): 0x4D
[  46.539] [STATUS] t_ms=687003 hwm=5 cap=256 dropped=0 dropped_total=8734 crc_err=0 crc_err_total=0 rate1=512 rate2=513 prod1=512 prod2=513 dac_err=0 tx_drop=53078 hb_ms=0 sma_state=6 m7_us=709118816 m4_us=706924911 vdd=5.067 offset=0.5000 aref=3.145 loop_us_avg=33 loop_us_max=4955 loop_hz=30303 cycle_log_ms=1 n_cycle=4 cc=0 cc_hz=0 cc_i_tgt=0.2000 cc_u=0.7824 cc_r=3.9678 cc_tau_ms=7.00
[  47.239] LM PGAH
[  47.239] _ALM
[  47.239] [ADC1] STATU
[  47.239] S alarm(s): 0x4D
[  47.553] [STATUS] t_ms=688003 hwm=4 cap=256 dropped=0 dropped_total=8734 crc_err=0 crc_err_total=0 rate1=512 rate2=512 prod1=512 prod2=512 dac_err=0 tx_drop=53078 hb_ms=0 sma_state=6 m7_us=710151121 m4_us=707957206 vdd=5.067 offset=0.5000 aref=3.145 loop_us_avg=33 loop_us_max=4993 loop_hz=30303 cycle_log_ms=1 n_cycle=4 cc=0 cc_hz=0 cc_i_tgt=0.2000 cc_u=0.7824 cc_r=3.9678 cc_tau_ms=7.00
[  48.253] LM PGAH_ALM
[  48.568] [STATUS] t_ms=689003 hwm=4 cap=256 dropped=0 dropped_total=8734 crc_err=0 crc_err_total=0 rate1=512 rate2=511 prod1=512 prod2=511 dac_err=0 tx_drop=53078 hb_ms=0 sma_state=6 m7_us=711183333 m4_us=708988462 vdd=5.067 offset=0.5000 aref=3.145 loop_us_avg=33 loop_us_max=4997 loop_hz=30303 cycle_log_ms=1 n_cycle=4 cc=0 cc_hz=0 cc_i_tgt=0.2000 cc_u=0.7824 cc_r=3.9678 cc_tau_ms=7.00
[  49.266] LM PGAH_A
[  49.647] [STATUS] t_ms=690003 hwm=5 cap=256 dropped=0 dropped_total=8734 crc_err=0 crc_err_total=0 rate1=512 rate2=512 prod1=512 prod2=513 dac_err=0 tx_drop=53078 hb_ms=0 sma_state=6 m7_us=712215639 m4_us=710020731 vdd=5.067 offset=0.5000 aref=3.145 loop_us_avg=33 loop_us_max=4955 loop_hz=30303 cycle_log_ms=1 n_cycle=4 cc=0 cc_hz=0 cc_i_tgt=0.2000 cc_u=0.7824 cc_r=3.9678 cc_tau_ms=7.00
[  50.281] LM PGA
[  50.281] H_ALM
[  50.281] [ADC1] ST
[  50.281] ATUS alarm(s): 0
[  50.661] [STATUS] t_ms=691003 hwm=5 cap=256 dropped=0 dropped_total=8734 crc_err=0 crc_err_total=0 rate1=512 rate2=512 prod1=512 prod2=512 dac_err=0 tx_drop=53078 hb_ms=0 sma_state=6 m7_us=713247851 m4_us=711052990 vdd=5.067 offset=0.5000 aref=3.145 loop_us_avg=33 loop_us_max=4982 loop_hz=30303 cycle_log_ms=1 n_cycle=4 cc=0 cc_hz=0 cc_i_tgt=0.2000 cc_u=0.7824 cc_r=3.9678 cc_tau_ms=7.00
[  51.296] A
[  51.296] LM PGAH_ALM
[  51.296] [AD
[  51.296] C1] STATUS alarm
[  51.675] [STATUS] t_ms=692003 hwm=5 cap=256 dropped=0 dropped_total=8734 crc_err=0 crc_err_total=0 rate1=512 rate2=513 prod1=512 prod2=512 dac_err=0 tx_drop=53078 hb_ms=0 sma_state=6 m7_us=714280208 m4_us=712086281 vdd=5.067 offset=0.5000 aref=3.145 loop_us_avg=33 loop_us_max=4946 loop_hz=30303 cycle_log_ms=1 n_cycle=4 cc=0 cc_hz=0 cc_i_tgt=0.2000 cc_u=0.7824 cc_r=3.9678 cc_tau_ms=7.00
[  52.311] ALM PGAH_ALM
[  52.311] [ADC
[  52.311] 1] STATUS alarm
[  52.755] [STATUS] t_ms=693003 hwm=4 cap=256 dropped=0 dropped_total=8734 crc_err=0 crc_err_total=0 rate1=512 rate2=511 prod1=512 prod2=512 dac_err=0 tx_drop=53078 hb_ms=0 sma_state=6 m7_us=715312473 m4_us=713117566 vdd=5.067 offset=0.5000 aref=3.145 loop_us_avg=33 loop_us_max=5010 loop_hz=30303 cycle_log_ms=1 n_cycle=4 cc=0 cc_hz=0 cc_i_tgt=0.2000 cc_u=0.7824 cc_r=3.9678 cc_tau_ms=7.00
[  53.326] ALM PGAH_ALM
[  53.770] [STATUS] t_ms=694003 hwm=5 cap=256 dropped=0 dropped_total=8734 crc_err=0 crc_err_total=0 rate1=512 rate2=512 prod1=512 prod2=511 dac_err=0 tx_drop=53078 hb_ms=0 sma_state=6 m7_us=716344766 m4_us=714149854 vdd=5.067 offset=0.5000 aref=3.145 loop_us_avg=33 loop_us_max=4967 loop_hz=30303 cycle_log_ms=1 n_cycle=4 cc=0 cc_hz=0 cc_i_tgt=0.2000 cc_u=0.7824 cc_r=3.9678 cc_tau_ms=7.00
[  54.342] ALM PGAH
[  54.342] _ALM
[  54.786] [STATUS] t_ms=695003 hwm=5 cap=256 dropped=0 dropped_total=8734 crc_err=0 crc_err_total=0 rate1=512 rate2=512 prod1=512 prod2=512 dac_err=0 tx_drop=53078 hb_ms=0 sma_state=6 m7_us=717377027 m4_us=715182139 vdd=5.067 offset=0.5000 aref=3.145 loop_us_avg=34 loop_us_max=4997 loop_hz=29411 cycle_log_ms=1 n_cycle=4 cc=0 cc_hz=0 cc_i_tgt=0.2000 cc_u=0.7824 cc_r=3.9678 cc_tau_ms=7.00
[  55.484] ALM PGAH_A
[  55.484] [ADC1] STATUS
[  55.798] [STATUS] t_ms=696003 hwm=84 cap=256 dropped=0 dropped_total=8734 crc_err=0 crc_err_total=0 rate1=512 rate2=511 prod1=512 prod2=512 dac_err=0 tx_drop=53078 hb_ms=0 sma_state=6 m7_us=718409029 m4_us=716214360 vdd=5.067 offset=0.5000 aref=3.145 loop_us_avg=37 loop_us_max=85269 loop_hz=27027 cycle_log_ms=1 n_cycle=4 cc=0 cc_hz=0 cc_i_tgt=0.2000 cc_u=0.7824 cc_r=3.9678 cc_tau_ms=7.00
[  56.372] ALM PGAH_
[  56.372] ALM
[  56.372] [ADC1] STATU
[  56.879] [STATUS] t_ms=697003 hwm=5 cap=256 dropped=0 dropped_total=8734 crc_err=0 crc_err_total=0 rate1=512 rate2=512 prod1=512 prod2=513 dac_err=0 tx_drop=53078 hb_ms=0 sma_state=6 m7_us=719441493 m4_us=717246626 vdd=5.067 offset=0.5000 aref=3.145 loop_us_avg=33 loop_us_max=4941 loop_hz=30303 cycle_log_ms=1 n_cycle=4 cc=0 cc_hz=0 cc_i_tgt=0.2000 cc_u=0.7824 cc_r=3.9678 cc_tau_ms=7.00
[  57.324] ALM PGAH_AL
[  57.324] M
[  57.324] [ADC1] STATU
[  57.324] S alarm(s): 0x4D PGA
[  57.324] L_
[  57.892] [STATUS] t_ms=698003 hwm=5 cap=256 dropped=0 dropped_total=8734 crc_err=0 crc_err_total=0 rate1=512 rate2=512 prod1=512 prod2=511 dac_err=0 tx_drop=53078 hb_ms=0 sma_state=6 m7_us=720473797 m4_us=718278904 vdd=5.067 offset=0.5000 aref=3.145 loop_us_avg=33 loop_us_max=4942 loop_hz=30303 cycle_log_ms=1 n_cycle=4 cc=0 cc_hz=0 cc_i_tgt=0.2000 cc_u=0.7824 cc_r=3.9678 cc_tau_ms=7.00
[  58.337] ALM PGAH_ALM
[  58.909] [STATUS] t_ms=699003 hwm=5 cap=256 dropped=0 dropped_total=8734 crc_err=0 crc_err_total=0 rate1=512 rate2=513 prod1=512 prod2=513 dac_err=0 tx_drop=53078 hb_ms=0 sma_state=6 m7_us=721506150 m4_us=719312220 vdd=5.067 offset=0.5000 aref=3.145 loop_us_avg=34 loop_us_max=4972 loop_hz=29411 cycle_log_ms=1 n_cycle=4 cc=0 cc_hz=0 cc_i_tgt=0.2000 cc_u=0.7824 cc_r=3.9678 cc_tau_ms=7.00
[  59.354] ALM
[  59.354] PGAH_ALM
[  59.354] [ADC1] STA
[  59.923] [STATUS] t_ms=700003 hwm=5 cap=256 dropped=0 dropped_total=8734 crc_err=0 crc_err_total=0 rate1=512 rate2=511 prod1=512 prod2=511 dac_err=0 tx_drop=53078 hb_ms=0 sma_state=6 m7_us=722538412 m4_us=720343515 vdd=5.067 offset=0.5000 aref=3.145 loop_us_avg=33 loop_us_max=5054 loop_hz=30303 cycle_log_ms=1 n_cycle=4 cc=0 cc_hz=0 cc_i_tgt=0.2000 cc_u=0.7824 cc_r=3.9678 cc_tau_ms=7.00
[  60.368] ALM PGAH
[  60.368] _ALM
[  60.368] [ADC1] STATU
[  61.000] [STATUS] t_ms=701003 hwm=5 cap=256 dropped=0 dropped_total=8734 crc_err=0 crc_err_total=0 rate1=512 rate2=512 prod1=512 prod2=512 dac_err=0 tx_drop=53078 hb_ms=0 sma_state=6 m7_us=723570718 m4_us=721375813 vdd=5.067 offset=0.5000 aref=3.145 loop_us_avg=33 loop_us_max=4974 loop_hz=30303 cycle_log_ms=1 n_cycle=4 cc=0 cc_hz=0 cc_i_tgt=0.2000 cc_u=0.7824 cc_r=3.9678 cc_tau_ms=7.00
[  61.382] ALM P
[  61.382] GAH_ALM
[  61.382] [ADC1] S
[  61.382] TATUS alarm(s):
[  62.015] [STATUS] t_ms=702003 hwm=5 cap=256 dropped=0 dropped_total=8734 crc_err=0 crc_err_total=0 rate1=512 rate2=513 prod1=512 prod2=513 dac_err=0 tx_drop=53078 hb_ms=0 sma_state=6 m7_us=724603029 m4_us=722409113 vdd=5.067 offset=0.5000 aref=3.145 loop_us_avg=33 loop_us_max=4981 loop_hz=30303 cycle_log_ms=1 n_cycle=4 cc=0 cc_hz=0 cc_i_tgt=0.2000 cc_u=0.7824 cc_r=3.9678 cc_tau_ms=7.00
[  62.397] ALM
[  62.397] PGAH_ALM
[  62.397] [ADC1]
[  62.397] STATUS alarm(s)
[  62.904] [SMA] [ACT] heat n=3/6 I=200.0mA ms=400
[  63.030] [STATUS] t_ms=703003 hwm=4 cap=256 dropped=0 dropped_total=8734 crc_err=0 crc_err_total=0 rate1=512 rate2=512 prod1=512 prod2=512 dac_err=0 tx_drop=53078 hb_ms=0 sma_state=5 m7_us=725635737 m4_us=723441388 vdd=5.067 offset=0.5000 aref=3.145 loop_us_avg=37 loop_us_max=4978 loop_hz=27027 cycle_log_ms=1 n_cycle=4 cc=1 cc_hz=143 cc_i_tgt=0.2000 cc_u=0.7531 cc_r=3.9061 cc_tau_ms=7.00
[  63.285] [SMA] [ACT] cool n=3/6 I=0.0mA ms=30000
[  63.412] A
[  63.412] LM PGAH_ALM
[  63.412] [ADC1
[  63.412] ] STATUS alarm(s
[  64.110] [STATUS] t_ms=704003 hwm=5 cap=256 dropped=0 dropped_total=8734 crc_err=0 crc_err_total=0 rate1=512 rate2=511 prod1=512 prod2=511 dac_err=0 tx_drop=53078 hb_ms=0 sma_state=6 m7_us=726667296 m4_us=724472590 vdd=5.067 offset=0.5000 aref=3.145 loop_us_avg=40 loop_us_max=5389 loop_hz=25000 cycle_log_ms=1 n_cycle=4 cc=0 cc_hz=264 cc_i_tgt=0.2000 cc_u=0.7620 cc_r=3.9568 cc_tau_ms=7.00
[  64.427] ALM PGAH_ALM
[  65.125] [STATUS] t_ms=705003 hwm=5 cap=256 dropped=0 dropped_total=8734 crc_err=0 crc_err_total=0 rate1=512 rate2=513 prod1=512 prod2=513 dac_err=0 tx_drop=53078 hb_ms=0 sma_state=6 m7_us=727699849 m4_us=725505891 vdd=5.067 offset=0.5000 aref=3.145 loop_us_avg=33 loop_us_max=4948 loop_hz=30303 cycle_log_ms=1 n_cycle=4 cc=0 cc_hz=0 cc_i_tgt=0.2000 cc_u=0.7620 cc_r=3.9568 cc_tau_ms=7.00
[  65.444] ALM
[  65.444] PGAH_ALM
[  65.444] [ADC1]
[  65.444] STATUS alarm(s)
[  66.139] [STATUS] t_ms=706003 hwm=5 cap=256 dropped=0 dropped_total=8734 crc_err=0 crc_err_total=0 rate1=512 rate2=512 prod1=512 prod2=512 dac_err=0 tx_drop=53078 hb_ms=0 sma_state=6 m7_us=728732113 m4_us=726538204 vdd=5.067 offset=0.5000 aref=3.145 loop_us_avg=33 loop_us_max=5139 loop_hz=30303 cycle_log_ms=1 n_cycle=4 cc=0 cc_hz=0 cc_i_tgt=0.2000 cc_u=0.7620 cc_r=3.9568 cc_tau_ms=7.00
[  66.391] AL
[  66.391] M PGAH_ALM
[  66.391] [ADC1
[  66.391] ] STATUS alarm(s):
[  67.147] [STATUS] t_ms=707003 hwm=4 cap=256 dropped=0 dropped_total=8734 crc_err=0 crc_err_total=0 rate1=512 rate2=512 prod1=512 prod2=512 dac_err=0 tx_drop=53078 hb_ms=0 sma_state=6 m7_us=729764363 m4_us=727570460 vdd=5.067 offset=0.5000 aref=3.145 loop_us_avg=33 loop_us_max=4979 loop_hz=30303 cycle_log_ms=1 n_cycle=4 cc=0 cc_hz=0 cc_i_tgt=0.2000 cc_u=0.7620 cc_r=3.9568 cc_tau_ms=7.00
[  67.400] ALM PGAH_ALM
[  68.225] [STATUS] t_ms=708003 hwm=4 cap=256 dropped=0 dropped_total=8734 crc_err=0 crc_err_total=0 rate1=512 rate2=511 prod1=512 prod2=511 dac_err=0 tx_drop=53078 hb_ms=0 sma_state=6 m7_us=730796632 m4_us=728601755 vdd=5.067 offset=0.5000 aref=3.145 loop_us_avg=33 loop_us_max=4998 loop_hz=30303 cycle_log_ms=1 n_cycle=4 cc=0 cc_hz=0 cc_i_tgt=0.2000 cc_u=0.7620 cc_r=3.9568 cc_tau_ms=7.00
[  68.415] ALM PGAH_ALM
[  68.415] [ADC1] STATUS ala
[  68.415] _
[  69.238] [STATUS] t_ms=709003 hwm=5 cap=256 dropped=0 dropped_total=8734 crc_err=0 crc_err_total=0 rate1=512 rate2=512 prod1=512 prod2=513 dac_err=0 tx_drop=53078 hb_ms=0 sma_state=6 m7_us=731828881 m4_us=729634021 vdd=5.067 offset=0.5000 aref=3.145 loop_us_avg=33 loop_us_max=4953 loop_hz=30303 cycle_log_ms=1 n_cycle=4 cc=0 cc_hz=0 cc_i_tgt=0.2000 cc_u=0.7620 cc_r=3.9568 cc_tau_ms=7.00
[  69.429] ALM PGAH_ALM
[  70.252] [STATUS] t_ms=710003 hwm=5 cap=256 dropped=0 dropped_total=8734 crc_err=0 crc_err_total=0 rate1=512 rate2=513 prod1=512 prod2=512 dac_err=0 tx_drop=53078 hb_ms=0 sma_state=6 m7_us=732861234 m4_us=730667318 vdd=5.067 offset=0.5000 aref=3.145 loop_us_avg=33 loop_us_max=4968 loop_hz=30303 cycle_log_ms=1 n_cycle=4 cc=0 cc_hz=0 cc_i_tgt=0.2000 cc_u=0.7620 cc_r=3.9568 cc_tau_ms=7.00
[  70.443] ALM PG
[  70.443] AH_ALM
[  70.443] [ADC1] STAT
[  71.330] [STATUS] t_ms=711003 hwm=5 cap=256 dropped=0 dropped_total=8734 crc_err=0 crc_err_total=0 rate1=512 rate2=511 prod1=512 prod2=512 dac_err=0 tx_drop=53078 hb_ms=0 sma_state=6 m7_us=733893609 m4_us=731698642 vdd=5.067 offset=0.5000 aref=3.145 loop_us_avg=33 loop_us_max=5037 loop_hz=30303 cycle_log_ms=1 n_cycle=4 cc=0 cc_hz=0 cc_i_tgt=0.2000 cc_u=0.7620 cc_r=3.9568 cc_tau_ms=7.00
[  71.456] ALM PGAH_A
[  71.456] [ADC1] STATU
[  71.456] S alarm(s): 0xC
[  72.345] [STATUS] t_ms=712003 hwm=5 cap=256 dropped=0 dropped_total=8734 crc_err=0 crc_err_total=0 rate1=512 rate2=512 prod1=512 prod2=511 dac_err=0 tx_drop=53078 hb_ms=0 sma_state=6 m7_us=734925901 m4_us=732730974 vdd=5.067 offset=0.5000 aref=3.145 loop_us_avg=33 loop_us_max=5031 loop_hz=30303 cycle_log_ms=1 n_cycle=4 cc=0 cc_hz=0 cc_i_tgt=0.2000 cc_u=0.7620 cc_r=3.9568 cc_tau_ms=7.00
[  72.471] ALM
[  72.471] PGAH_ALM
[  72.471] [ADC1]
[  72.471] STATUS alarm(s):
[  73.357] [STATUS] t_ms=713003 hwm=5 cap=256 dropped=0 dropped_total=8734 crc_err=0 crc_err_total=0 rate1=512 rate2=512 prod1=512 prod2=512 dac_err=0 tx_drop=53078 hb_ms=0 sma_state=6 m7_us=735958155 m4_us=733763301 vdd=5.067 offset=0.5000 aref=3.145 loop_us_avg=34 loop_us_max=5001 loop_hz=29411 cycle_log_ms=1 n_cycle=4 cc=0 cc_hz=0 cc_i_tgt=0.2000 cc_u=0.7620 cc_r=3.9568 cc_tau_ms=7.00
[  73.484] ALM PGAH_ALM
[  73.484] [ADC1
[  73.484] ] STATUS alarm(s):
[  74.375] [STATUS] t_ms=714003 hwm=5 cap=256 dropped=0 dropped_total=8734 crc_err=0 crc_err_total=0 rate1=512 rate2=512 prod1=512 prod2=513 dac_err=0 tx_drop=53078 hb_ms=0 sma_state=6 m7_us=736990506 m4_us=734795602 vdd=5.067 offset=0.5000 aref=3.145 loop_us_avg=33 loop_us_max=4944 loop_hz=30303 cycle_log_ms=1 n_cycle=4 cc=0 cc_hz=0 cc_i_tgt=0.2000 cc_u=0.7620 cc_r=3.9568 cc_tau_ms=7.00
[  74.499] ALM PGAH_ALM
[  75.448] [STATUS] t_ms=715003 hwm=5 cap=256 dropped=0 dropped_total=8734 crc_err=0 crc_err_total=0 rate1=512 rate2=512 prod1=512 prod2=511 dac_err=0 tx_drop=53078 hb_ms=0 sma_state=6 m7_us=738022778 m4_us=735827909 vdd=5.067 offset=0.5000 aref=3.145 loop_us_avg=33 loop_us_max=4942 loop_hz=30303 cycle_log_ms=1 n_cycle=4 cc=0 cc_hz=0 cc_i_tgt=0.2000 cc_u=0.7620 cc_r=3.9568 cc_tau_ms=7.00
[  75.512] ALM PGAH
[  75.512] _ALM
[  76.466] [STATUS] t_ms=716003 hwm=5 cap=256 dropped=0 dropped_total=8734 crc_err=0 crc_err_total=0 rate1=512 rate2=513 prod1=512 prod2=513 dac_err=0 tx_drop=53078 hb_ms=0 sma_state=6 m7_us=739055135 m4_us=736861222 vdd=5.067 offset=0.5000 aref=3.145 loop_us_avg=33 loop_us_max=4953 loop_hz=30303 cycle_log_ms=1 n_cycle=4 cc=0 cc_hz=0 cc_i_tgt=0.2000 cc_u=0.7620 cc_r=3.9568 cc_tau_ms=7.00
[  76.530] ALM
[  76.530] PGAH_ALM
[  76.530] [ADC1]
[  76.530] STATUS alarm(s)
[  77.480] [STATUS] t_ms=717003 hwm=4 cap=256 dropped=0 dropped_total=8734 crc_err=0 crc_err_total=0 rate1=512 rate2=512 prod1=512 prod2=512 dac_err=0 tx_drop=53078 hb_ms=0 sma_state=6 m7_us=740087428 m4_us=737893494 vdd=5.067 offset=0.5000 aref=3.145 loop_us_avg=33 loop_us_max=4980 loop_hz=30303 cycle_log_ms=1 n_cycle=4 cc=0 cc_hz=0 cc_i_tgt=0.2000 cc_u=0.7620 cc_r=3.9568 cc_tau_ms=7.00
[  77.480] ALM PGAH
[  77.480] _ALM
[  77.480] [ADC1] STAT
[  77.480] US alarm(s): 0
[  78.497] ALM
[  78.497] PGAH_ALM
[  78.497] [ADC1
[  78.497] ] STATUS alarm(
[  78.560] [STATUS] t_ms=718003 hwm=4 cap=256 dropped=0 dropped_total=8734 crc_err=0 crc_err_total=0 rate1=512 rate2=512 prod1=512 prod2=512 dac_err=0 tx_drop=53078 hb_ms=0 sma_state=6 m7_us=741119693 m4_us=738925779 vdd=5.067 offset=0.5000 aref=3.145 loop_us_avg=34 loop_us_max=5021 loop_hz=29411 cycle_log_ms=1 n_cycle=4 cc=0 cc_hz=0 cc_i_tgt=0.2000 cc_u=0.7620 cc_r=3.9568 cc_tau_ms=7.00
[  79.512] ALM PGA
[  79.512] H_ALM
[  79.512] [ADC1] ST
[  79.512] ATUS alarm(s):
[  79.575] [STATUS] t_ms=719003 hwm=4 cap=256 dropped=0 dropped_total=8734 crc_err=0 crc_err_total=0 rate1=512 rate2=511 prod1=512 prod2=511 dac_err=0 tx_drop=53078 hb_ms=0 sma_state=6 m7_us=742151950 m4_us=739957064 vdd=5.067 offset=0.5000 aref=3.145 loop_us_avg=33 loop_us_max=5004 loop_hz=30303 cycle_log_ms=1 n_cycle=4 cc=0 cc_hz=0 cc_i_tgt=0.2000 cc_u=0.7620 cc_r=3.9568 cc_tau_ms=7.00
[  80.524] ALM PGAH_ALM
[  80.587] [STATUS] t_ms=720003 hwm=5 cap=256 dropped=0 dropped_total=8734 crc_err=0 crc_err_total=0 rate1=512 rate2=513 prod1=512 prod2=513 dac_err=0 tx_drop=53078 hb_ms=0 sma_state=6 m7_us=743184303 m4_us=740990367 vdd=5.067 offset=0.5000 aref=3.145 loop_us_avg=34 loop_us_max=4965 loop_hz=29411 cycle_log_ms=1 n_cycle=4 cc=0 cc_hz=0 cc_i_tgt=0.2000 cc_u=0.7620 cc_r=3.9568 cc_tau_ms=7.00
[  81.540] ALM
[  81.540] PGAH_ALM
[  81.540] [ADC
[  81.602] [STATUS] t_ms=721003 hwm=5 cap=256 dropped=0 dropped_total=8734 crc_err=0 crc_err_total=0 rate1=512 rate2=511 prod1=512 prod2=512 dac_err=0 tx_drop=53078 hb_ms=0 sma_state=6 m7_us=744216556 m4_us=742021614 vdd=5.067 offset=0.5000 aref=3.145 loop_us_avg=33 loop_us_max=5063 loop_hz=30303 cycle_log_ms=1 n_cycle=4 cc=0 cc_hz=0 cc_i_tgt=0.2000 cc_u=0.7620 cc_r=3.9568 cc_tau_ms=7.00
[  82.552] ALM PGAH
[  82.552] _ALM
[  82.552] [ADC1] STATUS
[  82.679] [STATUS] t_ms=722003 hwm=5 cap=256 dropped=0 dropped_total=8734 crc_err=0 crc_err_total=0 rate1=512 rate2=512 prod1=512 prod2=511 dac_err=0 tx_drop=53078 hb_ms=0 sma_state=6 m7_us=745248826 m4_us=743053928 vdd=5.067 offset=0.5000 aref=3.145 loop_us_avg=33 loop_us_max=4959 loop_hz=30303 cycle_log_ms=1 n_cycle=4 cc=0 cc_hz=0 cc_i_tgt=0.2000 cc_u=0.7620 cc_r=3.9568 cc_tau_ms=7.00
[  83.568] ALM P
[  83.568] GAH_ALM
[  83.568] [ADC1]
[  83.568] STATUS alarm(s):
[  83.693] [STATUS] t_ms=723003 hwm=5 cap=256 dropped=0 dropped_total=8734 crc_err=0 crc_err_total=0 rate1=512 rate2=512 prod1=512 prod2=512 dac_err=0 tx_drop=53078 hb_ms=0 sma_state=6 m7_us=746281083 m4_us=744086229 vdd=5.067 offset=0.5000 aref=3.145 loop_us_avg=33 loop_us_max=4959 loop_hz=30303 cycle_log_ms=1 n_cycle=4 cc=0 cc_hz=0 cc_i_tgt=0.2000 cc_u=0.7620 cc_r=3.9568 cc_tau_ms=7.00
[  84.579] ALM PGAH_
[  84.579] ALM
[  84.579] [ADC1] STAT
[  84.579] US alarm(s): 0xC
[  84.706] [STATUS] t_ms=724003 hwm=5 cap=256 dropped=0 dropped_total=8734 crc_err=0 crc_err_total=0 rate1=512 rate2=513 prod1=512 prod2=513 dac_err=0 tx_drop=53078 hb_ms=0 sma_state=6 m7_us=747313436 m4_us=745119519 vdd=5.067 offset=0.5000 aref=3.145 loop_us_avg=33 loop_us_max=4968 loop_hz=30303 cycle_log_ms=1 n_cycle=4 cc=0 cc_hz=0 cc_i_tgt=0.2000 cc_u=0.7620 cc_r=3.9568 cc_tau_ms=7.00
[  85.596] ALM PGAH_ALM
[  85.787] [STATUS] t_ms=725003 hwm=4 cap=256 dropped=0 dropped_total=8734 crc_err=0 crc_err_total=0 rate1=512 rate2=512 prod1=512 prod2=512 dac_err=0 tx_drop=53078 hb_ms=0 sma_state=6 m7_us=748345746 m4_us=746151795 vdd=5.067 offset=0.5000 aref=3.145 loop_us_avg=33 loop_us_max=5008 loop_hz=30303 cycle_log_ms=1 n_cycle=4 cc=0 cc_hz=0 cc_i_tgt=0.2000 cc_u=0.7620 cc_r=3.9568 cc_tau_ms=7.00
[  86.609] ALM PGAH_ALM
[  86.800] [STATUS] t_ms=726003 hwm=5 cap=256 dropped=0 dropped_total=8734 crc_err=0 crc_err_total=0 rate1=512 rate2=511 prod1=512 prod2=511 dac_err=0 tx_drop=53078 hb_ms=0 sma_state=6 m7_us=749378005 m4_us=747183093 vdd=5.067 offset=0.5000 aref=3.145 loop_us_avg=33 loop_us_max=5036 loop_hz=30303 cycle_log_ms=1 n_cycle=4 cc=0 cc_hz=0 cc_i_tgt=0.2000 cc_u=0.7620 cc_r=3.9568 cc_tau_ms=7.00
[  87.562] ALM P
[  87.562] GAH_ALM
[  87.562] [ADC1] ST
[  87.815] [STATUS] t_ms=727003 hwm=5 cap=256 dropped=0 dropped_total=8734 crc_err=0 crc_err_total=0 rate1=512 rate2=512 prod1=512 prod2=512 dac_err=0 tx_drop=53078 hb_ms=0 sma_state=6 m7_us=750410210 m4_us=748215352 vdd=5.067 offset=0.5000 aref=3.145 loop_us_avg=34 loop_us_max=4988 loop_hz=29411 cycle_log_ms=1 n_cycle=4 cc=0 cc_hz=0 cc_i_tgt=0.2000 cc_u=0.7620 cc_r=3.9568 cc_tau_ms=7.00
[  88.574] ALM PG
[  88.574] AH_ALM
[  88.574] [ADC1] ST
[  88.574] ATUS alarm(s): 0
[  88.828] [STATUS] t_ms=728003 hwm=5 cap=256 dropped=0 dropped_total=8734 crc_err=0 crc_err_total=0 rate1=512 rate2=513 prod1=512 prod2=513 dac_err=0 tx_drop=53078 hb_ms=0 sma_state=6 m7_us=751442511 m4_us=749248607 vdd=5.067 offset=0.5000 aref=3.145 loop_us_avg=33 loop_us_max=4936 loop_hz=30303 cycle_log_ms=1 n_cycle=4 cc=0 cc_hz=0 cc_i_tgt=0.2000 cc_u=0.7620 cc_r=3.9568 cc_tau_ms=7.00
[  89.587] ALM PGA
[  89.587] H_ALM
[  89.587] [ADC1] STAT
[  89.587] US alarm(s): 0x4D
[  89.903] [STATUS] t_ms=729003 hwm=5 cap=256 dropped=0 dropped_total=8734 crc_err=0 crc_err_total=0 rate1=512 rate2=511 prod1=512 prod2=511 dac_err=0 tx_drop=53078 hb_ms=0 sma_state=6 m7_us=752474724 m4_us=750279877 vdd=5.067 offset=0.5000 aref=3.145 loop_us_avg=33 loop_us_max=5039 loop_hz=30303 cycle_log_ms=1 n_cycle=4 cc=0 cc_hz=0 cc_i_tgt=0.2000 cc_u=0.7620 cc_r=3.9568 cc_tau_ms=7.00
[  90.602] ALM PGAH_ALM
[  90.602] [ADC1] STAT
[  90.602] US alarm(s): 0x4D
[  90.917] [STATUS] t_ms=730003 hwm=5 cap=256 dropped=0 dropped_total=8734 crc_err=0 crc_err_total=0 rate1=512 rate2=512 prod1=512 prod2=512 dac_err=0 tx_drop=53078 hb_ms=0 sma_state=6 m7_us=753507025 m4_us=751312133 vdd=5.067 offset=0.5000 aref=3.145 loop_us_avg=33 loop_us_max=4919 loop_hz=30303 cycle_log_ms=1 n_cycle=4 cc=0 cc_hz=0 cc_i_tgt=0.2000 cc_u=0.7620 cc_r=3.9568 cc_tau_ms=7.00
[  91.616] ALM
[  91.616] PGAH_ALM
[  91.934] [STATUS] t_ms=731003 hwm=6 cap=256 dropped=0 dropped_total=8734 crc_err=0 crc_err_total=0 rate1=512 rate2=512 prod1=512 prod2=512 dac_err=0 tx_drop=53078 hb_ms=0 sma_state=6 m7_us=754539281 m4_us=752344395 vdd=5.067 offset=0.5000 aref=3.145 loop_us_avg=33 loop_us_max=5067 loop_hz=30303 cycle_log_ms=1 n_cycle=4 cc=0 cc_hz=0 cc_i_tgt=0.2000 cc_u=0.7620 cc_r=3.9568 cc_tau_ms=7.00
[  92.632] ALM PGAH_
[  92.632] ALM
[  92.632] [ADC1] STAT
[  93.012] [STATUS] t_ms=732003 hwm=5 cap=256 dropped=0 dropped_total=8734 crc_err=0 crc_err_total=0 rate1=512 rate2=512 prod1=512 prod2=512 dac_err=0 tx_drop=53078 hb_ms=0 sma_state=6 m7_us=755571550 m4_us=753376664 vdd=5.067 offset=0.5000 aref=3.145 loop_us_avg=33 loop_us_max=4972 loop_hz=30303 cycle_log_ms=1 n_cycle=4 cc=0 cc_hz=0 cc_i_tgt=0.2000 cc_u=0.7620 cc_r=3.9568 cc_tau_ms=7.00
[  93.647] ALM PGAH_A
[  93.647] [ADC1] STATU
[  93.647] S alarm(s): 0x4D
[  94.027] [STATUS] t_ms=733003 hwm=5 cap=256 dropped=0 dropped_total=8734 crc_err=0 crc_err_total=0 rate1=512 rate2=513 prod1=512 prod2=513 dac_err=0 tx_drop=53078 hb_ms=0 sma_state=6 m7_us=756603900 m4_us=754409974 vdd=5.067 offset=0.5000 aref=3.145 loop_us_avg=33 loop_us_max=4964 loop_hz=30303 cycle_log_ms=1 n_cycle=4 cc=0 cc_hz=0 cc_i_tgt=0.2000 cc_u=0.7620 cc_r=3.9568 cc_tau_ms=7.00
[  94.278] [SMA] [ACT] heat n=4/6 I=200.0mA ms=400
[  94.659] ALM PGAH_ALM
[  94.659] [ADC1] STATUS alarm(s): 0xCD P
[  94.659] GAL_
[  94.723] [SMA] [ACT] cool n=4/6 I=0.0mA ms=30000
[  95.041] [STATUS] t_ms=734003 hwm=4 cap=256 dropped=0 dropped_total=8734 crc_err=0 crc_err_total=0 rate1=512 rate2=511 prod1=512 prod2=511 dac_err=0 tx_drop=53078 hb_ms=0 sma_state=6 m7_us=757635950 m4_us=755441227 vdd=5.067 offset=0.5000 aref=3.145 loop_us_avg=45 loop_us_max=5012 loop_hz=22222 cycle_log_ms=1 n_cycle=4 cc=0 cc_hz=412 cc_i_tgt=0.2000 cc_u=0.7718 cc_r=4.0124 cc_tau_ms=7.00
[  95.673] ALM PGA
[  95.673] H_ALM
[  95.673] [ADC1] ST
[  95.673] ATUS alarm(s):
[  96.053] [STATUS] t_ms=735003 hwm=5 cap=256 dropped=0 dropped_total=8734 crc_err=0 crc_err_total=0 rate1=512 rate2=513 prod1=512 prod2=513 dac_err=0 tx_drop=53078 hb_ms=0 sma_state=6 m7_us=758668410 m4_us=756474479 vdd=5.067 offset=0.5000 aref=3.145 loop_us_avg=33 loop_us_max=4909 loop_hz=30303 cycle_log_ms=1 n_cycle=4 cc=0 cc_hz=0 cc_i_tgt=0.2000 cc_u=0.7718 cc_r=4.0124 cc_tau_ms=7.00
[  96.687] ALM PGAH_ALM
[  97.131] [STATUS] t_ms=736003 hwm=5 cap=256 dropped=0 dropped_total=8734 crc_err=0 crc_err_total=0 rate1=512 rate2=512 prod1=512 prod2=512 dac_err=0 tx_drop=53078 hb_ms=0 sma_state=6 m7_us=759700726 m4_us=757506774 vdd=5.067 offset=0.5000 aref=3.145 loop_us_avg=33 loop_us_max=5040 loop_hz=30303 cycle_log_ms=1 n_cycle=4 cc=0 cc_hz=0 cc_i_tgt=0.2000 cc_u=0.7718 cc_r=4.0124 cc_tau_ms=7.00
[  97.701] ALM P
[  97.701] GAH_ALM
[  97.701] [ADC1]
[  98.146] [STATUS] t_ms=737003 hwm=4 cap=256 dropped=0 dropped_total=8734 crc_err=0 crc_err_total=0 rate1=512 rate2=511 prod1=512 prod2=511 dac_err=0 tx_drop=53078 hb_ms=0 sma_state=6 m7_us=760732981 m4_us=758538066 vdd=5.067 offset=0.5000 aref=3.145 loop_us_avg=33 loop_us_max=5022 loop_hz=30303 cycle_log_ms=1 n_cycle=4 cc=0 cc_hz=0 cc_i_tgt=0.2000 cc_u=0.7718 cc_r=4.0124 cc_tau_ms=7.00
[  98.654] ALM PG
[  98.654] AH_ALM
[  98.654] [ADC1] STA
[  98.654] TUS alarm(s): 0x
[  99.163] [STATUS] t_ms=738003 hwm=5 cap=256 dropped=0 dropped_total=8734 crc_err=0 crc_err_total=0 rate1=512 rate2=512 prod1=512 prod2=512 dac_err=0 tx_drop=53078 hb_ms=0 sma_state=6 m7_us=761765308 m4_us=759570344 vdd=5.067 offset=0.5000 aref=3.145 loop_us_avg=33 loop_us_max=4984 loop_hz=30303 cycle_log_ms=1 n_cycle=4 cc=0 cc_hz=0 cc_i_tgt=0.2000 cc_u=0.7718 cc_r=4.0124 cc_tau_ms=7.00
[  99.666] ALM PGAH_ALM
[ 100.238] [STATUS] t_ms=739003 hwm=6 cap=256 dropped=0 dropped_total=8734 crc_err=0 crc_err_total=0 rate1=512 rate2=513 prod1=512 prod2=513 dac_err=0 tx_drop=53078 hb_ms=0 sma_state=6 m7_us=762797546 m4_us=760603612 vdd=5.067 offset=0.5000 aref=3.145 loop_us_avg=33 loop_us_max=5069 loop_hz=30303 cycle_log_ms=1 n_cycle=4 cc=0 cc_hz=0 cc_i_tgt=0.2000 cc_u=0.7718 cc_r=4.0124 cc_tau_ms=7.00
[ 100.681] ALM PGAH_ALM
[ 100.681] [ADC1] STATUS alarm(s): 0x4D
[ 101.255] [STATUS] t_ms=740003 hwm=4 cap=256 dropped=0 dropped_total=8734 crc_err=0 crc_err_total=0 rate1=512 rate2=512 prod1=512 prod2=512 dac_err=0 tx_drop=53078 hb_ms=0 sma_state=6 m7_us=763829802 m4_us=761635887 vdd=5.067 offset=0.5000 aref=3.145 loop_us_avg=33 loop_us_max=5025 loop_hz=30303 cycle_log_ms=1 n_cycle=4 cc=0 cc_hz=0 cc_i_tgt=0.2000 cc_u=0.7718 cc_r=4.0124 cc_tau_ms=7.00
[ 101.696] ALM PGAH_ALM
[ 102.266] [STATUS] t_ms=741003 hwm=4 cap=256 dropped=0 dropped_total=8734 crc_err=0 crc_err_total=0 rate1=512 rate2=511 prod1=512 prod2=511 dac_err=0 tx_drop=53078 hb_ms=0 sma_state=6 m7_us=764862106 m4_us=762667179 vdd=5.067 offset=0.5000 aref=3.145 loop_us_avg=33 loop_us_max=4995 loop_hz=30303 cycle_log_ms=1 n_cycle=4 cc=0 cc_hz=0 cc_i_tgt=0.2000 cc_u=0.7718 cc_r=4.0124 cc_tau_ms=7.00
[ 102.707] AL
[ 102.707] M PGAH_ALM
[ 102.707] [ADC
[ 102.707] 1] STATUS alarm(
[ 103.280] [STATUS] t_ms=742003 hwm=6 cap=256 dropped=0 dropped_total=8734 crc_err=0 crc_err_total=0 rate1=512 rate2=513 prod1=512 prod2=513 dac_err=0 tx_drop=53078 hb_ms=0 sma_state=6 m7_us=765894411 m4_us=763700467 vdd=5.067 offset=0.5000 aref=3.145 loop_us_avg=34 loop_us_max=5102 loop_hz=29411 cycle_log_ms=1 n_cycle=4 cc=0 cc_hz=0 cc_i_tgt=0.2000 cc_u=0.7718 cc_r=4.0124 cc_tau_ms=7.00
[ 103.722] ALM P
[ 103.722] GAH_ALM
[ 103.722] [ADC1]
[ 103.722] STATUS alarm(s):
[ 104.357] [STATUS] t_ms=743003 hwm=4 cap=256 dropped=0 dropped_total=8734 crc_err=0 crc_err_total=0 rate1=512 rate2=512 prod1=512 prod2=512 dac_err=0 tx_drop=53078 hb_ms=0 sma_state=6 m7_us=766926714 m4_us=764732767 vdd=5.067 offset=0.5000 aref=3.145 loop_us_avg=33 loop_us_max=5009 loop_hz=30303 cycle_log_ms=1 n_cycle=4 cc=0 cc_hz=0 cc_i_tgt=0.2000 cc_u=0.7718 cc_r=4.0124 cc_tau_ms=7.00
[ 104.737] ALM
[ 104.737] PGAH_ALM
[ 104.737] [ADC1]
[ 104.737] STATUS alarm(s):
[ 105.370] [STATUS] t_ms=744003 hwm=4 cap=256 dropped=0 dropped_total=8734 crc_err=0 crc_err_total=0 rate1=512 rate2=511 prod1=512 prod2=512 dac_err=0 tx_drop=53078 hb_ms=0 sma_state=6 m7_us=767958928 m4_us=765764056 vdd=5.067 offset=0.5000 aref=3.145 loop_us_avg=33 loop_us_max=4981 loop_hz=30303 cycle_log_ms=1 n_cycle=4 cc=0 cc_hz=0 cc_i_tgt=0.2000 cc_u=0.7718 cc_r=4.0124 cc_tau_ms=7.00
[ 105.750] ALM PGAH_A
[ 105.750] [ADC1] STATU
[ 105.750] S alarm(s): 0x4D P
[ 105.750] GAL_
[ 106.385] [STATUS] t_ms=745003 hwm=5 cap=256 dropped=0 dropped_total=8734 crc_err=0 crc_err_total=0 rate1=512 rate2=512 prod1=512 prod2=511 dac_err=0 tx_drop=53078 hb_ms=0 sma_state=6 m7_us=768991231 m4_us=766796363 vdd=5.067 offset=0.5000 aref=3.145 loop_us_avg=33 loop_us_max=4946 loop_hz=30303 cycle_log_ms=1 n_cycle=4 cc=0 cc_hz=0 cc_i_tgt=0.2000 cc_u=0.7718 cc_r=4.0124 cc_tau_ms=7.00
[ 106.766] ALM PGAH_ALM
[ 107.464] [STATUS] t_ms=746003 hwm=5 cap=256 dropped=0 dropped_total=8734 crc_err=0 crc_err_total=0 rate1=512 rate2=512 prod1=512 prod2=512 dac_err=0 tx_drop=53078 hb_ms=0 sma_state=6 m7_us=770023499 m4_us=767828645 vdd=5.067 offset=0.5000 aref=3.145 loop_us_avg=33 loop_us_max=4952 loop_hz=30303 cycle_log_ms=1 n_cycle=4 cc=0 cc_hz=0 cc_i_tgt=0.2000 cc_u=0.7718 cc_r=4.0124 cc_tau_ms=7.00
[ 107.781] ALM P
[ 107.781] GAH_ALM
[ 108.479] [STATUS] t_ms=747003 hwm=5 cap=256 dropped=0 dropped_total=8734 crc_err=0 crc_err_total=0 rate1=512 rate2=512 prod1=512 prod2=513 dac_err=0 tx_drop=53078 hb_ms=0 sma_state=6 m7_us=771055856 m4_us=768860955 vdd=5.067 offset=0.5000 aref=3.145 loop_us_avg=33 loop_us_max=4963 loop_hz=30303 cycle_log_ms=1 n_cycle=4 cc=0 cc_hz=0 cc_i_tgt=0.2000 cc_u=0.7718 cc_r=4.0124 cc_tau_ms=7.00
[ 108.734] AL
[ 108.734] M PGAH_ALM
[ 108.734] [ADC1]
[ 108.734] STATUS alarm(
[ 109.493] [STATUS] t_ms=748003 hwm=5 cap=256 dropped=0 dropped_total=8734 crc_err=0 crc_err_total=0 rate1=512 rate2=512 prod1=512 prod2=511 dac_err=0 tx_drop=53078 hb_ms=0 sma_state=6 m7_us=772088155 m4_us=769893246 vdd=5.067 offset=0.5000 aref=3.145 loop_us_avg=33 loop_us_max=4967 loop_hz=30303 cycle_log_ms=1 n_cycle=4 cc=0 cc_hz=0 cc_i_tgt=0.2000 cc_u=0.7718 cc_r=4.0124 cc_tau_ms=7.00
[ 109.747] ALM PGAH_ALM
[ 109.747] [ADC1] STATUS
[ 109.747] alarm(s): 0x8D
[ 110.509] [STATUS] t_ms=749003 hwm=5 cap=256 dropped=0 dropped_total=8734 crc_err=0 crc_err_total=0 rate1=512 rate2=513 prod1=512 prod2=513 dac_err=0 tx_drop=53078 hb_ms=0 sma_state=6 m7_us=773120410 m4_us=770926492 vdd=5.067 offset=0.5000 aref=3.145 loop_us_avg=34 loop_us_max=4986 loop_hz=29411 cycle_log_ms=1 n_cycle=4 cc=0 cc_hz=0 cc_i_tgt=0.2000 cc_u=0.7718 cc_r=4.0124 cc_tau_ms=7.00
[ 110.762] ALM PGAH_A
[ 110.762] [ADC1] STATU
[ 110.762] S alarm(s): 0xD
[ 111.586] [STATUS] t_ms=750003 hwm=4 cap=256 dropped=0 dropped_total=8734 crc_err=0 crc_err_total=0 rate1=512 rate2=511 prod1=512 prod2=512 dac_err=0 tx_drop=53078 hb_ms=0 sma_state=6 m7_us=774152623 m4_us=771957755 vdd=5.067 offset=0.5000 aref=3.145 loop_us_avg=33 loop_us_max=5009 loop_hz=30303 cycle_log_ms=1 n_cycle=4 cc=0 cc_hz=0 cc_i_tgt=0.2000 cc_u=0.7718 cc_r=4.0124 cc_tau_ms=7.00
[ 111.775] ALM PGAH_ALM
[ 112.596] [STATUS] t_ms=751003 hwm=5 cap=256 dropped=0 dropped_total=8734 crc_err=0 crc_err_total=0 rate1=512 rate2=513 prod1=512 prod2=512 dac_err=0 tx_drop=53078 hb_ms=0 sma_state=6 m7_us=775184933 m4_us=772991011 vdd=5.067 offset=0.5000 aref=3.145 loop_us_avg=33 loop_us_max=4951 loop_hz=30303 cycle_log_ms=1 n_cycle=4 cc=0 cc_hz=0 cc_i_tgt=0.2000 cc_u=0.7718 cc_r=4.0124 cc_tau_ms=7.00
[ 112.786] ALM PGAH_
[ 112.786] ALM
[ 113.610] [STATUS] t_ms=752003 hwm=4 cap=256 dropped=0 dropped_total=8734 crc_err=0 crc_err_total=0 rate1=512 rate2=512 prod1=512 prod2=512 dac_err=0 tx_drop=53078 hb_ms=0 sma_state=6 m7_us=776217183 m4_us=774023219 vdd=5.067 offset=0.5000 aref=3.145 loop_us_avg=33 loop_us_max=5009 loop_hz=30303 cycle_log_ms=1 n_cycle=4 cc=0 cc_hz=0 cc_i_tgt=0.2000 cc_u=0.7718 cc_r=4.0124 cc_tau_ms=7.00
[ 113.801] ALM PGAH_
[ 113.801] ALM
[ 113.801] [ADC1] STATU
[ 113.801] S alarm(s): 0x4
[ 114.688] [STATUS] t_ms=753003 hwm=5 cap=256 dropped=0 dropped_total=8734 crc_err=0 crc_err_total=0 rate1=512 rate2=512 prod1=512 prod2=512 dac_err=0 tx_drop=53078 hb_ms=0 sma_state=6 m7_us=777249398 m4_us=775055468 vdd=5.067 offset=0.5000 aref=3.145 loop_us_avg=34 loop_us_max=5047 loop_hz=29411 cycle_log_ms=1 n_cycle=4 cc=0 cc_hz=0 cc_i_tgt=0.2000 cc_u=0.7718 cc_r=4.0124 cc_tau_ms=7.00
[ 114.815] ALM PGAH
[ 114.815] _ALM
[ 114.815] [ADC1] STATUS
[ 114.815] alarm(s): 0x4D P
[ 114.815] GAL_
[ 115.703] [STATUS] t_ms=754003 hwm=5 cap=256 dropped=0 dropped_total=8734 crc_err=0 crc_err_total=0 rate1=512 rate2=512 prod1=512 prod2=512 dac_err=0 tx_drop=53078 hb_ms=0 sma_state=6 m7_us=778281698 m4_us=776087740 vdd=5.067 offset=0.5000 aref=3.145 loop_us_avg=33 loop_us_max=5047 loop_hz=30303 cycle_log_ms=1 n_cycle=4 cc=0 cc_hz=0 cc_i_tgt=0.2000 cc_u=0.7718 cc_r=4.0124 cc_tau_ms=7.00
[ 115.829] ALM PGAH_ALM
[ 116.716] [STATUS] t_ms=755003 hwm=5 cap=256 dropped=0 dropped_total=8734 crc_err=0 crc_err_total=0 rate1=512 rate2=512 prod1=512 prod2=512 dac_err=0 tx_drop=53078 hb_ms=0 sma_state=6 m7_us=779313961 m4_us=777120003 vdd=5.067 offset=0.5000 aref=3.145 loop_us_avg=33 loop_us_max=5173 loop_hz=30303 cycle_log_ms=1 n_cycle=4 cc=0 cc_hz=0 cc_i_tgt=0.2000 cc_u=0.7718 cc_r=4.0124 cc_tau_ms=7.00
[ 116.843] ALM PGAH_ALM
[ 117.729] [STATUS] t_ms=756003 hwm=5 cap=256 dropped=0 dropped_total=8734 crc_err=0 crc_err_total=0 rate1=512 rate2=512 prod1=512 prod2=512 dac_err=0 tx_drop=53078 hb_ms=0 sma_state=6 m7_us=780346295 m4_us=778152246 vdd=5.067 offset=0.5000 aref=3.145 loop_us_avg=33 loop_us_max=5017 loop_hz=30303 cycle_log_ms=1 n_cycle=4 cc=0 cc_hz=0 cc_i_tgt=0.2000 cc_u=0.7718 cc_r=4.0124 cc_tau_ms=7.00
[ 117.855] AL
[ 117.855] M PGAH_ALM
[ 117.855] [ADC
[ 118.806] [STATUS] t_ms=757003 hwm=5 cap=256 dropped=0 dropped_total=8734 crc_err=0 crc_err_total=0 rate1=512 rate2=512 prod1=512 prod2=512 dac_err=0 tx_drop=53078 hb_ms=0 sma_state=6 m7_us=781378371 m4_us=779184447 vdd=5.067 offset=0.5000 aref=3.145 loop_us_avg=33 loop_us_max=5124 loop_hz=30303 cycle_log_ms=1 n_cycle=4 cc=0 cc_hz=0 cc_i_tgt=0.2000 cc_u=0.7718 cc_r=4.0124 cc_tau_ms=7.00
[ 118.870] ALM PGAH_A
[ 118.870] [ADC1] STATU
[ 119.852] [STATUS] t_ms=758003 hwm=121 cap=256 dropped=0 dropped_total=8734 crc_err=0 crc_err_total=0 rate1=512 rate2=510 prod1=512 prod2=511 dac_err=0 tx_drop=53078 hb_ms=0 sma_state=6 m7_us=782410378 m4_us=780215669 vdd=5.067 offset=0.5000 aref=3.145 loop_us_avg=38 loop_us_max=121136 loop_hz=26315 cycle_log_ms=1 n_cycle=4 cc=0 cc_hz=0 cc_i_tgt=0.2000 cc_u=0.7718 cc_r=4.0124 cc_tau_ms=7.00
[ 119.852] ALM
[ 119.852] PGAH_ALM
[ 119.852] [ADC1]
[ 120.866] [STATUS] t_ms=759003 hwm=5 cap=256 dropped=0 dropped_total=8734 crc_err=0 crc_err_total=0 rate1=512 rate2=513 prod1=512 prod2=513 dac_err=0 tx_drop=53078 hb_ms=0 sma_state=6 m7_us=783442895 m4_us=781248940 vdd=5.067 offset=0.5000 aref=3.145 loop_us_avg=33 loop_us_max=4932 loop_hz=30303 cycle_log_ms=1 n_cycle=4 cc=0 cc_hz=0 cc_i_tgt=0.2000 cc_u=0.7718 cc_r=4.0124 cc_tau_ms=7.00
[ 120.866] ALM P
[ 120.866] GAH_ALM
[ 120.866] [ADC1] S
[ 120.866] TATUS alarm(s): 0x
[ 121.884] ALM
[ 121.884] PGAH_ALM
[ 121.884] [ADC1
[ 121.884] ] STATUS alarm(s
[ 121.884] [STATUS] t_ms=760003 hwm=4 cap=256 dropped=0 dropped_total=8734 crc_err=0 crc_err_total=0 rate1=512 rate2=511 prod1=512 prod2=511 dac_err=0 tx_drop=53078 hb_ms=0 sma_state=6 m7_us=784475146 m4_us=782280242 vdd=5.067 offset=0.5000 aref=3.145 loop_us_avg=33 loop_us_max=5030 loop_hz=30303 cycle_log_ms=1 n_cycle=4 cc=0 cc_hz=0 cc_i_tgt=0.2000 cc_u=0.7718 cc_r=4.0124 cc_tau_ms=7.00
[ 122.899] ALM PGA
[ 122.899] H_ALM
[ 122.899] [ADC1] STAT
[ 122.899] US alarm(s): 0
[ 122.899] [STATUS] t_ms=761003 hwm=5 cap=256 dropped=0 dropped_total=8734 crc_err=0 crc_err_total=0 rate1=512 rate2=512 prod1=512 prod2=512 dac_err=0 tx_drop=53078 hb_ms=0 sma_state=6 m7_us=785507364 m4_us=783312510 vdd=5.067 offset=0.5000 aref=3.145 loop_us_avg=33 loop_us_max=4971 loop_hz=30303 cycle_log_ms=1 n_cycle=4 cc=0 cc_hz=0 cc_i_tgt=0.2000 cc_u=0.7718 cc_r=4.0124 cc_tau_ms=7.00
[ 123.912] ALM PGAH_ALM
[ 123.975] [STATUS] t_ms=762003 hwm=5 cap=256 dropped=0 dropped_total=8734 crc_err=0 crc_err_total=0 rate1=512 rate2=512 prod1=512 prod2=512 dac_err=0 tx_drop=53078 hb_ms=0 sma_state=6 m7_us=786539613 m4_us=784344741 vdd=5.067 offset=0.5000 aref=3.145 loop_us_avg=33 loop_us_max=4916 loop_hz=30303 cycle_log_ms=1 n_cycle=4 cc=0 cc_hz=0 cc_i_tgt=0.2000 cc_u=0.7718 cc_r=4.0124 cc_tau_ms=7.00
[ 124.864] ALM PG
[ 124.864] AH_ALM
[ 124.864] [ADC1] S
[ 124.991] [STATUS] t_ms=763003 hwm=5 cap=256 dropped=0 dropped_total=8734 crc_err=0 crc_err_total=0 rate1=512 rate2=512 prod1=512 prod2=512 dac_err=0 tx_drop=53078 hb_ms=0 sma_state=6 m7_us=787571869 m4_us=785376971 vdd=5.067 offset=0.5000 aref=3.145 loop_us_avg=33 loop_us_max=4982 loop_hz=30303 cycle_log_ms=1 n_cycle=4 cc=0 cc_hz=0 cc_i_tgt=0.2000 cc_u=0.7718 cc_r=4.0124 cc_tau_ms=7.00
[ 125.687] [SMA] [ACT] heat n=5/6 I=200.0mA ms=400
[ 125.876] ALM PGAH_ALM
[ 126.003] [STATUS] t_ms=764003 hwm=5 cap=256 dropped=0 dropped_total=8734 crc_err=0 crc_err_total=0 rate1=512 rate2=513 prod1=512 prod2=513 dac_err=0 tx_drop=53078 hb_ms=0 sma_state=5 m7_us=788604573 m4_us=786410211 vdd=5.067 offset=0.5000 aref=3.145 loop_us_avg=43 loop_us_max=4991 loop_hz=23255 cycle_log_ms=1 n_cycle=4 cc=1 cc_hz=346 cc_i_tgt=0.2000 cc_u=0.7932 cc_r=3.9509 cc_tau_ms=7.00
[ 126.065] [SMA] [ACT] cool n=5/6 I=0.0mA ms=30000
[ 126.889] ALM PGAH_AL
[ 126.889] M
[ 126.889] [ADC1] STATUS
[ 126.889] alarm(s): 0x4D P
[ 126.889] GAL_
[ 127.017] [STATUS] t_ms=765003 hwm=5 cap=256 dropped=0 dropped_total=8734 crc_err=0 crc_err_total=0 rate1=512 rate2=512 prod1=512 prod2=512 dac_err=0 tx_drop=53078 hb_ms=0 sma_state=6 m7_us=789636429 m4_us=787442483 vdd=5.067 offset=0.5000 aref=3.145 loop_us_avg=35 loop_us_max=5405 loop_hz=28571 cycle_log_ms=1 n_cycle=4 cc=0 cc_hz=60 cc_i_tgt=0.2000 cc_u=0.7703 cc_r=3.9040 cc_tau_ms=7.00
[ 127.903] ALM PGAH_ALM
[ 127.903] [ADC1] STATUS alarm
[ 128.094] [STATUS] t_ms=766003 hwm=4 cap=256 dropped=0 dropped_total=8734 crc_err=0 crc_err_total=0 rate1=512 rate2=512 prod1=512 prod2=512 dac_err=0 tx_drop=53078 hb_ms=0 sma_state=6 m7_us=790668686 m4_us=788474745 vdd=5.067 offset=0.5000 aref=3.145 loop_us_avg=33 loop_us_max=5011 loop_hz=30303 cycle_log_ms=1 n_cycle=4 cc=0 cc_hz=0 cc_i_tgt=0.2000 cc_u=0.7703 cc_r=3.9040 cc_tau_ms=7.00
[ 128.917] ALM PGAH_ALM
[ 129.106] [STATUS] t_ms=767003 hwm=4 cap=256 dropped=0 dropped_total=8734 crc_err=0 crc_err_total=0 rate1=512 rate2=511 prod1=512 prod2=512 dac_err=0 tx_drop=53078 hb_ms=0 sma_state=6 m7_us=791700890 m4_us=789505979 vdd=5.067 offset=0.5000 aref=3.145 loop_us_avg=33 loop_us_max=5018 loop_hz=30303 cycle_log_ms=1 n_cycle=4 cc=0 cc_hz=0 cc_i_tgt=0.2000 cc_u=0.7703 cc_r=3.9040 cc_tau_ms=7.00
[ 129.928] ALM PG
[ 129.928] AH_ALM
[ 130.119] [STATUS] t_ms=768003 hwm=5 cap=256 dropped=0 dropped_total=8734 crc_err=0 crc_err_total=0 rate1=512 rate2=513 prod1=512 prod2=512 dac_err=0 tx_drop=53078 hb_ms=0 sma_state=6 m7_us=792733159 m4_us=790539215 vdd=5.067 offset=0.5000 aref=3.145 loop_us_avg=33 loop_us_max=4929 loop_hz=30303 cycle_log_ms=1 n_cycle=4 cc=0 cc_hz=0 cc_i_tgt=0.2000 cc_u=0.7703 cc_r=3.9040 cc_tau_ms=7.00
[ 130.943] ALM PGAH_A
[ 130.943] [ADC1] STATUS
[ 130.943] alarm(s): 0x4D
[ 131.197] [STATUS] t_ms=769003 hwm=4 cap=256 dropped=0 dropped_total=8734 crc_err=0 crc_err_total=0 rate1=512 rate2=512 prod1=512 prod2=512 dac_err=0 tx_drop=53078 hb_ms=0 sma_state=6 m7_us=793765373 m4_us=791571465 vdd=5.067 offset=0.5000 aref=3.145 loop_us_avg=33 loop_us_max=5023 loop_hz=30303 cycle_log_ms=1 n_cycle=4 cc=0 cc_hz=0 cc_i_tgt=0.2000 cc_u=0.7703 cc_r=3.9040 cc_tau_ms=7.00
[ 131.956] ALM PGAH_ALM
[ 132.211] [STATUS] t_ms=770003 hwm=4 cap=256 dropped=0 dropped_total=8734 crc_err=0 crc_err_total=0 rate1=512 rate2=511 prod1=512 prod2=511 dac_err=0 tx_drop=53078 hb_ms=0 sma_state=6 m7_us=794797569 m4_us=792602677 vdd=5.067 offset=0.5000 aref=3.145 loop_us_avg=33 loop_us_max=4961 loop_hz=30303 cycle_log_ms=1 n_cycle=4 cc=0 cc_hz=0 cc_i_tgt=0.2000 cc_u=0.7703 cc_r=3.9040 cc_tau_ms=7.00
[ 132.969] ALM PG
[ 132.969] AH_ALM
[ 132.969] [ADC1] STA
[ 132.969] TUS alarm(s): 0x
[ 133.223] [STATUS] t_ms=771003 hwm=5 cap=256 dropped=0 dropped_total=8734 crc_err=0 crc_err_total=0 rate1=512 rate2=513 prod1=512 prod2=513 dac_err=0 tx_drop=53078 hb_ms=0 sma_state=6 m7_us=795829821 m4_us=793635897 vdd=5.067 offset=0.5000 aref=3.145 loop_us_avg=33 loop_us_max=4974 loop_hz=30303 cycle_log_ms=1 n_cycle=4 cc=0 cc_hz=0 cc_i_tgt=0.2000 cc_u=0.7703 cc_r=3.9040 cc_tau_ms=7.00
[ 133.984] ALM PGAH_ALM
[ 134.302] [STATUS] t_ms=772003 hwm=4 cap=256 dropped=0 dropped_total=8734 crc_err=0 crc_err_total=0 rate1=512 rate2=512 prod1=512 prod2=512 dac_err=0 tx_drop=53078 hb_ms=0 sma_state=6 m7_us=796862040 m4_us=794668108 vdd=5.067 offset=0.5000 aref=3.145 loop_us_avg=33 loop_us_max=5029 loop_hz=30303 cycle_log_ms=1 n_cycle=4 cc=0 cc_hz=0 cc_i_tgt=0.2000 cc_u=0.7703 cc_r=3.9040 cc_tau_ms=7.00
[ 134.994] ALM PGA
[ 134.994] H_ALM
[ 134.994] [ADC1] ST
[ 135.312] [STATUS] t_ms=773003 hwm=5 cap=256 dropped=0 dropped_total=8734 crc_err=0 crc_err_total=0 rate1=512 rate2=512 prod1=512 prod2=512 dac_err=0 tx_drop=53078 hb_ms=0 sma_state=6 m7_us=797894244 m4_us=795700303 vdd=5.067 offset=0.5000 aref=3.145 loop_us_avg=33 loop_us_max=5036 loop_hz=30303 cycle_log_ms=1 n_cycle=4 cc=0 cc_hz=0 cc_i_tgt=0.2000 cc_u=0.7703 cc_r=3.9040 cc_tau_ms=7.00
[ 136.008] ALM PGA
[ 136.008] H_ALM
[ 136.008] [ADC1] STA
[ 136.008] TUS alarm(s): 0
[ 136.326] [STATUS] t_ms=774003 hwm=4 cap=256 dropped=0 dropped_total=8734 crc_err=0 crc_err_total=0 rate1=512 rate2=512 prod1=512 prod2=512 dac_err=0 tx_drop=53078 hb_ms=0 sma_state=6 m7_us=798926447 m4_us=796732511 vdd=5.067 offset=0.5000 aref=3.145 loop_us_avg=33 loop_us_max=5005 loop_hz=30303 cycle_log_ms=1 n_cycle=4 cc=0 cc_hz=0 cc_i_tgt=0.2000 cc_u=0.7703 cc_r=3.9040 cc_tau_ms=7.00
[ 136.959] ALM PGAH
[ 136.959] _ALM
[ 136.959] [ADC1] STA
[ 136.959] TUS alarm(s): 0x
[ 137.341] [STATUS] t_ms=775003 hwm=4 cap=256 dropped=0 dropped_total=8734 crc_err=0 crc_err_total=0 rate1=512 rate2=512 prod1=512 prod2=512 dac_err=0 tx_drop=53078 hb_ms=0 sma_state=6 m7_us=799958610 m4_us=797764659 vdd=5.067 offset=0.5000 aref=3.145 loop_us_avg=33 loop_us_max=5008 loop_hz=30303 cycle_log_ms=1 n_cycle=4 cc=0 cc_hz=0 cc_i_tgt=0.2000 cc_u=0.7703 cc_r=3.9040 cc_tau_ms=7.00
[ 137.975] _ALM PGAH_ALM
[ 137.975] [ADC1] STATUS al
[ 138.419] [STATUS] t_ms=776003 hwm=4 cap=256 dropped=0 dropped_total=8734 crc_err=0 crc_err_total=0 rate1=512 rate2=512 prod1=512 prod2=512 dac_err=0 tx_drop=53078 hb_ms=0 sma_state=6 m7_us=800990762 m4_us=798796819 vdd=5.067 offset=0.5000 aref=3.145 loop_us_avg=33 loop_us_max=5019 loop_hz=30303 cycle_log_ms=1 n_cycle=4 cc=0 cc_hz=0 cc_i_tgt=0.2000 cc_u=0.7703 cc_r=3.9040 cc_tau_ms=7.00
[ 138.985] _ALM PGAH_ALM
[ 139.427] [STATUS] t_ms=777003 hwm=4 cap=256 dropped=0 dropped_total=8734 crc_err=0 crc_err_total=0 rate1=512 rate2=512 prod1=512 prod2=512 dac_err=0 tx_drop=53078 hb_ms=0 sma_state=6 m7_us=802022974 m4_us=799829030 vdd=5.067 offset=0.5000 aref=3.145 loop_us_avg=33 loop_us_max=5012 loop_hz=30303 cycle_log_ms=1 n_cycle=4 cc=0 cc_hz=0 cc_i_tgt=0.2000 cc_u=0.7703 cc_r=3.9040 cc_tau_ms=7.00
[ 139.996] _AL
[ 139.996] M PGAH_ALM
[ 139.996] [ADC
[ 140.442] [STATUS] t_ms=778003 hwm=4 cap=256 dropped=0 dropped_total=8734 crc_err=0 crc_err_total=0 rate1=512 rate2=512 prod1=512 prod2=512 dac_err=0 tx_drop=53078 hb_ms=0 sma_state=6 m7_us=803055179 m4_us=800861222 vdd=5.067 offset=0.5000 aref=3.145 loop_us_avg=33 loop_us_max=5007 loop_hz=30303 cycle_log_ms=1 n_cycle=4 cc=0 cc_hz=0 cc_i_tgt=0.2000 cc_u=0.7703 cc_r=3.9040 cc_tau_ms=7.00
[ 141.014] _AL
[ 141.014] M PGAH_ALM
[ 141.014] [ADC
[ 141.014] 1] STATUS alarm
[ 141.522] [STATUS] t_ms=779003 hwm=4 cap=256 dropped=0 dropped_total=8734 crc_err=0 crc_err_total=0 rate1=512 rate2=512 prod1=512 prod2=512 dac_err=0 tx_drop=53078 hb_ms=0 sma_state=6 m7_us=804087437 m4_us=801893446 vdd=5.067 offset=0.5000 aref=3.145 loop_us_avg=33 loop_us_max=5011 loop_hz=30303 cycle_log_ms=1 n_cycle=4 cc=0 cc_hz=0 cc_i_tgt=0.2000 cc_u=0.7703 cc_r=3.9040 cc_tau_ms=7.00
[ 142.029] _ALM PGAH_AL
[ 142.029] M
[ 142.029] [ADC1] STATUS
[ 142.029] alarm(s): 0xD PG
[ 142.029] AL
[ 142.535] [STATUS] t_ms=780003 hwm=5 cap=256 dropped=0 dropped_total=8734 crc_err=0 crc_err_total=0 rate1=512 rate2=512 prod1=512 prod2=512 dac_err=0 tx_drop=53078 hb_ms=0 sma_state=6 m7_us=805119599 m4_us=802925679 vdd=5.067 offset=0.5000 aref=3.145 loop_us_avg=33 loop_us_max=5047 loop_hz=30303 cycle_log_ms=1 n_cycle=4 cc=0 cc_hz=0 cc_i_tgt=0.2000 cc_u=0.7703 cc_r=3.9040 cc_tau_ms=7.00
[ 143.041] _ALM PGAH
[ 143.041] _ALM
[ 143.041] [ADC1] STAT
[ 143.041] US alarm(s): 0x4
[ 143.547] [STATUS] t_ms=781003 hwm=4 cap=256 dropped=0 dropped_total=8734 crc_err=0 crc_err_total=0 rate1=512 rate2=511 prod1=512 prod2=511 dac_err=0 tx_drop=53078 hb_ms=0 sma_state=6 m7_us=806151800 m4_us=803956942 vdd=5.067 offset=0.5000 aref=3.145 loop_us_avg=33 loop_us_max=4961 loop_hz=30303 cycle_log_ms=1 n_cycle=4 cc=0 cc_hz=0 cc_i_tgt=0.2000 cc_u=0.7703 cc_r=3.9040 cc_tau_ms=7.00
[ 144.052] _ALM PGAH_ALM
[ 144.052] [ADC1]
[ 144.052] STATUS alarm(s):
[ 144.624] [STATUS] t_ms=782003 hwm=5 cap=256 dropped=0 dropped_total=8734 crc_err=0 crc_err_total=0 rate1=512 rate2=513 prod1=512 prod2=513 dac_err=0 tx_drop=53078 hb_ms=0 sma_state=6 m7_us=807184162 m4_us=804990252 vdd=5.067 offset=0.5000 aref=3.145 loop_us_avg=33 loop_us_max=4929 loop_hz=30303 cycle_log_ms=1 n_cycle=4 cc=0 cc_hz=0 cc_i_tgt=0.2000 cc_u=0.7703 cc_r=3.9040 cc_tau_ms=7.00
[ 145.066] _A
[ 145.066] LM PGAH_ALM
[ 145.635] [STATUS] t_ms=783003 hwm=4 cap=256 dropped=0 dropped_total=8734 crc_err=0 crc_err_total=0 rate1=512 rate2=511 prod1=512 prod2=512 dac_err=0 tx_drop=53078 hb_ms=0 sma_state=6 m7_us=808216413 m4_us=806021486 vdd=5.067 offset=0.5000 aref=3.145 loop_us_avg=33 loop_us_max=4999 loop_hz=30303 cycle_log_ms=1 n_cycle=4 cc=0 cc_hz=0 cc_i_tgt=0.2000 cc_u=0.7703 cc_r=3.9040 cc_tau_ms=7.00
[ 146.075] _ALM PGAH_
[ 146.075] ALM
[ 146.075] [ADC1] STA
[ 146.647] [STATUS] t_ms=784003 hwm=5 cap=256 dropped=0 dropped_total=8734 crc_err=0 crc_err_total=0 rate1=512 rate2=513 prod1=512 prod2=512 dac_err=0 tx_drop=53078 hb_ms=0 sma_state=6 m7_us=809248671 m4_us=807054758 vdd=5.067 offset=0.5000 aref=3.145 loop_us_avg=34 loop_us_max=5007 loop_hz=29411 cycle_log_ms=1 n_cycle=4 cc=0 cc_hz=0 cc_i_tgt=0.2000 cc_u=0.7703 cc_r=3.9040 cc_tau_ms=7.00
[ 147.088] _ALM P
[ 147.088] GAH_ALM
[ 147.088] [ADC1] ST
[ 147.088] ATUS alarm(s):
[ 147.661] [STATUS] t_ms=785003 hwm=4 cap=256 dropped=0 dropped_total=8734 crc_err=0 crc_err_total=0 rate1=512 rate2=512 prod1=512 prod2=512 dac_err=0 tx_drop=53078 hb_ms=0 sma_state=6 m7_us=810280883 m4_us=808086950 vdd=5.067 offset=0.5000 aref=3.145 loop_us_avg=33 loop_us_max=5004 loop_hz=30303 cycle_log_ms=1 n_cycle=4 cc=0 cc_hz=0 cc_i_tgt=0.2000 cc_u=0.7703 cc_r=3.9040 cc_tau_ms=7.00
[ 148.103] _A
[ 148.103] LM PGAH_ALM
[ 148.103] [ADC1
[ 148.103] ] STATUS alarm(
[ 148.737] [STATUS] t_ms=786003 hwm=4 cap=256 dropped=0 dropped_total=8734 crc_err=0 crc_err_total=0 rate1=512 rate2=512 prod1=512 prod2=512 dac_err=0 tx_drop=53078 hb_ms=0 sma_state=6 m7_us=811313094 m4_us=809119148 vdd=5.067 offset=0.5000 aref=3.145 loop_us_avg=33 loop_us_max=5011 loop_hz=30303 cycle_log_ms=1 n_cycle=4 cc=0 cc_hz=0 cc_i_tgt=0.2000 cc_u=0.7703 cc_r=3.9040 cc_tau_ms=7.00
[ 149.054] _ALM PGAH_ALM
[ 149.750] [STATUS] t_ms=787003 hwm=4 cap=256 dropped=0 dropped_total=8734 crc_err=0 crc_err_total=0 rate1=512 rate2=512 prod1=512 prod2=512 dac_err=0 tx_drop=53078 hb_ms=0 sma_state=6 m7_us=812345295 m4_us=810151337 vdd=5.067 offset=0.5000 aref=3.145 loop_us_avg=33 loop_us_max=5004 loop_hz=30303 cycle_log_ms=1 n_cycle=4 cc=0 cc_hz=0 cc_i_tgt=0.2000 cc_u=0.7703 cc_r=3.9040 cc_tau_ms=7.00
[ 150.063] _ALM PGA
[ 150.063] H_ALM
[ 150.758] [STATUS] t_ms=788003 hwm=5 cap=256 dropped=0 dropped_total=8734 crc_err=0 crc_err_total=0 rate1=512 rate2=512 prod1=512 prod2=512 dac_err=0 tx_drop=53078 hb_ms=0 sma_state=6 m7_us=813377530 m4_us=811183548 vdd=5.067 offset=0.5000 aref=3.145 loop_us_avg=33 loop_us_max=5014 loop_hz=30303 cycle_log_ms=1 n_cycle=4 cc=0 cc_hz=0 cc_i_tgt=0.2000 cc_u=0.7703 cc_r=3.9040 cc_tau_ms=7.00
[ 151.067] _ALM PGA
[ 151.067] H_ALM
[ 151.067] [ADC1] ST
[ 151.827] [STATUS] t_ms=789003 hwm=4 cap=256 dropped=0 dropped_total=8734 crc_err=0 crc_err_total=0 rate1=512 rate2=512 prod1=512 prod2=512 dac_err=0 tx_drop=53078 hb_ms=0 sma_state=6 m7_us=814409709 m4_us=812215779 vdd=5.067 offset=0.5000 aref=3.145 loop_us_avg=33 loop_us_max=5014 loop_hz=30303 cycle_log_ms=1 n_cycle=4 cc=0 cc_hz=0 cc_i_tgt=0.2000 cc_u=0.7703 cc_r=3.9040 cc_tau_ms=7.00
[ 152.080] _AL
[ 152.080] M PGAH_ALM
[ 152.080] [AD
[ 152.080] C1] STATUS alarm
[ 152.842] [STATUS] t_ms=790003 hwm=4 cap=256 dropped=0 dropped_total=8734 crc_err=0 crc_err_total=0 rate1=512 rate2=512 prod1=512 prod2=512 dac_err=0 tx_drop=53078 hb_ms=0 sma_state=6 m7_us=815441923 m4_us=813248015 vdd=5.067 offset=0.5000 aref=3.145 loop_us_avg=33 loop_us_max=5002 loop_hz=30303 cycle_log_ms=1 n_cycle=4 cc=0 cc_hz=0 cc_i_tgt=0.2000 cc_u=0.7703 cc_r=3.9040 cc_tau_ms=7.00
[ 153.095] _A
[ 153.095] LM PGAH_ALM
[ 153.095] [A
[ 153.095] DC1] STATUS alarm
[ 153.860] [STATUS] t_ms=791003 hwm=4 cap=256 dropped=0 dropped_total=8734 crc_err=0 crc_err_total=0 rate1=512 rate2=512 prod1=512 prod2=512 dac_err=0 tx_drop=53078 hb_ms=0 sma_state=6 m7_us=816474231 m4_us=814280284 vdd=5.067 offset=0.5000 aref=3.145 loop_us_avg=33 loop_us_max=4995 loop_hz=30303 cycle_log_ms=1 n_cycle=4 cc=0 cc_hz=0 cc_i_tgt=0.2000 cc_u=0.7703 cc_r=3.9040 cc_tau_ms=7.00
[ 154.109] _ALM PGAH_ALM
[ 154.109] [ADC1] STATUS alarm(s): 0xCD
[ 154.935] [STATUS] t_ms=792003 hwm=4 cap=256 dropped=0 dropped_total=8734 crc_err=0 crc_err_total=0 rate1=512 rate2=511 prod1=512 prod2=512 dac_err=0 tx_drop=53078 hb_ms=0 sma_state=6 m7_us=817506436 m4_us=815311534 vdd=5.067 offset=0.5000 aref=3.145 loop_us_avg=33 loop_us_max=5030 loop_hz=30303 cycle_log_ms=1 n_cycle=4 cc=0 cc_hz=0 cc_i_tgt=0.2000 cc_u=0.7703 cc_r=3.9040 cc_tau_ms=7.00
[ 155.123] _ALM PGAH_ALM
[ 155.950] [STATUS] t_ms=793003 hwm=5 cap=256 dropped=0 dropped_total=8734 crc_err=0 crc_err_total=0 rate1=512 rate2=512 prod1=512 prod2=511 dac_err=0 tx_drop=53078 hb_ms=0 sma_state=6 m7_us=818538693 m4_us=816343832 vdd=5.067 offset=0.5000 aref=3.145 loop_us_avg=33 loop_us_max=4961 loop_hz=30303 cycle_log_ms=1 n_cycle=4 cc=0 cc_hz=0 cc_i_tgt=0.2000 cc_u=0.7703 cc_r=3.9040 cc_tau_ms=7.00
[ 156.139] _ALM
[ 156.139] PGAH_ALM
[ 156.961] [STATUS] t_ms=794003 hwm=5 cap=256 dropped=0 dropped_total=8734 crc_err=0 crc_err_total=0 rate1=512 rate2=512 prod1=512 prod2=512 dac_err=0 tx_drop=53078 hb_ms=0 sma_state=6 m7_us=819570994 m4_us=817376126 vdd=5.067 offset=0.5000 aref=3.145 loop_us_avg=33 loop_us_max=4914 loop_hz=30303 cycle_log_ms=1 n_cycle=4 cc=0 cc_hz=0 cc_i_tgt=0.2000 cc_u=0.7703 cc_r=3.9040 cc_tau_ms=7.00
[ 157.025] [SMA] [ACT] heat n=6/6 I=200.0mA ms=400
[ 157.148] _ALM PGAH_ALM
[ 157.464] [SMA] [ACT] cool n=6/6 I=0.0mA ms=30000
[ 158.029] [STATUS] t_ms=795003 hwm=5 cap=256 dropped=0 dropped_total=8734 crc_err=0 crc_err_total=0 rate1=512 rate2=512 prod1=512 prod2=512 dac_err=0 tx_drop=53078 hb_ms=0 sma_state=6 m7_us=820603258 m4_us=818408382 vdd=5.067 offset=0.5000 aref=3.145 loop_us_avg=45 loop_us_max=4954 loop_hz=22222 cycle_log_ms=1 n_cycle=4 cc=0 cc_hz=411 cc_i_tgt=0.2000 cc_u=0.7906 cc_r=3.9139 cc_tau_ms=7.00
[ 158.154] _ALM PGAH_ALM
[ 158.154] [ADC1] STATUS
[ 158.154] alarm(s): 0x4D P
[ 158.154] GAL
[ 159.041] [STATUS] t_ms=796003 hwm=5 cap=256 dropped=0 dropped_total=8734 crc_err=0 crc_err_total=0 rate1=512 rate2=512 prod1=512 prod2=513 dac_err=0 tx_drop=53078 hb_ms=0 sma_state=6 m7_us=821635511 m4_us=819440651 vdd=5.067 offset=0.5000 aref=3.145 loop_us_avg=33 loop_us_max=4954 loop_hz=30303 cycle_log_ms=1 n_cycle=4 cc=0 cc_hz=0 cc_i_tgt=0.2000 cc_u=0.7906 cc_r=3.9139 cc_tau_ms=7.00
[ 159.167] _ALM PG
[ 159.167] AH_ALM
[ 159.167] [ADC1] S
[ 159.167] TATUS alarm(s): 0
[ 160.055] [STATUS] t_ms=797003 hwm=5 cap=256 dropped=0 dropped_total=8734 crc_err=0 crc_err_total=0 rate1=512 rate2=512 prod1=512 prod2=512 dac_err=0 tx_drop=53078 hb_ms=0 sma_state=6 m7_us=822667766 m4_us=820472888 vdd=5.067 offset=0.5000 aref=3.145 loop_us_avg=34 loop_us_max=4943 loop_hz=29411 cycle_log_ms=1 n_cycle=4 cc=0 cc_hz=0 cc_i_tgt=0.2000 cc_u=0.7906 cc_r=3.9139 cc_tau_ms=7.00
[ 160.180] _ALM PGAH_ALM
[ 161.124] [STATUS] t_ms=798003 hwm=5 cap=256 dropped=0 dropped_total=8734 crc_err=0 crc_err_total=0 rate1=512 rate2=512 prod1=512 prod2=512 dac_err=0 tx_drop=53078 hb_ms=0 sma_state=6 m7_us=823700022 m4_us=821505131 vdd=5.067 offset=0.5000 aref=3.145 loop_us_avg=33 loop_us_max=4963 loop_hz=30303 cycle_log_ms=1 n_cycle=4 cc=0 cc_hz=0 cc_i_tgt=0.2000 cc_u=0.7906 cc_r=3.9139 cc_tau_ms=7.00
[ 161.188] _ALM PGA
[ 161.188] H_ALM
[ 162.138] [STATUS] t_ms=799003 hwm=5 cap=256 dropped=0 dropped_total=8734 crc_err=0 crc_err_total=0 rate1=512 rate2=512 prod1=512 prod2=511 dac_err=0 tx_drop=53078 hb_ms=0 sma_state=6 m7_us=824732237 m4_us=822537384 vdd=5.067 offset=0.5000 aref=3.145 loop_us_avg=33 loop_us_max=4974 loop_hz=30303 cycle_log_ms=1 n_cycle=4 cc=0 cc_hz=0 cc_i_tgt=0.2000 cc_u=0.7906 cc_r=3.9139 cc_tau_ms=7.00
[ 162.201] _ALM PGAH
[ 162.201] _ALM
[ 162.201] [ADC1] STATU
[ 163.207] [STATUS] t_ms=800003 hwm=5 cap=256 dropped=0 dropped_total=8734 crc_err=0 crc_err_total=0 rate1=512 rate2=512 prod1=512 prod2=512 dac_err=0 tx_drop=53078 hb_ms=0 sma_state=6 m7_us=825764537 m4_us=823569627 vdd=5.067 offset=0.5000 aref=3.145 loop_us_avg=33 loop_us_max=4930 loop_hz=30303 cycle_log_ms=1 n_cycle=4 cc=0 cc_hz=0 cc_i_tgt=0.2000 cc_u=0.7906 cc_r=3.9139 cc_tau_ms=7.00
[ 163.207] _ALM
[ 163.207] PGAH_ALM
[ 163.207] [ADC1] STA
[ 163.207] TUS alarm(s):
[ 164.223] _ALM PGAH_
[ 164.223] ALM
[ 164.223] [STATUS] t_ms=801003 hwm=5 cap=256 dropped=0 dropped_total=8734 crc_err=0 crc_err_total=0 rate1=512 rate2=513 prod1=512 prod2=513 dac_err=0 tx_drop=53078 hb_ms=0 sma_state=6 m7_us=826796804 m4_us=824602889 vdd=5.067 offset=0.5000 aref=3.145 loop_us_avg=34 loop_us_max=4987 loop_hz=29411 cycle_log_ms=1 n_cycle=4 cc=0 cc_hz=0 cc_i_tgt=0.2000 cc_u=0.7906 cc_r=3.9139 cc_tau_ms=7.00
[ 165.232] _A
[ 165.232] LM PGAH_ALM
[ 165.232] [ADC
[ 165.232] 1] STATUS alarm(s
[ 165.232] [STATUS] t_ms=802003 hwm=4 cap=256 dropped=0 dropped_total=8734 crc_err=0 crc_err_total=0 rate1=512 rate2=512 prod1=512 prod2=512 dac_err=0 tx_drop=53078 hb_ms=0 sma_state=6 m7_us=827829051 m4_us=825635151 vdd=5.067 offset=0.5000 aref=3.145 loop_us_avg=33 loop_us_max=5003 loop_hz=30303 cycle_log_ms=1 n_cycle=4 cc=0 cc_hz=0 cc_i_tgt=0.2000 cc_u=0.7906 cc_r=3.9139 cc_tau_ms=7.00
[ 166.246] _ALM PGAH_ALM
[ 166.246] [ADC1] STATUS ala
[ 166.246] [STATUS] t_ms=803003 hwm=4 cap=256 dropped=0 dropped_total=8734 crc_err=0 crc_err_total=0 rate1=512 rate2=511 prod1=512 prod2=512 dac_err=0 tx_drop=53078 hb_ms=0 sma_state=6 m7_us=828861368 m4_us=826666466 vdd=5.067 offset=0.5000 aref=3.145 loop_us_avg=33 loop_us_max=4996 loop_hz=30303 cycle_log_ms=1 n_cycle=4 cc=0 cc_hz=0 cc_i_tgt=0.2000 cc_u=0.7906 cc_r=3.9139 cc_tau_ms=7.00
[ 167.199] _ALM PGAH_ALM
[ 167.324] [STATUS] t_ms=804003 hwm=5 cap=256 dropped=0 dropped_total=8734 crc_err=0 crc_err_total=0 rate1=512 rate2=512 prod1=512 prod2=511 dac_err=0 tx_drop=53078 hb_ms=0 sma_state=6 m7_us=829893666 m4_us=827698802 vdd=5.067 offset=0.5000 aref=3.145 loop_us_avg=33 loop_us_max=4955 loop_hz=30303 cycle_log_ms=1 n_cycle=4 cc=0 cc_hz=0 cc_i_tgt=0.2000 cc_u=0.7906 cc_r=3.9139 cc_tau_ms=7.00
[ 168.210] _ALM
[ 168.210] PGAH_ALM
[ 168.210] [ADC1
[ 168.338] [STATUS] t_ms=805003 hwm=5 cap=256 dropped=0 dropped_total=8734 crc_err=0 crc_err_total=0 rate1=512 rate2=513 prod1=512 prod2=513 dac_err=0 tx_drop=53078 hb_ms=0 sma_state=6 m7_us=830926027 m4_us=828732095 vdd=5.067 offset=0.5000 aref=3.145 loop_us_avg=33 loop_us_max=4945 loop_hz=30303 cycle_log_ms=1 n_cycle=4 cc=0 cc_hz=0 cc_i_tgt=0.2000 cc_u=0.7906 cc_r=3.9139 cc_tau_ms=7.00
[ 169.226] _A
[ 169.226] LM PGAH_ALM
[ 169.226] [A
[ 169.226] DC1] STATUS ala
[ 169.351] [STATUS] t_ms=806003 hwm=4 cap=256 dropped=0 dropped_total=8734 crc_err=0 crc_err_total=0 rate1=512 rate2=511 prod1=512 prod2=511 dac_err=0 tx_drop=53078 hb_ms=0 sma_state=6 m7_us=831958239 m4_us=829763339 vdd=5.067 offset=0.5000 aref=3.145 loop_us_avg=33 loop_us_max=5016 loop_hz=30303 cycle_log_ms=1 n_cycle=4 cc=0 cc_hz=0 cc_i_tgt=0.2000 cc_u=0.7906 cc_r=3.9139 cc_tau_ms=7.00
[ 170.241] _ALM PGA
[ 170.241] H_ALM
[ 170.241] [ADC1] STA
[ 170.241] TUS alarm(s): 0xD
[ 170.430] [STATUS] t_ms=807003 hwm=5 cap=256 dropped=0 dropped_total=8734 crc_err=0 crc_err_total=0 rate1=512 rate2=512 prod1=512 prod2=513 dac_err=0 tx_drop=53078 hb_ms=0 sma_state=6 m7_us=832990491 m4_us=830795602 vdd=5.067 offset=0.5000 aref=3.145 loop_us_avg=33 loop_us_max=4968 loop_hz=30303 cycle_log_ms=1 n_cycle=4 cc=0 cc_hz=0 cc_i_tgt=0.2000 cc_u=0.7906 cc_r=3.9139 cc_tau_ms=7.00
[ 171.256] _ALM PGAH_ALM
[ 171.447] [STATUS] t_ms=808003 hwm=5 cap=256 dropped=0 dropped_total=8734 crc_err=0 crc_err_total=0 rate1=512 rate2=513 prod1=512 prod2=512 dac_err=0 tx_drop=53078 hb_ms=0 sma_state=6 m7_us=834022802 m4_us=831828857 vdd=5.067 offset=0.5000 aref=3.145 loop_us_avg=34 loop_us_max=5031 loop_hz=29411 cycle_log_ms=1 n_cycle=4 cc=0 cc_hz=0 cc_i_tgt=0.2000 cc_u=0.7906 cc_r=3.9139 cc_tau_ms=7.00
[ 172.272] _ALM PGAH_ALM
[ 172.462] [STATUS] t_ms=809003 hwm=4 cap=256 dropped=0 dropped_total=8734 crc_err=0 crc_err_total=0 rate1=512 rate2=511 prod1=512 prod2=512 dac_err=0 tx_drop=53078 hb_ms=0 sma_state=6 m7_us=835054999 m4_us=832860126 vdd=5.067 offset=0.5000 aref=3.145 loop_us_avg=33 loop_us_max=5001 loop_hz=30303 cycle_log_ms=1 n_cycle=4 cc=0 cc_hz=0 cc_i_tgt=0.2000 cc_u=0.7906 cc_r=3.9139 cc_tau_ms=7.00
[ 173.287] _ALM
[ 173.287] PGAH_ALM
[ 173.287] [ADC1
[ 173.477] [STATUS] t_ms=810003 hwm=5 cap=256 dropped=0 dropped_total=8734 crc_err=0 crc_err_total=0 rate1=512 rate2=512 prod1=512 prod2=512 dac_err=0 tx_drop=53078 hb_ms=0 sma_state=6 m7_us=836087266 m4_us=833892382 vdd=5.067 offset=0.5000 aref=3.145 loop_us_avg=33 loop_us_max=4934 loop_hz=30303 cycle_log_ms=1 n_cycle=4 cc=0 cc_hz=0 cc_i_tgt=0.2000 cc_u=0.7906 cc_r=3.9139 cc_tau_ms=7.00
[ 174.297] _ALM PGAH_A
[ 174.297] [ADC1] STATU
[ 174.297] S alarm(s): 0x4D P
[ 174.297] GAL
[ 174.551] [STATUS] t_ms=811003 hwm=5 cap=256 dropped=0 dropped_total=8734 crc_err=0 crc_err_total=0 rate1=512 rate2=513 prod1=512 prod2=512 dac_err=0 tx_drop=53078 hb_ms=0 sma_state=6 m7_us=837119570 m4_us=834925635 vdd=5.067 offset=0.5000 aref=3.145 loop_us_avg=33 loop_us_max=4941 loop_hz=30303 cycle_log_ms=1 n_cycle=4 cc=0 cc_hz=0 cc_i_tgt=0.2000 cc_u=0.7906 cc_r=3.9139 cc_tau_ms=7.00
[ 175.312] _ALM PG
[ 175.312] AH_ALM
[ 175.312] [ADC1] S
[ 175.312] TATUS alarm(s):
[ 175.564] [STATUS] t_ms=812003 hwm=4 cap=256 dropped=0 dropped_total=8734 crc_err=0 crc_err_total=0 rate1=512 rate2=512 prod1=512 prod2=512 dac_err=0 tx_drop=53078 hb_ms=0 sma_state=6 m7_us=838151827 m4_us=835957907 vdd=5.067 offset=0.5000 aref=3.145 loop_us_avg=33 loop_us_max=5000 loop_hz=30303 cycle_log_ms=1 n_cycle=4 cc=0 cc_hz=0 cc_i_tgt=0.2000 cc_u=0.7906 cc_r=3.9139 cc_tau_ms=7.00
[ 176.326] _ALM PGAH_ALM
[ 176.326] [ADC1] STATUS alarm(s
[ 176.577] [STATUS] t_ms=813003 hwm=4 cap=256 dropped=0 dropped_total=8734 crc_err=0 crc_err_total=0 rate1=512 rate2=511 prod1=512 prod2=511 dac_err=0 tx_drop=53078 hb_ms=0 sma_state=6 m7_us=839183986 m4_us=836989134 vdd=5.067 offset=0.5000 aref=3.145 loop_us_avg=33 loop_us_max=4991 loop_hz=30303 cycle_log_ms=1 n_cycle=4 cc=0 cc_hz=0 cc_i_tgt=0.2000 cc_u=0.7906 cc_r=3.9139 cc_tau_ms=7.00
[ 177.339] _ALM PGAH_ALM
[ 177.652] [STATUS] t_ms=814003 hwm=5 cap=256 dropped=0 dropped_total=8734 crc_err=0 crc_err_total=0 rate1=512 rate2=512 prod1=512 prod2=512 dac_err=0 tx_drop=53078 hb_ms=0 sma_state=6 m7_us=840216289 m4_us=838021397 vdd=5.067 offset=0.5000 aref=3.145 loop_us_avg=33 loop_us_max=4958 loop_hz=30303 cycle_log_ms=1 n_cycle=4 cc=0 cc_hz=0 cc_i_tgt=0.2000 cc_u=0.7906 cc_r=3.9139 cc_tau_ms=7.00
[ 178.288] _ALM
[ 178.288] PGAH_ALM
[ 178.670] [STATUS] t_ms=815003 hwm=5 cap=256 dropped=0 dropped_total=8734 crc_err=0 crc_err_total=0 rate1=512 rate2=512 prod1=512 prod2=512 dac_err=0 tx_drop=53078 hb_ms=0 sma_state=6 m7_us=841248545 m4_us=839053653 vdd=5.067 offset=0.5000 aref=3.145 loop_us_avg=33 loop_us_max=4965 loop_hz=30303 cycle_log_ms=1 n_cycle=4 cc=0 cc_hz=0 cc_i_tgt=0.2000 cc_u=0.7906 cc_r=3.9139 cc_tau_ms=7.00
[ 179.306] _ALM P
[ 179.306] GAH_ALM
[ 179.306] [ADC1] STAT
[ 179.687] [STATUS] t_ms=816003 hwm=5 cap=256 dropped=0 dropped_total=8734 crc_err=0 crc_err_total=0 rate1=512 rate2=513 prod1=512 prod2=513 dac_err=0 tx_drop=53078 hb_ms=0 sma_state=6 m7_us=842280897 m4_us=840086969 vdd=5.067 offset=0.5000 aref=3.145 loop_us_avg=33 loop_us_max=4961 loop_hz=30303 cycle_log_ms=1 n_cycle=4 cc=0 cc_hz=0 cc_i_tgt=0.2000 cc_u=0.7906 cc_r=3.9139 cc_tau_ms=7.00
[ 180.320] _A
[ 180.320] LM PGAH_ALM
[ 180.320] [AD
[ 180.320] C1] STATUS alarm
[ 180.700] [STATUS] t_ms=817003 hwm=4 cap=256 dropped=0 dropped_total=8734 crc_err=0 crc_err_total=0 rate1=512 rate2=511 prod1=512 prod2=511 dac_err=0 tx_drop=53078 hb_ms=0 sma_state=6 m7_us=843313151 m4_us=841118264 vdd=5.067 offset=0.5000 aref=3.145 loop_us_avg=33 loop_us_max=5014 loop_hz=30303 cycle_log_ms=1 n_cycle=4 cc=0 cc_hz=0 cc_i_tgt=0.2000 cc_u=0.7906 cc_r=3.9139 cc_tau_ms=7.00
[ 181.334] _ALM
[ 181.334] PGAH_ALM
[ 181.334] [ADC1] S
[ 181.334] TATUS alarm(s):
[ 181.777] [STATUS] t_ms=818003 hwm=5 cap=256 dropped=0 dropped_total=8734 crc_err=0 crc_err_total=0 rate1=512 rate2=512 prod1=512 prod2=512 dac_err=0 tx_drop=53078 hb_ms=0 sma_state=6 m7_us=844345417 m4_us=842150533 vdd=5.067 offset=0.5000 aref=3.145 loop_us_avg=33 loop_us_max=4974 loop_hz=30303 cycle_log_ms=1 n_cycle=4 cc=0 cc_hz=0 cc_i_tgt=0.2000 cc_u=0.7906 cc_r=3.9139 cc_tau_ms=7.00
[ 182.350] _ALM PGAH_ALM
[ 182.790] [STATUS] t_ms=819003 hwm=5 cap=256 dropped=0 dropped_total=8734 crc_err=0 crc_err_total=0 rate1=512 rate2=512 prod1=512 prod2=512 dac_err=0 tx_drop=53078 hb_ms=0 sma_state=6 m7_us=845377669 m4_us=843182805 vdd=5.067 offset=0.5000 aref=3.145 loop_us_avg=33 loop_us_max=4969 loop_hz=30303 cycle_log_ms=1 n_cycle=4 cc=0 cc_hz=0 cc_i_tgt=0.2000 cc_u=0.7906 cc_r=3.9139 cc_tau_ms=7.00
[ 183.361] _ALM PGAH_ALM
[ 183.803] [STATUS] t_ms=820003 hwm=5 cap=256 dropped=0 dropped_total=8734 crc_err=0 crc_err_total=0 rate1=512 rate2=512 prod1=512 prod2=512 dac_err=0 tx_drop=53078 hb_ms=0 sma_state=6 m7_us=846409926 m4_us=844215061 vdd=5.067 offset=0.5000 aref=3.145 loop_us_avg=34 loop_us_max=4952 loop_hz=29411 cycle_log_ms=1 n_cycle=4 cc=0 cc_hz=0 cc_i_tgt=0.2000 cc_u=0.7906 cc_r=3.9139 cc_tau_ms=7.00
[ 184.373] _ALM P
[ 184.373] GAH_ALM
[ 184.373] [ADC1]
[ 184.873] [STATUS] t_ms=821003 hwm=5 cap=256 dropped=0 dropped_total=8734 crc_err=0 crc_err_total=0 rate1=512 rate2=513 prod1=512 prod2=513 dac_err=0 tx_drop=53078 hb_ms=0 sma_state=6 m7_us=847442286 m4_us=845248358 vdd=5.067 offset=0.5000 aref=3.145 loop_us_avg=33 loop_us_max=4950 loop_hz=30303 cycle_log_ms=1 n_cycle=4 cc=0 cc_hz=0 cc_i_tgt=0.2000 cc_u=0.7906 cc_r=3.9139 cc_tau_ms=7.00
[ 185.376] _ALM
[ 185.376] PGAH_ALM
[ 185.376] [ADC1]
[ 185.376] STATUS alarm(s)
