2026-06-30 14:48:39,235  INFO   root                Session: console_20260630_144839
2026-06-30 14:48:39,235  INFO   root                Output:  C:\Users\yilin\Documents\GitHubRepo_Research\MicroTensileMachine\MicroTensileMachine\Experiment_SMACharacterizationV3\data\console_20260630_144839
2026-06-30 14:48:39,235  INFO   root                Config:  C:\Users\yilin\Documents\GitHubRepo_Research\MicroTensileMachine\MicroTensileMachine\Experiment_SMACharacterizationV3\config.yaml  headless=False
2026-06-30 14:48:40,314  INFO   LCRMeter            Auto-detecting E4980A/AL LCR meter...
2026-06-30 14:48:40,319  INFO   PortentaReader      Opened COM8 @ 115200 baud, waiting 4.0s for firmware boot...
2026-06-30 14:48:40,323  INFO   PortentaReader      boot banner (2 lines):
2026-06-30 14:48:40,323  INFO   PortentaReader        	5930
2026-06-30 14:48:40,323  INFO   PortentaReader        15840	2	133590	0.079626	16037068	5930
2026-06-30 14:48:40,570  INFO   LCRMeter            Using VISA backend: @py
2026-06-30 14:48:41,588  INFO   Driver_ZaberStage   Configuration saved to zaber_config.json
2026-06-30 14:48:41,619  INFO   Driver_ZaberStage   Connected to X-LSQ300A-E01 on COM5
2026-06-30 14:48:41,625  INFO   LCRMeter            Found 3 instruments
2026-06-30 14:48:41,635  INFO   ZaberWorker         Zaber ready: DeviceInfo(port='COM5', device_id=50138, serial_number='143153', name='X-LSQ300A-E01', firmware_version='7.48.24004', device_type='Linear Stage', axis_count=1)
2026-06-30 14:48:41,753  INFO   LCRMeter            Connected: Keysight Technologies,E4980AL,MY54414655,B.07.05
2026-06-30 14:48:42,260  INFO   LCRMeter            Configured: 1000000Hz, 0.5V, LSRS
2026-06-30 14:48:42,260  INFO   LcrWorker           LCR ready: Keysight Technologies,E4980AL,MY54414655,B.07.05
2026-06-30 14:48:42,318  INFO   H7Worker            H7 ready: port=COM8 baud=115200 channels=['laser', 'load', 'sma_i', 'sma_r', 'sma_v']
2026-06-30 14:48:42,319  INFO   RecordingCore       Running 10.0 s full system check...
2026-06-30 14:48:42,369  WARNING  RecordingCore       HEALTH: stage parked at 185.98 mm, outside the workflow window [5.0, 40.0] — move it into range before actuating
2026-06-30 14:48:42,370  INFO   RecordingCore       health H7    PASS (56) — combined firmware, 56 samples
2026-06-30 14:48:42,370  INFO   RecordingCore       health LCR   PASS (7) — E4980 ok, 7 samples, 7 finite
2026-06-30 14:48:42,370  INFO   RecordingCore       health stage PASS (37) — 37 reads, pos~185.98 mm (outside [5.0, 40.0] — move into range)
2026-06-30 14:50:51,850  INFO   H7Worker            H7 worker exit  (pushed=128032, dropped=0, filtered=0)
2026-06-30 14:50:51,903  INFO   LCRMeter            Connection closed
2026-06-30 14:50:51,903  INFO   LcrWorker           LCR worker exit  (pushed=8326, dropped=0)
2026-06-30 14:50:52,044  INFO   Driver_ZaberStage   Disconnected
2026-06-30 14:50:52,044  INFO   ZaberWorker         Zaber worker exit  (pushed=6258, dropped=0)
2026-06-30 14:50:52,065  INFO   RecordingCore       Wrote C:\Users\yilin\Documents\GitHubRepo_Research\MicroTensileMachine\MicroTensileMachine\Experiment_SMACharacterizationV3\data\console_20260630_144839\meta.json
