[   0.065] [SMA] ARMED (MOSFET on); idle=0.500 V
[   0.065] alar
[   0.065] _ALM PGAH_ALM
[   0.065] [ADC1] STATUS
[   0.066] [STATUS] t_ms=2111947 hwm=5 cap=256 dropped=0 dropped_total=38024 crc_err=0 crc_err_total=0 rate1=512 rate2=512 prod1=512 prod2=512 dac_err=0 tx_drop=376 hb_ms=0 sma_state=0 m7_us=2179551775 m4_us=2177357451 vdd=5.067 offset=0.5000 aref=3.145 loop_us_avg=21 loop_us_max=4627 loop_hz=47619 cycle_log_ms=1 n_cycle=4 cc=0 cc_hz=0 cc_i_tgt=0.1000 cc_u=0.5000 cc_r=5.1014 cc_tau_ms=7.00
[   0.631] alarm(s
[   0.631] PGAH_ALM
[   0.631] [ADC1
[   0.631] ] STATUS
[   1.072] [STATUS] t_ms=2112947 hwm=5 cap=256 dropped=0 dropped_total=38024 crc_err=0 crc_err_total=0 rate1=512 rate2=512 prod1=512 prod2=512 dac_err=0 tx_drop=376 hb_ms=0 sma_state=0 m7_us=2180584014 m4_us=2178389688 vdd=5.067 offset=0.5000 aref=3.145 loop_us_avg=22 loop_us_max=4631 loop_hz=45454 cycle_log_ms=1 n_cycle=4 cc=0 cc_hz=0 cc_i_tgt=0.1000 cc_u=0.5000 cc_r=5.1014 cc_tau_ms=7.00
[   1.632] alarm(s):
[   1.632] AH_ALM
[   1.632] [ADC1]
[   1.632] STATUS
[   0.062] [SMA] [CC] start i_high=150.0mA i_low=100.0mA t_high=300 t_idle=15000 n=6 (0=cont) tau_ms=7.0 wdt_ms=5000
[   0.062] [SMA] [ACT] heat n=1/6 I=150.0mA ms=300
[   0.062] [STATUS] t_ms=2113947 hwm=5 cap=256 dropped=0 dropped_total=38024 crc_err=0 crc_err_total=0 rate1=513 rate2=512 prod1=513 prod2=512 dac_err=0 tx_drop=376 hb_ms=0 sma_state=5 m7_us=2181617012 m4_us=2179422983 vdd=5.067 offset=0.5000 aref=3.145 loop_us_avg=23 loop_us_max=4659 loop_hz=43478 cycle_log_ms=1 n_cycle=4 cc=1 cc_hz=32 cc_i_tgt=0.1500 cc_u=0.5647 cc_r=3.8242 cc_tau_ms=7.00
[   0.313] [SMA] [ACT] cool n=1/6 I=100.0mA ms=15000
[   0.630] alar
[   0.630] [ADC1] STATUS
[   1.131] [STATUS] t_ms=2114947 hwm=5 cap=256 dropped=0 dropped_total=38024 crc_err=0 crc_err_total=0 rate1=512 rate2=512 prod1=512 prod2=512 dac_err=0 tx_drop=376 hb_ms=0 sma_state=6 m7_us=2182649191 m4_us=2180455191 vdd=5.067 offset=0.5000 aref=3.145 loop_us_avg=93 loop_us_max=5457 loop_hz=10752 cycle_log_ms=1 n_cycle=4 cc=1 cc_hz=1026 cc_i_tgt=0.1000 cc_u=0.5000 cc_r=5.1276 cc_tau_ms=7.00
[   1.631] alarm(s): 0x4D
[   1.631] [ADC1] STATUS
[   2.131] [STATUS] t_ms=2115947 hwm=5 cap=256 dropped=0 dropped_total=38024 crc_err=0 crc_err_total=0 rate1=512 rate2=512 prod1=512 prod2=512 dac_err=0 tx_drop=376 hb_ms=0 sma_state=6 m7_us=2183681310 m4_us=2181487312 vdd=5.067 offset=0.5000 aref=3.145 loop_us_avg=93 loop_us_max=5469 loop_hz=10752 cycle_log_ms=1 n_cycle=4 cc=1 cc_hz=1027 cc_i_tgt=0.1000 cc_u=0.5023 cc_r=4.9957 cc_tau_ms=7.00
[   2.634] [ADC1] STATUS
[   3.138] [STATUS] t_ms=2116947 hwm=5 cap=256 dropped=0 dropped_total=38024 crc_err=0 crc_err_total=0 rate1=512 rate2=512 prod1=512 prod2=512 dac_err=0 tx_drop=376 hb_ms=0 sma_state=6 m7_us=2184713383 m4_us=2182519386 vdd=5.067 offset=0.5000 aref=3.145 loop_us_avg=94 loop_us_max=5402 loop_hz=10638 cycle_log_ms=1 n_cycle=4 cc=1 cc_hz=1027 cc_i_tgt=0.1000 cc_u=0.5114 cc_r=5.1122 cc_tau_ms=7.00
[   3.646] [ADC1] STATUS
[   4.211] [STATUS] t_ms=2117947 hwm=5 cap=256 dropped=0 dropped_total=38024 crc_err=0 crc_err_total=0 rate1=512 rate2=512 prod1=512 prod2=512 dac_err=0 tx_drop=376 hb_ms=0 sma_state=6 m7_us=2185745456 m4_us=2183551450 vdd=5.067 offset=0.5000 aref=3.145 loop_us_avg=93 loop_us_max=5405 loop_hz=10752 cycle_log_ms=1 n_cycle=4 cc=1 cc_hz=1027 cc_i_tgt=0.1000 cc_u=0.5305 cc_r=5.0191 cc_tau_ms=7.00
[   4.655] [ADC1] STATUS
[   5.221] [STATUS] t_ms=2118947 hwm=5 cap=256 dropped=0 dropped_total=38024 crc_err=0 crc_err_total=0 rate1=512 rate2=512 prod1=512 prod2=512 dac_err=0 tx_drop=376 hb_ms=0 sma_state=6 m7_us=2186777469 m4_us=2184583482 vdd=5.067 offset=0.5000 aref=3.145 loop_us_avg=94 loop_us_max=5402 loop_hz=10638 cycle_log_ms=1 n_cycle=4 cc=1 cc_hz=1027 cc_i_tgt=0.1000 cc_u=0.5000 cc_r=4.9455 cc_tau_ms=7.00
[   5.659] [ADC1] STATUS
[   6.290] [STATUS] t_ms=2119947 hwm=5 cap=256 dropped=0 dropped_total=38024 crc_err=0 crc_err_total=0 rate1=512 rate2=512 prod1=512 prod2=512 dac_err=0 tx_drop=376 hb_ms=0 sma_state=6 m7_us=2187809570 m4_us=2185615571 vdd=5.067 offset=0.5000 aref=3.145 loop_us_avg=94 loop_us_max=5402 loop_hz=10638 cycle_log_ms=1 n_cycle=4 cc=1 cc_hz=1027 cc_i_tgt=0.1000 cc_u=0.5000 cc_r=4.9459 cc_tau_ms=7.00
[   6.668] alarm(s):
[   6.668] H_ALM
[   6.668] [ADC1] STATUS
[   7.298] [STATUS] t_ms=2120947 hwm=5 cap=256 dropped=0 dropped_total=38024 crc_err=0 crc_err_total=0 rate1=512 rate2=512 prod1=512 prod2=512 dac_err=0 tx_drop=376 hb_ms=0 sma_state=6 m7_us=2188841592 m4_us=2186647600 vdd=5.067 offset=0.5000 aref=3.145 loop_us_avg=94 loop_us_max=5418 loop_hz=10638 cycle_log_ms=1 n_cycle=4 cc=1 cc_hz=1027 cc_i_tgt=0.1000 cc_u=0.5000 cc_r=4.9932 cc_tau_ms=7.00
[   7.676] [ADC1] STATUS
[   8.307] [STATUS] t_ms=2121947 hwm=5 cap=256 dropped=0 dropped_total=38024 crc_err=0 crc_err_total=0 rate1=512 rate2=512 prod1=512 prod2=512 dac_err=0 tx_drop=376 hb_ms=0 sma_state=6 m7_us=2189873636 m4_us=2187679639 vdd=5.067 offset=0.5000 aref=3.145 loop_us_avg=94 loop_us_max=5398 loop_hz=10638 cycle_log_ms=1 n_cycle=4 cc=1 cc_hz=1027 cc_i_tgt=0.1000 cc_u=0.5105 cc_r=4.9922 cc_tau_ms=7.00
[   8.689] [ADC1] STATUS
[   9.381] [STATUS] t_ms=2122947 hwm=5 cap=256 dropped=0 dropped_total=38024 crc_err=0 crc_err_total=0 rate1=511 rate2=512 prod1=511 prod2=512 dac_err=0 tx_drop=376 hb_ms=0 sma_state=6 m7_us=2190905140 m4_us=2188710699 vdd=5.067 offset=0.5000 aref=3.145 loop_us_avg=93 loop_us_max=5518 loop_hz=10752 cycle_log_ms=1 n_cycle=4 cc=1 cc_hz=1026 cc_i_tgt=0.1000 cc_u=0.5094 cc_r=5.0335 cc_tau_ms=7.00
[   9.698] [ADC1] STATUS
[  10.388] [STATUS] t_ms=2123947 hwm=5 cap=256 dropped=0 dropped_total=38024 crc_err=0 crc_err_total=0 rate1=513 rate2=512 prod1=513 prod2=512 dac_err=0 tx_drop=376 hb_ms=0 sma_state=6 m7_us=2191937842 m4_us=2189743776 vdd=5.067 offset=0.5000 aref=3.145 loop_us_avg=94 loop_us_max=5413 loop_hz=10638 cycle_log_ms=1 n_cycle=4 cc=1 cc_hz=1025 cc_i_tgt=0.1000 cc_u=0.5000 cc_r=5.0425 cc_tau_ms=7.00
[  10.704] alarm(s): 0
[  10.704] [ADC1] STATUS
[  11.394] [STATUS] t_ms=2124947 hwm=5 cap=256 dropped=0 dropped_total=38024 crc_err=0 crc_err_total=0 rate1=511 rate2=512 prod1=511 prod2=512 dac_err=0 tx_drop=376 hb_ms=0 sma_state=6 m7_us=2192969312 m4_us=2190774872 vdd=5.067 offset=0.5000 aref=3.145 loop_us_avg=94 loop_us_max=5486 loop_hz=10638 cycle_log_ms=1 n_cycle=4 cc=1 cc_hz=1026 cc_i_tgt=0.1000 cc_u=0.5018 cc_r=5.0197 cc_tau_ms=7.00
[  11.710] [ADC1] STATUS
[  12.466] [STATUS] t_ms=2125947 hwm=5 cap=256 dropped=0 dropped_total=38024 crc_err=0 crc_err_total=0 rate1=513 rate2=512 prod1=513 prod2=512 dac_err=0 tx_drop=376 hb_ms=0 sma_state=6 m7_us=2194001989 m4_us=2191807975 vdd=5.067 offset=0.5000 aref=3.145 loop_us_avg=93 loop_us_max=5415 loop_hz=10752 cycle_log_ms=1 n_cycle=4 cc=1 cc_hz=1024 cc_i_tgt=0.1000 cc_u=0.5168 cc_r=5.0334 cc_tau_ms=7.00
[  12.716] [ADC1] STATUS
[  13.471] [STATUS] t_ms=2126947 hwm=5 cap=256 dropped=0 dropped_total=38024 crc_err=0 crc_err_total=0 rate1=511 rate2=512 prod1=511 prod2=512 dac_err=0 tx_drop=376 hb_ms=0 sma_state=6 m7_us=2195033420 m4_us=2192838990 vdd=5.067 offset=0.5000 aref=3.145 loop_us_avg=94 loop_us_max=5426 loop_hz=10638 cycle_log_ms=1 n_cycle=4 cc=1 cc_hz=1026 cc_i_tgt=0.1000 cc_u=0.5026 cc_r=5.0404 cc_tau_ms=7.00
[  13.724] [ADC1] STATUS
[  14.541] [STATUS] t_ms=2127947 hwm=5 cap=256 dropped=0 dropped_total=38024 crc_err=0 crc_err_total=0 rate1=513 rate2=512 prod1=513 prod2=512 dac_err=0 tx_drop=376 hb_ms=0 sma_state=6 m7_us=2196066039 m4_us=2193872026 vdd=5.067 offset=0.5000 aref=3.145 loop_us_avg=94 loop_us_max=5404 loop_hz=10638 cycle_log_ms=1 n_cycle=4 cc=1 cc_hz=1025 cc_i_tgt=0.1000 cc_u=0.5000 cc_r=5.0533 cc_tau_ms=7.00
[  14.729] [ADC1] STATUS
[  15.548] [STATUS] t_ms=2128947 hwm=5 cap=256 dropped=0 dropped_total=38024 crc_err=0 crc_err_total=0 rate1=511 rate2=512 prod1=511 prod2=512 dac_err=0 tx_drop=376 hb_ms=0 sma_state=6 m7_us=2197097467 m4_us=2194903032 vdd=5.067 offset=0.5000 aref=3.145 loop_us_avg=92 loop_us_max=5421 loop_hz=10869 cycle_log_ms=1 n_cycle=4 cc=1 cc_hz=1026 cc_i_tgt=0.1000 cc_u=0.5125 cc_r=5.0585 cc_tau_ms=7.00
[  15.736] [ADC1] STATUS
[  15.799] [SMA] [ACT] heat n=2/6 I=150.0mA ms=300
[  16.114] [SMA] [ACT] cool n=2/6 I=100.0mA ms=15000
[  16.554] [STATUS] t_ms=2129947 hwm=5 cap=256 dropped=0 dropped_total=38024 crc_err=0 crc_err_total=0 rate1=513 rate2=512 prod1=513 prod2=512 dac_err=0 tx_drop=376 hb_ms=0 sma_state=6 m7_us=2198130168 m4_us=2195936045 vdd=5.067 offset=0.5000 aref=3.145 loop_us_avg=93 loop_us_max=5491 loop_hz=10752 cycle_log_ms=1 n_cycle=4 cc=1 cc_hz=1023 cc_i_tgt=0.1000 cc_u=0.5281 cc_r=5.0330 cc_tau_ms=7.00
[  16.742] ala
[  16.742] GAH_ALM
[  16.742] [ADC1] STATUS
[  17.623] [STATUS] t_ms=2130947 hwm=5 cap=256 dropped=0 dropped_total=38024 crc_err=0 crc_err_total=0 rate1=511 rate2=512 prod1=511 prod2=512 dac_err=0 tx_drop=376 hb_ms=0 sma_state=6 m7_us=2199161488 m4_us=2196967038 vdd=5.067 offset=0.5000 aref=3.145 loop_us_avg=92 loop_us_max=5533 loop_hz=10869 cycle_log_ms=1 n_cycle=4 cc=1 cc_hz=1026 cc_i_tgt=0.1000 cc_u=0.5000 cc_r=5.0643 cc_tau_ms=7.00
[  17.748] [ADC1] STATUS
[  18.878] [STATUS] t_ms=2131947 hwm=5 cap=256 dropped=0 dropped_total=38024 crc_err=0 crc_err_total=0 rate1=513 rate2=512 prod1=513 prod2=512 dac_err=0 tx_drop=376 hb_ms=0 sma_state=6 m7_us=2200194069 m4_us=2198000074 vdd=5.067 offset=0.5000 aref=3.145 loop_us_avg=93 loop_us_max=5420 loop_hz=10752 cycle_log_ms=1 n_cycle=4 cc=1 cc_hz=1024 cc_i_tgt=0.1000 cc_u=0.5010 cc_r=4.9696 cc_tau_ms=7.00
[  18.879] [ADC1] STATUS
[  19.697] [STATUS] t_ms=2132947 hwm=20 cap=256 dropped=0 dropped_total=38024 crc_err=0 crc_err_total=0 rate1=512 rate2=512 prod1=512 prod2=512 dac_err=0 tx_drop=376 hb_ms=0 sma_state=6 m7_us=2201226176 m4_us=2199032087 vdd=5.067 offset=0.5000 aref=3.145 loop_us_avg=94 loop_us_max=19669 loop_hz=10638 cycle_log_ms=1 n_cycle=4 cc=1 cc_hz=1006 cc_i_tgt=0.1000 cc_u=0.5046 cc_r=5.0419 cc_tau_ms=7.00
[  19.760] [ADC1] STATUS
[  20.708] [STATUS] t_ms=2133947 hwm=5 cap=256 dropped=0 dropped_total=38024 crc_err=0 crc_err_total=0 rate1=511 rate2=512 prod1=511 prod2=512 dac_err=0 tx_drop=376 hb_ms=0 sma_state=6 m7_us=2202257529 m4_us=2200063102 vdd=5.067 offset=0.5000 aref=3.145 loop_us_avg=93 loop_us_max=5506 loop_hz=10752 cycle_log_ms=1 n_cycle=4 cc=1 cc_hz=1026 cc_i_tgt=0.1000 cc_u=0.5360 cc_r=5.0930 cc_tau_ms=7.00
[  20.769] LM PGAH_ALM
[  20.769] [AD
[  20.769] C1] STATUS
[  21.713] [STATUS] t_ms=2134947 hwm=5 cap=256 dropped=0 dropped_total=38024 crc_err=0 crc_err_total=0 rate1=513 rate2=512 prod1=513 prod2=512 dac_err=0 tx_drop=376 hb_ms=0 sma_state=6 m7_us=2203290157 m4_us=2201096160 vdd=5.067 offset=0.5000 aref=3.145 loop_us_avg=93 loop_us_max=5401 loop_hz=10752 cycle_log_ms=1 n_cycle=4 cc=1 cc_hz=1024 cc_i_tgt=0.1000 cc_u=0.5094 cc_r=5.0637 cc_tau_ms=7.00
[  21.777] alarm(s):
[  21.777] [ADC1] STATUS
[  22.781] [STATUS] t_ms=2135947 hwm=5 cap=256 dropped=0 dropped_total=38024 crc_err=0 crc_err_total=0 rate1=511 rate2=512 prod1=511 prod2=512 dac_err=0 tx_drop=376 hb_ms=0 sma_state=6 m7_us=2204321590 m4_us=2202127160 vdd=5.067 offset=0.5000 aref=3.145 loop_us_avg=94 loop_us_max=5402 loop_hz=10638 cycle_log_ms=1 n_cycle=4 cc=1 cc_hz=1026 cc_i_tgt=0.1000 cc_u=0.5130 cc_r=5.0374 cc_tau_ms=7.00
[  22.781] [ADC1] STATUS
[  23.789] alarm(s): 0xC
[  23.789] [ADC1] STATUS
[  23.789] [STATUS] t_ms=2136947 hwm=5 cap=256 dropped=0 dropped_total=38024 crc_err=0 crc_err_total=0 rate1=513 rate2=512 prod1=513 prod2=512 dac_err=0 tx_drop=376 hb_ms=0 sma_state=6 m7_us=2205354189 m4_us=2203160173 vdd=5.067 offset=0.5000 aref=3.145 loop_us_avg=94 loop_us_max=5397 loop_hz=10638 cycle_log_ms=1 n_cycle=4 cc=1 cc_hz=1026 cc_i_tgt=0.1000 cc_u=0.5000 cc_r=5.0439 cc_tau_ms=7.00
[  24.799] alarm(s
[  24.799] AH_ALM
[  24.799] [ADC1] STATUS
[  24.862] [STATUS] t_ms=2137947 hwm=5 cap=256 dropped=0 dropped_total=38024 crc_err=0 crc_err_total=0 rate1=512 rate2=512 prod1=512 prod2=512 dac_err=0 tx_drop=376 hb_ms=0 sma_state=6 m7_us=2206386145 m4_us=2204192147 vdd=5.067 offset=0.5000 aref=3.145 loop_us_avg=94 loop_us_max=5636 loop_hz=10638 cycle_log_ms=1 n_cycle=4 cc=1 cc_hz=1025 cc_i_tgt=0.1000 cc_u=0.5000 cc_r=5.0766 cc_tau_ms=7.00
[  25.807] [ADC1] STATUS
[  25.870] [STATUS] t_ms=2138947 hwm=5 cap=256 dropped=0 dropped_total=38024 crc_err=0 crc_err_total=0 rate1=511 rate2=512 prod1=511 prod2=512 dac_err=0 tx_drop=376 hb_ms=0 sma_state=6 m7_us=2207417569 m4_us=2205223141 vdd=5.067 offset=0.5000 aref=3.145 loop_us_avg=94 loop_us_max=5415 loop_hz=10638 cycle_log_ms=1 n_cycle=4 cc=1 cc_hz=1026 cc_i_tgt=0.1000 cc_u=0.5235 cc_r=5.0551 cc_tau_ms=7.00
[  26.817] [ADC1] STATUS
[  26.879] [STATUS] t_ms=2139947 hwm=5 cap=256 dropped=0 dropped_total=38024 crc_err=0 crc_err_total=0 rate1=513 rate2=512 prod1=513 prod2=512 dac_err=0 tx_drop=376 hb_ms=0 sma_state=6 m7_us=2208450199 m4_us=2206256128 vdd=5.067 offset=0.5000 aref=3.145 loop_us_avg=94 loop_us_max=5391 loop_hz=10638 cycle_log_ms=1 n_cycle=4 cc=1 cc_hz=1026 cc_i_tgt=0.1000 cc_u=0.5000 cc_r=5.0006 cc_tau_ms=7.00
[  27.826] alarm(
[  27.826] PGAH_ALM
[  27.826] [ADC1] STATUS
[  27.949] [STATUS] t_ms=2140947 hwm=5 cap=256 dropped=0 dropped_total=38024 crc_err=0 crc_err_total=0 rate1=511 rate2=512 prod1=511 prod2=512 dac_err=0 tx_drop=376 hb_ms=0 sma_state=6 m7_us=2209481544 m4_us=2207287115 vdd=5.067 offset=0.5000 aref=3.145 loop_us_avg=94 loop_us_max=5495 loop_hz=10638 cycle_log_ms=1 n_cycle=4 cc=1 cc_hz=1026 cc_i_tgt=0.1000 cc_u=0.5123 cc_r=5.0553 cc_tau_ms=7.00
[  28.832] ala
[  28.832] [ADC1] STATUS
[  28.957] [STATUS] t_ms=2141947 hwm=5 cap=256 dropped=0 dropped_total=38024 crc_err=0 crc_err_total=0 rate1=513 rate2=512 prod1=513 prod2=512 dac_err=0 tx_drop=376 hb_ms=0 sma_state=6 m7_us=2210514084 m4_us=2208320090 vdd=5.067 offset=0.5000 aref=3.145 loop_us_avg=93 loop_us_max=5417 loop_hz=10752 cycle_log_ms=1 n_cycle=4 cc=1 cc_hz=1026 cc_i_tgt=0.1000 cc_u=0.5000 cc_r=5.0585 cc_tau_ms=7.00
[  29.835] [ADC1] STATUS
[  30.026] [STATUS] t_ms=2142947 hwm=5 cap=256 dropped=0 dropped_total=38024 crc_err=0 crc_err_total=0 rate1=511 rate2=512 prod1=511 prod2=512 dac_err=0 tx_drop=376 hb_ms=0 sma_state=6 m7_us=2211545460 m4_us=2209351032 vdd=5.067 offset=0.5000 aref=3.145 loop_us_avg=94 loop_us_max=5408 loop_hz=10638 cycle_log_ms=1 n_cycle=4 cc=1 cc_hz=1026 cc_i_tgt=0.1000 cc_u=0.5037 cc_r=4.9955 cc_tau_ms=7.00
[  30.844] [ADC1] STATUS
[  31.033] [STATUS] t_ms=2143947 hwm=5 cap=256 dropped=0 dropped_total=38024 crc_err=0 crc_err_total=0 rate1=513 rate2=512 prod1=513 prod2=512 dac_err=0 tx_drop=376 hb_ms=0 sma_state=6 m7_us=2212578052 m4_us=2210384004 vdd=5.067 offset=0.5000 aref=3.145 loop_us_avg=93 loop_us_max=5526 loop_hz=10752 cycle_log_ms=1 n_cycle=4 cc=1 cc_hz=1026 cc_i_tgt=0.1000 cc_u=0.5162 cc_r=5.0774 cc_tau_ms=7.00
[  31.603] [SMA] [ACT] heat n=3/6 I=150.0mA ms=300
[  31.855] al
[  31.855] [ADC1] STATUS
[  31.918] [SMA] [ACT] cool n=3/6 I=100.0mA ms=15000
[  32.043] [STATUS] t_ms=2144947 hwm=5 cap=256 dropped=0 dropped_total=38024 crc_err=0 crc_err_total=0 rate1=511 rate2=512 prod1=511 prod2=512 dac_err=0 tx_drop=376 hb_ms=0 sma_state=6 m7_us=2213609359 m4_us=2211414932 vdd=5.067 offset=0.5000 aref=3.145 loop_us_avg=94 loop_us_max=5470 loop_hz=10638 cycle_log_ms=1 n_cycle=4 cc=1 cc_hz=1024 cc_i_tgt=0.1000 cc_u=0.5070 cc_r=5.0343 cc_tau_ms=7.00
[  32.863] [ADC1] STATUS
[  33.114] [STATUS] t_ms=2145947 hwm=5 cap=256 dropped=0 dropped_total=38024 crc_err=0 crc_err_total=0 rate1=513 rate2=512 prod1=513 prod2=512 dac_err=0 tx_drop=376 hb_ms=0 sma_state=6 m7_us=2214641896 m4_us=2212447907 vdd=5.067 offset=0.5000 aref=3.145 loop_us_avg=93 loop_us_max=5413 loop_hz=10752 cycle_log_ms=1 n_cycle=4 cc=1 cc_hz=1026 cc_i_tgt=0.1000 cc_u=0.5205 cc_r=5.1183 cc_tau_ms=7.00
[  33.867] [AD
[  33.867] C1] STATUS
[  34.118] [STATUS] t_ms=2146947 hwm=5 cap=256 dropped=0 dropped_total=38024 crc_err=0 crc_err_total=0 rate1=511 rate2=512 prod1=511 prod2=512 dac_err=0 tx_drop=376 hb_ms=0 sma_state=6 m7_us=2215673245 m4_us=2213478817 vdd=5.067 offset=0.5000 aref=3.145 loop_us_avg=92 loop_us_max=5398 loop_hz=10869 cycle_log_ms=1 n_cycle=4 cc=1 cc_hz=1026 cc_i_tgt=0.1000 cc_u=0.5000 cc_r=5.0034 cc_tau_ms=7.00
[  34.875] alarm(s): 0
[  34.875] [ADC1] STATUS
[  35.189] [STATUS] t_ms=2147947 hwm=5 cap=256 dropped=0 dropped_total=38024 crc_err=0 crc_err_total=0 rate1=513 rate2=512 prod1=513 prod2=512 dac_err=0 tx_drop=376 hb_ms=0 sma_state=6 m7_us=2216705773 m4_us=2214511776 vdd=5.067 offset=0.5000 aref=3.145 loop_us_avg=93 loop_us_max=5399 loop_hz=10752 cycle_log_ms=1 n_cycle=4 cc=1 cc_hz=1026 cc_i_tgt=0.1000 cc_u=0.5000 cc_r=5.0016 cc_tau_ms=7.00
[  35.880] [ADC1] STATUS
[  36.195] [STATUS] t_ms=2148947 hwm=5 cap=256 dropped=0 dropped_total=38024 crc_err=0 crc_err_total=0 rate1=511 rate2=512 prod1=511 prod2=512 dac_err=0 tx_drop=376 hb_ms=0 sma_state=6 m7_us=2217737183 m4_us=2215542731 vdd=5.067 offset=0.5000 aref=3.145 loop_us_avg=92 loop_us_max=5422 loop_hz=10869 cycle_log_ms=1 n_cycle=4 cc=1 cc_hz=1026 cc_i_tgt=0.1000 cc_u=0.5095 cc_r=5.0304 cc_tau_ms=7.00
[  36.888] [ADC1] STATUS
[  37.204] [STATUS] t_ms=2149947 hwm=6 cap=256 dropped=0 dropped_total=38024 crc_err=0 crc_err_total=0 rate1=513 rate2=512 prod1=513 prod2=512 dac_err=0 tx_drop=376 hb_ms=0 sma_state=6 m7_us=2218769777 m4_us=2216575690 vdd=5.067 offset=0.5000 aref=3.145 loop_us_avg=93 loop_us_max=5635 loop_hz=10752 cycle_log_ms=1 n_cycle=4 cc=1 cc_hz=1027 cc_i_tgt=0.1000 cc_u=0.5085 cc_r=5.0117 cc_tau_ms=7.00
[  37.896] al
[  37.896] LM PGAH_ALM
[  37.896] [ADC1] STATUS
[  38.275] [STATUS] t_ms=2150947 hwm=5 cap=256 dropped=0 dropped_total=38024 crc_err=0 crc_err_total=0 rate1=511 rate2=512 prod1=511 prod2=512 dac_err=0 tx_drop=376 hb_ms=0 sma_state=6 m7_us=2219801093 m4_us=2217606625 vdd=5.067 offset=0.5000 aref=3.145 loop_us_avg=93 loop_us_max=5533 loop_hz=10752 cycle_log_ms=1 n_cycle=4 cc=1 cc_hz=1026 cc_i_tgt=0.1000 cc_u=0.5037 cc_r=5.0312 cc_tau_ms=7.00
[  38.905] [ADC1] STATUS
[  39.282] [STATUS] t_ms=2151947 hwm=6 cap=256 dropped=0 dropped_total=38024 crc_err=0 crc_err_total=0 rate1=513 rate2=512 prod1=513 prod2=512 dac_err=0 tx_drop=376 hb_ms=0 sma_state=6 m7_us=2220833578 m4_us=2218639584 vdd=5.067 offset=0.5000 aref=3.145 loop_us_avg=94 loop_us_max=5702 loop_hz=10638 cycle_log_ms=1 n_cycle=4 cc=1 cc_hz=1027 cc_i_tgt=0.1000 cc_u=0.5034 cc_r=4.9925 cc_tau_ms=7.00
[  39.912] [ADC1] STATUS
[  40.291] [STATUS] t_ms=2152947 hwm=5 cap=256 dropped=0 dropped_total=38024 crc_err=0 crc_err_total=0 rate1=511 rate2=512 prod1=511 prod2=512 dac_err=0 tx_drop=376 hb_ms=0 sma_state=6 m7_us=2221865043 m4_us=2219670513 vdd=5.067 offset=0.5000 aref=3.145 loop_us_avg=94 loop_us_max=5419 loop_hz=10638 cycle_log_ms=1 n_cycle=4 cc=1 cc_hz=1026 cc_i_tgt=0.1000 cc_u=0.5000 cc_r=5.0484 cc_tau_ms=7.00
[  40.923] alarm
[  40.923] PGAH_ALM
[  40.923] [ADC1] STATUS
[  41.364] [STATUS] t_ms=2153947 hwm=5 cap=256 dropped=0 dropped_total=38024 crc_err=0 crc_err_total=0 rate1=513 rate2=512 prod1=513 prod2=512 dac_err=0 tx_drop=376 hb_ms=0 sma_state=6 m7_us=2222897502 m4_us=2220703501 vdd=5.067 offset=0.5000 aref=3.145 loop_us_avg=94 loop_us_max=5504 loop_hz=10638 cycle_log_ms=1 n_cycle=4 cc=1 cc_hz=1026 cc_i_tgt=0.1000 cc_u=0.5267 cc_r=5.0691 cc_tau_ms=7.00
[  41.935] [ADC1] STATUS
[  42.374] [STATUS] t_ms=2154947 hwm=5 cap=256 dropped=0 dropped_total=38024 crc_err=0 crc_err_total=0 rate1=511 rate2=512 prod1=511 prod2=512 dac_err=0 tx_drop=376 hb_ms=0 sma_state=6 m7_us=2223928884 m4_us=2221734449 vdd=5.067 offset=0.5000 aref=3.145 loop_us_avg=94 loop_us_max=5415 loop_hz=10638 cycle_log_ms=1 n_cycle=4 cc=1 cc_hz=1026 cc_i_tgt=0.1000 cc_u=0.5000 cc_r=5.0507 cc_tau_ms=7.00
[  42.941] [ADC1] STATUS
[  43.446] [STATUS] t_ms=2155947 hwm=5 cap=256 dropped=0 dropped_total=38024 crc_err=0 crc_err_total=0 rate1=513 rate2=512 prod1=513 prod2=512 dac_err=0 tx_drop=376 hb_ms=0 sma_state=6 m7_us=2224961406 m4_us=2222767411 vdd=5.067 offset=0.5000 aref=3.145 loop_us_avg=93 loop_us_max=5441 loop_hz=10752 cycle_log_ms=1 n_cycle=4 cc=1 cc_hz=1026 cc_i_tgt=0.1000 cc_u=0.5101 cc_r=5.0617 cc_tau_ms=7.00
[  43.951] ala
[  43.951] M PGAH_ALM
[  43.951] [ADC1] STATUS
[  44.458] [STATUS] t_ms=2156947 hwm=5 cap=256 dropped=0 dropped_total=38024 crc_err=0 crc_err_total=0 rate1=511 rate2=512 prod1=511 prod2=512 dac_err=0 tx_drop=376 hb_ms=0 sma_state=6 m7_us=2225992825 m4_us=2223798392 vdd=5.067 offset=0.5000 aref=3.145 loop_us_avg=93 loop_us_max=5476 loop_hz=10752 cycle_log_ms=1 n_cycle=4 cc=1 cc_hz=1026 cc_i_tgt=0.1000 cc_u=0.5087 cc_r=5.0152 cc_tau_ms=7.00
[  44.963] alarm
[  44.963] [ADC1] STATUS
[  45.469] [STATUS] t_ms=2157947 hwm=6 cap=256 dropped=0 dropped_total=38024 crc_err=0 crc_err_total=0 rate1=513 rate2=512 prod1=513 prod2=512 dac_err=0 tx_drop=376 hb_ms=0 sma_state=6 m7_us=2227025399 m4_us=2224831402 vdd=5.067 offset=0.5000 aref=3.145 loop_us_avg=94 loop_us_max=5551 loop_hz=10638 cycle_log_ms=1 n_cycle=4 cc=1 cc_hz=1025 cc_i_tgt=0.1000 cc_u=0.5036 cc_r=5.0192 cc_tau_ms=7.00
[  45.968] [ADC1] STATUS
[  46.535] [STATUS] t_ms=2158947 hwm=5 cap=256 dropped=0 dropped_total=38024 crc_err=0 crc_err_total=0 rate1=511 rate2=512 prod1=511 prod2=512 dac_err=0 tx_drop=376 hb_ms=0 sma_state=6 m7_us=2228056828 m4_us=2225862392 vdd=5.067 offset=0.5000 aref=3.145 loop_us_avg=94 loop_us_max=5418 loop_hz=10638 cycle_log_ms=1 n_cycle=4 cc=1 cc_hz=1026 cc_i_tgt=0.1000 cc_u=0.5077 cc_r=5.0457 cc_tau_ms=7.00
[  46.975] [ADC1] STATUS
[  47.412] [SMA] [ACT] heat n=4/6 I=150.0mA ms=300
[  47.539] [STATUS] t_ms=2159947 hwm=5 cap=256 dropped=0 dropped_total=38024 crc_err=0 crc_err_total=0 rate1=513 rate2=512 prod1=513 prod2=512 dac_err=0 tx_drop=376 hb_ms=0 sma_state=5 m7_us=2229089407 m4_us=2226895379 vdd=5.067 offset=0.5000 aref=3.145 loop_us_avg=94 loop_us_max=5412 loop_hz=10638 cycle_log_ms=1 n_cycle=4 cc=1 cc_hz=1025 cc_i_tgt=0.1500 cc_u=0.6940 cc_r=4.7657 cc_tau_ms=7.00
[  47.729] [SMA] [ACT] cool n=4/6 I=100.0mA ms=15000
[  47.980] [ADC1] STATUS
[  48.602] [STATUS] t_ms=2160947 hwm=5 cap=256 dropped=0 dropped_total=38024 crc_err=0 crc_err_total=0 rate1=512 rate2=512 prod1=512 prod2=512 dac_err=0 tx_drop=376 hb_ms=0 sma_state=6 m7_us=2230121459 m4_us=2227927399 vdd=5.067 offset=0.5000 aref=3.145 loop_us_avg=92 loop_us_max=5428 loop_hz=10869 cycle_log_ms=1 n_cycle=4 cc=1 cc_hz=1026 cc_i_tgt=0.1000 cc_u=0.5001 cc_r=4.9255 cc_tau_ms=7.00
[  49.160] [ADC1] STATUS
[  49.590] [STATUS] t_ms=2161947 hwm=5 cap=256 dropped=0 dropped_total=38024 crc_err=0 crc_err_total=0 rate1=512 rate2=512 prod1=512 prod2=512 dac_err=0 tx_drop=376 hb_ms=0 sma_state=6 m7_us=2231153413 m4_us=2228959408 vdd=5.067 offset=0.5000 aref=3.145 loop_us_avg=94 loop_us_max=5671 loop_hz=10638 cycle_log_ms=1 n_cycle=4 cc=1 cc_hz=1025 cc_i_tgt=0.1000 cc_u=0.5026 cc_r=5.0518 cc_tau_ms=7.00
[  49.965] [
[  49.965] ADC1] STATUS
[  50.654] [STATUS] t_ms=2162947 hwm=5 cap=256 dropped=0 dropped_total=38024 crc_err=0 crc_err_total=0 rate1=511 rate2=512 prod1=511 prod2=512 dac_err=0 tx_drop=376 hb_ms=0 sma_state=6 m7_us=2232184851 m4_us=2229990424 vdd=5.067 offset=0.5000 aref=3.145 loop_us_avg=94 loop_us_max=5436 loop_hz=10638 cycle_log_ms=1 n_cycle=4 cc=1 cc_hz=1026 cc_i_tgt=0.1000 cc_u=0.5414 cc_r=5.0555 cc_tau_ms=7.00
[  51.030] alarm(s):
[  51.030] [ADC1] STATUS
[  51.660] [STATUS] t_ms=2163947 hwm=5 cap=256 dropped=0 dropped_total=38024 crc_err=0 crc_err_total=0 rate1=513 rate2=512 prod1=513 prod2=512 dac_err=0 tx_drop=376 hb_ms=0 sma_state=6 m7_us=2233217446 m4_us=2231023427 vdd=5.067 offset=0.5000 aref=3.145 loop_us_avg=94 loop_us_max=5405 loop_hz=10638 cycle_log_ms=1 n_cycle=4 cc=1 cc_hz=1026 cc_i_tgt=0.1000 cc_u=0.5006 cc_r=5.0101 cc_tau_ms=7.00
[  52.039] [ADC1] STATUS
[  52.730] [STATUS] t_ms=2164947 hwm=5 cap=256 dropped=0 dropped_total=38024 crc_err=0 crc_err_total=0 rate1=511 rate2=512 prod1=511 prod2=512 dac_err=0 tx_drop=376 hb_ms=0 sma_state=6 m7_us=2234248859 m4_us=2232054430 vdd=5.067 offset=0.5000 aref=3.145 loop_us_avg=94 loop_us_max=5432 loop_hz=10638 cycle_log_ms=1 n_cycle=4 cc=1 cc_hz=1026 cc_i_tgt=0.1000 cc_u=0.5022 cc_r=4.9921 cc_tau_ms=7.00
[  53.047] [ADC1] STATUS
[  53.742] [STATUS] t_ms=2165947 hwm=6 cap=256 dropped=0 dropped_total=38024 crc_err=0 crc_err_total=0 rate1=513 rate2=512 prod1=513 prod2=512 dac_err=0 tx_drop=376 hb_ms=0 sma_state=6 m7_us=2235281444 m4_us=2233087437 vdd=5.067 offset=0.5000 aref=3.145 loop_us_avg=94 loop_us_max=5578 loop_hz=10638 cycle_log_ms=1 n_cycle=4 cc=1 cc_hz=1026 cc_i_tgt=0.1000 cc_u=0.5093 cc_r=5.0310 cc_tau_ms=7.00
[  54.057] alar
[  54.057] [ADC1] STATUS
[  54.747] [STATUS] t_ms=2166947 hwm=5 cap=256 dropped=0 dropped_total=38024 crc_err=0 crc_err_total=0 rate1=511 rate2=512 prod1=511 prod2=512 dac_err=0 tx_drop=376 hb_ms=0 sma_state=6 m7_us=2236313095 m4_us=2234118459 vdd=5.067 offset=0.5000 aref=3.145 loop_us_avg=94 loop_us_max=5426 loop_hz=10638 cycle_log_ms=1 n_cycle=4 cc=1 cc_hz=1026 cc_i_tgt=0.1000 cc_u=0.5000 cc_r=5.0397 cc_tau_ms=7.00
[  55.064] [ADC1] STATUS
[  55.821] [STATUS] t_ms=2167947 hwm=6 cap=256 dropped=0 dropped_total=38024 crc_err=0 crc_err_total=0 rate1=513 rate2=512 prod1=513 prod2=512 dac_err=0 tx_drop=376 hb_ms=0 sma_state=6 m7_us=2237345525 m4_us=2235151498 vdd=5.067 offset=0.5000 aref=3.145 loop_us_avg=94 loop_us_max=5609 loop_hz=10638 cycle_log_ms=1 n_cycle=4 cc=1 cc_hz=1027 cc_i_tgt=0.1000 cc_u=0.5000 cc_r=4.9881 cc_tau_ms=7.00
[  56.073] [ADC1] STATUS
[  56.831] [STATUS] t_ms=2168947 hwm=5 cap=256 dropped=0 dropped_total=38024 crc_err=0 crc_err_total=0 rate1=511 rate2=512 prod1=511 prod2=512 dac_err=0 tx_drop=376 hb_ms=0 sma_state=6 m7_us=2238376959 m4_us=2236182504 vdd=5.067 offset=0.5000 aref=3.145 loop_us_avg=92 loop_us_max=5405 loop_hz=10869 cycle_log_ms=1 n_cycle=4 cc=1 cc_hz=1026 cc_i_tgt=0.1000 cc_u=0.5000 cc_r=5.0983 cc_tau_ms=7.00
[  57.021] alar
[  57.021] [ADC1] STATUS
[  57.840] [STATUS] t_ms=2169947 hwm=5 cap=256 dropped=0 dropped_total=38024 crc_err=0 crc_err_total=0 rate1=513 rate2=512 prod1=513 prod2=512 dac_err=0 tx_drop=376 hb_ms=0 sma_state=6 m7_us=2239409508 m4_us=2237215504 vdd=5.067 offset=0.5000 aref=3.145 loop_us_avg=93 loop_us_max=5430 loop_hz=10752 cycle_log_ms=1 n_cycle=4 cc=1 cc_hz=1026 cc_i_tgt=0.1000 cc_u=0.5225 cc_r=5.0283 cc_tau_ms=7.00
[  58.029] [ADC1] STATUS
[  58.911] [STATUS] t_ms=2170947 hwm=5 cap=256 dropped=0 dropped_total=38024 crc_err=0 crc_err_total=0 rate1=512 rate2=512 prod1=512 prod2=512 dac_err=0 tx_drop=376 hb_ms=0 sma_state=6 m7_us=2240441539 m4_us=2238247543 vdd=5.067 offset=0.5000 aref=3.145 loop_us_avg=92 loop_us_max=5418 loop_hz=10869 cycle_log_ms=1 n_cycle=4 cc=1 cc_hz=1027 cc_i_tgt=0.1000 cc_u=0.5183 cc_r=5.0361 cc_tau_ms=7.00
[  59.038] al
[  59.038] [ADC1] STATUS
[  59.915] [STATUS] t_ms=2171947 hwm=5 cap=256 dropped=0 dropped_total=38024 crc_err=0 crc_err_total=0 rate1=512 rate2=512 prod1=512 prod2=512 dac_err=0 tx_drop=376 hb_ms=0 sma_state=6 m7_us=2241473594 m4_us=2239279594 vdd=5.067 offset=0.5000 aref=3.145 loop_us_avg=93 loop_us_max=5402 loop_hz=10752 cycle_log_ms=1 n_cycle=4 cc=1 cc_hz=1027 cc_i_tgt=0.1000 cc_u=0.5000 cc_r=5.0129 cc_tau_ms=7.00
[  60.104] alarm(s)
[  60.104] PGAH_ALM
[  60.104] [ADC1] STATUS
[  60.984] [STATUS] t_ms=2172947 hwm=5 cap=256 dropped=0 dropped_total=38024 crc_err=0 crc_err_total=0 rate1=512 rate2=512 prod1=512 prod2=512 dac_err=0 tx_drop=376 hb_ms=0 sma_state=6 m7_us=2242505877 m4_us=2240311658 vdd=5.067 offset=0.5000 aref=3.145 loop_us_avg=94 loop_us_max=5418 loop_hz=10638 cycle_log_ms=1 n_cycle=4 cc=1 cc_hz=1027 cc_i_tgt=0.1000 cc_u=0.5108 cc_r=5.0267 cc_tau_ms=7.00
[  61.111] [ADC1] STATUS
[  61.992] [STATUS] t_ms=2173947 hwm=5 cap=256 dropped=0 dropped_total=38024 crc_err=0 crc_err_total=0 rate1=511 rate2=512 prod1=511 prod2=512 dac_err=0 tx_drop=376 hb_ms=0 sma_state=6 m7_us=2243537004 m4_us=2241342664 vdd=5.067 offset=0.5000 aref=3.145 loop_us_avg=93 loop_us_max=5623 loop_hz=10752 cycle_log_ms=1 n_cycle=4 cc=1 cc_hz=1026 cc_i_tgt=0.1000 cc_u=0.5119 cc_r=5.0408 cc_tau_ms=7.00
[  62.118] [ADC1] STATUS
[  62.998] [STATUS] t_ms=2174947 hwm=5 cap=256 dropped=0 dropped_total=38024 crc_err=0 crc_err_total=0 rate1=513 rate2=512 prod1=513 prod2=512 dac_err=0 tx_drop=376 hb_ms=0 sma_state=6 m7_us=2244569689 m4_us=2242375696 vdd=5.067 offset=0.5000 aref=3.145 loop_us_avg=93 loop_us_max=5322 loop_hz=10752 cycle_log_ms=1 n_cycle=4 cc=1 cc_hz=1025 cc_i_tgt=0.1000 cc_u=0.5056 cc_r=5.0339 cc_tau_ms=7.00
[  63.126] [ADC1] STATUS
[  63.189] [SMA] [ACT] heat n=5/6 I=150.0mA ms=300
[  63.503] [SMA] [ACT] cool n=5/6 I=100.0mA ms=15000
[  64.065] [STATUS] t_ms=2175947 hwm=5 cap=256 dropped=0 dropped_total=38024 crc_err=0 crc_err_total=0 rate1=511 rate2=512 prod1=511 prod2=512 dac_err=0 tx_drop=376 hb_ms=0 sma_state=6 m7_us=2245601140 m4_us=2243406708 vdd=5.067 offset=0.5000 aref=3.145 loop_us_avg=94 loop_us_max=5429 loop_hz=10638 cycle_log_ms=1 n_cycle=4 cc=1 cc_hz=1024 cc_i_tgt=0.1000 cc_u=0.5050 cc_r=5.0328 cc_tau_ms=7.00
[  64.129] [ADC1] STAT
[  64.129] US
[  65.075] [STATUS] t_ms=2176947 hwm=5 cap=256 dropped=0 dropped_total=38024 crc_err=0 crc_err_total=0 rate1=513 rate2=512 prod1=513 prod2=512 dac_err=0 tx_drop=376 hb_ms=0 sma_state=6 m7_us=2246633769 m4_us=2244439754 vdd=5.067 offset=0.5000 aref=3.145 loop_us_avg=94 loop_us_max=5420 loop_hz=10638 cycle_log_ms=1 n_cycle=4 cc=1 cc_hz=1025 cc_i_tgt=0.1000 cc_u=0.5000 cc_r=5.0609 cc_tau_ms=7.00
[  65.139] alar
[  65.139] PGAH_ALM
[  65.139] [ADC1] STATUS
[  66.144] [STATUS] t_ms=2177947 hwm=5 cap=256 dropped=0 dropped_total=38024 crc_err=0 crc_err_total=0 rate1=512 rate2=512 prod1=512 prod2=512 dac_err=0 tx_drop=376 hb_ms=0 sma_state=6 m7_us=2247665795 m4_us=2245471792 vdd=5.067 offset=0.5000 aref=3.145 loop_us_avg=93 loop_us_max=5413 loop_hz=10752 cycle_log_ms=1 n_cycle=4 cc=1 cc_hz=1027 cc_i_tgt=0.1000 cc_u=0.5145 cc_r=5.1069 cc_tau_ms=7.00
[  66.144] alarm(s)
[  66.144] AH_ALM
[  66.144] [ADC1] STATUS
[  67.144] [ADC1] STATUS
[  67.144] [STATUS] t_ms=2178947 hwm=5 cap=256 dropped=0 dropped_total=38024 crc_err=0 crc_err_total=0 rate1=512 rate2=512 prod1=512 prod2=512 dac_err=0 tx_drop=376 hb_ms=0 sma_state=6 m7_us=2248697871 m4_us=2246503856 vdd=5.067 offset=0.5000 aref=3.145 loop_us_avg=92 loop_us_max=5423 loop_hz=10869 cycle_log_ms=1 n_cycle=4 cc=1 cc_hz=1027 cc_i_tgt=0.1000 cc_u=0.5059 cc_r=5.0079 cc_tau_ms=7.00
[  68.151] [ADC1] STATUS
[  68.212] [STATUS] t_ms=2179947 hwm=5 cap=256 dropped=0 dropped_total=38024 crc_err=0 crc_err_total=0 rate1=512 rate2=512 prod1=512 prod2=512 dac_err=0 tx_drop=376 hb_ms=0 sma_state=6 m7_us=2249729929 m4_us=2247535933 vdd=5.067 offset=0.5000 aref=3.145 loop_us_avg=94 loop_us_max=5432 loop_hz=10638 cycle_log_ms=1 n_cycle=4 cc=1 cc_hz=1027 cc_i_tgt=0.1000 cc_u=0.5183 cc_r=5.1065 cc_tau_ms=7.00
[  69.153] [ADC1] STATUS
[  69.215] [STATUS] t_ms=2180947 hwm=5 cap=256 dropped=0 dropped_total=38024 crc_err=0 crc_err_total=0 rate1=511 rate2=512 prod1=511 prod2=512 dac_err=0 tx_drop=376 hb_ms=0 sma_state=6 m7_us=2250761434 m4_us=2248567006 vdd=5.067 offset=0.5000 aref=3.145 loop_us_avg=93 loop_us_max=5518 loop_hz=10752 cycle_log_ms=1 n_cycle=4 cc=1 cc_hz=1026 cc_i_tgt=0.1000 cc_u=0.5097 cc_r=5.1015 cc_tau_ms=7.00
[  70.160] [ADC1] STATUS
[  70.224] [STATUS] t_ms=2181947 hwm=5 cap=256 dropped=0 dropped_total=38024 crc_err=0 crc_err_total=0 rate1=513 rate2=512 prod1=513 prod2=512 dac_err=0 tx_drop=376 hb_ms=0 sma_state=6 m7_us=2251794091 m4_us=2249600064 vdd=5.067 offset=0.5000 aref=3.145 loop_us_avg=93 loop_us_max=5402 loop_hz=10752 cycle_log_ms=1 n_cycle=4 cc=1 cc_hz=1025 cc_i_tgt=0.1000 cc_u=0.5096 cc_r=4.9682 cc_tau_ms=7.00
[  71.167] [ADC1] STATUS
[  71.293] [STATUS] t_ms=2182947 hwm=5 cap=256 dropped=0 dropped_total=38024 crc_err=0 crc_err_total=0 rate1=511 rate2=512 prod1=511 prod2=512 dac_err=0 tx_drop=376 hb_ms=0 sma_state=6 m7_us=2252825363 m4_us=2250631045 vdd=5.067 offset=0.5000 aref=3.145 loop_us_avg=94 loop_us_max=5582 loop_hz=10638 cycle_log_ms=1 n_cycle=4 cc=1 cc_hz=1026 cc_i_tgt=0.1000 cc_u=0.5273 cc_r=5.0998 cc_tau_ms=7.00
[  72.174] [ADC1] STATUS
[  72.298] [STATUS] t_ms=2183947 hwm=5 cap=256 dropped=0 dropped_total=38024 crc_err=0 crc_err_total=0 rate1=513 rate2=512 prod1=513 prod2=512 dac_err=0 tx_drop=376 hb_ms=0 sma_state=6 m7_us=2253858105 m4_us=2251664096 vdd=5.067 offset=0.5000 aref=3.145 loop_us_avg=93 loop_us_max=5332 loop_hz=10752 cycle_log_ms=1 n_cycle=4 cc=1 cc_hz=1024 cc_i_tgt=0.1000 cc_u=0.5000 cc_r=5.0050 cc_tau_ms=7.00
[  73.182] [ADC1] STATUS
[  73.370] [STATUS] t_ms=2184947 hwm=5 cap=256 dropped=0 dropped_total=38024 crc_err=0 crc_err_total=0 rate1=511 rate2=512 prod1=511 prod2=512 dac_err=0 tx_drop=376 hb_ms=0 sma_state=6 m7_us=2254889483 m4_us=2252695115 vdd=5.067 offset=0.5000 aref=3.145 loop_us_avg=94 loop_us_max=5573 loop_hz=10638 cycle_log_ms=1 n_cycle=4 cc=1 cc_hz=1026 cc_i_tgt=0.1000 cc_u=0.5000 cc_r=4.9827 cc_tau_ms=7.00
[  74.189] [ADC1] STATUS
[  74.377] [STATUS] t_ms=2185947 hwm=5 cap=256 dropped=0 dropped_total=38024 crc_err=0 crc_err_total=0 rate1=513 rate2=512 prod1=513 prod2=512 dac_err=0 tx_drop=376 hb_ms=0 sma_state=6 m7_us=2255922121 m4_us=2253728128 vdd=5.067 offset=0.5000 aref=3.145 loop_us_avg=93 loop_us_max=5365 loop_hz=10752 cycle_log_ms=1 n_cycle=4 cc=1 cc_hz=1026 cc_i_tgt=0.1000 cc_u=0.5000 cc_r=4.9542 cc_tau_ms=7.00
[  75.193] alarm(s)
[  75.193] [ADC1] STATUS
[  75.382] [STATUS] t_ms=2186947 hwm=5 cap=256 dropped=0 dropped_total=38024 crc_err=0 crc_err_total=0 rate1=511 rate2=512 prod1=511 prod2=512 dac_err=0 tx_drop=376 hb_ms=0 sma_state=6 m7_us=2256953491 m4_us=2254759147 vdd=5.067 offset=0.5000 aref=3.145 loop_us_avg=94 loop_us_max=5541 loop_hz=10638 cycle_log_ms=1 n_cycle=4 cc=1 cc_hz=1026 cc_i_tgt=0.1000 cc_u=0.5000 cc_r=5.0013 cc_tau_ms=7.00
[  76.199] [ADC1] STATUS
[  76.450] [STATUS] t_ms=2187947 hwm=5 cap=256 dropped=0 dropped_total=38024 crc_err=0 crc_err_total=0 rate1=513 rate2=512 prod1=513 prod2=512 dac_err=0 tx_drop=376 hb_ms=0 sma_state=6 m7_us=2257986506 m4_us=2255792180 vdd=5.067 offset=0.5000 aref=3.145 loop_us_avg=94 loop_us_max=5339 loop_hz=10638 cycle_log_ms=1 n_cycle=4 cc=1 cc_hz=1025 cc_i_tgt=0.1000 cc_u=0.5000 cc_r=5.0416 cc_tau_ms=7.00
[  77.205] [ADC1] STATUS
[  77.459] [STATUS] t_ms=2188947 hwm=5 cap=256 dropped=0 dropped_total=38024 crc_err=0 crc_err_total=0 rate1=512 rate2=512 prod1=512 prod2=512 dac_err=0 tx_drop=376 hb_ms=0 sma_state=6 m7_us=2259018310 m4_us=2256824275 vdd=5.067 offset=0.5000 aref=3.145 loop_us_avg=93 loop_us_max=5719 loop_hz=10752 cycle_log_ms=1 n_cycle=4 cc=1 cc_hz=1023 cc_i_tgt=0.1000 cc_u=0.5000 cc_r=5.0509 cc_tau_ms=7.00
[  78.211] [ADC1] STATUS
[  78.526] [STATUS] t_ms=2189947 hwm=5 cap=256 dropped=0 dropped_total=38024 crc_err=0 crc_err_total=0 rate1=512 rate2=512 prod1=512 prod2=512 dac_err=0 tx_drop=376 hb_ms=0 sma_state=6 m7_us=2260050350 m4_us=2257856365 vdd=5.067 offset=0.5000 aref=3.145 loop_us_avg=94 loop_us_max=5430 loop_hz=10638 cycle_log_ms=1 n_cycle=4 cc=1 cc_hz=1027 cc_i_tgt=0.1000 cc_u=0.5060 cc_r=5.0476 cc_tau_ms=7.00
[  78.967] [SMA] [ACT] heat n=6/6 I=150.0mA ms=300
[  79.219] [ADC1] STATUS
[  79.281] [SMA] [ACT] cool n=6/6 I=100.0mA ms=15000
[  79.533] [STATUS] t_ms=2190947 hwm=5 cap=256 dropped=0 dropped_total=38024 crc_err=0 crc_err_total=0 rate1=512 rate2=512 prod1=512 prod2=512 dac_err=0 tx_drop=376 hb_ms=0 sma_state=6 m7_us=2261082435 m4_us=2258888432 vdd=5.067 offset=0.5000 aref=3.145 loop_us_avg=92 loop_us_max=5400 loop_hz=10869 cycle_log_ms=1 n_cycle=4 cc=1 cc_hz=1025 cc_i_tgt=0.1000 cc_u=0.5109 cc_r=5.0340 cc_tau_ms=7.00
[  80.227] alarm
[  80.227] [ADC1] STATUS
[  80.542] [STATUS] t_ms=2191947 hwm=5 cap=256 dropped=0 dropped_total=38024 crc_err=0 crc_err_total=0 rate1=511 rate2=512 prod1=511 prod2=512 dac_err=0 tx_drop=376 hb_ms=0 sma_state=6 m7_us=2262114089 m4_us=2259919508 vdd=5.067 offset=0.5000 aref=3.145 loop_us_avg=94 loop_us_max=5540 loop_hz=10638 cycle_log_ms=1 n_cycle=4 cc=1 cc_hz=1026 cc_i_tgt=0.1000 cc_u=0.5061 cc_r=5.0477 cc_tau_ms=7.00
[  81.236] [ADC1] STATUS
[  81.612] [STATUS] t_ms=2192947 hwm=6 cap=256 dropped=0 dropped_total=38024 crc_err=0 crc_err_total=0 rate1=513 rate2=512 prod1=513 prod2=512 dac_err=0 tx_drop=376 hb_ms=0 sma_state=6 m7_us=2263146573 m4_us=2260952567 vdd=5.067 offset=0.5000 aref=3.145 loop_us_avg=95 loop_us_max=5652 loop_hz=10526 cycle_log_ms=1 n_cycle=4 cc=1 cc_hz=1027 cc_i_tgt=0.1000 cc_u=0.5118 cc_r=5.0640 cc_tau_ms=7.00
[  82.244] [ADC1] STATU
[  82.244] S
[  82.623] [STATUS] t_ms=2193947 hwm=5 cap=256 dropped=0 dropped_total=38024 crc_err=0 crc_err_total=0 rate1=511 rate2=512 prod1=511 prod2=512 dac_err=0 tx_drop=376 hb_ms=0 sma_state=6 m7_us=2264178070 m4_us=2261983636 vdd=5.067 offset=0.5000 aref=3.145 loop_us_avg=94 loop_us_max=5532 loop_hz=10638 cycle_log_ms=1 n_cycle=4 cc=1 cc_hz=1026 cc_i_tgt=0.1000 cc_u=0.5012 cc_r=5.0012 cc_tau_ms=7.00
[  83.257] alarm(s):
[  83.257] [ADC1] STATUS
[  83.636] [STATUS] t_ms=2194947 hwm=5 cap=256 dropped=0 dropped_total=38024 crc_err=0 crc_err_total=0 rate1=513 rate2=512 prod1=513 prod2=512 dac_err=0 tx_drop=376 hb_ms=0 sma_state=6 m7_us=2265210754 m4_us=2263016733 vdd=5.067 offset=0.5000 aref=3.145 loop_us_avg=94 loop_us_max=5412 loop_hz=10638 cycle_log_ms=1 n_cycle=4 cc=1 cc_hz=1024 cc_i_tgt=0.1000 cc_u=0.5000 cc_r=4.9983 cc_tau_ms=7.00
[  84.266] [ADC1] STATUS
[  84.707] [STATUS] t_ms=2195947 hwm=5 cap=256 dropped=0 dropped_total=38024 crc_err=0 crc_err_total=0 rate1=512 rate2=512 prod1=512 prod2=512 dac_err=0 tx_drop=376 hb_ms=0 sma_state=6 m7_us=2266242810 m4_us=2264048816 vdd=5.067 offset=0.5000 aref=3.145 loop_us_avg=92 loop_us_max=5421 loop_hz=10869 cycle_log_ms=1 n_cycle=4 cc=1 cc_hz=1027 cc_i_tgt=0.1000 cc_u=0.5192 cc_r=4.9868 cc_tau_ms=7.00
[  85.274] [ADC1] STATUS
[  85.710] [STATUS] t_ms=2196947 hwm=5 cap=256 dropped=0 dropped_total=38024 crc_err=0 crc_err_total=0 rate1=512 rate2=512 prod1=512 prod2=512 dac_err=0 tx_drop=376 hb_ms=0 sma_state=6 m7_us=2267274900 m4_us=2265080906 vdd=5.067 offset=0.5000 aref=3.145 loop_us_avg=94 loop_us_max=5447 loop_hz=10638 cycle_log_ms=1 n_cycle=4 cc=1 cc_hz=1027 cc_i_tgt=0.1000 cc_u=0.5106 cc_r=5.0978 cc_tau_ms=7.00
[  86.276] alarm(s): 0
[  86.276] _ALM
[  86.276] [ADC1] STATUS
[  86.781] [STATUS] t_ms=2197947 hwm=5 cap=256 dropped=0 dropped_total=38024 crc_err=0 crc_err_total=0 rate1=511 rate2=512 prod1=511 prod2=512 dac_err=0 tx_drop=376 hb_ms=0 sma_state=6 m7_us=2268306341 m4_us=2266112001 vdd=5.067 offset=0.5000 aref=3.145 loop_us_avg=92 loop_us_max=5656 loop_hz=10869 cycle_log_ms=1 n_cycle=4 cc=1 cc_hz=1026 cc_i_tgt=0.1000 cc_u=0.5040 cc_r=5.0425 cc_tau_ms=7.00
[  87.286] [ADC1] STATUS
[  87.788] [STATUS] t_ms=2198947 hwm=5 cap=256 dropped=0 dropped_total=38024 crc_err=0 crc_err_total=0 rate1=513 rate2=512 prod1=513 prod2=512 dac_err=0 tx_drop=376 hb_ms=0 sma_state=6 m7_us=2269339146 m4_us=2267145123 vdd=5.067 offset=0.5000 aref=3.145 loop_us_avg=94 loop_us_max=5326 loop_hz=10638 cycle_log_ms=1 n_cycle=4 cc=1 cc_hz=1024 cc_i_tgt=0.1000 cc_u=0.5374 cc_r=5.1441 cc_tau_ms=7.00
[  88.291] [ADC1] STATUS
[  88.795] [STATUS] t_ms=2199947 hwm=5 cap=256 dropped=0 dropped_total=38024 crc_err=0 crc_err_total=0 rate1=512 rate2=512 prod1=512 prod2=512 dac_err=0 tx_drop=376 hb_ms=0 sma_state=6 m7_us=2270371196 m4_us=2268177200 vdd=5.067 offset=0.5000 aref=3.145 loop_us_avg=92 loop_us_max=5429 loop_hz=10869 cycle_log_ms=1 n_cycle=4 cc=1 cc_hz=1027 cc_i_tgt=0.1000 cc_u=0.5242 cc_r=5.0496 cc_tau_ms=7.00
[  89.299] [ADC1] STATUS
[  89.864] [STATUS] t_ms=2200947 hwm=5 cap=256 dropped=0 dropped_total=38024 crc_err=0 crc_err_total=0 rate1=512 rate2=512 prod1=512 prod2=512 dac_err=0 tx_drop=376 hb_ms=0 sma_state=6 m7_us=2271403283 m4_us=2269209290 vdd=5.067 offset=0.5000 aref=3.145 loop_us_avg=94 loop_us_max=5422 loop_hz=10638 cycle_log_ms=1 n_cycle=4 cc=1 cc_hz=1027 cc_i_tgt=0.1000 cc_u=0.5150 cc_r=5.0426 cc_tau_ms=7.00
[  90.304] [ADC1] STATUS
[  90.872] [STATUS] t_ms=2201947 hwm=5 cap=256 dropped=0 dropped_total=38024 crc_err=0 crc_err_total=0 rate1=512 rate2=512 prod1=512 prod2=512 dac_err=0 tx_drop=376 hb_ms=0 sma_state=6 m7_us=2272435365 m4_us=2270241367 vdd=5.067 offset=0.5000 aref=3.145 loop_us_avg=92 loop_us_max=5405 loop_hz=10869 cycle_log_ms=1 n_cycle=4 cc=1 cc_hz=1027 cc_i_tgt=0.1000 cc_u=0.5322 cc_r=5.1463 cc_tau_ms=7.00
[  91.313] al
[  91.313] [ADC1] STATUS
[  91.944] [STATUS] t_ms=2202947 hwm=5 cap=256 dropped=0 dropped_total=38024 crc_err=0 crc_err_total=0 rate1=512 rate2=512 prod1=512 prod2=512 dac_err=0 tx_drop=376 hb_ms=0 sma_state=6 m7_us=2273467415 m4_us=2271273427 vdd=5.067 offset=0.5000 aref=3.145 loop_us_avg=94 loop_us_max=5404 loop_hz=10638 cycle_log_ms=1 n_cycle=4 cc=1 cc_hz=1027 cc_i_tgt=0.1000 cc_u=0.5151 cc_r=5.0573 cc_tau_ms=7.00
[  92.324] al
[  92.324] _ALM PGAH_ALM
[  92.324] [ADC1] STATUS
[  92.956] [STATUS] t_ms=2203947 hwm=5 cap=256 dropped=0 dropped_total=38024 crc_err=0 crc_err_total=0 rate1=512 rate2=512 prod1=512 prod2=512 dac_err=0 tx_drop=376 hb_ms=0 sma_state=6 m7_us=2274499520 m4_us=2272305517 vdd=5.067 offset=0.5000 aref=3.145 loop_us_avg=92 loop_us_max=5404 loop_hz=10869 cycle_log_ms=1 n_cycle=4 cc=1 cc_hz=1027 cc_i_tgt=0.1000 cc_u=0.5199 cc_r=5.0170 cc_tau_ms=7.00
[  93.336] [AD
[  93.336] C1] STATUS
[  93.967] [STATUS] t_ms=2204947 hwm=5 cap=256 dropped=0 dropped_total=38024 crc_err=0 crc_err_total=0 rate1=512 rate2=512 prod1=512 prod2=512 dac_err=0 tx_drop=376 hb_ms=0 sma_state=6 m7_us=2275531608 m4_us=2273337613 vdd=5.067 offset=0.5000 aref=3.145 loop_us_avg=94 loop_us_max=5416 loop_hz=10638 cycle_log_ms=1 n_cycle=4 cc=1 cc_hz=1027 cc_i_tgt=0.1000 cc_u=0.5000 cc_r=4.9721 cc_tau_ms=7.00
[  94.342] [ADC1] STATUS
[  94.785] [SMA] [ACT] -> idle (done) after 6 cycle(s); still armed
