[   0.050] [SMA] ARMED (MOSFET on); idle=0.500 V
[   0.051] [STATUS] t_ms=372174 hwm=256 cap=256 dropped=80 dropped_total=6381 crc_err=0 crc_err_total=0 rate1=470 rate2=470 prod1=472 prod2=472 dac_err=0 tx_drop=376 hb_ms=0 sma_state=0 m7_us=384035238 m4_us=381840462 vdd=5.067 offset=0.5000 aref=3.145 loop_us_avg=32 loop_us_max=338718 loop_hz=31250 cycle_log_ms=1 n_cycle=4 cc=0 cc_hz=0 cc_i_tgt=0.1000 cc_u=0.7348 cc_r=5.2878 cc_tau_ms=7.00
[   0.175] ALM
[   0.175] [ADC1] STATUS ala
[   0.175] rm(s): 0xCD PG
[   0.175] AL_ALM PGAH_
[   1.106] [STATUS] t_ms=373174 hwm=5 cap=256 dropped=0 dropped_total=6381 crc_err=0 crc_err_total=0 rate1=512 rate2=512 prod1=512 prod2=512 dac_err=0 tx_drop=376 hb_ms=0 sma_state=0 m7_us=385067460 m4_us=382872680 vdd=5.067 offset=0.5000 aref=3.145 loop_us_avg=22 loop_us_max=4802 loop_hz=45454 cycle_log_ms=1 n_cycle=4 cc=0 cc_hz=0 cc_i_tgt=0.1000 cc_u=0.7348 cc_r=5.2878 cc_tau_ms=7.00
[   1.168] ALM
[   1.168] [AD
[   1.168] C1] STATUS alarm
[   1.168] _ALM PGAH_
[   0.062] [SMA] [CC] start i_high=450.0mA i_low=100.0mA t_high=100 t_idle=15000 n=6 (0=cont) tau_ms=7.0 wdt_ms=5000
[   0.062] [SMA] [ACT] heat n=1/6 I=450.0mA ms=100
[   0.062] [STATUS] t_ms=374174 hwm=5 cap=256 dropped=0 dropped_total=6381 crc_err=0 crc_err_total=0 rate1=512 rate2=512 prod1=512 prod2=512 dac_err=0 tx_drop=376 hb_ms=0 sma_state=5 m7_us=386099771 m4_us=383904993 vdd=5.067 offset=0.5000 aref=3.145 loop_us_avg=23 loop_us_max=4634 loop_hz=43478 cycle_log_ms=1 n_cycle=4 cc=1 cc_hz=28 cc_i_tgt=0.4500 cc_u=0.5773 cc_r=0.0000 cc_tau_ms=7.00
[   0.125] ALM
[   0.125] [SMA] [ACT] cool n=1/6 I=100.0mA ms=15000
[   1.130] [STATUS] t_ms=375174 hwm=6 cap=256 dropped=0 dropped_total=6381 crc_err=0 crc_err_total=0 rate1=512 rate2=512 prod1=512 prod2=512 dac_err=0 tx_drop=376 hb_ms=0 sma_state=6 m7_us=387132028 m4_us=384937256 vdd=5.067 offset=0.5000 aref=3.145 loop_us_avg=89 loop_us_max=5477 loop_hz=11235 cycle_log_ms=1 n_cycle=4 cc=1 cc_hz=1026 cc_i_tgt=0.1000 cc_u=0.5005 cc_r=5.6123 cc_tau_ms=7.00
[   1.130] ALM
[   2.134] [STATUS] t_ms=376174 hwm=6 cap=256 dropped=0 dropped_total=6381 crc_err=0 crc_err_total=0 rate1=512 rate2=512 prod1=512 prod2=512 dac_err=0 tx_drop=376 hb_ms=0 sma_state=6 m7_us=388164212 m4_us=385969448 vdd=5.067 offset=0.5000 aref=3.145 loop_us_avg=92 loop_us_max=5346 loop_hz=10869 cycle_log_ms=1 n_cycle=4 cc=1 cc_hz=1025 cc_i_tgt=0.1000 cc_u=0.5189 cc_r=5.1226 cc_tau_ms=7.00
[   2.134] ALM
[   2.134] [ADC1
[   3.139] ALM
[   3.139] [ADC1] STATUS a
[   3.139] [STATUS] t_ms=377174 hwm=6 cap=256 dropped=0 dropped_total=6381 crc_err=0 crc_err_total=0 rate1=512 rate2=512 prod1=512 prod2=512 dac_err=0 tx_drop=376 hb_ms=0 sma_state=6 m7_us=389196395 m4_us=387001630 vdd=5.067 offset=0.5000 aref=3.145 loop_us_avg=94 loop_us_max=5496 loop_hz=10638 cycle_log_ms=1 n_cycle=4 cc=1 cc_hz=1027 cc_i_tgt=0.1000 cc_u=0.5136 cc_r=5.0490 cc_tau_ms=7.00
[   4.144] ALM
[   4.144] [ADC1] S
[   4.207] [STATUS] t_ms=378174 hwm=6 cap=256 dropped=0 dropped_total=6381 crc_err=0 crc_err_total=0 rate1=512 rate2=512 prod1=512 prod2=512 dac_err=0 tx_drop=376 hb_ms=0 sma_state=6 m7_us=390228596 m4_us=388033793 vdd=5.067 offset=0.5000 aref=3.145 loop_us_avg=94 loop_us_max=5320 loop_hz=10638 cycle_log_ms=1 n_cycle=4 cc=1 cc_hz=1025 cc_i_tgt=0.1000 cc_u=0.5210 cc_r=5.1799 cc_tau_ms=7.00
[   5.154] _ALM
[   5.217] [STATUS] t_ms=379174 hwm=6 cap=256 dropped=0 dropped_total=6381 crc_err=0 crc_err_total=0 rate1=512 rate2=512 prod1=512 prod2=512 dac_err=0 tx_drop=376 hb_ms=0 sma_state=6 m7_us=391260763 m4_us=389065953 vdd=5.067 offset=0.5000 aref=3.145 loop_us_avg=94 loop_us_max=5518 loop_hz=10638 cycle_log_ms=1 n_cycle=4 cc=1 cc_hz=1027 cc_i_tgt=0.1000 cc_u=0.5283 cc_r=5.1011 cc_tau_ms=7.00
[   6.159] _ALM
[   6.286] [STATUS] t_ms=380174 hwm=6 cap=256 dropped=0 dropped_total=6381 crc_err=0 crc_err_total=0 rate1=512 rate2=512 prod1=512 prod2=512 dac_err=0 tx_drop=376 hb_ms=0 sma_state=6 m7_us=392292891 m4_us=390098129 vdd=5.067 offset=0.5000 aref=3.145 loop_us_avg=94 loop_us_max=5369 loop_hz=10638 cycle_log_ms=1 n_cycle=4 cc=1 cc_hz=1026 cc_i_tgt=0.1000 cc_u=0.5136 cc_r=5.1123 cc_tau_ms=7.00
[   7.165] _ALM
[   7.290] [STATUS] t_ms=381174 hwm=6 cap=256 dropped=0 dropped_total=6381 crc_err=0 crc_err_total=0 rate1=512 rate2=512 prod1=512 prod2=512 dac_err=0 tx_drop=376 hb_ms=0 sma_state=6 m7_us=393325030 m4_us=391130260 vdd=5.067 offset=0.5000 aref=3.145 loop_us_avg=94 loop_us_max=5466 loop_hz=10638 cycle_log_ms=1 n_cycle=4 cc=1 cc_hz=1027 cc_i_tgt=0.1000 cc_u=0.5000 cc_r=5.0031 cc_tau_ms=7.00
[   8.177] _ALM
[   8.304] [STATUS] t_ms=382174 hwm=6 cap=256 dropped=0 dropped_total=6381 crc_err=0 crc_err_total=0 rate1=512 rate2=512 prod1=512 prod2=512 dac_err=0 tx_drop=376 hb_ms=0 sma_state=6 m7_us=394357117 m4_us=392162340 vdd=5.067 offset=0.5000 aref=3.145 loop_us_avg=94 loop_us_max=5325 loop_hz=10638 cycle_log_ms=1 n_cycle=4 cc=1 cc_hz=1027 cc_i_tgt=0.1000 cc_u=0.5188 cc_r=5.0771 cc_tau_ms=7.00
[   9.184] _ALM
[   9.184] M PGA
[   9.371] [STATUS] t_ms=383174 hwm=6 cap=256 dropped=0 dropped_total=6381 crc_err=0 crc_err_total=0 rate1=512 rate2=512 prod1=512 prod2=512 dac_err=0 tx_drop=376 hb_ms=0 sma_state=6 m7_us=395389248 m4_us=393194420 vdd=5.067 offset=0.5000 aref=3.145 loop_us_avg=94 loop_us_max=5490 loop_hz=10638 cycle_log_ms=1 n_cycle=4 cc=1 cc_hz=1027 cc_i_tgt=0.1000 cc_u=0.5089 cc_r=5.0031 cc_tau_ms=7.00
[  10.194] H_ALM
[  10.381] [STATUS] t_ms=384174 hwm=6 cap=256 dropped=0 dropped_total=6381 crc_err=0 crc_err_total=0 rate1=512 rate2=512 prod1=512 prod2=512 dac_err=0 tx_drop=376 hb_ms=0 sma_state=6 m7_us=396421254 m4_us=394226478 vdd=5.067 offset=0.5000 aref=3.145 loop_us_avg=94 loop_us_max=5373 loop_hz=10638 cycle_log_ms=1 n_cycle=4 cc=1 cc_hz=1027 cc_i_tgt=0.1000 cc_u=0.5108 cc_r=5.0515 cc_tau_ms=7.00
[  11.201] H_ALM
[  11.450] [STATUS] t_ms=385174 hwm=6 cap=256 dropped=0 dropped_total=6381 crc_err=0 crc_err_total=0 rate1=513 rate2=512 prod1=513 prod2=512 dac_err=0 tx_drop=376 hb_ms=0 sma_state=6 m7_us=397453439 m4_us=395259517 vdd=5.067 offset=0.5000 aref=3.145 loop_us_avg=94 loop_us_max=5505 loop_hz=10638 cycle_log_ms=1 n_cycle=4 cc=1 cc_hz=1027 cc_i_tgt=0.1000 cc_u=0.5065 cc_r=5.0116 cc_tau_ms=7.00
[  12.206] H_ALM
[  12.455] [STATUS] t_ms=386174 hwm=5 cap=256 dropped=0 dropped_total=6381 crc_err=0 crc_err_total=0 rate1=511 rate2=512 prod1=511 prod2=512 dac_err=0 tx_drop=376 hb_ms=0 sma_state=6 m7_us=398485436 m4_us=396290606 vdd=5.067 offset=0.5000 aref=3.145 loop_us_avg=92 loop_us_max=5453 loop_hz=10869 cycle_log_ms=1 n_cycle=4 cc=1 cc_hz=1027 cc_i_tgt=0.1000 cc_u=0.5067 cc_r=5.0167 cc_tau_ms=7.00
[  13.208] H_AL
[  13.208] M
[  13.208] [ADC1] STATUS ala
[  13.461] [STATUS] t_ms=387174 hwm=6 cap=256 dropped=0 dropped_total=6381 crc_err=0 crc_err_total=0 rate1=512 rate2=512 prod1=512 prod2=512 dac_err=0 tx_drop=376 hb_ms=0 sma_state=6 m7_us=399517568 m4_us=397322718 vdd=5.067 offset=0.5000 aref=3.145 loop_us_avg=92 loop_us_max=5521 loop_hz=10869 cycle_log_ms=1 n_cycle=4 cc=1 cc_hz=1027 cc_i_tgt=0.1000 cc_u=0.5000 cc_r=5.0149 cc_tau_ms=7.00
[  14.220] H_ALM
[  14.220] [ADC1] STATUS alar
[  14.535] [STATUS] t_ms=388174 hwm=6 cap=256 dropped=0 dropped_total=6381 crc_err=0 crc_err_total=0 rate1=512 rate2=512 prod1=512 prod2=512 dac_err=0 tx_drop=376 hb_ms=0 sma_state=6 m7_us=400549550 m4_us=398354779 vdd=5.067 offset=0.5000 aref=3.145 loop_us_avg=94 loop_us_max=5355 loop_hz=10638 cycle_log_ms=1 n_cycle=4 cc=1 cc_hz=1027 cc_i_tgt=0.1000 cc_u=0.5018 cc_r=5.0209 cc_tau_ms=7.00
[  15.230] AH_ALM
[  15.546] [STATUS] t_ms=389174 hwm=6 cap=256 dropped=0 dropped_total=6381 crc_err=0 crc_err_total=0 rate1=512 rate2=512 prod1=512 prod2=512 dac_err=0 tx_drop=376 hb_ms=0 sma_state=6 m7_us=401581690 m4_us=399386824 vdd=5.067 offset=0.5000 aref=3.145 loop_us_avg=94 loop_us_max=5497 loop_hz=10638 cycle_log_ms=1 n_cycle=4 cc=1 cc_hz=1027 cc_i_tgt=0.1000 cc_u=0.5118 cc_r=5.0537 cc_tau_ms=7.00
[  15.608] [SMA] [ACT] heat n=2/6 I=450.0mA ms=100
[  15.734] [SMA] [ACT] cool n=2/6 I=100.0mA ms=15000
[  16.235] AH_ALM
[  16.612] [STATUS] t_ms=390174 hwm=6 cap=256 dropped=0 dropped_total=6381 crc_err=0 crc_err_total=0 rate1=513 rate2=512 prod1=513 prod2=512 dac_err=0 tx_drop=376 hb_ms=0 sma_state=6 m7_us=402614039 m4_us=400419872 vdd=5.067 offset=0.5000 aref=3.145 loop_us_avg=92 loop_us_max=5386 loop_hz=10869 cycle_log_ms=1 n_cycle=4 cc=1 cc_hz=1025 cc_i_tgt=0.1000 cc_u=0.5035 cc_r=5.0550 cc_tau_ms=7.00
[  17.298] AH_ALM
[  17.615] [STATUS] t_ms=391174 hwm=5 cap=256 dropped=0 dropped_total=6381 crc_err=0 crc_err_total=0 rate1=511 rate2=512 prod1=511 prod2=512 dac_err=0 tx_drop=376 hb_ms=0 sma_state=6 m7_us=403645720 m4_us=401450939 vdd=5.067 offset=0.5000 aref=3.145 loop_us_avg=94 loop_us_max=5576 loop_hz=10638 cycle_log_ms=1 n_cycle=4 cc=1 cc_hz=1024 cc_i_tgt=0.1000 cc_u=0.5088 cc_r=4.9639 cc_tau_ms=7.00
[  18.305] AH_ALM
[  18.620] [STATUS] t_ms=392174 hwm=6 cap=256 dropped=0 dropped_total=6381 crc_err=0 crc_err_total=0 rate1=512 rate2=512 prod1=512 prod2=512 dac_err=0 tx_drop=376 hb_ms=0 sma_state=6 m7_us=404677817 m4_us=402483035 vdd=5.067 offset=0.5000 aref=3.145 loop_us_avg=94 loop_us_max=5320 loop_hz=10638 cycle_log_ms=1 n_cycle=4 cc=1 cc_hz=1027 cc_i_tgt=0.1000 cc_u=0.5325 cc_r=5.0904 cc_tau_ms=7.00
[  19.312] AH_ALM
[  19.312] [
[  19.312] ADC1] STATUS alarm
[  19.690] [STATUS] t_ms=393174 hwm=6 cap=256 dropped=0 dropped_total=6381 crc_err=0 crc_err_total=0 rate1=512 rate2=512 prod1=512 prod2=512 dac_err=0 tx_drop=376 hb_ms=0 sma_state=6 m7_us=405709934 m4_us=403515096 vdd=5.067 offset=0.5000 aref=3.145 loop_us_avg=94 loop_us_max=5480 loop_hz=10638 cycle_log_ms=1 n_cycle=4 cc=1 cc_hz=1027 cc_i_tgt=0.1000 cc_u=0.5060 cc_r=5.0398 cc_tau_ms=7.00
[  20.321] AH_ALM
[  20.855] [STATUS] t_ms=394174 hwm=6 cap=256 dropped=0 dropped_total=6381 crc_err=0 crc_err_total=0 rate1=512 rate2=512 prod1=512 prod2=512 dac_err=0 tx_drop=376 hb_ms=0 sma_state=6 m7_us=406741909 m4_us=404547144 vdd=5.067 offset=0.5000 aref=3.145 loop_us_avg=93 loop_us_max=5359 loop_hz=10752 cycle_log_ms=1 n_cycle=4 cc=1 cc_hz=1027 cc_i_tgt=0.1000 cc_u=0.5076 cc_r=4.9583 cc_tau_ms=7.00
[  21.295] AH_ALM
[  21.736] [STATUS] t_ms=395174 hwm=98 cap=256 dropped=0 dropped_total=6381 crc_err=0 crc_err_total=0 rate1=512 rate2=511 prod1=512 prod2=512 dac_err=0 tx_drop=376 hb_ms=0 sma_state=6 m7_us=407773961 m4_us=405579182 vdd=5.067 offset=0.5000 aref=3.145 loop_us_avg=104 loop_us_max=99082 loop_hz=9615 cycle_log_ms=1 n_cycle=4 cc=1 cc_hz=927 cc_i_tgt=0.1000 cc_u=0.5271 cc_r=5.0324 cc_tau_ms=7.00
[  22.304] AH_ALM
[  22.745] [STATUS] t_ms=396174 hwm=6 cap=256 dropped=0 dropped_total=6381 crc_err=0 crc_err_total=0 rate1=512 rate2=512 prod1=512 prod2=512 dac_err=0 tx_drop=376 hb_ms=0 sma_state=6 m7_us=408806025 m4_us=406611256 vdd=5.067 offset=0.5000 aref=3.145 loop_us_avg=94 loop_us_max=5334 loop_hz=10638 cycle_log_ms=1 n_cycle=4 cc=1 cc_hz=1027 cc_i_tgt=0.1000 cc_u=0.5000 cc_r=5.0846 cc_tau_ms=7.00
[  23.311] AH_ALM
[  23.813] [STATUS] t_ms=397174 hwm=6 cap=256 dropped=0 dropped_total=6381 crc_err=0 crc_err_total=0 rate1=512 rate2=512 prod1=512 prod2=512 dac_err=0 tx_drop=376 hb_ms=0 sma_state=6 m7_us=409838110 m4_us=407643336 vdd=5.067 offset=0.5000 aref=3.145 loop_us_avg=92 loop_us_max=5339 loop_hz=10869 cycle_log_ms=1 n_cycle=4 cc=1 cc_hz=1027 cc_i_tgt=0.1000 cc_u=0.5049 cc_r=5.0099 cc_tau_ms=7.00
[  24.317] AH_ALM
[  24.317] [
[  24.821] [STATUS] t_ms=398174 hwm=6 cap=256 dropped=0 dropped_total=6381 crc_err=0 crc_err_total=0 rate1=512 rate2=512 prod1=512 prod2=512 dac_err=0 tx_drop=376 hb_ms=0 sma_state=6 m7_us=410870234 m4_us=408675460 vdd=5.067 offset=0.5000 aref=3.145 loop_us_avg=94 loop_us_max=5342 loop_hz=10638 cycle_log_ms=1 n_cycle=4 cc=1 cc_hz=1027 cc_i_tgt=0.1000 cc_u=0.5000 cc_r=5.0322 cc_tau_ms=7.00
[  25.324] AH_ALM
[  25.324] [ADC1] STATUS alar
[  25.888] [STATUS] t_ms=399174 hwm=6 cap=256 dropped=0 dropped_total=6381 crc_err=0 crc_err_total=0 rate1=512 rate2=512 prod1=512 prod2=512 dac_err=0 tx_drop=376 hb_ms=0 sma_state=6 m7_us=411902268 m4_us=409707502 vdd=5.067 offset=0.5000 aref=3.145 loop_us_avg=94 loop_us_max=5352 loop_hz=10638 cycle_log_ms=1 n_cycle=4 cc=1 cc_hz=1027 cc_i_tgt=0.1000 cc_u=0.5000 cc_r=5.0611 cc_tau_ms=7.00
[  26.328] AH_ALM
[  26.895] [STATUS] t_ms=400174 hwm=6 cap=256 dropped=0 dropped_total=6381 crc_err=0 crc_err_total=0 rate1=512 rate2=512 prod1=512 prod2=512 dac_err=0 tx_drop=376 hb_ms=0 sma_state=6 m7_us=412934271 m4_us=410739499 vdd=5.067 offset=0.5000 aref=3.145 loop_us_avg=94 loop_us_max=5321 loop_hz=10638 cycle_log_ms=1 n_cycle=4 cc=1 cc_hz=1027 cc_i_tgt=0.1000 cc_u=0.5042 cc_r=5.0371 cc_tau_ms=7.00
[  27.335] AH_ALM
[  27.905] [STATUS] t_ms=401174 hwm=6 cap=256 dropped=0 dropped_total=6381 crc_err=0 crc_err_total=0 rate1=512 rate2=512 prod1=512 prod2=512 dac_err=0 tx_drop=376 hb_ms=0 sma_state=6 m7_us=413966261 m4_us=411771489 vdd=5.067 offset=0.5000 aref=3.145 loop_us_avg=94 loop_us_max=5329 loop_hz=10638 cycle_log_ms=1 n_cycle=4 cc=1 cc_hz=1027 cc_i_tgt=0.1000 cc_u=0.5172 cc_r=5.0252 cc_tau_ms=7.00
[  28.346] AH_ALM
[  28.976] [STATUS] t_ms=402174 hwm=6 cap=256 dropped=0 dropped_total=6381 crc_err=0 crc_err_total=0 rate1=512 rate2=512 prod1=512 prod2=512 dac_err=0 tx_drop=376 hb_ms=0 sma_state=6 m7_us=414998262 m4_us=412803496 vdd=5.067 offset=0.5000 aref=3.145 loop_us_avg=94 loop_us_max=5339 loop_hz=10638 cycle_log_ms=1 n_cycle=4 cc=1 cc_hz=1027 cc_i_tgt=0.1000 cc_u=0.5137 cc_r=5.1087 cc_tau_ms=7.00
[  29.352] AH_AL
[  29.352] M
[  29.983] [STATUS] t_ms=403174 hwm=6 cap=256 dropped=0 dropped_total=6381 crc_err=0 crc_err_total=0 rate1=512 rate2=512 prod1=512 prod2=512 dac_err=0 tx_drop=376 hb_ms=0 sma_state=6 m7_us=416030293 m4_us=413835521 vdd=5.067 offset=0.5000 aref=3.145 loop_us_avg=94 loop_us_max=5332 loop_hz=10638 cycle_log_ms=1 n_cycle=4 cc=1 cc_hz=1027 cc_i_tgt=0.1000 cc_u=0.5028 cc_r=5.0498 cc_tau_ms=7.00
[  30.362] AH_ALM
[  30.362] [AD
[  30.362] C1] STATUS alarm(
[  31.059] [STATUS] t_ms=404174 hwm=6 cap=256 dropped=0 dropped_total=6381 crc_err=0 crc_err_total=0 rate1=512 rate2=512 prod1=512 prod2=512 dac_err=0 tx_drop=376 hb_ms=0 sma_state=6 m7_us=417062309 m4_us=414867544 vdd=5.067 offset=0.5000 aref=3.145 loop_us_avg=94 loop_us_max=5335 loop_hz=10638 cycle_log_ms=1 n_cycle=4 cc=1 cc_hz=1027 cc_i_tgt=0.1000 cc_u=0.5258 cc_r=5.1392 cc_tau_ms=7.00
[  31.184] [SMA] [ACT] heat n=3/6 I=450.0mA ms=100
[  31.309] [SMA] [ACT] cool n=3/6 I=100.0mA ms=15000
[  31.372] AH_ALM
[  31.372] PG
[  32.066] [STATUS] t_ms=405174 hwm=6 cap=256 dropped=0 dropped_total=6381 crc_err=0 crc_err_total=0 rate1=512 rate2=512 prod1=512 prod2=512 dac_err=0 tx_drop=376 hb_ms=0 sma_state=6 m7_us=418094339 m4_us=415899563 vdd=5.067 offset=0.5000 aref=3.145 loop_us_avg=94 loop_us_max=5319 loop_hz=10638 cycle_log_ms=1 n_cycle=4 cc=1 cc_hz=1025 cc_i_tgt=0.1000 cc_u=0.5000 cc_r=4.9531 cc_tau_ms=7.00
[  32.382] AH_ALM
[  33.078] [STATUS] t_ms=406174 hwm=6 cap=256 dropped=0 dropped_total=6381 crc_err=0 crc_err_total=0 rate1=512 rate2=512 prod1=512 prod2=512 dac_err=0 tx_drop=376 hb_ms=0 sma_state=6 m7_us=419126365 m4_us=416931576 vdd=5.067 offset=0.5000 aref=3.145 loop_us_avg=93 loop_us_max=5366 loop_hz=10752 cycle_log_ms=1 n_cycle=4 cc=1 cc_hz=1027 cc_i_tgt=0.1000 cc_u=0.5000 cc_r=5.0679 cc_tau_ms=7.00
[  33.392] AH_ALM
[  34.150] [STATUS] t_ms=407174 hwm=6 cap=256 dropped=0 dropped_total=6381 crc_err=0 crc_err_total=0 rate1=512 rate2=512 prod1=512 prod2=512 dac_err=0 tx_drop=376 hb_ms=0 sma_state=6 m7_us=420158325 m4_us=417963547 vdd=5.067 offset=0.5000 aref=3.145 loop_us_avg=92 loop_us_max=5330 loop_hz=10869 cycle_log_ms=1 n_cycle=4 cc=1 cc_hz=1027 cc_i_tgt=0.1000 cc_u=0.5000 cc_r=4.9425 cc_tau_ms=7.00
[  34.401] AH_ALM
[  34.401] [ADC1] STATUS alar
[  35.155] [STATUS] t_ms=408174 hwm=6 cap=256 dropped=0 dropped_total=6381 crc_err=0 crc_err_total=0 rate1=513 rate2=512 prod1=513 prod2=512 dac_err=0 tx_drop=376 hb_ms=0 sma_state=6 m7_us=421190525 m4_us=418996583 vdd=5.067 offset=0.5000 aref=3.145 loop_us_avg=92 loop_us_max=5522 loop_hz=10869 cycle_log_ms=1 n_cycle=4 cc=1 cc_hz=1027 cc_i_tgt=0.1000 cc_u=0.5151 cc_r=5.0504 cc_tau_ms=7.00
[  35.406] AH_ALM
[  35.406] PG
[  36.158] [STATUS] t_ms=409174 hwm=5 cap=256 dropped=0 dropped_total=6381 crc_err=0 crc_err_total=0 rate1=512 rate2=512 prod1=512 prod2=512 dac_err=0 tx_drop=376 hb_ms=0 sma_state=6 m7_us=422222585 m4_us=420028592 vdd=5.067 offset=0.5000 aref=3.145 loop_us_avg=94 loop_us_max=5460 loop_hz=10638 cycle_log_ms=1 n_cycle=4 cc=1 cc_hz=1027 cc_i_tgt=0.1000 cc_u=0.5017 cc_r=5.0177 cc_tau_ms=7.00
[  36.409] AH_ALM
[  37.221] [STATUS] t_ms=410174 hwm=5 cap=256 dropped=0 dropped_total=6381 crc_err=0 crc_err_total=0 rate1=512 rate2=512 prod1=512 prod2=512 dac_err=0 tx_drop=376 hb_ms=0 sma_state=6 m7_us=423254601 m4_us=421060618 vdd=5.067 offset=0.5000 aref=3.145 loop_us_avg=94 loop_us_max=5401 loop_hz=10638 cycle_log_ms=1 n_cycle=4 cc=1 cc_hz=1027 cc_i_tgt=0.1000 cc_u=0.5000 cc_r=5.0024 cc_tau_ms=7.00
[  37.408] AH_ALM
[  38.284] [STATUS] t_ms=411174 hwm=5 cap=256 dropped=0 dropped_total=6381 crc_err=0 crc_err_total=0 rate1=512 rate2=512 prod1=512 prod2=512 dac_err=0 tx_drop=376 hb_ms=0 sma_state=6 m7_us=424286727 m4_us=422092647 vdd=5.067 offset=0.5000 aref=3.145 loop_us_avg=94 loop_us_max=5515 loop_hz=10638 cycle_log_ms=1 n_cycle=4 cc=1 cc_hz=1027 cc_i_tgt=0.1000 cc_u=0.5330 cc_r=5.0825 cc_tau_ms=7.00
[  38.409] AH_ALM
[  39.284] [STATUS] t_ms=412174 hwm=5 cap=256 dropped=0 dropped_total=6381 crc_err=0 crc_err_total=0 rate1=512 rate2=512 prod1=512 prod2=512 dac_err=0 tx_drop=376 hb_ms=0 sma_state=6 m7_us=425318733 m4_us=423124695 vdd=5.067 offset=0.5000 aref=3.145 loop_us_avg=94 loop_us_max=5409 loop_hz=10638 cycle_log_ms=1 n_cycle=4 cc=1 cc_hz=1027 cc_i_tgt=0.1000 cc_u=0.5202 cc_r=5.0540 cc_tau_ms=7.00
[  39.471] AH_ALM
[  39.471] [ADC1]
[  39.471] STATUS alarm(s):
[  40.287] [STATUS] t_ms=413174 hwm=5 cap=256 dropped=0 dropped_total=6381 crc_err=0 crc_err_total=0 rate1=512 rate2=512 prod1=512 prod2=512 dac_err=0 tx_drop=376 hb_ms=0 sma_state=6 m7_us=426350870 m4_us=424156711 vdd=5.067 offset=0.5000 aref=3.145 loop_us_avg=94 loop_us_max=5525 loop_hz=10638 cycle_log_ms=1 n_cycle=4 cc=1 cc_hz=1027 cc_i_tgt=0.1000 cc_u=0.5000 cc_r=4.9692 cc_tau_ms=7.00
[  40.478] PGAH_ALM
[  41.361] [STATUS] t_ms=414174 hwm=5 cap=256 dropped=0 dropped_total=6381 crc_err=0 crc_err_total=0 rate1=512 rate2=512 prod1=512 prod2=512 dac_err=0 tx_drop=376 hb_ms=0 sma_state=6 m7_us=427382943 m4_us=425188717 vdd=5.067 offset=0.5000 aref=3.145 loop_us_avg=94 loop_us_max=5402 loop_hz=10638 cycle_log_ms=1 n_cycle=4 cc=1 cc_hz=1027 cc_i_tgt=0.1000 cc_u=0.5000 cc_r=4.9686 cc_tau_ms=7.00
[  41.486] PGAH_ALM
[  42.361] [STATUS] t_ms=415174 hwm=5 cap=256 dropped=0 dropped_total=6381 crc_err=0 crc_err_total=0 rate1=512 rate2=512 prod1=512 prod2=512 dac_err=0 tx_drop=376 hb_ms=0 sma_state=6 m7_us=428414952 m4_us=426220727 vdd=5.067 offset=0.5000 aref=3.145 loop_us_avg=92 loop_us_max=5447 loop_hz=10869 cycle_log_ms=1 n_cycle=4 cc=1 cc_hz=1027 cc_i_tgt=0.1000 cc_u=0.5418 cc_r=5.2344 cc_tau_ms=7.00
[  42.485] PGAH_ALM
[  43.431] [STATUS] t_ms=416174 hwm=5 cap=256 dropped=0 dropped_total=6381 crc_err=0 crc_err_total=0 rate1=512 rate2=512 prod1=512 prod2=512 dac_err=0 tx_drop=376 hb_ms=0 sma_state=6 m7_us=429446995 m4_us=427252743 vdd=5.067 offset=0.5000 aref=3.145 loop_us_avg=93 loop_us_max=5412 loop_hz=10752 cycle_log_ms=1 n_cycle=4 cc=1 cc_hz=1027 cc_i_tgt=0.1000 cc_u=0.5218 cc_r=5.1305 cc_tau_ms=7.00
[  43.494] PG
[  43.494] AH_ALM
[  43.494] [ADC1] ST
[  44.440] [STATUS] t_ms=417174 hwm=5 cap=256 dropped=0 dropped_total=6381 crc_err=0 crc_err_total=0 rate1=511 rate2=512 prod1=511 prod2=512 dac_err=0 tx_drop=376 hb_ms=0 sma_state=6 m7_us=430478509 m4_us=428283745 vdd=5.067 offset=0.5000 aref=3.145 loop_us_avg=93 loop_us_max=5521 loop_hz=10752 cycle_log_ms=1 n_cycle=4 cc=1 cc_hz=1024 cc_i_tgt=0.1000 cc_u=0.5026 cc_r=4.9878 cc_tau_ms=7.00
[  44.503] PGAH_ALM
[  45.450] [STATUS] t_ms=418174 hwm=6 cap=256 dropped=0 dropped_total=6381 crc_err=0 crc_err_total=0 rate1=512 rate2=512 prod1=512 prod2=512 dac_err=0 tx_drop=376 hb_ms=0 sma_state=6 m7_us=431510500 m4_us=429315736 vdd=5.067 offset=0.5000 aref=3.145 loop_us_avg=94 loop_us_max=5320 loop_hz=10638 cycle_log_ms=1 n_cycle=4 cc=1 cc_hz=1027 cc_i_tgt=0.1000 cc_u=0.5380 cc_r=5.1345 cc_tau_ms=7.00
[  45.513] PGAH_A
[  46.523] PG
[  46.523] AH_ALM
[  46.523] [ADC1] ST
[  46.523] [STATUS] t_ms=419174 hwm=6 cap=256 dropped=0 dropped_total=6381 crc_err=0 crc_err_total=0 rate1=512 rate2=512 prod1=512 prod2=512 dac_err=0 tx_drop=376 hb_ms=0 sma_state=6 m7_us=432542726 m4_us=430347755 vdd=5.067 offset=0.5000 aref=3.145 loop_us_avg=94 loop_us_max=5325 loop_hz=10638 cycle_log_ms=1 n_cycle=4 cc=1 cc_hz=1027 cc_i_tgt=0.1000 cc_u=0.5167 cc_r=5.0943 cc_tau_ms=7.00
[  46.776] [SMA] [ACT] heat n=4/6 I=450.0mA ms=100
[  46.904] [SMA] [ACT] cool n=4/6 I=100.0mA ms=15000
[  47.476] PGAH_ALM
[  47.540] [STATUS] t_ms=420174 hwm=6 cap=256 dropped=0 dropped_total=6381 crc_err=0 crc_err_total=0 rate1=513 rate2=512 prod1=513 prod2=512 dac_err=0 tx_drop=376 hb_ms=0 sma_state=6 m7_us=433574851 m4_us=431380723 vdd=5.067 offset=0.5000 aref=3.145 loop_us_avg=93 loop_us_max=5556 loop_hz=10752 cycle_log_ms=1 n_cycle=4 cc=1 cc_hz=1025 cc_i_tgt=0.1000 cc_u=0.5174 cc_r=5.0721 cc_tau_ms=7.00
[  48.490] PGAH_ALM
[  48.554] [STATUS] t_ms=421174 hwm=5 cap=256 dropped=0 dropped_total=6381 crc_err=0 crc_err_total=0 rate1=512 rate2=512 prod1=512 prod2=512 dac_err=0 tx_drop=376 hb_ms=0 sma_state=6 m7_us=434606943 m4_us=432412707 vdd=5.067 offset=0.5000 aref=3.145 loop_us_avg=93 loop_us_max=5412 loop_hz=10752 cycle_log_ms=1 n_cycle=4 cc=1 cc_hz=1027 cc_i_tgt=0.1000 cc_u=0.5399 cc_r=5.1352 cc_tau_ms=7.00
[  49.501] PGAH_
[  49.501] ALM
[  49.501] [ADC1] STATUS
[  49.627] [STATUS] t_ms=422174 hwm=5 cap=256 dropped=0 dropped_total=6381 crc_err=0 crc_err_total=0 rate1=512 rate2=512 prod1=512 prod2=512 dac_err=0 tx_drop=376 hb_ms=0 sma_state=6 m7_us=435638983 m4_us=433444695 vdd=5.067 offset=0.5000 aref=3.145 loop_us_avg=92 loop_us_max=5453 loop_hz=10869 cycle_log_ms=1 n_cycle=4 cc=1 cc_hz=1027 cc_i_tgt=0.1000 cc_u=0.5000 cc_r=4.9605 cc_tau_ms=7.00
[  50.508] PGAH_ALM
[  50.634] [STATUS] t_ms=423174 hwm=5 cap=256 dropped=0 dropped_total=6381 crc_err=0 crc_err_total=0 rate1=512 rate2=512 prod1=512 prod2=512 dac_err=0 tx_drop=376 hb_ms=0 sma_state=6 m7_us=436670970 m4_us=434476691 vdd=5.067 offset=0.5000 aref=3.145 loop_us_avg=92 loop_us_max=5394 loop_hz=10869 cycle_log_ms=1 n_cycle=4 cc=1 cc_hz=1027 cc_i_tgt=0.1000 cc_u=0.5098 cc_r=5.0206 cc_tau_ms=7.00
[  51.544] PGAH_AL
[  51.544] M
[  51.670] [STATUS] t_ms=424174 hwm=96 cap=256 dropped=0 dropped_total=6381 crc_err=0 crc_err_total=0 rate1=510 rate2=512 prod1=511 prod2=512 dac_err=0 tx_drop=376 hb_ms=0 sma_state=6 m7_us=437702616 m4_us=435507672 vdd=5.067 offset=0.5000 aref=3.145 loop_us_avg=102 loop_us_max=97413 loop_hz=9803 cycle_log_ms=1 n_cycle=4 cc=1 cc_hz=928 cc_i_tgt=0.1000 cc_u=0.5000 cc_r=5.0408 cc_tau_ms=7.00
[  52.547] PGAH_ALM
[  52.673] [STATUS] t_ms=425174 hwm=6 cap=256 dropped=0 dropped_total=6381 crc_err=0 crc_err_total=0 rate1=513 rate2=512 prod1=513 prod2=512 dac_err=0 tx_drop=376 hb_ms=0 sma_state=6 m7_us=438734647 m4_us=436540669 vdd=5.067 offset=0.5000 aref=3.145 loop_us_avg=93 loop_us_max=5522 loop_hz=10752 cycle_log_ms=1 n_cycle=4 cc=1 cc_hz=1027 cc_i_tgt=0.1000 cc_u=0.5147 cc_r=5.0328 cc_tau_ms=7.00
[  53.551] PGAH_ALM
[  53.739] [STATUS] t_ms=426174 hwm=5 cap=256 dropped=0 dropped_total=6381 crc_err=0 crc_err_total=0 rate1=512 rate2=512 prod1=512 prod2=512 dac_err=0 tx_drop=376 hb_ms=0 sma_state=6 m7_us=439766853 m4_us=437572672 vdd=5.067 offset=0.5000 aref=3.145 loop_us_avg=94 loop_us_max=5422 loop_hz=10638 cycle_log_ms=1 n_cycle=4 cc=1 cc_hz=1027 cc_i_tgt=0.1000 cc_u=0.5078 cc_r=5.0943 cc_tau_ms=7.00
[  54.556] PGAH_ALM
[  54.745] [STATUS] t_ms=427174 hwm=5 cap=256 dropped=0 dropped_total=6381 crc_err=0 crc_err_total=0 rate1=511 rate2=512 prod1=511 prod2=512 dac_err=0 tx_drop=376 hb_ms=0 sma_state=6 m7_us=440798425 m4_us=438603659 vdd=5.067 offset=0.5000 aref=3.145 loop_us_avg=92 loop_us_max=5571 loop_hz=10869 cycle_log_ms=1 n_cycle=4 cc=1 cc_hz=1023 cc_i_tgt=0.1000 cc_u=0.5073 cc_r=5.0314 cc_tau_ms=7.00
[  55.566] PGAH_ALM
[  55.816] [STATUS] t_ms=428174 hwm=6 cap=256 dropped=0 dropped_total=6381 crc_err=0 crc_err_total=0 rate1=512 rate2=512 prod1=512 prod2=512 dac_err=0 tx_drop=376 hb_ms=0 sma_state=6 m7_us=441830639 m4_us=439635681 vdd=5.067 offset=0.5000 aref=3.145 loop_us_avg=94 loop_us_max=5327 loop_hz=10638 cycle_log_ms=1 n_cycle=4 cc=1 cc_hz=1027 cc_i_tgt=0.1000 cc_u=0.5084 cc_r=5.0489 cc_tau_ms=7.00
[  56.566] PGAH_ALM
[  56.566] [A
[  56.566] DC1] STATUS alarm(
[  56.815] [STATUS] t_ms=429174 hwm=6 cap=256 dropped=0 dropped_total=6381 crc_err=0 crc_err_total=0 rate1=513 rate2=512 prod1=513 prod2=512 dac_err=0 tx_drop=376 hb_ms=0 sma_state=6 m7_us=442862644 m4_us=440668695 vdd=5.067 offset=0.5000 aref=3.145 loop_us_avg=92 loop_us_max=5515 loop_hz=10869 cycle_log_ms=1 n_cycle=4 cc=1 cc_hz=1027 cc_i_tgt=0.1000 cc_u=0.5081 cc_r=5.0062 cc_tau_ms=7.00
[  57.567] PGAH_ALM
[  57.882] [STATUS] t_ms=430174 hwm=5 cap=256 dropped=0 dropped_total=6381 crc_err=0 crc_err_total=0 rate1=512 rate2=512 prod1=512 prod2=512 dac_err=0 tx_drop=376 hb_ms=0 sma_state=6 m7_us=443894797 m4_us=441700695 vdd=5.067 offset=0.5000 aref=3.145 loop_us_avg=92 loop_us_max=5402 loop_hz=10869 cycle_log_ms=1 n_cycle=4 cc=1 cc_hz=1027 cc_i_tgt=0.1000 cc_u=0.5000 cc_r=5.0279 cc_tau_ms=7.00
[  58.578] PGA
[  58.578] H_ALM
[  58.578] [ADC1] STAT
[  58.578] US alarm(s): 0xC
[  58.893] [STATUS] t_ms=431174 hwm=5 cap=256 dropped=0 dropped_total=6381 crc_err=0 crc_err_total=0 rate1=511 rate2=512 prod1=511 prod2=512 dac_err=0 tx_drop=376 hb_ms=0 sma_state=6 m7_us=444926487 m4_us=442731720 vdd=5.067 offset=0.5000 aref=3.145 loop_us_avg=92 loop_us_max=5565 loop_hz=10869 cycle_log_ms=1 n_cycle=4 cc=1 cc_hz=1022 cc_i_tgt=0.1000 cc_u=0.5000 cc_r=5.0927 cc_tau_ms=7.00
[  59.584] PGAH_ALM
[  59.898] [STATUS] t_ms=432174 hwm=6 cap=256 dropped=0 dropped_total=6381 crc_err=0 crc_err_total=0 rate1=512 rate2=512 prod1=512 prod2=512 dac_err=0 tx_drop=376 hb_ms=0 sma_state=6 m7_us=445958680 m4_us=443763739 vdd=5.067 offset=0.5000 aref=3.145 loop_us_avg=93 loop_us_max=5322 loop_hz=10752 cycle_log_ms=1 n_cycle=4 cc=1 cc_hz=1027 cc_i_tgt=0.1000 cc_u=0.5000 cc_r=4.9589 cc_tau_ms=7.00
[  60.590] PGAH_A
[  60.969] [STATUS] t_ms=433174 hwm=6 cap=256 dropped=0 dropped_total=6381 crc_err=0 crc_err_total=0 rate1=513 rate2=512 prod1=513 prod2=512 dac_err=0 tx_drop=376 hb_ms=0 sma_state=6 m7_us=446990700 m4_us=444796759 vdd=5.067 offset=0.5000 aref=3.145 loop_us_avg=94 loop_us_max=5497 loop_hz=10638 cycle_log_ms=1 n_cycle=4 cc=1 cc_hz=1027 cc_i_tgt=0.1000 cc_u=0.5068 cc_r=5.0083 cc_tau_ms=7.00
[  61.597] PGAH
[  61.597] _ALM
[  61.597] [ADC1] STATUS
[  61.976] [STATUS] t_ms=434174 hwm=5 cap=256 dropped=0 dropped_total=6381 crc_err=0 crc_err_total=0 rate1=512 rate2=512 prod1=512 prod2=512 dac_err=0 tx_drop=376 hb_ms=0 sma_state=6 m7_us=448022890 m4_us=445828759 vdd=5.067 offset=0.5000 aref=3.145 loop_us_avg=94 loop_us_max=5417 loop_hz=10638 cycle_log_ms=1 n_cycle=4 cc=1 cc_hz=1027 cc_i_tgt=0.1000 cc_u=0.5138 cc_r=4.9890 cc_tau_ms=7.00
[  62.353] [SMA] [ACT] heat n=5/6 I=450.0mA ms=100
[  62.479] [SMA] [ACT] cool n=5/6 I=100.0mA ms=15000
[  62.606] PGAH_ALM
[  62.606] [ADC
[  62.606] 1] STATUS alarm(s)
[  63.048] [STATUS] t_ms=435174 hwm=5 cap=256 dropped=0 dropped_total=6381 crc_err=0 crc_err_total=0 rate1=511 rate2=512 prod1=511 prod2=512 dac_err=0 tx_drop=376 hb_ms=0 sma_state=6 m7_us=449054534 m4_us=446859761 vdd=5.067 offset=0.5000 aref=3.145 loop_us_avg=93 loop_us_max=5557 loop_hz=10752 cycle_log_ms=1 n_cycle=4 cc=1 cc_hz=1022 cc_i_tgt=0.1000 cc_u=0.5077 cc_r=5.0021 cc_tau_ms=7.00
[  63.615] PGAH_ALM
[  64.051] [STATUS] t_ms=436174 hwm=6 cap=256 dropped=0 dropped_total=6381 crc_err=0 crc_err_total=0 rate1=512 rate2=512 prod1=512 prod2=512 dac_err=0 tx_drop=376 hb_ms=0 sma_state=6 m7_us=450086716 m4_us=447891761 vdd=5.067 offset=0.5000 aref=3.145 loop_us_avg=93 loop_us_max=5365 loop_hz=10752 cycle_log_ms=1 n_cycle=4 cc=1 cc_hz=1027 cc_i_tgt=0.1000 cc_u=0.5195 cc_r=5.1463 cc_tau_ms=7.00
[  64.622] PGAH_ALM
[  65.059] [STATUS] t_ms=437174 hwm=6 cap=256 dropped=0 dropped_total=6381 crc_err=0 crc_err_total=0 rate1=513 rate2=512 prod1=513 prod2=512 dac_err=0 tx_drop=376 hb_ms=0 sma_state=6 m7_us=451118742 m4_us=448924781 vdd=5.067 offset=0.5000 aref=3.145 loop_us_avg=94 loop_us_max=5522 loop_hz=10638 cycle_log_ms=1 n_cycle=4 cc=1 cc_hz=1027 cc_i_tgt=0.1000 cc_u=0.5193 cc_r=5.1017 cc_tau_ms=7.00
[  65.627] PGAH
[  65.627] _ALM
[  66.132] [STATUS] t_ms=438174 hwm=5 cap=256 dropped=0 dropped_total=6381 crc_err=0 crc_err_total=0 rate1=512 rate2=512 prod1=512 prod2=512 dac_err=0 tx_drop=376 hb_ms=0 sma_state=6 m7_us=452150947 m4_us=449956736 vdd=5.067 offset=0.5000 aref=3.145 loop_us_avg=94 loop_us_max=5401 loop_hz=10638 cycle_log_ms=1 n_cycle=4 cc=1 cc_hz=1027 cc_i_tgt=0.1000 cc_u=0.5199 cc_r=5.1457 cc_tau_ms=7.00
[  66.640] PGAH_ALM
[  67.142] [STATUS] t_ms=439174 hwm=5 cap=256 dropped=0 dropped_total=6381 crc_err=0 crc_err_total=0 rate1=511 rate2=512 prod1=511 prod2=512 dac_err=0 tx_drop=376 hb_ms=0 sma_state=6 m7_us=453182480 m4_us=450987723 vdd=5.067 offset=0.5000 aref=3.145 loop_us_avg=92 loop_us_max=5585 loop_hz=10869 cycle_log_ms=1 n_cycle=4 cc=1 cc_hz=1023 cc_i_tgt=0.1000 cc_u=0.5044 cc_r=5.0013 cc_tau_ms=7.00
[  67.645] PGAH
[  67.645] _ALM
[  67.645] [ADC1] STATUS
[  68.212] [STATUS] t_ms=440174 hwm=6 cap=256 dropped=0 dropped_total=6381 crc_err=0 crc_err_total=0 rate1=512 rate2=512 prod1=512 prod2=512 dac_err=0 tx_drop=376 hb_ms=0 sma_state=6 m7_us=454214583 m4_us=452019678 vdd=5.067 offset=0.5000 aref=3.145 loop_us_avg=94 loop_us_max=5345 loop_hz=10638 cycle_log_ms=1 n_cycle=4 cc=1 cc_hz=1027 cc_i_tgt=0.1000 cc_u=0.5005 cc_r=4.9576 cc_tau_ms=7.00
[  68.652] PGAH_ALM
[  69.218] [STATUS] t_ms=441174 hwm=6 cap=256 dropped=0 dropped_total=6381 crc_err=0 crc_err_total=0 rate1=513 rate2=512 prod1=513 prod2=512 dac_err=0 tx_drop=376 hb_ms=0 sma_state=6 m7_us=455246591 m4_us=453052631 vdd=5.067 offset=0.5000 aref=3.145 loop_us_avg=93 loop_us_max=5467 loop_hz=10752 cycle_log_ms=1 n_cycle=4 cc=1 cc_hz=1027 cc_i_tgt=0.1000 cc_u=0.5037 cc_r=5.0416 cc_tau_ms=7.00
[  69.658] PGAH_ALM
[  70.222] [STATUS] t_ms=442174 hwm=5 cap=256 dropped=0 dropped_total=6381 crc_err=0 crc_err_total=0 rate1=512 rate2=512 prod1=512 prod2=512 dac_err=0 tx_drop=376 hb_ms=0 sma_state=6 m7_us=456278762 m4_us=454084579 vdd=5.067 offset=0.5000 aref=3.145 loop_us_avg=93 loop_us_max=5404 loop_hz=10752 cycle_log_ms=1 n_cycle=4 cc=1 cc_hz=1027 cc_i_tgt=0.1000 cc_u=0.5082 cc_r=5.0603 cc_tau_ms=7.00
[  70.664] PGAH_ALM
[  71.295] [STATUS] t_ms=443174 hwm=5 cap=256 dropped=0 dropped_total=6381 crc_err=0 crc_err_total=0 rate1=511 rate2=512 prod1=511 prod2=512 dac_err=0 tx_drop=376 hb_ms=0 sma_state=6 m7_us=457310247 m4_us=455115486 vdd=5.067 offset=0.5000 aref=3.145 loop_us_avg=94 loop_us_max=5580 loop_hz=10638 cycle_log_ms=1 n_cycle=4 cc=1 cc_hz=1025 cc_i_tgt=0.1000 cc_u=0.5392 cc_r=5.1002 cc_tau_ms=7.00
[  71.673] PGAH_ALM
[  72.304] [STATUS] t_ms=444174 hwm=6 cap=256 dropped=0 dropped_total=6381 crc_err=0 crc_err_total=0 rate1=512 rate2=512 prod1=512 prod2=512 dac_err=0 tx_drop=376 hb_ms=0 sma_state=6 m7_us=458342382 m4_us=456147451 vdd=5.067 offset=0.5000 aref=3.145 loop_us_avg=94 loop_us_max=5337 loop_hz=10638 cycle_log_ms=1 n_cycle=4 cc=1 cc_hz=1027 cc_i_tgt=0.1000 cc_u=0.5072 cc_r=5.1085 cc_tau_ms=7.00
[  72.683] PG
[  72.683] AH_ALM
[  72.683] [ADC1] STATU
[  73.315] [STATUS] t_ms=445174 hwm=6 cap=256 dropped=0 dropped_total=6381 crc_err=0 crc_err_total=0 rate1=513 rate2=512 prod1=513 prod2=512 dac_err=0 tx_drop=376 hb_ms=0 sma_state=6 m7_us=459374391 m4_us=457180407 vdd=5.067 offset=0.5000 aref=3.145 loop_us_avg=94 loop_us_max=5497 loop_hz=10638 cycle_log_ms=1 n_cycle=4 cc=1 cc_hz=1027 cc_i_tgt=0.1000 cc_u=0.5055 cc_r=5.0570 cc_tau_ms=7.00
[  73.691] PGAH_ALM
[  74.383] [STATUS] t_ms=446174 hwm=5 cap=256 dropped=0 dropped_total=6381 crc_err=0 crc_err_total=0 rate1=512 rate2=512 prod1=512 prod2=512 dac_err=0 tx_drop=376 hb_ms=0 sma_state=6 m7_us=460406577 m4_us=458212362 vdd=5.067 offset=0.5000 aref=3.145 loop_us_avg=94 loop_us_max=5419 loop_hz=10638 cycle_log_ms=1 n_cycle=4 cc=1 cc_hz=1027 cc_i_tgt=0.1000 cc_u=0.5159 cc_r=5.0360 cc_tau_ms=7.00
[  74.699] PGAH_
[  74.699] ALM
[  74.699] [ADC1] STATU
[  75.389] [STATUS] t_ms=447174 hwm=5 cap=256 dropped=0 dropped_total=6381 crc_err=0 crc_err_total=0 rate1=511 rate2=512 prod1=511 prod2=512 dac_err=0 tx_drop=376 hb_ms=0 sma_state=6 m7_us=461438069 m4_us=459243291 vdd=5.067 offset=0.5000 aref=3.145 loop_us_avg=94 loop_us_max=5557 loop_hz=10638 cycle_log_ms=1 n_cycle=4 cc=1 cc_hz=1024 cc_i_tgt=0.1000 cc_u=0.5000 cc_r=4.9475 cc_tau_ms=7.00
[  75.705] PGAH_ALM
[  76.456] [STATUS] t_ms=448174 hwm=6 cap=256 dropped=0 dropped_total=6381 crc_err=0 crc_err_total=0 rate1=512 rate2=512 prod1=512 prod2=512 dac_err=0 tx_drop=376 hb_ms=0 sma_state=6 m7_us=462470261 m4_us=460275224 vdd=5.067 offset=0.5000 aref=3.145 loop_us_avg=94 loop_us_max=5327 loop_hz=10638 cycle_log_ms=1 n_cycle=4 cc=1 cc_hz=1027 cc_i_tgt=0.1000 cc_u=0.5289 cc_r=5.1309 cc_tau_ms=7.00
[  76.707] PGA
[  76.707] H_ALM
[  77.457] [STATUS] t_ms=449174 hwm=6 cap=256 dropped=0 dropped_total=6381 crc_err=0 crc_err_total=0 rate1=513 rate2=512 prod1=513 prod2=512 dac_err=0 tx_drop=376 hb_ms=0 sma_state=6 m7_us=463502231 m4_us=461308189 vdd=5.067 offset=0.5000 aref=3.145 loop_us_avg=92 loop_us_max=5546 loop_hz=10869 cycle_log_ms=1 n_cycle=4 cc=1 cc_hz=1027 cc_i_tgt=0.1000 cc_u=0.5037 cc_r=5.0289 cc_tau_ms=7.00
[  77.711] PGAH_ALM
[  77.965] [SMA] [ACT] heat n=6/6 I=450.0mA ms=100
[  78.028] [SMA] [ACT] cool n=6/6 I=100.0mA ms=15000
[  78.526] [STATUS] t_ms=450174 hwm=5 cap=256 dropped=0 dropped_total=6381 crc_err=0 crc_err_total=0 rate1=511 rate2=512 prod1=511 prod2=512 dac_err=0 tx_drop=376 hb_ms=0 sma_state=6 m7_us=464533936 m4_us=462339169 vdd=5.067 offset=0.5000 aref=3.145 loop_us_avg=91 loop_us_max=5407 loop_hz=10989 cycle_log_ms=1 n_cycle=4 cc=1 cc_hz=1020 cc_i_tgt=0.1000 cc_u=0.5000 cc_r=4.9602 cc_tau_ms=7.00
[  78.715] PGAH_ALM
[  78.715] M
[  79.534] [STATUS] t_ms=451174 hwm=6 cap=256 dropped=0 dropped_total=6381 crc_err=0 crc_err_total=0 rate1=513 rate2=512 prod1=513 prod2=512 dac_err=0 tx_drop=376 hb_ms=0 sma_state=6 m7_us=465566099 m4_us=463372183 vdd=5.067 offset=0.5000 aref=3.145 loop_us_avg=93 loop_us_max=5483 loop_hz=10752 cycle_log_ms=1 n_cycle=4 cc=1 cc_hz=1027 cc_i_tgt=0.1000 cc_u=0.5000 cc_r=4.9808 cc_tau_ms=7.00
[  79.723] PGAH_ALM
[  80.540] [STATUS] t_ms=452174 hwm=5 cap=256 dropped=0 dropped_total=6381 crc_err=0 crc_err_total=0 rate1=511 rate2=512 prod1=511 prod2=512 dac_err=0 tx_drop=376 hb_ms=0 sma_state=6 m7_us=466598294 m4_us=464403192 vdd=5.067 offset=0.5000 aref=3.145 loop_us_avg=92 loop_us_max=5415 loop_hz=10869 cycle_log_ms=1 n_cycle=4 cc=1 cc_hz=1027 cc_i_tgt=0.1000 cc_u=0.5000 cc_r=5.0731 cc_tau_ms=7.00
[  80.790] PGAH_ALM
[  81.607] [STATUS] t_ms=453174 hwm=6 cap=256 dropped=0 dropped_total=6381 crc_err=0 crc_err_total=0 rate1=512 rate2=512 prod1=512 prod2=512 dac_err=0 tx_drop=376 hb_ms=0 sma_state=6 m7_us=467629944 m4_us=465435163 vdd=5.067 offset=0.5000 aref=3.145 loop_us_avg=92 loop_us_max=5557 loop_hz=10869 cycle_log_ms=1 n_cycle=4 cc=1 cc_hz=1024 cc_i_tgt=0.1000 cc_u=0.5242 cc_r=5.1016 cc_tau_ms=7.00
[  81.795] PGAH_ALM
[  82.616] [STATUS] t_ms=454174 hwm=6 cap=256 dropped=0 dropped_total=6381 crc_err=0 crc_err_total=0 rate1=512 rate2=512 prod1=512 prod2=512 dac_err=0 tx_drop=376 hb_ms=0 sma_state=6 m7_us=468661917 m4_us=466467105 vdd=5.067 offset=0.5000 aref=3.145 loop_us_avg=94 loop_us_max=5339 loop_hz=10638 cycle_log_ms=1 n_cycle=4 cc=1 cc_hz=1027 cc_i_tgt=0.1000 cc_u=0.5261 cc_r=5.0552 cc_tau_ms=7.00
[  82.804] PG
[  82.804] AH_ALM
[  82.804] [ADC1] STA
[  83.688] [STATUS] t_ms=455174 hwm=6 cap=256 dropped=0 dropped_total=6381 crc_err=0 crc_err_total=0 rate1=513 rate2=512 prod1=513 prod2=512 dac_err=0 tx_drop=376 hb_ms=0 sma_state=6 m7_us=469694120 m4_us=467500087 vdd=5.067 offset=0.5000 aref=3.145 loop_us_avg=94 loop_us_max=5518 loop_hz=10638 cycle_log_ms=1 n_cycle=4 cc=1 cc_hz=1027 cc_i_tgt=0.1000 cc_u=0.5000 cc_r=5.0194 cc_tau_ms=7.00
[  83.815] PGAH_ALM
[  84.695] [STATUS] t_ms=456174 hwm=5 cap=256 dropped=0 dropped_total=6381 crc_err=0 crc_err_total=0 rate1=511 rate2=512 prod1=511 prod2=512 dac_err=0 tx_drop=376 hb_ms=0 sma_state=6 m7_us=470725823 m4_us=468531048 vdd=5.067 offset=0.5000 aref=3.145 loop_us_avg=92 loop_us_max=5426 loop_hz=10869 cycle_log_ms=1 n_cycle=4 cc=1 cc_hz=1024 cc_i_tgt=0.1000 cc_u=0.5071 cc_r=4.9659 cc_tau_ms=7.00
[  84.818] PGAH_ALM
[  85.694] [STATUS] t_ms=457174 hwm=6 cap=256 dropped=0 dropped_total=6381 crc_err=0 crc_err_total=0 rate1=513 rate2=512 prod1=513 prod2=512 dac_err=0 tx_drop=376 hb_ms=0 sma_state=6 m7_us=471757984 m4_us=469563975 vdd=5.067 offset=0.5000 aref=3.145 loop_us_avg=94 loop_us_max=5477 loop_hz=10638 cycle_log_ms=1 n_cycle=4 cc=1 cc_hz=1027 cc_i_tgt=0.1000 cc_u=0.5000 cc_r=5.0304 cc_tau_ms=7.00
[  85.820] PGAH_ALM
[  86.764] [STATUS] t_ms=458174 hwm=5 cap=256 dropped=0 dropped_total=6381 crc_err=0 crc_err_total=0 rate1=511 rate2=512 prod1=511 prod2=512 dac_err=0 tx_drop=376 hb_ms=0 sma_state=6 m7_us=472789705 m4_us=470594923 vdd=5.067 offset=0.5000 aref=3.145 loop_us_avg=93 loop_us_max=5398 loop_hz=10752 cycle_log_ms=1 n_cycle=4 cc=1 cc_hz=1024 cc_i_tgt=0.1000 cc_u=0.5000 cc_r=4.9594 cc_tau_ms=7.00
[  86.827] PGAH_ALM
[  87.775] [STATUS] t_ms=459174 hwm=6 cap=256 dropped=0 dropped_total=6381 crc_err=0 crc_err_total=0 rate1=513 rate2=512 prod1=513 prod2=512 dac_err=0 tx_drop=376 hb_ms=0 sma_state=6 m7_us=473821912 m4_us=471627895 vdd=5.067 offset=0.5000 aref=3.145 loop_us_avg=93 loop_us_max=5504 loop_hz=10752 cycle_log_ms=1 n_cycle=4 cc=1 cc_hz=1027 cc_i_tgt=0.1000 cc_u=0.5264 cc_r=5.0510 cc_tau_ms=7.00
[  87.839] PGAH_ALM
[  87.839] [A
[  88.844] [STATUS] t_ms=460174 hwm=5 cap=256 dropped=0 dropped_total=6381 crc_err=0 crc_err_total=0 rate1=512 rate2=512 prod1=512 prod2=512 dac_err=0 tx_drop=376 hb_ms=0 sma_state=6 m7_us=474853918 m4_us=472659885 vdd=5.067 offset=0.5000 aref=3.145 loop_us_avg=92 loop_us_max=5424 loop_hz=10869 cycle_log_ms=1 n_cycle=4 cc=1 cc_hz=1027 cc_i_tgt=0.1000 cc_u=0.5292 cc_r=5.0999 cc_tau_ms=7.00
[  88.844] PGAH_A
[  88.844] [ADC1] STATUS
[  88.844] alarm(s): 0xCD P
[  88.844] GAL_ALM
[  89.848] PGAH
[  89.848] _ALM
[  89.848] [ADC1] STATUS
[  89.848] [STATUS] t_ms=461174 hwm=5 cap=256 dropped=0 dropped_total=6381 crc_err=0 crc_err_total=0 rate1=511 rate2=512 prod1=511 prod2=512 dac_err=0 tx_drop=376 hb_ms=0 sma_state=6 m7_us=475885598 m4_us=473690817 vdd=5.067 offset=0.5000 aref=3.145 loop_us_avg=93 loop_us_max=5612 loop_hz=10752 cycle_log_ms=1 n_cycle=4 cc=1 cc_hz=1024 cc_i_tgt=0.1000 cc_u=0.5124 cc_r=5.0315 cc_tau_ms=7.00
[  90.858] PGAH_ALM
[  90.858] [A
[  90.858] DC1] STATUS alarm
[  90.858] [STATUS] t_ms=462174 hwm=124 cap=256 dropped=0 dropped_total=6381 crc_err=0 crc_err_total=0 rate1=511 rate2=512 prod1=512 prod2=512 dac_err=0 tx_drop=376 hb_ms=0 sma_state=6 m7_us=476917514 m4_us=474722734 vdd=5.067 offset=0.5000 aref=3.145 loop_us_avg=107 loop_us_max=124734 loop_hz=9345 cycle_log_ms=1 n_cycle=4 cc=1 cc_hz=899 cc_i_tgt=0.1000 cc_u=0.9488 cc_r=5.4644 cc_tau_ms=7.00
[  91.865] PGAH_ALM
[  91.928] [STATUS] t_ms=463174 hwm=6 cap=256 dropped=0 dropped_total=6381 crc_err=0 crc_err_total=0 rate1=513 rate2=512 prod1=513 prod2=512 dac_err=0 tx_drop=376 hb_ms=0 sma_state=6 m7_us=477949712 m4_us=475755642 vdd=5.067 offset=0.5000 aref=3.145 loop_us_avg=92 loop_us_max=5491 loop_hz=10869 cycle_log_ms=1 n_cycle=4 cc=1 cc_hz=1027 cc_i_tgt=0.1000 cc_u=0.9488 cc_r=5.4644 cc_tau_ms=7.00
[  92.874] PGAH_ALM
[  92.874] [ADC1] STATUS alarm(s): 0x49
[  92.935] [STATUS] t_ms=464174 hwm=5 cap=256 dropped=0 dropped_total=6381 crc_err=0 crc_err_total=0 rate1=511 rate2=512 prod1=511 prod2=512 dac_err=0 tx_drop=376 hb_ms=0 sma_state=6 m7_us=478981343 m4_us=476786568 vdd=5.067 offset=0.5000 aref=3.145 loop_us_avg=91 loop_us_max=5433 loop_hz=10989 cycle_log_ms=1 n_cycle=4 cc=1 cc_hz=1024 cc_i_tgt=0.1000 cc_u=0.9488 cc_r=5.4644 cc_tau_ms=7.00
[  93.564] [SMA] [ACT] -> idle (done) after 6 cycle(s); still armed
