[   0.055] [SMA] ARMED (MOSFET on); idle=0.500 V
[   0.056] [STATUS] t_ms=27346 hwm=256 cap=256 dropped=55 dropped_total=718 crc_err=0 crc_err_total=0 rate1=481 rate2=484 prod1=484 prod2=485 dac_err=0 tx_drop=376 hb_ms=0 sma_state=0 m7_us=28157786 m4_us=25963824 vdd=5.067 offset=0.5000 aref=3.145 loop_us_avg=31 loop_us_max=313961 loop_hz=32258 cycle_log_ms=1 n_cycle=4 cc=0 cc_hz=0 cc_i_tgt=0.0000 cc_u=0.0000 cc_r=0.0000 cc_tau_ms=7.00
[   0.306] [
[   0.306] ADC1] STATUS alar
[   0.306] ALM PGAH_ALM
[   1.119] [STATUS] t_ms=28346 hwm=4 cap=256 dropped=0 dropped_total=718 crc_err=0 crc_err_total=0 rate1=512 rate2=512 prod1=512 prod2=512 dac_err=0 tx_drop=376 hb_ms=0 sma_state=0 m7_us=29189988 m4_us=26996010 vdd=5.067 offset=0.5000 aref=3.145 loop_us_avg=22 loop_us_max=4692 loop_hz=45454 cycle_log_ms=1 n_cycle=4 cc=0 cc_hz=0 cc_i_tgt=0.0000 cc_u=0.0000 cc_r=0.0000 cc_tau_ms=7.00
[   1.304] [A
[   1.304] DC1] STATUS ala
[   1.304] ALM PGAH_ALM
[   0.063] [SMA] [CC] start i_high=150.0mA i_low=100.0mA t_high=100 t_idle=15000 n=6 (0=cont) tau_ms=7.0 wdt_ms=5000
[   0.063] [SMA] [ACT] heat n=1/6 I=150.0mA ms=100
[   0.063] [STATUS] t_ms=29346 hwm=4 cap=256 dropped=0 dropped_total=718 crc_err=0 crc_err_total=0 rate1=512 rate2=512 prod1=512 prod2=512 dac_err=0 tx_drop=376 hb_ms=0 sma_state=5 m7_us=30222750 m4_us=28028240 vdd=5.067 offset=0.5000 aref=3.145 loop_us_avg=23 loop_us_max=4703 loop_hz=43478 cycle_log_ms=1 n_cycle=4 cc=1 cc_hz=36 cc_i_tgt=0.1500 cc_u=0.5714 cc_r=3.7954 cc_tau_ms=7.00
[   0.125] [SMA] [ACT] cool n=1/6 I=100.0mA ms=15000
[   1.134] [STATUS] t_ms=30346 hwm=5 cap=256 dropped=0 dropped_total=718 crc_err=0 crc_err_total=0 rate1=512 rate2=512 prod1=512 prod2=512 dac_err=0 tx_drop=376 hb_ms=0 sma_state=6 m7_us=31254959 m4_us=29060451 vdd=5.067 offset=0.5000 aref=3.145 loop_us_avg=92 loop_us_max=5398 loop_hz=10869 cycle_log_ms=1 n_cycle=4 cc=1 cc_hz=1022 cc_i_tgt=0.1000 cc_u=0.5302 cc_r=5.1363 cc_tau_ms=7.00
[   2.142] [STATUS] t_ms=31346 hwm=5 cap=256 dropped=0 dropped_total=718 crc_err=0 crc_err_total=0 rate1=512 rate2=512 prod1=512 prod2=512 dac_err=0 tx_drop=376 hb_ms=0 sma_state=6 m7_us=32287032 m4_us=30092573 vdd=5.067 offset=0.5000 aref=3.145 loop_us_avg=94 loop_us_max=5481 loop_hz=10638 cycle_log_ms=1 n_cycle=4 cc=1 cc_hz=1026 cc_i_tgt=0.1000 cc_u=0.5000 cc_r=5.0579 cc_tau_ms=7.00
[   3.150] [STATUS] t_ms=32346 hwm=5 cap=256 dropped=0 dropped_total=718 crc_err=0 crc_err_total=0 rate1=512 rate2=512 prod1=512 prod2=512 dac_err=0 tx_drop=376 hb_ms=0 sma_state=6 m7_us=33319166 m4_us=31124704 vdd=5.067 offset=0.5000 aref=3.145 loop_us_avg=93 loop_us_max=5466 loop_hz=10752 cycle_log_ms=1 n_cycle=4 cc=1 cc_hz=1025 cc_i_tgt=0.1000 cc_u=0.5061 cc_r=5.0768 cc_tau_ms=7.00
[   3.277] [AD
[   4.228] [STATUS] t_ms=33346 hwm=5 cap=256 dropped=0 dropped_total=718 crc_err=0 crc_err_total=0 rate1=512 rate2=512 prod1=512 prod2=512 dac_err=0 tx_drop=376 hb_ms=0 sma_state=6 m7_us=34351323 m4_us=32156858 vdd=5.067 offset=0.5000 aref=3.145 loop_us_avg=93 loop_us_max=5444 loop_hz=10752 cycle_log_ms=1 n_cycle=4 cc=1 cc_hz=1024 cc_i_tgt=0.1000 cc_u=0.5086 cc_r=5.0638 cc_tau_ms=7.00
[   4.292] [ADC1]
[   4.292] STATUS alarm(s): 0
[   5.238] [STATUS] t_ms=34346 hwm=5 cap=256 dropped=0 dropped_total=718 crc_err=0 crc_err_total=0 rate1=512 rate2=512 prod1=512 prod2=512 dac_err=0 tx_drop=376 hb_ms=0 sma_state=6 m7_us=35383429 m4_us=33188986 vdd=5.067 offset=0.5000 aref=3.145 loop_us_avg=93 loop_us_max=5470 loop_hz=10752 cycle_log_ms=1 n_cycle=4 cc=1 cc_hz=1025 cc_i_tgt=0.1000 cc_u=0.5334 cc_r=5.1635 cc_tau_ms=7.00
[   6.246] [STATUS] t_ms=35346 hwm=5 cap=256 dropped=0 dropped_total=718 crc_err=0 crc_err_total=0 rate1=512 rate2=512 prod1=512 prod2=512 dac_err=0 tx_drop=376 hb_ms=0 sma_state=6 m7_us=36415634 m4_us=34221117 vdd=5.067 offset=0.5000 aref=3.145 loop_us_avg=92 loop_us_max=5519 loop_hz=10869 cycle_log_ms=1 n_cycle=4 cc=1 cc_hz=1026 cc_i_tgt=0.1000 cc_u=0.5134 cc_r=5.0750 cc_tau_ms=7.00
[   7.317] [STATUS] t_ms=36346 hwm=5 cap=256 dropped=0 dropped_total=718 crc_err=0 crc_err_total=0 rate1=512 rate2=512 prod1=512 prod2=512 dac_err=0 tx_drop=376 hb_ms=0 sma_state=6 m7_us=37447642 m4_us=35253213 vdd=5.067 offset=0.5000 aref=3.145 loop_us_avg=93 loop_us_max=5502 loop_hz=10752 cycle_log_ms=1 n_cycle=4 cc=1 cc_hz=1027 cc_i_tgt=0.1000 cc_u=0.5144 cc_r=5.0706 cc_tau_ms=7.00
[   7.317] [ADC1] S
[   7.317] TATUS alarm(s): 0x8
[   7.317] ALM
[   8.328] [STATUS] t_ms=37346 hwm=5 cap=256 dropped=0 dropped_total=718 crc_err=0 crc_err_total=0 rate1=512 rate2=512 prod1=512 prod2=512 dac_err=0 tx_drop=376 hb_ms=0 sma_state=6 m7_us=38479748 m4_us=36285280 vdd=5.067 offset=0.5000 aref=3.145 loop_us_avg=92 loop_us_max=5392 loop_hz=10869 cycle_log_ms=1 n_cycle=4 cc=1 cc_hz=1023 cc_i_tgt=0.1000 cc_u=0.5064 cc_r=5.0529 cc_tau_ms=7.00
[   9.337] [ADC1
[   9.337] [STATUS] t_ms=38346 hwm=5 cap=256 dropped=0 dropped_total=718 crc_err=0 crc_err_total=0 rate1=512 rate2=512 prod1=512 prod2=512 dac_err=0 tx_drop=376 hb_ms=0 sma_state=6 m7_us=39511808 m4_us=37317376 vdd=5.067 offset=0.5000 aref=3.145 loop_us_avg=93 loop_us_max=5434 loop_hz=10752 cycle_log_ms=1 n_cycle=4 cc=1 cc_hz=1025 cc_i_tgt=0.1000 cc_u=0.5283 cc_r=5.0715 cc_tau_ms=7.00
[  10.345] [ADC1]
[  10.345] STATUS alarm(s): 0x
[  10.409] [STATUS] t_ms=39346 hwm=5 cap=256 dropped=0 dropped_total=718 crc_err=0 crc_err_total=0 rate1=512 rate2=512 prod1=512 prod2=512 dac_err=0 tx_drop=376 hb_ms=0 sma_state=6 m7_us=40543933 m4_us=38349472 vdd=5.067 offset=0.5000 aref=3.145 loop_us_avg=92 loop_us_max=5401 loop_hz=10869 cycle_log_ms=1 n_cycle=4 cc=1 cc_hz=1023 cc_i_tgt=0.1000 cc_u=0.5136 cc_r=5.0439 cc_tau_ms=7.00
[  11.417] [STATUS] t_ms=40346 hwm=5 cap=256 dropped=0 dropped_total=718 crc_err=0 crc_err_total=0 rate1=512 rate2=512 prod1=512 prod2=512 dac_err=0 tx_drop=376 hb_ms=0 sma_state=6 m7_us=41576069 m4_us=39381530 vdd=5.067 offset=0.5000 aref=3.145 loop_us_avg=93 loop_us_max=5468 loop_hz=10752 cycle_log_ms=1 n_cycle=4 cc=1 cc_hz=1027 cc_i_tgt=0.1000 cc_u=0.5184 cc_r=5.0644 cc_tau_ms=7.00
[  12.490] [STATUS] t_ms=41346 hwm=6 cap=256 dropped=0 dropped_total=718 crc_err=0 crc_err_total=0 rate1=512 rate2=512 prod1=512 prod2=512 dac_err=0 tx_drop=376 hb_ms=0 sma_state=6 m7_us=42608223 m4_us=40413610 vdd=5.067 offset=0.5000 aref=3.145 loop_us_avg=94 loop_us_max=5682 loop_hz=10638 cycle_log_ms=1 n_cycle=4 cc=1 cc_hz=1027 cc_i_tgt=0.1000 cc_u=0.5000 cc_r=5.0880 cc_tau_ms=7.00
[  13.376] [ADC1]
[  13.376] STATUS alarm(s):
[  13.505] [STATUS] t_ms=42346 hwm=6 cap=256 dropped=0 dropped_total=718 crc_err=0 crc_err_total=0 rate1=512 rate2=512 prod1=512 prod2=512 dac_err=0 tx_drop=376 hb_ms=0 sma_state=6 m7_us=43639625 m4_us=41445671 vdd=5.067 offset=0.5000 aref=3.145 loop_us_avg=93 loop_us_max=5534 loop_hz=10752 cycle_log_ms=1 n_cycle=4 cc=1 cc_hz=1026 cc_i_tgt=0.1000 cc_u=0.5017 cc_r=4.9768 cc_tau_ms=7.00
[  14.514] [STATUS] t_ms=43346 hwm=5 cap=256 dropped=0 dropped_total=718 crc_err=0 crc_err_total=0 rate1=512 rate2=512 prod1=512 prod2=512 dac_err=0 tx_drop=376 hb_ms=0 sma_state=6 m7_us=44671685 m4_us=42477728 vdd=5.067 offset=0.5000 aref=3.145 loop_us_avg=93 loop_us_max=5387 loop_hz=10752 cycle_log_ms=1 n_cycle=4 cc=1 cc_hz=1027 cc_i_tgt=0.1000 cc_u=0.5092 cc_r=5.0668 cc_tau_ms=7.00
[  15.581] [STATUS] t_ms=44346 hwm=5 cap=256 dropped=0 dropped_total=718 crc_err=0 crc_err_total=0 rate1=512 rate2=512 prod1=512 prod2=512 dac_err=0 tx_drop=376 hb_ms=0 sma_state=6 m7_us=45703751 m4_us=43509808 vdd=5.067 offset=0.5000 aref=3.145 loop_us_avg=91 loop_us_max=5446 loop_hz=10989 cycle_log_ms=1 n_cycle=4 cc=1 cc_hz=1027 cc_i_tgt=0.1000 cc_u=0.5091 cc_r=5.0295 cc_tau_ms=7.00
[  15.644] [SMA] [ACT] heat n=2/6 I=150.0mA ms=100
[  15.706] [SMA] [ACT] cool n=2/6 I=100.0mA ms=15000
[  16.590] [STATUS] t_ms=45346 hwm=5 cap=256 dropped=0 dropped_total=718 crc_err=0 crc_err_total=0 rate1=512 rate2=512 prod1=512 prod2=512 dac_err=0 tx_drop=376 hb_ms=0 sma_state=6 m7_us=46736297 m4_us=44541840 vdd=5.067 offset=0.5000 aref=3.145 loop_us_avg=92 loop_us_max=5389 loop_hz=10869 cycle_log_ms=1 n_cycle=4 cc=1 cc_hz=1022 cc_i_tgt=0.1000 cc_u=0.5046 cc_r=5.1320 cc_tau_ms=7.00
[  17.602] [STATUS] t_ms=46346 hwm=5 cap=256 dropped=0 dropped_total=718 crc_err=0 crc_err_total=0 rate1=512 rate2=512 prod1=512 prod2=512 dac_err=0 tx_drop=376 hb_ms=0 sma_state=6 m7_us=47768320 m4_us=45573875 vdd=5.067 offset=0.5000 aref=3.145 loop_us_avg=94 loop_us_max=5434 loop_hz=10638 cycle_log_ms=1 n_cycle=4 cc=1 cc_hz=1027 cc_i_tgt=0.1000 cc_u=0.5006 cc_r=4.9943 cc_tau_ms=7.00
[  18.675] [STATUS] t_ms=47346 hwm=5 cap=256 dropped=0 dropped_total=718 crc_err=0 crc_err_total=0 rate1=512 rate2=512 prod1=512 prod2=512 dac_err=0 tx_drop=376 hb_ms=0 sma_state=6 m7_us=48800460 m4_us=46605946 vdd=5.067 offset=0.5000 aref=3.145 loop_us_avg=94 loop_us_max=5527 loop_hz=10638 cycle_log_ms=1 n_cycle=4 cc=1 cc_hz=1027 cc_i_tgt=0.1000 cc_u=0.5050 cc_r=5.0074 cc_tau_ms=7.00
[  19.370] [ADC
[  19.684] [STATUS] t_ms=48346 hwm=5 cap=256 dropped=0 dropped_total=718 crc_err=0 crc_err_total=0 rate1=512 rate2=512 prod1=512 prod2=512 dac_err=0 tx_drop=376 hb_ms=0 sma_state=6 m7_us=49832519 m4_us=47638010 vdd=5.067 offset=0.5000 aref=3.145 loop_us_avg=92 loop_us_max=5456 loop_hz=10869 cycle_log_ms=1 n_cycle=4 cc=1 cc_hz=1027 cc_i_tgt=0.1000 cc_u=0.5028 cc_r=5.0832 cc_tau_ms=7.00
[  20.379] [ADC1] STAT
[  20.379] US alarm(s): 0xCD
[  20.695] [STATUS] t_ms=49346 hwm=5 cap=256 dropped=0 dropped_total=718 crc_err=0 crc_err_total=0 rate1=512 rate2=512 prod1=512 prod2=512 dac_err=0 tx_drop=376 hb_ms=0 sma_state=6 m7_us=50864579 m4_us=48670048 vdd=5.067 offset=0.5000 aref=3.145 loop_us_avg=93 loop_us_max=5415 loop_hz=10752 cycle_log_ms=1 n_cycle=4 cc=1 cc_hz=1027 cc_i_tgt=0.1000 cc_u=0.5000 cc_r=5.0046 cc_tau_ms=7.00
[  21.769] [STATUS] t_ms=50346 hwm=5 cap=256 dropped=0 dropped_total=718 crc_err=0 crc_err_total=0 rate1=512 rate2=512 prod1=512 prod2=512 dac_err=0 tx_drop=376 hb_ms=0 sma_state=6 m7_us=51896587 m4_us=49702112 vdd=5.067 offset=0.5000 aref=3.145 loop_us_avg=94 loop_us_max=5449 loop_hz=10638 cycle_log_ms=1 n_cycle=4 cc=1 cc_hz=1027 cc_i_tgt=0.1000 cc_u=0.5087 cc_r=5.0302 cc_tau_ms=7.00
[  22.783] [STATUS] t_ms=51346 hwm=5 cap=256 dropped=0 dropped_total=718 crc_err=0 crc_err_total=0 rate1=512 rate2=512 prod1=512 prod2=512 dac_err=0 tx_drop=376 hb_ms=0 sma_state=6 m7_us=52928669 m4_us=50734151 vdd=5.067 offset=0.5000 aref=3.145 loop_us_avg=94 loop_us_max=5395 loop_hz=10638 cycle_log_ms=1 n_cycle=4 cc=1 cc_hz=1027 cc_i_tgt=0.1000 cc_u=0.5009 cc_r=5.0670 cc_tau_ms=7.00
[  23.793] [STATUS] t_ms=52346 hwm=5 cap=256 dropped=0 dropped_total=718 crc_err=0 crc_err_total=0 rate1=512 rate2=512 prod1=512 prod2=512 dac_err=0 tx_drop=376 hb_ms=0 sma_state=6 m7_us=53960691 m4_us=51766240 vdd=5.067 offset=0.5000 aref=3.145 loop_us_avg=92 loop_us_max=5425 loop_hz=10869 cycle_log_ms=1 n_cycle=4 cc=1 cc_hz=1026 cc_i_tgt=0.1000 cc_u=0.5088 cc_r=5.0975 cc_tau_ms=7.00
[  24.866] [STATUS] t_ms=53346 hwm=5 cap=256 dropped=0 dropped_total=718 crc_err=0 crc_err_total=0 rate1=512 rate2=512 prod1=512 prod2=512 dac_err=0 tx_drop=376 hb_ms=0 sma_state=6 m7_us=54992749 m4_us=52798288 vdd=5.067 offset=0.5000 aref=3.145 loop_us_avg=94 loop_us_max=5427 loop_hz=10638 cycle_log_ms=1 n_cycle=4 cc=1 cc_hz=1027 cc_i_tgt=0.1000 cc_u=0.5010 cc_r=4.9933 cc_tau_ms=7.00
[  25.435] [ADC1] STATUS alarm
[  25.435] M PGAH_ALM
[  25.877] [STATUS] t_ms=54346 hwm=6 cap=256 dropped=0 dropped_total=718 crc_err=0 crc_err_total=0 rate1=512 rate2=512 prod1=512 prod2=512 dac_err=0 tx_drop=376 hb_ms=0 sma_state=6 m7_us=56024865 m4_us=53830288 vdd=5.067 offset=0.5000 aref=3.145 loop_us_avg=94 loop_us_max=5533 loop_hz=10638 cycle_log_ms=1 n_cycle=4 cc=1 cc_hz=1027 cc_i_tgt=0.1000 cc_u=0.5217 cc_r=5.0491 cc_tau_ms=7.00
[  26.888] [STATUS] t_ms=55346 hwm=6 cap=256 dropped=0 dropped_total=718 crc_err=0 crc_err_total=0 rate1=512 rate2=512 prod1=512 prod2=512 dac_err=0 tx_drop=376 hb_ms=0 sma_state=6 m7_us=57056963 m4_us=54862339 vdd=5.067 offset=0.5000 aref=3.145 loop_us_avg=94 loop_us_max=5497 loop_hz=10638 cycle_log_ms=1 n_cycle=4 cc=1 cc_hz=1027 cc_i_tgt=0.1000 cc_u=0.5234 cc_r=5.2075 cc_tau_ms=7.00
[  27.961] [STATUS] t_ms=56346 hwm=6 cap=256 dropped=0 dropped_total=718 crc_err=0 crc_err_total=0 rate1=512 rate2=512 prod1=512 prod2=512 dac_err=0 tx_drop=376 hb_ms=0 sma_state=6 m7_us=58089117 m4_us=55894416 vdd=5.067 offset=0.5000 aref=3.145 loop_us_avg=94 loop_us_max=5395 loop_hz=10638 cycle_log_ms=1 n_cycle=4 cc=1 cc_hz=1027 cc_i_tgt=0.1000 cc_u=0.5412 cc_r=5.1539 cc_tau_ms=7.00
[  28.975] [STATUS] t_ms=57346 hwm=6 cap=256 dropped=0 dropped_total=718 crc_err=0 crc_err_total=0 rate1=512 rate2=512 prod1=512 prod2=512 dac_err=0 tx_drop=376 hb_ms=0 sma_state=6 m7_us=59121179 m4_us=56926490 vdd=5.067 offset=0.5000 aref=3.145 loop_us_avg=94 loop_us_max=5519 loop_hz=10638 cycle_log_ms=1 n_cycle=4 cc=1 cc_hz=1027 cc_i_tgt=0.1000 cc_u=0.5000 cc_r=4.9978 cc_tau_ms=7.00
[  29.481] [ADC1
[  29.985] [STATUS] t_ms=58346 hwm=6 cap=256 dropped=0 dropped_total=718 crc_err=0 crc_err_total=0 rate1=512 rate2=512 prod1=512 prod2=512 dac_err=0 tx_drop=376 hb_ms=0 sma_state=6 m7_us=60152497 m4_us=57958528 vdd=5.067 offset=0.5000 aref=3.145 loop_us_avg=92 loop_us_max=5440 loop_hz=10869 cycle_log_ms=1 n_cycle=4 cc=1 cc_hz=1026 cc_i_tgt=0.1000 cc_u=0.5000 cc_r=5.0015 cc_tau_ms=7.00
[  31.058] [STATUS] t_ms=59346 hwm=5 cap=256 dropped=0 dropped_total=718 crc_err=0 crc_err_total=0 rate1=512 rate2=512 prod1=512 prod2=512 dac_err=0 tx_drop=376 hb_ms=0 sma_state=6 m7_us=61184538 m4_us=58990528 vdd=5.067 offset=0.5000 aref=3.145 loop_us_avg=93 loop_us_max=5450 loop_hz=10752 cycle_log_ms=1 n_cycle=4 cc=1 cc_hz=1027 cc_i_tgt=0.1000 cc_u=0.5210 cc_r=5.0579 cc_tau_ms=7.00
[  31.184] [SMA] [ACT] heat n=3/6 I=150.0mA ms=100
[  31.309] [SMA] [ACT] cool n=3/6 I=100.0mA ms=15000
[  31.497] [ADC1] ST
[  31.497] ATUS alarm(s): 0x4
[  32.065] [STATUS] t_ms=60346 hwm=5 cap=256 dropped=0 dropped_total=718 crc_err=0 crc_err_total=0 rate1=512 rate2=512 prod1=512 prod2=512 dac_err=0 tx_drop=376 hb_ms=0 sma_state=6 m7_us=62216995 m4_us=60022547 vdd=5.067 offset=0.5000 aref=3.145 loop_us_avg=92 loop_us_max=5405 loop_hz=10869 cycle_log_ms=1 n_cycle=4 cc=1 cc_hz=1024 cc_i_tgt=0.1000 cc_u=0.5000 cc_r=4.9766 cc_tau_ms=7.00
[  33.077] [STATUS] t_ms=61346 hwm=5 cap=256 dropped=0 dropped_total=718 crc_err=0 crc_err_total=0 rate1=512 rate2=512 prod1=512 prod2=512 dac_err=0 tx_drop=376 hb_ms=0 sma_state=6 m7_us=63249103 m4_us=61054554 vdd=5.067 offset=0.5000 aref=3.145 loop_us_avg=94 loop_us_max=5445 loop_hz=10638 cycle_log_ms=1 n_cycle=4 cc=1 cc_hz=1027 cc_i_tgt=0.1000 cc_u=0.5076 cc_r=5.0048 cc_tau_ms=7.00
[  34.147] [STATUS] t_ms=62346 hwm=5 cap=256 dropped=0 dropped_total=718 crc_err=0 crc_err_total=0 rate1=512 rate2=512 prod1=512 prod2=512 dac_err=0 tx_drop=376 hb_ms=0 sma_state=6 m7_us=64281163 m4_us=62086576 vdd=5.067 offset=0.5000 aref=3.145 loop_us_avg=93 loop_us_max=5475 loop_hz=10752 cycle_log_ms=1 n_cycle=4 cc=1 cc_hz=1027 cc_i_tgt=0.1000 cc_u=0.5165 cc_r=4.9803 cc_tau_ms=7.00
[  35.152] [STATUS] t_ms=63346 hwm=6 cap=256 dropped=0 dropped_total=718 crc_err=0 crc_err_total=0 rate1=512 rate2=512 prod1=512 prod2=512 dac_err=0 tx_drop=376 hb_ms=0 sma_state=6 m7_us=65313225 m4_us=63118599 vdd=5.067 offset=0.5000 aref=3.145 loop_us_avg=94 loop_us_max=5429 loop_hz=10638 cycle_log_ms=1 n_cycle=4 cc=1 cc_hz=1027 cc_i_tgt=0.1000 cc_u=0.5098 cc_r=5.0848 cc_tau_ms=7.00
[  35.533] [ADC
[  35.533] 1] STATUS alarm(s)
[  36.224] [STATUS] t_ms=64346 hwm=6 cap=256 dropped=0 dropped_total=718 crc_err=0 crc_err_total=0 rate1=512 rate2=512 prod1=512 prod2=512 dac_err=0 tx_drop=376 hb_ms=0 sma_state=6 m7_us=66345275 m4_us=64150605 vdd=5.067 offset=0.5000 aref=3.145 loop_us_avg=92 loop_us_max=5452 loop_hz=10869 cycle_log_ms=1 n_cycle=4 cc=1 cc_hz=1027 cc_i_tgt=0.1000 cc_u=0.5012 cc_r=4.9891 cc_tau_ms=7.00
[  37.236] [STATUS] t_ms=65346 hwm=6 cap=256 dropped=0 dropped_total=718 crc_err=0 crc_err_total=0 rate1=512 rate2=512 prod1=512 prod2=512 dac_err=0 tx_drop=376 hb_ms=0 sma_state=6 m7_us=67376579 m4_us=65182611 vdd=5.067 offset=0.5000 aref=3.145 loop_us_avg=94 loop_us_max=5485 loop_hz=10638 cycle_log_ms=1 n_cycle=4 cc=1 cc_hz=1026 cc_i_tgt=0.1000 cc_u=0.5077 cc_r=5.0092 cc_tau_ms=7.00
[  38.242] [STATUS] t_ms=66346 hwm=5 cap=256 dropped=0 dropped_total=718 crc_err=0 crc_err_total=0 rate1=512 rate2=512 prod1=512 prod2=512 dac_err=0 tx_drop=376 hb_ms=0 sma_state=6 m7_us=68408590 m4_us=66214615 vdd=5.067 offset=0.5000 aref=3.145 loop_us_avg=93 loop_us_max=5426 loop_hz=10752 cycle_log_ms=1 n_cycle=4 cc=1 cc_hz=1027 cc_i_tgt=0.1000 cc_u=0.5024 cc_r=4.9467 cc_tau_ms=7.00
[  39.320] [STATUS] t_ms=67346 hwm=5 cap=256 dropped=0 dropped_total=718 crc_err=0 crc_err_total=0 rate1=512 rate2=512 prod1=512 prod2=512 dac_err=0 tx_drop=376 hb_ms=0 sma_state=6 m7_us=69441406 m4_us=67246615 vdd=5.067 offset=0.5000 aref=3.145 loop_us_avg=94 loop_us_max=5750 loop_hz=10638 cycle_log_ms=1 n_cycle=4 cc=1 cc_hz=1026 cc_i_tgt=0.1000 cc_u=0.5122 cc_r=5.0600 cc_tau_ms=7.00
[  39.571] [A
[  40.330] [STATUS] t_ms=68346 hwm=6 cap=256 dropped=0 dropped_total=718 crc_err=0 crc_err_total=0 rate1=512 rate2=512 prod1=512 prod2=512 dac_err=0 tx_drop=376 hb_ms=0 sma_state=6 m7_us=70472551 m4_us=68278592 vdd=5.067 offset=0.5000 aref=3.145 loop_us_avg=92 loop_us_max=5740 loop_hz=10869 cycle_log_ms=1 n_cycle=4 cc=1 cc_hz=1026 cc_i_tgt=0.1000 cc_u=0.5161 cc_r=5.0903 cc_tau_ms=7.00
[  41.338] [STATUS] t_ms=69346 hwm=5 cap=256 dropped=0 dropped_total=718 crc_err=0 crc_err_total=0 rate1=512 rate2=512 prod1=512 prod2=512 dac_err=0 tx_drop=376 hb_ms=0 sma_state=6 m7_us=71504876 m4_us=69310615 vdd=5.067 offset=0.5000 aref=3.145 loop_us_avg=93 loop_us_max=5391 loop_hz=10752 cycle_log_ms=1 n_cycle=4 cc=1 cc_hz=1027 cc_i_tgt=0.1000 cc_u=0.5215 cc_r=5.0755 cc_tau_ms=7.00
[  42.413] [STATUS] t_ms=70346 hwm=5 cap=256 dropped=0 dropped_total=718 crc_err=0 crc_err_total=0 rate1=512 rate2=512 prod1=512 prod2=512 dac_err=0 tx_drop=376 hb_ms=0 sma_state=6 m7_us=72537109 m4_us=70342647 vdd=5.067 offset=0.5000 aref=3.145 loop_us_avg=93 loop_us_max=5662 loop_hz=10752 cycle_log_ms=1 n_cycle=4 cc=1 cc_hz=1025 cc_i_tgt=0.1000 cc_u=0.5186 cc_r=5.1443 cc_tau_ms=7.00
[  42.603] PGAH_ALM
[  43.424] [STATUS] t_ms=71346 hwm=5 cap=256 dropped=0 dropped_total=718 crc_err=0 crc_err_total=0 rate1=512 rate2=512 prod1=512 prod2=512 dac_err=0 tx_drop=376 hb_ms=0 sma_state=6 m7_us=73569337 m4_us=71374663 vdd=5.067 offset=0.5000 aref=3.145 loop_us_avg=93 loop_us_max=5436 loop_hz=10752 cycle_log_ms=1 n_cycle=4 cc=1 cc_hz=1027 cc_i_tgt=0.1000 cc_u=0.5256 cc_r=5.0509 cc_tau_ms=7.00
[  44.433] [STATUS] t_ms=72346 hwm=6 cap=256 dropped=0 dropped_total=718 crc_err=0 crc_err_total=0 rate1=512 rate2=512 prod1=512 prod2=512 dac_err=0 tx_drop=376 hb_ms=0 sma_state=6 m7_us=74600625 m4_us=72406653 vdd=5.067 offset=0.5000 aref=3.145 loop_us_avg=93 loop_us_max=5651 loop_hz=10752 cycle_log_ms=1 n_cycle=4 cc=1 cc_hz=1026 cc_i_tgt=0.1000 cc_u=0.5000 cc_r=5.0497 cc_tau_ms=7.00
[  44.622] [ADC1] STATUS a
[  44.622] PGAH_ALM
[  45.504] [STATUS] t_ms=73346 hwm=5 cap=256 dropped=0 dropped_total=718 crc_err=0 crc_err_total=0 rate1=512 rate2=512 prod1=512 prod2=512 dac_err=0 tx_drop=376 hb_ms=0 sma_state=6 m7_us=75633137 m4_us=73438650 vdd=5.067 offset=0.5000 aref=3.145 loop_us_avg=94 loop_us_max=5477 loop_hz=10638 cycle_log_ms=1 n_cycle=4 cc=1 cc_hz=1026 cc_i_tgt=0.1000 cc_u=0.5000 cc_r=5.0181 cc_tau_ms=7.00
[  46.515] [STATUS] t_ms=74346 hwm=5 cap=256 dropped=0 dropped_total=718 crc_err=0 crc_err_total=0 rate1=512 rate2=512 prod1=512 prod2=512 dac_err=0 tx_drop=376 hb_ms=0 sma_state=6 m7_us=76665187 m4_us=74470656 vdd=5.067 offset=0.5000 aref=3.145 loop_us_avg=93 loop_us_max=5425 loop_hz=10752 cycle_log_ms=1 n_cycle=4 cc=1 cc_hz=1027 cc_i_tgt=0.1000 cc_u=0.5000 cc_r=5.0214 cc_tau_ms=7.00
[  46.578] [ADC1] STATUS
[  46.764] [SMA] [ACT] heat n=4/6 I=150.0mA ms=100
[  46.890] [SMA] [ACT] cool n=4/6 I=100.0mA ms=15000
[  47.523] [STATUS] t_ms=75346 hwm=6 cap=256 dropped=0 dropped_total=718 crc_err=0 crc_err_total=0 rate1=512 rate2=512 prod1=512 prod2=512 dac_err=0 tx_drop=376 hb_ms=0 sma_state=6 m7_us=77697346 m4_us=75502672 vdd=5.067 offset=0.5000 aref=3.145 loop_us_avg=96 loop_us_max=5481 loop_hz=10416 cycle_log_ms=1 n_cycle=4 cc=1 cc_hz=1025 cc_i_tgt=0.1000 cc_u=0.5170 cc_r=5.0456 cc_tau_ms=7.00
[  48.551] [STATUS] t_ms=76346 hwm=6 cap=256 dropped=0 dropped_total=718 crc_err=0 crc_err_total=0 rate1=512 rate2=512 prod1=512 prod2=512 dac_err=0 tx_drop=376 hb_ms=0 sma_state=6 m7_us=78728649 m4_us=76534714 vdd=5.067 offset=0.5000 aref=3.145 loop_us_avg=92 loop_us_max=5574 loop_hz=10869 cycle_log_ms=1 n_cycle=4 cc=1 cc_hz=1026 cc_i_tgt=0.1000 cc_u=0.5012 cc_r=5.0839 cc_tau_ms=7.00
[  49.621] [STATUS] t_ms=77346 hwm=5 cap=256 dropped=0 dropped_total=718 crc_err=0 crc_err_total=0 rate1=512 rate2=512 prod1=512 prod2=512 dac_err=0 tx_drop=376 hb_ms=0 sma_state=6 m7_us=79760754 m4_us=77566743 vdd=5.067 offset=0.5000 aref=3.145 loop_us_avg=92 loop_us_max=5448 loop_hz=10869 cycle_log_ms=1 n_cycle=4 cc=1 cc_hz=1027 cc_i_tgt=0.1000 cc_u=0.5202 cc_r=5.1456 cc_tau_ms=7.00
[  49.621] [ADC1] STA
[  49.621] TUS alarm(s): 0x4
[  50.630] [STATUS] t_ms=78346 hwm=5 cap=256 dropped=0 dropped_total=718 crc_err=0 crc_err_total=0 rate1=512 rate2=512 prod1=512 prod2=512 dac_err=0 tx_drop=376 hb_ms=0 sma_state=6 m7_us=80793264 m4_us=78598746 vdd=5.067 offset=0.5000 aref=3.145 loop_us_avg=93 loop_us_max=5498 loop_hz=10752 cycle_log_ms=1 n_cycle=4 cc=1 cc_hz=1026 cc_i_tgt=0.1000 cc_u=0.5091 cc_r=5.0284 cc_tau_ms=7.00
[  51.640] [ADC1
[  51.702] [STATUS] t_ms=79346 hwm=5 cap=256 dropped=0 dropped_total=718 crc_err=0 crc_err_total=0 rate1=512 rate2=512 prod1=512 prod2=512 dac_err=0 tx_drop=376 hb_ms=0 sma_state=6 m7_us=81825322 m4_us=79630743 vdd=5.067 offset=0.5000 aref=3.145 loop_us_avg=92 loop_us_max=5473 loop_hz=10869 cycle_log_ms=1 n_cycle=4 cc=1 cc_hz=1027 cc_i_tgt=0.1000 cc_u=0.5203 cc_r=5.0499 cc_tau_ms=7.00
[  52.649] [ADC1] S
[  52.649] TATUS alarm(s): 0
[  52.712] [STATUS] t_ms=80346 hwm=6 cap=256 dropped=0 dropped_total=718 crc_err=0 crc_err_total=0 rate1=512 rate2=512 prod1=512 prod2=512 dac_err=0 tx_drop=376 hb_ms=0 sma_state=6 m7_us=82857329 m4_us=80662759 vdd=5.067 offset=0.5000 aref=3.145 loop_us_avg=92 loop_us_max=5408 loop_hz=10869 cycle_log_ms=1 n_cycle=4 cc=1 cc_hz=1027 cc_i_tgt=0.1000 cc_u=0.5238 cc_r=5.0633 cc_tau_ms=7.00
[  53.722] [STATUS] t_ms=81346 hwm=5 cap=256 dropped=0 dropped_total=718 crc_err=0 crc_err_total=0 rate1=512 rate2=512 prod1=512 prod2=512 dac_err=0 tx_drop=376 hb_ms=0 sma_state=6 m7_us=83889373 m4_us=81694781 vdd=5.067 offset=0.5000 aref=3.145 loop_us_avg=92 loop_us_max=5424 loop_hz=10869 cycle_log_ms=1 n_cycle=4 cc=1 cc_hz=1027 cc_i_tgt=0.1000 cc_u=0.5000 cc_r=5.0500 cc_tau_ms=7.00
[  54.788] [STATUS] t_ms=82346 hwm=6 cap=256 dropped=0 dropped_total=718 crc_err=0 crc_err_total=0 rate1=512 rate2=512 prod1=512 prod2=512 dac_err=0 tx_drop=376 hb_ms=0 sma_state=6 m7_us=84920736 m4_us=82726784 vdd=5.067 offset=0.5000 aref=3.145 loop_us_avg=93 loop_us_max=5515 loop_hz=10752 cycle_log_ms=1 n_cycle=4 cc=1 cc_hz=1026 cc_i_tgt=0.1000 cc_u=0.5105 cc_r=5.0298 cc_tau_ms=7.00
[  55.668] [ADC
[  55.668] 1] STATUS alarm(s):
[  55.793] [STATUS] t_ms=83346 hwm=5 cap=256 dropped=0 dropped_total=718 crc_err=0 crc_err_total=0 rate1=512 rate2=512 prod1=512 prod2=512 dac_err=0 tx_drop=376 hb_ms=0 sma_state=6 m7_us=85952791 m4_us=83758784 vdd=5.067 offset=0.5000 aref=3.145 loop_us_avg=92 loop_us_max=5427 loop_hz=10869 cycle_log_ms=1 n_cycle=4 cc=1 cc_hz=1027 cc_i_tgt=0.1000 cc_u=0.5061 cc_r=4.9892 cc_tau_ms=7.00
[  56.866] [STATUS] t_ms=84346 hwm=5 cap=256 dropped=0 dropped_total=718 crc_err=0 crc_err_total=0 rate1=512 rate2=512 prod1=512 prod2=512 dac_err=0 tx_drop=376 hb_ms=0 sma_state=6 m7_us=86984887 m4_us=84790791 vdd=5.067 offset=0.5000 aref=3.145 loop_us_avg=93 loop_us_max=5440 loop_hz=10752 cycle_log_ms=1 n_cycle=4 cc=1 cc_hz=1027 cc_i_tgt=0.1000 cc_u=0.5091 cc_r=5.0034 cc_tau_ms=7.00
[  57.684] [ADC1] STATU
[  57.872] [STATUS] t_ms=85346 hwm=5 cap=256 dropped=0 dropped_total=718 crc_err=0 crc_err_total=0 rate1=512 rate2=512 prod1=512 prod2=512 dac_err=0 tx_drop=376 hb_ms=0 sma_state=6 m7_us=88017308 m4_us=85822800 vdd=5.067 offset=0.5000 aref=3.145 loop_us_avg=93 loop_us_max=5499 loop_hz=10752 cycle_log_ms=1 n_cycle=4 cc=1 cc_hz=1026 cc_i_tgt=0.1000 cc_u=0.5066 cc_r=5.0229 cc_tau_ms=7.00
[  58.886] [STATUS] t_ms=86346 hwm=5 cap=256 dropped=0 dropped_total=718 crc_err=0 crc_err_total=0 rate1=512 rate2=512 prod1=512 prod2=512 dac_err=0 tx_drop=376 hb_ms=0 sma_state=6 m7_us=89049384 m4_us=86854800 vdd=5.067 offset=0.5000 aref=3.145 loop_us_avg=92 loop_us_max=5461 loop_hz=10869 cycle_log_ms=1 n_cycle=4 cc=1 cc_hz=1027 cc_i_tgt=0.1000 cc_u=0.5171 cc_r=5.0315 cc_tau_ms=7.00
[  59.959] [STATUS] t_ms=87346 hwm=6 cap=256 dropped=0 dropped_total=718 crc_err=0 crc_err_total=0 rate1=512 rate2=512 prod1=512 prod2=512 dac_err=0 tx_drop=376 hb_ms=0 sma_state=6 m7_us=90080771 m4_us=87886800 vdd=5.067 offset=0.5000 aref=3.145 loop_us_avg=93 loop_us_max=5500 loop_hz=10752 cycle_log_ms=1 n_cycle=4 cc=1 cc_hz=1026 cc_i_tgt=0.1000 cc_u=0.5060 cc_r=5.0876 cc_tau_ms=7.00
[  60.721] [ADC1] STAT
[  60.721] US alarm(s): 0xCD PG
[  60.721] AL_ALM PGAH_ALM
[  60.975] [STATUS] t_ms=88346 hwm=5 cap=256 dropped=0 dropped_total=718 crc_err=0 crc_err_total=0 rate1=512 rate2=512 prod1=512 prod2=512 dac_err=0 tx_drop=376 hb_ms=0 sma_state=6 m7_us=91112822 m4_us=88918784 vdd=5.067 offset=0.5000 aref=3.145 loop_us_avg=93 loop_us_max=5392 loop_hz=10752 cycle_log_ms=1 n_cycle=4 cc=1 cc_hz=1027 cc_i_tgt=0.1000 cc_u=0.5019 cc_r=5.0508 cc_tau_ms=7.00
[  61.984] [STATUS] t_ms=89346 hwm=5 cap=256 dropped=0 dropped_total=718 crc_err=0 crc_err_total=0 rate1=512 rate2=512 prod1=512 prod2=512 dac_err=0 tx_drop=376 hb_ms=0 sma_state=6 m7_us=92144917 m4_us=89950797 vdd=5.067 offset=0.5000 aref=3.145 loop_us_avg=93 loop_us_max=5448 loop_hz=10752 cycle_log_ms=1 n_cycle=4 cc=1 cc_hz=1027 cc_i_tgt=0.1000 cc_u=0.5062 cc_r=5.0884 cc_tau_ms=7.00
[  62.361] [SMA] [ACT] heat n=5/6 I=150.0mA ms=100
[  62.486] [SMA] [ACT] cool n=5/6 I=100.0mA ms=15000
[  62.740] _ALM PGAH_ALM
[  63.053] [STATUS] t_ms=90346 hwm=5 cap=256 dropped=0 dropped_total=718 crc_err=0 crc_err_total=0 rate1=512 rate2=512 prod1=512 prod2=512 dac_err=0 tx_drop=376 hb_ms=0 sma_state=6 m7_us=93176746 m4_us=90982813 vdd=5.067 offset=0.5000 aref=3.145 loop_us_avg=92 loop_us_max=5449 loop_hz=10869 cycle_log_ms=1 n_cycle=4 cc=1 cc_hz=1023 cc_i_tgt=0.1000 cc_u=0.5075 cc_r=5.0801 cc_tau_ms=7.00
[  64.063] [STATUS] t_ms=91346 hwm=5 cap=256 dropped=0 dropped_total=718 crc_err=0 crc_err_total=0 rate1=512 rate2=512 prod1=512 prod2=512 dac_err=0 tx_drop=376 hb_ms=0 sma_state=6 m7_us=94208791 m4_us=92014816 vdd=5.067 offset=0.5000 aref=3.145 loop_us_avg=92 loop_us_max=5391 loop_hz=10869 cycle_log_ms=1 n_cycle=4 cc=1 cc_hz=1027 cc_i_tgt=0.1000 cc_u=0.5301 cc_r=5.0484 cc_tau_ms=7.00
[  64.756] [AD
[  65.074] [STATUS] t_ms=92346 hwm=5 cap=256 dropped=0 dropped_total=718 crc_err=0 crc_err_total=0 rate1=512 rate2=512 prod1=512 prod2=512 dac_err=0 tx_drop=376 hb_ms=0 sma_state=6 m7_us=95240847 m4_us=93046848 vdd=5.067 offset=0.5000 aref=3.145 loop_us_avg=93 loop_us_max=5419 loop_hz=10752 cycle_log_ms=1 n_cycle=4 cc=1 cc_hz=1027 cc_i_tgt=0.1000 cc_u=0.5092 cc_r=5.0732 cc_tau_ms=7.00
[  65.770] [ADC1]
[  65.770] STATUS alarm(s): 0
[  66.166] [STATUS] t_ms=93346 hwm=5 cap=256 dropped=0 dropped_total=718 crc_err=0 crc_err_total=0 rate1=512 rate2=512 prod1=512 prod2=512 dac_err=0 tx_drop=376 hb_ms=0 sma_state=6 m7_us=96272940 m4_us=94078887 vdd=5.067 offset=0.5000 aref=3.145 loop_us_avg=91 loop_us_max=5500 loop_hz=10989 cycle_log_ms=1 n_cycle=4 cc=1 cc_hz=1027 cc_i_tgt=0.1000 cc_u=0.5022 cc_r=5.0398 cc_tau_ms=7.00
[  66.735] GAH_ALM
[  67.175] [STATUS] t_ms=94346 hwm=5 cap=256 dropped=0 dropped_total=718 crc_err=0 crc_err_total=0 rate1=512 rate2=512 prod1=512 prod2=512 dac_err=0 tx_drop=376 hb_ms=0 sma_state=6 m7_us=97304947 m4_us=95110909 vdd=5.067 offset=0.5000 aref=3.145 loop_us_avg=92 loop_us_max=5402 loop_hz=10869 cycle_log_ms=1 n_cycle=4 cc=1 cc_hz=1027 cc_i_tgt=0.1000 cc_u=0.5028 cc_r=5.0045 cc_tau_ms=7.00
[  68.178] [STATUS] t_ms=95346 hwm=5 cap=256 dropped=0 dropped_total=718 crc_err=0 crc_err_total=0 rate1=512 rate2=512 prod1=512 prod2=512 dac_err=0 tx_drop=376 hb_ms=0 sma_state=6 m7_us=98336948 m4_us=96142922 vdd=5.067 offset=0.5000 aref=3.145 loop_us_avg=91 loop_us_max=5425 loop_hz=10989 cycle_log_ms=1 n_cycle=4 cc=1 cc_hz=1027 cc_i_tgt=0.1000 cc_u=0.5222 cc_r=5.0527 cc_tau_ms=7.00
[  68.805] [AD
[  68.805] C1] STATUS alarm(s
[  69.246] [STATUS] t_ms=96346 hwm=5 cap=256 dropped=0 dropped_total=718 crc_err=0 crc_err_total=0 rate1=512 rate2=512 prod1=512 prod2=512 dac_err=0 tx_drop=376 hb_ms=0 sma_state=6 m7_us=99369428 m4_us=97174922 vdd=5.067 offset=0.5000 aref=3.145 loop_us_avg=93 loop_us_max=5482 loop_hz=10752 cycle_log_ms=1 n_cycle=4 cc=1 cc_hz=1026 cc_i_tgt=0.1000 cc_u=0.5000 cc_r=5.0588 cc_tau_ms=7.00
[  70.263] [STATUS] t_ms=97346 hwm=5 cap=256 dropped=0 dropped_total=718 crc_err=0 crc_err_total=0 rate1=512 rate2=512 prod1=512 prod2=512 dac_err=0 tx_drop=376 hb_ms=0 sma_state=6 m7_us=100401527 m4_us=98206960 vdd=5.067 offset=0.5000 aref=3.145 loop_us_avg=94 loop_us_max=5465 loop_hz=10638 cycle_log_ms=1 n_cycle=4 cc=1 cc_hz=1027 cc_i_tgt=0.1000 cc_u=0.5353 cc_r=5.1433 cc_tau_ms=7.00
[  71.273] [STATUS] t_ms=98346 hwm=6 cap=256 dropped=0 dropped_total=718 crc_err=0 crc_err_total=0 rate1=512 rate2=512 prod1=512 prod2=512 dac_err=0 tx_drop=376 hb_ms=0 sma_state=6 m7_us=101433533 m4_us=99239015 vdd=5.067 offset=0.5000 aref=3.145 loop_us_avg=93 loop_us_max=5432 loop_hz=10752 cycle_log_ms=1 n_cycle=4 cc=1 cc_hz=1027 cc_i_tgt=0.1000 cc_u=0.5000 cc_r=5.0504 cc_tau_ms=7.00
[  72.346] [STATUS] t_ms=99346 hwm=5 cap=256 dropped=0 dropped_total=718 crc_err=0 crc_err_total=0 rate1=512 rate2=512 prod1=512 prod2=512 dac_err=0 tx_drop=376 hb_ms=0 sma_state=6 m7_us=102465591 m4_us=100271040 vdd=5.067 offset=0.5000 aref=3.145 loop_us_avg=93 loop_us_max=5404 loop_hz=10752 cycle_log_ms=1 n_cycle=4 cc=1 cc_hz=1027 cc_i_tgt=0.1000 cc_u=0.5395 cc_r=5.0951 cc_tau_ms=7.00
[  72.790] [
[  72.790] ADC1] STATUS alar
[  73.361] [STATUS] t_ms=100346 hwm=6 cap=256 dropped=0 dropped_total=718 crc_err=0 crc_err_total=0 rate1=512 rate2=512 prod1=512 prod2=512 dac_err=0 tx_drop=376 hb_ms=0 sma_state=6 m7_us=103497646 m4_us=101303072 vdd=5.067 offset=0.5000 aref=3.145 loop_us_avg=94 loop_us_max=5489 loop_hz=10638 cycle_log_ms=1 n_cycle=4 cc=1 cc_hz=1027 cc_i_tgt=0.1000 cc_u=0.5096 cc_r=5.0720 cc_tau_ms=7.00
[  73.799] [ADC1]
[  73.799] STATUS alarm(s): 0
[  74.368] [STATUS] t_ms=101346 hwm=6 cap=256 dropped=0 dropped_total=718 crc_err=0 crc_err_total=0 rate1=512 rate2=512 prod1=512 prod2=512 dac_err=0 tx_drop=376 hb_ms=0 sma_state=6 m7_us=104529667 m4_us=102335123 vdd=5.067 offset=0.5000 aref=3.145 loop_us_avg=94 loop_us_max=5415 loop_hz=10638 cycle_log_ms=1 n_cycle=4 cc=1 cc_hz=1027 cc_i_tgt=0.1000 cc_u=0.5206 cc_r=5.0258 cc_tau_ms=7.00
[  75.435] [STATUS] t_ms=102346 hwm=6 cap=256 dropped=0 dropped_total=718 crc_err=0 crc_err_total=0 rate1=512 rate2=512 prod1=512 prod2=512 dac_err=0 tx_drop=376 hb_ms=0 sma_state=6 m7_us=105561909 m4_us=103367155 vdd=5.067 offset=0.5000 aref=3.145 loop_us_avg=92 loop_us_max=5435 loop_hz=10869 cycle_log_ms=1 n_cycle=4 cc=1 cc_hz=1027 cc_i_tgt=0.1000 cc_u=0.5000 cc_r=5.0436 cc_tau_ms=7.00
[  76.445] [STATUS] t_ms=103346 hwm=6 cap=256 dropped=0 dropped_total=718 crc_err=0 crc_err_total=0 rate1=512 rate2=512 prod1=512 prod2=512 dac_err=0 tx_drop=376 hb_ms=0 sma_state=6 m7_us=106593116 m4_us=104399175 vdd=5.067 offset=0.5000 aref=3.145 loop_us_avg=93 loop_us_max=5619 loop_hz=10752 cycle_log_ms=1 n_cycle=4 cc=1 cc_hz=1026 cc_i_tgt=0.1000 cc_u=0.5000 cc_r=5.0585 cc_tau_ms=7.00
[  77.454] [STATUS] t_ms=104346 hwm=5 cap=256 dropped=0 dropped_total=718 crc_err=0 crc_err_total=0 rate1=512 rate2=512 prod1=512 prod2=512 dac_err=0 tx_drop=376 hb_ms=0 sma_state=6 m7_us=107625670 m4_us=105431187 vdd=5.067 offset=0.5000 aref=3.145 loop_us_avg=94 loop_us_max=5514 loop_hz=10638 cycle_log_ms=1 n_cycle=4 cc=1 cc_hz=1026 cc_i_tgt=0.1000 cc_u=0.5355 cc_r=5.1577 cc_tau_ms=7.00
[  77.955] [SMA] [ACT] heat n=6/6 I=150.0mA ms=100
[  78.082] [SMA] [ACT] cool n=6/6 I=100.0mA ms=15000
[  78.525] [STATUS] t_ms=105346 hwm=5 cap=256 dropped=0 dropped_total=718 crc_err=0 crc_err_total=0 rate1=512 rate2=512 prod1=512 prod2=512 dac_err=0 tx_drop=376 hb_ms=0 sma_state=6 m7_us=108657628 m4_us=106463187 vdd=5.067 offset=0.5000 aref=3.145 loop_us_avg=93 loop_us_max=5417 loop_hz=10752 cycle_log_ms=1 n_cycle=4 cc=1 cc_hz=1024 cc_i_tgt=0.1000 cc_u=0.5085 cc_r=5.0676 cc_tau_ms=7.00
[  78.838] [ADC1] STATUS
[  79.533] [STATUS] t_ms=106346 hwm=5 cap=256 dropped=0 dropped_total=718 crc_err=0 crc_err_total=0 rate1=512 rate2=512 prod1=512 prod2=512 dac_err=0 tx_drop=376 hb_ms=0 sma_state=6 m7_us=109689635 m4_us=107495155 vdd=5.067 offset=0.5000 aref=3.145 loop_us_avg=93 loop_us_max=5413 loop_hz=10752 cycle_log_ms=1 n_cycle=4 cc=1 cc_hz=1027 cc_i_tgt=0.1000 cc_u=0.5045 cc_r=5.0285 cc_tau_ms=7.00
[  79.849] GAH_ALM
[  80.544] [STATUS] t_ms=107346 hwm=5 cap=256 dropped=0 dropped_total=718 crc_err=0 crc_err_total=0 rate1=512 rate2=512 prod1=512 prod2=512 dac_err=0 tx_drop=376 hb_ms=0 sma_state=6 m7_us=110721688 m4_us=108527143 vdd=5.067 offset=0.5000 aref=3.145 loop_us_avg=94 loop_us_max=5443 loop_hz=10638 cycle_log_ms=1 n_cycle=4 cc=1 cc_hz=1027 cc_i_tgt=0.1000 cc_u=0.5000 cc_r=5.0250 cc_tau_ms=7.00
[  81.615] [STATUS] t_ms=108346 hwm=6 cap=256 dropped=0 dropped_total=718 crc_err=0 crc_err_total=0 rate1=512 rate2=512 prod1=512 prod2=512 dac_err=0 tx_drop=376 hb_ms=0 sma_state=6 m7_us=111753708 m4_us=109559111 vdd=5.067 offset=0.5000 aref=3.145 loop_us_avg=93 loop_us_max=5429 loop_hz=10752 cycle_log_ms=1 n_cycle=4 cc=1 cc_hz=1027 cc_i_tgt=0.1000 cc_u=0.5072 cc_r=5.0429 cc_tau_ms=7.00
[  82.626] [STATUS] t_ms=109346 hwm=6 cap=256 dropped=0 dropped_total=718 crc_err=0 crc_err_total=0 rate1=512 rate2=512 prod1=512 prod2=512 dac_err=0 tx_drop=376 hb_ms=0 sma_state=6 m7_us=112785753 m4_us=110591146 vdd=5.067 offset=0.5000 aref=3.145 loop_us_avg=92 loop_us_max=5434 loop_hz=10869 cycle_log_ms=1 n_cycle=4 cc=1 cc_hz=1027 cc_i_tgt=0.1000 cc_u=0.5120 cc_r=5.0787 cc_tau_ms=7.00
[  82.877] [ADC1]
[  83.696] [STATUS] t_ms=110346 hwm=6 cap=256 dropped=0 dropped_total=718 crc_err=0 crc_err_total=0 rate1=512 rate2=512 prod1=512 prod2=512 dac_err=0 tx_drop=376 hb_ms=0 sma_state=6 m7_us=113817106 m4_us=111623155 vdd=5.067 offset=0.5000 aref=3.145 loop_us_avg=92 loop_us_max=5570 loop_hz=10869 cycle_log_ms=1 n_cycle=4 cc=1 cc_hz=1026 cc_i_tgt=0.1000 cc_u=0.5150 cc_r=5.0269 cc_tau_ms=7.00
[  84.722] [STATUS] t_ms=111346 hwm=5 cap=256 dropped=0 dropped_total=718 crc_err=0 crc_err_total=0 rate1=512 rate2=512 prod1=512 prod2=512 dac_err=0 tx_drop=376 hb_ms=0 sma_state=6 m7_us=114849611 m4_us=112655155 vdd=5.067 offset=0.5000 aref=3.145 loop_us_avg=94 loop_us_max=5406 loop_hz=10638 cycle_log_ms=1 n_cycle=4 cc=1 cc_hz=1026 cc_i_tgt=0.1000 cc_u=0.5128 cc_r=5.0737 cc_tau_ms=7.00
[  84.911] [
[  84.911] ADC1] STATUS alarm
[  85.731] [STATUS] t_ms=112346 hwm=5 cap=256 dropped=0 dropped_total=718 crc_err=0 crc_err_total=0 rate1=512 rate2=512 prod1=512 prod2=512 dac_err=0 tx_drop=376 hb_ms=0 sma_state=6 m7_us=115881620 m4_us=113687184 vdd=5.067 offset=0.5000 aref=3.145 loop_us_avg=94 loop_us_max=5412 loop_hz=10638 cycle_log_ms=1 n_cycle=4 cc=1 cc_hz=1027 cc_i_tgt=0.1000 cc_u=0.5275 cc_r=5.1694 cc_tau_ms=7.00
[  86.742] [STATUS] t_ms=113346 hwm=5 cap=256 dropped=0 dropped_total=718 crc_err=0 crc_err_total=0 rate1=512 rate2=512 prod1=512 prod2=512 dac_err=0 tx_drop=376 hb_ms=0 sma_state=6 m7_us=116913676 m4_us=114719210 vdd=5.067 offset=0.5000 aref=3.145 loop_us_avg=93 loop_us_max=5451 loop_hz=10752 cycle_log_ms=1 n_cycle=4 cc=1 cc_hz=1027 cc_i_tgt=0.1000 cc_u=0.5000 cc_r=5.0365 cc_tau_ms=7.00
[  87.813] [STATUS] t_ms=114346 hwm=5 cap=256 dropped=0 dropped_total=718 crc_err=0 crc_err_total=0 rate1=512 rate2=512 prod1=512 prod2=512 dac_err=0 tx_drop=376 hb_ms=0 sma_state=6 m7_us=117945730 m4_us=115751267 vdd=5.067 offset=0.5000 aref=3.145 loop_us_avg=93 loop_us_max=5410 loop_hz=10752 cycle_log_ms=1 n_cycle=4 cc=1 cc_hz=1026 cc_i_tgt=0.1000 cc_u=0.5000 cc_r=4.9869 cc_tau_ms=7.00
[  88.821] [STATUS] t_ms=115346 hwm=5 cap=256 dropped=0 dropped_total=718 crc_err=0 crc_err_total=0 rate1=512 rate2=512 prod1=512 prod2=512 dac_err=0 tx_drop=376 hb_ms=0 sma_state=6 m7_us=118977738 m4_us=116783306 vdd=5.067 offset=0.5000 aref=3.145 loop_us_avg=94 loop_us_max=5418 loop_hz=10638 cycle_log_ms=1 n_cycle=4 cc=1 cc_hz=1027 cc_i_tgt=0.1000 cc_u=0.5000 cc_r=5.1048 cc_tau_ms=7.00
[  89.832] [STATUS] t_ms=116346 hwm=5 cap=256 dropped=0 dropped_total=718 crc_err=0 crc_err_total=0 rate1=512 rate2=512 prod1=512 prod2=512 dac_err=0 tx_drop=376 hb_ms=0 sma_state=6 m7_us=120009758 m4_us=117815319 vdd=5.067 offset=0.5000 aref=3.145 loop_us_avg=94 loop_us_max=5409 loop_hz=10638 cycle_log_ms=1 n_cycle=4 cc=1 cc_hz=1027 cc_i_tgt=0.1000 cc_u=0.5111 cc_r=5.0765 cc_tau_ms=7.00
[  89.960] [ADC1] STATUS
[  90.909] [STATUS] t_ms=117346 hwm=5 cap=256 dropped=0 dropped_total=718 crc_err=0 crc_err_total=0 rate1=512 rate2=512 prod1=512 prod2=512 dac_err=0 tx_drop=376 hb_ms=0 sma_state=6 m7_us=121041822 m4_us=118847319 vdd=5.067 offset=0.5000 aref=3.145 loop_us_avg=92 loop_us_max=5436 loop_hz=10869 cycle_log_ms=1 n_cycle=4 cc=1 cc_hz=1027 cc_i_tgt=0.1000 cc_u=0.5100 cc_r=5.1134 cc_tau_ms=7.00
[  91.920] [STATUS] t_ms=118346 hwm=6 cap=256 dropped=0 dropped_total=718 crc_err=0 crc_err_total=0 rate1=512 rate2=512 prod1=512 prod2=512 dac_err=0 tx_drop=376 hb_ms=0 sma_state=6 m7_us=122073256 m4_us=119879312 vdd=5.067 offset=0.5000 aref=3.145 loop_us_avg=94 loop_us_max=5586 loop_hz=10638 cycle_log_ms=1 n_cycle=4 cc=1 cc_hz=1026 cc_i_tgt=0.1000 cc_u=0.5000 cc_r=5.0317 cc_tau_ms=7.00
[  91.984] [ADC1]
[  92.932] [STATUS] t_ms=119346 hwm=5 cap=256 dropped=0 dropped_total=718 crc_err=0 crc_err_total=0 rate1=512 rate2=512 prod1=512 prod2=512 dac_err=0 tx_drop=376 hb_ms=0 sma_state=6 m7_us=123105318 m4_us=120911341 vdd=5.067 offset=0.5000 aref=3.145 loop_us_avg=92 loop_us_max=5396 loop_hz=10869 cycle_log_ms=1 n_cycle=4 cc=1 cc_hz=1027 cc_i_tgt=0.1000 cc_u=0.5000 cc_r=5.0431 cc_tau_ms=7.00
[  92.996] [ADC1] STATUS alarm(s
[  92.996] AH_ALM
[  93.565] [SMA] [ACT] -> idle (done) after 6 cycle(s); still armed
