[   0.052] [SMA] ARMED (MOSFET on); idle=0.500 V
[   0.052] m(s)
[   0.052] PGAH_ALM
[   0.052] [ADC1
[   0.052] ] STATUS alar
[   0.053] [STATUS] t_ms=1879255 hwm=5 cap=256 dropped=0 dropped_total=34177 crc_err=0 crc_err_total=0 rate1=512 rate2=512 prod1=512 prod2=512 dac_err=0 tx_drop=376 hb_ms=0 sma_state=0 m7_us=1939404241 m4_us=1937209517 vdd=5.067 offset=0.5000 aref=3.145 loop_us_avg=21 loop_us_max=4868 loop_hz=47619 cycle_log_ms=1 n_cycle=4 cc=0 cc_hz=0 cc_i_tgt=0.1000 cc_u=0.9809 cc_r=5.4180 cc_tau_ms=7.00
[   0.927] m(s): 0x4D P
[   0.927] GAL_ALM PGAH_AL
[   0.927] M
[   0.927] [ADC1] STATUS
[   0.927] alar
[   1.114] [STATUS] t_ms=1880255 hwm=5 cap=256 dropped=0 dropped_total=34177 crc_err=0 crc_err_total=0 rate1=512 rate2=512 prod1=512 prod2=512 dac_err=0 tx_drop=376 hb_ms=0 sma_state=0 m7_us=1940436442 m4_us=1938241738 vdd=5.067 offset=0.5000 aref=3.145 loop_us_avg=22 loop_us_max=4671 loop_hz=45454 cycle_log_ms=1 n_cycle=4 cc=0 cc_hz=0 cc_i_tgt=0.1000 cc_u=0.9809 cc_r=5.4180 cc_tau_ms=7.00
[   1.929] m(
[   1.929] LM PGAH_ALM
[   1.929] [AD
[   1.929] C1] STATUS alar
[   0.061] [SMA] [CC] start i_high=850.0mA i_low=100.0mA t_high=200 t_idle=15000 n=6 (0=cont) tau_ms=7.0 wdt_ms=5000
[   0.061] [SMA] [ACT] heat n=1/6 I=850.0mA ms=200
[   0.061] [STATUS] t_ms=1881255 hwm=5 cap=256 dropped=0 dropped_total=34177 crc_err=0 crc_err_total=0 rate1=512 rate2=513 prod1=512 prod2=513 dac_err=0 tx_drop=376 hb_ms=0 sma_state=5 m7_us=1941469350 m4_us=1939274996 vdd=5.067 offset=0.5000 aref=3.145 loop_us_avg=23 loop_us_max=4643 loop_hz=43478 cycle_log_ms=1 n_cycle=4 cc=1 cc_hz=39 cc_i_tgt=0.8500 cc_u=0.7301 cc_r=0.0000 cc_tau_ms=7.00
[   0.247] [SMA] [ACT] cool n=1/6 I=100.0mA ms=15000
[   0.875] m(s): 0
[   0.875] [ADC1] STATUS ala
[   1.126] [STATUS] t_ms=1882255 hwm=5 cap=256 dropped=0 dropped_total=34177 crc_err=0 crc_err_total=0 rate1=512 rate2=512 prod1=512 prod2=512 dac_err=0 tx_drop=376 hb_ms=0 sma_state=6 m7_us=1942501508 m4_us=1940307150 vdd=5.067 offset=0.5000 aref=3.145 loop_us_avg=89 loop_us_max=5380 loop_hz=11235 cycle_log_ms=1 n_cycle=4 cc=1 cc_hz=1026 cc_i_tgt=0.1000 cc_u=0.6868 cc_r=0.0000 cc_tau_ms=7.00
[   1.883] [ADC1] STATUS ala
[   2.136] [STATUS] t_ms=1883255 hwm=5 cap=256 dropped=0 dropped_total=34177 crc_err=0 crc_err_total=0 rate1=512 rate2=512 prod1=512 prod2=512 dac_err=0 tx_drop=376 hb_ms=0 sma_state=6 m7_us=1943533644 m4_us=1941339272 vdd=5.067 offset=0.5000 aref=3.145 loop_us_avg=91 loop_us_max=5391 loop_hz=10989 cycle_log_ms=1 n_cycle=4 cc=1 cc_hz=1027 cc_i_tgt=0.1000 cc_u=0.5043 cc_r=5.0849 cc_tau_ms=7.00
[   2.889] [ADC1] STATUS ala
[   3.203] [STATUS] t_ms=1884255 hwm=5 cap=256 dropped=0 dropped_total=34177 crc_err=0 crc_err_total=0 rate1=512 rate2=512 prod1=512 prod2=512 dac_err=0 tx_drop=376 hb_ms=0 sma_state=6 m7_us=1944565741 m4_us=1942371355 vdd=5.067 offset=0.5000 aref=3.145 loop_us_avg=94 loop_us_max=5428 loop_hz=10638 cycle_log_ms=1 n_cycle=4 cc=1 cc_hz=1027 cc_i_tgt=0.1000 cc_u=0.5079 cc_r=4.9497 cc_tau_ms=7.00
[   3.899] [ADC1] STATUS ala
[   4.213] [STATUS] t_ms=1885255 hwm=5 cap=256 dropped=0 dropped_total=34177 crc_err=0 crc_err_total=0 rate1=512 rate2=512 prod1=512 prod2=512 dac_err=0 tx_drop=376 hb_ms=0 sma_state=6 m7_us=1945597810 m4_us=1943403432 vdd=5.067 offset=0.5000 aref=3.145 loop_us_avg=92 loop_us_max=5416 loop_hz=10869 cycle_log_ms=1 n_cycle=4 cc=1 cc_hz=1027 cc_i_tgt=0.1000 cc_u=0.5346 cc_r=5.1023 cc_tau_ms=7.00
[   4.906] rm(s): 0xCD
[   4.906] [ADC1] STATUS ala
[   5.218] [STATUS] t_ms=1886255 hwm=5 cap=256 dropped=0 dropped_total=34177 crc_err=0 crc_err_total=0 rate1=512 rate2=512 prod1=512 prod2=512 dac_err=0 tx_drop=376 hb_ms=0 sma_state=6 m7_us=1946629877 m4_us=1944435496 vdd=5.067 offset=0.5000 aref=3.145 loop_us_avg=94 loop_us_max=5419 loop_hz=10638 cycle_log_ms=1 n_cycle=4 cc=1 cc_hz=1027 cc_i_tgt=0.1000 cc_u=0.5102 cc_r=5.0548 cc_tau_ms=7.00
[   5.969] rm(s): 0xCD P
[   5.969] GAL_ALM PGAH_ALM
[   5.969] [ADC1] STATUS ala
[   6.280] [STATUS] t_ms=1887255 hwm=5 cap=256 dropped=0 dropped_total=34177 crc_err=0 crc_err_total=0 rate1=512 rate2=511 prod1=512 prod2=511 dac_err=0 tx_drop=376 hb_ms=0 sma_state=6 m7_us=1947661289 m4_us=1945466487 vdd=5.067 offset=0.5000 aref=3.145 loop_us_avg=92 loop_us_max=5404 loop_hz=10869 cycle_log_ms=1 n_cycle=4 cc=1 cc_hz=1026 cc_i_tgt=0.1000 cc_u=0.5410 cc_r=5.0881 cc_tau_ms=7.00
[   6.974] rm(s): 0xCD
[   6.974] [ADC1] STATUS ala
[   7.288] [STATUS] t_ms=1888255 hwm=6 cap=256 dropped=0 dropped_total=34177 crc_err=0 crc_err_total=0 rate1=512 rate2=513 prod1=512 prod2=513 dac_err=0 tx_drop=376 hb_ms=0 sma_state=6 m7_us=1948693855 m4_us=1946499476 vdd=5.067 offset=0.5000 aref=3.145 loop_us_avg=94 loop_us_max=5595 loop_hz=10638 cycle_log_ms=1 n_cycle=4 cc=1 cc_hz=1027 cc_i_tgt=0.1000 cc_u=0.5037 cc_r=5.0321 cc_tau_ms=7.00
[   7.983] [ADC1] STATUS ala
[   8.363] [STATUS] t_ms=1889255 hwm=5 cap=256 dropped=0 dropped_total=34177 crc_err=0 crc_err_total=0 rate1=512 rate2=511 prod1=512 prod2=511 dac_err=0 tx_drop=376 hb_ms=0 sma_state=6 m7_us=1949725304 m4_us=1947530493 vdd=5.067 offset=0.5000 aref=3.145 loop_us_avg=93 loop_us_max=5462 loop_hz=10752 cycle_log_ms=1 n_cycle=4 cc=1 cc_hz=1026 cc_i_tgt=0.1000 cc_u=0.5103 cc_r=5.0282 cc_tau_ms=7.00
[   8.993] [ADC1] STATUS ala
[   9.369] [STATUS] t_ms=1890255 hwm=6 cap=256 dropped=0 dropped_total=34177 crc_err=0 crc_err_total=0 rate1=512 rate2=513 prod1=512 prod2=513 dac_err=0 tx_drop=376 hb_ms=0 sma_state=6 m7_us=1950757900 m4_us=1948563512 vdd=5.067 offset=0.5000 aref=3.145 loop_us_avg=94 loop_us_max=5547 loop_hz=10638 cycle_log_ms=1 n_cycle=4 cc=1 cc_hz=1025 cc_i_tgt=0.1000 cc_u=0.5157 cc_r=5.0358 cc_tau_ms=7.00
[   9.999] rm(s
[   9.999] PGAH_ALM
[   9.999] [ADC1] STATUS ala
[  10.376] [STATUS] t_ms=1891255 hwm=5 cap=256 dropped=0 dropped_total=34177 crc_err=0 crc_err_total=0 rate1=512 rate2=511 prod1=512 prod2=511 dac_err=0 tx_drop=376 hb_ms=0 sma_state=6 m7_us=1951789197 m4_us=1949594483 vdd=5.067 offset=0.5000 aref=3.145 loop_us_avg=92 loop_us_max=5544 loop_hz=10869 cycle_log_ms=1 n_cycle=4 cc=1 cc_hz=1026 cc_i_tgt=0.1000 cc_u=0.5032 cc_r=5.0226 cc_tau_ms=7.00
[  11.007] [ADC1] STATUS ala
[  11.450] [STATUS] t_ms=1892255 hwm=6 cap=256 dropped=0 dropped_total=34177 crc_err=0 crc_err_total=0 rate1=512 rate2=513 prod1=512 prod2=513 dac_err=0 tx_drop=376 hb_ms=0 sma_state=6 m7_us=1952821863 m4_us=1950627480 vdd=5.067 offset=0.5000 aref=3.145 loop_us_avg=94 loop_us_max=5330 loop_hz=10638 cycle_log_ms=1 n_cycle=4 cc=1 cc_hz=1025 cc_i_tgt=0.1000 cc_u=0.5175 cc_r=5.0873 cc_tau_ms=7.00
[  11.957] [ADC1] STATUS ala
[  12.460] [STATUS] t_ms=1893255 hwm=5 cap=256 dropped=0 dropped_total=34177 crc_err=0 crc_err_total=0 rate1=512 rate2=511 prod1=512 prod2=511 dac_err=0 tx_drop=376 hb_ms=0 sma_state=6 m7_us=1953853289 m4_us=1951658474 vdd=5.067 offset=0.5000 aref=3.145 loop_us_avg=93 loop_us_max=5487 loop_hz=10752 cycle_log_ms=1 n_cycle=4 cc=1 cc_hz=1026 cc_i_tgt=0.1000 cc_u=0.5087 cc_r=5.0671 cc_tau_ms=7.00
[  12.964] rm(s): 0
[  12.964] M
[  12.964] [ADC1] STATUS ala
[  13.468] [STATUS] t_ms=1894255 hwm=6 cap=256 dropped=0 dropped_total=34177 crc_err=0 crc_err_total=0 rate1=512 rate2=513 prod1=512 prod2=513 dac_err=0 tx_drop=376 hb_ms=0 sma_state=6 m7_us=1954885825 m4_us=1952691448 vdd=5.067 offset=0.5000 aref=3.145 loop_us_avg=93 loop_us_max=5413 loop_hz=10752 cycle_log_ms=1 n_cycle=4 cc=1 cc_hz=1026 cc_i_tgt=0.1000 cc_u=0.5016 cc_r=5.0387 cc_tau_ms=7.00
[  14.032] [ADC1] STATUS
[  14.032] ala
[  14.539] [STATUS] t_ms=1895255 hwm=6 cap=256 dropped=0 dropped_total=34177 crc_err=0 crc_err_total=0 rate1=512 rate2=512 prod1=512 prod2=512 dac_err=0 tx_drop=376 hb_ms=0 sma_state=6 m7_us=1955917882 m4_us=1953723361 vdd=5.067 offset=0.5000 aref=3.145 loop_us_avg=94 loop_us_max=5673 loop_hz=10638 cycle_log_ms=1 n_cycle=4 cc=1 cc_hz=1025 cc_i_tgt=0.1000 cc_u=0.5000 cc_r=5.0601 cc_tau_ms=7.00
[  14.979] rm(s)
[  14.979] AH_ALM
[  14.979] [ADC1] STATUS ala
[  15.546] [STATUS] t_ms=1896255 hwm=5 cap=256 dropped=0 dropped_total=34177 crc_err=0 crc_err_total=0 rate1=512 rate2=511 prod1=512 prod2=511 dac_err=0 tx_drop=376 hb_ms=0 sma_state=6 m7_us=1956949009 m4_us=1954754307 vdd=5.067 offset=0.5000 aref=3.145 loop_us_avg=94 loop_us_max=5536 loop_hz=10638 cycle_log_ms=1 n_cycle=4 cc=1 cc_hz=1026 cc_i_tgt=0.1000 cc_u=0.5202 cc_r=5.0492 cc_tau_ms=7.00
[  15.734] [SMA] [ACT] heat n=2/6 I=850.0mA ms=200
[  15.924] [SMA] [ACT] cool n=2/6 I=100.0mA ms=15000
[  15.987] [ADC1] S
[  16.618] [STATUS] t_ms=1897255 hwm=6 cap=256 dropped=0 dropped_total=34177 crc_err=0 crc_err_total=0 rate1=512 rate2=513 prod1=512 prod2=513 dac_err=0 tx_drop=376 hb_ms=0 sma_state=6 m7_us=1957981612 m4_us=1955787233 vdd=5.067 offset=0.5000 aref=3.145 loop_us_avg=94 loop_us_max=5335 loop_hz=10638 cycle_log_ms=1 n_cycle=4 cc=1 cc_hz=1024 cc_i_tgt=0.1000 cc_u=0.5076 cc_r=4.9487 cc_tau_ms=7.00
[  16.996] [ADC1] STATUS a
[  16.996] la
[  17.622] [STATUS] t_ms=1898255 hwm=5 cap=256 dropped=0 dropped_total=34177 crc_err=0 crc_err_total=0 rate1=512 rate2=511 prod1=512 prod2=511 dac_err=0 tx_drop=376 hb_ms=0 sma_state=6 m7_us=1959012982 m4_us=1956818173 vdd=5.067 offset=0.5000 aref=3.145 loop_us_avg=94 loop_us_max=5408 loop_hz=10638 cycle_log_ms=1 n_cycle=4 cc=1 cc_hz=1026 cc_i_tgt=0.1000 cc_u=0.5216 cc_r=5.0336 cc_tau_ms=7.00
[  18.061] rm(s): 0x4D
[  18.061] [ADC1] STATUS al
[  18.626] [STATUS] t_ms=1899255 hwm=6 cap=256 dropped=0 dropped_total=34177 crc_err=0 crc_err_total=0 rate1=512 rate2=513 prod1=512 prod2=513 dac_err=0 tx_drop=376 hb_ms=0 sma_state=6 m7_us=1960045618 m4_us=1957851137 vdd=5.067 offset=0.5000 aref=3.145 loop_us_avg=94 loop_us_max=5410 loop_hz=10638 cycle_log_ms=1 n_cycle=4 cc=1 cc_hz=1026 cc_i_tgt=0.1000 cc_u=0.5320 cc_r=5.1132 cc_tau_ms=7.00
[  19.067] [ADC1] STATUS al
[  19.699] [STATUS] t_ms=1900255 hwm=5 cap=256 dropped=0 dropped_total=34177 crc_err=0 crc_err_total=0 rate1=512 rate2=511 prod1=512 prod2=511 dac_err=0 tx_drop=376 hb_ms=0 sma_state=6 m7_us=1961076783 m4_us=1958882083 vdd=5.067 offset=0.5000 aref=3.145 loop_us_avg=94 loop_us_max=5525 loop_hz=10638 cycle_log_ms=1 n_cycle=4 cc=1 cc_hz=1026 cc_i_tgt=0.1000 cc_u=0.5000 cc_r=5.0165 cc_tau_ms=7.00
[  20.077] [ADC1] STATUS al
[  20.709] [STATUS] t_ms=1901255 hwm=6 cap=256 dropped=0 dropped_total=34177 crc_err=0 crc_err_total=0 rate1=512 rate2=513 prod1=512 prod2=513 dac_err=0 tx_drop=376 hb_ms=0 sma_state=6 m7_us=1962109609 m4_us=1959915057 vdd=5.067 offset=0.5000 aref=3.145 loop_us_avg=93 loop_us_max=5516 loop_hz=10752 cycle_log_ms=1 n_cycle=4 cc=1 cc_hz=1026 cc_i_tgt=0.1000 cc_u=0.5131 cc_r=5.0520 cc_tau_ms=7.00
[  21.087] arm(
[  21.087] AH_ALM
[  21.087] [ADC1] STATUS ala
[  21.779] [STATUS] t_ms=1902255 hwm=5 cap=256 dropped=0 dropped_total=34177 crc_err=0 crc_err_total=0 rate1=512 rate2=511 prod1=512 prod2=511 dac_err=0 tx_drop=376 hb_ms=0 sma_state=6 m7_us=1963140741 m4_us=1960946035 vdd=5.067 offset=0.5000 aref=3.145 loop_us_avg=92 loop_us_max=5570 loop_hz=10869 cycle_log_ms=1 n_cycle=4 cc=1 cc_hz=1026 cc_i_tgt=0.1000 cc_u=0.5028 cc_r=5.0673 cc_tau_ms=7.00
[  22.141] [ADC1] STATUS ala
[  22.770] [STATUS] t_ms=1903255 hwm=6 cap=256 dropped=0 dropped_total=34177 crc_err=0 crc_err_total=0 rate1=512 rate2=513 prod1=512 prod2=513 dac_err=0 tx_drop=376 hb_ms=0 sma_state=6 m7_us=1964173717 m4_us=1961979028 vdd=5.067 offset=0.5000 aref=3.145 loop_us_avg=93 loop_us_max=5376 loop_hz=10752 cycle_log_ms=1 n_cycle=4 cc=1 cc_hz=1024 cc_i_tgt=0.1000 cc_u=0.5146 cc_r=5.1355 cc_tau_ms=7.00
[  23.086] [ADC1] STATUS ala
[  23.841] [STATUS] t_ms=1904255 hwm=6 cap=256 dropped=0 dropped_total=34177 crc_err=0 crc_err_total=0 rate1=512 rate2=512 prod1=512 prod2=512 dac_err=0 tx_drop=376 hb_ms=0 sma_state=6 m7_us=1965205362 m4_us=1963010984 vdd=5.067 offset=0.5000 aref=3.145 loop_us_avg=92 loop_us_max=5407 loop_hz=10869 cycle_log_ms=1 n_cycle=4 cc=1 cc_hz=1024 cc_i_tgt=0.1000 cc_u=0.5111 cc_r=5.0673 cc_tau_ms=7.00
[  24.093] [ADC1] STATUS ala
[  24.851] [STATUS] t_ms=1905255 hwm=5 cap=256 dropped=0 dropped_total=34177 crc_err=0 crc_err_total=0 rate1=512 rate2=511 prod1=512 prod2=511 dac_err=0 tx_drop=376 hb_ms=0 sma_state=6 m7_us=1966236631 m4_us=1964041930 vdd=5.067 offset=0.5000 aref=3.145 loop_us_avg=93 loop_us_max=5557 loop_hz=10752 cycle_log_ms=1 n_cycle=4 cc=1 cc_hz=1026 cc_i_tgt=0.1000 cc_u=0.5041 cc_r=5.0565 cc_tau_ms=7.00
[  25.103] rm(s): 0xCD P
[  25.103] GAL_ALM PGAH_ALM
[  25.103] [ADC1] STATUS ala
[  25.860] [STATUS] t_ms=1906255 hwm=6 cap=256 dropped=0 dropped_total=34177 crc_err=0 crc_err_total=0 rate1=512 rate2=513 prod1=512 prod2=513 dac_err=0 tx_drop=376 hb_ms=0 sma_state=6 m7_us=1967269296 m4_us=1965074913 vdd=5.067 offset=0.5000 aref=3.145 loop_us_avg=93 loop_us_max=5354 loop_hz=10752 cycle_log_ms=1 n_cycle=4 cc=1 cc_hz=1025 cc_i_tgt=0.1000 cc_u=0.5000 cc_r=4.9991 cc_tau_ms=7.00
[  26.111] rm(s
[  26.111] GAH_ALM
[  26.111] [ADC1] STATUS ala
[  26.930] [STATUS] t_ms=1907255 hwm=6 cap=256 dropped=0 dropped_total=34177 crc_err=0 crc_err_total=0 rate1=512 rate2=511 prod1=512 prod2=511 dac_err=0 tx_drop=376 hb_ms=0 sma_state=6 m7_us=1968300600 m4_us=1966105882 vdd=5.067 offset=0.5000 aref=3.145 loop_us_avg=92 loop_us_max=5597 loop_hz=10869 cycle_log_ms=1 n_cycle=4 cc=1 cc_hz=1026 cc_i_tgt=0.1000 cc_u=0.5116 cc_r=5.0587 cc_tau_ms=7.00
[  27.119] [ADC1] STATUS ala
[  27.943] [STATUS] t_ms=1908255 hwm=6 cap=256 dropped=0 dropped_total=34177 crc_err=0 crc_err_total=0 rate1=512 rate2=513 prod1=512 prod2=513 dac_err=0 tx_drop=376 hb_ms=0 sma_state=6 m7_us=1969333213 m4_us=1967138833 vdd=5.067 offset=0.5000 aref=3.145 loop_us_avg=93 loop_us_max=5338 loop_hz=10752 cycle_log_ms=1 n_cycle=4 cc=1 cc_hz=1025 cc_i_tgt=0.1000 cc_u=0.5142 cc_r=5.1261 cc_tau_ms=7.00
[  28.132] [ADC1] STATUS ala
[  28.954] [STATUS] t_ms=1909255 hwm=6 cap=256 dropped=0 dropped_total=34177 crc_err=0 crc_err_total=0 rate1=512 rate2=512 prod1=512 prod2=512 dac_err=0 tx_drop=376 hb_ms=0 sma_state=6 m7_us=1970365184 m4_us=1968170801 vdd=5.067 offset=0.5000 aref=3.145 loop_us_avg=94 loop_us_max=5635 loop_hz=10638 cycle_log_ms=1 n_cycle=4 cc=1 cc_hz=1025 cc_i_tgt=0.1000 cc_u=0.5075 cc_r=5.0556 cc_tau_ms=7.00
[  29.144] [ADC1] STATUS ala
[  30.025] [STATUS] t_ms=1910255 hwm=5 cap=256 dropped=0 dropped_total=34177 crc_err=0 crc_err_total=0 rate1=512 rate2=511 prod1=512 prod2=511 dac_err=0 tx_drop=376 hb_ms=0 sma_state=6 m7_us=1971396629 m4_us=1969201805 vdd=5.067 offset=0.5000 aref=3.145 loop_us_avg=94 loop_us_max=5417 loop_hz=10638 cycle_log_ms=1 n_cycle=4 cc=1 cc_hz=1026 cc_i_tgt=0.1000 cc_u=0.5094 cc_r=5.0073 cc_tau_ms=7.00
[  30.151] [ADC1]
[  30.151] STATUS ala
[  31.034] [STATUS] t_ms=1911255 hwm=6 cap=256 dropped=0 dropped_total=34177 crc_err=0 crc_err_total=0 rate1=512 rate2=513 prod1=512 prod2=513 dac_err=0 tx_drop=376 hb_ms=0 sma_state=6 m7_us=1972429208 m4_us=1970234824 vdd=5.067 offset=0.5000 aref=3.145 loop_us_avg=94 loop_us_max=5560 loop_hz=10638 cycle_log_ms=1 n_cycle=4 cc=1 cc_hz=1025 cc_i_tgt=0.1000 cc_u=0.5000 cc_r=4.9901 cc_tau_ms=7.00
[  31.160] [ADC1] STATUS ala
[  31.413] [SMA] [ACT] heat n=3/6 I=850.0mA ms=200
[  31.602] [SMA] [ACT] cool n=3/6 I=100.0mA ms=15000
[  32.101] [STATUS] t_ms=1912255 hwm=5 cap=256 dropped=0 dropped_total=34177 crc_err=0 crc_err_total=0 rate1=512 rate2=512 prod1=512 prod2=512 dac_err=0 tx_drop=376 hb_ms=0 sma_state=6 m7_us=1973461231 m4_us=1971266852 vdd=5.067 offset=0.5000 aref=3.145 loop_us_avg=93 loop_us_max=5406 loop_hz=10752 cycle_log_ms=1 n_cycle=4 cc=1 cc_hz=1025 cc_i_tgt=0.1000 cc_u=0.5000 cc_r=4.8855 cc_tau_ms=7.00
[  32.163] LM PGAH_ALM
[  32.163] [ADC
[  32.163] 1] S
[  33.111] [STATUS] t_ms=1913255 hwm=5 cap=256 dropped=0 dropped_total=34177 crc_err=0 crc_err_total=0 rate1=512 rate2=511 prod1=512 prod2=511 dac_err=0 tx_drop=376 hb_ms=0 sma_state=6 m7_us=1974492575 m4_us=1972297859 vdd=5.067 offset=0.5000 aref=3.145 loop_us_avg=93 loop_us_max=5546 loop_hz=10752 cycle_log_ms=1 n_cycle=4 cc=1 cc_hz=1026 cc_i_tgt=0.1000 cc_u=0.5022 cc_r=4.9206 cc_tau_ms=7.00
[  33.175] [ADC1] S
[  34.117] [STATUS] t_ms=1914255 hwm=6 cap=256 dropped=0 dropped_total=34177 crc_err=0 crc_err_total=0 rate1=512 rate2=513 prod1=512 prod2=513 dac_err=0 tx_drop=376 hb_ms=0 sma_state=6 m7_us=1975525252 m4_us=1973330872 vdd=5.067 offset=0.5000 aref=3.145 loop_us_avg=94 loop_us_max=5346 loop_hz=10638 cycle_log_ms=1 n_cycle=4 cc=1 cc_hz=1024 cc_i_tgt=0.1000 cc_u=0.5059 cc_r=4.9898 cc_tau_ms=7.00
[  34.180] [ADC1] S
[  35.193] [STATUS] t_ms=1915255 hwm=5 cap=256 dropped=0 dropped_total=34177 crc_err=0 crc_err_total=0 rate1=512 rate2=511 prod1=512 prod2=511 dac_err=0 tx_drop=376 hb_ms=0 sma_state=6 m7_us=1976556563 m4_us=1974361859 vdd=5.067 offset=0.5000 aref=3.145 loop_us_avg=92 loop_us_max=5579 loop_hz=10869 cycle_log_ms=1 n_cycle=4 cc=1 cc_hz=1026 cc_i_tgt=0.1000 cc_u=0.5025 cc_r=4.9508 cc_tau_ms=7.00
[  35.193] [ADC1] STATUS ala
[  36.198] [ADC1] STATUS ala
[  36.198] [STATUS] t_ms=1916255 hwm=6 cap=256 dropped=0 dropped_total=34177 crc_err=0 crc_err_total=0 rate1=512 rate2=513 prod1=512 prod2=513 dac_err=0 tx_drop=376 hb_ms=0 sma_state=6 m7_us=1977589290 m4_us=1975394907 vdd=5.067 offset=0.5000 aref=3.145 loop_us_avg=94 loop_us_max=5335 loop_hz=10638 cycle_log_ms=1 n_cycle=4 cc=1 cc_hz=1024 cc_i_tgt=0.1000 cc_u=0.5163 cc_r=5.0410 cc_tau_ms=7.00
[  37.209] rm(s): 0x4
[  37.209] M
[  37.209] [ADC1] STATUS ala
[  37.209] [STATUS] t_ms=1917255 hwm=5 cap=256 dropped=0 dropped_total=34177 crc_err=0 crc_err_total=0 rate1=512 rate2=511 prod1=512 prod2=511 dac_err=0 tx_drop=376 hb_ms=0 sma_state=6 m7_us=1978620612 m4_us=1976425914 vdd=5.067 offset=0.5000 aref=3.145 loop_us_avg=93 loop_us_max=5574 loop_hz=10752 cycle_log_ms=1 n_cycle=4 cc=1 cc_hz=1026 cc_i_tgt=0.1000 cc_u=0.5000 cc_r=4.9921 cc_tau_ms=7.00
[  38.159] [ADC1] STATUS ala
[  38.286] [STATUS] t_ms=1918255 hwm=6 cap=256 dropped=0 dropped_total=34177 crc_err=0 crc_err_total=0 rate1=512 rate2=513 prod1=512 prod2=513 dac_err=0 tx_drop=376 hb_ms=0 sma_state=6 m7_us=1979653337 m4_us=1977458955 vdd=5.067 offset=0.5000 aref=3.145 loop_us_avg=93 loop_us_max=5331 loop_hz=10752 cycle_log_ms=1 n_cycle=4 cc=1 cc_hz=1024 cc_i_tgt=0.1000 cc_u=0.5000 cc_r=5.0033 cc_tau_ms=7.00
[  39.228] [ADC1] STATUS ala
[  39.291] [STATUS] t_ms=1919255 hwm=6 cap=256 dropped=0 dropped_total=34177 crc_err=0 crc_err_total=0 rate1=512 rate2=511 prod1=512 prod2=511 dac_err=0 tx_drop=376 hb_ms=0 sma_state=6 m7_us=1980684662 m4_us=1978489943 vdd=5.067 offset=0.5000 aref=3.145 loop_us_avg=92 loop_us_max=5618 loop_hz=10869 cycle_log_ms=1 n_cycle=4 cc=1 cc_hz=1026 cc_i_tgt=0.1000 cc_u=0.5346 cc_r=5.1956 cc_tau_ms=7.00
[  40.234] rm(s): 0
[  40.234] ALM
[  40.234] [ADC1] STATUS ala
[  40.297] [STATUS] t_ms=1920255 hwm=6 cap=256 dropped=0 dropped_total=34177 crc_err=0 crc_err_total=0 rate1=512 rate2=513 prod1=512 prod2=513 dac_err=0 tx_drop=376 hb_ms=0 sma_state=6 m7_us=1981717311 m4_us=1979522936 vdd=5.067 offset=0.5000 aref=3.145 loop_us_avg=93 loop_us_max=5334 loop_hz=10752 cycle_log_ms=1 n_cycle=4 cc=1 cc_hz=1025 cc_i_tgt=0.1000 cc_u=0.5000 cc_r=5.0214 cc_tau_ms=7.00
[  41.182] [ADC1] STATUS ala
[  41.370] [STATUS] t_ms=1921255 hwm=5 cap=256 dropped=0 dropped_total=34177 crc_err=0 crc_err_total=0 rate1=512 rate2=511 prod1=512 prod2=511 dac_err=0 tx_drop=376 hb_ms=0 sma_state=6 m7_us=1982748616 m4_us=1980553907 vdd=5.067 offset=0.5000 aref=3.145 loop_us_avg=92 loop_us_max=5541 loop_hz=10869 cycle_log_ms=1 n_cycle=4 cc=1 cc_hz=1026 cc_i_tgt=0.1000 cc_u=0.5000 cc_r=5.1000 cc_tau_ms=7.00
[  42.250] [ADC1] STATUS ala
[  42.375] [STATUS] t_ms=1922255 hwm=6 cap=256 dropped=0 dropped_total=34177 crc_err=0 crc_err_total=0 rate1=512 rate2=513 prod1=512 prod2=513 dac_err=0 tx_drop=376 hb_ms=0 sma_state=6 m7_us=1983781279 m4_us=1981586900 vdd=5.067 offset=0.5000 aref=3.145 loop_us_avg=94 loop_us_max=5341 loop_hz=10638 cycle_log_ms=1 n_cycle=4 cc=1 cc_hz=1024 cc_i_tgt=0.1000 cc_u=0.5071 cc_r=5.0630 cc_tau_ms=7.00
[  43.256] [ADC1] STATUS al
[  43.256] a
[  43.445] [STATUS] t_ms=1923255 hwm=5 cap=256 dropped=0 dropped_total=34177 crc_err=0 crc_err_total=0 rate1=512 rate2=511 prod1=512 prod2=511 dac_err=0 tx_drop=376 hb_ms=0 sma_state=6 m7_us=1984812601 m4_us=1982617879 vdd=5.067 offset=0.5000 aref=3.145 loop_us_avg=92 loop_us_max=5565 loop_hz=10869 cycle_log_ms=1 n_cycle=4 cc=1 cc_hz=1026 cc_i_tgt=0.1000 cc_u=0.5360 cc_r=5.1250 cc_tau_ms=7.00
[  44.263] rm(
[  44.263] [ADC1] STATUS al
[  44.453] [STATUS] t_ms=1924255 hwm=6 cap=256 dropped=0 dropped_total=34177 crc_err=0 crc_err_total=0 rate1=512 rate2=513 prod1=512 prod2=513 dac_err=0 tx_drop=376 hb_ms=0 sma_state=6 m7_us=1985845246 m4_us=1983650868 vdd=5.067 offset=0.5000 aref=3.145 loop_us_avg=93 loop_us_max=5344 loop_hz=10752 cycle_log_ms=1 n_cycle=4 cc=1 cc_hz=1025 cc_i_tgt=0.1000 cc_u=0.5160 cc_r=5.0198 cc_tau_ms=7.00
[  45.274] [ADC1] STATUS al
[  45.463] [STATUS] t_ms=1925255 hwm=5 cap=256 dropped=0 dropped_total=34177 crc_err=0 crc_err_total=0 rate1=512 rate2=511 prod1=512 prod2=511 dac_err=0 tx_drop=376 hb_ms=0 sma_state=6 m7_us=1986876521 m4_us=1984681818 vdd=5.067 offset=0.5000 aref=3.145 loop_us_avg=94 loop_us_max=5568 loop_hz=10638 cycle_log_ms=1 n_cycle=4 cc=1 cc_hz=1026 cc_i_tgt=0.1000 cc_u=0.5163 cc_r=5.0036 cc_tau_ms=7.00
[  46.222] [ADC1] STATUS al
[  46.538] [STATUS] t_ms=1926255 hwm=6 cap=256 dropped=0 dropped_total=34177 crc_err=0 crc_err_total=0 rate1=512 rate2=513 prod1=512 prod2=513 dac_err=0 tx_drop=376 hb_ms=0 sma_state=6 m7_us=1987909148 m4_us=1985714772 vdd=5.067 offset=0.5000 aref=3.145 loop_us_avg=94 loop_us_max=5338 loop_hz=10638 cycle_log_ms=1 n_cycle=4 cc=1 cc_hz=1025 cc_i_tgt=0.1000 cc_u=0.5082 cc_r=5.0701 cc_tau_ms=7.00
[  47.107] [SMA] [ACT] heat n=4/6 I=850.0mA ms=200
[  47.233] [ADC1] S
[  47.296] [SMA] [ACT] cool n=4/6 I=100.0mA ms=15000
[  47.547] [STATUS] t_ms=1927255 hwm=5 cap=256 dropped=0 dropped_total=34177 crc_err=0 crc_err_total=0 rate1=512 rate2=512 prod1=512 prod2=512 dac_err=0 tx_drop=376 hb_ms=0 sma_state=6 m7_us=1988941123 m4_us=1986746740 vdd=5.067 offset=0.5000 aref=3.145 loop_us_avg=94 loop_us_max=5550 loop_hz=10638 cycle_log_ms=1 n_cycle=4 cc=1 cc_hz=1023 cc_i_tgt=0.1000 cc_u=0.5100 cc_r=4.9482 cc_tau_ms=7.00
[  48.237] TATU
[  48.237] S alarm(s): 0x89
[  48.237] [ADC1] S
[  48.551] [STATUS] t_ms=1928255 hwm=5 cap=256 dropped=0 dropped_total=34177 crc_err=0 crc_err_total=0 rate1=512 rate2=511 prod1=512 prod2=511 dac_err=0 tx_drop=376 hb_ms=0 sma_state=6 m7_us=1989972541 m4_us=1987777731 vdd=5.067 offset=0.5000 aref=3.145 loop_us_avg=94 loop_us_max=5435 loop_hz=10638 cycle_log_ms=1 n_cycle=4 cc=1 cc_hz=1026 cc_i_tgt=0.1000 cc_u=0.5000 cc_r=4.9880 cc_tau_ms=7.00
[  49.245] [ADC1] STATUS ala
[  49.626] [STATUS] t_ms=1929255 hwm=6 cap=256 dropped=0 dropped_total=34177 crc_err=0 crc_err_total=0 rate1=512 rate2=513 prod1=512 prod2=513 dac_err=0 tx_drop=376 hb_ms=0 sma_state=6 m7_us=1991005156 m4_us=1988810776 vdd=5.067 offset=0.5000 aref=3.145 loop_us_avg=93 loop_us_max=5595 loop_hz=10752 cycle_log_ms=1 n_cycle=4 cc=1 cc_hz=1027 cc_i_tgt=0.1000 cc_u=0.5285 cc_r=5.0276 cc_tau_ms=7.00
[  50.254] [ADC1] STATUS ala
[  50.631] [STATUS] t_ms=1930255 hwm=5 cap=256 dropped=0 dropped_total=34177 crc_err=0 crc_err_total=0 rate1=512 rate2=511 prod1=512 prod2=511 dac_err=0 tx_drop=376 hb_ms=0 sma_state=6 m7_us=1992036581 m4_us=1989841773 vdd=5.067 offset=0.5000 aref=3.145 loop_us_avg=94 loop_us_max=5408 loop_hz=10638 cycle_log_ms=1 n_cycle=4 cc=1 cc_hz=1026 cc_i_tgt=0.1000 cc_u=0.5012 cc_r=5.0959 cc_tau_ms=7.00
[  51.322] ALM
[  51.322] [ADC1] STATUS
[  51.322] ala
[  51.699] [STATUS] t_ms=1931255 hwm=6 cap=256 dropped=0 dropped_total=34177 crc_err=0 crc_err_total=0 rate1=512 rate2=513 prod1=512 prod2=513 dac_err=0 tx_drop=376 hb_ms=0 sma_state=6 m7_us=1993069133 m4_us=1990874756 vdd=5.067 offset=0.5000 aref=3.145 loop_us_avg=93 loop_us_max=5576 loop_hz=10752 cycle_log_ms=1 n_cycle=4 cc=1 cc_hz=1027 cc_i_tgt=0.1000 cc_u=0.5251 cc_r=5.0422 cc_tau_ms=7.00
[  52.394] [ADC1] STATUS ala
[  52.709] [STATUS] t_ms=1932255 hwm=20 cap=256 dropped=0 dropped_total=34177 crc_err=0 crc_err_total=0 rate1=512 rate2=511 prod1=512 prod2=511 dac_err=0 tx_drop=376 hb_ms=0 sma_state=6 m7_us=1994100527 m4_us=1991905709 vdd=5.067 offset=0.5000 aref=3.145 loop_us_avg=94 loop_us_max=20085 loop_hz=10638 cycle_log_ms=1 n_cycle=4 cc=1 cc_hz=1006 cc_i_tgt=0.1000 cc_u=0.5000 cc_r=5.0305 cc_tau_ms=7.00
[  53.274] [ADC1] STATUS ala
[  53.716] [STATUS] t_ms=1933255 hwm=6 cap=256 dropped=0 dropped_total=34177 crc_err=0 crc_err_total=0 rate1=512 rate2=513 prod1=512 prod2=513 dac_err=0 tx_drop=376 hb_ms=0 sma_state=6 m7_us=1995133123 m4_us=1992938686 vdd=5.067 offset=0.5000 aref=3.145 loop_us_avg=94 loop_us_max=5563 loop_hz=10638 cycle_log_ms=1 n_cycle=4 cc=1 cc_hz=1026 cc_i_tgt=0.1000 cc_u=0.5136 cc_r=5.0640 cc_tau_ms=7.00
[  54.288] [ADC1
[  54.288] ] STATUS ala
[  54.794] [STATUS] t_ms=1934255 hwm=5 cap=256 dropped=0 dropped_total=34177 crc_err=0 crc_err_total=0 rate1=512 rate2=511 prod1=512 prod2=511 dac_err=0 tx_drop=376 hb_ms=0 sma_state=6 m7_us=1996164482 m4_us=1993969671 vdd=5.067 offset=0.5000 aref=3.145 loop_us_avg=92 loop_us_max=5472 loop_hz=10869 cycle_log_ms=1 n_cycle=4 cc=1 cc_hz=1026 cc_i_tgt=0.1000 cc_u=0.5266 cc_r=5.0511 cc_tau_ms=7.00
[  55.299] rm(s): 0xC
[  55.299] [ADC1] STATUS ala
[  55.804] [STATUS] t_ms=1935255 hwm=6 cap=256 dropped=0 dropped_total=34177 crc_err=0 crc_err_total=0 rate1=512 rate2=513 prod1=512 prod2=513 dac_err=0 tx_drop=376 hb_ms=0 sma_state=6 m7_us=1997197022 m4_us=1995002648 vdd=5.067 offset=0.5000 aref=3.145 loop_us_avg=92 loop_us_max=5557 loop_hz=10869 cycle_log_ms=1 n_cycle=4 cc=1 cc_hz=1026 cc_i_tgt=0.1000 cc_u=0.5000 cc_r=5.0361 cc_tau_ms=7.00
[  56.311] [ADC1] STATUS ala
[  56.816] [STATUS] t_ms=1936255 hwm=5 cap=256 dropped=0 dropped_total=34177 crc_err=0 crc_err_total=0 rate1=512 rate2=511 prod1=512 prod2=511 dac_err=0 tx_drop=376 hb_ms=0 sma_state=6 m7_us=1998228450 m4_us=1996033639 vdd=5.067 offset=0.5000 aref=3.145 loop_us_avg=92 loop_us_max=5404 loop_hz=10869 cycle_log_ms=1 n_cycle=4 cc=1 cc_hz=1026 cc_i_tgt=0.1000 cc_u=0.5046 cc_r=4.9808 cc_tau_ms=7.00
[  57.320] [ADC1] STATUS ala
[  57.888] [STATUS] t_ms=1937255 hwm=6 cap=256 dropped=0 dropped_total=34177 crc_err=0 crc_err_total=0 rate1=512 rate2=513 prod1=512 prod2=513 dac_err=0 tx_drop=376 hb_ms=0 sma_state=6 m7_us=1999261056 m4_us=1997066680 vdd=5.067 offset=0.5000 aref=3.145 loop_us_avg=93 loop_us_max=5549 loop_hz=10752 cycle_log_ms=1 n_cycle=4 cc=1 cc_hz=1024 cc_i_tgt=0.1000 cc_u=0.5237 cc_r=5.1519 cc_tau_ms=7.00
[  58.326] rm(
[  58.326] [ADC1] STATUS ala
[  58.889] [STATUS] t_ms=1938255 hwm=5 cap=256 dropped=0 dropped_total=34177 crc_err=0 crc_err_total=0 rate1=512 rate2=511 prod1=512 prod2=511 dac_err=0 tx_drop=376 hb_ms=0 sma_state=6 m7_us=2000292478 m4_us=1998097661 vdd=5.067 offset=0.5000 aref=3.145 loop_us_avg=93 loop_us_max=5402 loop_hz=10752 cycle_log_ms=1 n_cycle=4 cc=1 cc_hz=1026 cc_i_tgt=0.1000 cc_u=0.5000 cc_r=5.0626 cc_tau_ms=7.00
[  59.330] [ADC1] STATUS ala
[  59.961] [STATUS] t_ms=1939255 hwm=6 cap=256 dropped=0 dropped_total=34177 crc_err=0 crc_err_total=0 rate1=512 rate2=513 prod1=512 prod2=513 dac_err=0 tx_drop=376 hb_ms=0 sma_state=6 m7_us=2001325066 m4_us=1999130683 vdd=5.067 offset=0.5000 aref=3.145 loop_us_avg=93 loop_us_max=5583 loop_hz=10752 cycle_log_ms=1 n_cycle=4 cc=1 cc_hz=1027 cc_i_tgt=0.1000 cc_u=0.5005 cc_r=5.0459 cc_tau_ms=7.00
[  60.338] [ADC1] STATUS al
[  60.338] a
[  60.968] [STATUS] t_ms=1940255 hwm=5 cap=256 dropped=0 dropped_total=34177 crc_err=0 crc_err_total=0 rate1=512 rate2=512 prod1=512 prod2=512 dac_err=0 tx_drop=376 hb_ms=0 sma_state=6 m7_us=2002357098 m4_us=2000162718 vdd=5.067 offset=0.5000 aref=3.145 loop_us_avg=93 loop_us_max=5406 loop_hz=10752 cycle_log_ms=1 n_cycle=4 cc=1 cc_hz=1027 cc_i_tgt=0.1000 cc_u=0.5266 cc_r=5.1184 cc_tau_ms=7.00
[  61.346] [ADC1] STATUS ala
[  61.977] [STATUS] t_ms=1941255 hwm=5 cap=256 dropped=0 dropped_total=34177 crc_err=0 crc_err_total=0 rate1=512 rate2=511 prod1=512 prod2=511 dac_err=0 tx_drop=376 hb_ms=0 sma_state=6 m7_us=2003388449 m4_us=2001193728 vdd=5.067 offset=0.5000 aref=3.145 loop_us_avg=94 loop_us_max=5547 loop_hz=10638 cycle_log_ms=1 n_cycle=4 cc=1 cc_hz=1026 cc_i_tgt=0.1000 cc_u=0.5141 cc_r=5.0111 cc_tau_ms=7.00
[  62.356] [ADC1]
[  62.356] STATUS ala
[  62.800] [SMA] [ACT] heat n=5/6 I=850.0mA ms=200
[  62.989] [SMA] [ACT] cool n=5/6 I=100.0mA ms=15000
[  63.053] [STATUS] t_ms=1942255 hwm=6 cap=256 dropped=0 dropped_total=34177 crc_err=0 crc_err_total=0 rate1=512 rate2=513 prod1=512 prod2=513 dac_err=0 tx_drop=376 hb_ms=0 sma_state=6 m7_us=2004421158 m4_us=2002226782 vdd=5.067 offset=0.5000 aref=3.145 loop_us_avg=93 loop_us_max=5332 loop_hz=10752 cycle_log_ms=1 n_cycle=4 cc=1 cc_hz=1022 cc_i_tgt=0.1000 cc_u=0.5187 cc_r=4.5880 cc_tau_ms=7.00
[  63.367] rm(s): 0x4D
[  63.367] [ADC1] S
[  64.062] [STATUS] t_ms=1943255 hwm=5 cap=256 dropped=0 dropped_total=34177 crc_err=0 crc_err_total=0 rate1=512 rate2=511 prod1=512 prod2=511 dac_err=0 tx_drop=376 hb_ms=0 sma_state=6 m7_us=2005452604 m4_us=2003257799 vdd=5.067 offset=0.5000 aref=3.145 loop_us_avg=92 loop_us_max=5546 loop_hz=10869 cycle_log_ms=1 n_cycle=4 cc=1 cc_hz=1026 cc_i_tgt=0.1000 cc_u=0.5068 cc_r=4.9160 cc_tau_ms=7.00
[  64.380] [ADC1] STATUS ala
[  65.075] [STATUS] t_ms=1944255 hwm=6 cap=256 dropped=0 dropped_total=34177 crc_err=0 crc_err_total=0 rate1=512 rate2=513 prod1=512 prod2=513 dac_err=0 tx_drop=376 hb_ms=0 sma_state=6 m7_us=2006485218 m4_us=2004290830 vdd=5.067 offset=0.5000 aref=3.145 loop_us_avg=93 loop_us_max=5410 loop_hz=10752 cycle_log_ms=1 n_cycle=4 cc=1 cc_hz=1024 cc_i_tgt=0.1000 cc_u=0.5000 cc_r=4.9795 cc_tau_ms=7.00
[  65.390] [ADC1] STATUS ala
[  66.147] [STATUS] t_ms=1945255 hwm=6 cap=256 dropped=0 dropped_total=34177 crc_err=0 crc_err_total=0 rate1=512 rate2=511 prod1=512 prod2=511 dac_err=0 tx_drop=376 hb_ms=0 sma_state=6 m7_us=2007516536 m4_us=2005321840 vdd=5.067 offset=0.5000 aref=3.145 loop_us_avg=93 loop_us_max=5614 loop_hz=10752 cycle_log_ms=1 n_cycle=4 cc=1 cc_hz=1026 cc_i_tgt=0.1000 cc_u=0.5000 cc_r=4.9877 cc_tau_ms=7.00
[  66.401] rm(s): 0
[  66.401] [ADC1] STATUS ala
[  67.158] [STATUS] t_ms=1946255 hwm=6 cap=256 dropped=0 dropped_total=34177 crc_err=0 crc_err_total=0 rate1=512 rate2=513 prod1=512 prod2=513 dac_err=0 tx_drop=376 hb_ms=0 sma_state=6 m7_us=2008549307 m4_us=2006354926 vdd=5.067 offset=0.5000 aref=3.145 loop_us_avg=93 loop_us_max=5314 loop_hz=10752 cycle_log_ms=1 n_cycle=4 cc=1 cc_hz=1024 cc_i_tgt=0.1000 cc_u=0.5000 cc_r=5.1198 cc_tau_ms=7.00
[  67.408] [ADC1] STATUS ala
[  68.160] [STATUS] t_ms=1947255 hwm=6 cap=256 dropped=0 dropped_total=34177 crc_err=0 crc_err_total=0 rate1=512 rate2=511 prod1=512 prod2=511 dac_err=0 tx_drop=376 hb_ms=0 sma_state=6 m7_us=2009580662 m4_us=2007385962 vdd=5.067 offset=0.5000 aref=3.145 loop_us_avg=94 loop_us_max=5620 loop_hz=10638 cycle_log_ms=1 n_cycle=4 cc=1 cc_hz=1026 cc_i_tgt=0.1000 cc_u=0.5246 cc_r=5.0461 cc_tau_ms=7.00
[  68.412] rm(s): 0x4D
[  68.412] [
[  68.412] ADC1] STATUS ala
[  69.231] [STATUS] t_ms=1948255 hwm=6 cap=256 dropped=0 dropped_total=34177 crc_err=0 crc_err_total=0 rate1=512 rate2=513 prod1=512 prod2=513 dac_err=0 tx_drop=376 hb_ms=0 sma_state=6 m7_us=2010613408 m4_us=2008419025 vdd=5.067 offset=0.5000 aref=3.145 loop_us_avg=93 loop_us_max=5325 loop_hz=10752 cycle_log_ms=1 n_cycle=4 cc=1 cc_hz=1024 cc_i_tgt=0.1000 cc_u=0.5000 cc_r=5.0125 cc_tau_ms=7.00
[  69.419] rm(s): 0x4D
[  69.419] [ADC1] STATUS ala
[  70.233] [STATUS] t_ms=1949255 hwm=5 cap=256 dropped=0 dropped_total=34177 crc_err=0 crc_err_total=0 rate1=512 rate2=511 prod1=512 prod2=511 dac_err=0 tx_drop=376 hb_ms=0 sma_state=6 m7_us=2011644870 m4_us=2009450048 vdd=5.067 offset=0.5000 aref=3.145 loop_us_avg=94 loop_us_max=5539 loop_hz=10638 cycle_log_ms=1 n_cycle=4 cc=1 cc_hz=1026 cc_i_tgt=0.1000 cc_u=0.5185 cc_r=5.0236 cc_tau_ms=7.00
[  70.420] [ADC1] STATUS ala
[  71.305] [STATUS] t_ms=1950255 hwm=6 cap=256 dropped=0 dropped_total=34177 crc_err=0 crc_err_total=0 rate1=512 rate2=513 prod1=512 prod2=513 dac_err=0 tx_drop=376 hb_ms=0 sma_state=6 m7_us=2012677452 m4_us=2010483076 vdd=5.067 offset=0.5000 aref=3.145 loop_us_avg=94 loop_us_max=5402 loop_hz=10638 cycle_log_ms=1 n_cycle=4 cc=1 cc_hz=1024 cc_i_tgt=0.1000 cc_u=0.5099 cc_r=5.0603 cc_tau_ms=7.00
[  71.430] [ADC1] STATUS ala
[  72.313] [STATUS] t_ms=1951255 hwm=5 cap=256 dropped=0 dropped_total=34177 crc_err=0 crc_err_total=0 rate1=512 rate2=511 prod1=512 prod2=511 dac_err=0 tx_drop=376 hb_ms=0 sma_state=6 m7_us=2013708776 m4_us=2011514080 vdd=5.067 offset=0.5000 aref=3.145 loop_us_avg=92 loop_us_max=5569 loop_hz=10869 cycle_log_ms=1 n_cycle=4 cc=1 cc_hz=1026 cc_i_tgt=0.1000 cc_u=0.5000 cc_r=5.0212 cc_tau_ms=7.00
[  72.439] [ADC1] STATUS ala
[  73.380] [STATUS] t_ms=1952255 hwm=6 cap=256 dropped=0 dropped_total=34177 crc_err=0 crc_err_total=0 rate1=512 rate2=513 prod1=512 prod2=513 dac_err=0 tx_drop=376 hb_ms=0 sma_state=6 m7_us=2014741489 m4_us=2012547108 vdd=5.067 offset=0.5000 aref=3.145 loop_us_avg=94 loop_us_max=5329 loop_hz=10638 cycle_log_ms=1 n_cycle=4 cc=1 cc_hz=1024 cc_i_tgt=0.1000 cc_u=0.5148 cc_r=5.0111 cc_tau_ms=7.00
[  73.441] rm(s
[  73.441] [ADC1] STATUS ala
[  74.384] [STATUS] t_ms=1953255 hwm=6 cap=256 dropped=0 dropped_total=34177 crc_err=0 crc_err_total=0 rate1=512 rate2=511 prod1=512 prod2=511 dac_err=0 tx_drop=376 hb_ms=0 sma_state=6 m7_us=2015772808 m4_us=2013578106 vdd=5.067 offset=0.5000 aref=3.145 loop_us_avg=94 loop_us_max=5601 loop_hz=10638 cycle_log_ms=1 n_cycle=4 cc=1 cc_hz=1026 cc_i_tgt=0.1000 cc_u=0.5129 cc_r=5.0356 cc_tau_ms=7.00
[  74.446] [ADC1] STAT
[  74.446] US ala
[  75.390] [STATUS] t_ms=1954255 hwm=6 cap=256 dropped=0 dropped_total=34177 crc_err=0 crc_err_total=0 rate1=512 rate2=513 prod1=512 prod2=513 dac_err=0 tx_drop=376 hb_ms=0 sma_state=6 m7_us=2016805470 m4_us=2014611089 vdd=5.067 offset=0.5000 aref=3.145 loop_us_avg=94 loop_us_max=5333 loop_hz=10638 cycle_log_ms=1 n_cycle=4 cc=1 cc_hz=1025 cc_i_tgt=0.1000 cc_u=0.5083 cc_r=5.0278 cc_tau_ms=7.00
[  75.454] [ADC1] STATUS ala
[  76.463] [STATUS] t_ms=1955255 hwm=6 cap=256 dropped=0 dropped_total=34177 crc_err=0 crc_err_total=0 rate1=512 rate2=511 prod1=512 prod2=511 dac_err=0 tx_drop=376 hb_ms=0 sma_state=6 m7_us=2017836775 m4_us=2015642058 vdd=5.067 offset=0.5000 aref=3.145 loop_us_avg=94 loop_us_max=5605 loop_hz=10638 cycle_log_ms=1 n_cycle=4 cc=1 cc_hz=1026 cc_i_tgt=0.1000 cc_u=0.5107 cc_r=5.0432 cc_tau_ms=7.00
[  76.463] [ADC1] STATUS al
[  77.473] [STATUS] t_ms=1956255 hwm=6 cap=256 dropped=0 dropped_total=34177 crc_err=0 crc_err_total=0 rate1=512 rate2=513 prod1=512 prod2=513 dac_err=0 tx_drop=376 hb_ms=0 sma_state=6 m7_us=2018869411 m4_us=2016675035 vdd=5.067 offset=0.5000 aref=3.145 loop_us_avg=92 loop_us_max=5326 loop_hz=10869 cycle_log_ms=1 n_cycle=4 cc=1 cc_hz=1025 cc_i_tgt=0.1000 cc_u=0.5091 cc_r=4.9925 cc_tau_ms=7.00
[  77.473] [ADC1] STATUS al
[  78.481] [SMA] [ACT] heat n=6/6 I=850.0mA ms=200
[  78.481] [ADC1] STATUS al
[  78.481] [STATUS] t_ms=1957255 hwm=5 cap=256 dropped=0 dropped_total=34177 crc_err=0 crc_err_total=0 rate1=512 rate2=511 prod1=512 prod2=511 dac_err=0 tx_drop=376 hb_ms=0 sma_state=5 m7_us=2019900860 m4_us=2017706048 vdd=5.067 offset=0.5000 aref=3.145 loop_us_avg=94 loop_us_max=5549 loop_hz=10638 cycle_log_ms=1 n_cycle=4 cc=1 cc_hz=1025 cc_i_tgt=0.8500 cc_u=3.6720 cc_r=4.7281 cc_tau_ms=7.00
[  78.670] [SMA] [ACT] cool n=6/6 I=100.0mA ms=15000
[  79.490] [ADC1] STATUS al
[  79.553] [STATUS] t_ms=1958255 hwm=6 cap=256 dropped=0 dropped_total=34177 crc_err=0 crc_err_total=0 rate1=512 rate2=513 prod1=512 prod2=513 dac_err=0 tx_drop=376 hb_ms=0 sma_state=6 m7_us=2020933516 m4_us=2018739086 vdd=5.067 offset=0.5000 aref=3.145 loop_us_avg=93 loop_us_max=5399 loop_hz=10752 cycle_log_ms=1 n_cycle=4 cc=1 cc_hz=1023 cc_i_tgt=0.1000 cc_u=0.5148 cc_r=5.0018 cc_tau_ms=7.00
[  80.493] [ADC1] STATU
[  80.493] S al
[  80.557] [STATUS] t_ms=1959255 hwm=6 cap=256 dropped=0 dropped_total=34177 crc_err=0 crc_err_total=0 rate1=512 rate2=511 prod1=512 prod2=511 dac_err=0 tx_drop=376 hb_ms=0 sma_state=6 m7_us=2021964827 m4_us=2019770106 vdd=5.067 offset=0.5000 aref=3.145 loop_us_avg=94 loop_us_max=5626 loop_hz=10638 cycle_log_ms=1 n_cycle=4 cc=1 cc_hz=1026 cc_i_tgt=0.1000 cc_u=0.5103 cc_r=5.1074 cc_tau_ms=7.00
[  81.504] [ADC1] STATUS al
[  81.630] [STATUS] t_ms=1960255 hwm=6 cap=256 dropped=0 dropped_total=34177 crc_err=0 crc_err_total=0 rate1=512 rate2=513 prod1=512 prod2=513 dac_err=0 tx_drop=376 hb_ms=0 sma_state=6 m7_us=2022997532 m4_us=2020803160 vdd=5.067 offset=0.5000 aref=3.145 loop_us_avg=93 loop_us_max=5390 loop_hz=10752 cycle_log_ms=1 n_cycle=4 cc=1 cc_hz=1024 cc_i_tgt=0.1000 cc_u=0.5039 cc_r=4.9990 cc_tau_ms=7.00
[  82.507] [ADC1] STATUS ala
[  82.635] [STATUS] t_ms=1961255 hwm=5 cap=256 dropped=0 dropped_total=34177 crc_err=0 crc_err_total=0 rate1=512 rate2=511 prod1=512 prod2=511 dac_err=0 tx_drop=376 hb_ms=0 sma_state=6 m7_us=2024028932 m4_us=2021834205 vdd=5.067 offset=0.5000 aref=3.145 loop_us_avg=94 loop_us_max=5595 loop_hz=10638 cycle_log_ms=1 n_cycle=4 cc=1 cc_hz=1026 cc_i_tgt=0.1000 cc_u=0.5000 cc_r=5.0605 cc_tau_ms=7.00
[  83.517] M PGAH_ALM
[  83.517] [ADC1]
[  83.517] STATUS ala
[  83.643] [STATUS] t_ms=1962255 hwm=6 cap=256 dropped=0 dropped_total=34177 crc_err=0 crc_err_total=0 rate1=512 rate2=513 prod1=512 prod2=513 dac_err=0 tx_drop=376 hb_ms=0 sma_state=6 m7_us=2025061637 m4_us=2022867259 vdd=5.067 offset=0.5000 aref=3.145 loop_us_avg=93 loop_us_max=5330 loop_hz=10752 cycle_log_ms=1 n_cycle=4 cc=1 cc_hz=1024 cc_i_tgt=0.1000 cc_u=0.5027 cc_r=4.9655 cc_tau_ms=7.00
[  84.524] rm(s):
[  84.524] [ADC1] STATUS ala
[  84.712] [STATUS] t_ms=1963255 hwm=5 cap=256 dropped=0 dropped_total=34177 crc_err=0 crc_err_total=0 rate1=512 rate2=511 prod1=512 prod2=511 dac_err=0 tx_drop=376 hb_ms=0 sma_state=6 m7_us=2026093100 m4_us=2023898291 vdd=5.067 offset=0.5000 aref=3.145 loop_us_avg=92 loop_us_max=5571 loop_hz=10869 cycle_log_ms=1 n_cycle=4 cc=1 cc_hz=1026 cc_i_tgt=0.1000 cc_u=0.5100 cc_r=4.9990 cc_tau_ms=7.00
[  85.531] [ADC1] STATUS ala
[  85.721] [STATUS] t_ms=1964255 hwm=6 cap=256 dropped=0 dropped_total=34177 crc_err=0 crc_err_total=0 rate1=512 rate2=513 prod1=512 prod2=513 dac_err=0 tx_drop=376 hb_ms=0 sma_state=6 m7_us=2027125720 m4_us=2024931342 vdd=5.067 offset=0.5000 aref=3.145 loop_us_avg=93 loop_us_max=5419 loop_hz=10752 cycle_log_ms=1 n_cycle=4 cc=1 cc_hz=1024 cc_i_tgt=0.1000 cc_u=0.5079 cc_r=5.0555 cc_tau_ms=7.00
[  86.542] [ADC1] STATUS ala
[  86.795] [STATUS] t_ms=1965255 hwm=5 cap=256 dropped=0 dropped_total=34177 crc_err=0 crc_err_total=0 rate1=512 rate2=511 prod1=512 prod2=511 dac_err=0 tx_drop=376 hb_ms=0 sma_state=6 m7_us=2028157205 m4_us=2025962387 vdd=5.067 offset=0.5000 aref=3.145 loop_us_avg=94 loop_us_max=5567 loop_hz=10638 cycle_log_ms=1 n_cycle=4 cc=1 cc_hz=1026 cc_i_tgt=0.1000 cc_u=0.5092 cc_r=5.0166 cc_tau_ms=7.00
[  87.551] rm(
[  87.551] [ADC1] STATUS ala
[  87.804] [STATUS] t_ms=1966255 hwm=6 cap=256 dropped=0 dropped_total=34177 crc_err=0 crc_err_total=0 rate1=512 rate2=513 prod1=512 prod2=513 dac_err=0 tx_drop=376 hb_ms=0 sma_state=6 m7_us=2029189807 m4_us=2026995438 vdd=5.067 offset=0.5000 aref=3.145 loop_us_avg=93 loop_us_max=5404 loop_hz=10752 cycle_log_ms=1 n_cycle=4 cc=1 cc_hz=1024 cc_i_tgt=0.1000 cc_u=0.5181 cc_r=5.0713 cc_tau_ms=7.00
[  88.558] [ADC1] STATUS ala
[  88.811] [STATUS] t_ms=1967255 hwm=5 cap=256 dropped=0 dropped_total=34177 crc_err=0 crc_err_total=0 rate1=512 rate2=511 prod1=512 prod2=511 dac_err=0 tx_drop=376 hb_ms=0 sma_state=6 m7_us=2030221157 m4_us=2028026458 vdd=5.067 offset=0.5000 aref=3.145 loop_us_avg=94 loop_us_max=5587 loop_hz=10638 cycle_log_ms=1 n_cycle=4 cc=1 cc_hz=1026 cc_i_tgt=0.1000 cc_u=0.5215 cc_r=5.1093 cc_tau_ms=7.00
[  89.565] [ADC1] STATUS ala
[  89.883] [STATUS] t_ms=1968255 hwm=6 cap=256 dropped=0 dropped_total=34177 crc_err=0 crc_err_total=0 rate1=512 rate2=513 prod1=512 prod2=513 dac_err=0 tx_drop=376 hb_ms=0 sma_state=6 m7_us=2031253926 m4_us=2029059496 vdd=5.067 offset=0.5000 aref=3.145 loop_us_avg=93 loop_us_max=5311 loop_hz=10752 cycle_log_ms=1 n_cycle=4 cc=1 cc_hz=1024 cc_i_tgt=0.1000 cc_u=0.5294 cc_r=5.0180 cc_tau_ms=7.00
[  90.575] rm(s)
[  90.575] PGAH_ALM
[  90.575] [ADC1] STATUS ala
[  91.065] [STATUS] t_ms=1969255 hwm=6 cap=256 dropped=0 dropped_total=34177 crc_err=0 crc_err_total=0 rate1=512 rate2=511 prod1=512 prod2=511 dac_err=0 tx_drop=376 hb_ms=0 sma_state=6 m7_us=2032285224 m4_us=2030090525 vdd=5.067 offset=0.5000 aref=3.145 loop_us_avg=92 loop_us_max=5606 loop_hz=10869 cycle_log_ms=1 n_cycle=4 cc=1 cc_hz=1026 cc_i_tgt=0.1000 cc_u=0.5062 cc_r=5.0633 cc_tau_ms=7.00
[  91.629] [ADC1] STATUS ala
[  91.943] [STATUS] t_ms=1970255 hwm=71 cap=256 dropped=0 dropped_total=34177 crc_err=0 crc_err_total=0 rate1=512 rate2=512 prod1=512 prod2=513 dac_err=0 tx_drop=376 hb_ms=0 sma_state=6 m7_us=2033317934 m4_us=2031123560 vdd=5.067 offset=0.5000 aref=3.145 loop_us_avg=100 loop_us_max=71541 loop_hz=10000 cycle_log_ms=1 n_cycle=4 cc=1 cc_hz=955 cc_i_tgt=0.1000 cc_u=0.5050 cc_r=5.1048 cc_tau_ms=7.00
[  92.638] [ADC1] STATUS
[  92.638] ala
[  92.953] [STATUS] t_ms=1971255 hwm=5 cap=256 dropped=0 dropped_total=34177 crc_err=0 crc_err_total=0 rate1=512 rate2=512 prod1=512 prod2=512 dac_err=0 tx_drop=376 hb_ms=0 sma_state=6 m7_us=2034349988 m4_us=2032155611 vdd=5.067 offset=0.5000 aref=3.145 loop_us_avg=93 loop_us_max=5399 loop_hz=10752 cycle_log_ms=1 n_cycle=4 cc=1 cc_hz=1027 cc_i_tgt=0.1000 cc_u=0.5000 cc_r=5.0228 cc_tau_ms=7.00
[  93.642] [ADC1] STATUS ala
[  94.017] [STATUS] t_ms=1972255 hwm=5 cap=256 dropped=0 dropped_total=34177 crc_err=0 crc_err_total=0 rate1=512 rate2=512 prod1=512 prod2=512 dac_err=0 tx_drop=376 hb_ms=0 sma_state=6 m7_us=2035382033 m4_us=2033187652 vdd=5.067 offset=0.5000 aref=3.145 loop_us_avg=93 loop_us_max=5403 loop_hz=10752 cycle_log_ms=1 n_cycle=4 cc=1 cc_hz=1027 cc_i_tgt=0.1000 cc_u=0.5199 cc_r=5.0519 cc_tau_ms=7.00
[  94.145] [SMA] [ACT] -> idle (done) after 6 cycle(s); still armed
