[   0.056] [SMA] ARMED (MOSFET on); idle=0.500 V
[   0.056] [STATUS] t_ms=17676 hwm=5 cap=256 dropped=0 dropped_total=568 crc_err=0 crc_err_total=0 rate1=512 rate2=512 prod1=512 prod2=512 dac_err=0 tx_drop=377 hb_ms=0 sma_state=0 m7_us=18472811 m4_us=15971730 vdd=5.067 offset=0.5000 aref=3.145 loop_us_avg=21 loop_us_max=4609 loop_hz=47619 cycle_log_ms=1 n_cycle=4 cc=0 cc_hz=0 cc_i_tgt=0.0000 cc_u=0.0000 cc_r=0.0000 cc_tau_ms=7.00
[   0.741] [STATUS] t_ms=18676 hwm=256 cap=256 dropped=56 dropped_total=624 crc_err=0 crc_err_total=0 rate1=482 rate2=482 prod1=484 prod2=484 dac_err=0 tx_drop=377 hb_ms=0 sma_state=0 m7_us=19198266 m4_us=17003445 vdd=5.067 offset=0.5000 aref=3.145 loop_us_avg=32 loop_us_max=313491 loop_hz=31250 cycle_log_ms=1 n_cycle=4 cc=0 cc_hz=0 cc_i_tgt=0.0000 cc_u=0.0000 cc_r=0.0000 cc_tau_ms=7.00
[   0.866] [ADC1]
[   0.866] STATUS alarm(
[   0.866] M PGAH_ALM PGAD
[   0.866] _ALM
[   1.807] [STATUS] t_ms=19676 hwm=5 cap=256 dropped=0 dropped_total=624 crc_err=0 crc_err_total=0 rate1=512 rate2=512 prod1=512 prod2=512 dac_err=0 tx_drop=377 hb_ms=0 sma_state=0 m7_us=20230077 m4_us=18035260 vdd=5.067 offset=0.5000 aref=3.145 loop_us_avg=22 loop_us_max=4574 loop_hz=45454 cycle_log_ms=1 n_cycle=4 cc=0 cc_hz=0 cc_i_tgt=0.0000 cc_u=0.0000 cc_r=0.0000 cc_tau_ms=7.00
[   1.871] [ADC1]
[   1.871] STATUS alarm(s)
[   1.871] PGAH_ALM PGAD_A
[   0.064] [SMA] [CC] start i_high=650.0mA i_low=0.0mA t_high=300 t_idle=30000 n=2 (0=cont) tau_ms=7.0 wdt_ms=5000
[   0.127] [SMA] [CC] seed R=4.170 ohm  I=119.9 mA  u=0.500 V  n=33
[   0.127] [SMA] [ACT] heat n=1/2 I=650.0mA ms=300
[   0.441] [SMA] [ACT] cool n=1/2 I=0.0mA ms=30000
[   0.758] [STATUS] t_ms=20676 hwm=5 cap=256 dropped=0 dropped_total=624 crc_err=0 crc_err_total=0 rate1=512 rate2=512 prod1=512 prod2=512 dac_err=0 tx_drop=377 hb_ms=0 sma_state=6 m7_us=21261870 m4_us=19067061 vdd=5.067 offset=0.5000 aref=3.145 loop_us_avg=35 loop_us_max=4569 loop_hz=28571 cycle_log_ms=1 n_cycle=4 cc=0 cc_hz=308 cc_i_tgt=0.6500 cc_u=2.7107 cc_r=4.1702 cc_tau_ms=7.00
[   0.821] [ADC1] STATUS alar
[   1.772] [STATUS] t_ms=21676 hwm=5 cap=256 dropped=0 dropped_total=624 crc_err=0 crc_err_total=0 rate1=513 rate2=512 prod1=513 prod2=512 dac_err=0 tx_drop=377 hb_ms=0 sma_state=6 m7_us=22293835 m4_us=20099857 vdd=5.067 offset=0.5000 aref=3.145 loop_us_avg=33 loop_us_max=4862 loop_hz=30303 cycle_log_ms=1 n_cycle=4 cc=0 cc_hz=0 cc_i_tgt=0.6500 cc_u=2.7107 cc_r=4.1702 cc_tau_ms=7.00
[   1.833] [ADC1] STAT
[   1.833] US alarm(s): 0xF
[   1.833] M PGAD_ALM
[   2.842] [STATUS] t_ms=22676 hwm=4 cap=256 dropped=0 dropped_total=624 crc_err=0 crc_err_total=0 rate1=512 rate2=512 prod1=512 prod2=512 dac_err=0 tx_drop=377 hb_ms=0 sma_state=6 m7_us=23325776 m4_us=21131662 vdd=5.067 offset=0.5000 aref=3.145 loop_us_avg=33 loop_us_max=4946 loop_hz=30303 cycle_log_ms=1 n_cycle=4 cc=0 cc_hz=0 cc_i_tgt=0.6500 cc_u=2.7107 cc_r=4.1702 cc_tau_ms=7.00
[   2.842] PGAD_ALM
[   3.846] [ADC1] STA
[   3.846] TUS alarm(s): 0x
[   3.846] [STATUS] t_ms=23676 hwm=5 cap=256 dropped=0 dropped_total=624 crc_err=0 crc_err_total=0 rate1=511 rate2=512 prod1=511 prod2=512 dac_err=0 tx_drop=377 hb_ms=0 sma_state=6 m7_us=24357273 m4_us=22162457 vdd=5.067 offset=0.5000 aref=3.145 loop_us_avg=33 loop_us_max=4950 loop_hz=30303 cycle_log_ms=1 n_cycle=4 cc=0 cc_hz=0 cc_i_tgt=0.6500 cc_u=2.7107 cc_r=4.1702 cc_tau_ms=7.00
[   4.856] [ADC1] STATU
[   4.920] [STATUS] t_ms=24676 hwm=5 cap=256 dropped=0 dropped_total=624 crc_err=0 crc_err_total=0 rate1=513 rate2=512 prod1=513 prod2=512 dac_err=0 tx_drop=377 hb_ms=0 sma_state=6 m7_us=25389206 m4_us=23195246 vdd=5.067 offset=0.5000 aref=3.145 loop_us_avg=33 loop_us_max=4864 loop_hz=30303 cycle_log_ms=1 n_cycle=4 cc=0 cc_hz=0 cc_i_tgt=0.6500 cc_u=2.7107 cc_r=4.1702 cc_tau_ms=7.00
[   5.862] [A
[   5.862] DC1] STATUS alar
[   5.862] M PGAH_ALM PGAD_ALM
[   5.926] [STATUS] t_ms=25676 hwm=4 cap=256 dropped=0 dropped_total=624 crc_err=0 crc_err_total=0 rate1=512 rate2=512 prod1=512 prod2=512 dac_err=0 tx_drop=377 hb_ms=0 sma_state=6 m7_us=26421144 m4_us=24227070 vdd=5.067 offset=0.5000 aref=3.145 loop_us_avg=33 loop_us_max=4941 loop_hz=30303 cycle_log_ms=1 n_cycle=4 cc=0 cc_hz=0 cc_i_tgt=0.6500 cc_u=2.7107 cc_r=4.1702 cc_tau_ms=7.00
[   6.868] [ADC1] ST
[   6.868] ATUS alarm(s):
[   6.868] GAH_ALM PGAD_ALM
[   6.932] [STATUS] t_ms=26676 hwm=5 cap=256 dropped=0 dropped_total=624 crc_err=0 crc_err_total=0 rate1=512 rate2=512 prod1=512 prod2=512 dac_err=0 tx_drop=377 hb_ms=0 sma_state=6 m7_us=27453070 m4_us=25258913 vdd=5.067 offset=0.5000 aref=3.145 loop_us_avg=33 loop_us_max=4923 loop_hz=30303 cycle_log_ms=1 n_cycle=4 cc=0 cc_hz=0 cc_i_tgt=0.6500 cc_u=2.7107 cc_r=4.1702 cc_tau_ms=7.00
[   7.997] [STATUS] t_ms=27676 hwm=5 cap=256 dropped=0 dropped_total=624 crc_err=0 crc_err_total=0 rate1=511 rate2=512 prod1=511 prod2=512 dac_err=0 tx_drop=377 hb_ms=0 sma_state=6 m7_us=28484569 m4_us=26289749 vdd=5.067 offset=0.5000 aref=3.145 loop_us_avg=33 loop_us_max=4957 loop_hz=30303 cycle_log_ms=1 n_cycle=4 cc=0 cc_hz=0 cc_i_tgt=0.6500 cc_u=2.7107 cc_r=4.1702 cc_tau_ms=7.00
[   8.877] [ADC1] STATUS alarm(s): 0xCF PG
[   8.877] AL_ALM PGAH_ALM
[   8.877] PGAD_ALM
[   9.003] [STATUS] t_ms=28676 hwm=5 cap=256 dropped=0 dropped_total=624 crc_err=0 crc_err_total=0 rate1=513 rate2=512 prod1=513 prod2=512 dac_err=0 tx_drop=377 hb_ms=0 sma_state=6 m7_us=29516513 m4_us=27322616 vdd=5.067 offset=0.5000 aref=3.145 loop_us_avg=33 loop_us_max=4869 loop_hz=30303 cycle_log_ms=1 n_cycle=4 cc=0 cc_hz=0 cc_i_tgt=0.6500 cc_u=2.7107 cc_r=4.1702 cc_tau_ms=7.00
[  10.071] [STATUS] t_ms=29676 hwm=4 cap=256 dropped=0 dropped_total=624 crc_err=0 crc_err_total=0 rate1=512 rate2=512 prod1=512 prod2=512 dac_err=0 tx_drop=377 hb_ms=0 sma_state=6 m7_us=30548464 m4_us=28354507 vdd=5.067 offset=0.5000 aref=3.145 loop_us_avg=33 loop_us_max=4924 loop_hz=30303 cycle_log_ms=1 n_cycle=4 cc=0 cc_hz=0 cc_i_tgt=0.6500 cc_u=2.7107 cc_r=4.1702 cc_tau_ms=7.00
[  10.896] [ADC1]
[  10.896] STATUS alarm(s):
[  11.086] [STATUS] t_ms=30676 hwm=4 cap=256 dropped=0 dropped_total=624 crc_err=0 crc_err_total=0 rate1=512 rate2=512 prod1=512 prod2=512 dac_err=0 tx_drop=377 hb_ms=0 sma_state=6 m7_us=31580406 m4_us=29386350 vdd=5.067 offset=0.5000 aref=3.145 loop_us_avg=33 loop_us_max=4964 loop_hz=30303 cycle_log_ms=1 n_cycle=4 cc=0 cc_hz=0 cc_i_tgt=0.6500 cc_u=2.7107 cc_r=4.1702 cc_tau_ms=7.00
[  11.910] [ADC1]
[  11.910] STATUS alarm(s)
[  11.910] GAH_ALM PGAD_ALM
[  12.100] [STATUS] t_ms=31676 hwm=5 cap=256 dropped=0 dropped_total=624 crc_err=0 crc_err_total=0 rate1=511 rate2=512 prod1=511 prod2=512 dac_err=0 tx_drop=377 hb_ms=0 sma_state=6 m7_us=32611975 m4_us=30417170 vdd=5.067 offset=0.5000 aref=3.145 loop_us_avg=33 loop_us_max=4923 loop_hz=30303 cycle_log_ms=1 n_cycle=4 cc=0 cc_hz=0 cc_i_tgt=0.6500 cc_u=2.7107 cc_r=4.1702 cc_tau_ms=7.00
[  12.917] [ADC1
[  12.917] ] STATUS alarm(s
[  12.917] GAH_ALM PGAD_ALM
[  13.171] [STATUS] t_ms=32676 hwm=5 cap=256 dropped=0 dropped_total=624 crc_err=0 crc_err_total=0 rate1=513 rate2=512 prod1=513 prod2=512 dac_err=0 tx_drop=377 hb_ms=0 sma_state=6 m7_us=33643936 m4_us=31450001 vdd=5.067 offset=0.5000 aref=3.145 loop_us_avg=33 loop_us_max=4871 loop_hz=30303 cycle_log_ms=1 n_cycle=4 cc=0 cc_hz=0 cc_i_tgt=0.6500 cc_u=2.7107 cc_r=4.1702 cc_tau_ms=7.00
[  13.925] M PGAD_ALM
[  14.177] [STATUS] t_ms=33676 hwm=4 cap=256 dropped=0 dropped_total=624 crc_err=0 crc_err_total=0 rate1=512 rate2=512 prod1=512 prod2=512 dac_err=0 tx_drop=377 hb_ms=0 sma_state=6 m7_us=34675864 m4_us=32481838 vdd=5.067 offset=0.5000 aref=3.145 loop_us_avg=33 loop_us_max=4928 loop_hz=30303 cycle_log_ms=1 n_cycle=4 cc=0 cc_hz=0 cc_i_tgt=0.6500 cc_u=2.7107 cc_r=4.1702 cc_tau_ms=7.00
[  14.930] [AD
[  14.930] C1] STATUS alar
[  15.185] [STATUS] t_ms=34676 hwm=5 cap=256 dropped=0 dropped_total=624 crc_err=0 crc_err_total=0 rate1=512 rate2=512 prod1=512 prod2=512 dac_err=0 tx_drop=377 hb_ms=0 sma_state=6 m7_us=35707798 m4_us=33513668 vdd=5.067 offset=0.5000 aref=3.145 loop_us_avg=33 loop_us_max=4946 loop_hz=30303 cycle_log_ms=1 n_cycle=4 cc=0 cc_hz=0 cc_i_tgt=0.6500 cc_u=2.7107 cc_r=4.1702 cc_tau_ms=7.00
[  15.936] [ADC1]
[  15.936] STATUS alarm(s):
[  15.936] GAH_ALM PGAD_ALM
[  16.253] [STATUS] t_ms=35676 hwm=5 cap=256 dropped=0 dropped_total=624 crc_err=0 crc_err_total=0 rate1=511 rate2=512 prod1=511 prod2=512 dac_err=0 tx_drop=377 hb_ms=0 sma_state=6 m7_us=36739352 m4_us=34544508 vdd=5.067 offset=0.5000 aref=3.145 loop_us_avg=33 loop_us_max=4930 loop_hz=30303 cycle_log_ms=1 n_cycle=4 cc=0 cc_hz=0 cc_i_tgt=0.6500 cc_u=2.7107 cc_r=4.1702 cc_tau_ms=7.00
[  16.943] [ADC1]
[  16.943] STATUS alarm(s): 0
[  17.259] [STATUS] t_ms=36676 hwm=5 cap=256 dropped=0 dropped_total=624 crc_err=0 crc_err_total=0 rate1=513 rate2=512 prod1=513 prod2=512 dac_err=0 tx_drop=377 hb_ms=0 sma_state=6 m7_us=37771285 m4_us=35577352 vdd=5.067 offset=0.5000 aref=3.145 loop_us_avg=33 loop_us_max=4850 loop_hz=30303 cycle_log_ms=1 n_cycle=4 cc=0 cc_hz=0 cc_i_tgt=0.6500 cc_u=2.7107 cc_r=4.1702 cc_tau_ms=7.00
[  17.944] [A
[  17.944] DC1] STATUS alar
[  17.944] LM PGAH_ALM PGAD
[  17.944] _ALM
[  18.320] [STATUS] t_ms=37676 hwm=4 cap=256 dropped=0 dropped_total=624 crc_err=0 crc_err_total=0 rate1=512 rate2=512 prod1=512 prod2=512 dac_err=0 tx_drop=377 hb_ms=0 sma_state=6 m7_us=38803227 m4_us=36609195 vdd=5.067 offset=0.5000 aref=3.145 loop_us_avg=33 loop_us_max=4932 loop_hz=30303 cycle_log_ms=1 n_cycle=4 cc=0 cc_hz=0 cc_i_tgt=0.6500 cc_u=2.7107 cc_r=4.1702 cc_tau_ms=7.00
[  18.944] GAD_ALM
[  19.319] [STATUS] t_ms=38676 hwm=5 cap=256 dropped=0 dropped_total=624 crc_err=0 crc_err_total=0 rate1=512 rate2=512 prod1=512 prod2=512 dac_err=0 tx_drop=377 hb_ms=0 sma_state=6 m7_us=39835171 m4_us=37641048 vdd=5.067 offset=0.5000 aref=3.145 loop_us_avg=33 loop_us_max=4931 loop_hz=30303 cycle_log_ms=1 n_cycle=4 cc=0 cc_hz=0 cc_i_tgt=0.6500 cc_u=2.7107 cc_r=4.1702 cc_tau_ms=7.00
[  19.943] [A
[  19.943] DC1] STATUS alar
[  20.382] [STATUS] t_ms=39676 hwm=5 cap=256 dropped=0 dropped_total=624 crc_err=0 crc_err_total=0 rate1=512 rate2=512 prod1=512 prod2=512 dac_err=0 tx_drop=377 hb_ms=0 sma_state=6 m7_us=40867105 m4_us=38672929 vdd=5.067 offset=0.5000 aref=3.145 loop_us_avg=33 loop_us_max=4940 loop_hz=30303 cycle_log_ms=1 n_cycle=4 cc=0 cc_hz=0 cc_i_tgt=0.6500 cc_u=2.7107 cc_r=4.1702 cc_tau_ms=7.00
[  20.949] [ADC1
[  20.949] ] STATUS alarm(s
[  20.949] GAH_ALM PGAD_ALM
[  21.393] [STATUS] t_ms=40676 hwm=5 cap=256 dropped=0 dropped_total=624 crc_err=0 crc_err_total=0 rate1=511 rate2=512 prod1=511 prod2=512 dac_err=0 tx_drop=377 hb_ms=0 sma_state=6 m7_us=41898561 m4_us=39703749 vdd=5.067 offset=0.5000 aref=3.145 loop_us_avg=33 loop_us_max=4959 loop_hz=30303 cycle_log_ms=1 n_cycle=4 cc=0 cc_hz=0 cc_i_tgt=0.6500 cc_u=2.7107 cc_r=4.1702 cc_tau_ms=7.00
[  21.966] [ADC1
[  21.966] ] STATUS alarm(s)
[  22.412] [STATUS] t_ms=41676 hwm=5 cap=256 dropped=0 dropped_total=624 crc_err=0 crc_err_total=0 rate1=513 rate2=512 prod1=513 prod2=512 dac_err=0 tx_drop=377 hb_ms=0 sma_state=6 m7_us=42930512 m4_us=40736580 vdd=5.067 offset=0.5000 aref=3.145 loop_us_avg=33 loop_us_max=4867 loop_hz=30303 cycle_log_ms=1 n_cycle=4 cc=0 cc_hz=0 cc_i_tgt=0.6500 cc_u=2.7107 cc_r=4.1702 cc_tau_ms=7.00
[  22.982] [ADC1
[  22.982] ] STATUS alarm(s)
[  22.982] PGAH_ALM PGAD_AL
[  22.982] M
[  23.484] [STATUS] t_ms=42676 hwm=4 cap=256 dropped=0 dropped_total=624 crc_err=0 crc_err_total=0 rate1=512 rate2=512 prod1=512 prod2=512 dac_err=0 tx_drop=377 hb_ms=0 sma_state=6 m7_us=43962435 m4_us=41768424 vdd=5.067 offset=0.5000 aref=3.145 loop_us_avg=33 loop_us_max=4934 loop_hz=30303 cycle_log_ms=1 n_cycle=4 cc=0 cc_hz=0 cc_i_tgt=0.6500 cc_u=2.7107 cc_r=4.1702 cc_tau_ms=7.00
[  23.987] [A
[  23.987] DC1] STATUS alarm(
[  23.987] LM PGAH_ALM PGAD
[  23.987] _ALM
[  24.489] [STATUS] t_ms=43676 hwm=5 cap=256 dropped=0 dropped_total=624 crc_err=0 crc_err_total=0 rate1=512 rate2=512 prod1=512 prod2=512 dac_err=0 tx_drop=377 hb_ms=0 sma_state=6 m7_us=44994383 m4_us=42800318 vdd=5.067 offset=0.5000 aref=3.145 loop_us_avg=33 loop_us_max=4937 loop_hz=30303 cycle_log_ms=1 n_cycle=4 cc=0 cc_hz=0 cc_i_tgt=0.6500 cc_u=2.7107 cc_r=4.1702 cc_tau_ms=7.00
[  25.496] [STATUS] t_ms=44676 hwm=5 cap=256 dropped=0 dropped_total=624 crc_err=0 crc_err_total=0 rate1=512 rate2=512 prod1=512 prod2=512 dac_err=0 tx_drop=377 hb_ms=0 sma_state=6 m7_us=46026314 m4_us=43832187 vdd=5.067 offset=0.5000 aref=3.145 loop_us_avg=33 loop_us_max=4932 loop_hz=30303 cycle_log_ms=1 n_cycle=4 cc=0 cc_hz=0 cc_i_tgt=0.6500 cc_u=2.7107 cc_r=4.1702 cc_tau_ms=7.00
[  25.999] [ADC1] STATUS
[  25.999] alarm(s): 0x4F
[  26.563] [STATUS] t_ms=45676 hwm=5 cap=256 dropped=0 dropped_total=624 crc_err=0 crc_err_total=0 rate1=511 rate2=512 prod1=511 prod2=512 dac_err=0 tx_drop=377 hb_ms=0 sma_state=6 m7_us=47057850 m4_us=44863029 vdd=5.067 offset=0.5000 aref=3.145 loop_us_avg=33 loop_us_max=4966 loop_hz=30303 cycle_log_ms=1 n_cycle=4 cc=0 cc_hz=0 cc_i_tgt=0.6500 cc_u=2.7107 cc_r=4.1702 cc_tau_ms=7.00
[  27.002] [ADC1] S
[  27.569] [STATUS] t_ms=46676 hwm=5 cap=256 dropped=0 dropped_total=624 crc_err=0 crc_err_total=0 rate1=513 rate2=512 prod1=513 prod2=512 dac_err=0 tx_drop=377 hb_ms=0 sma_state=6 m7_us=48089796 m4_us=45895880 vdd=5.067 offset=0.5000 aref=3.145 loop_us_avg=33 loop_us_max=4862 loop_hz=30303 cycle_log_ms=1 n_cycle=4 cc=0 cc_hz=0 cc_i_tgt=0.6500 cc_u=2.7107 cc_r=4.1702 cc_tau_ms=7.00
[  28.008] [A
[  28.008] DC1] STATUS alar
[  28.008] _ALM PGAH_ALM PGAD_ALM
[  28.640] [STATUS] t_ms=47676 hwm=4 cap=256 dropped=0 dropped_total=624 crc_err=0 crc_err_total=0 rate1=512 rate2=512 prod1=512 prod2=512 dac_err=0 tx_drop=377 hb_ms=0 sma_state=6 m7_us=49121733 m4_us=46927729 vdd=5.067 offset=0.5000 aref=3.145 loop_us_avg=33 loop_us_max=4934 loop_hz=30303 cycle_log_ms=1 n_cycle=4 cc=0 cc_hz=0 cc_i_tgt=0.6500 cc_u=2.7107 cc_r=4.1702 cc_tau_ms=7.00
[  29.015] [ADC1] STAT
[  29.015] US alarm(s): 0x
[  29.015] ALM PGAD_ALM
[  29.639] [STATUS] t_ms=48676 hwm=5 cap=256 dropped=0 dropped_total=624 crc_err=0 crc_err_total=0 rate1=512 rate2=512 prod1=512 prod2=512 dac_err=0 tx_drop=377 hb_ms=0 sma_state=6 m7_us=50153665 m4_us=47959588 vdd=5.067 offset=0.5000 aref=3.145 loop_us_avg=33 loop_us_max=4938 loop_hz=30303 cycle_log_ms=1 n_cycle=4 cc=0 cc_hz=0 cc_i_tgt=0.6500 cc_u=2.7107 cc_r=4.1702 cc_tau_ms=7.00
[  30.707] [STATUS] t_ms=49676 hwm=5 cap=256 dropped=0 dropped_total=624 crc_err=0 crc_err_total=0 rate1=512 rate2=512 prod1=512 prod2=512 dac_err=0 tx_drop=377 hb_ms=0 sma_state=6 m7_us=51185596 m4_us=48991464 vdd=5.067 offset=0.5000 aref=3.145 loop_us_avg=33 loop_us_max=4937 loop_hz=30303 cycle_log_ms=1 n_cycle=4 cc=0 cc_hz=0 cc_i_tgt=0.6500 cc_u=2.7107 cc_r=4.1702 cc_tau_ms=7.00
[  31.020] [ADC1
[  31.020] ] STATUS alarm(s):
[  31.395] [SMA] [ACT] heat n=2/2 I=650.0mA ms=300
[  31.712] [STATUS] t_ms=50676 hwm=5 cap=256 dropped=0 dropped_total=624 crc_err=0 crc_err_total=0 rate1=512 rate2=512 prod1=512 prod2=512 dac_err=0 tx_drop=377 hb_ms=0 sma_state=5 m7_us=52217558 m4_us=50023320 vdd=5.067 offset=0.5000 aref=3.145 loop_us_avg=41 loop_us_max=4948 loop_hz=24390 cycle_log_ms=1 n_cycle=4 cc=1 cc_hz=309 cc_i_tgt=0.6500 cc_u=2.7107 cc_r=4.1702 cc_tau_ms=7.00
[  31.712] [SMA] [ACT] cool n=2/2 I=0.0mA ms=30000
[  32.028] [ADC1
[  32.028] ] STATUS alarm(s):
[  32.028] PGAH_ALM PGAD_AL
[  32.028] M
[  32.721] [STATUS] t_ms=51676 hwm=8 cap=256 dropped=0 dropped_total=624 crc_err=0 crc_err_total=0 rate1=511 rate2=512 prod1=511 prod2=512 dac_err=0 tx_drop=377 hb_ms=0 sma_state=6 m7_us=53248966 m4_us=51054156 vdd=5.067 offset=0.5000 aref=3.145 loop_us_avg=33 loop_us_max=8344 loop_hz=30303 cycle_log_ms=1 n_cycle=4 cc=0 cc_hz=1 cc_i_tgt=0.6500 cc_u=2.7107 cc_r=4.1702 cc_tau_ms=7.00
[  33.035] [ADC1] STATUS al
[  33.795] [STATUS] t_ms=52676 hwm=5 cap=256 dropped=0 dropped_total=624 crc_err=0 crc_err_total=0 rate1=512 rate2=512 prod1=512 prod2=512 dac_err=0 tx_drop=377 hb_ms=0 sma_state=6 m7_us=54280865 m4_us=52086025 vdd=5.067 offset=0.5000 aref=3.145 loop_us_avg=33 loop_us_max=4862 loop_hz=30303 cycle_log_ms=1 n_cycle=4 cc=0 cc_hz=0 cc_i_tgt=0.6500 cc_u=2.7107 cc_r=4.1702 cc_tau_ms=7.00
[  34.048] [ADC1] S
[  34.048] TATUS alarm(s): 0x
[  34.048] _ALM PGAD_ALM
[  34.803] [STATUS] t_ms=53676 hwm=5 cap=256 dropped=0 dropped_total=624 crc_err=0 crc_err_total=0 rate1=513 rate2=512 prod1=513 prod2=512 dac_err=0 tx_drop=377 hb_ms=0 sma_state=6 m7_us=55312830 m4_us=53118897 vdd=5.067 offset=0.5000 aref=3.145 loop_us_avg=33 loop_us_max=4893 loop_hz=30303 cycle_log_ms=1 n_cycle=4 cc=0 cc_hz=0 cc_i_tgt=0.6500 cc_u=2.7107 cc_r=4.1702 cc_tau_ms=7.00
[  35.054] [ADC1] S
[  35.054] TATUS alarm(s):
[  35.054] PGAH_ALM PGAD_A
[  35.871] [STATUS] t_ms=54676 hwm=4 cap=256 dropped=0 dropped_total=624 crc_err=0 crc_err_total=0 rate1=512 rate2=512 prod1=512 prod2=512 dac_err=0 tx_drop=377 hb_ms=0 sma_state=6 m7_us=56344788 m4_us=54150785 vdd=5.067 offset=0.5000 aref=3.145 loop_us_avg=33 loop_us_max=4923 loop_hz=30303 cycle_log_ms=1 n_cycle=4 cc=0 cc_hz=0 cc_i_tgt=0.6500 cc_u=2.7107 cc_r=4.1702 cc_tau_ms=7.00
[  36.876] [STATUS] t_ms=55676 hwm=5 cap=256 dropped=0 dropped_total=624 crc_err=0 crc_err_total=0 rate1=512 rate2=512 prod1=512 prod2=512 dac_err=0 tx_drop=377 hb_ms=0 sma_state=6 m7_us=57376720 m4_us=55182692 vdd=5.067 offset=0.5000 aref=3.145 loop_us_avg=33 loop_us_max=4939 loop_hz=30303 cycle_log_ms=1 n_cycle=4 cc=0 cc_hz=0 cc_i_tgt=0.6500 cc_u=2.7107 cc_r=4.1702 cc_tau_ms=7.00
[  37.066] [ADC1] S
[  37.883] [STATUS] t_ms=56676 hwm=5 cap=256 dropped=0 dropped_total=624 crc_err=0 crc_err_total=0 rate1=512 rate2=512 prod1=512 prod2=512 dac_err=0 tx_drop=377 hb_ms=0 sma_state=6 m7_us=58408659 m4_us=56214593 vdd=5.067 offset=0.5000 aref=3.145 loop_us_avg=33 loop_us_max=4951 loop_hz=30303 cycle_log_ms=1 n_cycle=4 cc=0 cc_hz=0 cc_i_tgt=0.6500 cc_u=2.7107 cc_r=4.1702 cc_tau_ms=7.00
[  38.072] [ADC1]
[  38.072] STATUS alarm(s):
[  38.072] AH_ALM PGAD_ALM
[  38.949] [STATUS] t_ms=57676 hwm=5 cap=256 dropped=0 dropped_total=624 crc_err=0 crc_err_total=0 rate1=512 rate2=512 prod1=512 prod2=512 dac_err=0 tx_drop=377 hb_ms=0 sma_state=6 m7_us=59440602 m4_us=57246526 vdd=5.067 offset=0.5000 aref=3.145 loop_us_avg=33 loop_us_max=4934 loop_hz=30303 cycle_log_ms=1 n_cycle=4 cc=0 cc_hz=0 cc_i_tgt=0.6500 cc_u=2.7107 cc_r=4.1702 cc_tau_ms=7.00
[  39.074] [ADC1]
[  39.074] STATUS alarm(s)
[  39.074] M PGAH_ALM PGAD_
[  39.074] ALM
[  39.947] [STATUS] t_ms=58676 hwm=5 cap=256 dropped=0 dropped_total=624 crc_err=0 crc_err_total=0 rate1=512 rate2=512 prod1=512 prod2=512 dac_err=0 tx_drop=377 hb_ms=0 sma_state=6 m7_us=60472534 m4_us=58278440 vdd=5.067 offset=0.5000 aref=3.145 loop_us_avg=33 loop_us_max=4925 loop_hz=30303 cycle_log_ms=1 n_cycle=4 cc=0 cc_hz=0 cc_i_tgt=0.6500 cc_u=2.7107 cc_r=4.1702 cc_tau_ms=7.00
[  40.134] [ADC1] STATUS alarm(s):
[  40.134] AH_ALM PGAD_ALM
[  41.017] [STATUS] t_ms=59676 hwm=5 cap=256 dropped=0 dropped_total=624 crc_err=0 crc_err_total=0 rate1=512 rate2=512 prod1=512 prod2=512 dac_err=0 tx_drop=377 hb_ms=0 sma_state=6 m7_us=61504469 m4_us=59310366 vdd=5.067 offset=0.5000 aref=3.145 loop_us_avg=33 loop_us_max=4957 loop_hz=30303 cycle_log_ms=1 n_cycle=4 cc=0 cc_hz=0 cc_i_tgt=0.6500 cc_u=2.7107 cc_r=4.1702 cc_tau_ms=7.00
[  42.024] [STATUS] t_ms=60676 hwm=5 cap=256 dropped=0 dropped_total=624 crc_err=0 crc_err_total=0 rate1=512 rate2=512 prod1=512 prod2=512 dac_err=0 tx_drop=377 hb_ms=0 sma_state=6 m7_us=62536420 m4_us=60342280 vdd=5.067 offset=0.5000 aref=3.145 loop_us_avg=33 loop_us_max=4972 loop_hz=30303 cycle_log_ms=1 n_cycle=4 cc=0 cc_hz=0 cc_i_tgt=0.6500 cc_u=2.7107 cc_r=4.1702 cc_tau_ms=7.00
[  42.150] [ADC1] STA
[  43.100] [STATUS] t_ms=61676 hwm=5 cap=256 dropped=0 dropped_total=624 crc_err=0 crc_err_total=0 rate1=511 rate2=512 prod1=511 prod2=512 dac_err=0 tx_drop=377 hb_ms=0 sma_state=6 m7_us=63568000 m4_us=61373196 vdd=5.067 offset=0.5000 aref=3.145 loop_us_avg=33 loop_us_max=4946 loop_hz=30303 cycle_log_ms=1 n_cycle=4 cc=0 cc_hz=0 cc_i_tgt=0.6500 cc_u=2.7107 cc_r=4.1702 cc_tau_ms=7.00
[  43.163] [ADC
[  44.108] [STATUS] t_ms=62676 hwm=5 cap=256 dropped=0 dropped_total=624 crc_err=0 crc_err_total=0 rate1=512 rate2=512 prod1=512 prod2=512 dac_err=0 tx_drop=377 hb_ms=0 sma_state=6 m7_us=64599983 m4_us=62405161 vdd=5.067 offset=0.5000 aref=3.145 loop_us_avg=33 loop_us_max=4854 loop_hz=30303 cycle_log_ms=1 n_cycle=4 cc=0 cc_hz=0 cc_i_tgt=0.6500 cc_u=2.7107 cc_r=4.1702 cc_tau_ms=7.00
[  44.172] [A
[  44.172] DC1] STATUS ala
[  45.111] [STATUS] t_ms=63676 hwm=5 cap=256 dropped=0 dropped_total=624 crc_err=0 crc_err_total=0 rate1=512 rate2=512 prod1=512 prod2=512 dac_err=0 tx_drop=377 hb_ms=0 sma_state=6 m7_us=65631964 m4_us=63437145 vdd=5.067 offset=0.5000 aref=3.145 loop_us_avg=33 loop_us_max=4857 loop_hz=30303 cycle_log_ms=1 n_cycle=4 cc=0 cc_hz=0 cc_i_tgt=0.6500 cc_u=2.7107 cc_r=4.1702 cc_tau_ms=7.00
[  45.175] [ADC1]
[  45.175] STATUS alarm(s):
[  45.175] GAH_ALM PGAD_ALM
[  46.182] [ADC1]
[  46.182] STATUS alarm(s):
[  46.182] PGAH_ALM PGAD_ALM
[  46.182] [STATUS] t_ms=64676 hwm=5 cap=256 dropped=0 dropped_total=624 crc_err=0 crc_err_total=0 rate1=512 rate2=512 prod1=512 prod2=512 dac_err=0 tx_drop=377 hb_ms=0 sma_state=6 m7_us=66663943 m4_us=64469138 vdd=5.067 offset=0.5000 aref=3.145 loop_us_avg=33 loop_us_max=4887 loop_hz=30303 cycle_log_ms=1 n_cycle=4 cc=0 cc_hz=0 cc_i_tgt=0.6500 cc_u=2.7107 cc_r=4.1702 cc_tau_ms=7.00
[  47.188] M PGAH_ALM PGAD_A
[  47.188] [STATUS] t_ms=65676 hwm=5 cap=256 dropped=0 dropped_total=624 crc_err=0 crc_err_total=0 rate1=512 rate2=512 prod1=512 prod2=512 dac_err=0 tx_drop=377 hb_ms=0 sma_state=6 m7_us=67695944 m4_us=65501135 vdd=5.067 offset=0.5000 aref=3.145 loop_us_avg=33 loop_us_max=4881 loop_hz=30303 cycle_log_ms=1 n_cycle=4 cc=0 cc_hz=0 cc_i_tgt=0.6500 cc_u=2.7107 cc_r=4.1702 cc_tau_ms=7.00
[  48.198] [STATUS] t_ms=66676 hwm=5 cap=256 dropped=0 dropped_total=624 crc_err=0 crc_err_total=0 rate1=512 rate2=512 prod1=512 prod2=512 dac_err=0 tx_drop=377 hb_ms=0 sma_state=6 m7_us=68727949 m4_us=66533145 vdd=5.067 offset=0.5000 aref=3.145 loop_us_avg=33 loop_us_max=4863 loop_hz=30303 cycle_log_ms=1 n_cycle=4 cc=0 cc_hz=0 cc_i_tgt=0.6500 cc_u=2.7107 cc_r=4.1702 cc_tau_ms=7.00
[  49.211] [ADC1] STA
[  49.274] [STATUS] t_ms=67676 hwm=5 cap=256 dropped=0 dropped_total=624 crc_err=0 crc_err_total=0 rate1=512 rate2=512 prod1=512 prod2=512 dac_err=0 tx_drop=377 hb_ms=0 sma_state=6 m7_us=69759911 m4_us=67565106 vdd=5.067 offset=0.5000 aref=3.145 loop_us_avg=33 loop_us_max=4864 loop_hz=30303 cycle_log_ms=1 n_cycle=4 cc=0 cc_hz=0 cc_i_tgt=0.6500 cc_u=2.7107 cc_r=4.1702 cc_tau_ms=7.00
[  50.089] [ADC2] che
[  50.089] cksum mismatch (status=0x7B)
[  50.216] [AD
[  50.216] C1] STATUS alarm
[  50.216] ALM PGAH_ALM PGAD_ALM
[  50.277] [STATUS] t_ms=68676 hwm=5 cap=256 dropped=0 dropped_total=624 crc_err=1 crc_err_total=1 rate1=512 rate2=511 prod1=512 prod2=511 dac_err=0 tx_drop=377 hb_ms=0 sma_state=6 m7_us=70791875 m4_us=68597058 vdd=5.067 offset=0.5000 aref=3.145 loop_us_avg=33 loop_us_max=4858 loop_hz=30303 cycle_log_ms=1 n_cycle=4 cc=0 cc_hz=0 cc_i_tgt=0.6500 cc_u=2.7107 cc_r=4.1702 cc_tau_ms=7.00
[  51.221] [ADC1]
[  51.221] STATUS alarm(s): 0
[  51.221] AH_ALM PGAD_ALM
[  51.347] [STATUS] t_ms=69676 hwm=5 cap=256 dropped=0 dropped_total=624 crc_err=0 crc_err_total=1 rate1=512 rate2=512 prod1=512 prod2=512 dac_err=0 tx_drop=377 hb_ms=0 sma_state=6 m7_us=71823824 m4_us=69629020 vdd=5.067 offset=0.5000 aref=3.145 loop_us_avg=33 loop_us_max=4862 loop_hz=30303 cycle_log_ms=1 n_cycle=4 cc=0 cc_hz=0 cc_i_tgt=0.6500 cc_u=2.7107 cc_r=4.1702 cc_tau_ms=7.00
[  52.225] [AD
[  52.225] C1] STATUS alarm(
[  52.225] M PGAH_ALM PGAD_AL
[  52.225] M
[  52.350] [STATUS] t_ms=70676 hwm=5 cap=256 dropped=0 dropped_total=624 crc_err=0 crc_err_total=1 rate1=512 rate2=512 prod1=512 prod2=512 dac_err=0 tx_drop=377 hb_ms=0 sma_state=6 m7_us=72855819 m4_us=70661017 vdd=5.067 offset=0.5000 aref=3.145 loop_us_avg=33 loop_us_max=4863 loop_hz=30303 cycle_log_ms=1 n_cycle=4 cc=0 cc_hz=0 cc_i_tgt=0.6500 cc_u=2.7107 cc_r=4.1702 cc_tau_ms=7.00
[  53.361] [STATUS] t_ms=71676 hwm=5 cap=256 dropped=0 dropped_total=624 crc_err=0 crc_err_total=1 rate1=512 rate2=512 prod1=512 prod2=512 dac_err=0 tx_drop=377 hb_ms=0 sma_state=6 m7_us=73887801 m4_us=71692985 vdd=5.067 offset=0.5000 aref=3.145 loop_us_avg=33 loop_us_max=4850 loop_hz=30303 cycle_log_ms=1 n_cycle=4 cc=0 cc_hz=0 cc_i_tgt=0.6500 cc_u=2.7107 cc_r=4.1702 cc_tau_ms=7.00
[  54.250] [ADC1] STA
[  54.438] [STATUS] t_ms=72676 hwm=5 cap=256 dropped=0 dropped_total=624 crc_err=0 crc_err_total=1 rate1=512 rate2=512 prod1=512 prod2=512 dac_err=0 tx_drop=377 hb_ms=0 sma_state=6 m7_us=74919754 m4_us=72724940 vdd=5.067 offset=0.5000 aref=3.145 loop_us_avg=33 loop_us_max=4848 loop_hz=30303 cycle_log_ms=1 n_cycle=4 cc=0 cc_hz=0 cc_i_tgt=0.6500 cc_u=2.7107 cc_r=4.1702 cc_tau_ms=7.00
[  55.200] [ADC1] ST
[  55.200] ATUS alarm(s): 0x
[  55.449] [STATUS] t_ms=73676 hwm=5 cap=256 dropped=0 dropped_total=624 crc_err=0 crc_err_total=1 rate1=512 rate2=512 prod1=512 prod2=512 dac_err=0 tx_drop=377 hb_ms=0 sma_state=6 m7_us=75951721 m4_us=73756914 vdd=5.067 offset=0.5000 aref=3.145 loop_us_avg=33 loop_us_max=4866 loop_hz=30303 cycle_log_ms=1 n_cycle=4 cc=0 cc_hz=0 cc_i_tgt=0.6500 cc_u=2.7107 cc_r=4.1702 cc_tau_ms=7.00
[  56.262] [
[  56.262] ADC1] STATUS alar
[  56.262] LM PGAH_ALM PGAD
[  56.262] _ALM
[  56.512] [STATUS] t_ms=74676 hwm=5 cap=256 dropped=0 dropped_total=624 crc_err=0 crc_err_total=1 rate1=512 rate2=512 prod1=512 prod2=512 dac_err=0 tx_drop=377 hb_ms=0 sma_state=6 m7_us=76983720 m4_us=74788911 vdd=5.067 offset=0.5000 aref=3.145 loop_us_avg=33 loop_us_max=4856 loop_hz=30303 cycle_log_ms=1 n_cycle=4 cc=0 cc_hz=0 cc_i_tgt=0.6500 cc_u=2.7107 cc_r=4.1702 cc_tau_ms=7.00
[  57.263] [AD
[  57.263] C1] STATUS alar
[  57.263] ALM PGAH_ALM PGA
[  57.263] D_ALM
[  57.513] [STATUS] t_ms=75676 hwm=5 cap=256 dropped=0 dropped_total=624 crc_err=0 crc_err_total=1 rate1=512 rate2=512 prod1=512 prod2=512 dac_err=0 tx_drop=377 hb_ms=0 sma_state=6 m7_us=78015723 m4_us=75820908 vdd=5.067 offset=0.5000 aref=3.145 loop_us_avg=33 loop_us_max=4852 loop_hz=30303 cycle_log_ms=1 n_cycle=4 cc=0 cc_hz=0 cc_i_tgt=0.6500 cc_u=2.7107 cc_r=4.1702 cc_tau_ms=7.00
[  58.269] GAH_ALM PGAD_AL
[  58.269] M
[  58.521] [STATUS] t_ms=76676 hwm=5 cap=256 dropped=0 dropped_total=624 crc_err=0 crc_err_total=1 rate1=512 rate2=512 prod1=512 prod2=512 dac_err=0 tx_drop=377 hb_ms=0 sma_state=6 m7_us=79047750 m4_us=76852924 vdd=5.067 offset=0.5000 aref=3.145 loop_us_avg=33 loop_us_max=4851 loop_hz=30303 cycle_log_ms=1 n_cycle=4 cc=0 cc_hz=0 cc_i_tgt=0.6500 cc_u=2.7107 cc_r=4.1702 cc_tau_ms=7.00
[  59.277] [A
[  59.592] [STATUS] t_ms=77676 hwm=5 cap=256 dropped=0 dropped_total=624 crc_err=0 crc_err_total=1 rate1=512 rate2=512 prod1=512 prod2=512 dac_err=0 tx_drop=377 hb_ms=0 sma_state=6 m7_us=80079719 m4_us=77884889 vdd=5.067 offset=0.5000 aref=3.145 loop_us_avg=33 loop_us_max=4864 loop_hz=30303 cycle_log_ms=1 n_cycle=4 cc=0 cc_hz=0 cc_i_tgt=0.6500 cc_u=2.7107 cc_r=4.1702 cc_tau_ms=7.00
[  60.279] [ADC1] STA
[  60.279] TUS alarm(s): 0x4
[  60.594] [STATUS] t_ms=78676 hwm=5 cap=256 dropped=0 dropped_total=624 crc_err=0 crc_err_total=1 rate1=512 rate2=512 prod1=512 prod2=512 dac_err=0 tx_drop=377 hb_ms=0 sma_state=6 m7_us=81111694 m4_us=78916873 vdd=5.067 offset=0.5000 aref=3.145 loop_us_avg=33 loop_us_max=4891 loop_hz=30303 cycle_log_ms=1 n_cycle=4 cc=0 cc_hz=0 cc_i_tgt=0.6500 cc_u=2.7107 cc_r=4.1702 cc_tau_ms=7.00
[  61.286] [A
[  61.286] DC1] STATUS alarm
[  61.286] PGAH_ALM PGAD_ALM
[  61.667] [STATUS] t_ms=79676 hwm=5 cap=256 dropped=0 dropped_total=624 crc_err=0 crc_err_total=1 rate1=512 rate2=512 prod1=512 prod2=512 dac_err=0 tx_drop=377 hb_ms=0 sma_state=6 m7_us=82143656 m4_us=79948850 vdd=5.067 offset=0.5000 aref=3.145 loop_us_avg=33 loop_us_max=4863 loop_hz=30303 cycle_log_ms=1 n_cycle=4 cc=0 cc_hz=0 cc_i_tgt=0.6500 cc_u=2.7107 cc_r=4.1702 cc_tau_ms=7.00
[  62.296] [A
[  62.296] DC1] STATUS ala
[  62.296] _ALM PGAH_ALM PGA
[  62.296] D_ALM
[  62.673] [STATUS] t_ms=80676 hwm=5 cap=256 dropped=0 dropped_total=624 crc_err=0 crc_err_total=1 rate1=512 rate2=512 prod1=512 prod2=512 dac_err=0 tx_drop=377 hb_ms=0 sma_state=6 m7_us=83175581 m4_us=80980770 vdd=5.067 offset=0.5000 aref=3.145 loop_us_avg=33 loop_us_max=4860 loop_hz=30303 cycle_log_ms=1 n_cycle=4 cc=0 cc_hz=0 cc_i_tgt=0.6500 cc_u=2.7107 cc_r=4.1702 cc_tau_ms=7.00
[  62.673] [SMA] [ACT] -> idle (done) after 2 cycle(s); still armed
[  63.297] [ADC1]
[  63.297] STATUS alarm(s): 0
[  63.297] H_ALM PGAD_ALM
