2026-07-06 19:36:33,670  INFO   root                Session: console_20260706_193633
2026-07-06 19:36:33,670  INFO   root                Output:  C:\Users\yilin\Documents\GitHubRepo_Research\MicroTensileMachine\MicroTensileMachine\Experiment_SMAThermalCharacterization\data\console_20260706_193633
2026-07-06 19:36:33,670  INFO   root                Config:  C:\Users\yilin\Documents\GitHubRepo_Research\MicroTensileMachine\MicroTensileMachine\Experiment_SMAThermalCharacterization\config.yaml  headless=False
2026-07-06 19:36:34,367  ERROR  H7Worker            H7 worker crashed: could not open port 'COM8': FileNotFoundError(2, 'The system cannot find the file specified.', None, 2)
Traceback (most recent call last):
  File "c:\Users\yilin\Documents\GitHubRepo_Research\MicroTensileMachine\MicroTensileMachine\Experiment_SMAThermalCharacterization\workers.py", line 232, in run
    self._main_loop()
  File "c:\Users\yilin\Documents\GitHubRepo_Research\MicroTensileMachine\MicroTensileMachine\Experiment_SMAThermalCharacterization\workers.py", line 251, in _main_loop
    with reader:
         ^^^^^^
  File "C:\Users\yilin\Documents\GitHubRepo_Research\MicroTensileMachine\MicroTensileMachine\Calibrate_LaserHead\portenta_reader.py", line 330, in __enter__
    self.open()
  File "C:\Users\yilin\Documents\GitHubRepo_Research\MicroTensileMachine\MicroTensileMachine\Calibrate_LaserHead\portenta_reader.py", line 284, in open
    self._ser = serial.Serial(
                ^^^^^^^^^^^^^^
  File "C:\Users\yilin\AppData\Local\Programs\Python\Python312\Lib\site-packages\serial\serialwin32.py", line 33, in __init__
    super(Serial, self).__init__(*args, **kwargs)
  File "C:\Users\yilin\AppData\Local\Programs\Python\Python312\Lib\site-packages\serial\serialutil.py", line 244, in __init__
    self.open()
  File "C:\Users\yilin\AppData\Local\Programs\Python\Python312\Lib\site-packages\serial\serialwin32.py", line 64, in open
    raise SerialException("could not open port {!r}: {!r}".format(self.portstr, ctypes.WinError()))
serial.serialutil.SerialException: could not open port 'COM8': FileNotFoundError(2, 'The system cannot find the file specified.', None, 2)
2026-07-06 19:36:34,372  INFO   H7Worker            H7 worker exit  (pushed=0, dropped=0, filtered=0)
2026-07-06 19:36:35,629  INFO   Driver_ZaberStage   Configuration saved to zaber_config.json
2026-07-06 19:36:35,660  INFO   Driver_ZaberStage   Connected to X-LSQ300A-E01 on COM5
2026-07-06 19:36:35,708  INFO   ZaberWorker         Zaber ready: DeviceInfo(port='COM5', device_id=50138, serial_number='143153', name='X-LSQ300A-E01', firmware_version='7.48.24004', device_type='Linear Stage', axis_count=1)
2026-07-06 19:36:42,147  INFO   CameraWorker        Camera ready: cam[1] 1280x720 MJPG
2026-07-06 19:36:42,379  INFO   RecordingCore       Running 10.0 s full system check...
2026-07-06 19:36:42,380  WARNING  RecordingCore       HEALTH: stage parked at 150.00 mm, outside the workflow window [5.0, 40.0] — move it into range before actuating
2026-07-06 19:36:42,380  WARNING  RecordingCore       health H7    FAIL (0) — worker error SerialException("could not open port 'COM8': FileNotFoundError(2, 'The system cannot find the file specified.', None, 2)")
2026-07-06 19:36:42,380  INFO   RecordingCore       health stage PASS (329) — 329 reads, pos~150.00 mm (outside [5.0, 40.0] — move into range)
2026-07-06 19:36:45,161  WARNING  RecordingCore       HEALTH WARNING: H7 silent 1.0s — no new samples (critical; other instruments still recording)
2026-07-06 19:36:47,164  WARNING  PortentaReader      send_command('disarm') ignored — port not open
2026-07-06 19:36:47,233  WARNING  PortentaReader      send_command('disarm') ignored — port not open
2026-07-06 19:36:47,296  WARNING  PortentaReader      send_command('disarm') ignored — port not open
2026-07-06 19:36:47,358  WARNING  PortentaReader      send_command('disarm') ignored — port not open
2026-07-06 19:36:47,418  WARNING  PortentaReader      send_command('disarm') ignored — port not open
2026-07-06 19:36:47,481  WARNING  PortentaReader      send_command('disarm') ignored — port not open
2026-07-06 19:36:47,545  WARNING  PortentaReader      send_command('disarm') ignored — port not open
2026-07-06 19:36:47,600  WARNING  PortentaReader      send_command('disarm') ignored — port not open
2026-07-06 19:36:47,668  WARNING  PortentaReader      send_command('disarm') ignored — port not open
2026-07-06 19:36:47,732  WARNING  PortentaReader      send_command('disarm') ignored — port not open
2026-07-06 19:36:47,793  WARNING  PortentaReader      send_command('disarm') ignored — port not open
2026-07-06 19:36:47,856  WARNING  PortentaReader      send_command('disarm') ignored — port not open
2026-07-06 19:36:47,917  WARNING  PortentaReader      send_command('disarm') ignored — port not open
2026-07-06 19:36:47,978  WARNING  PortentaReader      send_command('disarm') ignored — port not open
2026-07-06 19:36:48,039  WARNING  PortentaReader      send_command('disarm') ignored — port not open
2026-07-06 19:36:48,099  WARNING  PortentaReader      send_command('disarm') ignored — port not open
2026-07-06 19:36:48,161  WARNING  PortentaReader      send_command('disarm') ignored — port not open
2026-07-06 19:36:48,223  WARNING  PortentaReader      send_command('disarm') ignored — port not open
2026-07-06 19:36:48,286  WARNING  PortentaReader      send_command('disarm') ignored — port not open
2026-07-06 19:36:48,361  WARNING  PortentaReader      send_command('disarm') ignored — port not open
2026-07-06 19:36:48,425  WARNING  PortentaReader      send_command('disarm') ignored — port not open
2026-07-06 19:36:48,473  WARNING  PortentaReader      send_command('disarm') ignored — port not open
2026-07-06 19:36:48,545  WARNING  PortentaReader      send_command('disarm') ignored — port not open
2026-07-06 19:36:48,610  WARNING  PortentaReader      send_command('disarm') ignored — port not open
2026-07-06 19:36:48,673  WARNING  PortentaReader      send_command('disarm') ignored — port not open
2026-07-06 19:36:48,734  WARNING  PortentaReader      send_command('disarm') ignored — port not open
2026-07-06 19:36:48,797  WARNING  PortentaReader      send_command('disarm') ignored — port not open
2026-07-06 19:36:48,859  WARNING  PortentaReader      send_command('disarm') ignored — port not open
2026-07-06 19:36:48,922  WARNING  PortentaReader      send_command('disarm') ignored — port not open
2026-07-06 19:36:48,983  WARNING  PortentaReader      send_command('disarm') ignored — port not open
2026-07-06 19:36:49,045  WARNING  PortentaReader      send_command('disarm') ignored — port not open
2026-07-06 19:36:49,107  WARNING  PortentaReader      send_command('disarm') ignored — port not open
2026-07-06 19:36:49,168  WARNING  PortentaReader      send_command('disarm') ignored — port not open
2026-07-06 19:36:49,231  WARNING  PortentaReader      send_command('disarm') ignored — port not open
2026-07-06 19:36:49,292  WARNING  PortentaReader      send_command('disarm') ignored — port not open
2026-07-06 19:36:49,354  WARNING  PortentaReader      send_command('disarm') ignored — port not open
2026-07-06 19:36:49,416  WARNING  PortentaReader      send_command('disarm') ignored — port not open
2026-07-06 19:36:49,478  WARNING  PortentaReader      send_command('disarm') ignored — port not open
2026-07-06 19:36:49,541  WARNING  PortentaReader      send_command('disarm') ignored — port not open
2026-07-06 19:36:49,599  WARNING  PortentaReader      send_command('disarm') ignored — port not open
2026-07-06 19:36:49,665  WARNING  PortentaReader      send_command('disarm') ignored — port not open
2026-07-06 19:36:49,726  WARNING  PortentaReader      send_command('disarm') ignored — port not open
2026-07-06 19:36:49,789  WARNING  PortentaReader      send_command('disarm') ignored — port not open
2026-07-06 19:36:49,851  WARNING  PortentaReader      send_command('disarm') ignored — port not open
2026-07-06 19:36:49,913  WARNING  PortentaReader      send_command('disarm') ignored — port not open
2026-07-06 19:36:49,975  WARNING  PortentaReader      send_command('disarm') ignored — port not open
2026-07-06 19:36:50,036  WARNING  PortentaReader      send_command('disarm') ignored — port not open
2026-07-06 19:36:50,099  WARNING  PortentaReader      send_command('disarm') ignored — port not open
2026-07-06 19:36:50,163  WARNING  PortentaReader      send_command('disarm') ignored — port not open
2026-07-06 19:36:50,223  WARNING  PortentaReader      send_command('disarm') ignored — port not open
2026-07-06 19:36:50,286  WARNING  PortentaReader      send_command('disarm') ignored — port not open
2026-07-06 19:36:50,348  WARNING  PortentaReader      send_command('disarm') ignored — port not open
2026-07-06 19:36:50,411  WARNING  PortentaReader      send_command('disarm') ignored — port not open
2026-07-06 19:36:50,473  WARNING  PortentaReader      send_command('disarm') ignored — port not open
2026-07-06 19:36:50,551  WARNING  PortentaReader      send_command('disarm') ignored — port not open
2026-07-06 19:36:50,628  WARNING  PortentaReader      send_command('disarm') ignored — port not open
2026-07-06 19:36:50,677  WARNING  PortentaReader      send_command('disarm') ignored — port not open
2026-07-06 19:36:50,750  WARNING  PortentaReader      send_command('disarm') ignored — port not open
2026-07-06 19:36:50,811  WARNING  PortentaReader      send_command('disarm') ignored — port not open
2026-07-06 19:36:50,868  WARNING  PortentaReader      send_command('disarm') ignored — port not open
2026-07-06 19:36:50,928  WARNING  PortentaReader      send_command('disarm') ignored — port not open
2026-07-06 19:36:50,996  WARNING  PortentaReader      send_command('disarm') ignored — port not open
2026-07-06 19:36:51,055  WARNING  PortentaReader      send_command('disarm') ignored — port not open
2026-07-06 19:36:51,121  WARNING  PortentaReader      send_command('disarm') ignored — port not open
2026-07-06 19:36:51,183  WARNING  PortentaReader      send_command('disarm') ignored — port not open
2026-07-06 19:36:51,243  WARNING  PortentaReader      send_command('disarm') ignored — port not open
2026-07-06 19:36:51,305  WARNING  PortentaReader      send_command('disarm') ignored — port not open
2026-07-06 19:36:51,368  WARNING  PortentaReader      send_command('disarm') ignored — port not open
2026-07-06 19:36:51,430  WARNING  PortentaReader      send_command('disarm') ignored — port not open
2026-07-06 19:36:51,493  WARNING  PortentaReader      send_command('disarm') ignored — port not open
2026-07-06 19:36:51,554  WARNING  PortentaReader      send_command('disarm') ignored — port not open
2026-07-06 19:36:51,615  WARNING  PortentaReader      send_command('disarm') ignored — port not open
2026-07-06 19:36:51,678  WARNING  PortentaReader      send_command('disarm') ignored — port not open
2026-07-06 19:36:51,740  WARNING  PortentaReader      send_command('disarm') ignored — port not open
2026-07-06 19:36:51,802  WARNING  PortentaReader      send_command('disarm') ignored — port not open
2026-07-06 19:36:51,865  WARNING  PortentaReader      send_command('disarm') ignored — port not open
2026-07-06 19:36:51,927  WARNING  PortentaReader      send_command('disarm') ignored — port not open
2026-07-06 19:36:52,031  WARNING  PortentaReader      send_command('disarm') ignored — port not open
2026-07-06 19:36:52,037  WARNING  PortentaReader      send_command('disarm') ignored — port not open
2026-07-06 19:36:52,238  INFO   Driver_ZaberStage   Disconnected
2026-07-06 19:36:52,238  INFO   ZaberWorker         Zaber worker exit  (pushed=800, dropped=0)
2026-07-06 19:36:52,438  INFO   CameraWorker        Camera worker exit (written=0)
2026-07-06 19:36:52,462  INFO   RecordingCore       Wrote C:\Users\yilin\Documents\GitHubRepo_Research\MicroTensileMachine\MicroTensileMachine\Experiment_SMAThermalCharacterization\data\console_20260706_193633\meta.json
