2026-07-15 18:53:37,271  INFO   root                Session: console_20260715_185337
2026-07-15 18:53:37,272  INFO   root                Output:  C:\Users\yilin\Documents\GitHubRepo_Research\MicroTensileMachine\MicroTensileMachine\Experiment_SMAThermalCharacterization\data\console_20260715_185337
2026-07-15 18:53:37,272  INFO   root                Config:  C:\Users\yilin\Documents\GitHubRepo_Research\MicroTensileMachine\MicroTensileMachine\Experiment_SMAThermalCharacterization\config.yaml  headless=False
2026-07-15 18:53:37,976  INFO   H7Worker            H7 reader thread pinned: priority=above_normal core=31
2026-07-15 18:53:37,980  INFO   PortentaReader      Requested RX buffer 4.0 MB (driver may cap it)
2026-07-15 18:53:37,980  INFO   PortentaReader      Opened COM8 @ 115200 baud, waiting 4.0s for firmware boot...
2026-07-15 18:53:37,984  INFO   PortentaReader      boot banner (1 lines):
2026-07-15 18:53:37,984  INFO   PortentaReader        26877	1	2107470966	4.906838	27197776	11449
2026-07-15 18:53:37,985  INFO   CameraProxy         camera process started (pid=189112)
2026-07-15 18:53:39,234  INFO   Driver_ZaberStage   Configuration saved to zaber_config.json
2026-07-15 18:53:39,266  INFO   Driver_ZaberStage   Connected to X-LSQ300A-E01 on COM5
2026-07-15 18:53:39,266  INFO   ZaberWorker         Zaber ready: DeviceInfo(port='COM5', device_id=50138, serial_number='143153', name='X-LSQ300A-E01', firmware_version='7.48.24004', device_type='Linear Stage', axis_count=1)
2026-07-15 18:53:39,974  INFO   H7Worker            H7 ready: port=COM8 baud=115200 channels=['laser', 'load', 'sma_i', 'sma_r', 'sma_v']
2026-07-15 18:53:39,975  INFO   RecordingCore       Running 10.0 s full system check...
2026-07-15 18:53:40,025  INFO   RecordingCore       health H7    PASS (55) — combined firmware, 55 samples
2026-07-15 18:53:40,025  INFO   RecordingCore       health stage PASS (38) — 38 reads, pos~80.00 mm
2026-07-15 18:55:20,102  INFO   RecordingCore       Recording STARTED
2026-07-15 18:56:25,948  ERROR  Driver_ZaberStage   Move to position failed: MovementFailedException: Movement may have failed because fault was observed: Stalled and Stopped (FS).
2026-07-15 18:56:41,745  INFO   H7Worker            H7 worker exit  (pushed=209152, dropped=0, filtered=0)
2026-07-15 18:56:41,938  INFO   Driver_ZaberStage   Disconnected
2026-07-15 18:56:41,938  INFO   ZaberWorker         Zaber worker exit  (pushed=8678, dropped=0)
2026-07-15 18:56:42,124  INFO   RecordingCore       Wrote C:\Users\yilin\Documents\GitHubRepo_Research\MicroTensileMachine\MicroTensileMachine\Experiment_SMAThermalCharacterization\data\console_20260715_185337\meta.json
