[   0.065] [SMA] ARMED (MOSFET on); idle=0.500 V
[   0.065] M
[   0.065] [A
[   0.065] DC1] STATUS alarm(
[   0.066] [STATUS] t_ms=550481 hwm=71 cap=256 dropped=0 dropped_total=8323 crc_err=0 crc_err_total=0 rate1=507 rate2=506 prod1=511 prod2=510 dac_err=0 tx_drop=43203 hb_ms=0 sma_state=0 m7_us=567923446 m4_us=565721087 vdd=5.067 offset=0.5000 aref=3.145 loop_us_avg=23 loop_us_max=71678 loop_hz=43478 cycle_log_ms=1 n_cycle=4 cc=0 cc_hz=0 cc_i_tgt=0.1000 cc_u=0.5021 cc_r=4.8733 cc_tau_ms=7.00
[   0.562] M
[   0.562] [A
[   0.562] DC1] STATUS al
[   0.562] arm(s): 0xC9 PG
[   0.562] AL_AL
[   1.061] [STATUS] t_ms=551481 hwm=12 cap=256 dropped=0 dropped_total=8323 crc_err=0 crc_err_total=0 rate1=516 rate2=515 prod1=512 prod2=512 dac_err=0 tx_drop=43203 hb_ms=0 sma_state=0 m7_us=568955296 m4_us=566761164 vdd=5.067 offset=0.5000 aref=3.145 loop_us_avg=22 loop_us_max=5976 loop_hz=45454 cycle_log_ms=1 n_cycle=4 cc=0 cc_hz=0 cc_i_tgt=0.1000 cc_u=0.5021 cc_r=4.8733 cc_tau_ms=7.00
[   1.556] M
[   1.556] [
[   1.556] ADC1] STATUS alarm
[   1.556] L
[   0.062] [SMA] [CC] start i_high=850.0mA i_low=100.0mA t_high=300 t_idle=25000 n=6 (0=cont) tau_ms=7.0 wdt_ms=5000
[   0.062] [SMA] [ACT] heat n=1/6 I=850.0mA ms=300
[   0.062] [STATUS] t_ms=552481 hwm=4 cap=256 dropped=0 dropped_total=8323 crc_err=0 crc_err_total=0 rate1=512 rate2=512 prod1=512 prod2=512 dac_err=0 tx_drop=43203 hb_ms=0 sma_state=5 m7_us=569987959 m4_us=567793215 vdd=5.067 offset=0.5000 aref=3.145 loop_us_avg=22 loop_us_max=4631 loop_hz=45454 cycle_log_ms=1 n_cycle=4 cc=1 cc_hz=6 cc_i_tgt=0.8500 cc_u=0.5375 cc_r=0.0000 cc_tau_ms=7.00
[   0.312] [SMA] [ACT] cool n=1/6 I=100.0mA ms=25000
[   0.502] M
[   0.502] [ADC
[   0.502] 1] STATUS alarm(s):
[   1.071] [STATUS] t_ms=553481 hwm=6 cap=256 dropped=0 dropped_total=8323 crc_err=0 crc_err_total=0 rate1=512 rate2=512 prod1=512 prod2=512 dac_err=0 tx_drop=43203 hb_ms=0 sma_state=6 m7_us=571019985 m4_us=568825237 vdd=5.067 offset=0.5000 aref=3.145 loop_us_avg=87 loop_us_max=5336 loop_hz=11494 cycle_log_ms=1 n_cycle=4 cc=1 cc_hz=1026 cc_i_tgt=0.1000 cc_u=0.8455 cc_r=0.0000 cc_tau_ms=7.00
[   1.516] M
[   2.083] [STATUS] t_ms=554481 hwm=6 cap=256 dropped=0 dropped_total=8323 crc_err=0 crc_err_total=0 rate1=512 rate2=512 prod1=512 prod2=512 dac_err=0 tx_drop=43203 hb_ms=0 sma_state=6 m7_us=572051948 m4_us=569857183 vdd=5.067 offset=0.5000 aref=3.145 loop_us_avg=93 loop_us_max=5339 loop_hz=10752 cycle_log_ms=1 n_cycle=4 cc=1 cc_hz=1027 cc_i_tgt=0.1000 cc_u=0.5000 cc_r=5.0648 cc_tau_ms=7.00
[   2.525] M
[   3.157] [STATUS] t_ms=555481 hwm=6 cap=256 dropped=0 dropped_total=8323 crc_err=0 crc_err_total=0 rate1=512 rate2=512 prod1=512 prod2=512 dac_err=0 tx_drop=43203 hb_ms=0 sma_state=6 m7_us=573083186 m4_us=570889029 vdd=5.067 offset=0.5000 aref=3.145 loop_us_avg=94 loop_us_max=5417 loop_hz=10638 cycle_log_ms=1 n_cycle=4 cc=1 cc_hz=1026 cc_i_tgt=0.1000 cc_u=0.5038 cc_r=4.9520 cc_tau_ms=7.00
[   3.538] M
[   4.171] [STATUS] t_ms=556481 hwm=5 cap=256 dropped=0 dropped_total=8323 crc_err=0 crc_err_total=0 rate1=512 rate2=512 prod1=512 prod2=512 dac_err=0 tx_drop=43203 hb_ms=0 sma_state=6 m7_us=574115622 m4_us=571920841 vdd=5.067 offset=0.5000 aref=3.145 loop_us_avg=93 loop_us_max=5325 loop_hz=10752 cycle_log_ms=1 n_cycle=4 cc=1 cc_hz=1026 cc_i_tgt=0.1000 cc_u=0.5042 cc_r=4.8445 cc_tau_ms=7.00
[   4.546] M
[   4.546] [ADC1]
[   4.546] STATUS alarm(s):
[   5.177] [STATUS] t_ms=557481 hwm=6 cap=256 dropped=0 dropped_total=8323 crc_err=0 crc_err_total=0 rate1=512 rate2=512 prod1=512 prod2=512 dac_err=0 tx_drop=43203 hb_ms=0 sma_state=6 m7_us=575146804 m4_us=572952655 vdd=5.067 offset=0.5000 aref=3.145 loop_us_avg=94 loop_us_max=5358 loop_hz=10638 cycle_log_ms=1 n_cycle=4 cc=1 cc_hz=1026 cc_i_tgt=0.1000 cc_u=0.5026 cc_r=4.9027 cc_tau_ms=7.00
[   5.554] M
[   6.234] [STATUS] t_ms=558481 hwm=61 cap=256 dropped=0 dropped_total=8323 crc_err=0 crc_err_total=0 rate1=512 rate2=512 prod1=512 prod2=512 dac_err=0 tx_drop=43203 hb_ms=0 sma_state=6 m7_us=576178616 m4_us=573984444 vdd=5.067 offset=0.5000 aref=3.145 loop_us_avg=99 loop_us_max=61767 loop_hz=10101 cycle_log_ms=1 n_cycle=4 cc=1 cc_hz=963 cc_i_tgt=0.1000 cc_u=0.5241 cc_r=4.9096 cc_tau_ms=7.00
[   6.550] M
[   7.243] [STATUS] t_ms=559481 hwm=5 cap=256 dropped=0 dropped_total=8323 crc_err=0 crc_err_total=0 rate1=512 rate2=512 prod1=512 prod2=512 dac_err=0 tx_drop=43203 hb_ms=0 sma_state=6 m7_us=577210624 m4_us=575016236 vdd=5.067 offset=0.5000 aref=3.145 loop_us_avg=92 loop_us_max=5354 loop_hz=10869 cycle_log_ms=1 n_cycle=4 cc=1 cc_hz=1027 cc_i_tgt=0.1000 cc_u=0.5000 cc_r=4.8883 cc_tau_ms=7.00
[   7.559] M
[   8.312] [STATUS] t_ms=560481 hwm=5 cap=256 dropped=0 dropped_total=8323 crc_err=0 crc_err_total=0 rate1=512 rate2=512 prod1=512 prod2=512 dac_err=0 tx_drop=43203 hb_ms=0 sma_state=6 m7_us=578242629 m4_us=576048015 vdd=5.067 offset=0.5000 aref=3.145 loop_us_avg=93 loop_us_max=5418 loop_hz=10752 cycle_log_ms=1 n_cycle=4 cc=1 cc_hz=1027 cc_i_tgt=0.1000 cc_u=0.5055 cc_r=4.9082 cc_tau_ms=7.00
[   8.563] M
[   9.317] [STATUS] t_ms=561481 hwm=6 cap=256 dropped=0 dropped_total=8323 crc_err=0 crc_err_total=0 rate1=512 rate2=512 prod1=512 prod2=512 dac_err=0 tx_drop=43203 hb_ms=0 sma_state=6 m7_us=579274054 m4_us=577079797 vdd=5.067 offset=0.5000 aref=3.145 loop_us_avg=94 loop_us_max=5451 loop_hz=10638 cycle_log_ms=1 n_cycle=4 cc=1 cc_hz=1025 cc_i_tgt=0.1000 cc_u=0.5000 cc_r=4.8556 cc_tau_ms=7.00
[   9.568] M
[  10.389] [STATUS] t_ms=562481 hwm=5 cap=256 dropped=0 dropped_total=8323 crc_err=0 crc_err_total=0 rate1=512 rate2=512 prod1=512 prod2=512 dac_err=0 tx_drop=43203 hb_ms=0 sma_state=6 m7_us=580306069 m4_us=578111602 vdd=5.067 offset=0.5000 aref=3.145 loop_us_avg=94 loop_us_max=5404 loop_hz=10638 cycle_log_ms=1 n_cycle=4 cc=1 cc_hz=1027 cc_i_tgt=0.1000 cc_u=0.5084 cc_r=4.8698 cc_tau_ms=7.00
[  10.579] M
[  11.400] [STATUS] t_ms=563481 hwm=5 cap=256 dropped=0 dropped_total=8323 crc_err=0 crc_err_total=0 rate1=512 rate2=512 prod1=512 prod2=512 dac_err=0 tx_drop=43203 hb_ms=0 sma_state=6 m7_us=581338042 m4_us=579143417 vdd=5.067 offset=0.5000 aref=3.145 loop_us_avg=93 loop_us_max=5410 loop_hz=10752 cycle_log_ms=1 n_cycle=4 cc=1 cc_hz=1027 cc_i_tgt=0.1000 cc_u=0.5000 cc_r=4.9237 cc_tau_ms=7.00
[  11.589] M
[  11.589] [A
[  11.589] DC1] STATUS alarm(
[  12.414] [STATUS] t_ms=564481 hwm=6 cap=256 dropped=0 dropped_total=8323 crc_err=0 crc_err_total=0 rate1=512 rate2=512 prod1=512 prod2=512 dac_err=0 tx_drop=43203 hb_ms=0 sma_state=6 m7_us=582369428 m4_us=580175228 vdd=5.067 offset=0.5000 aref=3.145 loop_us_avg=93 loop_us_max=5350 loop_hz=10752 cycle_log_ms=1 n_cycle=4 cc=1 cc_hz=1025 cc_i_tgt=0.1000 cc_u=0.5000 cc_r=4.8612 cc_tau_ms=7.00
[  12.603] M
[  12.603] [ADC1
[  13.428] [STATUS] t_ms=565481 hwm=5 cap=256 dropped=0 dropped_total=8323 crc_err=0 crc_err_total=0 rate1=512 rate2=512 prod1=512 prod2=512 dac_err=0 tx_drop=43203 hb_ms=0 sma_state=6 m7_us=583401451 m4_us=581207100 vdd=5.067 offset=0.5000 aref=3.145 loop_us_avg=94 loop_us_max=5405 loop_hz=10638 cycle_log_ms=1 n_cycle=4 cc=1 cc_hz=1027 cc_i_tgt=0.1000 cc_u=0.5000 cc_r=4.8955 cc_tau_ms=7.00
[  13.618] M
[  14.497] [STATUS] t_ms=566481 hwm=5 cap=256 dropped=0 dropped_total=8323 crc_err=0 crc_err_total=0 rate1=512 rate2=512 prod1=512 prod2=512 dac_err=0 tx_drop=43203 hb_ms=0 sma_state=6 m7_us=584433462 m4_us=582238889 vdd=5.067 offset=0.5000 aref=3.145 loop_us_avg=94 loop_us_max=5412 loop_hz=10638 cycle_log_ms=1 n_cycle=4 cc=1 cc_hz=1027 cc_i_tgt=0.1000 cc_u=0.5094 cc_r=4.8999 cc_tau_ms=7.00
[  14.625] M
[  15.514] [STATUS] t_ms=567481 hwm=6 cap=256 dropped=0 dropped_total=8323 crc_err=0 crc_err_total=0 rate1=512 rate2=512 prod1=512 prod2=512 dac_err=0 tx_drop=43203 hb_ms=0 sma_state=6 m7_us=585464880 m4_us=583270725 vdd=5.067 offset=0.5000 aref=3.145 loop_us_avg=93 loop_us_max=5406 loop_hz=10752 cycle_log_ms=1 n_cycle=4 cc=1 cc_hz=1025 cc_i_tgt=0.1000 cc_u=0.5121 cc_r=4.9543 cc_tau_ms=7.00
[  15.639] M
[  16.523] [STATUS] t_ms=568481 hwm=5 cap=256 dropped=0 dropped_total=8323 crc_err=0 crc_err_total=0 rate1=512 rate2=512 prod1=512 prod2=512 dac_err=0 tx_drop=43203 hb_ms=0 sma_state=6 m7_us=586496903 m4_us=584302498 vdd=5.067 offset=0.5000 aref=3.145 loop_us_avg=93 loop_us_max=5351 loop_hz=10752 cycle_log_ms=1 n_cycle=4 cc=1 cc_hz=1027 cc_i_tgt=0.1000 cc_u=0.5033 cc_r=4.8972 cc_tau_ms=7.00
[  16.650] M
[  17.592] [STATUS] t_ms=569481 hwm=5 cap=256 dropped=0 dropped_total=8323 crc_err=0 crc_err_total=0 rate1=512 rate2=512 prod1=512 prod2=512 dac_err=0 tx_drop=43203 hb_ms=0 sma_state=6 m7_us=587528876 m4_us=585334255 vdd=5.067 offset=0.5000 aref=3.145 loop_us_avg=92 loop_us_max=5402 loop_hz=10869 cycle_log_ms=1 n_cycle=4 cc=1 cc_hz=1027 cc_i_tgt=0.1000 cc_u=0.5000 cc_r=4.9124 cc_tau_ms=7.00
[  17.656] M
[  18.603] [STATUS] t_ms=570481 hwm=6 cap=256 dropped=0 dropped_total=8323 crc_err=0 crc_err_total=0 rate1=512 rate2=512 prod1=512 prod2=512 dac_err=0 tx_drop=43203 hb_ms=0 sma_state=6 m7_us=588560176 m4_us=586366012 vdd=5.067 offset=0.5000 aref=3.145 loop_us_avg=93 loop_us_max=5344 loop_hz=10752 cycle_log_ms=1 n_cycle=4 cc=1 cc_hz=1025 cc_i_tgt=0.1000 cc_u=0.5064 cc_r=4.8883 cc_tau_ms=7.00
[  18.666] M
[  18.666] [ADC1] ST
[  19.676] [STATUS] t_ms=571481 hwm=5 cap=256 dropped=0 dropped_total=8323 crc_err=0 crc_err_total=0 rate1=512 rate2=512 prod1=512 prod2=512 dac_err=0 tx_drop=43203 hb_ms=0 sma_state=6 m7_us=589592173 m4_us=587397833 vdd=5.067 offset=0.5000 aref=3.145 loop_us_avg=92 loop_us_max=5344 loop_hz=10869 cycle_log_ms=1 n_cycle=4 cc=1 cc_hz=1027 cc_i_tgt=0.1000 cc_u=0.5109 cc_r=4.9075 cc_tau_ms=7.00
[  19.676] M
[  20.686] [STATUS] t_ms=572481 hwm=5 cap=256 dropped=0 dropped_total=8323 crc_err=0 crc_err_total=0 rate1=512 rate2=512 prod1=512 prod2=512 dac_err=0 tx_drop=43203 hb_ms=0 sma_state=6 m7_us=590624205 m4_us=588429663 vdd=5.067 offset=0.5000 aref=3.145 loop_us_avg=92 loop_us_max=5403 loop_hz=10869 cycle_log_ms=1 n_cycle=4 cc=1 cc_hz=1027 cc_i_tgt=0.1000 cc_u=0.5035 cc_r=4.9522 cc_tau_ms=7.00
[  20.686] M
[  21.696] M
[  21.696] [ADC1]
[  21.696] STATUS alarm(s): 0x
[  21.696] [STATUS] t_ms=573481 hwm=5 cap=256 dropped=0 dropped_total=8323 crc_err=0 crc_err_total=0 rate1=512 rate2=512 prod1=512 prod2=512 dac_err=0 tx_drop=43203 hb_ms=0 sma_state=6 m7_us=591656132 m4_us=589461487 vdd=5.067 offset=0.5000 aref=3.145 loop_us_avg=92 loop_us_max=5414 loop_hz=10869 cycle_log_ms=1 n_cycle=4 cc=1 cc_hz=1027 cc_i_tgt=0.1000 cc_u=0.5000 cc_r=4.8595 cc_tau_ms=7.00
[  22.708] M
[  22.771] [STATUS] t_ms=574481 hwm=6 cap=256 dropped=0 dropped_total=8323 crc_err=0 crc_err_total=0 rate1=512 rate2=512 prod1=512 prod2=512 dac_err=0 tx_drop=43203 hb_ms=0 sma_state=6 m7_us=592687563 m4_us=590493269 vdd=5.067 offset=0.5000 aref=3.145 loop_us_avg=92 loop_us_max=5409 loop_hz=10869 cycle_log_ms=1 n_cycle=4 cc=1 cc_hz=1025 cc_i_tgt=0.1000 cc_u=0.5000 cc_r=4.9153 cc_tau_ms=7.00
[  23.719] M
[  23.782] [STATUS] t_ms=575481 hwm=5 cap=256 dropped=0 dropped_total=8323 crc_err=0 crc_err_total=0 rate1=512 rate2=512 prod1=512 prod2=512 dac_err=0 tx_drop=43203 hb_ms=0 sma_state=6 m7_us=593719581 m4_us=591525058 vdd=5.067 offset=0.5000 aref=3.145 loop_us_avg=92 loop_us_max=5405 loop_hz=10869 cycle_log_ms=1 n_cycle=4 cc=1 cc_hz=1027 cc_i_tgt=0.1000 cc_u=0.5061 cc_r=4.8928 cc_tau_ms=7.00
[  24.729] M
[  24.792] [STATUS] t_ms=576481 hwm=5 cap=256 dropped=0 dropped_total=8323 crc_err=0 crc_err_total=0 rate1=512 rate2=512 prod1=512 prod2=512 dac_err=0 tx_drop=43203 hb_ms=0 sma_state=6 m7_us=594751524 m4_us=592556885 vdd=5.067 offset=0.5000 aref=3.145 loop_us_avg=92 loop_us_max=5393 loop_hz=10869 cycle_log_ms=1 n_cycle=4 cc=1 cc_hz=1027 cc_i_tgt=0.1000 cc_u=0.5000 cc_r=4.9121 cc_tau_ms=7.00
[  25.743] M
[  25.871] [STATUS] t_ms=577481 hwm=6 cap=256 dropped=0 dropped_total=8323 crc_err=0 crc_err_total=0 rate1=512 rate2=512 prod1=512 prod2=512 dac_err=0 tx_drop=43203 hb_ms=0 sma_state=6 m7_us=595782913 m4_us=593588677 vdd=5.067 offset=0.5000 aref=3.145 loop_us_avg=94 loop_us_max=5346 loop_hz=10638 cycle_log_ms=1 n_cycle=4 cc=1 cc_hz=1025 cc_i_tgt=0.1000 cc_u=0.5039 cc_r=4.8951 cc_tau_ms=7.00
[  26.124] [SMA] [ACT] heat n=2/6 I=850.0mA ms=300
[  26.438] [SMA] [ACT] cool n=2/6 I=100.0mA ms=25000
[  26.751] M
[  26.878] [STATUS] t_ms=578481 hwm=5 cap=256 dropped=0 dropped_total=8323 crc_err=0 crc_err_total=0 rate1=512 rate2=512 prod1=512 prod2=512 dac_err=0 tx_drop=43203 hb_ms=0 sma_state=6 m7_us=596815037 m4_us=594620425 vdd=5.067 offset=0.5000 aref=3.145 loop_us_avg=93 loop_us_max=5396 loop_hz=10752 cycle_log_ms=1 n_cycle=4 cc=1 cc_hz=1025 cc_i_tgt=0.1000 cc_u=0.6176 cc_r=5.5013 cc_tau_ms=7.00
[  27.761] M
[  27.887] [STATUS] t_ms=579481 hwm=6 cap=256 dropped=0 dropped_total=8323 crc_err=0 crc_err_total=0 rate1=512 rate2=512 prod1=512 prod2=512 dac_err=0 tx_drop=43203 hb_ms=0 sma_state=6 m7_us=597846375 m4_us=595652153 vdd=5.067 offset=0.5000 aref=3.145 loop_us_avg=92 loop_us_max=5467 loop_hz=10869 cycle_log_ms=1 n_cycle=4 cc=1 cc_hz=1025 cc_i_tgt=0.1000 cc_u=0.5000 cc_r=5.0292 cc_tau_ms=7.00
[  28.773] M
[  28.773] [AD
[  28.773] C1] STATUS alarm(s)
[  28.963] [STATUS] t_ms=580481 hwm=5 cap=256 dropped=0 dropped_total=8323 crc_err=0 crc_err_total=0 rate1=512 rate2=512 prod1=512 prod2=512 dac_err=0 tx_drop=43203 hb_ms=0 sma_state=6 m7_us=598878391 m4_us=596683849 vdd=5.067 offset=0.5000 aref=3.145 loop_us_avg=93 loop_us_max=5417 loop_hz=10752 cycle_log_ms=1 n_cycle=4 cc=1 cc_hz=1027 cc_i_tgt=0.1000 cc_u=0.5197 cc_r=4.9217 cc_tau_ms=7.00
[  29.781] M
[  29.781] [ADC1] S
[  29.781] TATUS alarm(s): 0
[  29.970] [STATUS] t_ms=581481 hwm=5 cap=256 dropped=0 dropped_total=8323 crc_err=0 crc_err_total=0 rate1=512 rate2=512 prod1=512 prod2=512 dac_err=0 tx_drop=43203 hb_ms=0 sma_state=6 m7_us=599909763 m4_us=597715522 vdd=5.067 offset=0.5000 aref=3.145 loop_us_avg=93 loop_us_max=5412 loop_hz=10752 cycle_log_ms=1 n_cycle=4 cc=1 cc_hz=1025 cc_i_tgt=0.1000 cc_u=0.6147 cc_r=6.1082 cc_tau_ms=7.00
[  30.789] M
[  30.978] [STATUS] t_ms=582481 hwm=5 cap=256 dropped=0 dropped_total=8323 crc_err=0 crc_err_total=0 rate1=512 rate2=512 prod1=512 prod2=512 dac_err=0 tx_drop=43203 hb_ms=0 sma_state=6 m7_us=600941768 m4_us=598747234 vdd=5.067 offset=0.5000 aref=3.145 loop_us_avg=92 loop_us_max=5402 loop_hz=10869 cycle_log_ms=1 n_cycle=4 cc=1 cc_hz=1027 cc_i_tgt=0.1000 cc_u=0.6051 cc_r=6.0586 cc_tau_ms=7.00
[  31.737] M
[  31.737] [ADC1] ST
[  32.051] [STATUS] t_ms=583481 hwm=5 cap=256 dropped=0 dropped_total=8323 crc_err=0 crc_err_total=0 rate1=512 rate2=512 prod1=512 prod2=512 dac_err=0 tx_drop=43203 hb_ms=0 sma_state=6 m7_us=601973150 m4_us=599778981 vdd=5.067 offset=0.5000 aref=3.145 loop_us_avg=91 loop_us_max=5399 loop_hz=10989 cycle_log_ms=1 n_cycle=4 cc=1 cc_hz=1025 cc_i_tgt=0.1000 cc_u=0.5003 cc_r=4.8282 cc_tau_ms=7.00
[  32.749] M
[  33.063] [STATUS] t_ms=584481 hwm=5 cap=256 dropped=0 dropped_total=8323 crc_err=0 crc_err_total=0 rate1=512 rate2=512 prod1=512 prod2=512 dac_err=0 tx_drop=43203 hb_ms=0 sma_state=6 m7_us=603005158 m4_us=600810693 vdd=5.067 offset=0.5000 aref=3.145 loop_us_avg=93 loop_us_max=5355 loop_hz=10752 cycle_log_ms=1 n_cycle=4 cc=1 cc_hz=1027 cc_i_tgt=0.1000 cc_u=0.5000 cc_r=4.8537 cc_tau_ms=7.00
[  33.762] M
[  34.079] [STATUS] t_ms=585481 hwm=5 cap=256 dropped=0 dropped_total=8323 crc_err=0 crc_err_total=0 rate1=512 rate2=512 prod1=512 prod2=512 dac_err=0 tx_drop=43203 hb_ms=0 sma_state=6 m7_us=604036550 m4_us=601842386 vdd=5.067 offset=0.5000 aref=3.145 loop_us_avg=92 loop_us_max=5411 loop_hz=10869 cycle_log_ms=1 n_cycle=4 cc=1 cc_hz=1025 cc_i_tgt=0.1000 cc_u=0.5000 cc_r=4.8787 cc_tau_ms=7.00
[  34.773] M
[  34.773] [ADC1] STATUS alarm(s
[  35.148] [STATUS] t_ms=586481 hwm=5 cap=256 dropped=0 dropped_total=8323 crc_err=0 crc_err_total=0 rate1=512 rate2=512 prod1=512 prod2=512 dac_err=0 tx_drop=43203 hb_ms=0 sma_state=6 m7_us=605068584 m4_us=602874098 vdd=5.067 offset=0.5000 aref=3.145 loop_us_avg=93 loop_us_max=5356 loop_hz=10752 cycle_log_ms=1 n_cycle=4 cc=1 cc_hz=1027 cc_i_tgt=0.1000 cc_u=0.5092 cc_r=4.8421 cc_tau_ms=7.00
[  35.777] M
[  36.159] [STATUS] t_ms=587481 hwm=5 cap=256 dropped=0 dropped_total=8323 crc_err=0 crc_err_total=0 rate1=512 rate2=512 prod1=512 prod2=512 dac_err=0 tx_drop=43203 hb_ms=0 sma_state=6 m7_us=606099996 m4_us=603905826 vdd=5.067 offset=0.5000 aref=3.145 loop_us_avg=94 loop_us_max=5425 loop_hz=10638 cycle_log_ms=1 n_cycle=4 cc=1 cc_hz=1025 cc_i_tgt=0.1000 cc_u=0.5000 cc_r=4.8994 cc_tau_ms=7.00
[  36.789] M
[  37.169] [STATUS] t_ms=588481 hwm=5 cap=256 dropped=0 dropped_total=8323 crc_err=0 crc_err_total=0 rate1=512 rate2=512 prod1=512 prod2=512 dac_err=0 tx_drop=43203 hb_ms=0 sma_state=6 m7_us=607132004 m4_us=604937596 vdd=5.067 offset=0.5000 aref=3.145 loop_us_avg=93 loop_us_max=5349 loop_hz=10752 cycle_log_ms=1 n_cycle=4 cc=1 cc_hz=1027 cc_i_tgt=0.1000 cc_u=0.5000 cc_r=4.9378 cc_tau_ms=7.00
[  37.801] M
[  37.801] [A
[  38.238] [STATUS] t_ms=589481 hwm=5 cap=256 dropped=0 dropped_total=8323 crc_err=0 crc_err_total=0 rate1=512 rate2=512 prod1=512 prod2=512 dac_err=0 tx_drop=43203 hb_ms=0 sma_state=6 m7_us=608163988 m4_us=605969372 vdd=5.067 offset=0.5000 aref=3.145 loop_us_avg=93 loop_us_max=5402 loop_hz=10752 cycle_log_ms=1 n_cycle=4 cc=1 cc_hz=1027 cc_i_tgt=0.1000 cc_u=0.5074 cc_r=4.9259 cc_tau_ms=7.00
[  38.805] M
[  39.249] [STATUS] t_ms=590481 hwm=6 cap=256 dropped=0 dropped_total=8323 crc_err=0 crc_err_total=0 rate1=512 rate2=512 prod1=512 prod2=512 dac_err=0 tx_drop=43203 hb_ms=0 sma_state=6 m7_us=609195304 m4_us=607001119 vdd=5.067 offset=0.5000 aref=3.145 loop_us_avg=93 loop_us_max=5353 loop_hz=10752 cycle_log_ms=1 n_cycle=4 cc=1 cc_hz=1025 cc_i_tgt=0.1000 cc_u=0.5000 cc_r=4.8891 cc_tau_ms=7.00
[  39.813] M
[  39.813] [AD
[  39.813] C1] STATUS alarm(s
[  40.254] [STATUS] t_ms=591481 hwm=5 cap=256 dropped=0 dropped_total=8323 crc_err=0 crc_err_total=0 rate1=512 rate2=512 prod1=512 prod2=512 dac_err=0 tx_drop=43203 hb_ms=0 sma_state=6 m7_us=610227298 m4_us=608032876 vdd=5.067 offset=0.5000 aref=3.145 loop_us_avg=92 loop_us_max=5345 loop_hz=10869 cycle_log_ms=1 n_cycle=4 cc=1 cc_hz=1027 cc_i_tgt=0.1000 cc_u=0.5000 cc_r=4.8613 cc_tau_ms=7.00
[  40.822] M
[  41.324] [STATUS] t_ms=592481 hwm=5 cap=256 dropped=0 dropped_total=8323 crc_err=0 crc_err_total=0 rate1=512 rate2=512 prod1=512 prod2=512 dac_err=0 tx_drop=43203 hb_ms=0 sma_state=6 m7_us=611259256 m4_us=609064601 vdd=5.067 offset=0.5000 aref=3.145 loop_us_avg=92 loop_us_max=5399 loop_hz=10869 cycle_log_ms=1 n_cycle=4 cc=1 cc_hz=1027 cc_i_tgt=0.1000 cc_u=0.5065 cc_r=4.8809 cc_tau_ms=7.00
[  41.831] M
[  41.831] [ADC1] STATUS alarm(s): 0xC9 PG
[  41.831] AL_AL
[  42.338] [STATUS] t_ms=593481 hwm=6 cap=256 dropped=0 dropped_total=8323 crc_err=0 crc_err_total=0 rate1=512 rate2=512 prod1=512 prod2=512 dac_err=0 tx_drop=43203 hb_ms=0 sma_state=6 m7_us=612290562 m4_us=610096319 vdd=5.067 offset=0.5000 aref=3.145 loop_us_avg=92 loop_us_max=5365 loop_hz=10869 cycle_log_ms=1 n_cycle=4 cc=1 cc_hz=1025 cc_i_tgt=0.1000 cc_u=0.5000 cc_r=4.8500 cc_tau_ms=7.00
[  42.843] M
[  43.352] [STATUS] t_ms=594481 hwm=5 cap=256 dropped=0 dropped_total=8323 crc_err=0 crc_err_total=0 rate1=512 rate2=512 prod1=512 prod2=512 dac_err=0 tx_drop=43203 hb_ms=0 sma_state=6 m7_us=613322570 m4_us=611128031 vdd=5.067 offset=0.5000 aref=3.145 loop_us_avg=92 loop_us_max=5401 loop_hz=10869 cycle_log_ms=1 n_cycle=4 cc=1 cc_hz=1027 cc_i_tgt=0.1000 cc_u=0.5000 cc_r=4.8572 cc_tau_ms=7.00
[  43.857] M
[  43.857] [AD
[  43.857] C1] STATUS alarm(s
[  44.429] [STATUS] t_ms=595481 hwm=5 cap=256 dropped=0 dropped_total=8323 crc_err=0 crc_err_total=0 rate1=512 rate2=512 prod1=512 prod2=512 dac_err=0 tx_drop=43203 hb_ms=0 sma_state=6 m7_us=614353912 m4_us=612159762 vdd=5.067 offset=0.5000 aref=3.145 loop_us_avg=92 loop_us_max=5399 loop_hz=10869 cycle_log_ms=1 n_cycle=4 cc=1 cc_hz=1025 cc_i_tgt=0.1000 cc_u=0.5000 cc_r=4.9223 cc_tau_ms=7.00
[  44.870] M
[  44.870] [ADC1] S
[  45.438] [STATUS] t_ms=596481 hwm=5 cap=256 dropped=0 dropped_total=8323 crc_err=0 crc_err_total=0 rate1=512 rate2=512 prod1=512 prod2=512 dac_err=0 tx_drop=43203 hb_ms=0 sma_state=6 m7_us=615385913 m4_us=613191532 vdd=5.067 offset=0.5000 aref=3.145 loop_us_avg=94 loop_us_max=5314 loop_hz=10638 cycle_log_ms=1 n_cycle=4 cc=1 cc_hz=1027 cc_i_tgt=0.1000 cc_u=0.5000 cc_r=4.8957 cc_tau_ms=7.00
[  45.881] M
[  46.449] [STATUS] t_ms=597481 hwm=5 cap=256 dropped=0 dropped_total=8323 crc_err=0 crc_err_total=0 rate1=512 rate2=512 prod1=512 prod2=512 dac_err=0 tx_drop=43203 hb_ms=0 sma_state=6 m7_us=616417909 m4_us=614223298 vdd=5.067 offset=0.5000 aref=3.145 loop_us_avg=93 loop_us_max=5405 loop_hz=10752 cycle_log_ms=1 n_cycle=4 cc=1 cc_hz=1027 cc_i_tgt=0.1000 cc_u=0.5058 cc_r=5.0028 cc_tau_ms=7.00
[  46.893] M
[  46.893] [ADC1] STATU
[  46.893] S alarm(s): 0xC9 PG
[  46.893] AL_AL
[  47.528] [STATUS] t_ms=598481 hwm=6 cap=256 dropped=0 dropped_total=8323 crc_err=0 crc_err_total=0 rate1=512 rate2=512 prod1=512 prod2=512 dac_err=0 tx_drop=43203 hb_ms=0 sma_state=6 m7_us=617449316 m4_us=615255074 vdd=5.067 offset=0.5000 aref=3.145 loop_us_avg=93 loop_us_max=5356 loop_hz=10752 cycle_log_ms=1 n_cycle=4 cc=1 cc_hz=1025 cc_i_tgt=0.1000 cc_u=0.5000 cc_r=4.8854 cc_tau_ms=7.00
[  47.906] M
[  48.508] [STATUS] t_ms=599481 hwm=102 cap=256 dropped=0 dropped_total=8323 crc_err=0 crc_err_total=0 rate1=511 rate2=512 prod1=512 prod2=512 dac_err=0 tx_drop=43203 hb_ms=0 sma_state=6 m7_us=618481315 m4_us=616286863 vdd=5.067 offset=0.5000 aref=3.145 loop_us_avg=104 loop_us_max=102523 loop_hz=9615 cycle_log_ms=1 n_cycle=4 cc=1 cc_hz=923 cc_i_tgt=0.1000 cc_u=0.5135 cc_r=4.9393 cc_tau_ms=7.00
[  48.888] M
[  48.888] [ADC1]
[  48.888] STATUS alarm(s):
[  49.580] [STATUS] t_ms=600481 hwm=5 cap=256 dropped=0 dropped_total=8323 crc_err=0 crc_err_total=0 rate1=512 rate2=512 prod1=512 prod2=512 dac_err=0 tx_drop=43203 hb_ms=0 sma_state=6 m7_us=619512759 m4_us=617318594 vdd=5.067 offset=0.5000 aref=3.145 loop_us_avg=92 loop_us_max=5449 loop_hz=10869 cycle_log_ms=1 n_cycle=4 cc=1 cc_hz=1025 cc_i_tgt=0.1000 cc_u=0.5005 cc_r=4.8779 cc_tau_ms=7.00
[  49.899] M
[  50.596] [STATUS] t_ms=601481 hwm=5 cap=256 dropped=0 dropped_total=8323 crc_err=0 crc_err_total=0 rate1=512 rate2=512 prod1=512 prod2=512 dac_err=0 tx_drop=43203 hb_ms=0 sma_state=6 m7_us=620544763 m4_us=618350313 vdd=5.067 offset=0.5000 aref=3.145 loop_us_avg=93 loop_us_max=5354 loop_hz=10752 cycle_log_ms=1 n_cycle=4 cc=1 cc_hz=1027 cc_i_tgt=0.1000 cc_u=0.5016 cc_r=4.9345 cc_tau_ms=7.00
[  50.909] M
[  51.606] [STATUS] t_ms=602481 hwm=5 cap=256 dropped=0 dropped_total=8323 crc_err=0 crc_err_total=0 rate1=512 rate2=512 prod1=512 prod2=512 dac_err=0 tx_drop=43203 hb_ms=0 sma_state=6 m7_us=621576729 m4_us=619382044 vdd=5.067 offset=0.5000 aref=3.145 loop_us_avg=93 loop_us_max=5411 loop_hz=10752 cycle_log_ms=1 n_cycle=4 cc=1 cc_hz=1027 cc_i_tgt=0.1000 cc_u=0.5000 cc_r=4.8913 cc_tau_ms=7.00
[  51.921] M
[  52.238] [SMA] [ACT] heat n=3/6 I=850.0mA ms=300
[  52.554] [SMA] [ACT] cool n=3/6 I=100.0mA ms=25000
[  52.680] [STATUS] t_ms=603481 hwm=6 cap=256 dropped=0 dropped_total=8323 crc_err=0 crc_err_total=0 rate1=512 rate2=512 prod1=512 prod2=512 dac_err=0 tx_drop=43203 hb_ms=0 sma_state=6 m7_us=622607996 m4_us=620413788 vdd=5.067 offset=0.5000 aref=3.145 loop_us_avg=92 loop_us_max=5342 loop_hz=10869 cycle_log_ms=1 n_cycle=4 cc=1 cc_hz=1023 cc_i_tgt=0.1000 cc_u=0.5512 cc_r=4.5578 cc_tau_ms=7.00
[  52.932] M
[  53.690] [STATUS] t_ms=604481 hwm=5 cap=256 dropped=0 dropped_total=8323 crc_err=0 crc_err_total=0 rate1=512 rate2=512 prod1=512 prod2=512 dac_err=0 tx_drop=43203 hb_ms=0 sma_state=6 m7_us=623640003 m4_us=621445522 vdd=5.067 offset=0.5000 aref=3.145 loop_us_avg=92 loop_us_max=5419 loop_hz=10869 cycle_log_ms=1 n_cycle=4 cc=1 cc_hz=1027 cc_i_tgt=0.1000 cc_u=0.5679 cc_r=5.7492 cc_tau_ms=7.00
[  53.944] M
[  54.703] [STATUS] t_ms=605481 hwm=5 cap=256 dropped=0 dropped_total=8323 crc_err=0 crc_err_total=0 rate1=512 rate2=512 prod1=512 prod2=512 dac_err=0 tx_drop=43203 hb_ms=0 sma_state=6 m7_us=624671960 m4_us=622477279 vdd=5.067 offset=0.5000 aref=3.145 loop_us_avg=92 loop_us_max=5416 loop_hz=10869 cycle_log_ms=1 n_cycle=4 cc=1 cc_hz=1027 cc_i_tgt=0.1000 cc_u=0.5232 cc_r=5.0075 cc_tau_ms=7.00
[  54.958] M
[  55.785] [STATUS] t_ms=606481 hwm=6 cap=256 dropped=0 dropped_total=8323 crc_err=0 crc_err_total=0 rate1=512 rate2=512 prod1=512 prod2=512 dac_err=0 tx_drop=43203 hb_ms=0 sma_state=6 m7_us=625703266 m4_us=623509036 vdd=5.067 offset=0.5000 aref=3.145 loop_us_avg=93 loop_us_max=5350 loop_hz=10752 cycle_log_ms=1 n_cycle=4 cc=1 cc_hz=1025 cc_i_tgt=0.1000 cc_u=0.5006 cc_r=4.7929 cc_tau_ms=7.00
[  55.974] M
[  55.974] [ADC1] STATUS al
[  56.796] [STATUS] t_ms=607481 hwm=5 cap=256 dropped=0 dropped_total=8323 crc_err=0 crc_err_total=0 rate1=512 rate2=512 prod1=512 prod2=512 dac_err=0 tx_drop=43203 hb_ms=0 sma_state=6 m7_us=626735271 m4_us=624540793 vdd=5.067 offset=0.5000 aref=3.145 loop_us_avg=92 loop_us_max=5415 loop_hz=10869 cycle_log_ms=1 n_cycle=4 cc=1 cc_hz=1027 cc_i_tgt=0.1000 cc_u=0.5000 cc_r=4.7912 cc_tau_ms=7.00
[  56.985] M
[  57.808] [STATUS] t_ms=608481 hwm=5 cap=256 dropped=0 dropped_total=8323 crc_err=0 crc_err_total=0 rate1=512 rate2=512 prod1=512 prod2=512 dac_err=0 tx_drop=43203 hb_ms=0 sma_state=6 m7_us=627767228 m4_us=625572581 vdd=5.067 offset=0.5000 aref=3.145 loop_us_avg=92 loop_us_max=5400 loop_hz=10869 cycle_log_ms=1 n_cycle=4 cc=1 cc_hz=1027 cc_i_tgt=0.1000 cc_u=0.5000 cc_r=4.8735 cc_tau_ms=7.00
[  57.935] M
[  58.879] [STATUS] t_ms=609481 hwm=6 cap=256 dropped=0 dropped_total=8323 crc_err=0 crc_err_total=0 rate1=512 rate2=512 prod1=512 prod2=512 dac_err=0 tx_drop=43203 hb_ms=0 sma_state=6 m7_us=628798622 m4_us=626604389 vdd=5.067 offset=0.5000 aref=3.145 loop_us_avg=93 loop_us_max=5391 loop_hz=10752 cycle_log_ms=1 n_cycle=4 cc=1 cc_hz=1025 cc_i_tgt=0.1000 cc_u=0.5001 cc_r=4.8578 cc_tau_ms=7.00
[  58.942] M
[  59.886] [STATUS] t_ms=610481 hwm=5 cap=256 dropped=0 dropped_total=8323 crc_err=0 crc_err_total=0 rate1=512 rate2=512 prod1=512 prod2=512 dac_err=0 tx_drop=43203 hb_ms=0 sma_state=6 m7_us=629830639 m4_us=627636185 vdd=5.067 offset=0.5000 aref=3.145 loop_us_avg=94 loop_us_max=5396 loop_hz=10638 cycle_log_ms=1 n_cycle=4 cc=1 cc_hz=1027 cc_i_tgt=0.1000 cc_u=0.5074 cc_r=4.9172 cc_tau_ms=7.00
[  59.948] M
[  59.948] [ADC1]
[  60.896] [STATUS] t_ms=611481 hwm=5 cap=256 dropped=0 dropped_total=8323 crc_err=0 crc_err_total=0 rate1=512 rate2=512 prod1=512 prod2=512 dac_err=0 tx_drop=43203 hb_ms=0 sma_state=6 m7_us=630862622 m4_us=628667967 vdd=5.067 offset=0.5000 aref=3.145 loop_us_avg=93 loop_us_max=5404 loop_hz=10752 cycle_log_ms=1 n_cycle=4 cc=1 cc_hz=1027 cc_i_tgt=0.1000 cc_u=0.5000 cc_r=4.9201 cc_tau_ms=7.00
[  60.959] M
[  61.966] [STATUS] t_ms=612481 hwm=6 cap=256 dropped=0 dropped_total=8323 crc_err=0 crc_err_total=0 rate1=512 rate2=512 prod1=512 prod2=512 dac_err=0 tx_drop=43203 hb_ms=0 sma_state=6 m7_us=631894010 m4_us=629699762 vdd=5.067 offset=0.5000 aref=3.145 loop_us_avg=94 loop_us_max=5346 loop_hz=10638 cycle_log_ms=1 n_cycle=4 cc=1 cc_hz=1025 cc_i_tgt=0.1000 cc_u=0.5000 cc_r=4.8608 cc_tau_ms=7.00
[  61.966] M
[  62.978] [STATUS] t_ms=613481 hwm=5 cap=256 dropped=0 dropped_total=8323 crc_err=0 crc_err_total=0 rate1=512 rate2=512 prod1=512 prod2=512 dac_err=0 tx_drop=43203 hb_ms=0 sma_state=6 m7_us=632926172 m4_us=630731551 vdd=5.067 offset=0.5000 aref=3.145 loop_us_avg=94 loop_us_max=5527 loop_hz=10638 cycle_log_ms=1 n_cycle=4 cc=1 cc_hz=1027 cc_i_tgt=0.1000 cc_u=0.5000 cc_r=4.8712 cc_tau_ms=7.00
[  62.978] M
[  63.991] M
[  63.991] [STATUS] t_ms=614481 hwm=6 cap=256 dropped=0 dropped_total=8323 crc_err=0 crc_err_total=0 rate1=512 rate2=512 prod1=512 prod2=512 dac_err=0 tx_drop=43203 hb_ms=0 sma_state=6 m7_us=633957565 m4_us=631763292 vdd=5.067 offset=0.5000 aref=3.145 loop_us_avg=92 loop_us_max=5393 loop_hz=10869 cycle_log_ms=1 n_cycle=4 cc=1 cc_hz=1025 cc_i_tgt=0.1000 cc_u=0.5000 cc_r=4.8409 cc_tau_ms=7.00
[  65.001] M
[  65.001] [ADC1] STATUS ala
[  65.064] [STATUS] t_ms=615481 hwm=5 cap=256 dropped=0 dropped_total=8323 crc_err=0 crc_err_total=0 rate1=512 rate2=512 prod1=512 prod2=512 dac_err=0 tx_drop=43203 hb_ms=0 sma_state=6 m7_us=634989644 m4_us=632795026 vdd=5.067 offset=0.5000 aref=3.145 loop_us_avg=93 loop_us_max=5455 loop_hz=10752 cycle_log_ms=1 n_cycle=4 cc=1 cc_hz=1027 cc_i_tgt=0.1000 cc_u=0.5000 cc_r=4.8868 cc_tau_ms=7.00
[  66.008] M
[  66.008] [ADC
[  66.072] [STATUS] t_ms=616481 hwm=6 cap=256 dropped=0 dropped_total=8323 crc_err=0 crc_err_total=0 rate1=512 rate2=512 prod1=512 prod2=512 dac_err=0 tx_drop=43203 hb_ms=0 sma_state=6 m7_us=636021053 m4_us=633826764 vdd=5.067 offset=0.5000 aref=3.145 loop_us_avg=94 loop_us_max=5406 loop_hz=10638 cycle_log_ms=1 n_cycle=4 cc=1 cc_hz=1025 cc_i_tgt=0.1000 cc_u=0.5056 cc_r=4.8948 cc_tau_ms=7.00
[  67.014] M
[  67.140] [STATUS] t_ms=617481 hwm=5 cap=256 dropped=0 dropped_total=8323 crc_err=0 crc_err_total=0 rate1=512 rate2=512 prod1=512 prod2=512 dac_err=0 tx_drop=43203 hb_ms=0 sma_state=6 m7_us=637053085 m4_us=634858514 vdd=5.067 offset=0.5000 aref=3.145 loop_us_avg=93 loop_us_max=5407 loop_hz=10752 cycle_log_ms=1 n_cycle=4 cc=1 cc_hz=1027 cc_i_tgt=0.1000 cc_u=0.5000 cc_r=4.8701 cc_tau_ms=7.00
[  68.020] M
[  68.020] [ADC1] S
[  68.020] TATUS alarm(s): 0x9
[  68.146] [STATUS] t_ms=618481 hwm=6 cap=256 dropped=0 dropped_total=8323 crc_err=0 crc_err_total=0 rate1=512 rate2=512 prod1=512 prod2=512 dac_err=0 tx_drop=43203 hb_ms=0 sma_state=6 m7_us=638084497 m4_us=635890271 vdd=5.067 offset=0.5000 aref=3.145 loop_us_avg=92 loop_us_max=5413 loop_hz=10869 cycle_log_ms=1 n_cycle=4 cc=1 cc_hz=1025 cc_i_tgt=0.1000 cc_u=0.5000 cc_r=4.9750 cc_tau_ms=7.00
[  69.035] M
[  69.161] [STATUS] t_ms=619481 hwm=5 cap=256 dropped=0 dropped_total=8323 crc_err=0 crc_err_total=0 rate1=512 rate2=512 prod1=512 prod2=512 dac_err=0 tx_drop=43203 hb_ms=0 sma_state=6 m7_us=639116502 m4_us=636922012 vdd=5.067 offset=0.5000 aref=3.145 loop_us_avg=92 loop_us_max=5403 loop_hz=10869 cycle_log_ms=1 n_cycle=4 cc=1 cc_hz=1027 cc_i_tgt=0.1000 cc_u=0.5037 cc_r=4.9092 cc_tau_ms=7.00
[  70.045] M
[  70.045] [ADC
[  70.045] 1] STATUS alarm(s
[  70.234] [STATUS] t_ms=620481 hwm=5 cap=256 dropped=0 dropped_total=8323 crc_err=0 crc_err_total=0 rate1=512 rate2=512 prod1=512 prod2=512 dac_err=0 tx_drop=43203 hb_ms=0 sma_state=6 m7_us=640148481 m4_us=637953781 vdd=5.067 offset=0.5000 aref=3.145 loop_us_avg=93 loop_us_max=5407 loop_hz=10752 cycle_log_ms=1 n_cycle=4 cc=1 cc_hz=1027 cc_i_tgt=0.1000 cc_u=0.5035 cc_r=4.9181 cc_tau_ms=7.00
[  71.056] M
[  71.247] [STATUS] t_ms=621481 hwm=6 cap=256 dropped=0 dropped_total=8323 crc_err=0 crc_err_total=0 rate1=512 rate2=512 prod1=512 prod2=512 dac_err=0 tx_drop=43203 hb_ms=0 sma_state=6 m7_us=641179890 m4_us=638985535 vdd=5.067 offset=0.5000 aref=3.145 loop_us_avg=92 loop_us_max=5362 loop_hz=10869 cycle_log_ms=1 n_cycle=4 cc=1 cc_hz=1025 cc_i_tgt=0.1000 cc_u=0.5000 cc_r=4.8878 cc_tau_ms=7.00
[  72.071] M
[  72.260] [STATUS] t_ms=622481 hwm=5 cap=256 dropped=0 dropped_total=8323 crc_err=0 crc_err_total=0 rate1=512 rate2=512 prod1=512 prod2=512 dac_err=0 tx_drop=43203 hb_ms=0 sma_state=6 m7_us=642211894 m4_us=640017273 vdd=5.067 offset=0.5000 aref=3.145 loop_us_avg=92 loop_us_max=5404 loop_hz=10869 cycle_log_ms=1 n_cycle=4 cc=1 cc_hz=1027 cc_i_tgt=0.1000 cc_u=0.5091 cc_r=4.8564 cc_tau_ms=7.00
[  73.081] M
[  73.081] [ADC1] S
[  73.081] TATUS alarm(s): 0
[  73.271] [STATUS] t_ms=623481 hwm=6 cap=256 dropped=0 dropped_total=8323 crc_err=0 crc_err_total=0 rate1=512 rate2=512 prod1=512 prod2=512 dac_err=0 tx_drop=43203 hb_ms=0 sma_state=6 m7_us=643243230 m4_us=641049029 vdd=5.067 offset=0.5000 aref=3.145 loop_us_avg=92 loop_us_max=5401 loop_hz=10869 cycle_log_ms=1 n_cycle=4 cc=1 cc_hz=1025 cc_i_tgt=0.1000 cc_u=0.5190 cc_r=5.0144 cc_tau_ms=7.00
[  74.094] M
[  74.349] [STATUS] t_ms=624481 hwm=5 cap=256 dropped=0 dropped_total=8323 crc_err=0 crc_err_total=0 rate1=512 rate2=512 prod1=512 prod2=512 dac_err=0 tx_drop=43203 hb_ms=0 sma_state=6 m7_us=644275251 m4_us=642080770 vdd=5.067 offset=0.5000 aref=3.145 loop_us_avg=92 loop_us_max=5412 loop_hz=10869 cycle_log_ms=1 n_cycle=4 cc=1 cc_hz=1027 cc_i_tgt=0.1000 cc_u=0.5000 cc_r=4.8698 cc_tau_ms=7.00
[  75.106] M
[  75.106] [
[  75.106] ADC1] STATUS alar
[  75.360] [STATUS] t_ms=625481 hwm=5 cap=256 dropped=0 dropped_total=8323 crc_err=0 crc_err_total=0 rate1=512 rate2=512 prod1=512 prod2=512 dac_err=0 tx_drop=43203 hb_ms=0 sma_state=6 m7_us=645306665 m4_us=643112485 vdd=5.067 offset=0.5000 aref=3.145 loop_us_avg=92 loop_us_max=5407 loop_hz=10869 cycle_log_ms=1 n_cycle=4 cc=1 cc_hz=1025 cc_i_tgt=0.1000 cc_u=0.5001 cc_r=4.9666 cc_tau_ms=7.00
[  76.112] M
[  76.367] [STATUS] t_ms=626481 hwm=5 cap=256 dropped=0 dropped_total=8323 crc_err=0 crc_err_total=0 rate1=512 rate2=512 prod1=512 prod2=512 dac_err=0 tx_drop=43203 hb_ms=0 sma_state=6 m7_us=646338645 m4_us=644144178 vdd=5.067 offset=0.5000 aref=3.145 loop_us_avg=92 loop_us_max=5349 loop_hz=10869 cycle_log_ms=1 n_cycle=4 cc=1 cc_hz=1027 cc_i_tgt=0.1000 cc_u=0.5000 cc_r=4.9094 cc_tau_ms=7.00
[  77.131] M
[  77.450] [STATUS] t_ms=627481 hwm=5 cap=256 dropped=0 dropped_total=8323 crc_err=0 crc_err_total=0 rate1=512 rate2=512 prod1=512 prod2=512 dac_err=0 tx_drop=43203 hb_ms=0 sma_state=6 m7_us=647370051 m4_us=645175877 vdd=5.067 offset=0.5000 aref=3.145 loop_us_avg=91 loop_us_max=5405 loop_hz=10989 cycle_log_ms=1 n_cycle=4 cc=1 cc_hz=1025 cc_i_tgt=0.1000 cc_u=0.5000 cc_r=4.8906 cc_tau_ms=7.00
[  78.140] M
[  78.329] [SMA] [ACT] heat n=4/6 I=850.0mA ms=300
[  78.457] [STATUS] t_ms=628481 hwm=5 cap=256 dropped=0 dropped_total=8323 crc_err=0 crc_err_total=0 rate1=512 rate2=512 prod1=512 prod2=512 dac_err=0 tx_drop=43203 hb_ms=0 sma_state=5 m7_us=648402268 m4_us=646207583 vdd=5.067 offset=0.5000 aref=3.145 loop_us_avg=92 loop_us_max=5449 loop_hz=10869 cycle_log_ms=1 n_cycle=4 cc=1 cc_hz=1026 cc_i_tgt=0.8500 cc_u=3.7034 cc_r=4.4492 cc_tau_ms=7.00
[  78.645] [SMA] [ACT] cool n=4/6 I=100.0mA ms=25000
[  79.089] M
[  79.089] [ADC1] STATUS alarm(s): 0x49
[  79.470] [STATUS] t_ms=629481 hwm=6 cap=256 dropped=0 dropped_total=8323 crc_err=0 crc_err_total=0 rate1=512 rate2=512 prod1=512 prod2=512 dac_err=0 tx_drop=43203 hb_ms=0 sma_state=6 m7_us=649433566 m4_us=647239285 vdd=5.067 offset=0.5000 aref=3.145 loop_us_avg=92 loop_us_max=5397 loop_hz=10869 cycle_log_ms=1 n_cycle=4 cc=1 cc_hz=1024 cc_i_tgt=0.1000 cc_u=0.5579 cc_r=5.7482 cc_tau_ms=7.00
[  80.158] M
[  80.537] [STATUS] t_ms=630481 hwm=5 cap=256 dropped=0 dropped_total=8323 crc_err=0 crc_err_total=0 rate1=512 rate2=512 prod1=512 prod2=512 dac_err=0 tx_drop=43203 hb_ms=0 sma_state=6 m7_us=650465571 m4_us=648271026 vdd=5.067 offset=0.5000 aref=3.145 loop_us_avg=92 loop_us_max=5409 loop_hz=10869 cycle_log_ms=1 n_cycle=4 cc=1 cc_hz=1027 cc_i_tgt=0.1000 cc_u=0.5000 cc_r=5.2905 cc_tau_ms=7.00
[  81.166] M
[  81.545] [STATUS] t_ms=631481 hwm=5 cap=256 dropped=0 dropped_total=8323 crc_err=0 crc_err_total=0 rate1=512 rate2=512 prod1=512 prod2=512 dac_err=0 tx_drop=43203 hb_ms=0 sma_state=6 m7_us=651496964 m4_us=649302735 vdd=5.067 offset=0.5000 aref=3.145 loop_us_avg=92 loop_us_max=5404 loop_hz=10869 cycle_log_ms=1 n_cycle=4 cc=1 cc_hz=1025 cc_i_tgt=0.1000 cc_u=0.5120 cc_r=4.7944 cc_tau_ms=7.00
[  82.113] M
[  82.113] [A
[  82.113] DC1] STATUS alarm(s
[  82.555] [STATUS] t_ms=632481 hwm=5 cap=256 dropped=0 dropped_total=8323 crc_err=0 crc_err_total=0 rate1=512 rate2=512 prod1=512 prod2=512 dac_err=0 tx_drop=43203 hb_ms=0 sma_state=6 m7_us=652529002 m4_us=650334466 vdd=5.067 offset=0.5000 aref=3.145 loop_us_avg=93 loop_us_max=5405 loop_hz=10752 cycle_log_ms=1 n_cycle=4 cc=1 cc_hz=1027 cc_i_tgt=0.1000 cc_u=0.5000 cc_r=4.8188 cc_tau_ms=7.00
[  83.122] M
[  83.627] [STATUS] t_ms=633481 hwm=5 cap=256 dropped=0 dropped_total=8323 crc_err=0 crc_err_total=0 rate1=512 rate2=512 prod1=512 prod2=512 dac_err=0 tx_drop=43203 hb_ms=0 sma_state=6 m7_us=653560413 m4_us=651366181 vdd=5.067 offset=0.5000 aref=3.145 loop_us_avg=93 loop_us_max=5410 loop_hz=10752 cycle_log_ms=1 n_cycle=4 cc=1 cc_hz=1025 cc_i_tgt=0.1000 cc_u=0.5064 cc_r=4.9260 cc_tau_ms=7.00
[  84.134] M
[  84.637] [STATUS] t_ms=634481 hwm=5 cap=256 dropped=0 dropped_total=8323 crc_err=0 crc_err_total=0 rate1=512 rate2=512 prod1=512 prod2=512 dac_err=0 tx_drop=43203 hb_ms=0 sma_state=6 m7_us=654592412 m4_us=652397922 vdd=5.067 offset=0.5000 aref=3.145 loop_us_avg=93 loop_us_max=5397 loop_hz=10752 cycle_log_ms=1 n_cycle=4 cc=1 cc_hz=1027 cc_i_tgt=0.1000 cc_u=0.5034 cc_r=4.9073 cc_tau_ms=7.00
[  85.142] M
[  85.710] [STATUS] t_ms=635481 hwm=5 cap=256 dropped=0 dropped_total=8323 crc_err=0 crc_err_total=0 rate1=512 rate2=512 prod1=512 prod2=512 dac_err=0 tx_drop=43203 hb_ms=0 sma_state=6 m7_us=655623831 m4_us=653429663 vdd=5.067 offset=0.5000 aref=3.145 loop_us_avg=93 loop_us_max=5404 loop_hz=10752 cycle_log_ms=1 n_cycle=4 cc=1 cc_hz=1025 cc_i_tgt=0.1000 cc_u=0.5021 cc_r=4.8822 cc_tau_ms=7.00
[  86.155] M
[  86.723] [STATUS] t_ms=636481 hwm=5 cap=256 dropped=0 dropped_total=8323 crc_err=0 crc_err_total=0 rate1=512 rate2=512 prod1=512 prod2=512 dac_err=0 tx_drop=43203 hb_ms=0 sma_state=6 m7_us=656655833 m4_us=654461410 vdd=5.067 offset=0.5000 aref=3.145 loop_us_avg=92 loop_us_max=5358 loop_hz=10869 cycle_log_ms=1 n_cycle=4 cc=1 cc_hz=1027 cc_i_tgt=0.1000 cc_u=0.5006 cc_r=4.9149 cc_tau_ms=7.00
[  87.164] M
[  87.164] [ADC1] STATUS alarm
[  87.736] [STATUS] t_ms=637481 hwm=5 cap=256 dropped=0 dropped_total=8323 crc_err=0 crc_err_total=0 rate1=512 rate2=512 prod1=512 prod2=512 dac_err=0 tx_drop=43203 hb_ms=0 sma_state=6 m7_us=657687784 m4_us=655493189 vdd=5.067 offset=0.5000 aref=3.145 loop_us_avg=92 loop_us_max=5398 loop_hz=10869 cycle_log_ms=1 n_cycle=4 cc=1 cc_hz=1027 cc_i_tgt=0.1000 cc_u=0.5098 cc_r=4.8940 cc_tau_ms=7.00
[  88.179] M
[  88.747] [STATUS] t_ms=638481 hwm=6 cap=256 dropped=0 dropped_total=8323 crc_err=0 crc_err_total=0 rate1=512 rate2=512 prod1=512 prod2=512 dac_err=0 tx_drop=43203 hb_ms=0 sma_state=6 m7_us=658719218 m4_us=656524933 vdd=5.067 offset=0.5000 aref=3.145 loop_us_avg=93 loop_us_max=5349 loop_hz=10752 cycle_log_ms=1 n_cycle=4 cc=1 cc_hz=1025 cc_i_tgt=0.1000 cc_u=0.5000 cc_r=4.8927 cc_tau_ms=7.00
[  89.188] M
[  89.819] [STATUS] t_ms=639481 hwm=5 cap=256 dropped=0 dropped_total=8323 crc_err=0 crc_err_total=0 rate1=512 rate2=512 prod1=512 prod2=512 dac_err=0 tx_drop=43203 hb_ms=0 sma_state=6 m7_us=659751227 m4_us=657556671 vdd=5.067 offset=0.5000 aref=3.145 loop_us_avg=92 loop_us_max=5401 loop_hz=10869 cycle_log_ms=1 n_cycle=4 cc=1 cc_hz=1027 cc_i_tgt=0.1000 cc_u=0.5000 cc_r=4.8972 cc_tau_ms=7.00
[  90.199] M
[  90.833] [STATUS] t_ms=640481 hwm=5 cap=256 dropped=0 dropped_total=8323 crc_err=0 crc_err_total=0 rate1=512 rate2=512 prod1=512 prod2=512 dac_err=0 tx_drop=43203 hb_ms=0 sma_state=6 m7_us=660782786 m4_us=658588437 vdd=5.067 offset=0.5000 aref=3.145 loop_us_avg=92 loop_us_max=5394 loop_hz=10869 cycle_log_ms=1 n_cycle=4 cc=1 cc_hz=1025 cc_i_tgt=0.1000 cc_u=0.6609 cc_r=5.8474 cc_tau_ms=7.00
[  91.213] M
[  91.842] [STATUS] t_ms=641481 hwm=5 cap=256 dropped=0 dropped_total=8323 crc_err=0 crc_err_total=0 rate1=512 rate2=512 prod1=512 prod2=512 dac_err=0 tx_drop=43203 hb_ms=0 sma_state=6 m7_us=661814819 m4_us=659620207 vdd=5.067 offset=0.5000 aref=3.145 loop_us_avg=94 loop_us_max=5540 loop_hz=10638 cycle_log_ms=1 n_cycle=4 cc=1 cc_hz=1027 cc_i_tgt=0.1000 cc_u=0.5000 cc_r=5.0433 cc_tau_ms=7.00
[  92.220] M
[  92.917] [STATUS] t_ms=642481 hwm=6 cap=256 dropped=0 dropped_total=8323 crc_err=0 crc_err_total=0 rate1=512 rate2=512 prod1=512 prod2=512 dac_err=0 tx_drop=43203 hb_ms=0 sma_state=6 m7_us=662846221 m4_us=660651948 vdd=5.067 offset=0.5000 aref=3.145 loop_us_avg=93 loop_us_max=5397 loop_hz=10752 cycle_log_ms=1 n_cycle=4 cc=1 cc_hz=1025 cc_i_tgt=0.1000 cc_u=0.5002 cc_r=4.8887 cc_tau_ms=7.00
[  93.230] M
[  93.230] [ADC1] STA
[  93.926] [STATUS] t_ms=643481 hwm=5 cap=256 dropped=0 dropped_total=8323 crc_err=0 crc_err_total=0 rate1=512 rate2=512 prod1=512 prod2=512 dac_err=0 tx_drop=43203 hb_ms=0 sma_state=6 m7_us=663878248 m4_us=661683698 vdd=5.067 offset=0.5000 aref=3.145 loop_us_avg=93 loop_us_max=5404 loop_hz=10752 cycle_log_ms=1 n_cycle=4 cc=1 cc_hz=1027 cc_i_tgt=0.1000 cc_u=0.5000 cc_r=4.9136 cc_tau_ms=7.00
[  94.242] M
[  94.936] [STATUS] t_ms=644481 hwm=5 cap=256 dropped=0 dropped_total=8323 crc_err=0 crc_err_total=0 rate1=512 rate2=512 prod1=512 prod2=512 dac_err=0 tx_drop=43203 hb_ms=0 sma_state=6 m7_us=664909584 m4_us=662715455 vdd=5.067 offset=0.5000 aref=3.145 loop_us_avg=92 loop_us_max=5420 loop_hz=10869 cycle_log_ms=1 n_cycle=4 cc=1 cc_hz=1025 cc_i_tgt=0.1000 cc_u=0.5000 cc_r=4.8200 cc_tau_ms=7.00
[  95.252] M
[  96.015] [STATUS] t_ms=645481 hwm=5 cap=256 dropped=0 dropped_total=8323 crc_err=0 crc_err_total=0 rate1=512 rate2=512 prod1=512 prod2=512 dac_err=0 tx_drop=43203 hb_ms=0 sma_state=6 m7_us=665941588 m4_us=663747205 vdd=5.067 offset=0.5000 aref=3.145 loop_us_avg=94 loop_us_max=5320 loop_hz=10638 cycle_log_ms=1 n_cycle=4 cc=1 cc_hz=1027 cc_i_tgt=0.1000 cc_u=0.5099 cc_r=4.9492 cc_tau_ms=7.00
[  96.264] M
[  97.020] [STATUS] t_ms=646481 hwm=5 cap=256 dropped=0 dropped_total=8323 crc_err=0 crc_err_total=0 rate1=512 rate2=512 prod1=512 prod2=512 dac_err=0 tx_drop=43203 hb_ms=0 sma_state=6 m7_us=666973567 m4_us=664778930 vdd=5.067 offset=0.5000 aref=3.145 loop_us_avg=94 loop_us_max=5399 loop_hz=10638 cycle_log_ms=1 n_cycle=4 cc=1 cc_hz=1027 cc_i_tgt=0.1000 cc_u=0.5030 cc_r=4.9264 cc_tau_ms=7.00
[  97.272] M
[  98.085] [STATUS] t_ms=647481 hwm=6 cap=256 dropped=0 dropped_total=8323 crc_err=0 crc_err_total=0 rate1=512 rate2=512 prod1=512 prod2=512 dac_err=0 tx_drop=43203 hb_ms=0 sma_state=6 m7_us=668005034 m4_us=665810652 vdd=5.067 offset=0.5000 aref=3.145 loop_us_avg=92 loop_us_max=5388 loop_hz=10869 cycle_log_ms=1 n_cycle=4 cc=1 cc_hz=1025 cc_i_tgt=0.1000 cc_u=0.5047 cc_r=4.8823 cc_tau_ms=7.00
[  98.276] M
[  98.276] [ADC1]
[  98.276] STATUS alarm(s): 0
[  99.098] [STATUS] t_ms=648481 hwm=5 cap=256 dropped=0 dropped_total=8323 crc_err=0 crc_err_total=0 rate1=512 rate2=512 prod1=512 prod2=512 dac_err=0 tx_drop=43203 hb_ms=0 sma_state=6 m7_us=669036988 m4_us=666842393 vdd=5.067 offset=0.5000 aref=3.145 loop_us_avg=92 loop_us_max=5403 loop_hz=10869 cycle_log_ms=1 n_cycle=4 cc=1 cc_hz=1027 cc_i_tgt=0.1000 cc_u=0.6566 cc_r=6.0662 cc_tau_ms=7.00
[  99.285] M
[ 100.105] [STATUS] t_ms=649481 hwm=6 cap=256 dropped=0 dropped_total=8323 crc_err=0 crc_err_total=0 rate1=512 rate2=512 prod1=512 prod2=512 dac_err=0 tx_drop=43203 hb_ms=0 sma_state=6 m7_us=670068319 m4_us=667874117 vdd=5.067 offset=0.5000 aref=3.145 loop_us_avg=93 loop_us_max=5350 loop_hz=10752 cycle_log_ms=1 n_cycle=4 cc=1 cc_hz=1025 cc_i_tgt=0.1000 cc_u=0.5166 cc_r=5.0204 cc_tau_ms=7.00
[ 100.548] M
[ 100.548] [ADC1] STATUS alarm(s): 0x49
[ 101.184] [STATUS] t_ms=650481 hwm=137 cap=256 dropped=0 dropped_total=8323 crc_err=0 crc_err_total=0 rate1=511 rate2=511 prod1=512 prod2=512 dac_err=0 tx_drop=43203 hb_ms=0 sma_state=6 m7_us=671100372 m4_us=668905829 vdd=5.067 offset=0.5000 aref=3.145 loop_us_avg=107 loop_us_max=138203 loop_hz=9345 cycle_log_ms=1 n_cycle=4 cc=1 cc_hz=887 cc_i_tgt=0.1000 cc_u=0.6550 cc_r=6.1956 cc_tau_ms=7.00
[ 101.311] M
[ 102.195] [STATUS] t_ms=651481 hwm=6 cap=256 dropped=0 dropped_total=8323 crc_err=0 crc_err_total=0 rate1=512 rate2=512 prod1=512 prod2=512 dac_err=0 tx_drop=43203 hb_ms=0 sma_state=6 m7_us=672131801 m4_us=669937497 vdd=5.067 offset=0.5000 aref=3.145 loop_us_avg=92 loop_us_max=5526 loop_hz=10869 cycle_log_ms=1 n_cycle=4 cc=1 cc_hz=1025 cc_i_tgt=0.1000 cc_u=0.6480 cc_r=6.1771 cc_tau_ms=7.00
[ 102.320] M
[ 103.201] [STATUS] t_ms=652481 hwm=5 cap=256 dropped=0 dropped_total=8323 crc_err=0 crc_err_total=0 rate1=512 rate2=512 prod1=512 prod2=512 dac_err=0 tx_drop=43203 hb_ms=0 sma_state=6 m7_us=673163808 m4_us=670969212 vdd=5.067 offset=0.5000 aref=3.145 loop_us_avg=92 loop_us_max=5400 loop_hz=10869 cycle_log_ms=1 n_cycle=4 cc=1 cc_hz=1027 cc_i_tgt=0.1000 cc_u=0.6399 cc_r=6.1598 cc_tau_ms=7.00
[ 103.327] M
[ 103.327] [ADC
[ 103.327] 1] STATUS alarm(s):
[ 104.273] [STATUS] t_ms=653481 hwm=6 cap=256 dropped=0 dropped_total=8323 crc_err=0 crc_err_total=0 rate1=512 rate2=512 prod1=512 prod2=512 dac_err=0 tx_drop=43203 hb_ms=0 sma_state=6 m7_us=674195169 m4_us=672000975 vdd=5.067 offset=0.5000 aref=3.145 loop_us_avg=92 loop_us_max=5399 loop_hz=10869 cycle_log_ms=1 n_cycle=4 cc=1 cc_hz=1025 cc_i_tgt=0.1000 cc_u=0.5062 cc_r=5.3215 cc_tau_ms=7.00
[ 104.336] M
[ 104.336] [A
[ 104.462] [SMA] [ACT] heat n=5/6 I=850.0mA ms=300
[ 104.780] [SMA] [ACT] cool n=5/6 I=100.0mA ms=25000
[ 105.280] [STATUS] t_ms=654481 hwm=5 cap=256 dropped=0 dropped_total=8323 crc_err=0 crc_err_total=0 rate1=512 rate2=512 prod1=512 prod2=512 dac_err=0 tx_drop=43203 hb_ms=0 sma_state=6 m7_us=675227226 m4_us=673032713 vdd=5.067 offset=0.5000 aref=3.145 loop_us_avg=92 loop_us_max=5350 loop_hz=10869 cycle_log_ms=1 n_cycle=4 cc=1 cc_hz=1025 cc_i_tgt=0.1000 cc_u=0.6247 cc_r=5.5214 cc_tau_ms=7.00
[ 105.343] M
[ 106.290] [STATUS] t_ms=655481 hwm=5 cap=256 dropped=0 dropped_total=8323 crc_err=0 crc_err_total=0 rate1=512 rate2=512 prod1=512 prod2=512 dac_err=0 tx_drop=43203 hb_ms=0 sma_state=6 m7_us=676258750 m4_us=674064498 vdd=5.067 offset=0.5000 aref=3.145 loop_us_avg=92 loop_us_max=5408 loop_hz=10869 cycle_log_ms=1 n_cycle=4 cc=1 cc_hz=1025 cc_i_tgt=0.1000 cc_u=0.5139 cc_r=5.6909 cc_tau_ms=7.00
[ 106.353] M
[ 107.360] M
[ 107.360] [STATUS] t_ms=656481 hwm=5 cap=256 dropped=0 dropped_total=8323 crc_err=0 crc_err_total=0 rate1=512 rate2=512 prod1=512 prod2=512 dac_err=0 tx_drop=43203 hb_ms=0 sma_state=6 m7_us=677290784 m4_us=675096258 vdd=5.067 offset=0.5000 aref=3.145 loop_us_avg=93 loop_us_max=5427 loop_hz=10752 cycle_log_ms=1 n_cycle=4 cc=1 cc_hz=1027 cc_i_tgt=0.1000 cc_u=0.5785 cc_r=5.8352 cc_tau_ms=7.00
[ 108.369] M
[ 108.369] [STATUS] t_ms=657481 hwm=5 cap=256 dropped=0 dropped_total=8323 crc_err=0 crc_err_total=0 rate1=512 rate2=512 prod1=512 prod2=512 dac_err=0 tx_drop=43203 hb_ms=0 sma_state=6 m7_us=678322215 m4_us=676127996 vdd=5.067 offset=0.5000 aref=3.145 loop_us_avg=93 loop_us_max=5412 loop_hz=10752 cycle_log_ms=1 n_cycle=4 cc=1 cc_hz=1025 cc_i_tgt=0.1000 cc_u=0.5000 cc_r=4.9754 cc_tau_ms=7.00
[ 109.319] M
[ 109.319] [ADC1] STATUS alarm(s): 0x9
[ 109.383] [STATUS] t_ms=658481 hwm=5 cap=256 dropped=0 dropped_total=8323 crc_err=0 crc_err_total=0 rate1=512 rate2=512 prod1=512 prod2=512 dac_err=0 tx_drop=43203 hb_ms=0 sma_state=6 m7_us=679354259 m4_us=677159724 vdd=5.067 offset=0.5000 aref=3.145 loop_us_avg=93 loop_us_max=5455 loop_hz=10752 cycle_log_ms=1 n_cycle=4 cc=1 cc_hz=1027 cc_i_tgt=0.1000 cc_u=0.5243 cc_r=4.8858 cc_tau_ms=7.00
[ 110.327] [ADC1] STATUS ala
[ 110.454] [STATUS] t_ms=659481 hwm=5 cap=256 dropped=0 dropped_total=8323 crc_err=0 crc_err_total=0 rate1=512 rate2=512 prod1=512 prod2=512 dac_err=0 tx_drop=43203 hb_ms=0 sma_state=6 m7_us=680385666 m4_us=678191449 vdd=5.067 offset=0.5000 aref=3.145 loop_us_avg=93 loop_us_max=5403 loop_hz=10752 cycle_log_ms=1 n_cycle=4 cc=1 cc_hz=1025 cc_i_tgt=0.1000 cc_u=0.6103 cc_r=6.0563 cc_tau_ms=7.00
[ 111.468] [STATUS] t_ms=660481 hwm=5 cap=256 dropped=0 dropped_total=8323 crc_err=0 crc_err_total=0 rate1=512 rate2=512 prod1=512 prod2=512 dac_err=0 tx_drop=43203 hb_ms=0 sma_state=6 m7_us=681417698 m4_us=679223218 vdd=5.067 offset=0.5000 aref=3.145 loop_us_avg=94 loop_us_max=5423 loop_hz=10638 cycle_log_ms=1 n_cycle=4 cc=1 cc_hz=1027 cc_i_tgt=0.1000 cc_u=0.5515 cc_r=5.2210 cc_tau_ms=7.00
[ 112.478] [STATUS] t_ms=661481 hwm=6 cap=256 dropped=0 dropped_total=8323 crc_err=0 crc_err_total=0 rate1=512 rate2=512 prod1=512 prod2=512 dac_err=0 tx_drop=43203 hb_ms=0 sma_state=6 m7_us=682449146 m4_us=680254988 vdd=5.067 offset=0.5000 aref=3.145 loop_us_avg=93 loop_us_max=5511 loop_hz=10752 cycle_log_ms=1 n_cycle=4 cc=1 cc_hz=1025 cc_i_tgt=0.1000 cc_u=0.5069 cc_r=4.9867 cc_tau_ms=7.00
[ 113.555] [STATUS] t_ms=662481 hwm=5 cap=256 dropped=0 dropped_total=8323 crc_err=0 crc_err_total=0 rate1=512 rate2=512 prod1=512 prod2=512 dac_err=0 tx_drop=43203 hb_ms=0 sma_state=6 m7_us=683481155 m4_us=681286751 vdd=5.067 offset=0.5000 aref=3.145 loop_us_avg=92 loop_us_max=5329 loop_hz=10869 cycle_log_ms=1 n_cycle=4 cc=1 cc_hz=1027 cc_i_tgt=0.1000 cc_u=0.5000 cc_r=4.8341 cc_tau_ms=7.00
[ 114.569] [STATUS] t_ms=663481 hwm=5 cap=256 dropped=0 dropped_total=8323 crc_err=0 crc_err_total=0 rate1=512 rate2=512 prod1=512 prod2=512 dac_err=0 tx_drop=43203 hb_ms=0 sma_state=6 m7_us=684513122 m4_us=682318489 vdd=5.067 offset=0.5000 aref=3.145 loop_us_avg=92 loop_us_max=5406 loop_hz=10869 cycle_log_ms=1 n_cycle=4 cc=1 cc_hz=1027 cc_i_tgt=0.1000 cc_u=0.5000 cc_r=4.8589 cc_tau_ms=7.00
[ 115.388] [ADC1] S
[ 115.576] [STATUS] t_ms=664481 hwm=6 cap=256 dropped=0 dropped_total=8323 crc_err=0 crc_err_total=0 rate1=512 rate2=512 prod1=512 prod2=512 dac_err=0 tx_drop=43203 hb_ms=0 sma_state=6 m7_us=685544512 m4_us=683350245 vdd=5.067 offset=0.5000 aref=3.145 loop_us_avg=93 loop_us_max=5345 loop_hz=10752 cycle_log_ms=1 n_cycle=4 cc=1 cc_hz=1025 cc_i_tgt=0.1000 cc_u=0.5005 cc_r=5.0657 cc_tau_ms=7.00
[ 116.650] [STATUS] t_ms=665481 hwm=5 cap=256 dropped=0 dropped_total=8323 crc_err=0 crc_err_total=0 rate1=512 rate2=512 prod1=512 prod2=512 dac_err=0 tx_drop=43203 hb_ms=0 sma_state=6 m7_us=686576518 m4_us=684382018 vdd=5.067 offset=0.5000 aref=3.145 loop_us_avg=92 loop_us_max=5414 loop_hz=10869 cycle_log_ms=1 n_cycle=4 cc=1 cc_hz=1027 cc_i_tgt=0.1000 cc_u=0.5062 cc_r=4.8581 cc_tau_ms=7.00
[ 117.663] [STATUS] t_ms=666481 hwm=5 cap=256 dropped=0 dropped_total=8323 crc_err=0 crc_err_total=0 rate1=512 rate2=512 prod1=512 prod2=512 dac_err=0 tx_drop=43203 hb_ms=0 sma_state=6 m7_us=687608476 m4_us=685413813 vdd=5.067 offset=0.5000 aref=3.145 loop_us_avg=91 loop_us_max=5407 loop_hz=10989 cycle_log_ms=1 n_cycle=4 cc=1 cc_hz=1027 cc_i_tgt=0.1000 cc_u=0.5000 cc_r=4.8898 cc_tau_ms=7.00
[ 118.669] [STATUS] t_ms=667481 hwm=6 cap=256 dropped=0 dropped_total=8323 crc_err=0 crc_err_total=0 rate1=512 rate2=512 prod1=512 prod2=512 dac_err=0 tx_drop=43203 hb_ms=0 sma_state=6 m7_us=688639878 m4_us=686445551 vdd=5.067 offset=0.5000 aref=3.145 loop_us_avg=93 loop_us_max=5349 loop_hz=10752 cycle_log_ms=1 n_cycle=4 cc=1 cc_hz=1025 cc_i_tgt=0.1000 cc_u=0.5000 cc_r=4.8530 cc_tau_ms=7.00
[ 119.430] [ADC1]
[ 119.430] STATUS alarm(s): 0x
[ 119.746] [STATUS] t_ms=668481 hwm=5 cap=256 dropped=0 dropped_total=8323 crc_err=0 crc_err_total=0 rate1=512 rate2=512 prod1=512 prod2=512 dac_err=0 tx_drop=43203 hb_ms=0 sma_state=6 m7_us=689671915 m4_us=687477289 vdd=5.067 offset=0.5000 aref=3.145 loop_us_avg=93 loop_us_max=5409 loop_hz=10752 cycle_log_ms=1 n_cycle=4 cc=1 cc_hz=1027 cc_i_tgt=0.1000 cc_u=0.5025 cc_r=4.8970 cc_tau_ms=7.00
[ 120.445] [AD
[ 120.762] [STATUS] t_ms=669481 hwm=6 cap=256 dropped=0 dropped_total=8323 crc_err=0 crc_err_total=0 rate1=512 rate2=512 prod1=512 prod2=512 dac_err=0 tx_drop=43203 hb_ms=0 sma_state=6 m7_us=690703271 m4_us=688509039 vdd=5.067 offset=0.5000 aref=3.145 loop_us_avg=92 loop_us_max=5400 loop_hz=10869 cycle_log_ms=1 n_cycle=4 cc=1 cc_hz=1025 cc_i_tgt=0.1000 cc_u=0.5070 cc_r=4.8979 cc_tau_ms=7.00
[ 121.768] [STATUS] t_ms=670481 hwm=5 cap=256 dropped=0 dropped_total=8323 crc_err=0 crc_err_total=0 rate1=512 rate2=512 prod1=512 prod2=512 dac_err=0 tx_drop=43203 hb_ms=0 sma_state=6 m7_us=691735275 m4_us=689540783 vdd=5.067 offset=0.5000 aref=3.145 loop_us_avg=93 loop_us_max=5399 loop_hz=10752 cycle_log_ms=1 n_cycle=4 cc=1 cc_hz=1027 cc_i_tgt=0.1000 cc_u=0.5000 cc_r=4.8752 cc_tau_ms=7.00
[ 122.849] [STATUS] t_ms=671481 hwm=5 cap=256 dropped=0 dropped_total=8323 crc_err=0 crc_err_total=0 rate1=512 rate2=512 prod1=512 prod2=512 dac_err=0 tx_drop=43203 hb_ms=0 sma_state=6 m7_us=692766680 m4_us=690572514 vdd=5.067 offset=0.5000 aref=3.145 loop_us_avg=93 loop_us_max=5401 loop_hz=10752 cycle_log_ms=1 n_cycle=4 cc=1 cc_hz=1025 cc_i_tgt=0.1000 cc_u=0.5006 cc_r=4.9240 cc_tau_ms=7.00
[ 123.857] [STATUS] t_ms=672481 hwm=5 cap=256 dropped=0 dropped_total=8323 crc_err=0 crc_err_total=0 rate1=512 rate2=512 prod1=512 prod2=512 dac_err=0 tx_drop=43203 hb_ms=0 sma_state=6 m7_us=693798823 m4_us=691604255 vdd=5.067 offset=0.5000 aref=3.145 loop_us_avg=92 loop_us_max=5502 loop_hz=10869 cycle_log_ms=1 n_cycle=4 cc=1 cc_hz=1027 cc_i_tgt=0.1000 cc_u=0.5059 cc_r=4.9347 cc_tau_ms=7.00
[ 124.487] [ADC1] STATUS alarm(s): 0xC9
[ 124.865] [STATUS] t_ms=673481 hwm=6 cap=256 dropped=0 dropped_total=8323 crc_err=0 crc_err_total=0 rate1=512 rate2=512 prod1=512 prod2=512 dac_err=0 tx_drop=43203 hb_ms=0 sma_state=6 m7_us=694830226 m4_us=692635993 vdd=5.067 offset=0.5000 aref=3.145 loop_us_avg=92 loop_us_max=5399 loop_hz=10869 cycle_log_ms=1 n_cycle=4 cc=1 cc_hz=1025 cc_i_tgt=0.1000 cc_u=0.5043 cc_r=4.8816 cc_tau_ms=7.00
[ 125.496] ALM
[ 125.496] [AD
[ 125.496] C1] STATUS alarm(s
[ 125.938] [STATUS] t_ms=674481 hwm=5 cap=256 dropped=0 dropped_total=8323 crc_err=0 crc_err_total=0 rate1=512 rate2=512 prod1=512 prod2=512 dac_err=0 tx_drop=43203 hb_ms=0 sma_state=6 m7_us=695862233 m4_us=693667711 vdd=5.067 offset=0.5000 aref=3.145 loop_us_avg=92 loop_us_max=5432 loop_hz=10869 cycle_log_ms=1 n_cycle=4 cc=1 cc_hz=1027 cc_i_tgt=0.1000 cc_u=0.5013 cc_r=4.8777 cc_tau_ms=7.00
[ 126.446] ALM
[ 126.952] [STATUS] t_ms=675481 hwm=5 cap=256 dropped=0 dropped_total=8323 crc_err=0 crc_err_total=0 rate1=512 rate2=512 prod1=512 prod2=512 dac_err=0 tx_drop=43203 hb_ms=0 sma_state=6 m7_us=696893645 m4_us=694699439 vdd=5.067 offset=0.5000 aref=3.145 loop_us_avg=93 loop_us_max=5404 loop_hz=10752 cycle_log_ms=1 n_cycle=4 cc=1 cc_hz=1025 cc_i_tgt=0.1000 cc_u=0.5000 cc_r=4.8752 cc_tau_ms=7.00
[ 127.459] ALM
[ 127.966] [STATUS] t_ms=676481 hwm=5 cap=256 dropped=0 dropped_total=8323 crc_err=0 crc_err_total=0 rate1=512 rate2=512 prod1=512 prod2=512 dac_err=0 tx_drop=43203 hb_ms=0 sma_state=6 m7_us=697925676 m4_us=695731193 vdd=5.067 offset=0.5000 aref=3.145 loop_us_avg=94 loop_us_max=5413 loop_hz=10638 cycle_log_ms=1 n_cycle=4 cc=1 cc_hz=1027 cc_i_tgt=0.1000 cc_u=0.5071 cc_r=4.8836 cc_tau_ms=7.00
[ 128.469] ALM
[ 129.037] [STATUS] t_ms=677481 hwm=5 cap=256 dropped=0 dropped_total=8323 crc_err=0 crc_err_total=0 rate1=512 rate2=512 prod1=512 prod2=512 dac_err=0 tx_drop=43203 hb_ms=0 sma_state=6 m7_us=698957127 m4_us=696762959 vdd=5.067 offset=0.5000 aref=3.145 loop_us_avg=93 loop_us_max=5396 loop_hz=10752 cycle_log_ms=1 n_cycle=4 cc=1 cc_hz=1025 cc_i_tgt=0.1000 cc_u=0.5112 cc_r=4.8970 cc_tau_ms=7.00
[ 129.481] ALM
[ 130.046] [STATUS] t_ms=678481 hwm=5 cap=256 dropped=0 dropped_total=8323 crc_err=0 crc_err_total=0 rate1=512 rate2=512 prod1=512 prod2=512 dac_err=0 tx_drop=43203 hb_ms=0 sma_state=6 m7_us=699989134 m4_us=697794706 vdd=5.067 offset=0.5000 aref=3.145 loop_us_avg=92 loop_us_max=5334 loop_hz=10869 cycle_log_ms=1 n_cycle=4 cc=1 cc_hz=1027 cc_i_tgt=0.1000 cc_u=0.5000 cc_r=4.8657 cc_tau_ms=7.00
[ 130.489] ALM
[ 130.489] [ADC1] STATUS
[ 130.551] [SMA] [ACT] heat n=6/6 I=850.0mA ms=300
[ 130.869] [SMA] [ACT] cool n=6/6 I=100.0mA ms=25000
[ 131.060] [STATUS] t_ms=679481 hwm=5 cap=256 dropped=0 dropped_total=8323 crc_err=0 crc_err_total=0 rate1=512 rate2=512 prod1=512 prod2=512 dac_err=0 tx_drop=43203 hb_ms=0 sma_state=6 m7_us=701021080 m4_us=698826441 vdd=5.067 offset=0.5000 aref=3.145 loop_us_avg=92 loop_us_max=5401 loop_hz=10869 cycle_log_ms=1 n_cycle=4 cc=1 cc_hz=1025 cc_i_tgt=0.1000 cc_u=0.5266 cc_r=4.8093 cc_tau_ms=7.00
[ 131.503] _ALM
[ 131.503] [AD
[ 132.133] [STATUS] t_ms=680481 hwm=6 cap=256 dropped=0 dropped_total=8323 crc_err=0 crc_err_total=0 rate1=512 rate2=512 prod1=512 prod2=512 dac_err=0 tx_drop=43203 hb_ms=0 sma_state=6 m7_us=702052522 m4_us=699858188 vdd=5.067 offset=0.5000 aref=3.145 loop_us_avg=92 loop_us_max=5428 loop_hz=10869 cycle_log_ms=1 n_cycle=4 cc=1 cc_hz=1025 cc_i_tgt=0.1000 cc_u=0.5535 cc_r=5.6310 cc_tau_ms=7.00
[ 132.513] _ALM
[ 133.140] [STATUS] t_ms=681481 hwm=5 cap=256 dropped=0 dropped_total=8323 crc_err=0 crc_err_total=0 rate1=512 rate2=512 prod1=512 prod2=512 dac_err=0 tx_drop=43203 hb_ms=0 sma_state=6 m7_us=703084487 m4_us=700889890 vdd=5.067 offset=0.5000 aref=3.145 loop_us_avg=92 loop_us_max=5406 loop_hz=10869 cycle_log_ms=1 n_cycle=4 cc=1 cc_hz=1027 cc_i_tgt=0.1000 cc_u=0.5000 cc_r=5.0317 cc_tau_ms=7.00
[ 133.521] _AL
[ 133.521] M
[ 134.155] [STATUS] t_ms=682481 hwm=6 cap=256 dropped=0 dropped_total=8323 crc_err=0 crc_err_total=0 rate1=512 rate2=512 prod1=512 prod2=512 dac_err=0 tx_drop=43203 hb_ms=0 sma_state=6 m7_us=704115880 m4_us=701921583 vdd=5.067 offset=0.5000 aref=3.145 loop_us_avg=92 loop_us_max=5343 loop_hz=10869 cycle_log_ms=1 n_cycle=4 cc=1 cc_hz=1025 cc_i_tgt=0.1000 cc_u=0.5000 cc_r=4.9320 cc_tau_ms=7.00
[ 134.535] _ALM
[ 135.230] [STATUS] t_ms=683481 hwm=5 cap=256 dropped=0 dropped_total=8323 crc_err=0 crc_err_total=0 rate1=512 rate2=512 prod1=512 prod2=512 dac_err=0 tx_drop=43203 hb_ms=0 sma_state=6 m7_us=705147890 m4_us=702953327 vdd=5.067 offset=0.5000 aref=3.145 loop_us_avg=92 loop_us_max=5400 loop_hz=10869 cycle_log_ms=1 n_cycle=4 cc=1 cc_hz=1027 cc_i_tgt=0.1000 cc_u=0.6541 cc_r=5.7122 cc_tau_ms=7.00
[ 135.546] _ALM
[ 135.546] [ADC1] STATUS alarm(s): 0x49
[ 136.242] [STATUS] t_ms=684481 hwm=6 cap=256 dropped=0 dropped_total=8323 crc_err=0 crc_err_total=0 rate1=512 rate2=512 prod1=512 prod2=512 dac_err=0 tx_drop=43203 hb_ms=0 sma_state=6 m7_us=706179216 m4_us=703985061 vdd=5.067 offset=0.5000 aref=3.145 loop_us_avg=92 loop_us_max=5413 loop_hz=10869 cycle_log_ms=1 n_cycle=4 cc=1 cc_hz=1025 cc_i_tgt=0.1000 cc_u=0.5802 cc_r=6.0237 cc_tau_ms=7.00
[ 136.557] _ALM
[ 136.557] [ADC1] STATUS a
[ 137.255] [STATUS] t_ms=685481 hwm=5 cap=256 dropped=0 dropped_total=8323 crc_err=0 crc_err_total=0 rate1=512 rate2=512 prod1=512 prod2=512 dac_err=0 tx_drop=43203 hb_ms=0 sma_state=6 m7_us=707211239 m4_us=705016850 vdd=5.067 offset=0.5000 aref=3.145 loop_us_avg=94 loop_us_max=5350 loop_hz=10638 cycle_log_ms=1 n_cycle=4 cc=1 cc_hz=1027 cc_i_tgt=0.1000 cc_u=0.5079 cc_r=5.3017 cc_tau_ms=7.00
[ 137.571] _ALM
[ 138.324] [STATUS] t_ms=686481 hwm=5 cap=256 dropped=0 dropped_total=8323 crc_err=0 crc_err_total=0 rate1=512 rate2=512 prod1=512 prod2=512 dac_err=0 tx_drop=43203 hb_ms=0 sma_state=6 m7_us=708243237 m4_us=706048665 vdd=5.067 offset=0.5000 aref=3.145 loop_us_avg=93 loop_us_max=5394 loop_hz=10752 cycle_log_ms=1 n_cycle=4 cc=1 cc_hz=1027 cc_i_tgt=0.1000 cc_u=0.5000 cc_r=4.8478 cc_tau_ms=7.00
[ 138.576] _ALM
[ 139.334] [STATUS] t_ms=687481 hwm=6 cap=256 dropped=0 dropped_total=8323 crc_err=0 crc_err_total=0 rate1=512 rate2=512 prod1=512 prod2=512 dac_err=0 tx_drop=43203 hb_ms=0 sma_state=6 m7_us=709274720 m4_us=707080476 vdd=5.067 offset=0.5000 aref=3.145 loop_us_avg=92 loop_us_max=5467 loop_hz=10869 cycle_log_ms=1 n_cycle=4 cc=1 cc_hz=1025 cc_i_tgt=0.1000 cc_u=0.6123 cc_r=6.0565 cc_tau_ms=7.00
[ 139.588] _ALM
[ 140.347] [STATUS] t_ms=688481 hwm=5 cap=256 dropped=0 dropped_total=8323 crc_err=0 crc_err_total=0 rate1=512 rate2=512 prod1=512 prod2=512 dac_err=0 tx_drop=43203 hb_ms=0 sma_state=6 m7_us=710306885 m4_us=708112258 vdd=5.067 offset=0.5000 aref=3.145 loop_us_avg=92 loop_us_max=5502 loop_hz=10869 cycle_log_ms=1 n_cycle=4 cc=1 cc_hz=1027 cc_i_tgt=0.1000 cc_u=0.5074 cc_r=4.8583 cc_tau_ms=7.00
[ 140.600] _ALM
[ 140.600] [
[ 140.600] ADC1] STATUS alarm(
[ 141.421] [STATUS] t_ms=689481 hwm=6 cap=256 dropped=0 dropped_total=8323 crc_err=0 crc_err_total=0 rate1=512 rate2=512 prod1=512 prod2=512 dac_err=0 tx_drop=43203 hb_ms=0 sma_state=6 m7_us=711338303 m4_us=709144005 vdd=5.067 offset=0.5000 aref=3.145 loop_us_avg=93 loop_us_max=5453 loop_hz=10752 cycle_log_ms=1 n_cycle=4 cc=1 cc_hz=1025 cc_i_tgt=0.1000 cc_u=0.5000 cc_r=4.8956 cc_tau_ms=7.00
[ 141.610] _ALM
[ 141.610] [ADC1] STATUS al
[ 142.435] [STATUS] t_ms=690481 hwm=5 cap=256 dropped=0 dropped_total=8323 crc_err=0 crc_err_total=0 rate1=512 rate2=512 prod1=512 prod2=512 dac_err=0 tx_drop=43203 hb_ms=0 sma_state=6 m7_us=712370311 m4_us=710175807 vdd=5.067 offset=0.5000 aref=3.145 loop_us_avg=92 loop_us_max=5424 loop_hz=10869 cycle_log_ms=1 n_cycle=4 cc=1 cc_hz=1027 cc_i_tgt=0.1000 cc_u=0.6043 cc_r=6.0741 cc_tau_ms=7.00
[ 142.625] _ALM
[ 143.446] [STATUS] t_ms=691481 hwm=5 cap=256 dropped=0 dropped_total=8323 crc_err=0 crc_err_total=0 rate1=512 rate2=512 prod1=512 prod2=512 dac_err=0 tx_drop=43203 hb_ms=0 sma_state=6 m7_us=713401728 m4_us=711207573 vdd=5.067 offset=0.5000 aref=3.145 loop_us_avg=91 loop_us_max=5401 loop_hz=10989 cycle_log_ms=1 n_cycle=4 cc=1 cc_hz=1025 cc_i_tgt=0.1000 cc_u=0.6215 cc_r=6.3582 cc_tau_ms=7.00
[ 143.636] _ALM
[ 144.463] [STATUS] t_ms=692481 hwm=5 cap=256 dropped=0 dropped_total=8323 crc_err=0 crc_err_total=0 rate1=512 rate2=512 prod1=512 prod2=512 dac_err=0 tx_drop=43203 hb_ms=0 sma_state=6 m7_us=714433888 m4_us=712239343 vdd=5.067 offset=0.5000 aref=3.145 loop_us_avg=94 loop_us_max=5362 loop_hz=10638 cycle_log_ms=1 n_cycle=4 cc=1 cc_hz=1027 cc_i_tgt=0.1000 cc_u=0.5000 cc_r=4.8736 cc_tau_ms=7.00
[ 144.591] _ALM
[ 145.537] [STATUS] t_ms=693481 hwm=5 cap=256 dropped=0 dropped_total=8323 crc_err=0 crc_err_total=0 rate1=512 rate2=512 prod1=512 prod2=512 dac_err=0 tx_drop=43203 hb_ms=0 sma_state=6 m7_us=715465292 m4_us=713271125 vdd=5.067 offset=0.5000 aref=3.145 loop_us_avg=93 loop_us_max=5509 loop_hz=10752 cycle_log_ms=1 n_cycle=4 cc=1 cc_hz=1025 cc_i_tgt=0.1000 cc_u=0.5090 cc_r=4.8975 cc_tau_ms=7.00
[ 145.601] _ALM
[ 146.548] [STATUS] t_ms=694481 hwm=5 cap=256 dropped=0 dropped_total=8323 crc_err=0 crc_err_total=0 rate1=512 rate2=512 prod1=512 prod2=512 dac_err=0 tx_drop=43203 hb_ms=0 sma_state=6 m7_us=716497292 m4_us=714302937 vdd=5.067 offset=0.5000 aref=3.145 loop_us_avg=94 loop_us_max=5341 loop_hz=10638 cycle_log_ms=1 n_cycle=4 cc=1 cc_hz=1027 cc_i_tgt=0.1000 cc_u=0.5166 cc_r=4.9548 cc_tau_ms=7.00
[ 146.611] _ALM
[ 146.611] [ADC
[ 147.559] [STATUS] t_ms=695481 hwm=5 cap=256 dropped=0 dropped_total=8323 crc_err=0 crc_err_total=0 rate1=512 rate2=512 prod1=512 prod2=512 dac_err=0 tx_drop=43203 hb_ms=0 sma_state=6 m7_us=717529305 m4_us=715334735 vdd=5.067 offset=0.5000 aref=3.145 loop_us_avg=94 loop_us_max=5403 loop_hz=10638 cycle_log_ms=1 n_cycle=4 cc=1 cc_hz=1027 cc_i_tgt=0.1000 cc_u=0.5000 cc_r=4.9061 cc_tau_ms=7.00
[ 147.622] _ALM
[ 148.635] [STATUS] t_ms=696481 hwm=6 cap=256 dropped=0 dropped_total=8323 crc_err=0 crc_err_total=0 rate1=512 rate2=512 prod1=512 prod2=512 dac_err=0 tx_drop=43203 hb_ms=0 sma_state=6 m7_us=718560708 m4_us=716366559 vdd=5.067 offset=0.5000 aref=3.145 loop_us_avg=93 loop_us_max=5396 loop_hz=10752 cycle_log_ms=1 n_cycle=4 cc=1 cc_hz=1025 cc_i_tgt=0.1000 cc_u=0.5039 cc_r=4.8846 cc_tau_ms=7.00
[ 148.635] _AL
[ 148.635] M
[ 148.635] [ADC1] STATUS a
[ 149.645] [STATUS] t_ms=697481 hwm=5 cap=256 dropped=0 dropped_total=8323 crc_err=0 crc_err_total=0 rate1=512 rate2=512 prod1=512 prod2=512 dac_err=0 tx_drop=43203 hb_ms=0 sma_state=6 m7_us=719592733 m4_us=717398396 vdd=5.067 offset=0.5000 aref=3.145 loop_us_avg=93 loop_us_max=5321 loop_hz=10752 cycle_log_ms=1 n_cycle=4 cc=1 cc_hz=1027 cc_i_tgt=0.1000 cc_u=0.5000 cc_r=4.9213 cc_tau_ms=7.00
[ 149.645] _ALM
[ 149.645] [ADC1] S
[ 149.645] TATUS alarm(s): 0x4
[ 150.648] _ALM
[ 150.648] [STATUS] t_ms=698481 hwm=5 cap=256 dropped=0 dropped_total=8323 crc_err=0 crc_err_total=0 rate1=512 rate2=512 prod1=512 prod2=512 dac_err=0 tx_drop=43203 hb_ms=0 sma_state=6 m7_us=720624718 m4_us=718430223 vdd=5.067 offset=0.5000 aref=3.145 loop_us_avg=92 loop_us_max=5405 loop_hz=10869 cycle_log_ms=1 n_cycle=4 cc=1 cc_hz=1027 cc_i_tgt=0.1000 cc_u=0.5000 cc_r=4.8893 cc_tau_ms=7.00
[ 151.658] _ALM
[ 151.721] [STATUS] t_ms=699481 hwm=5 cap=256 dropped=0 dropped_total=8323 crc_err=0 crc_err_total=0 rate1=512 rate2=512 prod1=512 prod2=512 dac_err=0 tx_drop=43203 hb_ms=0 sma_state=6 m7_us=721656695 m4_us=719462015 vdd=5.067 offset=0.5000 aref=3.145 loop_us_avg=93 loop_us_max=5399 loop_hz=10752 cycle_log_ms=1 n_cycle=4 cc=1 cc_hz=1027 cc_i_tgt=0.1000 cc_u=0.5000 cc_r=4.8506 cc_tau_ms=7.00
[ 152.673] _ALM
[ 152.673] [ADC
[ 152.673] 1] STATUS alarm(s
[ 152.737] [STATUS] t_ms=700481 hwm=6 cap=256 dropped=0 dropped_total=8323 crc_err=0 crc_err_total=0 rate1=512 rate2=512 prod1=512 prod2=512 dac_err=0 tx_drop=43203 hb_ms=0 sma_state=6 m7_us=722688104 m4_us=720493749 vdd=5.067 offset=0.5000 aref=3.145 loop_us_avg=94 loop_us_max=5371 loop_hz=10638 cycle_log_ms=1 n_cycle=4 cc=1 cc_hz=1025 cc_i_tgt=0.1000 cc_u=0.5044 cc_r=4.9291 cc_tau_ms=7.00
[ 153.676] _ALM
[ 153.803] [STATUS] t_ms=701481 hwm=5 cap=256 dropped=0 dropped_total=8323 crc_err=0 crc_err_total=0 rate1=512 rate2=512 prod1=512 prod2=512 dac_err=0 tx_drop=43203 hb_ms=0 sma_state=6 m7_us=723720128 m4_us=721525497 vdd=5.067 offset=0.5000 aref=3.145 loop_us_avg=93 loop_us_max=5398 loop_hz=10752 cycle_log_ms=1 n_cycle=4 cc=1 cc_hz=1027 cc_i_tgt=0.1000 cc_u=0.5000 cc_r=4.8855 cc_tau_ms=7.00
[ 154.685] _ALM
[ 154.814] [STATUS] t_ms=702481 hwm=6 cap=256 dropped=0 dropped_total=8323 crc_err=0 crc_err_total=0 rate1=512 rate2=512 prod1=512 prod2=512 dac_err=0 tx_drop=43203 hb_ms=0 sma_state=6 m7_us=724751487 m4_us=722557237 vdd=5.067 offset=0.5000 aref=3.145 loop_us_avg=93 loop_us_max=5422 loop_hz=10752 cycle_log_ms=1 n_cycle=4 cc=1 cc_hz=1025 cc_i_tgt=0.1000 cc_u=0.6024 cc_r=5.8154 cc_tau_ms=7.00
