[   0.060] [SMA] VDD_MCP=5.067 V -> range 0.500 - 5.567 V
[   0.060] [STATUS] t_ms=22881 hwm=3 cap=256 dropped=0 dropped_total=0 crc_err=0 crc_err_total=0 rate1=512 rate2=512 prod1=512 prod2=512 dac_err=0 tx_drop=649376 hb_ms=0 sma_state=0 m7_us=23574667 m4_us=21379969 vdd=5.067 offset=0.5000 aref=3.145 loop_us_avg=20 loop_us_max=2961 loop_hz=50000 cycle_log_ms=1 n_cycle=4 cc=0 cc_hz=0 cc_i_tgt=0.0000 cc_u=0.0000 cc_r=0.0000 cc_tau_ms=7.00
[   0.060] [SMA] V_OFFSET=0.5000 V
[   0.060] M
[   0.060] [STATUS] t_ms=23954 hwm=256 cap=256 dropped=697 dropped_total=697 crc_err=0 crc_err_total=0 rate1=97 rate2=96 prod1=188 prod2=187 dac_err=0 tx_drop=649376 hb_ms=0 sma_state=0 m7_us=24683266 m4_us=21590931 vdd=5.067 offset=0.5000 aref=3.145 loop_us_avg=159 loop_us_max=962596 loop_hz=6289 cycle_log_ms=1 n_cycle=4 cc=0 cc_hz=0 cc_i_tgt=0.0000 cc_u=0.0000 cc_r=0.0000 cc_tau_ms=7.00
[   0.060] [SMA] ISENSE_OFFSET=0.0167 V
[   0.060] [SMA] ARMED (MOSFET on); idle=0.500 V
[   0.060] [SMA] [CC] start i_high=100.0mA i_low=0.0mA t_high=20000 t_idle=0 n=1 (0=cont) tau_ms=7.0 wdt_ms=5000
[   0.060] [SMA] [ACT] heat n=1/1 I=100.0mA ms=20000
[   0.757] M
[   1.074] [STATUS] t_ms=24954 hwm=195 cap=256 dropped=0 dropped_total=697 crc_err=0 crc_err_total=0 rate1=608 rate2=606 prod1=512 prod2=512 dac_err=0 tx_drop=649376 hb_ms=0 sma_state=5 m7_us=25717080 m4_us=23523380 vdd=5.067 offset=0.5000 aref=3.145 loop_us_avg=93 loop_us_max=4891 loop_hz=10752 cycle_log_ms=1 n_cycle=4 cc=1 cc_hz=1018 cc_i_tgt=0.1000 cc_u=0.5068 cc_r=5.0089 cc_tau_ms=7.00
[   1.771] M
[   2.089] [STATUS] t_ms=25954 hwm=3 cap=256 dropped=0 dropped_total=697 crc_err=0 crc_err_total=0 rate1=512 rate2=511 prod1=512 prod2=511 dac_err=0 tx_drop=649376 hb_ms=0 sma_state=5 m7_us=26749458 m4_us=24555731 vdd=5.067 offset=0.5000 aref=3.145 loop_us_avg=93 loop_us_max=2899 loop_hz=10752 cycle_log_ms=1 n_cycle=4 cc=1 cc_hz=1026 cc_i_tgt=0.1000 cc_u=0.5070 cc_r=5.0420 cc_tau_ms=7.00
[   2.784] M
[   3.164] [STATUS] t_ms=26954 hwm=3 cap=256 dropped=0 dropped_total=697 crc_err=0 crc_err_total=0 rate1=512 rate2=512 prod1=512 prod2=512 dac_err=0 tx_drop=649376 hb_ms=0 sma_state=5 m7_us=27782740 m4_us=25589111 vdd=5.067 offset=0.5000 aref=3.145 loop_us_avg=92 loop_us_max=2777 loop_hz=10869 cycle_log_ms=1 n_cycle=4 cc=1 cc_hz=1027 cc_i_tgt=0.1000 cc_u=0.5000 cc_r=5.0409 cc_tau_ms=7.00
[   3.736] M
[   3.736] [A
[   4.179] [STATUS] t_ms=27954 hwm=3 cap=256 dropped=0 dropped_total=697 crc_err=0 crc_err_total=0 rate1=512 rate2=513 prod1=512 prod2=513 dac_err=0 tx_drop=649376 hb_ms=0 sma_state=5 m7_us=28816896 m4_us=26623521 vdd=5.067 offset=0.5000 aref=3.145 loop_us_avg=92 loop_us_max=2621 loop_hz=10869 cycle_log_ms=1 n_cycle=4 cc=1 cc_hz=1029 cc_i_tgt=0.1000 cc_u=0.5000 cc_r=5.0003 cc_tau_ms=7.00
[   4.752] M
[   5.196] [STATUS] t_ms=28954 hwm=3 cap=256 dropped=0 dropped_total=697 crc_err=0 crc_err_total=0 rate1=512 rate2=512 prod1=512 prod2=512 dac_err=0 tx_drop=649376 hb_ms=0 sma_state=5 m7_us=29850591 m4_us=27656942 vdd=5.067 offset=0.5000 aref=3.145 loop_us_avg=93 loop_us_max=2821 loop_hz=10752 cycle_log_ms=1 n_cycle=4 cc=1 cc_hz=1029 cc_i_tgt=0.1000 cc_u=0.5122 cc_r=5.0439 cc_tau_ms=7.00
[   5.765] M
[   5.765] [A
[   5.765] DC1] STATUS alarm(s
[   6.210] [STATUS] t_ms=29954 hwm=3 cap=256 dropped=0 dropped_total=697 crc_err=0 crc_err_total=0 rate1=512 rate2=512 prod1=512 prod2=512 dac_err=0 tx_drop=649376 hb_ms=0 sma_state=5 m7_us=30883714 m4_us=28690350 vdd=5.067 offset=0.5000 aref=3.145 loop_us_avg=92 loop_us_max=2792 loop_hz=10869 cycle_log_ms=1 n_cycle=4 cc=1 cc_hz=1029 cc_i_tgt=0.1000 cc_u=0.5114 cc_r=5.0475 cc_tau_ms=7.00
[   6.779] M
[   7.285] [STATUS] t_ms=30954 hwm=2 cap=256 dropped=0 dropped_total=697 crc_err=0 crc_err_total=0 rate1=512 rate2=512 prod1=512 prod2=512 dac_err=0 tx_drop=649376 hb_ms=0 sma_state=5 m7_us=31917348 m4_us=29723681 vdd=5.067 offset=0.5000 aref=3.145 loop_us_avg=94 loop_us_max=2775 loop_hz=10638 cycle_log_ms=1 n_cycle=4 cc=1 cc_hz=1029 cc_i_tgt=0.1000 cc_u=0.5003 cc_r=4.9848 cc_tau_ms=7.00
[   7.793] M
[   7.793] [
[   7.793] ADC1] STATUS alar
[   8.302] [STATUS] t_ms=31954 hwm=3 cap=256 dropped=0 dropped_total=697 crc_err=0 crc_err_total=0 rate1=512 rate2=512 prod1=512 prod2=512 dac_err=0 tx_drop=649376 hb_ms=0 sma_state=5 m7_us=32950668 m4_us=30757019 vdd=5.067 offset=0.5000 aref=3.145 loop_us_avg=95 loop_us_max=2513 loop_hz=10526 cycle_log_ms=1 n_cycle=4 cc=1 cc_hz=1029 cc_i_tgt=0.1000 cc_u=0.5000 cc_r=5.0955 cc_tau_ms=7.00
[   8.808] M
[   9.315] [STATUS] t_ms=32954 hwm=3 cap=256 dropped=0 dropped_total=697 crc_err=0 crc_err_total=0 rate1=512 rate2=512 prod1=512 prod2=512 dac_err=0 tx_drop=649376 hb_ms=0 sma_state=5 m7_us=33984106 m4_us=31790360 vdd=5.067 offset=0.5000 aref=3.145 loop_us_avg=93 loop_us_max=3005 loop_hz=10752 cycle_log_ms=1 n_cycle=4 cc=1 cc_hz=1026 cc_i_tgt=0.1000 cc_u=0.5009 cc_r=5.0110 cc_tau_ms=7.00
[   9.822] M
[  10.391] [STATUS] t_ms=33954 hwm=3 cap=256 dropped=0 dropped_total=697 crc_err=0 crc_err_total=0 rate1=512 rate2=512 prod1=512 prod2=512 dac_err=0 tx_drop=649376 hb_ms=0 sma_state=5 m7_us=35017374 m4_us=32823691 vdd=5.067 offset=0.5000 aref=3.145 loop_us_avg=92 loop_us_max=2886 loop_hz=10869 cycle_log_ms=1 n_cycle=4 cc=1 cc_hz=1026 cc_i_tgt=0.1000 cc_u=0.5097 cc_r=5.1046 cc_tau_ms=7.00
[  10.837] M
[  11.407] [STATUS] t_ms=34954 hwm=3 cap=256 dropped=0 dropped_total=697 crc_err=0 crc_err_total=0 rate1=512 rate2=512 prod1=512 prod2=512 dac_err=0 tx_drop=649376 hb_ms=0 sma_state=5 m7_us=36050395 m4_us=33857028 vdd=5.067 offset=0.5000 aref=3.145 loop_us_avg=92 loop_us_max=2713 loop_hz=10869 cycle_log_ms=1 n_cycle=4 cc=1 cc_hz=1026 cc_i_tgt=0.1000 cc_u=0.5105 cc_r=5.1252 cc_tau_ms=7.00
[  11.849] M
[  12.418] [STATUS] t_ms=35954 hwm=2 cap=256 dropped=0 dropped_total=697 crc_err=0 crc_err_total=0 rate1=512 rate2=512 prod1=512 prod2=512 dac_err=0 tx_drop=649376 hb_ms=0 sma_state=5 m7_us=37083886 m4_us=34890388 vdd=5.067 offset=0.5000 aref=3.145 loop_us_avg=92 loop_us_max=2580 loop_hz=10869 cycle_log_ms=1 n_cycle=4 cc=1 cc_hz=1030 cc_i_tgt=0.1000 cc_u=0.5303 cc_r=5.1090 cc_tau_ms=7.00
[  12.864] M
[  13.496] [STATUS] t_ms=36954 hwm=3 cap=256 dropped=0 dropped_total=697 crc_err=0 crc_err_total=0 rate1=512 rate2=512 prod1=512 prod2=512 dac_err=0 tx_drop=649376 hb_ms=0 sma_state=5 m7_us=38117153 m4_us=35923755 vdd=5.067 offset=0.5000 aref=3.145 loop_us_avg=93 loop_us_max=3390 loop_hz=10752 cycle_log_ms=1 n_cycle=4 cc=1 cc_hz=1027 cc_i_tgt=0.1000 cc_u=0.5095 cc_r=5.0222 cc_tau_ms=7.00
[  13.877] M
[  14.513] [STATUS] t_ms=37954 hwm=3 cap=256 dropped=0 dropped_total=697 crc_err=0 crc_err_total=0 rate1=512 rate2=512 prod1=512 prod2=512 dac_err=0 tx_drop=649376 hb_ms=0 sma_state=5 m7_us=39150764 m4_us=36957112 vdd=5.067 offset=0.5000 aref=3.145 loop_us_avg=94 loop_us_max=2820 loop_hz=10638 cycle_log_ms=1 n_cycle=4 cc=1 cc_hz=1029 cc_i_tgt=0.1000 cc_u=0.5079 cc_r=5.0405 cc_tau_ms=7.00
[  14.892] M
[  14.892] [ADC1
[  14.892] ] STATUS alarm(s):
[  15.525] [STATUS] t_ms=38954 hwm=3 cap=256 dropped=0 dropped_total=697 crc_err=0 crc_err_total=0 rate1=512 rate2=512 prod1=512 prod2=512 dac_err=0 tx_drop=649376 hb_ms=0 sma_state=5 m7_us=40184104 m4_us=37990468 vdd=5.067 offset=0.5000 aref=3.145 loop_us_avg=92 loop_us_max=2825 loop_hz=10869 cycle_log_ms=1 n_cycle=4 cc=1 cc_hz=1026 cc_i_tgt=0.1000 cc_u=0.5029 cc_r=5.0411 cc_tau_ms=7.00
[  15.843] M
[  16.600] [STATUS] t_ms=39954 hwm=3 cap=256 dropped=0 dropped_total=697 crc_err=0 crc_err_total=0 rate1=512 rate2=512 prod1=512 prod2=512 dac_err=0 tx_drop=649376 hb_ms=0 sma_state=5 m7_us=41217467 m4_us=39023796 vdd=5.067 offset=0.5000 aref=3.145 loop_us_avg=94 loop_us_max=2770 loop_hz=10638 cycle_log_ms=1 n_cycle=4 cc=1 cc_hz=1026 cc_i_tgt=0.1000 cc_u=0.5142 cc_r=5.0453 cc_tau_ms=7.00
[  16.853] M
[  17.611] [STATUS] t_ms=40954 hwm=3 cap=256 dropped=0 dropped_total=697 crc_err=0 crc_err_total=0 rate1=512 rate2=512 prod1=512 prod2=512 dac_err=0 tx_drop=649376 hb_ms=0 sma_state=5 m7_us=42250692 m4_us=40057070 vdd=5.067 offset=0.5000 aref=3.145 loop_us_avg=92 loop_us_max=2887 loop_hz=10869 cycle_log_ms=1 n_cycle=4 cc=1 cc_hz=1026 cc_i_tgt=0.1000 cc_u=0.5000 cc_r=5.0634 cc_tau_ms=7.00
[  17.864] M
[  18.627] [STATUS] t_ms=41954 hwm=3 cap=256 dropped=0 dropped_total=697 crc_err=0 crc_err_total=0 rate1=512 rate2=511 prod1=512 prod2=511 dac_err=0 tx_drop=649376 hb_ms=0 sma_state=5 m7_us=43283071 m4_us=41089335 vdd=5.067 offset=0.5000 aref=3.145 loop_us_avg=92 loop_us_max=2708 loop_hz=10869 cycle_log_ms=1 n_cycle=4 cc=1 cc_hz=1026 cc_i_tgt=0.1000 cc_u=0.5000 cc_r=5.0173 cc_tau_ms=7.00
[  18.880] M
[  18.880] [AD
[  19.642] [STATUS] t_ms=42954 hwm=3 cap=256 dropped=0 dropped_total=697 crc_err=0 crc_err_total=0 rate1=512 rate2=513 prod1=512 prod2=513 dac_err=0 tx_drop=649376 hb_ms=0 sma_state=5 m7_us=44317455 m4_us=42123713 vdd=5.067 offset=0.5000 aref=3.145 loop_us_avg=93 loop_us_max=2729 loop_hz=10752 cycle_log_ms=1 n_cycle=4 cc=1 cc_hz=1027 cc_i_tgt=0.1000 cc_u=0.5200 cc_r=5.0195 cc_tau_ms=7.00
[  19.895] M
[  19.895] [ADC1] STATU
[  20.719] [STATUS] t_ms=43954 hwm=3 cap=256 dropped=0 dropped_total=697 crc_err=0 crc_err_total=0 rate1=512 rate2=512 prod1=512 prod2=512 dac_err=0 tx_drop=649376 hb_ms=0 sma_state=5 m7_us=45350731 m4_us=43157048 vdd=5.067 offset=0.5000 aref=3.145 loop_us_avg=93 loop_us_max=2870 loop_hz=10752 cycle_log_ms=1 n_cycle=4 cc=1 cc_hz=1026 cc_i_tgt=0.1000 cc_u=0.5073 cc_r=5.1058 cc_tau_ms=7.00
[  20.719] [SMA] [ACT] cool n=1/1 I=0.0mA ms=0
[  20.719] [SMA] [ACT] -> idle (done) after 1 cycle(s); still armed
[  20.910] M
[  20.910] [ADC1
[  20.910] ] STATUS alarm(s)
