2026-07-08 14:49:04,036  INFO   root                Session: console_20260708_144904
2026-07-08 14:49:04,036  INFO   root                Output:  C:\Users\yilin\Documents\GitHubRepo_Research\MicroTensileMachine\MicroTensileMachine\Experiment_SMAThermalCharacterization\data\console_20260708_144904
2026-07-08 14:49:04,036  INFO   root                Config:  C:\Users\yilin\Documents\GitHubRepo_Research\MicroTensileMachine\MicroTensileMachine\Experiment_SMAThermalCharacterization\config.yaml  headless=False
2026-07-08 14:49:04,737  INFO   PortentaReader      Opened COM8 @ 115200 baud, waiting 4.0s for firmware boot...
2026-07-08 14:49:05,990  INFO   Driver_ZaberStage   Configuration saved to zaber_config.json
2026-07-08 14:49:06,021  INFO   Driver_ZaberStage   Connected to X-LSQ300A-E01 on COM5
2026-07-08 14:49:06,022  INFO   ZaberWorker         Zaber ready: DeviceInfo(port='COM5', device_id=50138, serial_number='143153', name='X-LSQ300A-E01', firmware_version='7.48.24004', device_type='Linear Stage', axis_count=1)
2026-07-08 14:49:08,782  WARNING  PortentaReader      Opened COM8 but no sample lines seen in 4.0s boot window. If this persists: power-cycle Hat Carrier, re-seat HAT.
2026-07-08 14:49:08,830  INFO   H7Worker            H7 ready: port=COM8 baud=115200 channels=['laser', 'load', 'sma_i', 'sma_r', 'sma_v']
2026-07-08 14:49:08,830  INFO   RecordingCore       Running 10.0 s full system check...
2026-07-08 14:49:12,525  INFO   CameraWorker        Camera ready: cam[1] 1280x720 MJPG
2026-07-08 14:49:18,847  WARNING  RecordingCore       health H7    FAIL (0) — only 0 samples (need >=20)
2026-07-08 14:49:18,847  INFO   RecordingCore       health stage PASS (631) — 631 reads, pos~80.00 mm
2026-07-08 14:49:39,274  WARNING  RecordingCore       HEALTH WARNING: H7 silent 1.0s — no new samples (critical; other instruments still recording)
2026-07-08 14:49:46,793  WARNING  RecordingCore       SMA send_command('disarm') failed: Write timeout
2026-07-08 14:49:46,799  ERROR  H7Worker            H7 worker crashed: ClearCommError failed (PermissionError(13, 'The device does not recognize the command.', None, 22))
Traceback (most recent call last):
  File "c:\Users\yilin\Documents\GitHubRepo_Research\MicroTensileMachine\MicroTensileMachine\Experiment_SMAThermalCharacterization\workers.py", line 232, in run
    self._main_loop()
  File "c:\Users\yilin\Documents\GitHubRepo_Research\MicroTensileMachine\MicroTensileMachine\Experiment_SMAThermalCharacterization\workers.py", line 264, in _main_loop
    for kind, item in reader.iter_events():
                      ^^^^^^^^^^^^^^^^^^^^
  File "C:\Users\yilin\Documents\GitHubRepo_Research\MicroTensileMachine\MicroTensileMachine\Calibrate_LaserHead\portenta_reader.py", line 413, in iter_events
    line = self._readline()
           ^^^^^^^^^^^^^^^^
  File "C:\Users\yilin\Documents\GitHubRepo_Research\MicroTensileMachine\MicroTensileMachine\Calibrate_LaserHead\portenta_reader.py", line 363, in _readline
    raw = self._ser.readline()
          ^^^^^^^^^^^^^^^^^^^^
  File "C:\Users\yilin\AppData\Local\Programs\Python\Python312\Lib\site-packages\serial\serialwin32.py", line 275, in read
    raise SerialException("ClearCommError failed ({!r})".format(ctypes.WinError()))
serial.serialutil.SerialException: ClearCommError failed (PermissionError(13, 'The device does not recognize the command.', None, 22))
2026-07-08 14:49:46,802  WARNING  PortentaReader      send_command('disarm') ignored — port not open
2026-07-08 14:49:46,802  INFO   H7Worker            H7 worker exit  (pushed=0, dropped=0, filtered=0)
2026-07-08 14:49:46,868  WARNING  PortentaReader      send_command('disarm') ignored — port not open
2026-07-08 14:49:46,929  WARNING  PortentaReader      send_command('disarm') ignored — port not open
2026-07-08 14:49:46,993  WARNING  PortentaReader      send_command('disarm') ignored — port not open
2026-07-08 14:49:47,054  WARNING  PortentaReader      send_command('disarm') ignored — port not open
2026-07-08 14:49:47,115  WARNING  PortentaReader      send_command('disarm') ignored — port not open
2026-07-08 14:49:47,177  WARNING  PortentaReader      send_command('disarm') ignored — port not open
2026-07-08 14:49:47,238  WARNING  PortentaReader      send_command('disarm') ignored — port not open
2026-07-08 14:49:47,301  WARNING  PortentaReader      send_command('disarm') ignored — port not open
2026-07-08 14:49:47,363  WARNING  PortentaReader      send_command('disarm') ignored — port not open
2026-07-08 14:49:47,441  WARNING  PortentaReader      send_command('disarm') ignored — port not open
2026-07-08 14:49:47,503  WARNING  PortentaReader      send_command('disarm') ignored — port not open
2026-07-08 14:49:47,566  WARNING  PortentaReader      send_command('disarm') ignored — port not open
2026-07-08 14:49:47,615  WARNING  PortentaReader      send_command('disarm') ignored — port not open
2026-07-08 14:49:47,686  WARNING  PortentaReader      send_command('disarm') ignored — port not open
2026-07-08 14:49:47,742  WARNING  PortentaReader      send_command('disarm') ignored — port not open
2026-07-08 14:49:47,802  WARNING  PortentaReader      send_command('disarm') ignored — port not open
2026-07-08 14:49:47,888  WARNING  PortentaReader      send_command('disarm') ignored — port not open
2026-07-08 14:49:47,930  WARNING  PortentaReader      send_command('disarm') ignored — port not open
2026-07-08 14:49:47,994  WARNING  PortentaReader      send_command('disarm') ignored — port not open
2026-07-08 14:49:48,070  WARNING  PortentaReader      send_command('disarm') ignored — port not open
2026-07-08 14:49:48,123  WARNING  PortentaReader      send_command('disarm') ignored — port not open
2026-07-08 14:49:48,184  WARNING  PortentaReader      send_command('disarm') ignored — port not open
2026-07-08 14:49:48,248  WARNING  PortentaReader      send_command('disarm') ignored — port not open
2026-07-08 14:49:48,310  WARNING  PortentaReader      send_command('disarm') ignored — port not open
2026-07-08 14:49:48,371  WARNING  PortentaReader      send_command('disarm') ignored — port not open
2026-07-08 14:49:48,433  WARNING  PortentaReader      send_command('disarm') ignored — port not open
2026-07-08 14:49:48,493  WARNING  PortentaReader      send_command('disarm') ignored — port not open
2026-07-08 14:49:48,557  WARNING  PortentaReader      send_command('disarm') ignored — port not open
2026-07-08 14:49:48,619  WARNING  PortentaReader      send_command('disarm') ignored — port not open
2026-07-08 14:49:48,681  WARNING  PortentaReader      send_command('disarm') ignored — port not open
2026-07-08 14:49:48,742  WARNING  PortentaReader      send_command('disarm') ignored — port not open
2026-07-08 14:49:48,801  WARNING  PortentaReader      send_command('disarm') ignored — port not open
2026-07-08 14:49:48,865  WARNING  PortentaReader      send_command('disarm') ignored — port not open
2026-07-08 14:49:48,928  WARNING  PortentaReader      send_command('disarm') ignored — port not open
2026-07-08 14:49:48,989  WARNING  PortentaReader      send_command('disarm') ignored — port not open
2026-07-08 14:49:49,052  WARNING  PortentaReader      send_command('disarm') ignored — port not open
2026-07-08 14:49:49,114  WARNING  PortentaReader      send_command('disarm') ignored — port not open
2026-07-08 14:49:49,190  WARNING  PortentaReader      send_command('disarm') ignored — port not open
2026-07-08 14:49:49,253  WARNING  PortentaReader      send_command('disarm') ignored — port not open
2026-07-08 14:49:49,315  WARNING  PortentaReader      send_command('disarm') ignored — port not open
2026-07-08 14:49:49,377  WARNING  PortentaReader      send_command('disarm') ignored — port not open
2026-07-08 14:49:49,439  WARNING  PortentaReader      send_command('disarm') ignored — port not open
2026-07-08 14:49:49,501  WARNING  PortentaReader      send_command('disarm') ignored — port not open
2026-07-08 14:49:49,563  WARNING  PortentaReader      send_command('disarm') ignored — port not open
2026-07-08 14:49:49,624  WARNING  PortentaReader      send_command('disarm') ignored — port not open
2026-07-08 14:49:49,685  WARNING  PortentaReader      send_command('disarm') ignored — port not open
2026-07-08 14:49:49,748  WARNING  PortentaReader      send_command('disarm') ignored — port not open
2026-07-08 14:49:49,810  WARNING  PortentaReader      send_command('disarm') ignored — port not open
2026-07-08 14:49:49,872  WARNING  PortentaReader      send_command('disarm') ignored — port not open
2026-07-08 14:49:49,934  WARNING  PortentaReader      send_command('disarm') ignored — port not open
2026-07-08 14:49:49,948  INFO   RecordingCore       H7: reconnect requested
2026-07-08 14:49:49,951  INFO   PortentaReader      Opened COM8 @ 115200 baud, waiting 4.0s for firmware boot...
2026-07-08 14:49:50,990  WARNING  RecordingCore       HEALTH WARNING: H7 silent 1.0s — no new samples (critical; other instruments still recording)
2026-07-08 14:49:53,945  INFO   PortentaReader      boot banner (64 lines):
2026-07-08 14:49:53,945  INFO   PortentaReader          VREF        : 5.000 V
2026-07-08 14:49:53,945  INFO   PortentaReader          Rate        : 400 SPS
2026-07-08 14:49:53,945  INFO   PortentaReader          Gain        : 1x
2026-07-08 14:49:53,945  INFO   PortentaReader          Running     : YES
2026-07-08 14:49:53,945  INFO   PortentaReader          ADC2CFG rb  : 0x88
2026-07-08 14:49:53,945  INFO   PortentaReader        Frame INTERFACE=0x05 → RDATA1=6B, RDATA2=6B (incl. 00h pad)
2026-07-08 14:49:53,945  INFO   PortentaReader        ---------------------------------
2026-07-08 14:49:53,945  INFO   PortentaReader        [M4] REGDUMP ID=0x23 POWER=0x13 INPMUX=0x45 MODE1=0x40 MODE2=0x8 REFMUX=0x9 ADC2CFG=0x88 ADC2MUX=0x23
2026-07-08 14:49:53,945  WARNING  PortentaReader      Opened COM8 but no sample lines seen in 4.0s boot window. If this persists: power-cycle Hat Carrier, re-seat HAT.
2026-07-08 14:49:55,940  INFO   H7Worker            H7 ready: port=COM8 baud=115200 channels=['laser', 'load', 'sma_i', 'sma_r', 'sma_v']
2026-07-08 14:50:02,945  INFO   CameraWorker        Camera worker exit (written=0)
2026-07-08 14:50:09,138  INFO   CameraWorker        Camera ready: cam[1] 640x360 MJPG
2026-07-08 14:50:24,753  INFO   H7Worker            H7 worker exit  (pushed=12349, dropped=0, filtered=0)
2026-07-08 14:50:24,924  INFO   Driver_ZaberStage   Disconnected
2026-07-08 14:50:24,924  INFO   ZaberWorker         Zaber worker exit  (pushed=3373, dropped=0)
2026-07-08 14:50:25,141  INFO   CameraWorker        Camera worker exit (written=0)
2026-07-08 14:50:25,190  INFO   RecordingCore       Wrote C:\Users\yilin\Documents\GitHubRepo_Research\MicroTensileMachine\MicroTensileMachine\Experiment_SMAThermalCharacterization\data\console_20260708_144904\meta.json
