[   0.065] [SMA] ARMED (MOSFET on); idle=0.500 V
[   0.065] [STATUS] t_ms=206200 hwm=256 cap=256 dropped=74 dropped_total=2595 crc_err=0 crc_err_total=0 rate1=394 rate2=395 prod1=479 prod2=479 dac_err=0 tx_drop=377 hb_ms=0 sma_state=0 m7_us=212992725 m4_us=210529380 vdd=5.067 offset=0.5000 aref=3.145 loop_us_avg=29 loop_us_max=333227 loop_hz=34482 cycle_log_ms=1 n_cycle=4 cc=0 cc_hz=0 cc_i_tgt=0.1000 cc_u=0.6311 cc_r=6.2966 cc_tau_ms=7.00
[   0.129] [ADC1] STATUS
[   0.129] alarm(s): 0x4F PG
[   0.129] AL_ALM PGAH_AL
[   0.129] M PGAD_A
[   1.073] [STATUS] t_ms=207200 hwm=196 cap=256 dropped=0 dropped_total=2595 crc_err=0 crc_err_total=0 rate1=607 rate2=606 prod1=512 prod2=512 dac_err=0 tx_drop=377 hb_ms=0 sma_state=0 m7_us=214025860 m4_us=211832208 vdd=5.067 offset=0.5000 aref=3.145 loop_us_avg=22 loop_us_max=5371 loop_hz=45454 cycle_log_ms=1 n_cycle=4 cc=0 cc_hz=0 cc_i_tgt=0.1000 cc_u=0.6311 cc_r=6.2966 cc_tau_ms=7.00
[   1.136] [
[   1.136] ADC1] STATUS al
[   1.136] arm(s): 0xF PGA
[   1.136] L_ALM PGAH_ALM P
[   1.136] GAD_A
[   0.063] [SMA] [CC] start i_high=350.0mA i_low=100.0mA t_high=100 t_idle=12000 n=6 (0=cont) tau_ms=7.0 wdt_ms=5000
[   0.063] [SMA] [ACT] heat n=1/6 I=350.0mA ms=100
[   0.063] [STATUS] t_ms=208200 hwm=3 cap=256 dropped=0 dropped_total=2595 crc_err=0 crc_err_total=0 rate1=512 rate2=512 prod1=512 prod2=512 dac_err=0 tx_drop=377 hb_ms=0 sma_state=5 m7_us=215059285 m4_us=212865667 vdd=5.067 offset=0.5000 aref=3.145 loop_us_avg=23 loop_us_max=2108 loop_hz=43478 cycle_log_ms=1 n_cycle=4 cc=1 cc_hz=49 cc_i_tgt=0.3500 cc_u=0.5000 cc_r=1.4068 cc_tau_ms=7.00
[   0.127] [SMA] [ACT] cool n=1/6 I=100.0mA ms=12000
[   1.137] [STATUS] t_ms=209200 hwm=3 cap=256 dropped=0 dropped_total=2595 crc_err=0 crc_err_total=0 rate1=512 rate2=512 prod1=512 prod2=512 dac_err=0 tx_drop=377 hb_ms=0 sma_state=6 m7_us=216092722 m4_us=213899091 vdd=5.067 offset=0.5000 aref=3.145 loop_us_avg=92 loop_us_max=2856 loop_hz=10869 cycle_log_ms=1 n_cycle=4 cc=1 cc_hz=1027 cc_i_tgt=0.1000 cc_u=0.6158 cc_r=6.1266 cc_tau_ms=7.00
[   1.137] [ADC1] STATUS al
[   2.148] [STATUS] t_ms=210200 hwm=3 cap=256 dropped=0 dropped_total=2595 crc_err=0 crc_err_total=0 rate1=512 rate2=513 prod1=512 prod2=513 dac_err=0 tx_drop=377 hb_ms=0 sma_state=6 m7_us=217127017 m4_us=214933425 vdd=5.067 offset=0.5000 aref=3.145 loop_us_avg=93 loop_us_max=2743 loop_hz=10752 cycle_log_ms=1 n_cycle=4 cc=1 cc_hz=1027 cc_i_tgt=0.1000 cc_u=0.6293 cc_r=6.2913 cc_tau_ms=7.00
[   3.161] [ADC
[   3.161] [STATUS] t_ms=211200 hwm=3 cap=256 dropped=0 dropped_total=2595 crc_err=0 crc_err_total=0 rate1=512 rate2=512 prod1=512 prod2=512 dac_err=0 tx_drop=377 hb_ms=0 sma_state=6 m7_us=218160275 m4_us=215966753 vdd=5.067 offset=0.5000 aref=3.145 loop_us_avg=92 loop_us_max=2891 loop_hz=10869 cycle_log_ms=1 n_cycle=4 cc=1 cc_hz=1026 cc_i_tgt=0.1000 cc_u=0.6150 cc_r=6.2661 cc_tau_ms=7.00
[   4.175] [ADC1] STA
[   4.175] TUS alarm(s): 0x4F P
[   4.175] GAL_ALM PGAH_ALM PGAD_A
[   4.238] [STATUS] t_ms=212200 hwm=3 cap=256 dropped=0 dropped_total=2595 crc_err=0 crc_err_total=0 rate1=512 rate2=512 prod1=512 prod2=512 dac_err=0 tx_drop=377 hb_ms=0 sma_state=6 m7_us=219193707 m4_us=217000074 vdd=5.067 offset=0.5000 aref=3.145 loop_us_avg=93 loop_us_max=2766 loop_hz=10752 cycle_log_ms=1 n_cycle=4 cc=1 cc_hz=1026 cc_i_tgt=0.1000 cc_u=0.6219 cc_r=6.2671 cc_tau_ms=7.00
[   5.249] [STATUS] t_ms=213200 hwm=3 cap=256 dropped=0 dropped_total=2595 crc_err=0 crc_err_total=0 rate1=512 rate2=511 prod1=512 prod2=511 dac_err=0 tx_drop=377 hb_ms=0 sma_state=6 m7_us=220225982 m4_us=218032355 vdd=5.067 offset=0.5000 aref=3.145 loop_us_avg=92 loop_us_max=3012 loop_hz=10869 cycle_log_ms=1 n_cycle=4 cc=1 cc_hz=1027 cc_i_tgt=0.1000 cc_u=0.6070 cc_r=6.2039 cc_tau_ms=7.00
[   6.261] [STATUS] t_ms=214200 hwm=3 cap=256 dropped=0 dropped_total=2595 crc_err=0 crc_err_total=0 rate1=512 rate2=513 prod1=512 prod2=513 dac_err=0 tx_drop=377 hb_ms=0 sma_state=6 m7_us=221259984 m4_us=219066660 vdd=5.067 offset=0.5000 aref=3.145 loop_us_avg=92 loop_us_max=2771 loop_hz=10869 cycle_log_ms=1 n_cycle=4 cc=1 cc_hz=1027 cc_i_tgt=0.1000 cc_u=0.6158 cc_r=6.1845 cc_tau_ms=7.00
[   7.335] [STATUS] t_ms=215200 hwm=2 cap=256 dropped=0 dropped_total=2595 crc_err=0 crc_err_total=0 rate1=512 rate2=512 prod1=512 prod2=512 dac_err=0 tx_drop=377 hb_ms=0 sma_state=6 m7_us=222293202 m4_us=220099937 vdd=5.067 offset=0.5000 aref=3.145 loop_us_avg=93 loop_us_max=2837 loop_hz=10752 cycle_log_ms=1 n_cycle=4 cc=1 cc_hz=1029 cc_i_tgt=0.1000 cc_u=0.6237 cc_r=6.1856 cc_tau_ms=7.00
[   8.157] [ADC1] S
[   8.157] TATUS alarm(s): 0xCF
[   8.346] [STATUS] t_ms=216200 hwm=2 cap=256 dropped=0 dropped_total=2595 crc_err=0 crc_err_total=0 rate1=512 rate2=512 prod1=512 prod2=512 dac_err=0 tx_drop=377 hb_ms=0 sma_state=6 m7_us=223326800 m4_us=221133204 vdd=5.067 offset=0.5000 aref=3.145 loop_us_avg=93 loop_us_max=2844 loop_hz=10752 cycle_log_ms=1 n_cycle=4 cc=1 cc_hz=1029 cc_i_tgt=0.1000 cc_u=0.6264 cc_r=6.2235 cc_tau_ms=7.00
[   9.169] _ALM PGAD_A
[   9.360] [STATUS] t_ms=217200 hwm=3 cap=256 dropped=0 dropped_total=2595 crc_err=0 crc_err_total=0 rate1=512 rate2=512 prod1=512 prod2=512 dac_err=0 tx_drop=377 hb_ms=0 sma_state=6 m7_us=224360065 m4_us=222166487 vdd=5.067 offset=0.5000 aref=3.145 loop_us_avg=92 loop_us_max=2840 loop_hz=10869 cycle_log_ms=1 n_cycle=4 cc=1 cc_hz=1026 cc_i_tgt=0.1000 cc_u=0.6244 cc_r=6.2359 cc_tau_ms=7.00
[  10.434] [STATUS] t_ms=218200 hwm=3 cap=256 dropped=0 dropped_total=2595 crc_err=0 crc_err_total=0 rate1=512 rate2=512 prod1=512 prod2=512 dac_err=0 tx_drop=377 hb_ms=0 sma_state=6 m7_us=225393312 m4_us=223199751 vdd=5.067 offset=0.5000 aref=3.145 loop_us_avg=92 loop_us_max=2810 loop_hz=10869 cycle_log_ms=1 n_cycle=4 cc=1 cc_hz=1026 cc_i_tgt=0.1000 cc_u=0.6312 cc_r=6.2650 cc_tau_ms=7.00
[  11.446] [STATUS] t_ms=219200 hwm=3 cap=256 dropped=0 dropped_total=2595 crc_err=0 crc_err_total=0 rate1=512 rate2=512 prod1=512 prod2=512 dac_err=0 tx_drop=377 hb_ms=0 sma_state=6 m7_us=226426684 m4_us=224233028 vdd=5.067 offset=0.5000 aref=3.145 loop_us_avg=91 loop_us_max=2845 loop_hz=10989 cycle_log_ms=1 n_cycle=4 cc=1 cc_hz=1026 cc_i_tgt=0.1000 cc_u=0.6263 cc_r=6.2618 cc_tau_ms=7.00
[  12.460] [STATUS] t_ms=220200 hwm=3 cap=256 dropped=0 dropped_total=2595 crc_err=0 crc_err_total=0 rate1=512 rate2=512 prod1=512 prod2=512 dac_err=0 tx_drop=377 hb_ms=0 sma_state=6 m7_us=227459943 m4_us=225266334 vdd=5.067 offset=0.5000 aref=3.145 loop_us_avg=92 loop_us_max=2939 loop_hz=10869 cycle_log_ms=1 n_cycle=4 cc=1 cc_hz=1026 cc_i_tgt=0.1000 cc_u=0.6264 cc_r=6.2800 cc_tau_ms=7.00
[  12.523] [SMA] [ACT] heat n=2/6 I=350.0mA ms=100
[  12.648] [SMA] [ACT] cool n=2/6 I=100.0mA ms=12000
[  13.503] [STATUS] t_ms=221200 hwm=3 cap=256 dropped=0 dropped_total=2595 crc_err=0 crc_err_total=0 rate1=512 rate2=512 prod1=512 prod2=512 dac_err=0 tx_drop=377 hb_ms=0 sma_state=6 m7_us=228492917 m4_us=226299620 vdd=5.067 offset=0.5000 aref=3.145 loop_us_avg=91 loop_us_max=2838 loop_hz=10989 cycle_log_ms=1 n_cycle=4 cc=1 cc_hz=1028 cc_i_tgt=0.1000 cc_u=0.5000 cc_r=4.9735 cc_tau_ms=7.00
[  14.261] [ADC1] STA
[  14.261] TUS alarm(s): 0x4F PGA
[  14.261] L_ALM PGAH_ALM PGAD_A
[  14.580] [STATUS] t_ms=222200 hwm=2 cap=256 dropped=0 dropped_total=2595 crc_err=0 crc_err_total=0 rate1=512 rate2=512 prod1=512 prod2=512 dac_err=0 tx_drop=377 hb_ms=0 sma_state=6 m7_us=229526539 m4_us=227332929 vdd=5.067 offset=0.5000 aref=3.145 loop_us_avg=93 loop_us_max=2805 loop_hz=10752 cycle_log_ms=1 n_cycle=4 cc=1 cc_hz=1029 cc_i_tgt=0.1000 cc_u=0.5000 cc_r=4.9884 cc_tau_ms=7.00
[  15.277] _ALM PGAD_A
[  15.594] [STATUS] t_ms=223200 hwm=3 cap=256 dropped=0 dropped_total=2595 crc_err=0 crc_err_total=0 rate1=512 rate2=512 prod1=512 prod2=512 dac_err=0 tx_drop=377 hb_ms=0 sma_state=6 m7_us=230559417 m4_us=228366193 vdd=5.067 offset=0.5000 aref=3.145 loop_us_avg=93 loop_us_max=2946 loop_hz=10752 cycle_log_ms=1 n_cycle=4 cc=1 cc_hz=1026 cc_i_tgt=0.1000 cc_u=0.5079 cc_r=5.0501 cc_tau_ms=7.00
[  16.605] [STATUS] t_ms=224200 hwm=2 cap=256 dropped=0 dropped_total=2595 crc_err=0 crc_err_total=0 rate1=512 rate2=512 prod1=512 prod2=512 dac_err=0 tx_drop=377 hb_ms=0 sma_state=6 m7_us=231592719 m4_us=229399438 vdd=5.067 offset=0.5000 aref=3.145 loop_us_avg=92 loop_us_max=2782 loop_hz=10869 cycle_log_ms=1 n_cycle=4 cc=1 cc_hz=1029 cc_i_tgt=0.1000 cc_u=0.5033 cc_r=5.0055 cc_tau_ms=7.00
[  17.682] [STATUS] t_ms=225200 hwm=2 cap=256 dropped=0 dropped_total=2595 crc_err=0 crc_err_total=0 rate1=512 rate2=512 prod1=512 prod2=512 dac_err=0 tx_drop=377 hb_ms=0 sma_state=6 m7_us=232625973 m4_us=230432714 vdd=5.067 offset=0.5000 aref=3.145 loop_us_avg=92 loop_us_max=2793 loop_hz=10869 cycle_log_ms=1 n_cycle=4 cc=1 cc_hz=1029 cc_i_tgt=0.1000 cc_u=0.5006 cc_r=4.9400 cc_tau_ms=7.00
[  18.253] [ADC
[  18.696] [STATUS] t_ms=226200 hwm=2 cap=256 dropped=0 dropped_total=2595 crc_err=0 crc_err_total=0 rate1=512 rate2=512 prod1=512 prod2=512 dac_err=0 tx_drop=377 hb_ms=0 sma_state=6 m7_us=233659584 m4_us=231466039 vdd=5.067 offset=0.5000 aref=3.145 loop_us_avg=92 loop_us_max=2781 loop_hz=10869 cycle_log_ms=1 n_cycle=4 cc=1 cc_hz=1029 cc_i_tgt=0.1000 cc_u=0.5000 cc_r=5.0322 cc_tau_ms=7.00
[  19.265] [ADC1] STATU
[  19.265] S alarm(s): 0x4F
[  19.707] [STATUS] t_ms=227200 hwm=3 cap=256 dropped=0 dropped_total=2595 crc_err=0 crc_err_total=0 rate1=512 rate2=512 prod1=512 prod2=512 dac_err=0 tx_drop=377 hb_ms=0 sma_state=6 m7_us=234693011 m4_us=232499329 vdd=5.067 offset=0.5000 aref=3.145 loop_us_avg=92 loop_us_max=2857 loop_hz=10869 cycle_log_ms=1 n_cycle=4 cc=1 cc_hz=1026 cc_i_tgt=0.1000 cc_u=0.5134 cc_r=5.0435 cc_tau_ms=7.00
[  20.272] D_A
[  20.781] [STATUS] t_ms=228200 hwm=3 cap=256 dropped=0 dropped_total=2595 crc_err=0 crc_err_total=0 rate1=512 rate2=512 prod1=512 prod2=512 dac_err=0 tx_drop=377 hb_ms=0 sma_state=6 m7_us=235726229 m4_us=233532618 vdd=5.067 offset=0.5000 aref=3.145 loop_us_avg=92 loop_us_max=3131 loop_hz=10869 cycle_log_ms=1 n_cycle=4 cc=1 cc_hz=1027 cc_i_tgt=0.1000 cc_u=0.5000 cc_r=4.9546 cc_tau_ms=7.00
[  21.791] [STATUS] t_ms=229200 hwm=3 cap=256 dropped=0 dropped_total=2595 crc_err=0 crc_err_total=0 rate1=512 rate2=512 prod1=512 prod2=512 dac_err=0 tx_drop=377 hb_ms=0 sma_state=6 m7_us=236759408 m4_us=234565882 vdd=5.067 offset=0.5000 aref=3.145 loop_us_avg=92 loop_us_max=2838 loop_hz=10869 cycle_log_ms=1 n_cycle=4 cc=1 cc_hz=1026 cc_i_tgt=0.1000 cc_u=0.5000 cc_r=4.9889 cc_tau_ms=7.00
[  22.806] [STATUS] t_ms=230200 hwm=3 cap=256 dropped=0 dropped_total=2595 crc_err=0 crc_err_total=0 rate1=512 rate2=512 prod1=512 prod2=512 dac_err=0 tx_drop=377 hb_ms=0 sma_state=6 m7_us=237792349 m4_us=235599130 vdd=5.067 offset=0.5000 aref=3.145 loop_us_avg=92 loop_us_max=2859 loop_hz=10869 cycle_log_ms=1 n_cycle=4 cc=1 cc_hz=1026 cc_i_tgt=0.1000 cc_u=0.5000 cc_r=4.9905 cc_tau_ms=7.00
[  23.311] LM PGAH_ALM PGAD_A
[  23.878] [STATUS] t_ms=231200 hwm=2 cap=256 dropped=0 dropped_total=2595 crc_err=0 crc_err_total=0 rate1=512 rate2=512 prod1=512 prod2=512 dac_err=0 tx_drop=377 hb_ms=0 sma_state=6 m7_us=238825971 m4_us=236632346 vdd=5.067 offset=0.5000 aref=3.145 loop_us_avg=93 loop_us_max=2825 loop_hz=10752 cycle_log_ms=1 n_cycle=4 cc=1 cc_hz=1029 cc_i_tgt=0.1000 cc_u=0.5018 cc_r=5.0045 cc_tau_ms=7.00
[  24.320] [A
[  24.888] [STATUS] t_ms=232200 hwm=3 cap=256 dropped=0 dropped_total=2595 crc_err=0 crc_err_total=0 rate1=512 rate2=512 prod1=512 prod2=512 dac_err=0 tx_drop=377 hb_ms=0 sma_state=6 m7_us=239858875 m4_us=237665569 vdd=5.067 offset=0.5000 aref=3.145 loop_us_avg=92 loop_us_max=2865 loop_hz=10869 cycle_log_ms=1 n_cycle=4 cc=1 cc_hz=1026 cc_i_tgt=0.1000 cc_u=0.5062 cc_r=5.0734 cc_tau_ms=7.00
[  25.011] [SMA] [ACT] heat n=3/6 I=350.0mA ms=100
[  25.137] [SMA] [ACT] cool n=3/6 I=100.0mA ms=12000
[  25.328] [ADC1] S
[  25.328] TATUS alarm(s): 0x
[  25.894] [STATUS] t_ms=233200 hwm=2 cap=256 dropped=0 dropped_total=2595 crc_err=0 crc_err_total=0 rate1=512 rate2=512 prod1=512 prod2=512 dac_err=0 tx_drop=377 hb_ms=0 sma_state=6 m7_us=240892045 m4_us=238698782 vdd=5.067 offset=0.5000 aref=3.145 loop_us_avg=92 loop_us_max=2822 loop_hz=10869 cycle_log_ms=1 n_cycle=4 cc=1 cc_hz=1028 cc_i_tgt=0.1000 cc_u=0.5007 cc_r=4.9703 cc_tau_ms=7.00
[  26.961] [STATUS] t_ms=234200 hwm=2 cap=256 dropped=0 dropped_total=2595 crc_err=0 crc_err_total=0 rate1=512 rate2=512 prod1=512 prod2=512 dac_err=0 tx_drop=377 hb_ms=0 sma_state=6 m7_us=241925263 m4_us=239731994 vdd=5.067 offset=0.5000 aref=3.145 loop_us_avg=92 loop_us_max=2785 loop_hz=10869 cycle_log_ms=1 n_cycle=4 cc=1 cc_hz=1029 cc_i_tgt=0.1000 cc_u=0.5046 cc_r=4.9555 cc_tau_ms=7.00
[  27.340] [ADC1] STATUS al
[  27.976] [STATUS] t_ms=235200 hwm=2 cap=256 dropped=0 dropped_total=2595 crc_err=0 crc_err_total=0 rate1=512 rate2=512 prod1=512 prod2=512 dac_err=0 tx_drop=377 hb_ms=0 sma_state=6 m7_us=242958416 m4_us=240765194 vdd=5.067 offset=0.5000 aref=3.145 loop_us_avg=93 loop_us_max=2775 loop_hz=10752 cycle_log_ms=1 n_cycle=4 cc=1 cc_hz=1029 cc_i_tgt=0.1000 cc_u=0.5158 cc_r=5.0236 cc_tau_ms=7.00
[  28.351] D_A
[  29.047] [STATUS] t_ms=236200 hwm=2 cap=256 dropped=0 dropped_total=2595 crc_err=0 crc_err_total=0 rate1=512 rate2=512 prod1=512 prod2=512 dac_err=0 tx_drop=377 hb_ms=0 sma_state=6 m7_us=243992037 m4_us=241798433 vdd=5.067 offset=0.5000 aref=3.145 loop_us_avg=93 loop_us_max=2834 loop_hz=10752 cycle_log_ms=1 n_cycle=4 cc=1 cc_hz=1029 cc_i_tgt=0.1000 cc_u=0.5008 cc_r=4.9483 cc_tau_ms=7.00
[  29.364] [ADC1
[  30.058] [STATUS] t_ms=237200 hwm=3 cap=256 dropped=0 dropped_total=2595 crc_err=0 crc_err_total=0 rate1=512 rate2=512 prod1=512 prod2=512 dac_err=0 tx_drop=377 hb_ms=0 sma_state=6 m7_us=245024960 m4_us=242831694 vdd=5.067 offset=0.5000 aref=3.145 loop_us_avg=93 loop_us_max=2835 loop_hz=10752 cycle_log_ms=1 n_cycle=4 cc=1 cc_hz=1026 cc_i_tgt=0.1000 cc_u=0.5128 cc_r=5.0657 cc_tau_ms=7.00
[  31.067] [STATUS] t_ms=238200 hwm=2 cap=256 dropped=0 dropped_total=2595 crc_err=0 crc_err_total=0 rate1=512 rate2=512 prod1=512 prod2=512 dac_err=0 tx_drop=377 hb_ms=0 sma_state=6 m7_us=246058199 m4_us=243864919 vdd=5.067 offset=0.5000 aref=3.145 loop_us_avg=92 loop_us_max=2771 loop_hz=10869 cycle_log_ms=1 n_cycle=4 cc=1 cc_hz=1029 cc_i_tgt=0.1000 cc_u=0.5159 cc_r=5.0359 cc_tau_ms=7.00
[  32.143] [STATUS] t_ms=239200 hwm=2 cap=256 dropped=0 dropped_total=2595 crc_err=0 crc_err_total=0 rate1=512 rate2=512 prod1=512 prod2=512 dac_err=0 tx_drop=377 hb_ms=0 sma_state=6 m7_us=247091459 m4_us=244898145 vdd=5.067 offset=0.5000 aref=3.145 loop_us_avg=92 loop_us_max=2820 loop_hz=10869 cycle_log_ms=1 n_cycle=4 cc=1 cc_hz=1029 cc_i_tgt=0.1000 cc_u=0.5142 cc_r=5.0101 cc_tau_ms=7.00
[  32.396] M PGAD_A
[  33.155] [STATUS] t_ms=240200 hwm=3 cap=256 dropped=0 dropped_total=2595 crc_err=0 crc_err_total=0 rate1=512 rate2=512 prod1=512 prod2=512 dac_err=0 tx_drop=377 hb_ms=0 sma_state=6 m7_us=248124612 m4_us=245931383 vdd=5.067 offset=0.5000 aref=3.145 loop_us_avg=92 loop_us_max=2937 loop_hz=10869 cycle_log_ms=1 n_cycle=4 cc=1 cc_hz=1030 cc_i_tgt=0.1000 cc_u=0.5000 cc_r=4.9788 cc_tau_ms=7.00
[  33.408] D_A
[  34.167] [STATUS] t_ms=241200 hwm=2 cap=256 dropped=0 dropped_total=2595 crc_err=0 crc_err_total=0 rate1=512 rate2=512 prod1=512 prod2=512 dac_err=0 tx_drop=377 hb_ms=0 sma_state=6 m7_us=249157918 m4_us=246964602 vdd=5.067 offset=0.5000 aref=3.145 loop_us_avg=93 loop_us_max=2810 loop_hz=10752 cycle_log_ms=1 n_cycle=4 cc=1 cc_hz=1029 cc_i_tgt=0.1000 cc_u=0.5123 cc_r=5.0025 cc_tau_ms=7.00
[  35.243] [STATUS] t_ms=242200 hwm=2 cap=256 dropped=0 dropped_total=2595 crc_err=0 crc_err_total=0 rate1=512 rate2=512 prod1=512 prod2=512 dac_err=0 tx_drop=377 hb_ms=0 sma_state=6 m7_us=250191186 m4_us=247997882 vdd=5.067 offset=0.5000 aref=3.145 loop_us_avg=93 loop_us_max=2827 loop_hz=10752 cycle_log_ms=1 n_cycle=4 cc=1 cc_hz=1029 cc_i_tgt=0.1000 cc_u=0.5023 cc_r=4.9417 cc_tau_ms=7.00
[  36.254] [STATUS] t_ms=243200 hwm=2 cap=256 dropped=0 dropped_total=2595 crc_err=0 crc_err_total=0 rate1=512 rate2=512 prod1=512 prod2=512 dac_err=0 tx_drop=377 hb_ms=0 sma_state=6 m7_us=251224896 m4_us=249031159 vdd=5.067 offset=0.5000 aref=3.145 loop_us_avg=92 loop_us_max=2840 loop_hz=10869 cycle_log_ms=1 n_cycle=4 cc=1 cc_hz=1029 cc_i_tgt=0.1000 cc_u=0.5091 cc_r=5.0093 cc_tau_ms=7.00
[  37.298] [STATUS] t_ms=244200 hwm=3 cap=256 dropped=0 dropped_total=2595 crc_err=0 crc_err_total=0 rate1=512 rate2=512 prod1=512 prod2=512 dac_err=0 tx_drop=377 hb_ms=0 sma_state=6 m7_us=252257707 m4_us=250064439 vdd=5.067 offset=0.5000 aref=3.145 loop_us_avg=94 loop_us_max=3079 loop_hz=10638 cycle_log_ms=1 n_cycle=4 cc=1 cc_hz=1027 cc_i_tgt=0.1000 cc_u=0.5090 cc_r=5.0660 cc_tau_ms=7.00
[  37.426] M PGAD_A
[  37.552] [SMA] [ACT] heat n=4/6 I=350.0mA ms=100
[  37.616] [SMA] [ACT] cool n=4/6 I=100.0mA ms=12000
[  38.312] [STATUS] t_ms=245200 hwm=2 cap=256 dropped=0 dropped_total=2595 crc_err=0 crc_err_total=0 rate1=512 rate2=512 prod1=512 prod2=512 dac_err=0 tx_drop=377 hb_ms=0 sma_state=6 m7_us=253291314 m4_us=251097709 vdd=5.067 offset=0.5000 aref=3.145 loop_us_avg=92 loop_us_max=2839 loop_hz=10869 cycle_log_ms=1 n_cycle=4 cc=1 cc_hz=1028 cc_i_tgt=0.1000 cc_u=0.5066 cc_r=5.0002 cc_tau_ms=7.00
[  39.327] [STATUS] t_ms=246200 hwm=3 cap=256 dropped=0 dropped_total=2595 crc_err=0 crc_err_total=0 rate1=512 rate2=512 prod1=512 prod2=512 dac_err=0 tx_drop=377 hb_ms=0 sma_state=6 m7_us=254324509 m4_us=252130938 vdd=5.067 offset=0.5000 aref=3.145 loop_us_avg=92 loop_us_max=2809 loop_hz=10869 cycle_log_ms=1 n_cycle=4 cc=1 cc_hz=1026 cc_i_tgt=0.1000 cc_u=0.5133 cc_r=5.0476 cc_tau_ms=7.00
[  39.454] [ADC1]
[  40.400] [STATUS] t_ms=247200 hwm=3 cap=256 dropped=0 dropped_total=2595 crc_err=0 crc_err_total=0 rate1=512 rate2=512 prod1=512 prod2=512 dac_err=0 tx_drop=377 hb_ms=0 sma_state=6 m7_us=255357752 m4_us=253164196 vdd=5.067 offset=0.5000 aref=3.145 loop_us_avg=92 loop_us_max=2833 loop_hz=10869 cycle_log_ms=1 n_cycle=4 cc=1 cc_hz=1026 cc_i_tgt=0.1000 cc_u=0.5108 cc_r=5.0562 cc_tau_ms=7.00
[  40.462] [ADC1] STATUS al
[  40.462] ALM PGAH_ALM PGAD_A
[  41.410] [STATUS] t_ms=248200 hwm=3 cap=256 dropped=0 dropped_total=2595 crc_err=0 crc_err_total=0 rate1=512 rate2=512 prod1=512 prod2=512 dac_err=0 tx_drop=377 hb_ms=0 sma_state=6 m7_us=256391078 m4_us=254197466 vdd=5.067 offset=0.5000 aref=3.145 loop_us_avg=92 loop_us_max=2798 loop_hz=10869 cycle_log_ms=1 n_cycle=4 cc=1 cc_hz=1026 cc_i_tgt=0.1000 cc_u=0.5005 cc_r=4.9894 cc_tau_ms=7.00
[  42.421] [STATUS] t_ms=249200 hwm=3 cap=256 dropped=0 dropped_total=2595 crc_err=0 crc_err_total=0 rate1=512 rate2=512 prod1=512 prod2=512 dac_err=0 tx_drop=377 hb_ms=0 sma_state=6 m7_us=257424292 m4_us=255230714 vdd=5.067 offset=0.5000 aref=3.145 loop_us_avg=92 loop_us_max=2821 loop_hz=10869 cycle_log_ms=1 n_cycle=4 cc=1 cc_hz=1026 cc_i_tgt=0.1000 cc_u=0.5000 cc_r=4.9986 cc_tau_ms=7.00
[  43.495] [STATUS] t_ms=250200 hwm=3 cap=256 dropped=0 dropped_total=2595 crc_err=0 crc_err_total=0 rate1=512 rate2=512 prod1=512 prod2=512 dac_err=0 tx_drop=377 hb_ms=0 sma_state=6 m7_us=258457510 m4_us=256263956 vdd=5.067 offset=0.5000 aref=3.145 loop_us_avg=92 loop_us_max=2807 loop_hz=10869 cycle_log_ms=1 n_cycle=4 cc=1 cc_hz=1026 cc_i_tgt=0.1000 cc_u=0.5076 cc_r=4.9443 cc_tau_ms=7.00
[  44.502] [STATUS] t_ms=251200 hwm=3 cap=256 dropped=0 dropped_total=2595 crc_err=0 crc_err_total=0 rate1=512 rate2=512 prod1=512 prod2=512 dac_err=0 tx_drop=377 hb_ms=0 sma_state=6 m7_us=259490434 m4_us=257297194 vdd=5.067 offset=0.5000 aref=3.145 loop_us_avg=92 loop_us_max=2833 loop_hz=10869 cycle_log_ms=1 n_cycle=4 cc=1 cc_hz=1026 cc_i_tgt=0.1000 cc_u=0.5024 cc_r=4.9686 cc_tau_ms=7.00
[  45.579] [STATUS] t_ms=252200 hwm=2 cap=256 dropped=0 dropped_total=2595 crc_err=0 crc_err_total=0 rate1=512 rate2=512 prod1=512 prod2=512 dac_err=0 tx_drop=377 hb_ms=0 sma_state=6 m7_us=260523655 m4_us=258330426 vdd=5.067 offset=0.5000 aref=3.145 loop_us_avg=93 loop_us_max=2821 loop_hz=10752 cycle_log_ms=1 n_cycle=4 cc=1 cc_hz=1029 cc_i_tgt=0.1000 cc_u=0.5000 cc_r=4.9692 cc_tau_ms=7.00
[  46.528] [ADC
[  46.528] 1] STATUS alarm(s):
[  46.589] [STATUS] t_ms=253200 hwm=2 cap=256 dropped=0 dropped_total=2595 crc_err=0 crc_err_total=0 rate1=512 rate2=512 prod1=512 prod2=512 dac_err=0 tx_drop=377 hb_ms=0 sma_state=6 m7_us=261557250 m4_us=259363652 vdd=5.067 offset=0.5000 aref=3.145 loop_us_avg=91 loop_us_max=2885 loop_hz=10989 cycle_log_ms=1 n_cycle=4 cc=1 cc_hz=1029 cc_i_tgt=0.1000 cc_u=0.5117 cc_r=5.0290 cc_tau_ms=7.00
[  47.538] PGAD_A
[  47.601] [STATUS] t_ms=254200 hwm=3 cap=256 dropped=0 dropped_total=2595 crc_err=0 crc_err_total=0 rate1=512 rate2=512 prod1=512 prod2=512 dac_err=0 tx_drop=377 hb_ms=0 sma_state=6 m7_us=262590180 m4_us=260396906 vdd=5.067 offset=0.5000 aref=3.145 loop_us_avg=93 loop_us_max=2805 loop_hz=10752 cycle_log_ms=1 n_cycle=4 cc=1 cc_hz=1026 cc_i_tgt=0.1000 cc_u=0.5144 cc_r=4.9352 cc_tau_ms=7.00
[  48.672] [STATUS] t_ms=255200 hwm=2 cap=256 dropped=0 dropped_total=2595 crc_err=0 crc_err_total=0 rate1=512 rate2=512 prod1=512 prod2=512 dac_err=0 tx_drop=377 hb_ms=0 sma_state=6 m7_us=263623459 m4_us=261430209 vdd=5.067 offset=0.5000 aref=3.145 loop_us_avg=92 loop_us_max=2762 loop_hz=10869 cycle_log_ms=1 n_cycle=4 cc=1 cc_hz=1029 cc_i_tgt=0.1000 cc_u=0.5011 cc_r=4.9951 cc_tau_ms=7.00
[  49.682] [STATUS] t_ms=256200 hwm=2 cap=256 dropped=0 dropped_total=2595 crc_err=0 crc_err_total=0 rate1=512 rate2=512 prod1=512 prod2=512 dac_err=0 tx_drop=377 hb_ms=0 sma_state=6 m7_us=264657093 m4_us=262463508 vdd=5.067 offset=0.5000 aref=3.145 loop_us_avg=92 loop_us_max=2834 loop_hz=10869 cycle_log_ms=1 n_cycle=4 cc=1 cc_hz=1029 cc_i_tgt=0.1000 cc_u=0.5151 cc_r=5.0789 cc_tau_ms=7.00
[  50.059] [SMA] [ACT] heat n=5/6 I=350.0mA ms=100
[  50.123] [SMA] [ACT] cool n=5/6 I=100.0mA ms=12000
[  50.692] [STATUS] t_ms=257200 hwm=3 cap=256 dropped=0 dropped_total=2595 crc_err=0 crc_err_total=0 rate1=512 rate2=512 prod1=512 prod2=512 dac_err=0 tx_drop=377 hb_ms=0 sma_state=6 m7_us=265690404 m4_us=263496769 vdd=5.067 offset=0.5000 aref=3.145 loop_us_avg=92 loop_us_max=2839 loop_hz=10869 cycle_log_ms=1 n_cycle=4 cc=1 cc_hz=1028 cc_i_tgt=0.1000 cc_u=0.6308 cc_r=6.1415 cc_tau_ms=7.00
[  51.578] [ADC1] STA
[  51.578] TUS alarm(s): 0x
[  51.768] [STATUS] t_ms=258200 hwm=3 cap=256 dropped=0 dropped_total=2595 crc_err=0 crc_err_total=0 rate1=512 rate2=512 prod1=512 prod2=512 dac_err=0 tx_drop=377 hb_ms=0 sma_state=6 m7_us=266723532 m4_us=264529981 vdd=5.067 offset=0.5000 aref=3.145 loop_us_avg=93 loop_us_max=3096 loop_hz=10752 cycle_log_ms=1 n_cycle=4 cc=1 cc_hz=1027 cc_i_tgt=0.1000 cc_u=0.6046 cc_r=6.2118 cc_tau_ms=7.00
[  52.783] [STATUS] t_ms=259200 hwm=3 cap=256 dropped=0 dropped_total=2595 crc_err=0 crc_err_total=0 rate1=512 rate2=512 prod1=512 prod2=512 dac_err=0 tx_drop=377 hb_ms=0 sma_state=6 m7_us=267756532 m4_us=265563220 vdd=5.067 offset=0.5000 aref=3.145 loop_us_avg=92 loop_us_max=2837 loop_hz=10869 cycle_log_ms=1 n_cycle=4 cc=1 cc_hz=1026 cc_i_tgt=0.1000 cc_u=0.6238 cc_r=6.2613 cc_tau_ms=7.00
[  53.794] [STATUS] t_ms=260200 hwm=2 cap=256 dropped=0 dropped_total=2595 crc_err=0 crc_err_total=0 rate1=512 rate2=512 prod1=512 prod2=512 dac_err=0 tx_drop=377 hb_ms=0 sma_state=6 m7_us=268789679 m4_us=266596455 vdd=5.067 offset=0.5000 aref=3.145 loop_us_avg=92 loop_us_max=2877 loop_hz=10869 cycle_log_ms=1 n_cycle=4 cc=1 cc_hz=1029 cc_i_tgt=0.1000 cc_u=0.6219 cc_r=6.2515 cc_tau_ms=7.00
[  54.868] [STATUS] t_ms=261200 hwm=2 cap=256 dropped=0 dropped_total=2595 crc_err=0 crc_err_total=0 rate1=512 rate2=512 prod1=512 prod2=512 dac_err=0 tx_drop=377 hb_ms=0 sma_state=6 m7_us=269822939 m4_us=267629639 vdd=5.067 offset=0.5000 aref=3.145 loop_us_avg=92 loop_us_max=2803 loop_hz=10869 cycle_log_ms=1 n_cycle=4 cc=1 cc_hz=1029 cc_i_tgt=0.1000 cc_u=0.6193 cc_r=6.2760 cc_tau_ms=7.00
[  55.876] [STATUS] t_ms=262200 hwm=2 cap=256 dropped=0 dropped_total=2595 crc_err=0 crc_err_total=0 rate1=512 rate2=512 prod1=512 prod2=512 dac_err=0 tx_drop=377 hb_ms=0 sma_state=6 m7_us=270856077 m4_us=268662804 vdd=5.067 offset=0.5000 aref=3.145 loop_us_avg=92 loop_us_max=2814 loop_hz=10869 cycle_log_ms=1 n_cycle=4 cc=1 cc_hz=1029 cc_i_tgt=0.1000 cc_u=0.6274 cc_r=6.2371 cc_tau_ms=7.00
[  56.630] [ADC1] STATUS a
[  56.630] larm(s): 0x4F PGA
[  56.630] L_ALM PGAH_ALM PGAD_A
[  56.885] [STATUS] t_ms=263200 hwm=2 cap=256 dropped=0 dropped_total=2595 crc_err=0 crc_err_total=0 rate1=512 rate2=512 prod1=512 prod2=512 dac_err=0 tx_drop=377 hb_ms=0 sma_state=6 m7_us=271889239 m4_us=269695969 vdd=5.067 offset=0.5000 aref=3.145 loop_us_avg=93 loop_us_max=2798 loop_hz=10752 cycle_log_ms=1 n_cycle=4 cc=1 cc_hz=1029 cc_i_tgt=0.1000 cc_u=0.6284 cc_r=6.2359 cc_tau_ms=7.00
[  57.954] [STATUS] t_ms=264200 hwm=2 cap=256 dropped=0 dropped_total=2595 crc_err=0 crc_err_total=0 rate1=512 rate2=512 prod1=512 prod2=512 dac_err=0 tx_drop=377 hb_ms=0 sma_state=6 m7_us=272922341 m4_us=270729086 vdd=5.067 offset=0.5000 aref=3.145 loop_us_avg=94 loop_us_max=2852 loop_hz=10638 cycle_log_ms=1 n_cycle=4 cc=1 cc_hz=1030 cc_i_tgt=0.1000 cc_u=0.6183 cc_r=6.2324 cc_tau_ms=7.00
[  58.966] [STATUS] t_ms=265200 hwm=2 cap=256 dropped=0 dropped_total=2595 crc_err=0 crc_err_total=0 rate1=512 rate2=512 prod1=512 prod2=512 dac_err=0 tx_drop=377 hb_ms=0 sma_state=6 m7_us=273955449 m4_us=271762161 vdd=5.067 offset=0.5000 aref=3.145 loop_us_avg=91 loop_us_max=2804 loop_hz=10989 cycle_log_ms=1 n_cycle=4 cc=1 cc_hz=1029 cc_i_tgt=0.1000 cc_u=0.6202 cc_r=6.2692 cc_tau_ms=7.00
[  60.037] [STATUS] t_ms=266200 hwm=2 cap=256 dropped=0 dropped_total=2595 crc_err=0 crc_err_total=0 rate1=512 rate2=512 prod1=512 prod2=512 dac_err=0 tx_drop=377 hb_ms=0 sma_state=6 m7_us=274988580 m4_us=272795277 vdd=5.067 offset=0.5000 aref=3.145 loop_us_avg=93 loop_us_max=2798 loop_hz=10752 cycle_log_ms=1 n_cycle=4 cc=1 cc_hz=1029 cc_i_tgt=0.1000 cc_u=0.6296 cc_r=6.2542 cc_tau_ms=7.00
[  60.671] [ADC1]
[  60.671] STATUS alarm(s):
[  61.050] [STATUS] t_ms=267200 hwm=2 cap=256 dropped=0 dropped_total=2595 crc_err=0 crc_err_total=0 rate1=512 rate2=512 prod1=512 prod2=512 dac_err=0 tx_drop=377 hb_ms=0 sma_state=6 m7_us=276021655 m4_us=273828413 vdd=5.067 offset=0.5000 aref=3.145 loop_us_avg=92 loop_us_max=2842 loop_hz=10869 cycle_log_ms=1 n_cycle=4 cc=1 cc_hz=1029 cc_i_tgt=0.1000 cc_u=0.6256 cc_r=6.2206 cc_tau_ms=7.00
[  61.684] _ALM PGAD_A
[  62.062] [STATUS] t_ms=268200 hwm=2 cap=256 dropped=0 dropped_total=2595 crc_err=0 crc_err_total=0 rate1=512 rate2=512 prod1=512 prod2=512 dac_err=0 tx_drop=377 hb_ms=0 sma_state=6 m7_us=277054706 m4_us=274861473 vdd=5.067 offset=0.5000 aref=3.145 loop_us_avg=94 loop_us_max=2816 loop_hz=10638 cycle_log_ms=1 n_cycle=4 cc=1 cc_hz=1030 cc_i_tgt=0.1000 cc_u=0.6159 cc_r=6.2177 cc_tau_ms=7.00
[  62.568] [SMA] [ACT] heat n=6/6 I=350.0mA ms=100
[  62.631] [SMA] [ACT] cool n=6/6 I=100.0mA ms=12000
[  62.694] [ADC1] STATUS alarm(
[  63.135] [STATUS] t_ms=269200 hwm=2 cap=256 dropped=0 dropped_total=2595 crc_err=0 crc_err_total=0 rate1=512 rate2=512 prod1=512 prod2=512 dac_err=0 tx_drop=377 hb_ms=0 sma_state=6 m7_us=278087749 m4_us=275894532 vdd=5.067 offset=0.5000 aref=3.145 loop_us_avg=93 loop_us_max=2848 loop_hz=10752 cycle_log_ms=1 n_cycle=4 cc=1 cc_hz=1031 cc_i_tgt=0.1000 cc_u=0.5058 cc_r=5.0537 cc_tau_ms=7.00
[  64.148] [STATUS] t_ms=270200 hwm=2 cap=256 dropped=0 dropped_total=2595 crc_err=0 crc_err_total=0 rate1=512 rate2=512 prod1=512 prod2=512 dac_err=0 tx_drop=377 hb_ms=0 sma_state=6 m7_us=279120789 m4_us=276927565 vdd=5.067 offset=0.5000 aref=3.145 loop_us_avg=93 loop_us_max=2790 loop_hz=10752 cycle_log_ms=1 n_cycle=4 cc=1 cc_hz=1030 cc_i_tgt=0.1000 cc_u=0.5186 cc_r=5.0479 cc_tau_ms=7.00
[  65.160] [STATUS] t_ms=271200 hwm=2 cap=256 dropped=0 dropped_total=2595 crc_err=0 crc_err_total=0 rate1=512 rate2=512 prod1=512 prod2=512 dac_err=0 tx_drop=377 hb_ms=0 sma_state=6 m7_us=280153849 m4_us=277960625 vdd=5.067 offset=0.5000 aref=3.145 loop_us_avg=93 loop_us_max=2813 loop_hz=10752 cycle_log_ms=1 n_cycle=4 cc=1 cc_hz=1030 cc_i_tgt=0.1000 cc_u=0.5000 cc_r=4.9497 cc_tau_ms=7.00
[  65.728] [AD
[  65.728] C1] STATUS alarm(s)
[  66.234] [STATUS] t_ms=272200 hwm=2 cap=256 dropped=0 dropped_total=2595 crc_err=0 crc_err_total=0 rate1=512 rate2=512 prod1=512 prod2=512 dac_err=0 tx_drop=377 hb_ms=0 sma_state=6 m7_us=281186911 m4_us=278993674 vdd=5.067 offset=0.5000 aref=3.145 loop_us_avg=92 loop_us_max=2800 loop_hz=10869 cycle_log_ms=1 n_cycle=4 cc=1 cc_hz=1030 cc_i_tgt=0.1000 cc_u=0.5013 cc_r=5.0183 cc_tau_ms=7.00
[  66.677] _
[  67.229] [STATUS] t_ms=273200 hwm=2 cap=256 dropped=0 dropped_total=2595 crc_err=0 crc_err_total=0 rate1=512 rate2=512 prod1=512 prod2=512 dac_err=0 tx_drop=377 hb_ms=0 sma_state=6 m7_us=282220063 m4_us=280026753 vdd=5.067 offset=0.5000 aref=3.145 loop_us_avg=94 loop_us_max=2833 loop_hz=10638 cycle_log_ms=1 n_cycle=4 cc=1 cc_hz=1030 cc_i_tgt=0.1000 cc_u=0.5000 cc_r=5.0996 cc_tau_ms=7.00
[  67.735] ALM
[  68.304] [STATUS] t_ms=274200 hwm=2 cap=256 dropped=0 dropped_total=2595 crc_err=0 crc_err_total=0 rate1=512 rate2=512 prod1=512 prod2=512 dac_err=0 tx_drop=377 hb_ms=0 sma_state=6 m7_us=283253157 m4_us=281059857 vdd=5.067 offset=0.5000 aref=3.145 loop_us_avg=91 loop_us_max=2808 loop_hz=10989 cycle_log_ms=1 n_cycle=4 cc=1 cc_hz=1030 cc_i_tgt=0.1000 cc_u=0.5071 cc_r=5.0268 cc_tau_ms=7.00
[  68.743] ALM
[  69.313] [STATUS] t_ms=275200 hwm=2 cap=256 dropped=0 dropped_total=2595 crc_err=0 crc_err_total=0 rate1=512 rate2=512 prod1=512 prod2=512 dac_err=0 tx_drop=377 hb_ms=0 sma_state=6 m7_us=284286307 m4_us=282092996 vdd=5.067 offset=0.5000 aref=3.145 loop_us_avg=91 loop_us_max=2837 loop_hz=10989 cycle_log_ms=1 n_cycle=4 cc=1 cc_hz=1029 cc_i_tgt=0.1000 cc_u=0.5000 cc_r=4.9842 cc_tau_ms=7.00
[  69.752] ALM
[  69.752] [ADC1] S
[  70.321] [STATUS] t_ms=276200 hwm=2 cap=256 dropped=0 dropped_total=2595 crc_err=0 crc_err_total=0 rate1=512 rate2=512 prod1=512 prod2=512 dac_err=0 tx_drop=377 hb_ms=0 sma_state=6 m7_us=285319444 m4_us=283126145 vdd=5.067 offset=0.5000 aref=3.145 loop_us_avg=92 loop_us_max=2851 loop_hz=10869 cycle_log_ms=1 n_cycle=4 cc=1 cc_hz=1029 cc_i_tgt=0.1000 cc_u=0.5144 cc_r=5.0203 cc_tau_ms=7.00
[  70.761] ALM
[  70.761] [ADC1] STATUS alar
[  70.761] LM PGAH_ALM PGAD_
[  71.391] [STATUS] t_ms=277200 hwm=2 cap=256 dropped=0 dropped_total=2595 crc_err=0 crc_err_total=0 rate1=512 rate2=512 prod1=512 prod2=512 dac_err=0 tx_drop=377 hb_ms=0 sma_state=6 m7_us=286352647 m4_us=284159297 vdd=5.067 offset=0.5000 aref=3.145 loop_us_avg=92 loop_us_max=2815 loop_hz=10869 cycle_log_ms=1 n_cycle=4 cc=1 cc_hz=1029 cc_i_tgt=0.1000 cc_u=0.5025 cc_r=5.0660 cc_tau_ms=7.00
[  71.768] ALM
[  72.399] [STATUS] t_ms=278200 hwm=3 cap=256 dropped=0 dropped_total=2595 crc_err=0 crc_err_total=0 rate1=512 rate2=512 prod1=512 prod2=512 dac_err=0 tx_drop=377 hb_ms=0 sma_state=6 m7_us=287385771 m4_us=285192465 vdd=5.067 offset=0.5000 aref=3.145 loop_us_avg=93 loop_us_max=2891 loop_hz=10752 cycle_log_ms=1 n_cycle=4 cc=1 cc_hz=1030 cc_i_tgt=0.1000 cc_u=0.5202 cc_r=5.0477 cc_tau_ms=7.00
[  72.777] ALM
[  72.777] [ADC1] STATUS a
[  73.413] [STATUS] t_ms=279200 hwm=3 cap=256 dropped=0 dropped_total=2595 crc_err=0 crc_err_total=0 rate1=512 rate2=512 prod1=512 prod2=512 dac_err=0 tx_drop=377 hb_ms=0 sma_state=6 m7_us=288419282 m4_us=286225642 vdd=5.067 offset=0.5000 aref=3.145 loop_us_avg=92 loop_us_max=2974 loop_hz=10869 cycle_log_ms=1 n_cycle=4 cc=1 cc_hz=1026 cc_i_tgt=0.1000 cc_u=0.5000 cc_r=4.9900 cc_tau_ms=7.00
[  73.790] ALM
[  73.790] H_ALM PGAD_
[  74.485] [STATUS] t_ms=280200 hwm=3 cap=256 dropped=0 dropped_total=2595 crc_err=0 crc_err_total=0 rate1=512 rate2=512 prod1=512 prod2=512 dac_err=0 tx_drop=377 hb_ms=0 sma_state=6 m7_us=289452114 m4_us=287258817 vdd=5.067 offset=0.5000 aref=3.145 loop_us_avg=93 loop_us_max=2919 loop_hz=10752 cycle_log_ms=1 n_cycle=4 cc=1 cc_hz=1026 cc_i_tgt=0.1000 cc_u=0.5139 cc_r=5.0625 cc_tau_ms=7.00
[  74.802] AL
[  74.802] M
[  74.802] [ADC1] STATUS al
[  75.054] [SMA] [ACT] -> idle (done) after 6 cycle(s); still armed
[  75.498] [STATUS] t_ms=281200 hwm=2 cap=256 dropped=0 dropped_total=2595 crc_err=0 crc_err_total=0 rate1=512 rate2=511 prod1=512 prod2=511 dac_err=0 tx_drop=377 hb_ms=0 sma_state=0 m7_us=290484607 m4_us=288290966 vdd=5.067 offset=0.5000 aref=3.145 loop_us_avg=38 loop_us_max=2804 loop_hz=26315 cycle_log_ms=1 n_cycle=4 cc=0 cc_hz=567 cc_i_tgt=0.1000 cc_u=0.5173 cc_r=4.9605 cc_tau_ms=7.00
