[   0.059] [SMA] ARMED (MOSFET on); idle=0.500 V
[   0.059] [STATUS] t_ms=297867 hwm=256 cap=256 dropped=73 dropped_total=3571 crc_err=0 crc_err_total=0 rate1=394 rate2=393 prod1=480 prod2=479 dac_err=0 tx_drop=377 hb_ms=0 sma_state=0 m7_us=307707784 m4_us=305244572 vdd=5.067 offset=0.5000 aref=3.145 loop_us_avg=29 loop_us_max=332526 loop_hz=34482 cycle_log_ms=1 n_cycle=4 cc=0 cc_hz=0 cc_i_tgt=0.1000 cc_u=0.5173 cc_r=4.9605 cc_tau_ms=7.00
[   0.248] _ALM
[   0.248] PGAD
[   1.066] [STATUS] t_ms=298867 hwm=197 cap=256 dropped=0 dropped_total=3571 crc_err=0 crc_err_total=0 rate1=608 rate2=606 prod1=512 prod2=512 dac_err=0 tx_drop=377 hb_ms=0 sma_state=0 m7_us=308741077 m4_us=306547473 vdd=5.067 offset=0.5000 aref=3.145 loop_us_avg=22 loop_us_max=6032 loop_hz=45454 cycle_log_ms=1 n_cycle=4 cc=0 cc_hz=0 cc_i_tgt=0.1000 cc_u=0.5173 cc_r=4.9605 cc_tau_ms=7.00
[   1.255] _ALM
[   1.255] [ADC1] STATUS a
[   1.255] larm(s): 0x4F
[   1.255] ALM PGAD
[   0.063] [SMA] [CC] start i_high=450.0mA i_low=100.0mA t_high=100 t_idle=12000 n=6 (0=cont) tau_ms=7.0 wdt_ms=5000
[   0.063] [SMA] [ACT] heat n=1/6 I=450.0mA ms=100
[   0.063] [STATUS] t_ms=299867 hwm=3 cap=256 dropped=0 dropped_total=3571 crc_err=0 crc_err_total=0 rate1=512 rate2=512 prod1=512 prod2=512 dac_err=0 tx_drop=377 hb_ms=0 sma_state=5 m7_us=309774792 m4_us=307580909 vdd=5.067 offset=0.5000 aref=3.145 loop_us_avg=23 loop_us_max=2489 loop_hz=43478 cycle_log_ms=1 n_cycle=4 cc=1 cc_hz=50 cc_i_tgt=0.4500 cc_u=0.6319 cc_r=1.4043 cc_tau_ms=7.00
[   0.127] [SMA] [ACT] cool n=1/6 I=100.0mA ms=12000
[   0.252] _ALM
[   1.134] [STATUS] t_ms=300867 hwm=3 cap=256 dropped=0 dropped_total=3571 crc_err=0 crc_err_total=0 rate1=513 rate2=512 prod1=513 prod2=512 dac_err=0 tx_drop=377 hb_ms=0 sma_state=6 m7_us=310808591 m4_us=308615315 vdd=5.067 offset=0.5000 aref=3.145 loop_us_avg=92 loop_us_max=2807 loop_hz=10869 cycle_log_ms=1 n_cycle=4 cc=1 cc_hz=1027 cc_i_tgt=0.1000 cc_u=0.6375 cc_r=6.1831 cc_tau_ms=7.00
[   1.261] _ALM
[   2.142] [STATUS] t_ms=301867 hwm=2 cap=256 dropped=0 dropped_total=3571 crc_err=0 crc_err_total=0 rate1=512 rate2=512 prod1=512 prod2=512 dac_err=0 tx_drop=377 hb_ms=0 sma_state=6 m7_us=311841887 m4_us=309648656 vdd=5.067 offset=0.5000 aref=3.145 loop_us_avg=92 loop_us_max=2773 loop_hz=10869 cycle_log_ms=1 n_cycle=4 cc=1 cc_hz=1029 cc_i_tgt=0.1000 cc_u=0.6135 cc_r=6.2268 cc_tau_ms=7.00
[   2.269] _ALM
[   3.213] [STATUS] t_ms=302867 hwm=2 cap=256 dropped=0 dropped_total=3571 crc_err=0 crc_err_total=0 rate1=511 rate2=512 prod1=511 prod2=512 dac_err=0 tx_drop=377 hb_ms=0 sma_state=6 m7_us=312874652 m4_us=310680973 vdd=5.067 offset=0.5000 aref=3.145 loop_us_avg=92 loop_us_max=2816 loop_hz=10869 cycle_log_ms=1 n_cycle=4 cc=1 cc_hz=1028 cc_i_tgt=0.1000 cc_u=0.6406 cc_r=6.3063 cc_tau_ms=7.00
[   3.276] _ALM
[   3.276] ALM PGAD
[   4.224] [STATUS] t_ms=303867 hwm=3 cap=256 dropped=0 dropped_total=3571 crc_err=0 crc_err_total=0 rate1=513 rate2=512 prod1=513 prod2=512 dac_err=0 tx_drop=377 hb_ms=0 sma_state=6 m7_us=313908592 m4_us=311715321 vdd=5.067 offset=0.5000 aref=3.145 loop_us_avg=92 loop_us_max=2808 loop_hz=10869 cycle_log_ms=1 n_cycle=4 cc=1 cc_hz=1027 cc_i_tgt=0.1000 cc_u=0.6255 cc_r=6.2557 cc_tau_ms=7.00
[   4.287] _ALM
[   4.287] [ADC
[   4.287] 1] STATUS alarm(s)
[   5.237] [STATUS] t_ms=304867 hwm=2 cap=256 dropped=0 dropped_total=3571 crc_err=0 crc_err_total=0 rate1=512 rate2=512 prod1=512 prod2=512 dac_err=0 tx_drop=377 hb_ms=0 sma_state=6 m7_us=314941890 m4_us=312748643 vdd=5.067 offset=0.5000 aref=3.145 loop_us_avg=92 loop_us_max=2786 loop_hz=10869 cycle_log_ms=1 n_cycle=4 cc=1 cc_hz=1029 cc_i_tgt=0.1000 cc_u=0.6313 cc_r=6.2948 cc_tau_ms=7.00
[   5.299] _ALM
[   6.310] [STATUS] t_ms=305867 hwm=2 cap=256 dropped=0 dropped_total=3571 crc_err=0 crc_err_total=0 rate1=512 rate2=512 prod1=512 prod2=512 dac_err=0 tx_drop=377 hb_ms=0 sma_state=6 m7_us=315975240 m4_us=313781961 vdd=5.067 offset=0.5000 aref=3.145 loop_us_avg=91 loop_us_max=2852 loop_hz=10989 cycle_log_ms=1 n_cycle=4 cc=1 cc_hz=1029 cc_i_tgt=0.1000 cc_u=0.6285 cc_r=6.2713 cc_tau_ms=7.00
[   6.310] _ALM
[   7.322] _ALM
[   7.322] [STATUS] t_ms=306867 hwm=2 cap=256 dropped=0 dropped_total=3571 crc_err=0 crc_err_total=0 rate1=511 rate2=512 prod1=511 prod2=512 dac_err=0 tx_drop=377 hb_ms=0 sma_state=6 m7_us=317007839 m4_us=314814237 vdd=5.067 offset=0.5000 aref=3.145 loop_us_avg=93 loop_us_max=2870 loop_hz=10752 cycle_log_ms=1 n_cycle=4 cc=1 cc_hz=1028 cc_i_tgt=0.1000 cc_u=0.6386 cc_r=6.2615 cc_tau_ms=7.00
[   8.335] _ALM
[   8.335] [STATUS] t_ms=307867 hwm=3 cap=256 dropped=0 dropped_total=3571 crc_err=0 crc_err_total=0 rate1=513 rate2=512 prod1=513 prod2=512 dac_err=0 tx_drop=377 hb_ms=0 sma_state=6 m7_us=318041854 m4_us=315848553 vdd=5.067 offset=0.5000 aref=3.145 loop_us_avg=92 loop_us_max=2762 loop_hz=10869 cycle_log_ms=1 n_cycle=4 cc=1 cc_hz=1027 cc_i_tgt=0.1000 cc_u=0.6312 cc_r=6.2507 cc_tau_ms=7.00
[   9.347] _ALM
[   9.347] [ADC1] STATUS alarm
[   9.409] [STATUS] t_ms=308867 hwm=3 cap=256 dropped=0 dropped_total=3571 crc_err=0 crc_err_total=0 rate1=512 rate2=512 prod1=512 prod2=512 dac_err=0 tx_drop=377 hb_ms=0 sma_state=6 m7_us=319075144 m4_us=316881875 vdd=5.067 offset=0.5000 aref=3.145 loop_us_avg=93 loop_us_max=2921 loop_hz=10752 cycle_log_ms=1 n_cycle=4 cc=1 cc_hz=1029 cc_i_tgt=0.1000 cc_u=0.6216 cc_r=6.2473 cc_tau_ms=7.00
[  10.354] _ALM
[  10.354] LM PGAD
[  10.418] [STATUS] t_ms=309867 hwm=2 cap=256 dropped=0 dropped_total=3571 crc_err=0 crc_err_total=0 rate1=511 rate2=512 prod1=511 prod2=512 dac_err=0 tx_drop=377 hb_ms=0 sma_state=6 m7_us=320107796 m4_us=317914154 vdd=5.067 offset=0.5000 aref=3.145 loop_us_avg=93 loop_us_max=2834 loop_hz=10752 cycle_log_ms=1 n_cycle=4 cc=1 cc_hz=1028 cc_i_tgt=0.1000 cc_u=0.6367 cc_r=6.3045 cc_tau_ms=7.00
[  11.368] _ALM
[  11.431] [STATUS] t_ms=310867 hwm=3 cap=256 dropped=0 dropped_total=3571 crc_err=0 crc_err_total=0 rate1=513 rate2=512 prod1=513 prod2=512 dac_err=0 tx_drop=377 hb_ms=0 sma_state=6 m7_us=321141765 m4_us=318948473 vdd=5.067 offset=0.5000 aref=3.145 loop_us_avg=92 loop_us_max=2862 loop_hz=10869 cycle_log_ms=1 n_cycle=4 cc=1 cc_hz=1027 cc_i_tgt=0.1000 cc_u=0.6276 cc_r=6.2414 cc_tau_ms=7.00
[  12.382] _ALM
[  12.509] [STATUS] t_ms=311867 hwm=2 cap=256 dropped=0 dropped_total=3571 crc_err=0 crc_err_total=0 rate1=512 rate2=512 prod1=512 prod2=512 dac_err=0 tx_drop=377 hb_ms=0 sma_state=6 m7_us=322175084 m4_us=319981837 vdd=5.067 offset=0.5000 aref=3.145 loop_us_avg=93 loop_us_max=2790 loop_hz=10752 cycle_log_ms=1 n_cycle=4 cc=1 cc_hz=1029 cc_i_tgt=0.1000 cc_u=0.6279 cc_r=6.2238 cc_tau_ms=7.00
[  12.509] [SMA] [ACT] heat n=2/6 I=450.0mA ms=100
[  12.634] [SMA] [ACT] cool n=2/6 I=100.0mA ms=12000
[  13.394] _ALM
[  13.394] ALM PGAH_ALM PGAD
[  13.522] [STATUS] t_ms=312867 hwm=2 cap=256 dropped=0 dropped_total=3571 crc_err=0 crc_err_total=0 rate1=511 rate2=512 prod1=511 prod2=512 dac_err=0 tx_drop=377 hb_ms=0 sma_state=6 m7_us=323208133 m4_us=321014183 vdd=5.067 offset=0.5000 aref=3.145 loop_us_avg=92 loop_us_max=2840 loop_hz=10869 cycle_log_ms=1 n_cycle=4 cc=1 cc_hz=1030 cc_i_tgt=0.1000 cc_u=0.5211 cc_r=5.0334 cc_tau_ms=7.00
[  14.345] _ALM
[  14.345] [
[  14.345] ADC1] STATUS alarm(s
[  14.533] [STATUS] t_ms=313867 hwm=3 cap=256 dropped=0 dropped_total=3571 crc_err=0 crc_err_total=0 rate1=513 rate2=512 prod1=513 prod2=512 dac_err=0 tx_drop=377 hb_ms=0 sma_state=6 m7_us=324241887 m4_us=322048518 vdd=5.067 offset=0.5000 aref=3.145 loop_us_avg=92 loop_us_max=2828 loop_hz=10869 cycle_log_ms=1 n_cycle=4 cc=1 cc_hz=1028 cc_i_tgt=0.1000 cc_u=0.5053 cc_r=5.0126 cc_tau_ms=7.00
[  15.353] _ALM
[  15.353] AD
[  15.608] [STATUS] t_ms=314867 hwm=3 cap=256 dropped=0 dropped_total=3571 crc_err=0 crc_err_total=0 rate1=512 rate2=512 prod1=512 prod2=512 dac_err=0 tx_drop=377 hb_ms=0 sma_state=6 m7_us=325275077 m4_us=323081820 vdd=5.067 offset=0.5000 aref=3.145 loop_us_avg=92 loop_us_max=2956 loop_hz=10869 cycle_log_ms=1 n_cycle=4 cc=1 cc_hz=1030 cc_i_tgt=0.1000 cc_u=0.5550 cc_r=5.0764 cc_tau_ms=7.00
[  16.365] _ALM
[  16.617] [STATUS] t_ms=315867 hwm=2 cap=256 dropped=0 dropped_total=3571 crc_err=0 crc_err_total=0 rate1=512 rate2=512 prod1=512 prod2=512 dac_err=0 tx_drop=377 hb_ms=0 sma_state=6 m7_us=326308463 m4_us=324115094 vdd=5.067 offset=0.5000 aref=3.145 loop_us_avg=93 loop_us_max=2781 loop_hz=10752 cycle_log_ms=1 n_cycle=4 cc=1 cc_hz=1029 cc_i_tgt=0.1000 cc_u=0.5005 cc_r=5.0027 cc_tau_ms=7.00
[  17.380] _ALM
[  17.632] [STATUS] t_ms=316867 hwm=3 cap=256 dropped=0 dropped_total=3571 crc_err=0 crc_err_total=0 rate1=511 rate2=512 prod1=511 prod2=512 dac_err=0 tx_drop=377 hb_ms=0 sma_state=6 m7_us=327340947 m4_us=325147332 vdd=5.067 offset=0.5000 aref=3.145 loop_us_avg=93 loop_us_max=2867 loop_hz=10752 cycle_log_ms=1 n_cycle=4 cc=1 cc_hz=1028 cc_i_tgt=0.1000 cc_u=0.5001 cc_r=5.0285 cc_tau_ms=7.00
[  18.388] _ALM
[  18.706] [STATUS] t_ms=317867 hwm=3 cap=256 dropped=0 dropped_total=3571 crc_err=0 crc_err_total=0 rate1=512 rate2=512 prod1=512 prod2=512 dac_err=0 tx_drop=377 hb_ms=0 sma_state=6 m7_us=328374213 m4_us=326180577 vdd=5.067 offset=0.5000 aref=3.145 loop_us_avg=93 loop_us_max=2761 loop_hz=10752 cycle_log_ms=1 n_cycle=4 cc=1 cc_hz=1026 cc_i_tgt=0.1000 cc_u=0.5050 cc_r=5.0125 cc_tau_ms=7.00
[  19.400] _ALM
[  19.400] [AD
[  19.715] [STATUS] t_ms=318867 hwm=3 cap=256 dropped=0 dropped_total=3571 crc_err=0 crc_err_total=0 rate1=512 rate2=512 prod1=512 prod2=512 dac_err=0 tx_drop=377 hb_ms=0 sma_state=6 m7_us=329407585 m4_us=327213822 vdd=5.067 offset=0.5000 aref=3.145 loop_us_avg=93 loop_us_max=2766 loop_hz=10752 cycle_log_ms=1 n_cycle=4 cc=1 cc_hz=1026 cc_i_tgt=0.1000 cc_u=0.5067 cc_r=4.9871 cc_tau_ms=7.00
[  20.409] _ALM
[  20.409] [ADC1] STATUS ala
[  20.724] [STATUS] t_ms=319867 hwm=3 cap=256 dropped=0 dropped_total=3571 crc_err=0 crc_err_total=0 rate1=513 rate2=512 prod1=513 prod2=512 dac_err=0 tx_drop=377 hb_ms=0 sma_state=6 m7_us=330441436 m4_us=328248086 vdd=5.067 offset=0.5000 aref=3.145 loop_us_avg=91 loop_us_max=2887 loop_hz=10989 cycle_log_ms=1 n_cycle=4 cc=1 cc_hz=1027 cc_i_tgt=0.1000 cc_u=0.5101 cc_r=5.0111 cc_tau_ms=7.00
[  21.419] _ALM
[  21.799] [STATUS] t_ms=320867 hwm=3 cap=256 dropped=0 dropped_total=3571 crc_err=0 crc_err_total=0 rate1=512 rate2=512 prod1=512 prod2=512 dac_err=0 tx_drop=377 hb_ms=0 sma_state=6 m7_us=331474629 m4_us=329281318 vdd=5.067 offset=0.5000 aref=3.145 loop_us_avg=92 loop_us_max=3007 loop_hz=10869 cycle_log_ms=1 n_cycle=4 cc=1 cc_hz=1026 cc_i_tgt=0.1000 cc_u=0.5136 cc_r=5.0070 cc_tau_ms=7.00
[  22.429] _ALM
[  22.810] [STATUS] t_ms=321867 hwm=2 cap=256 dropped=0 dropped_total=3571 crc_err=0 crc_err_total=0 rate1=512 rate2=512 prod1=512 prod2=512 dac_err=0 tx_drop=377 hb_ms=0 sma_state=6 m7_us=332507899 m4_us=330314576 vdd=5.067 offset=0.5000 aref=3.145 loop_us_avg=93 loop_us_max=2855 loop_hz=10752 cycle_log_ms=1 n_cycle=4 cc=1 cc_hz=1029 cc_i_tgt=0.1000 cc_u=0.5029 cc_r=5.0474 cc_tau_ms=7.00
[  23.443] _ALM
[  23.821] [STATUS] t_ms=322867 hwm=3 cap=256 dropped=0 dropped_total=3571 crc_err=0 crc_err_total=0 rate1=512 rate2=512 prod1=512 prod2=512 dac_err=0 tx_drop=377 hb_ms=0 sma_state=6 m7_us=333541083 m4_us=331347840 vdd=5.067 offset=0.5000 aref=3.145 loop_us_avg=92 loop_us_max=3033 loop_hz=10869 cycle_log_ms=1 n_cycle=4 cc=1 cc_hz=1026 cc_i_tgt=0.1000 cc_u=0.5000 cc_r=4.9959 cc_tau_ms=7.00
[  24.455] _ALM
[  24.455] [ADC1] STAT
[  24.455] US alarm(s): 0xCF
[  24.896] [STATUS] t_ms=323867 hwm=2 cap=256 dropped=0 dropped_total=3571 crc_err=0 crc_err_total=0 rate1=512 rate2=512 prod1=512 prod2=512 dac_err=0 tx_drop=377 hb_ms=0 sma_state=6 m7_us=334574394 m4_us=332381078 vdd=5.067 offset=0.5000 aref=3.145 loop_us_avg=92 loop_us_max=2787 loop_hz=10869 cycle_log_ms=1 n_cycle=4 cc=1 cc_hz=1029 cc_i_tgt=0.1000 cc_u=0.5000 cc_r=4.9494 cc_tau_ms=7.00
[  25.022] [SMA] [ACT] heat n=3/6 I=450.0mA ms=100
[  25.149] [SMA] [ACT] cool n=3/6 I=100.0mA ms=12000
[  25.466] _ALM
[  25.466] [ADC1] STATUS alarm(s): 0x4
[  25.908] [STATUS] t_ms=324867 hwm=2 cap=256 dropped=0 dropped_total=3571 crc_err=0 crc_err_total=0 rate1=511 rate2=512 prod1=511 prod2=512 dac_err=0 tx_drop=377 hb_ms=0 sma_state=6 m7_us=335606901 m4_us=333413303 vdd=5.067 offset=0.5000 aref=3.145 loop_us_avg=92 loop_us_max=2841 loop_hz=10869 cycle_log_ms=1 n_cycle=4 cc=1 cc_hz=1027 cc_i_tgt=0.1000 cc_u=0.6259 cc_r=6.2048 cc_tau_ms=7.00
[  26.474] _ALM
[  26.948] [STATUS] t_ms=325867 hwm=3 cap=256 dropped=0 dropped_total=3571 crc_err=0 crc_err_total=0 rate1=512 rate2=512 prod1=512 prod2=512 dac_err=0 tx_drop=377 hb_ms=0 sma_state=6 m7_us=336640354 m4_us=334446564 vdd=5.067 offset=0.5000 aref=3.145 loop_us_avg=92 loop_us_max=2773 loop_hz=10869 cycle_log_ms=1 n_cycle=4 cc=1 cc_hz=1026 cc_i_tgt=0.1000 cc_u=0.6308 cc_r=6.2422 cc_tau_ms=7.00
[  27.516] _ALM
[  27.959] [STATUS] t_ms=326867 hwm=3 cap=256 dropped=0 dropped_total=3571 crc_err=0 crc_err_total=0 rate1=512 rate2=512 prod1=512 prod2=512 dac_err=0 tx_drop=377 hb_ms=0 sma_state=6 m7_us=337673505 m4_us=335479825 vdd=5.067 offset=0.5000 aref=3.145 loop_us_avg=92 loop_us_max=3046 loop_hz=10869 cycle_log_ms=1 n_cycle=4 cc=1 cc_hz=1027 cc_i_tgt=0.1000 cc_u=0.6297 cc_r=6.2948 cc_tau_ms=7.00
[  28.526] _AL
[  28.526] M
[  29.033] [STATUS] t_ms=327867 hwm=3 cap=256 dropped=0 dropped_total=3571 crc_err=0 crc_err_total=0 rate1=512 rate2=512 prod1=512 prod2=512 dac_err=0 tx_drop=377 hb_ms=0 sma_state=6 m7_us=338706772 m4_us=336513082 vdd=5.067 offset=0.5000 aref=3.145 loop_us_avg=92 loop_us_max=2808 loop_hz=10869 cycle_log_ms=1 n_cycle=4 cc=1 cc_hz=1026 cc_i_tgt=0.1000 cc_u=0.6253 cc_r=6.2472 cc_tau_ms=7.00
[  29.541] _ALM
[  30.049] [STATUS] t_ms=328867 hwm=3 cap=256 dropped=0 dropped_total=3571 crc_err=0 crc_err_total=0 rate1=512 rate2=512 prod1=512 prod2=512 dac_err=0 tx_drop=377 hb_ms=0 sma_state=6 m7_us=339739922 m4_us=337546327 vdd=5.067 offset=0.5000 aref=3.145 loop_us_avg=92 loop_us_max=2834 loop_hz=10869 cycle_log_ms=1 n_cycle=4 cc=1 cc_hz=1026 cc_i_tgt=0.1000 cc_u=0.6163 cc_r=6.2111 cc_tau_ms=7.00
[  30.490] _ALM
[  30.490] [ADC1] STATUS
[  31.060] [STATUS] t_ms=329867 hwm=3 cap=256 dropped=0 dropped_total=3571 crc_err=0 crc_err_total=0 rate1=512 rate2=512 prod1=512 prod2=512 dac_err=0 tx_drop=377 hb_ms=0 sma_state=6 m7_us=340773271 m4_us=338579582 vdd=5.067 offset=0.5000 aref=3.145 loop_us_avg=92 loop_us_max=2795 loop_hz=10869 cycle_log_ms=1 n_cycle=4 cc=1 cc_hz=1026 cc_i_tgt=0.1000 cc_u=0.6100 cc_r=6.2389 cc_tau_ms=7.00
[  31.503] _ALM
[  31.503] [ADC1] STATUS alarm(s): 0xC
[  32.136] [STATUS] t_ms=330867 hwm=3 cap=256 dropped=0 dropped_total=3571 crc_err=0 crc_err_total=0 rate1=512 rate2=512 prod1=512 prod2=512 dac_err=0 tx_drop=377 hb_ms=0 sma_state=6 m7_us=341806512 m4_us=339612801 vdd=5.067 offset=0.5000 aref=3.145 loop_us_avg=93 loop_us_max=2888 loop_hz=10752 cycle_log_ms=1 n_cycle=4 cc=1 cc_hz=1027 cc_i_tgt=0.1000 cc_u=0.6151 cc_r=6.2139 cc_tau_ms=7.00
[  32.516] _ALM
[  33.148] [STATUS] t_ms=331867 hwm=3 cap=256 dropped=0 dropped_total=3571 crc_err=0 crc_err_total=0 rate1=512 rate2=512 prod1=512 prod2=512 dac_err=0 tx_drop=377 hb_ms=0 sma_state=6 m7_us=342839767 m4_us=340646055 vdd=5.067 offset=0.5000 aref=3.145 loop_us_avg=94 loop_us_max=2801 loop_hz=10638 cycle_log_ms=1 n_cycle=4 cc=1 cc_hz=1026 cc_i_tgt=0.1000 cc_u=0.6270 cc_r=6.2510 cc_tau_ms=7.00
[  33.527] _ALM
[  34.156] [STATUS] t_ms=332867 hwm=3 cap=256 dropped=0 dropped_total=3571 crc_err=0 crc_err_total=0 rate1=512 rate2=512 prod1=512 prod2=512 dac_err=0 tx_drop=377 hb_ms=0 sma_state=6 m7_us=343872933 m4_us=341679287 vdd=5.067 offset=0.5000 aref=3.145 loop_us_avg=92 loop_us_max=2871 loop_hz=10869 cycle_log_ms=1 n_cycle=4 cc=1 cc_hz=1026 cc_i_tgt=0.1000 cc_u=0.6271 cc_r=6.2501 cc_tau_ms=7.00
[  34.536] _ALM
[  34.536] [ADC1]
[  35.229] [STATUS] t_ms=333867 hwm=3 cap=256 dropped=0 dropped_total=3571 crc_err=0 crc_err_total=0 rate1=513 rate2=512 prod1=513 prod2=512 dac_err=0 tx_drop=377 hb_ms=0 sma_state=6 m7_us=344906827 m4_us=342713510 vdd=5.067 offset=0.5000 aref=3.145 loop_us_avg=92 loop_us_max=2917 loop_hz=10869 cycle_log_ms=1 n_cycle=4 cc=1 cc_hz=1028 cc_i_tgt=0.1000 cc_u=0.6278 cc_r=6.2840 cc_tau_ms=7.00
[  35.540] _ALM
[  36.235] [STATUS] t_ms=334867 hwm=2 cap=256 dropped=0 dropped_total=3571 crc_err=0 crc_err_total=0 rate1=511 rate2=512 prod1=511 prod2=512 dac_err=0 tx_drop=377 hb_ms=0 sma_state=6 m7_us=345939426 m4_us=343745745 vdd=5.067 offset=0.5000 aref=3.145 loop_us_avg=92 loop_us_max=2831 loop_hz=10869 cycle_log_ms=1 n_cycle=4 cc=1 cc_hz=1028 cc_i_tgt=0.1000 cc_u=0.6186 cc_r=6.2323 cc_tau_ms=7.00
[  36.553] _ALM
[  36.553] ALM PGAD
[  37.310] [STATUS] t_ms=335867 hwm=3 cap=256 dropped=0 dropped_total=3571 crc_err=0 crc_err_total=0 rate1=513 rate2=512 prod1=513 prod2=512 dac_err=0 tx_drop=377 hb_ms=0 sma_state=6 m7_us=346973222 m4_us=344780009 vdd=5.067 offset=0.5000 aref=3.145 loop_us_avg=93 loop_us_max=2780 loop_hz=10752 cycle_log_ms=1 n_cycle=4 cc=1 cc_hz=1027 cc_i_tgt=0.1000 cc_u=0.6228 cc_r=6.2487 cc_tau_ms=7.00
[  37.564] [SMA] [ACT] heat n=4/6 I=450.0mA ms=100
[  37.564] _ALM
[  37.628] [SMA] [ACT] cool n=4/6 I=100.0mA ms=12000
[  38.324] [STATUS] t_ms=336867 hwm=2 cap=256 dropped=0 dropped_total=3571 crc_err=0 crc_err_total=0 rate1=512 rate2=512 prod1=512 prod2=512 dac_err=0 tx_drop=377 hb_ms=0 sma_state=6 m7_us=348006564 m4_us=345813286 vdd=5.067 offset=0.5000 aref=3.145 loop_us_avg=93 loop_us_max=2803 loop_hz=10752 cycle_log_ms=1 n_cycle=4 cc=1 cc_hz=1028 cc_i_tgt=0.1000 cc_u=0.6209 cc_r=6.2602 cc_tau_ms=7.00
[  38.577] _ALM
[  38.577] [ADC1] STATUS alarm(s): 0x
[  39.334] [STATUS] t_ms=337867 hwm=2 cap=256 dropped=0 dropped_total=3571 crc_err=0 crc_err_total=0 rate1=512 rate2=512 prod1=512 prod2=512 dac_err=0 tx_drop=377 hb_ms=0 sma_state=6 m7_us=349039855 m4_us=346846576 vdd=5.067 offset=0.5000 aref=3.145 loop_us_avg=92 loop_us_max=2803 loop_hz=10869 cycle_log_ms=1 n_cycle=4 cc=1 cc_hz=1029 cc_i_tgt=0.1000 cc_u=0.6215 cc_r=6.2352 cc_tau_ms=7.00
[  39.588] _ALM
[  40.412] [STATUS] t_ms=338867 hwm=2 cap=256 dropped=0 dropped_total=3571 crc_err=0 crc_err_total=0 rate1=512 rate2=512 prod1=512 prod2=512 dac_err=0 tx_drop=377 hb_ms=0 sma_state=6 m7_us=350073101 m4_us=347879875 vdd=5.067 offset=0.5000 aref=3.145 loop_us_avg=92 loop_us_max=2770 loop_hz=10869 cycle_log_ms=1 n_cycle=4 cc=1 cc_hz=1029 cc_i_tgt=0.1000 cc_u=0.6233 cc_r=6.2215 cc_tau_ms=7.00
[  40.599] _ALM
[  41.418] [STATUS] t_ms=339867 hwm=2 cap=256 dropped=0 dropped_total=3571 crc_err=0 crc_err_total=0 rate1=512 rate2=512 prod1=512 prod2=512 dac_err=0 tx_drop=377 hb_ms=0 sma_state=6 m7_us=351106469 m4_us=348913180 vdd=5.067 offset=0.5000 aref=3.145 loop_us_avg=93 loop_us_max=2793 loop_hz=10752 cycle_log_ms=1 n_cycle=4 cc=1 cc_hz=1029 cc_i_tgt=0.1000 cc_u=0.6185 cc_r=6.2119 cc_tau_ms=7.00
[  41.609] _ALM
[  42.432] [STATUS] t_ms=340867 hwm=2 cap=256 dropped=0 dropped_total=3571 crc_err=0 crc_err_total=0 rate1=512 rate2=512 prod1=512 prod2=512 dac_err=0 tx_drop=377 hb_ms=0 sma_state=6 m7_us=352139754 m4_us=349946470 vdd=5.067 offset=0.5000 aref=3.145 loop_us_avg=92 loop_us_max=2794 loop_hz=10869 cycle_log_ms=1 n_cycle=4 cc=1 cc_hz=1029 cc_i_tgt=0.1000 cc_u=0.6229 cc_r=6.2566 cc_tau_ms=7.00
[  42.619] _ALM
[  42.619] [ADC1] STATUS alar
[  43.501] [STATUS] t_ms=341867 hwm=2 cap=256 dropped=0 dropped_total=3571 crc_err=0 crc_err_total=0 rate1=511 rate2=512 prod1=511 prod2=512 dac_err=0 tx_drop=377 hb_ms=0 sma_state=6 m7_us=353172347 m4_us=350978740 vdd=5.067 offset=0.5000 aref=3.145 loop_us_avg=92 loop_us_max=2804 loop_hz=10869 cycle_log_ms=1 n_cycle=4 cc=1 cc_hz=1028 cc_i_tgt=0.1000 cc_u=0.6197 cc_r=6.2873 cc_tau_ms=7.00
[  43.629] _ALM
[  44.512] [STATUS] t_ms=342867 hwm=3 cap=256 dropped=0 dropped_total=3571 crc_err=0 crc_err_total=0 rate1=513 rate2=512 prod1=513 prod2=512 dac_err=0 tx_drop=377 hb_ms=0 sma_state=6 m7_us=354206331 m4_us=352013069 vdd=5.067 offset=0.5000 aref=3.145 loop_us_avg=92 loop_us_max=2754 loop_hz=10869 cycle_log_ms=1 n_cycle=4 cc=1 cc_hz=1027 cc_i_tgt=0.1000 cc_u=0.6133 cc_r=6.2416 cc_tau_ms=7.00
[  44.638] _ALM
[  45.527] [STATUS] t_ms=343867 hwm=3 cap=256 dropped=0 dropped_total=3571 crc_err=0 crc_err_total=0 rate1=512 rate2=512 prod1=512 prod2=512 dac_err=0 tx_drop=377 hb_ms=0 sma_state=6 m7_us=355239781 m4_us=353046406 vdd=5.067 offset=0.5000 aref=3.145 loop_us_avg=93 loop_us_max=2873 loop_hz=10752 cycle_log_ms=1 n_cycle=4 cc=1 cc_hz=1029 cc_i_tgt=0.1000 cc_u=0.6184 cc_r=6.2253 cc_tau_ms=7.00
[  45.653] _ALM
[  45.653] [AD
[  45.653] C1] STATUS alarm(s
[  46.597] [STATUS] t_ms=344867 hwm=3 cap=256 dropped=0 dropped_total=3571 crc_err=0 crc_err_total=0 rate1=512 rate2=512 prod1=512 prod2=512 dac_err=0 tx_drop=377 hb_ms=0 sma_state=6 m7_us=356272990 m4_us=354079702 vdd=5.067 offset=0.5000 aref=3.145 loop_us_avg=93 loop_us_max=3087 loop_hz=10752 cycle_log_ms=1 n_cycle=4 cc=1 cc_hz=1026 cc_i_tgt=0.1000 cc_u=0.6291 cc_r=6.2610 cc_tau_ms=7.00
[  46.661] _A
[  46.661] [ADC1] STATUS
[  47.602] [STATUS] t_ms=345867 hwm=2 cap=256 dropped=0 dropped_total=3571 crc_err=0 crc_err_total=0 rate1=512 rate2=512 prod1=512 prod2=512 dac_err=0 tx_drop=377 hb_ms=0 sma_state=6 m7_us=357306538 m4_us=355113001 vdd=5.067 offset=0.5000 aref=3.145 loop_us_avg=92 loop_us_max=2790 loop_hz=10869 cycle_log_ms=1 n_cycle=4 cc=1 cc_hz=1029 cc_i_tgt=0.1000 cc_u=0.6321 cc_r=6.2346 cc_tau_ms=7.00
[  47.666] _ALM
[  48.676] [STATUS] t_ms=346867 hwm=3 cap=256 dropped=0 dropped_total=3571 crc_err=0 crc_err_total=0 rate1=512 rate2=512 prod1=512 prod2=512 dac_err=0 tx_drop=377 hb_ms=0 sma_state=6 m7_us=358339632 m4_us=356146320 vdd=5.067 offset=0.5000 aref=3.145 loop_us_avg=92 loop_us_max=3270 loop_hz=10869 cycle_log_ms=1 n_cycle=4 cc=1 cc_hz=1026 cc_i_tgt=0.1000 cc_u=0.6164 cc_r=6.2345 cc_tau_ms=7.00
[  48.676] _ALM
[  49.688] [STATUS] t_ms=347867 hwm=2 cap=256 dropped=0 dropped_total=3571 crc_err=0 crc_err_total=0 rate1=512 rate2=512 prod1=512 prod2=512 dac_err=0 tx_drop=377 hb_ms=0 sma_state=6 m7_us=359372921 m4_us=357179603 vdd=5.067 offset=0.5000 aref=3.145 loop_us_avg=92 loop_us_max=2821 loop_hz=10869 cycle_log_ms=1 n_cycle=4 cc=1 cc_hz=1029 cc_i_tgt=0.1000 cc_u=0.6114 cc_r=6.2052 cc_tau_ms=7.00
[  49.688] _ALM
[  50.066] [SMA] [ACT] heat n=5/6 I=450.0mA ms=100
[  50.129] [SMA] [ACT] cool n=5/6 I=100.0mA ms=12000
[  50.696] _ALM
[  50.696] [STATUS] t_ms=348867 hwm=3 cap=256 dropped=0 dropped_total=3571 crc_err=0 crc_err_total=0 rate1=511 rate2=512 prod1=511 prod2=512 dac_err=0 tx_drop=377 hb_ms=0 sma_state=6 m7_us=360405779 m4_us=358211850 vdd=5.067 offset=0.5000 aref=3.145 loop_us_avg=93 loop_us_max=3025 loop_hz=10752 cycle_log_ms=1 n_cycle=4 cc=1 cc_hz=1028 cc_i_tgt=0.1000 cc_u=0.5109 cc_r=5.0285 cc_tau_ms=7.00
[  51.699] _ALM
[  51.699] [A
[  51.762] [STATUS] t_ms=349867 hwm=4 cap=256 dropped=0 dropped_total=3571 crc_err=0 crc_err_total=0 rate1=513 rate2=512 prod1=513 prod2=512 dac_err=0 tx_drop=377 hb_ms=0 sma_state=6 m7_us=361439378 m4_us=359246102 vdd=5.067 offset=0.5000 aref=3.145 loop_us_avg=93 loop_us_max=3520 loop_hz=10752 cycle_log_ms=1 n_cycle=4 cc=1 cc_hz=1029 cc_i_tgt=0.1000 cc_u=0.5000 cc_r=4.9915 cc_tau_ms=7.00
[  52.706] _AL
[  52.706] M
[  52.706] [ADC1] STATUS
[  52.706] alarm(s): 0x4F PG
[  52.706] AL_ALM PGAH_ALM PGAD
[  52.768] [STATUS] t_ms=350867 hwm=3 cap=256 dropped=0 dropped_total=3571 crc_err=0 crc_err_total=0 rate1=512 rate2=512 prod1=512 prod2=512 dac_err=0 tx_drop=377 hb_ms=0 sma_state=6 m7_us=362472726 m4_us=360279369 vdd=5.067 offset=0.5000 aref=3.145 loop_us_avg=92 loop_us_max=3232 loop_hz=10869 cycle_log_ms=1 n_cycle=4 cc=1 cc_hz=1026 cc_i_tgt=0.1000 cc_u=0.5000 cc_r=4.9997 cc_tau_ms=7.00
[  53.698] _ALM
[  53.698] D
[  53.826] [STATUS] t_ms=351867 hwm=3 cap=256 dropped=0 dropped_total=3571 crc_err=0 crc_err_total=0 rate1=512 rate2=512 prod1=512 prod2=512 dac_err=0 tx_drop=377 hb_ms=0 sma_state=6 m7_us=363505976 m4_us=361312656 vdd=5.067 offset=0.5000 aref=3.145 loop_us_avg=94 loop_us_max=2890 loop_hz=10638 cycle_log_ms=1 n_cycle=4 cc=1 cc_hz=1029 cc_i_tgt=0.1000 cc_u=0.5000 cc_r=5.0239 cc_tau_ms=7.00
[  54.712] _ALM
[  54.839] [STATUS] t_ms=352867 hwm=2 cap=256 dropped=0 dropped_total=3571 crc_err=0 crc_err_total=0 rate1=512 rate2=512 prod1=512 prod2=512 dac_err=0 tx_drop=377 hb_ms=0 sma_state=6 m7_us=364539158 m4_us=362345900 vdd=5.067 offset=0.5000 aref=3.145 loop_us_avg=93 loop_us_max=2856 loop_hz=10752 cycle_log_ms=1 n_cycle=4 cc=1 cc_hz=1029 cc_i_tgt=0.1000 cc_u=0.5000 cc_r=5.0512 cc_tau_ms=7.00
[  55.721] _ALM
[  55.910] [STATUS] t_ms=353867 hwm=3 cap=256 dropped=0 dropped_total=3571 crc_err=0 crc_err_total=0 rate1=512 rate2=512 prod1=512 prod2=512 dac_err=0 tx_drop=377 hb_ms=0 sma_state=6 m7_us=365572414 m4_us=363379158 vdd=5.067 offset=0.5000 aref=3.145 loop_us_avg=92 loop_us_max=2936 loop_hz=10869 cycle_log_ms=1 n_cycle=4 cc=1 cc_hz=1030 cc_i_tgt=0.1000 cc_u=0.5179 cc_r=5.0152 cc_tau_ms=7.00
[  56.731] _ALM
[  56.731] [ADC
[  56.922] [STATUS] t_ms=354867 hwm=2 cap=256 dropped=0 dropped_total=3571 crc_err=0 crc_err_total=0 rate1=511 rate2=512 prod1=511 prod2=512 dac_err=0 tx_drop=377 hb_ms=0 sma_state=6 m7_us=366605079 m4_us=364411354 vdd=5.067 offset=0.5000 aref=3.145 loop_us_avg=92 loop_us_max=2825 loop_hz=10869 cycle_log_ms=1 n_cycle=4 cc=1 cc_hz=1028 cc_i_tgt=0.1000 cc_u=0.5000 cc_r=4.9826 cc_tau_ms=7.00
[  57.743] _ALM
[  57.743] [ADC1] STATUS alarm(s): 0x4F P
[  57.743] GAL_ALM PGAH_ALM PGAD
[  57.932] [STATUS] t_ms=355867 hwm=3 cap=256 dropped=0 dropped_total=3571 crc_err=0 crc_err_total=0 rate1=513 rate2=512 prod1=513 prod2=512 dac_err=0 tx_drop=377 hb_ms=0 sma_state=6 m7_us=367638818 m4_us=365445539 vdd=5.067 offset=0.5000 aref=3.145 loop_us_avg=92 loop_us_max=3076 loop_hz=10869 cycle_log_ms=1 n_cycle=4 cc=1 cc_hz=1028 cc_i_tgt=0.1000 cc_u=0.5000 cc_r=5.0306 cc_tau_ms=7.00
[  58.752] _ALM
[  59.003] [STATUS] t_ms=356867 hwm=3 cap=256 dropped=0 dropped_total=3571 crc_err=0 crc_err_total=0 rate1=511 rate2=512 prod1=511 prod2=512 dac_err=0 tx_drop=377 hb_ms=0 sma_state=6 m7_us=368671380 m4_us=366477742 vdd=5.067 offset=0.5000 aref=3.145 loop_us_avg=92 loop_us_max=3270 loop_hz=10869 cycle_log_ms=1 n_cycle=4 cc=1 cc_hz=1026 cc_i_tgt=0.1000 cc_u=0.5040 cc_r=4.9520 cc_tau_ms=7.00
[  59.763] _ALM
[  60.017] [STATUS] t_ms=357867 hwm=3 cap=256 dropped=0 dropped_total=3571 crc_err=0 crc_err_total=0 rate1=512 rate2=512 prod1=512 prod2=512 dac_err=0 tx_drop=377 hb_ms=0 sma_state=6 m7_us=369704886 m4_us=367510948 vdd=5.067 offset=0.5000 aref=3.145 loop_us_avg=93 loop_us_max=2917 loop_hz=10752 cycle_log_ms=1 n_cycle=4 cc=1 cc_hz=1027 cc_i_tgt=0.1000 cc_u=0.5013 cc_r=5.0382 cc_tau_ms=7.00
[  60.773] _ALM
[  61.024] [STATUS] t_ms=358867 hwm=3 cap=256 dropped=0 dropped_total=3571 crc_err=0 crc_err_total=0 rate1=512 rate2=512 prod1=512 prod2=512 dac_err=0 tx_drop=377 hb_ms=0 sma_state=6 m7_us=370737754 m4_us=368544113 vdd=5.067 offset=0.5000 aref=3.145 loop_us_avg=93 loop_us_max=3096 loop_hz=10752 cycle_log_ms=1 n_cycle=4 cc=1 cc_hz=1027 cc_i_tgt=0.1000 cc_u=0.5166 cc_r=4.9932 cc_tau_ms=7.00
[  61.781] _ALM
[  62.094] [STATUS] t_ms=359867 hwm=3 cap=256 dropped=0 dropped_total=3571 crc_err=0 crc_err_total=0 rate1=512 rate2=512 prod1=512 prod2=512 dac_err=0 tx_drop=377 hb_ms=0 sma_state=6 m7_us=371770943 m4_us=369577252 vdd=5.067 offset=0.5000 aref=3.145 loop_us_avg=92 loop_us_max=2969 loop_hz=10869 cycle_log_ms=1 n_cycle=4 cc=1 cc_hz=1027 cc_i_tgt=0.1000 cc_u=0.5028 cc_r=5.0131 cc_tau_ms=7.00
[  62.536] [SMA] [ACT] heat n=6/6 I=450.0mA ms=100
[  62.661] [SMA] [ACT] cool n=6/6 I=100.0mA ms=12000
[  62.786] _ALM
[  62.786] AH_ALM PGAD
[  63.098] [STATUS] t_ms=360867 hwm=3 cap=256 dropped=0 dropped_total=3571 crc_err=0 crc_err_total=0 rate1=513 rate2=512 prod1=513 prod2=512 dac_err=0 tx_drop=377 hb_ms=0 sma_state=6 m7_us=372804729 m4_us=370611443 vdd=5.067 offset=0.5000 aref=3.145 loop_us_avg=93 loop_us_max=2909 loop_hz=10752 cycle_log_ms=1 n_cycle=4 cc=1 cc_hz=1030 cc_i_tgt=0.1000 cc_u=0.5000 cc_r=5.0059 cc_tau_ms=7.00
[  63.790] _ALM
[  64.167] [STATUS] t_ms=361867 hwm=2 cap=256 dropped=0 dropped_total=3571 crc_err=0 crc_err_total=0 rate1=511 rate2=512 prod1=511 prod2=512 dac_err=0 tx_drop=377 hb_ms=0 sma_state=6 m7_us=373837414 m4_us=371643604 vdd=5.067 offset=0.5000 aref=3.145 loop_us_avg=93 loop_us_max=2830 loop_hz=10752 cycle_log_ms=1 n_cycle=4 cc=1 cc_hz=1028 cc_i_tgt=0.1000 cc_u=0.5072 cc_r=5.0488 cc_tau_ms=7.00
[  64.801] _ALM
[  65.180] [STATUS] t_ms=362867 hwm=3 cap=256 dropped=0 dropped_total=3571 crc_err=0 crc_err_total=0 rate1=512 rate2=512 prod1=512 prod2=512 dac_err=0 tx_drop=377 hb_ms=0 sma_state=6 m7_us=374870341 m4_us=372676737 vdd=5.067 offset=0.5000 aref=3.145 loop_us_avg=93 loop_us_max=3243 loop_hz=10752 cycle_log_ms=1 n_cycle=4 cc=1 cc_hz=1028 cc_i_tgt=0.1000 cc_u=0.5073 cc_r=5.0210 cc_tau_ms=7.00
[  65.807] _ALM
[  66.187] [STATUS] t_ms=363867 hwm=3 cap=256 dropped=0 dropped_total=3571 crc_err=0 crc_err_total=0 rate1=512 rate2=512 prod1=512 prod2=512 dac_err=0 tx_drop=377 hb_ms=0 sma_state=6 m7_us=375903498 m4_us=373709882 vdd=5.067 offset=0.5000 aref=3.145 loop_us_avg=91 loop_us_max=2782 loop_hz=10989 cycle_log_ms=1 n_cycle=4 cc=1 cc_hz=1026 cc_i_tgt=0.1000 cc_u=0.5039 cc_r=4.9821 cc_tau_ms=7.00
[  66.820] _ALM
[  67.263] [STATUS] t_ms=364867 hwm=3 cap=256 dropped=0 dropped_total=3571 crc_err=0 crc_err_total=0 rate1=513 rate2=512 prod1=513 prod2=512 dac_err=0 tx_drop=377 hb_ms=0 sma_state=6 m7_us=376937308 m4_us=374744070 vdd=5.067 offset=0.5000 aref=3.145 loop_us_avg=92 loop_us_max=2764 loop_hz=10869 cycle_log_ms=1 n_cycle=4 cc=1 cc_hz=1027 cc_i_tgt=0.1000 cc_u=0.5000 cc_r=4.9751 cc_tau_ms=7.00
[  67.833] _ALM
[  68.275] [STATUS] t_ms=365867 hwm=2 cap=256 dropped=0 dropped_total=3571 crc_err=0 crc_err_total=0 rate1=512 rate2=512 prod1=512 prod2=512 dac_err=0 tx_drop=377 hb_ms=0 sma_state=6 m7_us=377970528 m4_us=375777273 vdd=5.067 offset=0.5000 aref=3.145 loop_us_avg=92 loop_us_max=2858 loop_hz=10869 cycle_log_ms=1 n_cycle=4 cc=1 cc_hz=1029 cc_i_tgt=0.1000 cc_u=0.5232 cc_r=4.9784 cc_tau_ms=7.00
[  68.845] _ALM
[  68.845] ALM PGAD
[  69.287] [STATUS] t_ms=366867 hwm=3 cap=256 dropped=0 dropped_total=3571 crc_err=0 crc_err_total=0 rate1=512 rate2=512 prod1=512 prod2=512 dac_err=0 tx_drop=377 hb_ms=0 sma_state=6 m7_us=379003768 m4_us=376810502 vdd=5.067 offset=0.5000 aref=3.145 loop_us_avg=93 loop_us_max=2964 loop_hz=10752 cycle_log_ms=1 n_cycle=4 cc=1 cc_hz=1026 cc_i_tgt=0.1000 cc_u=0.5018 cc_r=5.0549 cc_tau_ms=7.00
[  69.856] _ALM
[  70.361] [STATUS] t_ms=367867 hwm=2 cap=256 dropped=0 dropped_total=3571 crc_err=0 crc_err_total=0 rate1=512 rate2=512 prod1=512 prod2=512 dac_err=0 tx_drop=377 hb_ms=0 sma_state=6 m7_us=380037086 m4_us=377843731 vdd=5.067 offset=0.5000 aref=3.145 loop_us_avg=92 loop_us_max=2792 loop_hz=10869 cycle_log_ms=1 n_cycle=4 cc=1 cc_hz=1029 cc_i_tgt=0.1000 cc_u=0.5029 cc_r=5.0383 cc_tau_ms=7.00
[  70.866] _ALM
[  71.371] [STATUS] t_ms=368867 hwm=3 cap=256 dropped=0 dropped_total=3571 crc_err=0 crc_err_total=0 rate1=512 rate2=512 prod1=512 prod2=512 dac_err=0 tx_drop=377 hb_ms=0 sma_state=6 m7_us=381070310 m4_us=378876976 vdd=5.067 offset=0.5000 aref=3.145 loop_us_avg=94 loop_us_max=3111 loop_hz=10638 cycle_log_ms=1 n_cycle=4 cc=1 cc_hz=1026 cc_i_tgt=0.1000 cc_u=0.5045 cc_r=5.0207 cc_tau_ms=7.00
[  71.875] _ALM
[  72.383] [STATUS] t_ms=369867 hwm=3 cap=256 dropped=0 dropped_total=3571 crc_err=0 crc_err_total=0 rate1=511 rate2=512 prod1=511 prod2=512 dac_err=0 tx_drop=377 hb_ms=0 sma_state=6 m7_us=382102838 m4_us=379909175 vdd=5.067 offset=0.5000 aref=3.145 loop_us_avg=92 loop_us_max=2969 loop_hz=10869 cycle_log_ms=1 n_cycle=4 cc=1 cc_hz=1025 cc_i_tgt=0.1000 cc_u=0.5000 cc_r=4.9964 cc_tau_ms=7.00
[  72.889] _ALM
[  73.460] [STATUS] t_ms=370867 hwm=3 cap=256 dropped=0 dropped_total=3571 crc_err=0 crc_err_total=0 rate1=513 rate2=512 prod1=513 prod2=512 dac_err=0 tx_drop=377 hb_ms=0 sma_state=6 m7_us=383136730 m4_us=380943395 vdd=5.067 offset=0.5000 aref=3.145 loop_us_avg=93 loop_us_max=2798 loop_hz=10752 cycle_log_ms=1 n_cycle=4 cc=1 cc_hz=1027 cc_i_tgt=0.1000 cc_u=0.5123 cc_r=5.0236 cc_tau_ms=7.00
[  73.903] _ALM
[  74.475] [STATUS] t_ms=371867 hwm=3 cap=256 dropped=0 dropped_total=3571 crc_err=0 crc_err_total=0 rate1=511 rate2=512 prod1=511 prod2=512 dac_err=0 tx_drop=377 hb_ms=0 sma_state=6 m7_us=384169272 m4_us=381975572 vdd=5.067 offset=0.5000 aref=3.145 loop_us_avg=93 loop_us_max=2896 loop_hz=10752 cycle_log_ms=1 n_cycle=4 cc=1 cc_hz=1029 cc_i_tgt=0.1000 cc_u=0.5055 cc_r=4.9839 cc_tau_ms=7.00
[  74.917] _ALM
[  75.044] [SMA] [ACT] -> idle (done) after 6 cycle(s); still armed
[  75.484] [STATUS] t_ms=372867 hwm=3 cap=256 dropped=0 dropped_total=3571 crc_err=0 crc_err_total=0 rate1=512 rate2=512 prod1=512 prod2=512 dac_err=0 tx_drop=377 hb_ms=0 sma_state=0 m7_us=385202402 m4_us=383008791 vdd=5.067 offset=0.5000 aref=3.145 loop_us_avg=38 loop_us_max=3047 loop_hz=26315 cycle_log_ms=1 n_cycle=4 cc=0 cc_hz=567 cc_i_tgt=0.1000 cc_u=0.5013 cc_r=4.9799 cc_tau_ms=7.00
