[   0.064] [SMA] ARMED (MOSFET on); idle=0.500 V
[   0.064] [STATUS] t_ms=114498 hwm=256 cap=256 dropped=67 dropped_total=1619 crc_err=0 crc_err_total=0 rate1=394 rate2=395 prod1=481 prod2=482 dac_err=0 tx_drop=377 hb_ms=0 sma_state=0 m7_us=118240685 m4_us=115783937 vdd=5.067 offset=0.5000 aref=3.145 loop_us_avg=29 loop_us_max=326483 loop_hz=34482 cycle_log_ms=1 n_cycle=4 cc=0 cc_hz=0 cc_i_tgt=0.1000 cc_u=0.6191 cc_r=6.2539 cc_tau_ms=7.00
[   1.013] [ADC1] ST
[   1.013] ATUS alarm(s):
[   1.013] GAH_ALM PGAD_ALM
[   1.076] [STATUS] t_ms=115498 hwm=197 cap=256 dropped=0 dropped_total=1619 crc_err=0 crc_err_total=0 rate1=605 rate2=608 prod1=511 prod2=512 dac_err=0 tx_drop=377 hb_ms=0 sma_state=0 m7_us=119273582 m4_us=117079818 vdd=5.067 offset=0.5000 aref=3.145 loop_us_avg=22 loop_us_max=5618 loop_hz=45454 cycle_log_ms=1 n_cycle=4 cc=0 cc_hz=0 cc_i_tgt=0.1000 cc_u=0.6191 cc_r=6.2539 cc_tau_ms=7.00
[   2.027] [ADC
[   2.027] 1] STATUS alarm
[   2.027] ALM PGAH_ALM P
[   2.027] GAD_ALM
[   0.063] [SMA] [CC] start i_high=250.0mA i_low=100.0mA t_high=100 t_idle=12000 n=6 (0=cont) tau_ms=7.0 wdt_ms=5000
[   0.063] [SMA] [ACT] heat n=1/6 I=250.0mA ms=100
[   0.063] [STATUS] t_ms=116498 hwm=2 cap=256 dropped=0 dropped_total=1619 crc_err=0 crc_err_total=0 rate1=513 rate2=512 prod1=513 prod2=512 dac_err=0 tx_drop=377 hb_ms=0 sma_state=5 m7_us=120307711 m4_us=118114358 vdd=5.067 offset=0.5000 aref=3.145 loop_us_avg=23 loop_us_max=2091 loop_hz=43478 cycle_log_ms=1 n_cycle=4 cc=1 cc_hz=41 cc_i_tgt=0.2500 cc_u=0.5548 cc_r=2.2617 cc_tau_ms=7.00
[   0.127] [SMA] [ACT] cool n=1/6 I=100.0mA ms=12000
[   1.013] [AD
[   1.013] C1] STATUS alarm(s
[   1.013] PGAH_ALM PGAD_ALM
[   1.140] [STATUS] t_ms=117498 hwm=3 cap=256 dropped=0 dropped_total=1619 crc_err=0 crc_err_total=0 rate1=512 rate2=512 prod1=512 prod2=512 dac_err=0 tx_drop=377 hb_ms=0 sma_state=6 m7_us=121341277 m4_us=119147852 vdd=5.067 offset=0.5000 aref=3.145 loop_us_avg=92 loop_us_max=2794 loop_hz=10869 cycle_log_ms=1 n_cycle=4 cc=1 cc_hz=1030 cc_i_tgt=0.1000 cc_u=0.6396 cc_r=6.1908 cc_tau_ms=7.00
[   2.151] [STATUS] t_ms=118498 hwm=3 cap=256 dropped=0 dropped_total=1619 crc_err=0 crc_err_total=0 rate1=511 rate2=512 prod1=511 prod2=512 dac_err=0 tx_drop=377 hb_ms=0 sma_state=6 m7_us=122374077 m4_us=120180257 vdd=5.067 offset=0.5000 aref=3.145 loop_us_avg=93 loop_us_max=2826 loop_hz=10752 cycle_log_ms=1 n_cycle=4 cc=1 cc_hz=1029 cc_i_tgt=0.1000 cc_u=0.6040 cc_r=6.2402 cc_tau_ms=7.00
[   3.040] AD_ALM
[   3.166] [STATUS] t_ms=119498 hwm=3 cap=256 dropped=0 dropped_total=1619 crc_err=0 crc_err_total=0 rate1=513 rate2=512 prod1=513 prod2=512 dac_err=0 tx_drop=377 hb_ms=0 sma_state=6 m7_us=123408163 m4_us=121214678 vdd=5.067 offset=0.5000 aref=3.145 loop_us_avg=92 loop_us_max=2759 loop_hz=10869 cycle_log_ms=1 n_cycle=4 cc=1 cc_hz=1030 cc_i_tgt=0.1000 cc_u=0.6318 cc_r=6.2638 cc_tau_ms=7.00
[   4.052] [ADC1] STATUS alarm(
[   4.052] PGAH_ALM PGAD_ALM
[   4.180] [STATUS] t_ms=120498 hwm=3 cap=256 dropped=0 dropped_total=1619 crc_err=0 crc_err_total=0 rate1=511 rate2=512 prod1=511 prod2=512 dac_err=0 tx_drop=377 hb_ms=0 sma_state=6 m7_us=124440849 m4_us=122247085 vdd=5.067 offset=0.5000 aref=3.145 loop_us_avg=92 loop_us_max=2973 loop_hz=10869 cycle_log_ms=1 n_cycle=4 cc=1 cc_hz=1029 cc_i_tgt=0.1000 cc_u=0.6189 cc_r=6.2701 cc_tau_ms=7.00
[   5.258] [STATUS] t_ms=121498 hwm=3 cap=256 dropped=0 dropped_total=1619 crc_err=0 crc_err_total=0 rate1=513 rate2=512 prod1=513 prod2=512 dac_err=0 tx_drop=377 hb_ms=0 sma_state=6 m7_us=125474872 m4_us=123281497 vdd=5.067 offset=0.5000 aref=3.145 loop_us_avg=93 loop_us_max=2826 loop_hz=10752 cycle_log_ms=1 n_cycle=4 cc=1 cc_hz=1030 cc_i_tgt=0.1000 cc_u=0.6324 cc_r=6.2717 cc_tau_ms=7.00
[   6.272] [STATUS] t_ms=122498 hwm=3 cap=256 dropped=0 dropped_total=1619 crc_err=0 crc_err_total=0 rate1=511 rate2=512 prod1=511 prod2=512 dac_err=0 tx_drop=377 hb_ms=0 sma_state=6 m7_us=126507630 m4_us=124313853 vdd=5.067 offset=0.5000 aref=3.145 loop_us_avg=93 loop_us_max=2844 loop_hz=10752 cycle_log_ms=1 n_cycle=4 cc=1 cc_hz=1029 cc_i_tgt=0.1000 cc_u=0.6131 cc_r=6.2298 cc_tau_ms=7.00
[   7.318] [STATUS] t_ms=123498 hwm=3 cap=256 dropped=0 dropped_total=1619 crc_err=0 crc_err_total=0 rate1=513 rate2=512 prod1=513 prod2=512 dac_err=0 tx_drop=377 hb_ms=0 sma_state=6 m7_us=127541885 m4_us=125348172 vdd=5.067 offset=0.5000 aref=3.145 loop_us_avg=93 loop_us_max=2797 loop_hz=10752 cycle_log_ms=1 n_cycle=4 cc=1 cc_hz=1027 cc_i_tgt=0.1000 cc_u=0.6255 cc_r=6.2030 cc_tau_ms=7.00
[   8.331] [STATUS] t_ms=124498 hwm=3 cap=256 dropped=0 dropped_total=1619 crc_err=0 crc_err_total=0 rate1=512 rate2=512 prod1=512 prod2=512 dac_err=0 tx_drop=377 hb_ms=0 sma_state=6 m7_us=128575241 m4_us=126381481 vdd=5.067 offset=0.5000 aref=3.145 loop_us_avg=92 loop_us_max=2855 loop_hz=10869 cycle_log_ms=1 n_cycle=4 cc=1 cc_hz=1026 cc_i_tgt=0.1000 cc_u=0.6235 cc_r=6.2625 cc_tau_ms=7.00
[   9.092] [A
[   9.092] DC1] STATUS alarm
[   9.346] [STATUS] t_ms=125498 hwm=3 cap=256 dropped=0 dropped_total=1619 crc_err=0 crc_err_total=0 rate1=512 rate2=512 prod1=512 prod2=512 dac_err=0 tx_drop=377 hb_ms=0 sma_state=6 m7_us=129608525 m4_us=127414765 vdd=5.067 offset=0.5000 aref=3.145 loop_us_avg=92 loop_us_max=2814 loop_hz=10869 cycle_log_ms=1 n_cycle=4 cc=1 cc_hz=1026 cc_i_tgt=0.1000 cc_u=0.6139 cc_r=6.2513 cc_tau_ms=7.00
[  10.107] M PGAD_ALM
[  10.425] [STATUS] t_ms=126498 hwm=3 cap=256 dropped=0 dropped_total=1619 crc_err=0 crc_err_total=0 rate1=512 rate2=512 prod1=512 prod2=512 dac_err=0 tx_drop=377 hb_ms=0 sma_state=6 m7_us=130641799 m4_us=128448054 vdd=5.067 offset=0.5000 aref=3.145 loop_us_avg=93 loop_us_max=2804 loop_hz=10752 cycle_log_ms=1 n_cycle=4 cc=1 cc_hz=1026 cc_i_tgt=0.1000 cc_u=0.5968 cc_r=6.1388 cc_tau_ms=7.00
[  11.440] [STATUS] t_ms=127498 hwm=3 cap=256 dropped=0 dropped_total=1619 crc_err=0 crc_err_total=0 rate1=512 rate2=512 prod1=512 prod2=512 dac_err=0 tx_drop=377 hb_ms=0 sma_state=6 m7_us=131675266 m4_us=129481325 vdd=5.067 offset=0.5000 aref=3.145 loop_us_avg=92 loop_us_max=2916 loop_hz=10869 cycle_log_ms=1 n_cycle=4 cc=1 cc_hz=1026 cc_i_tgt=0.1000 cc_u=0.6282 cc_r=6.2391 cc_tau_ms=7.00
[  12.453] [STATUS] t_ms=128498 hwm=3 cap=256 dropped=0 dropped_total=1619 crc_err=0 crc_err_total=0 rate1=512 rate2=512 prod1=512 prod2=512 dac_err=0 tx_drop=377 hb_ms=0 sma_state=6 m7_us=132708030 m4_us=130514582 vdd=5.067 offset=0.5000 aref=3.145 loop_us_avg=92 loop_us_max=3103 loop_hz=10869 cycle_log_ms=1 n_cycle=4 cc=1 cc_hz=1027 cc_i_tgt=0.1000 cc_u=0.6092 cc_r=6.2602 cc_tau_ms=7.00
[  12.517] [SMA] [ACT] heat n=2/6 I=250.0mA ms=100
[  12.644] [SMA] [ACT] cool n=2/6 I=100.0mA ms=12000
[  13.153] [ADC1]
[  13.532] [STATUS] t_ms=129498 hwm=3 cap=256 dropped=0 dropped_total=1619 crc_err=0 crc_err_total=0 rate1=512 rate2=512 prod1=512 prod2=512 dac_err=0 tx_drop=377 hb_ms=0 sma_state=6 m7_us=133741287 m4_us=131547852 vdd=5.067 offset=0.5000 aref=3.145 loop_us_avg=93 loop_us_max=2823 loop_hz=10752 cycle_log_ms=1 n_cycle=4 cc=1 cc_hz=1027 cc_i_tgt=0.1000 cc_u=0.5184 cc_r=5.0598 cc_tau_ms=7.00
[  14.165] AH_ALM PGAD_ALM
[  14.546] [STATUS] t_ms=130498 hwm=3 cap=256 dropped=0 dropped_total=1619 crc_err=0 crc_err_total=0 rate1=512 rate2=512 prod1=512 prod2=512 dac_err=0 tx_drop=377 hb_ms=0 sma_state=6 m7_us=134774838 m4_us=132581116 vdd=5.067 offset=0.5000 aref=3.145 loop_us_avg=93 loop_us_max=2796 loop_hz=10752 cycle_log_ms=1 n_cycle=4 cc=1 cc_hz=1029 cc_i_tgt=0.1000 cc_u=0.5010 cc_r=5.0022 cc_tau_ms=7.00
[  15.117] ALM
[  15.561] [STATUS] t_ms=131498 hwm=3 cap=256 dropped=0 dropped_total=1619 crc_err=0 crc_err_total=0 rate1=512 rate2=512 prod1=512 prod2=512 dac_err=0 tx_drop=377 hb_ms=0 sma_state=6 m7_us=135808102 m4_us=133614336 vdd=5.067 offset=0.5000 aref=3.145 loop_us_avg=92 loop_us_max=2851 loop_hz=10869 cycle_log_ms=1 n_cycle=4 cc=1 cc_hz=1026 cc_i_tgt=0.1000 cc_u=0.5028 cc_r=4.9246 cc_tau_ms=7.00
[  16.638] [STATUS] t_ms=132498 hwm=3 cap=256 dropped=0 dropped_total=1619 crc_err=0 crc_err_total=0 rate1=512 rate2=512 prod1=512 prod2=512 dac_err=0 tx_drop=377 hb_ms=0 sma_state=6 m7_us=136841305 m4_us=134647564 vdd=5.067 offset=0.5000 aref=3.145 loop_us_avg=93 loop_us_max=2792 loop_hz=10752 cycle_log_ms=1 n_cycle=4 cc=1 cc_hz=1026 cc_i_tgt=0.1000 cc_u=0.5000 cc_r=4.9903 cc_tau_ms=7.00
[  17.654] [STATUS] t_ms=133498 hwm=3 cap=256 dropped=0 dropped_total=1619 crc_err=0 crc_err_total=0 rate1=512 rate2=512 prod1=512 prod2=512 dac_err=0 tx_drop=377 hb_ms=0 sma_state=6 m7_us=137874562 m4_us=135680803 vdd=5.067 offset=0.5000 aref=3.145 loop_us_avg=92 loop_us_max=2842 loop_hz=10869 cycle_log_ms=1 n_cycle=4 cc=1 cc_hz=1026 cc_i_tgt=0.1000 cc_u=0.5318 cc_r=5.1054 cc_tau_ms=7.00
[  18.159] [ADC1] STA
[  18.666] [STATUS] t_ms=134498 hwm=3 cap=256 dropped=0 dropped_total=1619 crc_err=0 crc_err_total=0 rate1=512 rate2=512 prod1=512 prod2=512 dac_err=0 tx_drop=377 hb_ms=0 sma_state=6 m7_us=138907757 m4_us=136714032 vdd=5.067 offset=0.5000 aref=3.145 loop_us_avg=91 loop_us_max=2928 loop_hz=10989 cycle_log_ms=1 n_cycle=4 cc=1 cc_hz=1026 cc_i_tgt=0.1000 cc_u=0.5014 cc_r=5.0446 cc_tau_ms=7.00
[  19.174] [
[  19.681] [STATUS] t_ms=135498 hwm=3 cap=256 dropped=0 dropped_total=1619 crc_err=0 crc_err_total=0 rate1=512 rate2=512 prod1=512 prod2=512 dac_err=0 tx_drop=377 hb_ms=0 sma_state=6 m7_us=139940991 m4_us=137747261 vdd=5.067 offset=0.5000 aref=3.145 loop_us_avg=92 loop_us_max=2839 loop_hz=10869 cycle_log_ms=1 n_cycle=4 cc=1 cc_hz=1026 cc_i_tgt=0.1000 cc_u=0.5074 cc_r=4.9842 cc_tau_ms=7.00
[  20.186] [ADC1] ST
[  20.186] ATUS alarm(s): 0x
[  20.757] [STATUS] t_ms=136498 hwm=3 cap=256 dropped=0 dropped_total=1619 crc_err=0 crc_err_total=0 rate1=512 rate2=512 prod1=512 prod2=512 dac_err=0 tx_drop=377 hb_ms=0 sma_state=6 m7_us=140974263 m4_us=138780508 vdd=5.067 offset=0.5000 aref=3.145 loop_us_avg=92 loop_us_max=2878 loop_hz=10869 cycle_log_ms=1 n_cycle=4 cc=1 cc_hz=1026 cc_i_tgt=0.1000 cc_u=0.5000 cc_r=4.9428 cc_tau_ms=7.00
[  21.202] PGAD_ALM
[  21.775] [STATUS] t_ms=137498 hwm=3 cap=256 dropped=0 dropped_total=1619 crc_err=0 crc_err_total=0 rate1=512 rate2=512 prod1=512 prod2=512 dac_err=0 tx_drop=377 hb_ms=0 sma_state=6 m7_us=142007155 m4_us=139813737 vdd=5.067 offset=0.5000 aref=3.145 loop_us_avg=91 loop_us_max=2809 loop_hz=10989 cycle_log_ms=1 n_cycle=4 cc=1 cc_hz=1026 cc_i_tgt=0.1000 cc_u=0.5188 cc_r=5.0601 cc_tau_ms=7.00
[  22.218] [ADC1] S
[  22.218] TATUS alarm(s):
[  22.790] [STATUS] t_ms=138498 hwm=3 cap=256 dropped=0 dropped_total=1619 crc_err=0 crc_err_total=0 rate1=512 rate2=512 prod1=512 prod2=512 dac_err=0 tx_drop=377 hb_ms=0 sma_state=6 m7_us=143040709 m4_us=140846966 vdd=5.067 offset=0.5000 aref=3.145 loop_us_avg=92 loop_us_max=2869 loop_hz=10869 cycle_log_ms=1 n_cycle=4 cc=1 cc_hz=1029 cc_i_tgt=0.1000 cc_u=0.5000 cc_r=5.0124 cc_tau_ms=7.00
[  23.233] M
[  23.867] [STATUS] t_ms=139498 hwm=3 cap=256 dropped=0 dropped_total=1619 crc_err=0 crc_err_total=0 rate1=512 rate2=512 prod1=512 prod2=512 dac_err=0 tx_drop=377 hb_ms=0 sma_state=6 m7_us=144073639 m4_us=141880204 vdd=5.067 offset=0.5000 aref=3.145 loop_us_avg=92 loop_us_max=2885 loop_hz=10869 cycle_log_ms=1 n_cycle=4 cc=1 cc_hz=1026 cc_i_tgt=0.1000 cc_u=0.5000 cc_r=4.9518 cc_tau_ms=7.00
[  24.247] M
[  24.880] [STATUS] t_ms=140498 hwm=3 cap=256 dropped=0 dropped_total=1619 crc_err=0 crc_err_total=0 rate1=512 rate2=512 prod1=512 prod2=512 dac_err=0 tx_drop=377 hb_ms=0 sma_state=6 m7_us=145107185 m4_us=142913427 vdd=5.067 offset=0.5000 aref=3.145 loop_us_avg=92 loop_us_max=2798 loop_hz=10869 cycle_log_ms=1 n_cycle=4 cc=1 cc_hz=1029 cc_i_tgt=0.1000 cc_u=0.5053 cc_r=4.9722 cc_tau_ms=7.00
[  25.008] [SMA] [ACT] heat n=3/6 I=250.0mA ms=100
[  25.135] [SMA] [ACT] cool n=3/6 I=100.0mA ms=12000
[  25.261] M
[  25.898] [STATUS] t_ms=141498 hwm=3 cap=256 dropped=0 dropped_total=1619 crc_err=0 crc_err_total=0 rate1=512 rate2=512 prod1=512 prod2=512 dac_err=0 tx_drop=377 hb_ms=0 sma_state=6 m7_us=146140199 m4_us=143946646 vdd=5.067 offset=0.5000 aref=3.145 loop_us_avg=91 loop_us_max=2793 loop_hz=10989 cycle_log_ms=1 n_cycle=4 cc=1 cc_hz=1028 cc_i_tgt=0.1000 cc_u=0.5137 cc_r=4.9871 cc_tau_ms=7.00
[  26.213] M
[  26.912] [STATUS] t_ms=142498 hwm=3 cap=256 dropped=0 dropped_total=1619 crc_err=0 crc_err_total=0 rate1=512 rate2=512 prod1=512 prod2=512 dac_err=0 tx_drop=377 hb_ms=0 sma_state=6 m7_us=147173322 m4_us=144979885 vdd=5.067 offset=0.5000 aref=3.145 loop_us_avg=92 loop_us_max=3004 loop_hz=10869 cycle_log_ms=1 n_cycle=4 cc=1 cc_hz=1026 cc_i_tgt=0.1000 cc_u=0.5000 cc_r=4.9309 cc_tau_ms=7.00
[  27.230] M
[  27.230] [ADC1] STATUS alarm(s): 0x
[  27.230] LM PGAD_AL
[  27.992] [STATUS] t_ms=143498 hwm=3 cap=256 dropped=0 dropped_total=1619 crc_err=0 crc_err_total=0 rate1=512 rate2=512 prod1=512 prod2=512 dac_err=0 tx_drop=377 hb_ms=0 sma_state=6 m7_us=148206507 m4_us=146013088 vdd=5.067 offset=0.5000 aref=3.145 loop_us_avg=93 loop_us_max=2947 loop_hz=10752 cycle_log_ms=1 n_cycle=4 cc=1 cc_hz=1030 cc_i_tgt=0.1000 cc_u=0.5000 cc_r=5.0071 cc_tau_ms=7.00
[  28.245] M
[  28.245] PGAD_AL
[  29.037] [STATUS] t_ms=144498 hwm=3 cap=256 dropped=0 dropped_total=1619 crc_err=0 crc_err_total=0 rate1=512 rate2=512 prod1=512 prod2=512 dac_err=0 tx_drop=377 hb_ms=0 sma_state=6 m7_us=149240054 m4_us=147046336 vdd=5.067 offset=0.5000 aref=3.145 loop_us_avg=92 loop_us_max=2795 loop_hz=10869 cycle_log_ms=1 n_cycle=4 cc=1 cc_hz=1029 cc_i_tgt=0.1000 cc_u=0.5000 cc_r=5.0287 cc_tau_ms=7.00
[  29.290] M
[  29.290] [ADC1] STATUS a
[  30.047] [STATUS] t_ms=145498 hwm=3 cap=256 dropped=0 dropped_total=1619 crc_err=0 crc_err_total=0 rate1=512 rate2=512 prod1=512 prod2=512 dac_err=0 tx_drop=377 hb_ms=0 sma_state=6 m7_us=150273329 m4_us=148079571 vdd=5.067 offset=0.5000 aref=3.145 loop_us_avg=92 loop_us_max=2847 loop_hz=10869 cycle_log_ms=1 n_cycle=4 cc=1 cc_hz=1026 cc_i_tgt=0.1000 cc_u=0.5000 cc_r=5.0396 cc_tau_ms=7.00
[  30.301] M
[  30.301] [AD
[  30.301] C1] STATUS alarm(s):
[  31.065] [STATUS] t_ms=146498 hwm=3 cap=256 dropped=0 dropped_total=1619 crc_err=0 crc_err_total=0 rate1=512 rate2=512 prod1=512 prod2=512 dac_err=0 tx_drop=377 hb_ms=0 sma_state=6 m7_us=151306231 m4_us=149112806 vdd=5.067 offset=0.5000 aref=3.145 loop_us_avg=92 loop_us_max=2804 loop_hz=10869 cycle_log_ms=1 n_cycle=4 cc=1 cc_hz=1026 cc_i_tgt=0.1000 cc_u=0.5000 cc_r=5.0098 cc_tau_ms=7.00
[  31.256] M
[  31.256] [A
[  32.082] [STATUS] t_ms=147498 hwm=3 cap=256 dropped=0 dropped_total=1619 crc_err=0 crc_err_total=0 rate1=512 rate2=512 prod1=512 prod2=512 dac_err=0 tx_drop=377 hb_ms=0 sma_state=6 m7_us=152339457 m4_us=150146025 vdd=5.067 offset=0.5000 aref=3.145 loop_us_avg=93 loop_us_max=2776 loop_hz=10752 cycle_log_ms=1 n_cycle=4 cc=1 cc_hz=1029 cc_i_tgt=0.1000 cc_u=0.5149 cc_r=5.0085 cc_tau_ms=7.00
[  32.273] M
[  32.273] [ADC1] STATUS al
[  32.273] LM PGAH_ALM PGAD_AL
[  33.159] [STATUS] t_ms=148498 hwm=3 cap=256 dropped=0 dropped_total=1619 crc_err=0 crc_err_total=0 rate1=512 rate2=512 prod1=512 prod2=512 dac_err=0 tx_drop=377 hb_ms=0 sma_state=6 m7_us=153372933 m4_us=151179212 vdd=5.067 offset=0.5000 aref=3.145 loop_us_avg=92 loop_us_max=2823 loop_hz=10869 cycle_log_ms=1 n_cycle=4 cc=1 cc_hz=1029 cc_i_tgt=0.1000 cc_u=0.5000 cc_r=4.9447 cc_tau_ms=7.00
[  33.287] M
[  34.180] [STATUS] t_ms=149498 hwm=3 cap=256 dropped=0 dropped_total=1619 crc_err=0 crc_err_total=0 rate1=512 rate2=512 prod1=512 prod2=512 dac_err=0 tx_drop=377 hb_ms=0 sma_state=6 m7_us=154406081 m4_us=152212384 vdd=5.067 offset=0.5000 aref=3.145 loop_us_avg=92 loop_us_max=2810 loop_hz=10869 cycle_log_ms=1 n_cycle=4 cc=1 cc_hz=1026 cc_i_tgt=0.1000 cc_u=0.5196 cc_r=5.0171 cc_tau_ms=7.00
[  34.307] M
[  34.307] [ADC1]
[  35.189] [STATUS] t_ms=150498 hwm=3 cap=256 dropped=0 dropped_total=1619 crc_err=0 crc_err_total=0 rate1=512 rate2=512 prod1=512 prod2=512 dac_err=0 tx_drop=377 hb_ms=0 sma_state=6 m7_us=155438955 m4_us=153245577 vdd=5.067 offset=0.5000 aref=3.145 loop_us_avg=92 loop_us_max=2785 loop_hz=10869 cycle_log_ms=1 n_cycle=4 cc=1 cc_hz=1026 cc_i_tgt=0.1000 cc_u=0.5057 cc_r=4.9835 cc_tau_ms=7.00
[  35.316] M
[  36.266] [STATUS] t_ms=151498 hwm=3 cap=256 dropped=0 dropped_total=1619 crc_err=0 crc_err_total=0 rate1=512 rate2=512 prod1=512 prod2=512 dac_err=0 tx_drop=377 hb_ms=0 sma_state=6 m7_us=156472561 m4_us=154278800 vdd=5.067 offset=0.5000 aref=3.145 loop_us_avg=91 loop_us_max=2881 loop_hz=10989 cycle_log_ms=1 n_cycle=4 cc=1 cc_hz=1029 cc_i_tgt=0.1000 cc_u=0.5072 cc_r=5.0173 cc_tau_ms=7.00
[  36.330] M
[  36.330] AL
[  37.281] [STATUS] t_ms=152498 hwm=3 cap=256 dropped=0 dropped_total=1619 crc_err=0 crc_err_total=0 rate1=512 rate2=512 prod1=512 prod2=512 dac_err=0 tx_drop=377 hb_ms=0 sma_state=6 m7_us=157505873 m4_us=155312048 vdd=5.067 offset=0.5000 aref=3.145 loop_us_avg=92 loop_us_max=2810 loop_hz=10869 cycle_log_ms=1 n_cycle=4 cc=1 cc_hz=1026 cc_i_tgt=0.1000 cc_u=0.5227 cc_r=5.0765 cc_tau_ms=7.00
[  37.344] M
[  37.344] [
[  37.534] [SMA] [ACT] heat n=4/6 I=250.0mA ms=100
[  37.661] [SMA] [ACT] cool n=4/6 I=100.0mA ms=12000
[  38.292] [STATUS] t_ms=153498 hwm=3 cap=256 dropped=0 dropped_total=1619 crc_err=0 crc_err_total=0 rate1=512 rate2=512 prod1=512 prod2=512 dac_err=0 tx_drop=377 hb_ms=0 sma_state=6 m7_us=158539012 m4_us=156345289 vdd=5.067 offset=0.5000 aref=3.145 loop_us_avg=91 loop_us_max=3119 loop_hz=10989 cycle_log_ms=1 n_cycle=4 cc=1 cc_hz=1029 cc_i_tgt=0.1000 cc_u=0.5028 cc_r=5.0163 cc_tau_ms=7.00
[  38.355] M
[  39.369] [STATUS] t_ms=154498 hwm=3 cap=256 dropped=0 dropped_total=1619 crc_err=0 crc_err_total=0 rate1=512 rate2=512 prod1=512 prod2=512 dac_err=0 tx_drop=377 hb_ms=0 sma_state=6 m7_us=159572274 m4_us=157378515 vdd=5.067 offset=0.5000 aref=3.145 loop_us_avg=92 loop_us_max=2874 loop_hz=10869 cycle_log_ms=1 n_cycle=4 cc=1 cc_hz=1026 cc_i_tgt=0.1000 cc_u=0.5000 cc_r=4.9651 cc_tau_ms=7.00
[  39.369] M
[  39.369] [ADC1] STA
[  40.382] M
[  40.382] [STATUS] t_ms=155498 hwm=3 cap=256 dropped=0 dropped_total=1619 crc_err=0 crc_err_total=0 rate1=512 rate2=512 prod1=512 prod2=512 dac_err=0 tx_drop=377 hb_ms=0 sma_state=6 m7_us=160605506 m4_us=158411753 vdd=5.067 offset=0.5000 aref=3.145 loop_us_avg=93 loop_us_max=2822 loop_hz=10752 cycle_log_ms=1 n_cycle=4 cc=1 cc_hz=1026 cc_i_tgt=0.1000 cc_u=0.5015 cc_r=4.9930 cc_tau_ms=7.00
[  41.398] M
[  41.398] [ADC1] STATUS ala
[  41.398] [STATUS] t_ms=156498 hwm=3 cap=256 dropped=0 dropped_total=1619 crc_err=0 crc_err_total=0 rate1=512 rate2=512 prod1=512 prod2=512 dac_err=0 tx_drop=377 hb_ms=0 sma_state=6 m7_us=161638465 m4_us=159444960 vdd=5.067 offset=0.5000 aref=3.145 loop_us_avg=93 loop_us_max=2791 loop_hz=10752 cycle_log_ms=1 n_cycle=4 cc=1 cc_hz=1026 cc_i_tgt=0.1000 cc_u=0.5151 cc_r=5.0034 cc_tau_ms=7.00
[  42.415] M
[  42.415] H_ALM PGAD_AL
[  42.415] [STATUS] t_ms=157498 hwm=3 cap=256 dropped=0 dropped_total=1619 crc_err=0 crc_err_total=0 rate1=512 rate2=512 prod1=512 prod2=512 dac_err=0 tx_drop=377 hb_ms=0 sma_state=6 m7_us=162671523 m4_us=160478102 vdd=5.067 offset=0.5000 aref=3.145 loop_us_avg=93 loop_us_max=2888 loop_hz=10752 cycle_log_ms=1 n_cycle=4 cc=1 cc_hz=1030 cc_i_tgt=0.1000 cc_u=0.5174 cc_r=4.9896 cc_tau_ms=7.00
[  43.365] M
[  43.492] [STATUS] t_ms=158498 hwm=3 cap=256 dropped=0 dropped_total=1619 crc_err=0 crc_err_total=0 rate1=512 rate2=512 prod1=512 prod2=512 dac_err=0 tx_drop=377 hb_ms=0 sma_state=6 m7_us=163704678 m4_us=161511248 vdd=5.067 offset=0.5000 aref=3.145 loop_us_avg=92 loop_us_max=2761 loop_hz=10869 cycle_log_ms=1 n_cycle=4 cc=1 cc_hz=1029 cc_i_tgt=0.1000 cc_u=0.5011 cc_r=5.0454 cc_tau_ms=7.00
[  44.376] M
[  44.504] [STATUS] t_ms=159498 hwm=3 cap=256 dropped=0 dropped_total=1619 crc_err=0 crc_err_total=0 rate1=512 rate2=512 prod1=512 prod2=512 dac_err=0 tx_drop=377 hb_ms=0 sma_state=6 m7_us=164738129 m4_us=162544422 vdd=5.067 offset=0.5000 aref=3.145 loop_us_avg=93 loop_us_max=2838 loop_hz=10752 cycle_log_ms=1 n_cycle=4 cc=1 cc_hz=1029 cc_i_tgt=0.1000 cc_u=0.5020 cc_r=5.0600 cc_tau_ms=7.00
[  45.392] M
[  45.392] [ADC1]
[  45.518] [STATUS] t_ms=160498 hwm=3 cap=256 dropped=0 dropped_total=1619 crc_err=0 crc_err_total=0 rate1=512 rate2=512 prod1=512 prod2=512 dac_err=0 tx_drop=377 hb_ms=0 sma_state=6 m7_us=165771012 m4_us=163577616 vdd=5.067 offset=0.5000 aref=3.145 loop_us_avg=92 loop_us_max=2802 loop_hz=10869 cycle_log_ms=1 n_cycle=4 cc=1 cc_hz=1026 cc_i_tgt=0.1000 cc_u=0.5054 cc_r=4.9408 cc_tau_ms=7.00
[  46.408] M
[  46.408] [A
[  46.408] DC1] STATUS alarm(s):
[  46.599] [STATUS] t_ms=161498 hwm=3 cap=256 dropped=0 dropped_total=1619 crc_err=0 crc_err_total=0 rate1=512 rate2=512 prod1=512 prod2=512 dac_err=0 tx_drop=377 hb_ms=0 sma_state=6 m7_us=166804136 m4_us=164610768 vdd=5.067 offset=0.5000 aref=3.145 loop_us_avg=93 loop_us_max=2865 loop_hz=10752 cycle_log_ms=1 n_cycle=4 cc=1 cc_hz=1029 cc_i_tgt=0.1000 cc_u=0.5000 cc_r=4.9699 cc_tau_ms=7.00
[  47.422] M
[  47.422] PGAD_AL
[  47.611] [STATUS] t_ms=162498 hwm=3 cap=256 dropped=0 dropped_total=1619 crc_err=0 crc_err_total=0 rate1=512 rate2=512 prod1=512 prod2=512 dac_err=0 tx_drop=377 hb_ms=0 sma_state=6 m7_us=167837706 m4_us=165643952 vdd=5.067 offset=0.5000 aref=3.145 loop_us_avg=91 loop_us_max=2791 loop_hz=10989 cycle_log_ms=1 n_cycle=4 cc=1 cc_hz=1029 cc_i_tgt=0.1000 cc_u=0.5022 cc_r=5.0407 cc_tau_ms=7.00
[  48.435] M
[  48.625] [STATUS] t_ms=163498 hwm=3 cap=256 dropped=0 dropped_total=1619 crc_err=0 crc_err_total=0 rate1=512 rate2=512 prod1=512 prod2=512 dac_err=0 tx_drop=377 hb_ms=0 sma_state=6 m7_us=168870580 m4_us=166677136 vdd=5.067 offset=0.5000 aref=3.145 loop_us_avg=92 loop_us_max=2819 loop_hz=10869 cycle_log_ms=1 n_cycle=4 cc=1 cc_hz=1026 cc_i_tgt=0.1000 cc_u=0.5061 cc_r=5.0289 cc_tau_ms=7.00
[  49.451] M
[  49.703] [STATUS] t_ms=164498 hwm=3 cap=256 dropped=0 dropped_total=1619 crc_err=0 crc_err_total=0 rate1=512 rate2=512 prod1=512 prod2=512 dac_err=0 tx_drop=377 hb_ms=0 sma_state=6 m7_us=169904039 m4_us=167710339 vdd=5.067 offset=0.5000 aref=3.145 loop_us_avg=93 loop_us_max=2860 loop_hz=10752 cycle_log_ms=1 n_cycle=4 cc=1 cc_hz=1029 cc_i_tgt=0.1000 cc_u=0.5000 cc_r=4.9563 cc_tau_ms=7.00
[  50.020] [SMA] [ACT] heat n=5/6 I=250.0mA ms=100
[  50.147] [SMA] [ACT] cool n=5/6 I=100.0mA ms=12000
[  50.464] M
[  50.464] [ADC1] STA
[  50.717] [STATUS] t_ms=165498 hwm=3 cap=256 dropped=0 dropped_total=1619 crc_err=0 crc_err_total=0 rate1=512 rate2=512 prod1=512 prod2=512 dac_err=0 tx_drop=377 hb_ms=0 sma_state=6 m7_us=170937324 m4_us=168743584 vdd=5.067 offset=0.5000 aref=3.145 loop_us_avg=93 loop_us_max=2866 loop_hz=10752 cycle_log_ms=1 n_cycle=4 cc=1 cc_hz=1028 cc_i_tgt=0.1000 cc_u=0.5170 cc_r=4.9616 cc_tau_ms=7.00
[  51.480] M
[  51.480] [ADC1
[  51.732] [STATUS] t_ms=166498 hwm=3 cap=256 dropped=0 dropped_total=1619 crc_err=0 crc_err_total=0 rate1=512 rate2=512 prod1=512 prod2=512 dac_err=0 tx_drop=377 hb_ms=0 sma_state=6 m7_us=171970594 m4_us=169776838 vdd=5.067 offset=0.5000 aref=3.145 loop_us_avg=92 loop_us_max=2803 loop_hz=10869 cycle_log_ms=1 n_cycle=4 cc=1 cc_hz=1026 cc_i_tgt=0.1000 cc_u=0.5006 cc_r=5.0387 cc_tau_ms=7.00
[  52.494] M
[  52.494] [AD
[  52.494] C1] STATUS alarm(
[  52.746] [STATUS] t_ms=167498 hwm=3 cap=256 dropped=0 dropped_total=1619 crc_err=0 crc_err_total=0 rate1=512 rate2=512 prod1=512 prod2=512 dac_err=0 tx_drop=377 hb_ms=0 sma_state=6 m7_us=173003849 m4_us=170810083 vdd=5.067 offset=0.5000 aref=3.145 loop_us_avg=92 loop_us_max=2808 loop_hz=10869 cycle_log_ms=1 n_cycle=4 cc=1 cc_hz=1026 cc_i_tgt=0.1000 cc_u=0.5000 cc_r=5.0115 cc_tau_ms=7.00
[  53.502] M
[  53.502] L
[  53.819] [STATUS] t_ms=168498 hwm=3 cap=256 dropped=0 dropped_total=1619 crc_err=0 crc_err_total=0 rate1=512 rate2=512 prod1=512 prod2=512 dac_err=0 tx_drop=377 hb_ms=0 sma_state=6 m7_us=174037065 m4_us=171843357 vdd=5.067 offset=0.5000 aref=3.145 loop_us_avg=92 loop_us_max=2932 loop_hz=10869 cycle_log_ms=1 n_cycle=4 cc=1 cc_hz=1026 cc_i_tgt=0.1000 cc_u=0.5000 cc_r=5.0127 cc_tau_ms=7.00
[  54.519] M
[  54.833] [STATUS] t_ms=169498 hwm=3 cap=256 dropped=0 dropped_total=1619 crc_err=0 crc_err_total=0 rate1=512 rate2=512 prod1=512 prod2=512 dac_err=0 tx_drop=377 hb_ms=0 sma_state=6 m7_us=175070008 m4_us=172876588 vdd=5.067 offset=0.5000 aref=3.145 loop_us_avg=93 loop_us_max=2882 loop_hz=10752 cycle_log_ms=1 n_cycle=4 cc=1 cc_hz=1026 cc_i_tgt=0.1000 cc_u=0.5005 cc_r=4.9716 cc_tau_ms=7.00
[  55.533] M
[  55.849] [STATUS] t_ms=170498 hwm=3 cap=256 dropped=0 dropped_total=1619 crc_err=0 crc_err_total=0 rate1=512 rate2=512 prod1=512 prod2=512 dac_err=0 tx_drop=377 hb_ms=0 sma_state=6 m7_us=176103519 m4_us=173909776 vdd=5.067 offset=0.5000 aref=3.145 loop_us_avg=93 loop_us_max=2821 loop_hz=10752 cycle_log_ms=1 n_cycle=4 cc=1 cc_hz=1029 cc_i_tgt=0.1000 cc_u=0.5040 cc_r=4.9855 cc_tau_ms=7.00
[  56.481] M
[  56.481] [ADC
[  56.923] [STATUS] t_ms=171498 hwm=3 cap=256 dropped=0 dropped_total=1619 crc_err=0 crc_err_total=0 rate1=512 rate2=512 prod1=512 prod2=512 dac_err=0 tx_drop=377 hb_ms=0 sma_state=6 m7_us=177136401 m4_us=174942931 vdd=5.067 offset=0.5000 aref=3.145 loop_us_avg=93 loop_us_max=2826 loop_hz=10752 cycle_log_ms=1 n_cycle=4 cc=1 cc_hz=1026 cc_i_tgt=0.1000 cc_u=0.5169 cc_r=5.1544 cc_tau_ms=7.00
[  57.542] M
[  57.922] [STATUS] t_ms=172498 hwm=3 cap=256 dropped=0 dropped_total=1619 crc_err=0 crc_err_total=0 rate1=512 rate2=512 prod1=512 prod2=512 dac_err=0 tx_drop=377 hb_ms=0 sma_state=6 m7_us=178169489 m4_us=175976080 vdd=5.067 offset=0.5000 aref=3.145 loop_us_avg=93 loop_us_max=2877 loop_hz=10752 cycle_log_ms=1 n_cycle=4 cc=1 cc_hz=1030 cc_i_tgt=0.1000 cc_u=0.5098 cc_r=4.9991 cc_tau_ms=7.00
[  58.554] M
[  58.996] [STATUS] t_ms=173498 hwm=3 cap=256 dropped=0 dropped_total=1619 crc_err=0 crc_err_total=0 rate1=512 rate2=512 prod1=512 prod2=512 dac_err=0 tx_drop=377 hb_ms=0 sma_state=6 m7_us=179202953 m4_us=177009209 vdd=5.067 offset=0.5000 aref=3.145 loop_us_avg=97 loop_us_max=2845 loop_hz=10309 cycle_log_ms=1 n_cycle=4 cc=1 cc_hz=1029 cc_i_tgt=0.1000 cc_u=0.5000 cc_r=4.9155 cc_tau_ms=7.00
[  59.566] M
[  60.008] [STATUS] t_ms=174498 hwm=3 cap=256 dropped=0 dropped_total=1619 crc_err=0 crc_err_total=0 rate1=512 rate2=512 prod1=512 prod2=512 dac_err=0 tx_drop=377 hb_ms=0 sma_state=6 m7_us=180235789 m4_us=178042368 vdd=5.067 offset=0.5000 aref=3.145 loop_us_avg=92 loop_us_max=2917 loop_hz=10869 cycle_log_ms=1 n_cycle=4 cc=1 cc_hz=1026 cc_i_tgt=0.1000 cc_u=0.5000 cc_r=4.9746 cc_tau_ms=7.00
[  60.516] M
[  60.516] [ADC1
[  60.516] ] STATUS alarm(s): 0
[  61.023] [STATUS] t_ms=175498 hwm=3 cap=256 dropped=0 dropped_total=1619 crc_err=0 crc_err_total=0 rate1=512 rate2=512 prod1=512 prod2=512 dac_err=0 tx_drop=377 hb_ms=0 sma_state=6 m7_us=181268984 m4_us=179075555 vdd=5.067 offset=0.5000 aref=3.145 loop_us_avg=93 loop_us_max=2837 loop_hz=10752 cycle_log_ms=1 n_cycle=4 cc=1 cc_hz=1028 cc_i_tgt=0.1000 cc_u=0.5080 cc_r=5.0047 cc_tau_ms=7.00
[  61.531] M
[  61.531] ALM PGAD_AL
[  62.039] [STATUS] t_ms=176498 hwm=3 cap=256 dropped=0 dropped_total=1619 crc_err=0 crc_err_total=0 rate1=512 rate2=512 prod1=512 prod2=512 dac_err=0 tx_drop=377 hb_ms=0 sma_state=6 m7_us=182302102 m4_us=180108707 vdd=5.067 offset=0.5000 aref=3.145 loop_us_avg=92 loop_us_max=2824 loop_hz=10869 cycle_log_ms=1 n_cycle=4 cc=1 cc_hz=1029 cc_i_tgt=0.1000 cc_u=0.5038 cc_r=5.0068 cc_tau_ms=7.00
[  62.544] [SMA] [ACT] heat n=6/6 I=250.0mA ms=100
[  62.544] M
[  62.544] [ADC1] STATUS alarm
[  62.544] M PGAH_ALM PGAD_AL
[  62.672] [SMA] [ACT] cool n=6/6 I=100.0mA ms=12000
[  63.117] [STATUS] t_ms=177498 hwm=3 cap=256 dropped=0 dropped_total=1619 crc_err=0 crc_err_total=0 rate1=512 rate2=512 prod1=512 prod2=512 dac_err=0 tx_drop=377 hb_ms=0 sma_state=6 m7_us=183335230 m4_us=181141843 vdd=5.067 offset=0.5000 aref=3.145 loop_us_avg=92 loop_us_max=2796 loop_hz=10869 cycle_log_ms=1 n_cycle=4 cc=1 cc_hz=1031 cc_i_tgt=0.1000 cc_u=0.5052 cc_r=4.9483 cc_tau_ms=7.00
[  63.553] M
[  64.108] [STATUS] t_ms=178498 hwm=3 cap=256 dropped=0 dropped_total=1619 crc_err=0 crc_err_total=0 rate1=512 rate2=512 prod1=512 prod2=512 dac_err=0 tx_drop=377 hb_ms=0 sma_state=6 m7_us=184368417 m4_us=182175001 vdd=5.067 offset=0.5000 aref=3.145 loop_us_avg=93 loop_us_max=2868 loop_hz=10752 cycle_log_ms=1 n_cycle=4 cc=1 cc_hz=1029 cc_i_tgt=0.1000 cc_u=0.5073 cc_r=5.0011 cc_tau_ms=7.00
[  64.552] M
[  65.185] [STATUS] t_ms=179498 hwm=3 cap=256 dropped=0 dropped_total=1619 crc_err=0 crc_err_total=0 rate1=512 rate2=512 prod1=512 prod2=512 dac_err=0 tx_drop=377 hb_ms=0 sma_state=6 m7_us=185401558 m4_us=183208144 vdd=5.067 offset=0.5000 aref=3.145 loop_us_avg=93 loop_us_max=2749 loop_hz=10752 cycle_log_ms=1 n_cycle=4 cc=1 cc_hz=1029 cc_i_tgt=0.1000 cc_u=0.5038 cc_r=5.0103 cc_tau_ms=7.00
[  65.567] M
[  65.567] [ADC1]
[  65.567] STATUS alarm(s): 0
[  66.202] [STATUS] t_ms=180498 hwm=3 cap=256 dropped=0 dropped_total=1619 crc_err=0 crc_err_total=0 rate1=512 rate2=512 prod1=512 prod2=512 dac_err=0 tx_drop=377 hb_ms=0 sma_state=6 m7_us=186435010 m4_us=184241305 vdd=5.067 offset=0.5000 aref=3.145 loop_us_avg=94 loop_us_max=2840 loop_hz=10638 cycle_log_ms=1 n_cycle=4 cc=1 cc_hz=1029 cc_i_tgt=0.1000 cc_u=0.5000 cc_r=4.9822 cc_tau_ms=7.00
[  66.582] M
[  67.216] [STATUS] t_ms=181498 hwm=3 cap=256 dropped=0 dropped_total=1619 crc_err=0 crc_err_total=0 rate1=512 rate2=512 prod1=512 prod2=512 dac_err=0 tx_drop=377 hb_ms=0 sma_state=6 m7_us=187468187 m4_us=185274460 vdd=5.067 offset=0.5000 aref=3.145 loop_us_avg=92 loop_us_max=2879 loop_hz=10869 cycle_log_ms=1 n_cycle=4 cc=1 cc_hz=1026 cc_i_tgt=0.1000 cc_u=0.5140 cc_r=5.0404 cc_tau_ms=7.00
[  67.596] M
[  67.596] [A
[  67.596] DC1] STATUS alar
[  68.291] [STATUS] t_ms=182498 hwm=3 cap=256 dropped=0 dropped_total=1619 crc_err=0 crc_err_total=0 rate1=512 rate2=512 prod1=512 prod2=512 dac_err=0 tx_drop=377 hb_ms=0 sma_state=6 m7_us=188501025 m4_us=186307622 vdd=5.067 offset=0.5000 aref=3.145 loop_us_avg=92 loop_us_max=2864 loop_hz=10869 cycle_log_ms=1 n_cycle=4 cc=1 cc_hz=1026 cc_i_tgt=0.1000 cc_u=0.6099 cc_r=6.2121 cc_tau_ms=7.00
[  68.610] M
[  69.306] [STATUS] t_ms=183498 hwm=3 cap=256 dropped=0 dropped_total=1619 crc_err=0 crc_err_total=0 rate1=512 rate2=512 prod1=512 prod2=512 dac_err=0 tx_drop=377 hb_ms=0 sma_state=6 m7_us=189534191 m4_us=187340812 vdd=5.067 offset=0.5000 aref=3.145 loop_us_avg=92 loop_us_max=2809 loop_hz=10869 cycle_log_ms=1 n_cycle=4 cc=1 cc_hz=1029 cc_i_tgt=0.1000 cc_u=0.6150 cc_r=6.2126 cc_tau_ms=7.00
[  69.622] M
[  69.622] [ADC1] ST
[  70.318] [STATUS] t_ms=184498 hwm=3 cap=256 dropped=0 dropped_total=1619 crc_err=0 crc_err_total=0 rate1=512 rate2=512 prod1=512 prod2=512 dac_err=0 tx_drop=377 hb_ms=0 sma_state=6 m7_us=190567781 m4_us=188374006 vdd=5.067 offset=0.5000 aref=3.145 loop_us_avg=92 loop_us_max=2793 loop_hz=10869 cycle_log_ms=1 n_cycle=4 cc=1 cc_hz=1029 cc_i_tgt=0.1000 cc_u=0.6073 cc_r=6.2159 cc_tau_ms=7.00
[  70.634] M
[  71.396] [STATUS] t_ms=185498 hwm=3 cap=256 dropped=0 dropped_total=1619 crc_err=0 crc_err_total=0 rate1=512 rate2=512 prod1=512 prod2=512 dac_err=0 tx_drop=377 hb_ms=0 sma_state=6 m7_us=191601061 m4_us=189407206 vdd=5.067 offset=0.5000 aref=3.145 loop_us_avg=92 loop_us_max=2887 loop_hz=10869 cycle_log_ms=1 n_cycle=4 cc=1 cc_hz=1026 cc_i_tgt=0.1000 cc_u=0.6159 cc_r=6.2190 cc_tau_ms=7.00
[  71.650] M
[  71.650] [AD
[  72.406] [STATUS] t_ms=186498 hwm=3 cap=256 dropped=0 dropped_total=1619 crc_err=0 crc_err_total=0 rate1=512 rate2=512 prod1=512 prod2=512 dac_err=0 tx_drop=377 hb_ms=0 sma_state=6 m7_us=192633868 m4_us=190440419 vdd=5.067 offset=0.5000 aref=3.145 loop_us_avg=92 loop_us_max=3050 loop_hz=10869 cycle_log_ms=1 n_cycle=4 cc=1 cc_hz=1027 cc_i_tgt=0.1000 cc_u=0.6177 cc_r=6.2280 cc_tau_ms=7.00
[  72.660] M
[  73.421] [STATUS] t_ms=187498 hwm=3 cap=256 dropped=0 dropped_total=1619 crc_err=0 crc_err_total=0 rate1=512 rate2=512 prod1=512 prod2=512 dac_err=0 tx_drop=377 hb_ms=0 sma_state=6 m7_us=193667003 m4_us=191473593 vdd=5.067 offset=0.5000 aref=3.145 loop_us_avg=92 loop_us_max=2898 loop_hz=10869 cycle_log_ms=1 n_cycle=4 cc=1 cc_hz=1030 cc_i_tgt=0.1000 cc_u=0.6218 cc_r=6.2402 cc_tau_ms=7.00
[  73.674] M
[  74.494] [STATUS] t_ms=188498 hwm=3 cap=256 dropped=0 dropped_total=1619 crc_err=0 crc_err_total=0 rate1=512 rate2=512 prod1=512 prod2=512 dac_err=0 tx_drop=377 hb_ms=0 sma_state=6 m7_us=194700198 m4_us=192506771 vdd=5.067 offset=0.5000 aref=3.145 loop_us_avg=91 loop_us_max=2881 loop_hz=10989 cycle_log_ms=1 n_cycle=4 cc=1 cc_hz=1029 cc_i_tgt=0.1000 cc_u=0.6291 cc_r=6.3060 cc_tau_ms=7.00
[  74.681] M
[  74.681] [ADC1]
[  74.681] STATUS alarm(s): 0
[  75.062] [SMA] [ACT] -> idle (done) after 6 cycle(s); still armed
[  75.506] [STATUS] t_ms=189498 hwm=3 cap=256 dropped=0 dropped_total=1619 crc_err=0 crc_err_total=0 rate1=511 rate2=512 prod1=511 prod2=512 dac_err=0 tx_drop=377 hb_ms=0 sma_state=0 m7_us=195732814 m4_us=193538964 vdd=5.067 offset=0.5000 aref=3.145 loop_us_avg=39 loop_us_max=2849 loop_hz=25641 cycle_log_ms=1 n_cycle=4 cc=0 cc_hz=576 cc_i_tgt=0.1000 cc_u=0.6311 cc_r=6.2966 cc_tau_ms=7.00
