2026-07-06 18:29:34,537  INFO   root                Session: console_20260706_182934
2026-07-06 18:29:34,537  INFO   root                Output:  C:\Users\yilin\Documents\GitHubRepo_Research\MicroTensileMachine\MicroTensileMachine\Experiment_SMAThermalCharacterization\data\console_20260706_182934
2026-07-06 18:29:34,537  INFO   root                Config:  C:\Users\yilin\Documents\GitHubRepo_Research\MicroTensileMachine\MicroTensileMachine\Experiment_SMAThermalCharacterization\config.yaml  headless=False
2026-07-06 18:29:35,283  ERROR  H7Worker            H7 worker crashed: could not open port 'COM8': FileNotFoundError(2, 'The system cannot find the file specified.', None, 2)
Traceback (most recent call last):
  File "c:\Users\yilin\Documents\GitHubRepo_Research\MicroTensileMachine\MicroTensileMachine\Experiment_SMAThermalCharacterization\workers.py", line 220, in run
    self._main_loop()
  File "c:\Users\yilin\Documents\GitHubRepo_Research\MicroTensileMachine\MicroTensileMachine\Experiment_SMAThermalCharacterization\workers.py", line 239, in _main_loop
    with reader:
         ^^^^^^
  File "C:\Users\yilin\Documents\GitHubRepo_Research\MicroTensileMachine\MicroTensileMachine\Calibrate_LaserHead\portenta_reader.py", line 330, in __enter__
    self.open()
  File "C:\Users\yilin\Documents\GitHubRepo_Research\MicroTensileMachine\MicroTensileMachine\Calibrate_LaserHead\portenta_reader.py", line 284, in open
    self._ser = serial.Serial(
                ^^^^^^^^^^^^^^
  File "C:\Users\yilin\AppData\Local\Programs\Python\Python312\Lib\site-packages\serial\serialwin32.py", line 33, in __init__
    super(Serial, self).__init__(*args, **kwargs)
  File "C:\Users\yilin\AppData\Local\Programs\Python\Python312\Lib\site-packages\serial\serialutil.py", line 244, in __init__
    self.open()
  File "C:\Users\yilin\AppData\Local\Programs\Python\Python312\Lib\site-packages\serial\serialwin32.py", line 64, in open
    raise SerialException("could not open port {!r}: {!r}".format(self.portstr, ctypes.WinError()))
serial.serialutil.SerialException: could not open port 'COM8': FileNotFoundError(2, 'The system cannot find the file specified.', None, 2)
2026-07-06 18:29:35,287  INFO   H7Worker            H7 worker exit  (pushed=0, dropped=0, filtered=0)
2026-07-06 18:29:36,538  INFO   Driver_ZaberStage   Configuration saved to zaber_config.json
2026-07-06 18:29:36,569  INFO   Driver_ZaberStage   Connected to X-LSQ300A-E01 on COM5
2026-07-06 18:29:36,617  INFO   ZaberWorker         Zaber ready: DeviceInfo(port='COM5', device_id=50138, serial_number='143153', name='X-LSQ300A-E01', firmware_version='7.48.24004', device_type='Linear Stage', axis_count=1)
2026-07-06 18:29:43,293  INFO   RecordingCore       Running 10.0 s full system check...
2026-07-06 18:29:43,294  WARNING  RecordingCore       HEALTH: stage parked at 150.00 mm, outside the workflow window [5.0, 40.0] — move it into range before actuating
2026-07-06 18:29:43,294  WARNING  RecordingCore       health H7    FAIL (0) — worker error SerialException("could not open port 'COM8': FileNotFoundError(2, 'The system cannot find the file specified.', None, 2)")
2026-07-06 18:29:43,295  INFO   RecordingCore       health stage PASS (329) — 329 reads, pos~150.00 mm (outside [5.0, 40.0] — move into range)
2026-07-06 18:29:52,966  WARNING  RecordingCore       HEALTH WARNING: H7 silent 1.0s — no new samples (critical; other instruments still recording)
2026-07-06 18:29:54,965  WARNING  PortentaReader      send_command('disarm') ignored — port not open
2026-07-06 18:29:55,026  WARNING  PortentaReader      send_command('disarm') ignored — port not open
2026-07-06 18:29:55,082  WARNING  PortentaReader      send_command('disarm') ignored — port not open
2026-07-06 18:29:55,148  WARNING  PortentaReader      send_command('disarm') ignored — port not open
2026-07-06 18:29:55,207  WARNING  PortentaReader      send_command('disarm') ignored — port not open
2026-07-06 18:29:55,270  WARNING  PortentaReader      send_command('disarm') ignored — port not open
2026-07-06 18:29:55,333  WARNING  PortentaReader      send_command('disarm') ignored — port not open
2026-07-06 18:29:55,394  WARNING  PortentaReader      send_command('disarm') ignored — port not open
2026-07-06 18:29:55,457  WARNING  PortentaReader      send_command('disarm') ignored — port not open
2026-07-06 18:29:55,534  WARNING  PortentaReader      send_command('disarm') ignored — port not open
2026-07-06 18:29:55,582  WARNING  PortentaReader      send_command('disarm') ignored — port not open
2026-07-06 18:29:55,656  WARNING  PortentaReader      send_command('disarm') ignored — port not open
2026-07-06 18:29:55,717  WARNING  PortentaReader      send_command('disarm') ignored — port not open
2026-07-06 18:29:55,777  WARNING  PortentaReader      send_command('disarm') ignored — port not open
2026-07-06 18:29:55,841  WARNING  PortentaReader      send_command('disarm') ignored — port not open
2026-07-06 18:29:55,902  WARNING  PortentaReader      send_command('disarm') ignored — port not open
2026-07-06 18:29:55,963  WARNING  PortentaReader      send_command('disarm') ignored — port not open
2026-07-06 18:29:56,024  WARNING  PortentaReader      send_command('disarm') ignored — port not open
2026-07-06 18:29:56,084  WARNING  PortentaReader      send_command('disarm') ignored — port not open
2026-07-06 18:29:56,146  WARNING  PortentaReader      send_command('disarm') ignored — port not open
2026-07-06 18:29:56,207  WARNING  PortentaReader      send_command('disarm') ignored — port not open
2026-07-06 18:29:56,284  WARNING  PortentaReader      send_command('disarm') ignored — port not open
2026-07-06 18:29:56,345  WARNING  PortentaReader      send_command('disarm') ignored — port not open
2026-07-06 18:29:56,407  WARNING  PortentaReader      send_command('disarm') ignored — port not open
2026-07-06 18:29:56,468  WARNING  PortentaReader      send_command('disarm') ignored — port not open
2026-07-06 18:29:56,530  WARNING  PortentaReader      send_command('disarm') ignored — port not open
2026-07-06 18:29:56,592  WARNING  PortentaReader      send_command('disarm') ignored — port not open
2026-07-06 18:29:56,653  WARNING  PortentaReader      send_command('disarm') ignored — port not open
2026-07-06 18:29:56,715  WARNING  PortentaReader      send_command('disarm') ignored — port not open
2026-07-06 18:29:56,776  WARNING  PortentaReader      send_command('disarm') ignored — port not open
2026-07-06 18:29:56,838  WARNING  PortentaReader      send_command('disarm') ignored — port not open
2026-07-06 18:29:56,898  WARNING  PortentaReader      send_command('disarm') ignored — port not open
2026-07-06 18:29:56,959  WARNING  PortentaReader      send_command('disarm') ignored — port not open
2026-07-06 18:29:57,020  WARNING  PortentaReader      send_command('disarm') ignored — port not open
2026-07-06 18:29:57,081  WARNING  PortentaReader      send_command('disarm') ignored — port not open
2026-07-06 18:29:57,145  WARNING  PortentaReader      send_command('disarm') ignored — port not open
2026-07-06 18:29:57,219  WARNING  PortentaReader      send_command('disarm') ignored — port not open
2026-07-06 18:29:57,281  WARNING  PortentaReader      send_command('disarm') ignored — port not open
2026-07-06 18:29:57,341  WARNING  PortentaReader      send_command('disarm') ignored — port not open
2026-07-06 18:29:57,400  WARNING  PortentaReader      send_command('disarm') ignored — port not open
2026-07-06 18:29:57,460  WARNING  PortentaReader      send_command('disarm') ignored — port not open
2026-07-06 18:29:57,520  WARNING  PortentaReader      send_command('disarm') ignored — port not open
2026-07-06 18:29:57,589  WARNING  PortentaReader      send_command('disarm') ignored — port not open
2026-07-06 18:29:57,650  WARNING  PortentaReader      send_command('disarm') ignored — port not open
2026-07-06 18:29:57,706  WARNING  PortentaReader      send_command('disarm') ignored — port not open
2026-07-06 18:29:57,770  WARNING  PortentaReader      send_command('disarm') ignored — port not open
2026-07-06 18:29:57,833  WARNING  PortentaReader      send_command('disarm') ignored — port not open
2026-07-06 18:29:57,895  WARNING  PortentaReader      send_command('disarm') ignored — port not open
2026-07-06 18:29:57,957  WARNING  PortentaReader      send_command('disarm') ignored — port not open
2026-07-06 18:29:58,023  WARNING  PortentaReader      send_command('disarm') ignored — port not open
2026-07-06 18:29:58,083  WARNING  PortentaReader      send_command('disarm') ignored — port not open
2026-07-06 18:29:58,150  WARNING  PortentaReader      send_command('disarm') ignored — port not open
2026-07-06 18:29:58,211  WARNING  PortentaReader      send_command('disarm') ignored — port not open
2026-07-06 18:29:58,270  WARNING  PortentaReader      send_command('disarm') ignored — port not open
2026-07-06 18:29:58,338  WARNING  PortentaReader      send_command('disarm') ignored — port not open
2026-07-06 18:29:58,398  WARNING  PortentaReader      send_command('disarm') ignored — port not open
2026-07-06 18:29:58,458  WARNING  PortentaReader      send_command('disarm') ignored — port not open
2026-07-06 18:29:58,525  WARNING  PortentaReader      send_command('disarm') ignored — port not open
2026-07-06 18:29:58,585  WARNING  PortentaReader      send_command('disarm') ignored — port not open
2026-07-06 18:29:58,645  WARNING  PortentaReader      send_command('disarm') ignored — port not open
2026-07-06 18:29:58,709  WARNING  PortentaReader      send_command('disarm') ignored — port not open
2026-07-06 18:29:58,771  WARNING  PortentaReader      send_command('disarm') ignored — port not open
2026-07-06 18:29:58,840  WARNING  PortentaReader      send_command('disarm') ignored — port not open
2026-07-06 18:29:58,908  WARNING  PortentaReader      send_command('disarm') ignored — port not open
2026-07-06 18:29:58,968  WARNING  PortentaReader      send_command('disarm') ignored — port not open
2026-07-06 18:29:59,043  WARNING  PortentaReader      send_command('disarm') ignored — port not open
2026-07-06 18:29:59,048  WARNING  PortentaReader      send_command('disarm') ignored — port not open
2026-07-06 18:29:59,216  INFO   Driver_ZaberStage   Disconnected
2026-07-06 18:29:59,216  INFO   ZaberWorker         Zaber worker exit  (pushed=1102, dropped=0)
2026-07-06 18:29:59,239  INFO   RecordingCore       Wrote C:\Users\yilin\Documents\GitHubRepo_Research\MicroTensileMachine\MicroTensileMachine\Experiment_SMAThermalCharacterization\data\console_20260706_182934\meta.json
