[   0.051] [SMA] ARMED (MOSFET on); idle=0.500 V
[   0.051] [ADC1]
[   0.051] STATUS alarm(s):
[   0.051] [STATUS] t_ms=25958 hwm=256 cap=256 dropped=49 dropped_total=635 crc_err=0 crc_err_total=0 rate1=400 rate2=400 prod1=489 prod2=490 dac_err=0 tx_drop=92886 hb_ms=0 sma_state=0 m7_us=26721820 m4_us=24283232 vdd=5.067 offset=0.5000 aref=3.145 loop_us_avg=29 loop_us_max=307676 loop_hz=34482 cycle_log_ms=1 n_cycle=4 cc=0 cc_hz=0 cc_i_tgt=0.0000 cc_u=0.0000 cc_r=0.0000 cc_tau_ms=7.00
[   0.681] [AD
[   0.681] C1] STATUS alarm
[   0.681] _ALM
[   1.062] [STATUS] t_ms=26958 hwm=199 cap=256 dropped=0 dropped_total=635 crc_err=0 crc_err_total=0 rate1=605 rate2=607 prod1=512 prod2=511 dac_err=0 tx_drop=92886 hb_ms=0 sma_state=0 m7_us=27753703 m4_us=25558245 vdd=5.067 offset=0.5000 aref=3.145 loop_us_avg=22 loop_us_max=7893 loop_hz=45454 cycle_log_ms=1 n_cycle=4 cc=0 cc_hz=0 cc_i_tgt=0.0000 cc_u=0.0000 cc_r=0.0000 cc_tau_ms=7.00
[   1.696] [ADC1]
[   1.696] STATUS alarm(s): 0
[   0.064] [SMA] [CC] start i_high=900.0mA i_low=100.0mA t_high=300 t_idle=30000 n=3 (0=cont) tau_ms=7.0 wdt_ms=5000
[   0.064] [SMA] [ACT] heat n=1/3 I=900.0mA ms=300
[   0.064] [STATUS] t_ms=27958 hwm=6 cap=256 dropped=0 dropped_total=635 crc_err=0 crc_err_total=0 rate1=512 rate2=512 prod1=512 prod2=512 dac_err=0 tx_drop=92886 hb_ms=0 sma_state=5 m7_us=28785865 m4_us=26590399 vdd=5.067 offset=0.5000 aref=3.145 loop_us_avg=23 loop_us_max=5528 loop_hz=43478 cycle_log_ms=1 n_cycle=4 cc=1 cc_hz=49 cc_i_tgt=0.9000 cc_u=0.8018 cc_r=0.0000 cc_tau_ms=7.00
[   0.317] [SMA] [ACT] cool n=1/3 I=100.0mA ms=30000
[   0.698] [ADC1]
[   1.140] [STATUS] t_ms=28959 hwm=6 cap=256 dropped=0 dropped_total=635 crc_err=0 crc_err_total=0 rate1=511 rate2=512 prod1=511 prod2=512 dac_err=0 tx_drop=92886 hb_ms=0 sma_state=6 m7_us=29818213 m4_us=27623497 vdd=5.067 offset=0.5000 aref=3.145 loop_us_avg=88 loop_us_max=6169 loop_hz=11363 cycle_log_ms=1 n_cycle=4 cc=1 cc_hz=1026 cc_i_tgt=0.1000 cc_u=0.8396 cc_r=0.0000 cc_tau_ms=7.00
[   2.151] [STATUS] t_ms=29959 hwm=6 cap=256 dropped=0 dropped_total=635 crc_err=0 crc_err_total=0 rate1=513 rate2=512 prod1=513 prod2=512 dac_err=0 tx_drop=92886 hb_ms=0 sma_state=6 m7_us=30850822 m4_us=28656533 vdd=5.067 offset=0.5000 aref=3.145 loop_us_avg=90 loop_us_max=5386 loop_hz=11111 cycle_log_ms=1 n_cycle=4 cc=1 cc_hz=1024 cc_i_tgt=0.1000 cc_u=0.5023 cc_r=4.9132 cc_tau_ms=7.00
[   2.720] [ADC1] STATUS alarm(s): 0xC9 P
[   2.720] GAL_ALM
[   3.163] [STATUS] t_ms=30959 hwm=5 cap=256 dropped=0 dropped_total=635 crc_err=0 crc_err_total=0 rate1=512 rate2=512 prod1=512 prod2=512 dac_err=0 tx_drop=92886 hb_ms=0 sma_state=6 m7_us=31882860 m4_us=29688568 vdd=5.067 offset=0.5000 aref=3.145 loop_us_avg=93 loop_us_max=5407 loop_hz=10752 cycle_log_ms=1 n_cycle=4 cc=1 cc_hz=1027 cc_i_tgt=0.1000 cc_u=0.6715 cc_r=6.0080 cc_tau_ms=7.00
[   4.236] [STATUS] t_ms=31959 hwm=5 cap=256 dropped=0 dropped_total=635 crc_err=0 crc_err_total=0 rate1=511 rate2=512 prod1=511 prod2=512 dac_err=0 tx_drop=92886 hb_ms=0 sma_state=6 m7_us=32914262 m4_us=30719549 vdd=5.067 offset=0.5000 aref=3.145 loop_us_avg=92 loop_us_max=5482 loop_hz=10869 cycle_log_ms=1 n_cycle=4 cc=1 cc_hz=1026 cc_i_tgt=0.1000 cc_u=0.6179 cc_r=6.3126 cc_tau_ms=7.00
[   4.746] [ADC1] STATUS alarm(s):
[   5.251] [STATUS] t_ms=32959 hwm=6 cap=256 dropped=0 dropped_total=635 crc_err=0 crc_err_total=0 rate1=513 rate2=512 prod1=513 prod2=512 dac_err=0 tx_drop=92886 hb_ms=0 sma_state=6 m7_us=33946815 m4_us=31752533 vdd=5.067 offset=0.5000 aref=3.145 loop_us_avg=92 loop_us_max=5399 loop_hz=10869 cycle_log_ms=1 n_cycle=4 cc=1 cc_hz=1026 cc_i_tgt=0.1000 cc_u=0.5000 cc_r=4.8622 cc_tau_ms=7.00
[   6.266] [STATUS] t_ms=33959 hwm=5 cap=256 dropped=0 dropped_total=635 crc_err=0 crc_err_total=0 rate1=511 rate2=512 prod1=511 prod2=512 dac_err=0 tx_drop=92886 hb_ms=0 sma_state=6 m7_us=34978195 m4_us=32783465 vdd=5.067 offset=0.5000 aref=3.145 loop_us_avg=92 loop_us_max=5407 loop_hz=10869 cycle_log_ms=1 n_cycle=4 cc=1 cc_hz=1026 cc_i_tgt=0.1000 cc_u=0.5000 cc_r=4.8620 cc_tau_ms=7.00
[   7.339] [STATUS] t_ms=34959 hwm=6 cap=256 dropped=0 dropped_total=635 crc_err=0 crc_err_total=0 rate1=513 rate2=512 prod1=513 prod2=512 dac_err=0 tx_drop=92886 hb_ms=0 sma_state=6 m7_us=36010685 m4_us=33816386 vdd=5.067 offset=0.5000 aref=3.145 loop_us_avg=92 loop_us_max=5397 loop_hz=10869 cycle_log_ms=1 n_cycle=4 cc=1 cc_hz=1026 cc_i_tgt=0.1000 cc_u=0.5000 cc_r=4.8605 cc_tau_ms=7.00
[   7.719] [ADC1] STATUS alarm(s)
[   8.350] [STATUS] t_ms=35959 hwm=5 cap=256 dropped=0 dropped_total=635 crc_err=0 crc_err_total=0 rate1=511 rate2=512 prod1=511 prod2=512 dac_err=0 tx_drop=92886 hb_ms=0 sma_state=6 m7_us=37042028 m4_us=34847318 vdd=5.067 offset=0.5000 aref=3.145 loop_us_avg=91 loop_us_max=5417 loop_hz=10989 cycle_log_ms=1 n_cycle=4 cc=1 cc_hz=1026 cc_i_tgt=0.1000 cc_u=0.5000 cc_r=4.8719 cc_tau_ms=7.00
[   9.365] [STATUS] t_ms=36959 hwm=6 cap=256 dropped=0 dropped_total=635 crc_err=0 crc_err_total=0 rate1=513 rate2=512 prod1=513 prod2=512 dac_err=0 tx_drop=92886 hb_ms=0 sma_state=6 m7_us=38074535 m4_us=35880242 vdd=5.067 offset=0.5000 aref=3.145 loop_us_avg=92 loop_us_max=5402 loop_hz=10869 cycle_log_ms=1 n_cycle=4 cc=1 cc_hz=1026 cc_i_tgt=0.1000 cc_u=0.5229 cc_r=4.8617 cc_tau_ms=7.00
[  10.378] [STATUS] t_ms=37959 hwm=5 cap=256 dropped=0 dropped_total=635 crc_err=0 crc_err_total=0 rate1=511 rate2=512 prod1=511 prod2=512 dac_err=0 tx_drop=92886 hb_ms=0 sma_state=6 m7_us=39105887 m4_us=36911158 vdd=5.067 offset=0.5000 aref=3.145 loop_us_avg=93 loop_us_max=5402 loop_hz=10752 cycle_log_ms=1 n_cycle=4 cc=1 cc_hz=1026 cc_i_tgt=0.1000 cc_u=0.5074 cc_r=4.8518 cc_tau_ms=7.00
[  11.452] [STATUS] t_ms=38959 hwm=6 cap=256 dropped=0 dropped_total=635 crc_err=0 crc_err_total=0 rate1=513 rate2=512 prod1=513 prod2=512 dac_err=0 tx_drop=92886 hb_ms=0 sma_state=6 m7_us=40138358 m4_us=37944076 vdd=5.067 offset=0.5000 aref=3.145 loop_us_avg=93 loop_us_max=5423 loop_hz=10752 cycle_log_ms=1 n_cycle=4 cc=1 cc_hz=1026 cc_i_tgt=0.1000 cc_u=0.5000 cc_r=4.8578 cc_tau_ms=7.00
[  11.769] [A
[  11.769] DC1] STATUS alar
[  12.463] [STATUS] t_ms=39959 hwm=5 cap=256 dropped=0 dropped_total=635 crc_err=0 crc_err_total=0 rate1=511 rate2=512 prod1=511 prod2=512 dac_err=0 tx_drop=92886 hb_ms=0 sma_state=6 m7_us=41169688 m4_us=38974973 vdd=5.067 offset=0.5000 aref=3.145 loop_us_avg=92 loop_us_max=5410 loop_hz=10869 cycle_log_ms=1 n_cycle=4 cc=1 cc_hz=1026 cc_i_tgt=0.1000 cc_u=0.5000 cc_r=4.8916 cc_tau_ms=7.00
[  13.476] [STATUS] t_ms=40959 hwm=6 cap=256 dropped=0 dropped_total=635 crc_err=0 crc_err_total=0 rate1=513 rate2=512 prod1=513 prod2=512 dac_err=0 tx_drop=92886 hb_ms=0 sma_state=6 m7_us=42202153 m4_us=40007864 vdd=5.067 offset=0.5000 aref=3.145 loop_us_avg=92 loop_us_max=5403 loop_hz=10869 cycle_log_ms=1 n_cycle=4 cc=1 cc_hz=1026 cc_i_tgt=0.1000 cc_u=0.5000 cc_r=4.9453 cc_tau_ms=7.00
[  14.552] [STATUS] t_ms=41959 hwm=5 cap=256 dropped=0 dropped_total=635 crc_err=0 crc_err_total=0 rate1=511 rate2=512 prod1=511 prod2=512 dac_err=0 tx_drop=92886 hb_ms=0 sma_state=6 m7_us=43233380 m4_us=41038758 vdd=5.067 offset=0.5000 aref=3.145 loop_us_avg=93 loop_us_max=5406 loop_hz=10752 cycle_log_ms=1 n_cycle=4 cc=1 cc_hz=1026 cc_i_tgt=0.1000 cc_u=0.5096 cc_r=4.8930 cc_tau_ms=7.00
[  14.806] [ADC1] STAT
[  14.806] US alarm(s): 0x89
[  15.565] [STATUS] t_ms=42959 hwm=6 cap=256 dropped=0 dropped_total=635 crc_err=0 crc_err_total=0 rate1=513 rate2=512 prod1=513 prod2=512 dac_err=0 tx_drop=92886 hb_ms=0 sma_state=6 m7_us=44265943 m4_us=42071650 vdd=5.067 offset=0.5000 aref=3.145 loop_us_avg=92 loop_us_max=5336 loop_hz=10869 cycle_log_ms=1 n_cycle=4 cc=1 cc_hz=1026 cc_i_tgt=0.1000 cc_u=0.5081 cc_r=4.9524 cc_tau_ms=7.00
[  16.580] [STATUS] t_ms=43959 hwm=5 cap=256 dropped=0 dropped_total=635 crc_err=0 crc_err_total=0 rate1=511 rate2=512 prod1=511 prod2=512 dac_err=0 tx_drop=92886 hb_ms=0 sma_state=6 m7_us=45297145 m4_us=43102502 vdd=5.067 offset=0.5000 aref=3.145 loop_us_avg=93 loop_us_max=5402 loop_hz=10752 cycle_log_ms=1 n_cycle=4 cc=1 cc_hz=1026 cc_i_tgt=0.1000 cc_u=0.5000 cc_r=4.8398 cc_tau_ms=7.00
[  17.651] [STATUS] t_ms=44959 hwm=6 cap=256 dropped=0 dropped_total=635 crc_err=0 crc_err_total=0 rate1=513 rate2=512 prod1=513 prod2=512 dac_err=0 tx_drop=92886 hb_ms=0 sma_state=6 m7_us=46329633 m4_us=44135352 vdd=5.067 offset=0.5000 aref=3.145 loop_us_avg=93 loop_us_max=5345 loop_hz=10752 cycle_log_ms=1 n_cycle=4 cc=1 cc_hz=1026 cc_i_tgt=0.1000 cc_u=0.5000 cc_r=4.8879 cc_tau_ms=7.00
[  17.841] [ADC1] STATU
[  17.841] S alarm(s): 0xC9 P
[  17.841] GAL_ALM
[  18.663] [STATUS] t_ms=45959 hwm=5 cap=256 dropped=0 dropped_total=635 crc_err=0 crc_err_total=0 rate1=511 rate2=512 prod1=511 prod2=512 dac_err=0 tx_drop=92886 hb_ms=0 sma_state=6 m7_us=47360834 m4_us=45166217 vdd=5.067 offset=0.5000 aref=3.145 loop_us_avg=93 loop_us_max=5457 loop_hz=10752 cycle_log_ms=1 n_cycle=4 cc=1 cc_hz=1026 cc_i_tgt=0.1000 cc_u=0.5123 cc_r=4.9103 cc_tau_ms=7.00
[  19.677] [STATUS] t_ms=46959 hwm=6 cap=256 dropped=0 dropped_total=635 crc_err=0 crc_err_total=0 rate1=513 rate2=512 prod1=513 prod2=512 dac_err=0 tx_drop=92886 hb_ms=0 sma_state=6 m7_us=48393377 m4_us=46199084 vdd=5.067 offset=0.5000 aref=3.145 loop_us_avg=93 loop_us_max=5332 loop_hz=10752 cycle_log_ms=1 n_cycle=4 cc=1 cc_hz=1026 cc_i_tgt=0.1000 cc_u=0.5072 cc_r=4.8732 cc_tau_ms=7.00
[  20.751] [STATUS] t_ms=47959 hwm=5 cap=256 dropped=0 dropped_total=635 crc_err=0 crc_err_total=0 rate1=511 rate2=512 prod1=511 prod2=512 dac_err=0 tx_drop=92886 hb_ms=0 sma_state=6 m7_us=49424612 m4_us=47229955 vdd=5.067 offset=0.5000 aref=3.145 loop_us_avg=92 loop_us_max=5401 loop_hz=10869 cycle_log_ms=1 n_cycle=4 cc=1 cc_hz=1026 cc_i_tgt=0.1000 cc_u=0.5003 cc_r=4.8708 cc_tau_ms=7.00
[  20.814] [ADC1] S
[  21.761] [STATUS] t_ms=48959 hwm=6 cap=256 dropped=0 dropped_total=635 crc_err=0 crc_err_total=0 rate1=513 rate2=512 prod1=513 prod2=512 dac_err=0 tx_drop=92886 hb_ms=0 sma_state=6 m7_us=50457115 m4_us=48262821 vdd=5.067 offset=0.5000 aref=3.145 loop_us_avg=92 loop_us_max=5341 loop_hz=10869 cycle_log_ms=1 n_cycle=4 cc=1 cc_hz=1026 cc_i_tgt=0.1000 cc_u=0.5000 cc_r=4.8369 cc_tau_ms=7.00
[  22.773] [STATUS] t_ms=49959 hwm=5 cap=256 dropped=0 dropped_total=635 crc_err=0 crc_err_total=0 rate1=511 rate2=512 prod1=511 prod2=512 dac_err=0 tx_drop=92886 hb_ms=0 sma_state=6 m7_us=51488442 m4_us=49293718 vdd=5.067 offset=0.5000 aref=3.145 loop_us_avg=93 loop_us_max=5401 loop_hz=10752 cycle_log_ms=1 n_cycle=4 cc=1 cc_hz=1026 cc_i_tgt=0.1000 cc_u=0.5000 cc_r=4.8836 cc_tau_ms=7.00
[  23.848] [STATUS] t_ms=50959 hwm=6 cap=256 dropped=0 dropped_total=635 crc_err=0 crc_err_total=0 rate1=513 rate2=512 prod1=513 prod2=512 dac_err=0 tx_drop=92886 hb_ms=0 sma_state=6 m7_us=52520952 m4_us=50326629 vdd=5.067 offset=0.5000 aref=3.145 loop_us_avg=92 loop_us_max=5407 loop_hz=10869 cycle_log_ms=1 n_cycle=4 cc=1 cc_hz=1026 cc_i_tgt=0.1000 cc_u=0.5044 cc_r=4.9098 cc_tau_ms=7.00
[  23.848] [ADC1] STATUS alarm(s): 0x9 P
[  23.848] GAL_ALM
[  24.861] [STATUS] t_ms=51959 hwm=5 cap=256 dropped=0 dropped_total=635 crc_err=0 crc_err_total=0 rate1=511 rate2=512 prod1=511 prod2=512 dac_err=0 tx_drop=92886 hb_ms=0 sma_state=6 m7_us=53552124 m4_us=51357504 vdd=5.067 offset=0.5000 aref=3.145 loop_us_avg=92 loop_us_max=5447 loop_hz=10869 cycle_log_ms=1 n_cycle=4 cc=1 cc_hz=1026 cc_i_tgt=0.1000 cc_u=0.5000 cc_r=4.9089 cc_tau_ms=7.00
[  25.872] [ADC1] STATUS alarm(s):
[  25.872] [STATUS] t_ms=52959 hwm=6 cap=256 dropped=0 dropped_total=635 crc_err=0 crc_err_total=0 rate1=513 rate2=512 prod1=513 prod2=512 dac_err=0 tx_drop=92886 hb_ms=0 sma_state=6 m7_us=54584715 m4_us=52390424 vdd=5.067 offset=0.5000 aref=3.145 loop_us_avg=93 loop_us_max=5357 loop_hz=10752 cycle_log_ms=1 n_cycle=4 cc=1 cc_hz=1026 cc_i_tgt=0.1000 cc_u=0.5000 cc_r=4.8844 cc_tau_ms=7.00
[  26.948] [STATUS] t_ms=53959 hwm=5 cap=256 dropped=0 dropped_total=635 crc_err=0 crc_err_total=0 rate1=511 rate2=512 prod1=511 prod2=512 dac_err=0 tx_drop=92886 hb_ms=0 sma_state=6 m7_us=55616080 m4_us=53421360 vdd=5.067 offset=0.5000 aref=3.145 loop_us_avg=92 loop_us_max=5406 loop_hz=10869 cycle_log_ms=1 n_cycle=4 cc=1 cc_hz=1026 cc_i_tgt=0.1000 cc_u=0.5000 cc_r=4.9486 cc_tau_ms=7.00
[  27.961] [STATUS] t_ms=54959 hwm=6 cap=256 dropped=0 dropped_total=635 crc_err=0 crc_err_total=0 rate1=513 rate2=512 prod1=513 prod2=512 dac_err=0 tx_drop=92886 hb_ms=0 sma_state=6 m7_us=56648586 m4_us=54454303 vdd=5.067 offset=0.5000 aref=3.145 loop_us_avg=92 loop_us_max=5396 loop_hz=10869 cycle_log_ms=1 n_cycle=4 cc=1 cc_hz=1026 cc_i_tgt=0.1000 cc_u=0.5000 cc_r=4.9333 cc_tau_ms=7.00
[  28.910] [ADC1] STA
[  28.910] TUS alarm(s): 0xC9
[  28.974] [STATUS] t_ms=55959 hwm=5 cap=256 dropped=0 dropped_total=635 crc_err=0 crc_err_total=0 rate1=511 rate2=512 prod1=511 prod2=512 dac_err=0 tx_drop=92886 hb_ms=0 sma_state=6 m7_us=57679965 m4_us=55485232 vdd=5.067 offset=0.5000 aref=3.145 loop_us_avg=91 loop_us_max=5396 loop_hz=10989 cycle_log_ms=1 n_cycle=4 cc=1 cc_hz=1026 cc_i_tgt=0.1000 cc_u=0.5998 cc_r=5.7850 cc_tau_ms=7.00
[  29.921] [AD
[  29.984] [STATUS] t_ms=56959 hwm=6 cap=256 dropped=0 dropped_total=635 crc_err=0 crc_err_total=0 rate1=513 rate2=512 prod1=513 prod2=512 dac_err=0 tx_drop=92886 hb_ms=0 sma_state=6 m7_us=58712438 m4_us=56518136 vdd=5.067 offset=0.5000 aref=3.145 loop_us_avg=91 loop_us_max=5420 loop_hz=10989 cycle_log_ms=1 n_cycle=4 cc=1 cc_hz=1026 cc_i_tgt=0.1000 cc_u=0.5031 cc_r=4.8901 cc_tau_ms=7.00
[  31.058] [STATUS] t_ms=57959 hwm=5 cap=256 dropped=0 dropped_total=635 crc_err=0 crc_err_total=0 rate1=511 rate2=512 prod1=511 prod2=512 dac_err=0 tx_drop=92886 hb_ms=0 sma_state=6 m7_us=59743654 m4_us=57549021 vdd=5.067 offset=0.5000 aref=3.145 loop_us_avg=93 loop_us_max=5415 loop_hz=10752 cycle_log_ms=1 n_cycle=4 cc=1 cc_hz=1026 cc_i_tgt=0.1000 cc_u=0.6234 cc_r=6.1695 cc_tau_ms=7.00
[  31.309] [SMA] [ACT] heat n=2/3 I=900.0mA ms=300
[  31.625] [SMA] [ACT] cool n=2/3 I=100.0mA ms=30000
[  32.070] [STATUS] t_ms=58959 hwm=6 cap=256 dropped=0 dropped_total=635 crc_err=0 crc_err_total=0 rate1=512 rate2=512 prod1=512 prod2=512 dac_err=0 tx_drop=92886 hb_ms=0 sma_state=6 m7_us=60775640 m4_us=58580928 vdd=5.067 offset=0.5000 aref=3.145 loop_us_avg=92 loop_us_max=5350 loop_hz=10869 cycle_log_ms=1 n_cycle=4 cc=1 cc_hz=1024 cc_i_tgt=0.1000 cc_u=0.5031 cc_r=5.2424 cc_tau_ms=7.00
[  33.082] [STATUS] t_ms=59959 hwm=6 cap=256 dropped=0 dropped_total=635 crc_err=0 crc_err_total=0 rate1=513 rate2=512 prod1=513 prod2=512 dac_err=0 tx_drop=92886 hb_ms=0 sma_state=6 m7_us=61808102 m4_us=59613807 vdd=5.067 offset=0.5000 aref=3.145 loop_us_avg=93 loop_us_max=5404 loop_hz=10752 cycle_log_ms=1 n_cycle=4 cc=1 cc_hz=1026 cc_i_tgt=0.1000 cc_u=0.6106 cc_r=5.7101 cc_tau_ms=7.00
[  33.971] [ADC1] STATUS alarm(s):
[  34.158] [STATUS] t_ms=60959 hwm=5 cap=256 dropped=0 dropped_total=635 crc_err=0 crc_err_total=0 rate1=511 rate2=512 prod1=511 prod2=512 dac_err=0 tx_drop=92886 hb_ms=0 sma_state=6 m7_us=62839280 m4_us=60644643 vdd=5.067 offset=0.5000 aref=3.145 loop_us_avg=91 loop_us_max=5421 loop_hz=10989 cycle_log_ms=1 n_cycle=4 cc=1 cc_hz=1026 cc_i_tgt=0.1000 cc_u=0.5582 cc_r=5.3347 cc_tau_ms=7.00
[  34.919] [
[  35.171] [STATUS] t_ms=61959 hwm=6 cap=256 dropped=0 dropped_total=635 crc_err=0 crc_err_total=0 rate1=513 rate2=512 prod1=513 prod2=512 dac_err=0 tx_drop=92886 hb_ms=0 sma_state=6 m7_us=63871819 m4_us=61677522 vdd=5.067 offset=0.5000 aref=3.145 loop_us_avg=92 loop_us_max=5345 loop_hz=10869 cycle_log_ms=1 n_cycle=4 cc=1 cc_hz=1026 cc_i_tgt=0.1000 cc_u=0.5136 cc_r=5.0969 cc_tau_ms=7.00
[  36.187] [STATUS] t_ms=62959 hwm=5 cap=256 dropped=0 dropped_total=635 crc_err=0 crc_err_total=0 rate1=511 rate2=512 prod1=511 prod2=512 dac_err=0 tx_drop=92886 hb_ms=0 sma_state=6 m7_us=64903044 m4_us=62708403 vdd=5.067 offset=0.5000 aref=3.145 loop_us_avg=93 loop_us_max=5423 loop_hz=10752 cycle_log_ms=1 n_cycle=4 cc=1 cc_hz=1026 cc_i_tgt=0.1000 cc_u=0.6177 cc_r=5.8671 cc_tau_ms=7.00
[  37.254] [STATUS] t_ms=63959 hwm=6 cap=256 dropped=0 dropped_total=635 crc_err=0 crc_err_total=0 rate1=513 rate2=512 prod1=513 prod2=512 dac_err=0 tx_drop=92886 hb_ms=0 sma_state=6 m7_us=65935547 m4_us=63741266 vdd=5.067 offset=0.5000 aref=3.145 loop_us_avg=92 loop_us_max=5354 loop_hz=10869 cycle_log_ms=1 n_cycle=4 cc=1 cc_hz=1026 cc_i_tgt=0.1000 cc_u=0.5713 cc_r=5.3275 cc_tau_ms=7.00
[  37.947] [
[  38.265] [STATUS] t_ms=64959 hwm=5 cap=256 dropped=0 dropped_total=635 crc_err=0 crc_err_total=0 rate1=511 rate2=512 prod1=511 prod2=512 dac_err=0 tx_drop=92886 hb_ms=0 sma_state=6 m7_us=66966722 m4_us=64772105 vdd=5.067 offset=0.5000 aref=3.145 loop_us_avg=92 loop_us_max=5418 loop_hz=10869 cycle_log_ms=1 n_cycle=4 cc=1 cc_hz=1026 cc_i_tgt=0.1000 cc_u=0.5000 cc_r=4.9744 cc_tau_ms=7.00
[  39.282] [STATUS] t_ms=65959 hwm=6 cap=256 dropped=0 dropped_total=635 crc_err=0 crc_err_total=0 rate1=513 rate2=512 prod1=513 prod2=512 dac_err=0 tx_drop=92886 hb_ms=0 sma_state=6 m7_us=67999284 m4_us=65804984 vdd=5.067 offset=0.5000 aref=3.145 loop_us_avg=93 loop_us_max=5332 loop_hz=10752 cycle_log_ms=1 n_cycle=4 cc=1 cc_hz=1026 cc_i_tgt=0.1000 cc_u=0.5259 cc_r=5.5729 cc_tau_ms=7.00
[  40.360] [STATUS] t_ms=66959 hwm=5 cap=256 dropped=0 dropped_total=635 crc_err=0 crc_err_total=0 rate1=511 rate2=512 prod1=511 prod2=512 dac_err=0 tx_drop=92886 hb_ms=0 sma_state=6 m7_us=69030481 m4_us=66835853 vdd=5.067 offset=0.5000 aref=3.145 loop_us_avg=91 loop_us_max=5416 loop_hz=10989 cycle_log_ms=1 n_cycle=4 cc=1 cc_hz=1026 cc_i_tgt=0.1000 cc_u=0.5025 cc_r=4.8890 cc_tau_ms=7.00
[  40.993] [ADC1] STATUS
[  41.371] [STATUS] t_ms=67959 hwm=6 cap=256 dropped=0 dropped_total=635 crc_err=0 crc_err_total=0 rate1=513 rate2=512 prod1=513 prod2=512 dac_err=0 tx_drop=92886 hb_ms=0 sma_state=6 m7_us=70062972 m4_us=67868684 vdd=5.067 offset=0.5000 aref=3.145 loop_us_avg=93 loop_us_max=5338 loop_hz=10752 cycle_log_ms=1 n_cycle=4 cc=1 cc_hz=1026 cc_i_tgt=0.1000 cc_u=0.6161 cc_r=5.9990 cc_tau_ms=7.00
[  42.384] [STATUS] t_ms=68959 hwm=5 cap=256 dropped=0 dropped_total=635 crc_err=0 crc_err_total=0 rate1=511 rate2=512 prod1=511 prod2=512 dac_err=0 tx_drop=92886 hb_ms=0 sma_state=6 m7_us=71094121 m4_us=68899478 vdd=5.067 offset=0.5000 aref=3.145 loop_us_avg=93 loop_us_max=5412 loop_hz=10752 cycle_log_ms=1 n_cycle=4 cc=1 cc_hz=1026 cc_i_tgt=0.1000 cc_u=0.5776 cc_r=5.4876 cc_tau_ms=7.00
[  43.453] [STATUS] t_ms=69959 hwm=6 cap=256 dropped=0 dropped_total=635 crc_err=0 crc_err_total=0 rate1=513 rate2=512 prod1=513 prod2=512 dac_err=0 tx_drop=92886 hb_ms=0 sma_state=6 m7_us=72126569 m4_us=69932287 vdd=5.067 offset=0.5000 aref=3.145 loop_us_avg=92 loop_us_max=5341 loop_hz=10869 cycle_log_ms=1 n_cycle=4 cc=1 cc_hz=1026 cc_i_tgt=0.1000 cc_u=0.5043 cc_r=4.8755 cc_tau_ms=7.00
[  44.026] [ADC1]
[  44.026] STATUS alarm(s):
[  44.470] [STATUS] t_ms=70959 hwm=5 cap=256 dropped=0 dropped_total=635 crc_err=0 crc_err_total=0 rate1=511 rate2=512 prod1=511 prod2=512 dac_err=0 tx_drop=92886 hb_ms=0 sma_state=6 m7_us=73157684 m4_us=70963053 vdd=5.067 offset=0.5000 aref=3.145 loop_us_avg=91 loop_us_max=5401 loop_hz=10989 cycle_log_ms=1 n_cycle=4 cc=1 cc_hz=1026 cc_i_tgt=0.1000 cc_u=0.6207 cc_r=5.9000 cc_tau_ms=7.00
[  45.477] [STATUS] t_ms=71959 hwm=6 cap=256 dropped=0 dropped_total=635 crc_err=0 crc_err_total=0 rate1=513 rate2=512 prod1=513 prod2=512 dac_err=0 tx_drop=92886 hb_ms=0 sma_state=6 m7_us=74190155 m4_us=71995855 vdd=5.067 offset=0.5000 aref=3.145 loop_us_avg=93 loop_us_max=5331 loop_hz=10752 cycle_log_ms=1 n_cycle=4 cc=1 cc_hz=1026 cc_i_tgt=0.1000 cc_u=0.5112 cc_r=5.2183 cc_tau_ms=7.00
[  46.502] [STATUS] t_ms=72959 hwm=5 cap=256 dropped=0 dropped_total=635 crc_err=0 crc_err_total=0 rate1=511 rate2=512 prod1=511 prod2=512 dac_err=0 tx_drop=92886 hb_ms=0 sma_state=6 m7_us=75221285 m4_us=73026614 vdd=5.067 offset=0.5000 aref=3.145 loop_us_avg=93 loop_us_max=5410 loop_hz=10752 cycle_log_ms=1 n_cycle=4 cc=1 cc_hz=1026 cc_i_tgt=0.1000 cc_u=0.5078 cc_r=4.8717 cc_tau_ms=7.00
[  47.012] [A
[  47.012] DC1] STATUS alarm
[  47.577] [STATUS] t_ms=73959 hwm=6 cap=256 dropped=0 dropped_total=635 crc_err=0 crc_err_total=0 rate1=513 rate2=512 prod1=513 prod2=512 dac_err=0 tx_drop=92886 hb_ms=0 sma_state=6 m7_us=76253702 m4_us=74059420 vdd=5.067 offset=0.5000 aref=3.145 loop_us_avg=93 loop_us_max=5352 loop_hz=10752 cycle_log_ms=1 n_cycle=4 cc=1 cc_hz=1026 cc_i_tgt=0.1000 cc_u=0.5036 cc_r=4.8383 cc_tau_ms=7.00
[  48.591] [STATUS] t_ms=74959 hwm=5 cap=256 dropped=0 dropped_total=635 crc_err=0 crc_err_total=0 rate1=511 rate2=512 prod1=511 prod2=512 dac_err=0 tx_drop=92886 hb_ms=0 sma_state=6 m7_us=77284873 m4_us=75090227 vdd=5.067 offset=0.5000 aref=3.145 loop_us_avg=92 loop_us_max=5409 loop_hz=10869 cycle_log_ms=1 n_cycle=4 cc=1 cc_hz=1026 cc_i_tgt=0.1000 cc_u=0.5000 cc_r=4.8398 cc_tau_ms=7.00
[  49.599] [STATUS] t_ms=75959 hwm=6 cap=256 dropped=0 dropped_total=635 crc_err=0 crc_err_total=0 rate1=513 rate2=512 prod1=513 prod2=512 dac_err=0 tx_drop=92886 hb_ms=0 sma_state=6 m7_us=78317304 m4_us=76123020 vdd=5.067 offset=0.5000 aref=3.145 loop_us_avg=93 loop_us_max=5358 loop_hz=10752 cycle_log_ms=1 n_cycle=4 cc=1 cc_hz=1026 cc_i_tgt=0.1000 cc_u=0.5118 cc_r=4.9023 cc_tau_ms=7.00
[  50.043] [ADC
[  50.043] 1] STATUS alarm(s)
[  50.679] [STATUS] t_ms=76959 hwm=5 cap=256 dropped=0 dropped_total=635 crc_err=0 crc_err_total=0 rate1=511 rate2=512 prod1=511 prod2=512 dac_err=0 tx_drop=92886 hb_ms=0 sma_state=6 m7_us=79348393 m4_us=77153773 vdd=5.067 offset=0.5000 aref=3.145 loop_us_avg=93 loop_us_max=5401 loop_hz=10752 cycle_log_ms=1 n_cycle=4 cc=1 cc_hz=1026 cc_i_tgt=0.1000 cc_u=0.6699 cc_r=5.9312 cc_tau_ms=7.00
[  51.692] [STATUS] t_ms=77959 hwm=6 cap=256 dropped=0 dropped_total=635 crc_err=0 crc_err_total=0 rate1=513 rate2=512 prod1=513 prod2=512 dac_err=0 tx_drop=92886 hb_ms=0 sma_state=6 m7_us=80380877 m4_us=78186581 vdd=5.067 offset=0.5000 aref=3.145 loop_us_avg=92 loop_us_max=5394 loop_hz=10869 cycle_log_ms=1 n_cycle=4 cc=1 cc_hz=1026 cc_i_tgt=0.1000 cc_u=0.5000 cc_r=4.8695 cc_tau_ms=7.00
[  52.703] [STATUS] t_ms=78959 hwm=5 cap=256 dropped=0 dropped_total=635 crc_err=0 crc_err_total=0 rate1=511 rate2=512 prod1=511 prod2=512 dac_err=0 tx_drop=92886 hb_ms=0 sma_state=6 m7_us=81412062 m4_us=79217417 vdd=5.067 offset=0.5000 aref=3.145 loop_us_avg=91 loop_us_max=5416 loop_hz=10989 cycle_log_ms=1 n_cycle=4 cc=1 cc_hz=1026 cc_i_tgt=0.1000 cc_u=0.5123 cc_r=4.9378 cc_tau_ms=7.00
[  53.718] [STATUS] t_ms=79959 hwm=6 cap=256 dropped=0 dropped_total=635 crc_err=0 crc_err_total=0 rate1=513 rate2=512 prod1=513 prod2=512 dac_err=0 tx_drop=92886 hb_ms=0 sma_state=6 m7_us=82444496 m4_us=80250207 vdd=5.067 offset=0.5000 aref=3.145 loop_us_avg=92 loop_us_max=5351 loop_hz=10869 cycle_log_ms=1 n_cycle=4 cc=1 cc_hz=1026 cc_i_tgt=0.1000 cc_u=0.5017 cc_r=4.9163 cc_tau_ms=7.00
[  54.796] [STATUS] t_ms=80959 hwm=5 cap=256 dropped=0 dropped_total=635 crc_err=0 crc_err_total=0 rate1=511 rate2=512 prod1=511 prod2=512 dac_err=0 tx_drop=92886 hb_ms=0 sma_state=6 m7_us=83475608 m4_us=81280989 vdd=5.067 offset=0.5000 aref=3.145 loop_us_avg=91 loop_us_max=5419 loop_hz=10989 cycle_log_ms=1 n_cycle=4 cc=1 cc_hz=1026 cc_i_tgt=0.1000 cc_u=0.5000 cc_r=4.8924 cc_tau_ms=7.00
[  55.811] [STATUS] t_ms=81959 hwm=6 cap=256 dropped=0 dropped_total=635 crc_err=0 crc_err_total=0 rate1=513 rate2=512 prod1=513 prod2=512 dac_err=0 tx_drop=92886 hb_ms=0 sma_state=6 m7_us=84508088 m4_us=82313797 vdd=5.067 offset=0.5000 aref=3.145 loop_us_avg=93 loop_us_max=5323 loop_hz=10752 cycle_log_ms=1 n_cycle=4 cc=1 cc_hz=1026 cc_i_tgt=0.1000 cc_u=0.5032 cc_r=4.9501 cc_tau_ms=7.00
[  56.821] [STATUS] t_ms=82959 hwm=5 cap=256 dropped=0 dropped_total=635 crc_err=0 crc_err_total=0 rate1=511 rate2=512 prod1=511 prod2=512 dac_err=0 tx_drop=92886 hb_ms=0 sma_state=6 m7_us=85539208 m4_us=83344589 vdd=5.067 offset=0.5000 aref=3.145 loop_us_avg=93 loop_us_max=5417 loop_hz=10752 cycle_log_ms=1 n_cycle=4 cc=1 cc_hz=1026 cc_i_tgt=0.1000 cc_u=0.5022 cc_r=4.8949 cc_tau_ms=7.00
[  57.137] [AD
[  57.895] [STATUS] t_ms=83959 hwm=6 cap=256 dropped=0 dropped_total=635 crc_err=0 crc_err_total=0 rate1=513 rate2=512 prod1=513 prod2=512 dac_err=0 tx_drop=92886 hb_ms=0 sma_state=6 m7_us=86571663 m4_us=84377362 vdd=5.067 offset=0.5000 aref=3.145 loop_us_avg=92 loop_us_max=5383 loop_hz=10869 cycle_log_ms=1 n_cycle=4 cc=1 cc_hz=1026 cc_i_tgt=0.1000 cc_u=0.5167 cc_r=4.8764 cc_tau_ms=7.00
[  58.909] [STATUS] t_ms=84959 hwm=5 cap=256 dropped=0 dropped_total=635 crc_err=0 crc_err_total=0 rate1=511 rate2=512 prod1=511 prod2=512 dac_err=0 tx_drop=92886 hb_ms=0 sma_state=6 m7_us=87602749 m4_us=85408118 vdd=5.067 offset=0.5000 aref=3.145 loop_us_avg=91 loop_us_max=5422 loop_hz=10989 cycle_log_ms=1 n_cycle=4 cc=1 cc_hz=1026 cc_i_tgt=0.1000 cc_u=0.5000 cc_r=4.9231 cc_tau_ms=7.00
[  59.162] [ADC1]
[  59.162] STATUS alarm(s): 0x
[  59.923] [STATUS] t_ms=85959 hwm=6 cap=256 dropped=0 dropped_total=635 crc_err=0 crc_err_total=0 rate1=513 rate2=512 prod1=513 prod2=512 dac_err=0 tx_drop=92886 hb_ms=0 sma_state=6 m7_us=88635204 m4_us=86440895 vdd=5.067 offset=0.5000 aref=3.145 loop_us_avg=93 loop_us_max=5318 loop_hz=10752 cycle_log_ms=1 n_cycle=4 cc=1 cc_hz=1026 cc_i_tgt=0.1000 cc_u=0.5046 cc_r=4.8384 cc_tau_ms=7.00
[  60.113] [ADC1] STA
[  60.938] [STATUS] t_ms=86959 hwm=5 cap=256 dropped=0 dropped_total=635 crc_err=0 crc_err_total=0 rate1=511 rate2=512 prod1=511 prod2=512 dac_err=0 tx_drop=92886 hb_ms=0 sma_state=6 m7_us=89666335 m4_us=87471712 vdd=5.067 offset=0.5000 aref=3.145 loop_us_avg=92 loop_us_max=5429 loop_hz=10869 cycle_log_ms=1 n_cycle=4 cc=1 cc_hz=1026 cc_i_tgt=0.1000 cc_u=0.5012 cc_r=4.8933 cc_tau_ms=7.00
[  62.017] [STATUS] t_ms=87959 hwm=6 cap=256 dropped=0 dropped_total=635 crc_err=0 crc_err_total=0 rate1=513 rate2=512 prod1=513 prod2=512 dac_err=0 tx_drop=92886 hb_ms=0 sma_state=6 m7_us=90698825 m4_us=88504536 vdd=5.067 offset=0.5000 aref=3.145 loop_us_avg=92 loop_us_max=5362 loop_hz=10869 cycle_log_ms=1 n_cycle=4 cc=1 cc_hz=1026 cc_i_tgt=0.1000 cc_u=0.5000 cc_r=4.7927 cc_tau_ms=7.00
[  62.585] [SMA] [ACT] heat n=3/3 I=900.0mA ms=300
[  62.901] [SMA] [ACT] cool n=3/3 I=100.0mA ms=30000
[  63.028] [STATUS] t_ms=88959 hwm=5 cap=256 dropped=0 dropped_total=635 crc_err=0 crc_err_total=0 rate1=511 rate2=512 prod1=511 prod2=512 dac_err=0 tx_drop=92886 hb_ms=0 sma_state=6 m7_us=91730116 m4_us=89535395 vdd=5.067 offset=0.5000 aref=3.145 loop_us_avg=92 loop_us_max=5431 loop_hz=10869 cycle_log_ms=1 n_cycle=4 cc=1 cc_hz=1024 cc_i_tgt=0.1000 cc_u=0.5110 cc_r=4.4733 cc_tau_ms=7.00
[  63.155] [AD
[  64.041] [STATUS] t_ms=89959 hwm=6 cap=256 dropped=0 dropped_total=635 crc_err=0 crc_err_total=0 rate1=513 rate2=512 prod1=513 prod2=512 dac_err=0 tx_drop=92886 hb_ms=0 sma_state=6 m7_us=92762541 m4_us=90568255 vdd=5.067 offset=0.5000 aref=3.145 loop_us_avg=93 loop_us_max=5412 loop_hz=10752 cycle_log_ms=1 n_cycle=4 cc=1 cc_hz=1026 cc_i_tgt=0.1000 cc_u=0.5983 cc_r=5.7450 cc_tau_ms=7.00
[  65.069] [STATUS] t_ms=90959 hwm=5 cap=256 dropped=0 dropped_total=635 crc_err=0 crc_err_total=0 rate1=511 rate2=512 prod1=511 prod2=512 dac_err=0 tx_drop=92886 hb_ms=0 sma_state=6 m7_us=93793745 m4_us=91599107 vdd=5.067 offset=0.5000 aref=3.145 loop_us_avg=93 loop_us_max=5403 loop_hz=10752 cycle_log_ms=1 n_cycle=4 cc=1 cc_hz=1026 cc_i_tgt=0.1000 cc_u=0.5202 cc_r=4.9604 cc_tau_ms=7.00
[  65.196] [ADC1] STATUS alarm(s): 0xC9 PGA
[  65.196] L_ALM
[  66.148] [STATUS] t_ms=91959 hwm=6 cap=256 dropped=0 dropped_total=635 crc_err=0 crc_err_total=0 rate1=513 rate2=512 prod1=513 prod2=512 dac_err=0 tx_drop=92886 hb_ms=0 sma_state=6 m7_us=94826281 m4_us=92631992 vdd=5.067 offset=0.5000 aref=3.145 loop_us_avg=92 loop_us_max=5343 loop_hz=10869 cycle_log_ms=1 n_cycle=4 cc=1 cc_hz=1026 cc_i_tgt=0.1000 cc_u=0.5276 cc_r=5.4952 cc_tau_ms=7.00
[  66.212] [AD
[  66.212] C1] STATUS alarm(s)
[  67.156] [STATUS] t_ms=92959 hwm=5 cap=256 dropped=0 dropped_total=635 crc_err=0 crc_err_total=0 rate1=511 rate2=512 prod1=511 prod2=512 dac_err=0 tx_drop=92886 hb_ms=0 sma_state=6 m7_us=95857510 m4_us=93662867 vdd=5.067 offset=0.5000 aref=3.145 loop_us_avg=93 loop_us_max=5422 loop_hz=10752 cycle_log_ms=1 n_cycle=4 cc=1 cc_hz=1026 cc_i_tgt=0.1000 cc_u=0.6351 cc_r=5.8533 cc_tau_ms=7.00
[  68.167] [STATUS] t_ms=93959 hwm=6 cap=256 dropped=0 dropped_total=635 crc_err=0 crc_err_total=0 rate1=513 rate2=512 prod1=513 prod2=512 dac_err=0 tx_drop=92886 hb_ms=0 sma_state=6 m7_us=96890035 m4_us=94695756 vdd=5.067 offset=0.5000 aref=3.145 loop_us_avg=92 loop_us_max=5350 loop_hz=10869 cycle_log_ms=1 n_cycle=4 cc=1 cc_hz=1026 cc_i_tgt=0.1000 cc_u=0.5662 cc_r=5.7636 cc_tau_ms=7.00
[  69.245] [STATUS] t_ms=94959 hwm=5 cap=256 dropped=0 dropped_total=635 crc_err=0 crc_err_total=0 rate1=511 rate2=512 prod1=511 prod2=512 dac_err=0 tx_drop=92886 hb_ms=0 sma_state=6 m7_us=97921361 m4_us=95726637 vdd=5.067 offset=0.5000 aref=3.145 loop_us_avg=93 loop_us_max=5401 loop_hz=10752 cycle_log_ms=1 n_cycle=4 cc=1 cc_hz=1026 cc_i_tgt=0.1000 cc_u=0.5000 cc_r=5.4025 cc_tau_ms=7.00
[  70.262] [STATUS] t_ms=95959 hwm=6 cap=256 dropped=0 dropped_total=635 crc_err=0 crc_err_total=0 rate1=513 rate2=512 prod1=513 prod2=512 dac_err=0 tx_drop=92886 hb_ms=0 sma_state=6 m7_us=98953833 m4_us=96759532 vdd=5.067 offset=0.5000 aref=3.145 loop_us_avg=92 loop_us_max=5494 loop_hz=10869 cycle_log_ms=1 n_cycle=4 cc=1 cc_hz=1026 cc_i_tgt=0.1000 cc_u=0.6311 cc_r=6.1141 cc_tau_ms=7.00
[  71.207] [AD
[  71.207] C1] STATUS alarm(s
[  71.271] [STATUS] t_ms=96959 hwm=5 cap=256 dropped=0 dropped_total=635 crc_err=0 crc_err_total=0 rate1=511 rate2=512 prod1=511 prod2=512 dac_err=0 tx_drop=92886 hb_ms=0 sma_state=6 m7_us=99985016 m4_us=97790371 vdd=5.067 offset=0.5000 aref=3.145 loop_us_avg=93 loop_us_max=5416 loop_hz=10752 cycle_log_ms=1 n_cycle=4 cc=1 cc_hz=1026 cc_i_tgt=0.1000 cc_u=0.5093 cc_r=4.8776 cc_tau_ms=7.00
[  72.348] [STATUS] t_ms=97959 hwm=6 cap=256 dropped=0 dropped_total=635 crc_err=0 crc_err_total=0 rate1=513 rate2=512 prod1=513 prod2=512 dac_err=0 tx_drop=92886 hb_ms=0 sma_state=6 m7_us=101017540 m4_us=98823247 vdd=5.067 offset=0.5000 aref=3.145 loop_us_avg=93 loop_us_max=5334 loop_hz=10752 cycle_log_ms=1 n_cycle=4 cc=1 cc_hz=1026 cc_i_tgt=0.1000 cc_u=0.5000 cc_r=5.0193 cc_tau_ms=7.00
[  73.362] [STATUS] t_ms=98959 hwm=5 cap=256 dropped=0 dropped_total=635 crc_err=0 crc_err_total=0 rate1=511 rate2=512 prod1=511 prod2=512 dac_err=0 tx_drop=92886 hb_ms=0 sma_state=6 m7_us=102048692 m4_us=99854083 vdd=5.067 offset=0.5000 aref=3.145 loop_us_avg=91 loop_us_max=5405 loop_hz=10989 cycle_log_ms=1 n_cycle=4 cc=1 cc_hz=1026 cc_i_tgt=0.1000 cc_u=0.5385 cc_r=4.9057 cc_tau_ms=7.00
[  74.374] [STATUS] t_ms=99959 hwm=6 cap=256 dropped=0 dropped_total=635 crc_err=0 crc_err_total=0 rate1=513 rate2=512 prod1=513 prod2=512 dac_err=0 tx_drop=92886 hb_ms=0 sma_state=6 m7_us=103081249 m4_us=100886959 vdd=5.067 offset=0.5000 aref=3.145 loop_us_avg=93 loop_us_max=5337 loop_hz=10752 cycle_log_ms=1 n_cycle=4 cc=1 cc_hz=1026 cc_i_tgt=0.1000 cc_u=0.5138 cc_r=4.9544 cc_tau_ms=7.00
[  75.383] [STATUS] t_ms=100959 hwm=5 cap=256 dropped=0 dropped_total=635 crc_err=0 crc_err_total=0 rate1=511 rate2=512 prod1=511 prod2=512 dac_err=0 tx_drop=92886 hb_ms=0 sma_state=6 m7_us=104112441 m4_us=101917817 vdd=5.067 offset=0.5000 aref=3.145 loop_us_avg=93 loop_us_max=5408 loop_hz=10752 cycle_log_ms=1 n_cycle=4 cc=1 cc_hz=1026 cc_i_tgt=0.1000 cc_u=0.5000 cc_r=4.8330 cc_tau_ms=7.00
[  76.458] [STATUS] t_ms=101959 hwm=6 cap=256 dropped=0 dropped_total=635 crc_err=0 crc_err_total=0 rate1=513 rate2=512 prod1=513 prod2=512 dac_err=0 tx_drop=92886 hb_ms=0 sma_state=6 m7_us=105144928 m4_us=102950652 vdd=5.067 offset=0.5000 aref=3.145 loop_us_avg=92 loop_us_max=5334 loop_hz=10869 cycle_log_ms=1 n_cycle=4 cc=1 cc_hz=1026 cc_i_tgt=0.1000 cc_u=0.6206 cc_r=6.1148 cc_tau_ms=7.00
[  77.282] [ADC1] STATUS alarm(s):
[  77.472] [STATUS] t_ms=102959 hwm=5 cap=256 dropped=0 dropped_total=635 crc_err=0 crc_err_total=0 rate1=511 rate2=512 prod1=511 prod2=512 dac_err=0 tx_drop=92886 hb_ms=0 sma_state=6 m7_us=106176109 m4_us=103981485 vdd=5.067 offset=0.5000 aref=3.145 loop_us_avg=91 loop_us_max=5392 loop_hz=10989 cycle_log_ms=1 n_cycle=4 cc=1 cc_hz=1026 cc_i_tgt=0.1000 cc_u=0.5000 cc_r=5.4712 cc_tau_ms=7.00
[  78.298] [A
[  78.298] DC1] STATUS alarm(
[  78.486] [STATUS] t_ms=103959 hwm=6 cap=256 dropped=0 dropped_total=635 crc_err=0 crc_err_total=0 rate1=513 rate2=512 prod1=513 prod2=512 dac_err=0 tx_drop=92886 hb_ms=0 sma_state=6 m7_us=107208569 m4_us=105014287 vdd=5.067 offset=0.5000 aref=3.145 loop_us_avg=92 loop_us_max=5339 loop_hz=10869 cycle_log_ms=1 n_cycle=4 cc=1 cc_hz=1026 cc_i_tgt=0.1000 cc_u=0.5020 cc_r=4.9546 cc_tau_ms=7.00
[  79.562] [STATUS] t_ms=104959 hwm=5 cap=256 dropped=0 dropped_total=635 crc_err=0 crc_err_total=0 rate1=511 rate2=512 prod1=511 prod2=512 dac_err=0 tx_drop=92886 hb_ms=0 sma_state=6 m7_us=108239754 m4_us=106045113 vdd=5.067 offset=0.5000 aref=3.145 loop_us_avg=91 loop_us_max=5397 loop_hz=10989 cycle_log_ms=1 n_cycle=4 cc=1 cc_hz=1026 cc_i_tgt=0.1000 cc_u=0.5000 cc_r=4.8631 cc_tau_ms=7.00
[  80.572] [STATUS] t_ms=105959 hwm=6 cap=256 dropped=0 dropped_total=635 crc_err=0 crc_err_total=0 rate1=513 rate2=512 prod1=513 prod2=512 dac_err=0 tx_drop=92886 hb_ms=0 sma_state=6 m7_us=109272277 m4_us=107077986 vdd=5.067 offset=0.5000 aref=3.145 loop_us_avg=92 loop_us_max=5368 loop_hz=10869 cycle_log_ms=1 n_cycle=4 cc=1 cc_hz=1026 cc_i_tgt=0.1000 cc_u=0.5000 cc_r=4.8632 cc_tau_ms=7.00
[  81.270] [A
[  81.270] DC1] STATUS alarm
[  81.588] [STATUS] t_ms=106959 hwm=5 cap=256 dropped=0 dropped_total=635 crc_err=0 crc_err_total=0 rate1=511 rate2=512 prod1=511 prod2=512 dac_err=0 tx_drop=92886 hb_ms=0 sma_state=6 m7_us=110303444 m4_us=108108813 vdd=5.067 offset=0.5000 aref=3.145 loop_us_avg=93 loop_us_max=5403 loop_hz=10752 cycle_log_ms=1 n_cycle=4 cc=1 cc_hz=1026 cc_i_tgt=0.1000 cc_u=0.5000 cc_r=4.8221 cc_tau_ms=7.00
[  82.661] [STATUS] t_ms=107959 hwm=6 cap=256 dropped=0 dropped_total=635 crc_err=0 crc_err_total=0 rate1=513 rate2=512 prod1=513 prod2=512 dac_err=0 tx_drop=92886 hb_ms=0 sma_state=6 m7_us=111335940 m4_us=109141650 vdd=5.067 offset=0.5000 aref=3.145 loop_us_avg=93 loop_us_max=5328 loop_hz=10752 cycle_log_ms=1 n_cycle=4 cc=1 cc_hz=1026 cc_i_tgt=0.1000 cc_u=0.5004 cc_r=4.9010 cc_tau_ms=7.00
[  83.639] [STATUS] t_ms=108959 hwm=5 cap=256 dropped=0 dropped_total=635 crc_err=0 crc_err_total=0 rate1=511 rate2=512 prod1=511 prod2=512 dac_err=0 tx_drop=92886 hb_ms=0 sma_state=6 m7_us=112367147 m4_us=110172521 vdd=5.067 offset=0.5000 aref=3.145 loop_us_avg=93 loop_us_max=5399 loop_hz=10752 cycle_log_ms=1 n_cycle=4 cc=1 cc_hz=1026 cc_i_tgt=0.1000 cc_u=0.5012 cc_r=4.9219 cc_tau_ms=7.00
[  84.336] [A
[  84.336] DC1] STATUS alar
[  84.717] [STATUS] t_ms=109959 hwm=6 cap=256 dropped=0 dropped_total=635 crc_err=0 crc_err_total=0 rate1=513 rate2=512 prod1=513 prod2=512 dac_err=0 tx_drop=92886 hb_ms=0 sma_state=6 m7_us=113399674 m4_us=111205381 vdd=5.067 offset=0.5000 aref=3.145 loop_us_avg=93 loop_us_max=5336 loop_hz=10752 cycle_log_ms=1 n_cycle=4 cc=1 cc_hz=1026 cc_i_tgt=0.1000 cc_u=0.5000 cc_r=4.8735 cc_tau_ms=7.00
[  85.728] [STATUS] t_ms=110959 hwm=5 cap=256 dropped=0 dropped_total=635 crc_err=0 crc_err_total=0 rate1=511 rate2=512 prod1=511 prod2=512 dac_err=0 tx_drop=92886 hb_ms=0 sma_state=6 m7_us=114430837 m4_us=112236198 vdd=5.067 offset=0.5000 aref=3.145 loop_us_avg=93 loop_us_max=5412 loop_hz=10752 cycle_log_ms=1 n_cycle=4 cc=1 cc_hz=1026 cc_i_tgt=0.1000 cc_u=0.5000 cc_r=4.8688 cc_tau_ms=7.00
[  86.738] [STATUS] t_ms=111959 hwm=6 cap=256 dropped=0 dropped_total=635 crc_err=0 crc_err_total=0 rate1=513 rate2=512 prod1=513 prod2=512 dac_err=0 tx_drop=92886 hb_ms=0 sma_state=6 m7_us=115463332 m4_us=113269039 vdd=5.067 offset=0.5000 aref=3.145 loop_us_avg=93 loop_us_max=5334 loop_hz=10752 cycle_log_ms=1 n_cycle=4 cc=1 cc_hz=1026 cc_i_tgt=0.1000 cc_u=0.5838 cc_r=6.0684 cc_tau_ms=7.00
[  87.371] [ADC1] STA
[  87.371] TUS alarm(s): 0xC9
[  87.813] [STATUS] t_ms=112959 hwm=5 cap=256 dropped=0 dropped_total=635 crc_err=0 crc_err_total=0 rate1=511 rate2=512 prod1=511 prod2=512 dac_err=0 tx_drop=92886 hb_ms=0 sma_state=6 m7_us=116494459 m4_us=114299840 vdd=5.067 offset=0.5000 aref=3.145 loop_us_avg=93 loop_us_max=5396 loop_hz=10752 cycle_log_ms=1 n_cycle=4 cc=1 cc_hz=1026 cc_i_tgt=0.1000 cc_u=0.5039 cc_r=4.8848 cc_tau_ms=7.00
[  88.826] [STATUS] t_ms=113959 hwm=6 cap=256 dropped=0 dropped_total=635 crc_err=0 crc_err_total=0 rate1=513 rate2=512 prod1=513 prod2=512 dac_err=0 tx_drop=92886 hb_ms=0 sma_state=6 m7_us=117526910 m4_us=115332629 vdd=5.067 offset=0.5000 aref=3.145 loop_us_avg=93 loop_us_max=5334 loop_hz=10752 cycle_log_ms=1 n_cycle=4 cc=1 cc_hz=1026 cc_i_tgt=0.1000 cc_u=0.5000 cc_r=4.9135 cc_tau_ms=7.00
[  89.838] [STATUS] t_ms=114959 hwm=5 cap=256 dropped=0 dropped_total=635 crc_err=0 crc_err_total=0 rate1=511 rate2=512 prod1=511 prod2=512 dac_err=0 tx_drop=92886 hb_ms=0 sma_state=6 m7_us=118558051 m4_us=116363440 vdd=5.067 offset=0.5000 aref=3.145 loop_us_avg=92 loop_us_max=5410 loop_hz=10869 cycle_log_ms=1 n_cycle=4 cc=1 cc_hz=1026 cc_i_tgt=0.1000 cc_u=0.5000 cc_r=4.8706 cc_tau_ms=7.00
[  90.343] [ADC1
[  90.343] ] STATUS alarm(s):
[  90.915] [STATUS] t_ms=115959 hwm=6 cap=256 dropped=0 dropped_total=635 crc_err=0 crc_err_total=0 rate1=513 rate2=512 prod1=513 prod2=512 dac_err=0 tx_drop=92886 hb_ms=0 sma_state=6 m7_us=119590557 m4_us=117396268 vdd=5.067 offset=0.5000 aref=3.145 loop_us_avg=92 loop_us_max=5338 loop_hz=10869 cycle_log_ms=1 n_cycle=4 cc=1 cc_hz=1026 cc_i_tgt=0.1000 cc_u=0.5039 cc_r=4.8775 cc_tau_ms=7.00
[  91.930] [STATUS] t_ms=116959 hwm=5 cap=256 dropped=0 dropped_total=635 crc_err=0 crc_err_total=0 rate1=511 rate2=512 prod1=511 prod2=512 dac_err=0 tx_drop=92886 hb_ms=0 sma_state=6 m7_us=120621699 m4_us=118427088 vdd=5.067 offset=0.5000 aref=3.145 loop_us_avg=93 loop_us_max=5413 loop_hz=10752 cycle_log_ms=1 n_cycle=4 cc=1 cc_hz=1026 cc_i_tgt=0.1000 cc_u=0.5000 cc_r=4.8804 cc_tau_ms=7.00
[  92.943] [STATUS] t_ms=117959 hwm=6 cap=256 dropped=0 dropped_total=635 crc_err=0 crc_err_total=0 rate1=513 rate2=512 prod1=513 prod2=512 dac_err=0 tx_drop=92886 hb_ms=0 sma_state=6 m7_us=121654213 m4_us=119459912 vdd=5.067 offset=0.5000 aref=3.145 loop_us_avg=93 loop_us_max=5335 loop_hz=10752 cycle_log_ms=1 n_cycle=4 cc=1 cc_hz=1026 cc_i_tgt=0.1000 cc_u=0.6231 cc_r=5.9919 cc_tau_ms=7.00
[  93.388] [ADC1] STATUS alarm(s): 0x89 PGA
[  93.388] L_ALM
[  93.829] [SMA] [ACT] -> idle (done) after 3 cycle(s); still armed
[  93.956] [STATUS] t_ms=118959 hwm=5 cap=256 dropped=0 dropped_total=635 crc_err=0 crc_err_total=0 rate1=511 rate2=512 prod1=511 prod2=512 dac_err=0 tx_drop=92886 hb_ms=0 sma_state=0 m7_us=122685352 m4_us=120490739 vdd=5.067 offset=0.5000 aref=3.145 loop_us_avg=64 loop_us_max=5438 loop_hz=15625 cycle_log_ms=1 n_cycle=4 cc=0 cc_hz=872 cc_i_tgt=0.1000 cc_u=0.6389 cc_r=6.2289 cc_tau_ms=7.00
