[   0.064] [SMA] ARMED (MOSFET on); idle=0.500 V
[   0.065] [STATUS] t_ms=1297793 hwm=93 cap=256 dropped=0 dropped_total=23581 crc_err=0 crc_err_total=0 rate1=511 rate2=512 prod1=512 prod2=512 dac_err=0 tx_drop=376 hb_ms=0 sma_state=0 m7_us=1339322494 m4_us=1337127841 vdd=5.067 offset=0.5000 aref=3.145 loop_us_avg=23 loop_us_max=93787 loop_hz=43478 cycle_log_ms=1 n_cycle=4 cc=0 cc_hz=0 cc_i_tgt=0.1000 cc_u=0.7702 cc_r=5.2174 cc_tau_ms=7.00
[   0.315] 0xCD
[   0.315] [ADC1] STATU
[   0.315] S alarm(s):
[   1.064] [STATUS] t_ms=1298793 hwm=5 cap=256 dropped=0 dropped_total=23581 crc_err=0 crc_err_total=0 rate1=512 rate2=512 prod1=512 prod2=512 dac_err=0 tx_drop=376 hb_ms=0 sma_state=0 m7_us=1340354709 m4_us=1338160075 vdd=5.067 offset=0.5000 aref=3.145 loop_us_avg=22 loop_us_max=4654 loop_hz=45454 cycle_log_ms=1 n_cycle=4 cc=0 cc_hz=0 cc_i_tgt=0.1000 cc_u=0.7702 cc_r=5.2174 cc_tau_ms=7.00
[   1.312] 0x
[   1.312] _ALM
[   1.312] [ADC1] ST
[   1.312] ATUS alarm(s):
[   0.063] [SMA] [CC] start i_high=350.0mA i_low=100.0mA t_high=200 t_idle=15000 n=6 (0=cont) tau_ms=7.0 wdt_ms=5000
[   0.063] [SMA] [ACT] heat n=1/6 I=350.0mA ms=200
[   0.124] [STATUS] t_ms=1299793 hwm=7 cap=256 dropped=0 dropped_total=23581 crc_err=0 crc_err_total=0 rate1=513 rate2=512 prod1=513 prod2=512 dac_err=0 tx_drop=376 hb_ms=0 sma_state=5 m7_us=1341387619 m4_us=1339193315 vdd=5.067 offset=0.5000 aref=3.145 loop_us_avg=23 loop_us_max=6311 loop_hz=43478 cycle_log_ms=1 n_cycle=4 cc=1 cc_hz=66 cc_i_tgt=0.3500 cc_u=0.6252 cc_r=0.0000 cc_tau_ms=7.00
[   0.248] [SMA] [ACT] cool n=1/6 I=100.0mA ms=15000
[   0.310] [ADC1] STATUS alarm(s):
[   1.127] [STATUS] t_ms=1300793 hwm=5 cap=256 dropped=0 dropped_total=23581 crc_err=0 crc_err_total=0 rate1=512 rate2=512 prod1=512 prod2=512 dac_err=0 tx_drop=376 hb_ms=0 sma_state=6 m7_us=1342419765 m4_us=1340225450 vdd=5.067 offset=0.5000 aref=3.145 loop_us_avg=90 loop_us_max=5383 loop_hz=11111 cycle_log_ms=1 n_cycle=4 cc=1 cc_hz=1026 cc_i_tgt=0.1000 cc_u=0.5020 cc_r=5.0986 cc_tau_ms=7.00
[   1.378] 0x8D
[   1.378] [ADC1] STATUS alarm(s)
[   2.191] [STATUS] t_ms=1301793 hwm=5 cap=256 dropped=0 dropped_total=23581 crc_err=0 crc_err_total=0 rate1=512 rate2=512 prod1=512 prod2=512 dac_err=0 tx_drop=376 hb_ms=0 sma_state=6 m7_us=1343451854 m4_us=1341257530 vdd=5.067 offset=0.5000 aref=3.145 loop_us_avg=94 loop_us_max=5420 loop_hz=10638 cycle_log_ms=1 n_cycle=4 cc=1 cc_hz=1027 cc_i_tgt=0.1000 cc_u=0.5057 cc_r=5.0833 cc_tau_ms=7.00
[   2.379] [ADC1] STATUS alarm(s)
[   3.199] [STATUS] t_ms=1302793 hwm=5 cap=256 dropped=0 dropped_total=23581 crc_err=0 crc_err_total=0 rate1=511 rate2=512 prod1=511 prod2=512 dac_err=0 tx_drop=376 hb_ms=0 sma_state=6 m7_us=1344483262 m4_us=1342288590 vdd=5.067 offset=0.5000 aref=3.145 loop_us_avg=94 loop_us_max=5621 loop_hz=10638 cycle_log_ms=1 n_cycle=4 cc=1 cc_hz=1026 cc_i_tgt=0.1000 cc_u=0.5000 cc_r=5.0050 cc_tau_ms=7.00
[   3.388] [ADC1] STATUS alarm(s)
[   4.204] [STATUS] t_ms=1303793 hwm=6 cap=256 dropped=0 dropped_total=23581 crc_err=0 crc_err_total=0 rate1=513 rate2=512 prod1=513 prod2=512 dac_err=0 tx_drop=376 hb_ms=0 sma_state=6 m7_us=1345515992 m4_us=1343321674 vdd=5.067 offset=0.5000 aref=3.145 loop_us_avg=94 loop_us_max=5330 loop_hz=10638 cycle_log_ms=1 n_cycle=4 cc=1 cc_hz=1024 cc_i_tgt=0.1000 cc_u=0.5059 cc_r=5.0326 cc_tau_ms=7.00
[   4.392] [ADC1] STATUS alarm(s)
[   5.271] [STATUS] t_ms=1304793 hwm=5 cap=256 dropped=0 dropped_total=23581 crc_err=0 crc_err_total=0 rate1=511 rate2=512 prod1=511 prod2=512 dac_err=0 tx_drop=376 hb_ms=0 sma_state=6 m7_us=1346547499 m4_us=1344352760 vdd=5.067 offset=0.5000 aref=3.145 loop_us_avg=94 loop_us_max=5502 loop_hz=10638 cycle_log_ms=1 n_cycle=4 cc=1 cc_hz=1026 cc_i_tgt=0.1000 cc_u=0.5000 cc_r=5.0356 cc_tau_ms=7.00
[   5.395] M PGAH_ALM
[   5.395] [ADC1] STATUS alarm(s)
[   6.280] [STATUS] t_ms=1305793 hwm=6 cap=256 dropped=0 dropped_total=23581 crc_err=0 crc_err_total=0 rate1=513 rate2=512 prod1=513 prod2=512 dac_err=0 tx_drop=376 hb_ms=0 sma_state=6 m7_us=1347580137 m4_us=1345385821 vdd=5.067 offset=0.5000 aref=3.145 loop_us_avg=93 loop_us_max=5399 loop_hz=10752 cycle_log_ms=1 n_cycle=4 cc=1 cc_hz=1024 cc_i_tgt=0.1000 cc_u=0.5145 cc_r=5.0872 cc_tau_ms=7.00
[   6.404] [ADC1] STATUS alarm(s)
[   7.350] [STATUS] t_ms=1306793 hwm=5 cap=256 dropped=0 dropped_total=23581 crc_err=0 crc_err_total=0 rate1=512 rate2=512 prod1=512 prod2=512 dac_err=0 tx_drop=376 hb_ms=0 sma_state=6 m7_us=1348612206 m4_us=1346417891 vdd=5.067 offset=0.5000 aref=3.145 loop_us_avg=92 loop_us_max=5397 loop_hz=10869 cycle_log_ms=1 n_cycle=4 cc=1 cc_hz=1027 cc_i_tgt=0.1000 cc_u=0.5086 cc_r=5.0946 cc_tau_ms=7.00
[   7.411] LM PGAH_ALM
[   7.411] [ADC1] STATUS alarm(s):
[   8.353] [STATUS] t_ms=1307793 hwm=5 cap=256 dropped=0 dropped_total=23581 crc_err=0 crc_err_total=0 rate1=512 rate2=512 prod1=512 prod2=512 dac_err=0 tx_drop=376 hb_ms=0 sma_state=6 m7_us=1349644280 m4_us=1347449962 vdd=5.067 offset=0.5000 aref=3.145 loop_us_avg=94 loop_us_max=5417 loop_hz=10638 cycle_log_ms=1 n_cycle=4 cc=1 cc_hz=1027 cc_i_tgt=0.1000 cc_u=0.5000 cc_r=4.9534 cc_tau_ms=7.00
[   8.415] [ADC1] STATUS alarm(s)
[   9.424] [STATUS] t_ms=1308793 hwm=6 cap=256 dropped=0 dropped_total=23581 crc_err=0 crc_err_total=0 rate1=512 rate2=512 prod1=512 prod2=512 dac_err=0 tx_drop=376 hb_ms=0 sma_state=6 m7_us=1350676341 m4_us=1348482016 vdd=5.067 offset=0.5000 aref=3.145 loop_us_avg=93 loop_us_max=5707 loop_hz=10752 cycle_log_ms=1 n_cycle=4 cc=1 cc_hz=1025 cc_i_tgt=0.1000 cc_u=0.5352 cc_r=5.1548 cc_tau_ms=7.00
[   9.424] [ADC1] STATUS alarm(s):
[  10.436] [ADC1] STATUS alarm(s):
[  10.436] [STATUS] t_ms=1309793 hwm=5 cap=256 dropped=0 dropped_total=23581 crc_err=0 crc_err_total=0 rate1=511 rate2=512 prod1=511 prod2=512 dac_err=0 tx_drop=376 hb_ms=0 sma_state=6 m7_us=1351707805 m4_us=1349513048 vdd=5.067 offset=0.5000 aref=3.145 loop_us_avg=92 loop_us_max=5486 loop_hz=10869 cycle_log_ms=1 n_cycle=4 cc=1 cc_hz=1026 cc_i_tgt=0.1000 cc_u=0.5316 cc_r=5.0960 cc_tau_ms=7.00
[  11.443] [ADC1] STATUS alarm(s):
[  11.443] [STATUS] t_ms=1310793 hwm=6 cap=256 dropped=0 dropped_total=23581 crc_err=0 crc_err_total=0 rate1=513 rate2=512 prod1=513 prod2=512 dac_err=0 tx_drop=376 hb_ms=0 sma_state=6 m7_us=1352740459 m4_us=1350546144 vdd=5.067 offset=0.5000 aref=3.145 loop_us_avg=93 loop_us_max=5624 loop_hz=10752 cycle_log_ms=1 n_cycle=4 cc=1 cc_hz=1026 cc_i_tgt=0.1000 cc_u=0.5087 cc_r=5.0410 cc_tau_ms=7.00
[  12.452] 0x8
[  12.452] [ADC1] STATUS alarm(s):
[  12.516] [STATUS] t_ms=1311793 hwm=5 cap=256 dropped=0 dropped_total=23581 crc_err=0 crc_err_total=0 rate1=512 rate2=512 prod1=512 prod2=512 dac_err=0 tx_drop=376 hb_ms=0 sma_state=6 m7_us=1353772697 m4_us=1351578221 vdd=5.067 offset=0.5000 aref=3.145 loop_us_avg=94 loop_us_max=5420 loop_hz=10638 cycle_log_ms=1 n_cycle=4 cc=1 cc_hz=1027 cc_i_tgt=0.1000 cc_u=0.5191 cc_r=5.0827 cc_tau_ms=7.00
[  13.461] [ADC
[  13.461] 1] STATUS alarm(s):
[  13.525] [STATUS] t_ms=1312793 hwm=5 cap=256 dropped=0 dropped_total=23581 crc_err=0 crc_err_total=0 rate1=511 rate2=512 prod1=511 prod2=512 dac_err=0 tx_drop=376 hb_ms=0 sma_state=6 m7_us=1354804011 m4_us=1352609265 vdd=5.067 offset=0.5000 aref=3.145 loop_us_avg=93 loop_us_max=5524 loop_hz=10752 cycle_log_ms=1 n_cycle=4 cc=1 cc_hz=1026 cc_i_tgt=0.1000 cc_u=0.5000 cc_r=5.0334 cc_tau_ms=7.00
[  14.474] 0x8D P
[  14.474] GAL_ALM PGAH_ALM
[  14.474] [ADC1] STATUS alarm(s):
[  14.536] [STATUS] t_ms=1313793 hwm=6 cap=256 dropped=0 dropped_total=23581 crc_err=0 crc_err_total=0 rate1=513 rate2=512 prod1=513 prod2=512 dac_err=0 tx_drop=376 hb_ms=0 sma_state=6 m7_us=1355836645 m4_us=1353642330 vdd=5.067 offset=0.5000 aref=3.145 loop_us_avg=93 loop_us_max=5407 loop_hz=10752 cycle_log_ms=1 n_cycle=4 cc=1 cc_hz=1024 cc_i_tgt=0.1000 cc_u=0.5010 cc_r=5.0030 cc_tau_ms=7.00
[  15.475] [ADC1] STATUS alarm(s):
[  15.602] [STATUS] t_ms=1314793 hwm=5 cap=256 dropped=0 dropped_total=23581 crc_err=0 crc_err_total=0 rate1=512 rate2=512 prod1=512 prod2=512 dac_err=0 tx_drop=376 hb_ms=0 sma_state=6 m7_us=1356868682 m4_us=1354674371 vdd=5.067 offset=0.5000 aref=3.145 loop_us_avg=94 loop_us_max=5411 loop_hz=10638 cycle_log_ms=1 n_cycle=4 cc=1 cc_hz=1027 cc_i_tgt=0.1000 cc_u=0.5163 cc_r=5.0311 cc_tau_ms=7.00
[  15.727] [SMA] [ACT] heat n=2/6 I=350.0mA ms=200
[  15.917] [SMA] [ACT] cool n=2/6 I=100.0mA ms=15000
[  16.452] 0
[  16.452] ALM
[  16.452] [ADC1] STATUS alarm(s):
[  16.643] [STATUS] t_ms=1315793 hwm=101 cap=256 dropped=0 dropped_total=23581 crc_err=0 crc_err_total=0 rate1=510 rate2=512 prod1=511 prod2=512 dac_err=0 tx_drop=376 hb_ms=0 sma_state=6 m7_us=1357900088 m4_us=1355705416 vdd=5.067 offset=0.5000 aref=3.145 loop_us_avg=103 loop_us_max=101288 loop_hz=9708 cycle_log_ms=1 n_cycle=4 cc=1 cc_hz=921 cc_i_tgt=0.1000 cc_u=0.7546 cc_r=5.3704 cc_tau_ms=7.00
[  17.459] M
[  17.459] [ADC1] STATUS al
[  17.459] arm(s):
[  17.647] [STATUS] t_ms=1316793 hwm=6 cap=256 dropped=0 dropped_total=23581 crc_err=0 crc_err_total=0 rate1=512 rate2=512 prod1=512 prod2=512 dac_err=0 tx_drop=376 hb_ms=0 sma_state=6 m7_us=1358932112 m4_us=1356737473 vdd=5.067 offset=0.5000 aref=3.145 loop_us_avg=92 loop_us_max=5348 loop_hz=10869 cycle_log_ms=1 n_cycle=4 cc=1 cc_hz=1027 cc_i_tgt=0.1000 cc_u=0.7546 cc_r=5.3704 cc_tau_ms=7.00
[  18.465] 0x8D
[  18.465] [ADC1] STATUS alarm(s):
[  18.656] [STATUS] t_ms=1317793 hwm=6 cap=256 dropped=0 dropped_total=23581 crc_err=0 crc_err_total=0 rate1=513 rate2=512 prod1=513 prod2=512 dac_err=0 tx_drop=376 hb_ms=0 sma_state=6 m7_us=1359964698 m4_us=1357770551 vdd=5.067 offset=0.5000 aref=3.145 loop_us_avg=93 loop_us_max=5586 loop_hz=10752 cycle_log_ms=1 n_cycle=4 cc=1 cc_hz=1023 cc_i_tgt=0.1000 cc_u=0.7546 cc_r=5.3704 cc_tau_ms=7.00
[  19.475] ALM PGAH_ALM
[  19.475] [ADC
[  19.475] 1] STATUS alarm(s):
[  19.727] [STATUS] t_ms=1318793 hwm=5 cap=256 dropped=0 dropped_total=23581 crc_err=0 crc_err_total=0 rate1=512 rate2=512 prod1=512 prod2=512 dac_err=0 tx_drop=376 hb_ms=0 sma_state=6 m7_us=1360996777 m4_us=1358802624 vdd=5.067 offset=0.5000 aref=3.145 loop_us_avg=92 loop_us_max=5401 loop_hz=10869 cycle_log_ms=1 n_cycle=4 cc=1 cc_hz=1025 cc_i_tgt=0.1000 cc_u=0.7546 cc_r=5.3704 cc_tau_ms=7.00
[  20.483] [ADC1] STATUS alarm(s):
[  20.734] [STATUS] t_ms=1319793 hwm=5 cap=256 dropped=0 dropped_total=23581 crc_err=0 crc_err_total=0 rate1=512 rate2=512 prod1=512 prod2=512 dac_err=0 tx_drop=376 hb_ms=0 sma_state=6 m7_us=1362028928 m4_us=1359834685 vdd=5.067 offset=0.5000 aref=3.145 loop_us_avg=94 loop_us_max=5538 loop_hz=10638 cycle_log_ms=1 n_cycle=4 cc=1 cc_hz=1027 cc_i_tgt=0.1000 cc_u=0.7546 cc_r=5.3704 cc_tau_ms=7.00
[  21.488] [ADC1] STATUS alarm(s):
[  21.804] [STATUS] t_ms=1320793 hwm=5 cap=256 dropped=0 dropped_total=23581 crc_err=0 crc_err_total=0 rate1=512 rate2=512 prod1=512 prod2=512 dac_err=0 tx_drop=376 hb_ms=0 sma_state=6 m7_us=1363060967 m4_us=1360866739 vdd=5.067 offset=0.5000 aref=3.145 loop_us_avg=93 loop_us_max=5422 loop_hz=10752 cycle_log_ms=1 n_cycle=4 cc=1 cc_hz=1027 cc_i_tgt=0.1000 cc_u=0.7546 cc_r=5.3704 cc_tau_ms=7.00
[  22.499] [ADC1] STATUS alarm(s):
[  22.812] [STATUS] t_ms=1321793 hwm=5 cap=256 dropped=0 dropped_total=23581 crc_err=0 crc_err_total=0 rate1=512 rate2=512 prod1=512 prod2=512 dac_err=0 tx_drop=376 hb_ms=0 sma_state=6 m7_us=1364093129 m4_us=1361898819 vdd=5.067 offset=0.5000 aref=3.145 loop_us_avg=92 loop_us_max=5569 loop_hz=10869 cycle_log_ms=1 n_cycle=4 cc=1 cc_hz=1027 cc_i_tgt=0.1000 cc_u=0.7546 cc_r=5.3704 cc_tau_ms=7.00
[  23.505] 0
[  23.505] [ADC1] STATUS alarm(s):
[  23.817] [STATUS] t_ms=1322793 hwm=5 cap=256 dropped=0 dropped_total=23581 crc_err=0 crc_err_total=0 rate1=512 rate2=512 prod1=512 prod2=512 dac_err=0 tx_drop=376 hb_ms=0 sma_state=6 m7_us=1365125105 m4_us=1362930928 vdd=5.067 offset=0.5000 aref=3.145 loop_us_avg=92 loop_us_max=5392 loop_hz=10869 cycle_log_ms=1 n_cycle=4 cc=1 cc_hz=1027 cc_i_tgt=0.1000 cc_u=0.7546 cc_r=5.3704 cc_tau_ms=7.00
[  24.509] [ADC1] STATUS alarm
[  24.509] (s):
[  24.886] [STATUS] t_ms=1323793 hwm=5 cap=256 dropped=0 dropped_total=23581 crc_err=0 crc_err_total=0 rate1=512 rate2=512 prod1=512 prod2=512 dac_err=0 tx_drop=376 hb_ms=0 sma_state=6 m7_us=1366157392 m4_us=1363963050 vdd=5.067 offset=0.5000 aref=3.145 loop_us_avg=92 loop_us_max=5672 loop_hz=10869 cycle_log_ms=1 n_cycle=4 cc=1 cc_hz=1027 cc_i_tgt=0.1000 cc_u=0.7546 cc_r=5.3704 cc_tau_ms=7.00
[  25.519] [ADC1] STATUS alarm(s):
[  25.894] [STATUS] t_ms=1324793 hwm=5 cap=256 dropped=0 dropped_total=23581 crc_err=0 crc_err_total=0 rate1=512 rate2=512 prod1=512 prod2=512 dac_err=0 tx_drop=376 hb_ms=0 sma_state=6 m7_us=1367189396 m4_us=1364995146 vdd=5.067 offset=0.5000 aref=3.145 loop_us_avg=93 loop_us_max=5412 loop_hz=10752 cycle_log_ms=1 n_cycle=4 cc=1 cc_hz=1027 cc_i_tgt=0.1000 cc_u=0.7546 cc_r=5.3704 cc_tau_ms=7.00
[  26.519] [ADC1] STATUS alarm(s):
[  26.958] [STATUS] t_ms=1325793 hwm=5 cap=256 dropped=0 dropped_total=23581 crc_err=0 crc_err_total=0 rate1=512 rate2=512 prod1=512 prod2=512 dac_err=0 tx_drop=376 hb_ms=0 sma_state=6 m7_us=1368221596 m4_us=1366027210 vdd=5.067 offset=0.5000 aref=3.145 loop_us_avg=94 loop_us_max=5588 loop_hz=10638 cycle_log_ms=1 n_cycle=4 cc=1 cc_hz=1027 cc_i_tgt=0.1000 cc_u=0.7546 cc_r=5.3704 cc_tau_ms=7.00
[  27.525] [ADC1] STATUS alarm(s):
[  27.965] [STATUS] t_ms=1326793 hwm=5 cap=256 dropped=0 dropped_total=23581 crc_err=0 crc_err_total=0 rate1=512 rate2=512 prod1=512 prod2=512 dac_err=0 tx_drop=376 hb_ms=0 sma_state=6 m7_us=1369253628 m4_us=1367059239 vdd=5.067 offset=0.5000 aref=3.145 loop_us_avg=93 loop_us_max=5405 loop_hz=10752 cycle_log_ms=1 n_cycle=4 cc=1 cc_hz=1027 cc_i_tgt=0.1000 cc_u=0.7546 cc_r=5.3704 cc_tau_ms=7.00
[  28.533] 0x8D
[  28.533] [ADC1] STATUS alarm(s):
[  28.975] [STATUS] t_ms=1327793 hwm=5 cap=256 dropped=0 dropped_total=23581 crc_err=0 crc_err_total=0 rate1=511 rate2=512 prod1=511 prod2=512 dac_err=0 tx_drop=376 hb_ms=0 sma_state=6 m7_us=1370284881 m4_us=1368090235 vdd=5.067 offset=0.5000 aref=3.145 loop_us_avg=92 loop_us_max=5566 loop_hz=10869 cycle_log_ms=1 n_cycle=4 cc=1 cc_hz=1026 cc_i_tgt=0.1000 cc_u=0.7546 cc_r=5.3704 cc_tau_ms=7.00
[  29.544] [ADC1] STATUS alarm(s):
[  30.045] [STATUS] t_ms=1328793 hwm=6 cap=256 dropped=0 dropped_total=23581 crc_err=0 crc_err_total=0 rate1=512 rate2=512 prod1=512 prod2=512 dac_err=0 tx_drop=376 hb_ms=0 sma_state=6 m7_us=1371316852 m4_us=1369122216 vdd=5.067 offset=0.5000 aref=3.145 loop_us_avg=92 loop_us_max=5324 loop_hz=10869 cycle_log_ms=1 n_cycle=4 cc=1 cc_hz=1027 cc_i_tgt=0.1000 cc_u=0.7546 cc_r=5.3704 cc_tau_ms=7.00
[  30.551] 0xCD
[  30.551] [ADC1] STATUS alarm(s):
[  31.054] [STATUS] t_ms=1329793 hwm=6 cap=256 dropped=0 dropped_total=23581 crc_err=0 crc_err_total=0 rate1=513 rate2=512 prod1=513 prod2=512 dac_err=0 tx_drop=376 hb_ms=0 sma_state=6 m7_us=1372349393 m4_us=1370155219 vdd=5.067 offset=0.5000 aref=3.145 loop_us_avg=93 loop_us_max=5566 loop_hz=10752 cycle_log_ms=1 n_cycle=4 cc=1 cc_hz=1024 cc_i_tgt=0.1000 cc_u=0.7546 cc_r=5.3704 cc_tau_ms=7.00
[  31.429] [SMA] [ACT] heat n=3/6 I=350.0mA ms=200
[  31.555] [ADC1] STATUS alarm(s):
[  31.619] [SMA] [ACT] cool n=3/6 I=100.0mA ms=15000
[  32.124] [STATUS] t_ms=1330793 hwm=5 cap=256 dropped=0 dropped_total=23581 crc_err=0 crc_err_total=0 rate1=512 rate2=512 prod1=512 prod2=512 dac_err=0 tx_drop=376 hb_ms=0 sma_state=6 m7_us=1373381528 m4_us=1371187219 vdd=5.067 offset=0.5000 aref=3.145 loop_us_avg=92 loop_us_max=5408 loop_hz=10869 cycle_log_ms=1 n_cycle=4 cc=1 cc_hz=1025 cc_i_tgt=0.1000 cc_u=0.7546 cc_r=5.3911 cc_tau_ms=7.00
[  32.562] [ADC1] STATUS alarm(s):
[  33.128] [STATUS] t_ms=1331793 hwm=5 cap=256 dropped=0 dropped_total=23581 crc_err=0 crc_err_total=0 rate1=511 rate2=512 prod1=511 prod2=512 dac_err=0 tx_drop=376 hb_ms=0 sma_state=6 m7_us=1374412833 m4_us=1372218174 vdd=5.067 offset=0.5000 aref=3.145 loop_us_avg=92 loop_us_max=5530 loop_hz=10869 cycle_log_ms=1 n_cycle=4 cc=1 cc_hz=1026 cc_i_tgt=0.1000 cc_u=0.7546 cc_r=5.3911 cc_tau_ms=7.00
[  33.570] [ADC1] STATUS alarm
[  33.570] (s):
[  34.137] [STATUS] t_ms=1332793 hwm=6 cap=256 dropped=0 dropped_total=23581 crc_err=0 crc_err_total=0 rate1=512 rate2=512 prod1=512 prod2=512 dac_err=0 tx_drop=376 hb_ms=0 sma_state=6 m7_us=1375444815 m4_us=1373250139 vdd=5.067 offset=0.5000 aref=3.145 loop_us_avg=93 loop_us_max=5331 loop_hz=10752 cycle_log_ms=1 n_cycle=4 cc=1 cc_hz=1027 cc_i_tgt=0.1000 cc_u=0.7546 cc_r=5.3911 cc_tau_ms=7.00
[  34.579] _ALM PGAH_ALM
[  34.579] [ADC1] STATUS alarm(s):
[  35.204] [STATUS] t_ms=1333793 hwm=6 cap=256 dropped=0 dropped_total=23581 crc_err=0 crc_err_total=0 rate1=513 rate2=512 prod1=513 prod2=512 dac_err=0 tx_drop=376 hb_ms=0 sma_state=6 m7_us=1376477412 m4_us=1374283085 vdd=5.067 offset=0.5000 aref=3.145 loop_us_avg=93 loop_us_max=5490 loop_hz=10752 cycle_log_ms=1 n_cycle=4 cc=1 cc_hz=1026 cc_i_tgt=0.1000 cc_u=0.7546 cc_r=5.3911 cc_tau_ms=7.00
[  35.645] [ADC1] STATUS alarm(s):
[  36.211] [STATUS] t_ms=1334793 hwm=5 cap=256 dropped=0 dropped_total=23581 crc_err=0 crc_err_total=0 rate1=512 rate2=512 prod1=512 prod2=512 dac_err=0 tx_drop=376 hb_ms=0 sma_state=6 m7_us=1377509426 m4_us=1375315075 vdd=5.067 offset=0.5000 aref=3.145 loop_us_avg=92 loop_us_max=5511 loop_hz=10869 cycle_log_ms=1 n_cycle=4 cc=1 cc_hz=1027 cc_i_tgt=0.1000 cc_u=0.7546 cc_r=5.3911 cc_tau_ms=7.00
[  36.652] [ADC1] STATUS alarm(s):
[  37.281] [STATUS] t_ms=1335793 hwm=6 cap=256 dropped=0 dropped_total=23581 crc_err=0 crc_err_total=0 rate1=511 rate2=512 prod1=511 prod2=512 dac_err=0 tx_drop=376 hb_ms=0 sma_state=6 m7_us=1378540712 m4_us=1376346062 vdd=5.067 offset=0.5000 aref=3.145 loop_us_avg=93 loop_us_max=5628 loop_hz=10752 cycle_log_ms=1 n_cycle=4 cc=1 cc_hz=1026 cc_i_tgt=0.1000 cc_u=0.7546 cc_r=5.3911 cc_tau_ms=7.00
[  37.661] 0xCD P
[  37.661] GAL_ALM PGAH_ALM
[  37.661] [ADC1] STATUS alarm(s):
[  38.288] [STATUS] t_ms=1336793 hwm=6 cap=256 dropped=0 dropped_total=23581 crc_err=0 crc_err_total=0 rate1=512 rate2=512 prod1=512 prod2=512 dac_err=0 tx_drop=376 hb_ms=0 sma_state=6 m7_us=1379572720 m4_us=1377378075 vdd=5.067 offset=0.5000 aref=3.145 loop_us_avg=93 loop_us_max=5328 loop_hz=10752 cycle_log_ms=1 n_cycle=4 cc=1 cc_hz=1027 cc_i_tgt=0.1000 cc_u=0.7546 cc_r=5.3911 cc_tau_ms=7.00
[  38.667] [ADC1] STATUS alarm(s):
[  39.298] [STATUS] t_ms=1337793 hwm=6 cap=256 dropped=0 dropped_total=23581 crc_err=0 crc_err_total=0 rate1=513 rate2=512 prod1=513 prod2=512 dac_err=0 tx_drop=376 hb_ms=0 sma_state=6 m7_us=1380605234 m4_us=1378411095 vdd=5.067 offset=0.5000 aref=3.145 loop_us_avg=92 loop_us_max=5500 loop_hz=10869 cycle_log_ms=1 n_cycle=4 cc=1 cc_hz=1024 cc_i_tgt=0.1000 cc_u=0.7546 cc_r=5.3911 cc_tau_ms=7.00
[  39.677] 0x4
[  39.677] [ADC1] STATUS alarm(s):
[  40.364] [STATUS] t_ms=1338793 hwm=5 cap=256 dropped=0 dropped_total=23581 crc_err=0 crc_err_total=0 rate1=512 rate2=512 prod1=512 prod2=512 dac_err=0 tx_drop=376 hb_ms=0 sma_state=6 m7_us=1381637307 m4_us=1379443120 vdd=5.067 offset=0.5000 aref=3.145 loop_us_avg=94 loop_us_max=5409 loop_hz=10638 cycle_log_ms=1 n_cycle=4 cc=1 cc_hz=1025 cc_i_tgt=0.1000 cc_u=0.7546 cc_r=5.3911 cc_tau_ms=7.00
[  40.679] [ADC1] STATUS al
[  40.679] arm(s):
[  41.373] [STATUS] t_ms=1339793 hwm=5 cap=256 dropped=0 dropped_total=23581 crc_err=0 crc_err_total=0 rate1=512 rate2=512 prod1=512 prod2=512 dac_err=0 tx_drop=376 hb_ms=0 sma_state=6 m7_us=1382669454 m4_us=1380475155 vdd=5.067 offset=0.5000 aref=3.145 loop_us_avg=92 loop_us_max=5596 loop_hz=10869 cycle_log_ms=1 n_cycle=4 cc=1 cc_hz=1027 cc_i_tgt=0.1000 cc_u=0.7546 cc_r=5.3911 cc_tau_ms=7.00
[  41.691] [ADC1] STATUS alarm(s):
[  42.446] [STATUS] t_ms=1340793 hwm=5 cap=256 dropped=0 dropped_total=23581 crc_err=0 crc_err_total=0 rate1=512 rate2=512 prod1=512 prod2=512 dac_err=0 tx_drop=376 hb_ms=0 sma_state=6 m7_us=1383701460 m4_us=1381507130 vdd=5.067 offset=0.5000 aref=3.145 loop_us_avg=92 loop_us_max=5407 loop_hz=10869 cycle_log_ms=1 n_cycle=4 cc=1 cc_hz=1027 cc_i_tgt=0.1000 cc_u=0.7546 cc_r=5.3911 cc_tau_ms=7.00
[  42.696] [ADC1] STATUS alarm(s):
[  43.449] [STATUS] t_ms=1341793 hwm=5 cap=256 dropped=0 dropped_total=23581 crc_err=0 crc_err_total=0 rate1=511 rate2=512 prod1=511 prod2=512 dac_err=0 tx_drop=376 hb_ms=0 sma_state=6 m7_us=1384732763 m4_us=1382538107 vdd=5.067 offset=0.5000 aref=3.145 loop_us_avg=93 loop_us_max=5568 loop_hz=10752 cycle_log_ms=1 n_cycle=4 cc=1 cc_hz=1026 cc_i_tgt=0.1000 cc_u=0.7546 cc_r=5.3911 cc_tau_ms=7.00
[  43.702] 0x4D
[  43.702] [ADC1] STATUS alarm(s):
[  44.511] [STATUS] t_ms=1342793 hwm=6 cap=256 dropped=0 dropped_total=23581 crc_err=0 crc_err_total=0 rate1=512 rate2=512 prod1=512 prod2=512 dac_err=0 tx_drop=376 hb_ms=0 sma_state=6 m7_us=1385764811 m4_us=1383570180 vdd=5.067 offset=0.5000 aref=3.145 loop_us_avg=93 loop_us_max=5328 loop_hz=10752 cycle_log_ms=1 n_cycle=4 cc=1 cc_hz=1027 cc_i_tgt=0.1000 cc_u=0.7546 cc_r=5.3911 cc_tau_ms=7.00
[  44.952] [ADC1] STATUS alarm(s):
[  45.515] [STATUS] t_ms=1343793 hwm=137 cap=256 dropped=0 dropped_total=23581 crc_err=0 crc_err_total=0 rate1=511 rate2=511 prod1=512 prod2=512 dac_err=0 tx_drop=376 hb_ms=0 sma_state=6 m7_us=1386797083 m4_us=1384602257 vdd=5.067 offset=0.5000 aref=3.145 loop_us_avg=107 loop_us_max=138376 loop_hz=9345 cycle_log_ms=1 n_cycle=4 cc=1 cc_hz=887 cc_i_tgt=0.1000 cc_u=0.7546 cc_r=5.3911 cc_tau_ms=7.00
[  45.705] [ADC1] STATUS alarm(s):
[  46.524] [STATUS] t_ms=1344793 hwm=6 cap=256 dropped=0 dropped_total=23581 crc_err=0 crc_err_total=0 rate1=512 rate2=512 prod1=512 prod2=512 dac_err=0 tx_drop=376 hb_ms=0 sma_state=6 m7_us=1387829056 m4_us=1385634289 vdd=5.067 offset=0.5000 aref=3.145 loop_us_avg=92 loop_us_max=5358 loop_hz=10869 cycle_log_ms=1 n_cycle=4 cc=1 cc_hz=1027 cc_i_tgt=0.1000 cc_u=0.7546 cc_r=5.3911 cc_tau_ms=7.00
[  46.710] 0x4D PG
[  46.710] AL_ALM PGAH_ALM
[  46.710] [ADC1] STATUS alarm(s):
[  47.087] [SMA] [ACT] heat n=4/6 I=350.0mA ms=200
[  47.276] [SMA] [ACT] cool n=4/6 I=100.0mA ms=15000
[  47.592] [STATUS] t_ms=1345793 hwm=6 cap=256 dropped=0 dropped_total=23581 crc_err=0 crc_err_total=0 rate1=513 rate2=512 prod1=513 prod2=512 dac_err=0 tx_drop=376 hb_ms=0 sma_state=6 m7_us=1388861364 m4_us=1386667293 vdd=5.067 offset=0.5000 aref=3.145 loop_us_avg=92 loop_us_max=5567 loop_hz=10869 cycle_log_ms=1 n_cycle=4 cc=1 cc_hz=1025 cc_i_tgt=0.1000 cc_u=0.7651 cc_r=5.4163 cc_tau_ms=7.00
[  47.718] [ADC1] STATUS alarm(
[  47.718] s):
[  48.597] [STATUS] t_ms=1346793 hwm=5 cap=256 dropped=0 dropped_total=23581 crc_err=0 crc_err_total=0 rate1=512 rate2=512 prod1=512 prod2=512 dac_err=0 tx_drop=376 hb_ms=0 sma_state=6 m7_us=1389893377 m4_us=1387699287 vdd=5.067 offset=0.5000 aref=3.145 loop_us_avg=92 loop_us_max=5401 loop_hz=10869 cycle_log_ms=1 n_cycle=4 cc=1 cc_hz=1027 cc_i_tgt=0.1000 cc_u=0.7651 cc_r=5.4163 cc_tau_ms=7.00
[  48.723] [ADC1] STATUS alarm(s):
[  49.665] [STATUS] t_ms=1347793 hwm=5 cap=256 dropped=0 dropped_total=23581 crc_err=0 crc_err_total=0 rate1=512 rate2=512 prod1=512 prod2=512 dac_err=0 tx_drop=376 hb_ms=0 sma_state=6 m7_us=1390925624 m4_us=1388731264 vdd=5.067 offset=0.5000 aref=3.145 loop_us_avg=92 loop_us_max=5651 loop_hz=10869 cycle_log_ms=1 n_cycle=4 cc=1 cc_hz=1027 cc_i_tgt=0.1000 cc_u=0.7651 cc_r=5.4163 cc_tau_ms=7.00
[  49.729] 0x4D PGA
[  49.729] L_ALM PGAH_ALM
[  49.729] [ADC1] STATUS alarm(s):
[  50.671] [STATUS] t_ms=1348793 hwm=5 cap=256 dropped=0 dropped_total=23581 crc_err=0 crc_err_total=0 rate1=511 rate2=512 prod1=511 prod2=512 dac_err=0 tx_drop=376 hb_ms=0 sma_state=6 m7_us=1391956957 m4_us=1389762238 vdd=5.067 offset=0.5000 aref=3.145 loop_us_avg=92 loop_us_max=5409 loop_hz=10869 cycle_log_ms=1 n_cycle=4 cc=1 cc_hz=1025 cc_i_tgt=0.1000 cc_u=0.7651 cc_r=5.4163 cc_tau_ms=7.00
[  50.734] [ADC1] STATUS alarm(s):
[  51.677] [STATUS] t_ms=1349793 hwm=6 cap=256 dropped=0 dropped_total=23581 crc_err=0 crc_err_total=0 rate1=513 rate2=512 prod1=513 prod2=512 dac_err=0 tx_drop=376 hb_ms=0 sma_state=6 m7_us=1392989110 m4_us=1390795194 vdd=5.067 offset=0.5000 aref=3.145 loop_us_avg=93 loop_us_max=5501 loop_hz=10752 cycle_log_ms=1 n_cycle=4 cc=1 cc_hz=1027 cc_i_tgt=0.1000 cc_u=0.7651 cc_r=5.4163 cc_tau_ms=7.00
[  51.739] 0x
[  51.739] [ADC1] STATUS alarm(s):
[  52.748] [STATUS] t_ms=1350793 hwm=5 cap=256 dropped=0 dropped_total=23581 crc_err=0 crc_err_total=0 rate1=512 rate2=512 prod1=512 prod2=512 dac_err=0 tx_drop=376 hb_ms=0 sma_state=6 m7_us=1394021143 m4_us=1391827181 vdd=5.067 offset=0.5000 aref=3.145 loop_us_avg=92 loop_us_max=5426 loop_hz=10869 cycle_log_ms=1 n_cycle=4 cc=1 cc_hz=1027 cc_i_tgt=0.1000 cc_u=0.7651 cc_r=5.4163 cc_tau_ms=7.00
[  52.748] [ADC1] STATUS alarm(s):
[  53.753] [ADC1] STATUS alarm(s):
[  53.753] [STATUS] t_ms=1351793 hwm=5 cap=256 dropped=0 dropped_total=23581 crc_err=0 crc_err_total=0 rate1=512 rate2=512 prod1=512 prod2=512 dac_err=0 tx_drop=376 hb_ms=0 sma_state=6 m7_us=1395053354 m4_us=1392859143 vdd=5.067 offset=0.5000 aref=3.145 loop_us_avg=94 loop_us_max=5604 loop_hz=10638 cycle_log_ms=1 n_cycle=4 cc=1 cc_hz=1027 cc_i_tgt=0.1000 cc_u=0.7651 cc_r=5.4163 cc_tau_ms=7.00
[  54.761] [ADC1] STATUS alarm(s)
[  54.823] [STATUS] t_ms=1352793 hwm=5 cap=256 dropped=0 dropped_total=23581 crc_err=0 crc_err_total=0 rate1=512 rate2=512 prod1=512 prod2=512 dac_err=0 tx_drop=376 hb_ms=0 sma_state=6 m7_us=1396085368 m4_us=1393891098 vdd=5.067 offset=0.5000 aref=3.145 loop_us_avg=93 loop_us_max=5409 loop_hz=10752 cycle_log_ms=1 n_cycle=4 cc=1 cc_hz=1027 cc_i_tgt=0.1000 cc_u=0.7651 cc_r=5.4163 cc_tau_ms=7.00
[  55.762] [ADC1] STATUS alarm(s)
[  55.825] [STATUS] t_ms=1353793 hwm=5 cap=256 dropped=0 dropped_total=23581 crc_err=0 crc_err_total=0 rate1=511 rate2=512 prod1=511 prod2=512 dac_err=0 tx_drop=376 hb_ms=0 sma_state=6 m7_us=1397116825 m4_us=1394922068 vdd=5.067 offset=0.5000 aref=3.145 loop_us_avg=94 loop_us_max=5542 loop_hz=10638 cycle_log_ms=1 n_cycle=4 cc=1 cc_hz=1025 cc_i_tgt=0.1000 cc_u=0.7651 cc_r=5.4163 cc_tau_ms=7.00
[  56.768] [ADC1] STATUS alarm(s)
[  56.894] [STATUS] t_ms=1354793 hwm=6 cap=256 dropped=0 dropped_total=23581 crc_err=0 crc_err_total=0 rate1=512 rate2=512 prod1=512 prod2=512 dac_err=0 tx_drop=376 hb_ms=0 sma_state=6 m7_us=1398148771 m4_us=1395954043 vdd=5.067 offset=0.5000 aref=3.145 loop_us_avg=93 loop_us_max=5352 loop_hz=10752 cycle_log_ms=1 n_cycle=4 cc=1 cc_hz=1027 cc_i_tgt=0.1000 cc_u=0.7651 cc_r=5.4163 cc_tau_ms=7.00
[  57.775] : 0x
[  57.775] [ADC1] STATUS alarm(s):
[  57.901] [STATUS] t_ms=1355793 hwm=6 cap=256 dropped=0 dropped_total=23581 crc_err=0 crc_err_total=0 rate1=512 rate2=512 prod1=512 prod2=512 dac_err=0 tx_drop=376 hb_ms=0 sma_state=6 m7_us=1399180871 m4_us=1396986040 vdd=5.067 offset=0.5000 aref=3.145 loop_us_avg=92 loop_us_max=5490 loop_hz=10869 cycle_log_ms=1 n_cycle=4 cc=1 cc_hz=1027 cc_i_tgt=0.1000 cc_u=0.7651 cc_r=5.4163 cc_tau_ms=7.00
[  58.782] 0x8D PG
[  58.782] AL_ALM PGAH_ALM
[  58.782] [A
[  58.782] DC1] STATUS alarm(s):
[  58.908] [STATUS] t_ms=1356793 hwm=6 cap=256 dropped=0 dropped_total=23581 crc_err=0 crc_err_total=0 rate1=512 rate2=512 prod1=512 prod2=512 dac_err=0 tx_drop=376 hb_ms=0 sma_state=6 m7_us=1400212834 m4_us=1398018033 vdd=5.067 offset=0.5000 aref=3.145 loop_us_avg=94 loop_us_max=5370 loop_hz=10638 cycle_log_ms=1 n_cycle=4 cc=1 cc_hz=1027 cc_i_tgt=0.1000 cc_u=0.7651 cc_r=5.4163 cc_tau_ms=7.00
[  59.792] [ADC1] STATUS alarm(s):
[  59.980] [STATUS] t_ms=1357793 hwm=6 cap=256 dropped=0 dropped_total=23581 crc_err=0 crc_err_total=0 rate1=513 rate2=512 prod1=513 prod2=512 dac_err=0 tx_drop=376 hb_ms=0 sma_state=6 m7_us=1401245030 m4_us=1399051034 vdd=5.067 offset=0.5000 aref=3.145 loop_us_avg=94 loop_us_max=5525 loop_hz=10638 cycle_log_ms=1 n_cycle=4 cc=1 cc_hz=1027 cc_i_tgt=0.1000 cc_u=0.7651 cc_r=5.4163 cc_tau_ms=7.00
[  60.800] [ADC1] STATUS alarm(s):
[  60.989] [STATUS] t_ms=1358793 hwm=5 cap=256 dropped=0 dropped_total=23581 crc_err=0 crc_err_total=0 rate1=512 rate2=512 prod1=512 prod2=512 dac_err=0 tx_drop=376 hb_ms=0 sma_state=6 m7_us=1402277066 m4_us=1400082989 vdd=5.067 offset=0.5000 aref=3.145 loop_us_avg=93 loop_us_max=5404 loop_hz=10752 cycle_log_ms=1 n_cycle=4 cc=1 cc_hz=1027 cc_i_tgt=0.1000 cc_u=0.7651 cc_r=5.4163 cc_tau_ms=7.00
[  61.803] 0x
[  61.803] _ALM
[  61.803] [ADC1] STATUS alarm(s):
[  62.057] [STATUS] t_ms=1359793 hwm=5 cap=256 dropped=0 dropped_total=23581 crc_err=0 crc_err_total=0 rate1=512 rate2=512 prod1=512 prod2=512 dac_err=0 tx_drop=376 hb_ms=0 sma_state=6 m7_us=1403309256 m4_us=1401114995 vdd=5.067 offset=0.5000 aref=3.145 loop_us_avg=93 loop_us_max=5595 loop_hz=10752 cycle_log_ms=1 n_cycle=4 cc=1 cc_hz=1027 cc_i_tgt=0.1000 cc_u=0.7651 cc_r=5.4163 cc_tau_ms=7.00
[  62.752] [SMA] [ACT] heat n=5/6 I=350.0mA ms=200
[  62.816] [ADC1] STATUS alarm(s):
[  63.004] [SMA] [ACT] cool n=5/6 I=100.0mA ms=15000
[  63.068] [STATUS] t_ms=1360793 hwm=5 cap=256 dropped=0 dropped_total=23581 crc_err=0 crc_err_total=0 rate1=511 rate2=512 prod1=511 prod2=512 dac_err=0 tx_drop=376 hb_ms=0 sma_state=6 m7_us=1404340610 m4_us=1402145953 vdd=5.067 offset=0.5000 aref=3.145 loop_us_avg=93 loop_us_max=5415 loop_hz=10752 cycle_log_ms=1 n_cycle=4 cc=1 cc_hz=1024 cc_i_tgt=0.1000 cc_u=0.7517 cc_r=5.4315 cc_tau_ms=7.00
[  63.825] _ALM PGAH_ALM
[  63.825] [ADC1] STATUS alarm(s):
[  64.079] [STATUS] t_ms=1361793 hwm=6 cap=256 dropped=0 dropped_total=23581 crc_err=0 crc_err_total=0 rate1=512 rate2=512 prod1=512 prod2=512 dac_err=0 tx_drop=376 hb_ms=0 sma_state=6 m7_us=1405372738 m4_us=1403177953 vdd=5.067 offset=0.5000 aref=3.145 loop_us_avg=94 loop_us_max=5506 loop_hz=10638 cycle_log_ms=1 n_cycle=4 cc=1 cc_hz=1027 cc_i_tgt=0.1000 cc_u=0.7517 cc_r=5.4315 cc_tau_ms=7.00
[  64.832] ALM
[  64.832] [ADC1] STATU
[  64.832] S alarm(s):
[  65.143] [STATUS] t_ms=1362793 hwm=6 cap=256 dropped=0 dropped_total=23581 crc_err=0 crc_err_total=0 rate1=512 rate2=512 prod1=512 prod2=512 dac_err=0 tx_drop=376 hb_ms=0 sma_state=6 m7_us=1406404690 m4_us=1404209924 vdd=5.067 offset=0.5000 aref=3.145 loop_us_avg=93 loop_us_max=5359 loop_hz=10752 cycle_log_ms=1 n_cycle=4 cc=1 cc_hz=1027 cc_i_tgt=0.1000 cc_u=0.7517 cc_r=5.4315 cc_tau_ms=7.00
[  65.834] [ADC1] STATUS alarm(s):
[  66.148] [STATUS] t_ms=1363793 hwm=6 cap=256 dropped=0 dropped_total=23581 crc_err=0 crc_err_total=0 rate1=513 rate2=512 prod1=513 prod2=512 dac_err=0 tx_drop=376 hb_ms=0 sma_state=6 m7_us=1407436881 m4_us=1405242893 vdd=5.067 offset=0.5000 aref=3.145 loop_us_avg=92 loop_us_max=5522 loop_hz=10869 cycle_log_ms=1 n_cycle=4 cc=1 cc_hz=1027 cc_i_tgt=0.1000 cc_u=0.7517 cc_r=5.4315 cc_tau_ms=7.00
[  66.842] [ADC1] STATUS alarm(s):
[  67.156] [STATUS] t_ms=1364793 hwm=5 cap=256 dropped=0 dropped_total=23581 crc_err=0 crc_err_total=0 rate1=512 rate2=512 prod1=512 prod2=512 dac_err=0 tx_drop=376 hb_ms=0 sma_state=6 m7_us=1408468910 m4_us=1406274861 vdd=5.067 offset=0.5000 aref=3.145 loop_us_avg=94 loop_us_max=5430 loop_hz=10638 cycle_log_ms=1 n_cycle=4 cc=1 cc_hz=1027 cc_i_tgt=0.1000 cc_u=0.7517 cc_r=5.4315 cc_tau_ms=7.00
[  67.846] [ADC1] STATUS ala
[  67.846] rm(s):
[  68.222] [STATUS] t_ms=1365793 hwm=5 cap=256 dropped=0 dropped_total=23581 crc_err=0 crc_err_total=0 rate1=512 rate2=512 prod1=512 prod2=512 dac_err=0 tx_drop=376 hb_ms=0 sma_state=6 m7_us=1409501108 m4_us=1407306797 vdd=5.067 offset=0.5000 aref=3.145 loop_us_avg=92 loop_us_max=5582 loop_hz=10869 cycle_log_ms=1 n_cycle=4 cc=1 cc_hz=1027 cc_i_tgt=0.1000 cc_u=0.7517 cc_r=5.4315 cc_tau_ms=7.00
[  68.852] [ADC1] STATUS alarm(s):
[  69.230] [STATUS] t_ms=1366793 hwm=5 cap=256 dropped=0 dropped_total=23581 crc_err=0 crc_err_total=0 rate1=512 rate2=512 prod1=512 prod2=512 dac_err=0 tx_drop=376 hb_ms=0 sma_state=6 m7_us=1410533114 m4_us=1408338749 vdd=5.067 offset=0.5000 aref=3.145 loop_us_avg=92 loop_us_max=5417 loop_hz=10869 cycle_log_ms=1 n_cycle=4 cc=1 cc_hz=1027 cc_i_tgt=0.1000 cc_u=0.7517 cc_r=5.4315 cc_tau_ms=7.00
[  69.858] LM PGAH_ALM
[  69.858] [ADC
[  69.858] 1] STATUS alarm(s):
[  70.299] [STATUS] t_ms=1367793 hwm=5 cap=256 dropped=0 dropped_total=23581 crc_err=0 crc_err_total=0 rate1=511 rate2=512 prod1=511 prod2=512 dac_err=0 tx_drop=376 hb_ms=0 sma_state=6 m7_us=1411564447 m4_us=1409369691 vdd=5.067 offset=0.5000 aref=3.145 loop_us_avg=93 loop_us_max=5555 loop_hz=10752 cycle_log_ms=1 n_cycle=4 cc=1 cc_hz=1025 cc_i_tgt=0.1000 cc_u=0.7517 cc_r=5.4315 cc_tau_ms=7.00
[  70.870] [ADC1] STATUS alarm(s
[  70.870] )
[  71.311] [STATUS] t_ms=1368793 hwm=6 cap=256 dropped=0 dropped_total=23581 crc_err=0 crc_err_total=0 rate1=512 rate2=512 prod1=512 prod2=512 dac_err=0 tx_drop=376 hb_ms=0 sma_state=6 m7_us=1412596408 m4_us=1410401675 vdd=5.067 offset=0.5000 aref=3.145 loop_us_avg=94 loop_us_max=5368 loop_hz=10638 cycle_log_ms=1 n_cycle=4 cc=1 cc_hz=1027 cc_i_tgt=0.1000 cc_u=0.7517 cc_r=5.4315 cc_tau_ms=7.00
[  71.880] [ADC1] STATUS alarm(s)
[  72.318] [STATUS] t_ms=1369793 hwm=6 cap=256 dropped=0 dropped_total=23581 crc_err=0 crc_err_total=0 rate1=513 rate2=512 prod1=513 prod2=512 dac_err=0 tx_drop=376 hb_ms=0 sma_state=6 m7_us=1413628635 m4_us=1411434675 vdd=5.067 offset=0.5000 aref=3.145 loop_us_avg=92 loop_us_max=5562 loop_hz=10869 cycle_log_ms=1 n_cycle=4 cc=1 cc_hz=1027 cc_i_tgt=0.1000 cc_u=0.7517 cc_r=5.4315 cc_tau_ms=7.00
[  72.887] :
[  72.887] [ADC1] STATUS alarm(s)
[  73.391] [STATUS] t_ms=1370793 hwm=5 cap=256 dropped=0 dropped_total=23581 crc_err=0 crc_err_total=0 rate1=512 rate2=512 prod1=512 prod2=512 dac_err=0 tx_drop=376 hb_ms=0 sma_state=6 m7_us=1414660648 m4_us=1412466624 vdd=5.067 offset=0.5000 aref=3.145 loop_us_avg=92 loop_us_max=5409 loop_hz=10869 cycle_log_ms=1 n_cycle=4 cc=1 cc_hz=1027 cc_i_tgt=0.1000 cc_u=0.7517 cc_r=5.4315 cc_tau_ms=7.00
[  73.897] [ADC1] STATUS alarm(s)
[  74.398] [STATUS] t_ms=1371793 hwm=5 cap=256 dropped=0 dropped_total=23581 crc_err=0 crc_err_total=0 rate1=512 rate2=512 prod1=512 prod2=512 dac_err=0 tx_drop=376 hb_ms=0 sma_state=6 m7_us=1415692847 m4_us=1413498570 vdd=5.067 offset=0.5000 aref=3.145 loop_us_avg=94 loop_us_max=5598 loop_hz=10638 cycle_log_ms=1 n_cycle=4 cc=1 cc_hz=1027 cc_i_tgt=0.1000 cc_u=0.7517 cc_r=5.4315 cc_tau_ms=7.00
[  74.895] [ADC1] STATUS alarm(s)
[  75.459] [STATUS] t_ms=1372793 hwm=5 cap=256 dropped=0 dropped_total=23581 crc_err=0 crc_err_total=0 rate1=512 rate2=512 prod1=512 prod2=512 dac_err=0 tx_drop=376 hb_ms=0 sma_state=6 m7_us=1416724848 m4_us=1414530528 vdd=5.067 offset=0.5000 aref=3.145 loop_us_avg=94 loop_us_max=5395 loop_hz=10638 cycle_log_ms=1 n_cycle=4 cc=1 cc_hz=1027 cc_i_tgt=0.1000 cc_u=0.7517 cc_r=5.4315 cc_tau_ms=7.00
[  75.899] AH_ALM
[  75.899] [ADC1] ST
[  75.899] ATUS alarm(s)
[  76.462] [STATUS] t_ms=1373793 hwm=5 cap=256 dropped=0 dropped_total=23581 crc_err=0 crc_err_total=0 rate1=511 rate2=512 prod1=511 prod2=512 dac_err=0 tx_drop=376 hb_ms=0 sma_state=6 m7_us=1417756204 m4_us=1415561534 vdd=5.067 offset=0.5000 aref=3.145 loop_us_avg=93 loop_us_max=5535 loop_hz=10752 cycle_log_ms=1 n_cycle=4 cc=1 cc_hz=1022 cc_i_tgt=0.1000 cc_u=0.7517 cc_r=5.4315 cc_tau_ms=7.00
[  76.964] [ADC1] STATUS alarm(s)
[  77.531] [STATUS] t_ms=1374793 hwm=6 cap=256 dropped=0 dropped_total=23581 crc_err=0 crc_err_total=0 rate1=512 rate2=512 prod1=512 prod2=512 dac_err=0 tx_drop=376 hb_ms=0 sma_state=6 m7_us=1418788220 m4_us=1416593505 vdd=5.067 offset=0.5000 aref=3.145 loop_us_avg=94 loop_us_max=5356 loop_hz=10638 cycle_log_ms=1 n_cycle=4 cc=1 cc_hz=1026 cc_i_tgt=0.1000 cc_u=0.7517 cc_r=5.4315 cc_tau_ms=7.00
[  77.911] [ADC1] STATUS alarm(s)
[  78.478] [SMA] [ACT] heat n=6/6 I=350.0mA ms=200
[  78.541] [STATUS] t_ms=1375793 hwm=6 cap=256 dropped=0 dropped_total=23581 crc_err=0 crc_err_total=0 rate1=512 rate2=512 prod1=512 prod2=512 dac_err=0 tx_drop=376 hb_ms=0 sma_state=5 m7_us=1419820323 m4_us=1417625467 vdd=5.067 offset=0.5000 aref=3.145 loop_us_avg=94 loop_us_max=5504 loop_hz=10638 cycle_log_ms=1 n_cycle=4 cc=1 cc_hz=1026 cc_i_tgt=0.3500 cc_u=2.0731 cc_r=5.4355 cc_tau_ms=7.00
[  78.666] [SMA] [ACT] cool n=6/6 I=100.0mA ms=15000
[  78.919] ALM PGAH_ALM
[  78.919] [ADC1
[  78.919] ] STATUS alarm(s)
[  79.550] [STATUS] t_ms=1376793 hwm=6 cap=256 dropped=0 dropped_total=23581 crc_err=0 crc_err_total=0 rate1=513 rate2=512 prod1=513 prod2=512 dac_err=0 tx_drop=376 hb_ms=0 sma_state=6 m7_us=1420852527 m4_us=1418658436 vdd=5.067 offset=0.5000 aref=3.145 loop_us_avg=93 loop_us_max=5356 loop_hz=10752 cycle_log_ms=1 n_cycle=4 cc=1 cc_hz=1026 cc_i_tgt=0.1000 cc_u=0.7142 cc_r=5.4355 cc_tau_ms=7.00
[  79.925] [ADC1] STATUS alarm(s
[  80.616] [STATUS] t_ms=1377793 hwm=5 cap=256 dropped=0 dropped_total=23581 crc_err=0 crc_err_total=0 rate1=512 rate2=512 prod1=512 prod2=512 dac_err=0 tx_drop=376 hb_ms=0 sma_state=6 m7_us=1421884692 m4_us=1419690464 vdd=5.067 offset=0.5000 aref=3.145 loop_us_avg=92 loop_us_max=5557 loop_hz=10869 cycle_log_ms=1 n_cycle=4 cc=1 cc_hz=1027 cc_i_tgt=0.1000 cc_u=0.7142 cc_r=5.4355 cc_tau_ms=7.00
[  80.993] [ADC1] STATUS alarm(s
[  81.623] [STATUS] t_ms=1378793 hwm=5 cap=256 dropped=0 dropped_total=23581 crc_err=0 crc_err_total=0 rate1=512 rate2=512 prod1=512 prod2=512 dac_err=0 tx_drop=376 hb_ms=0 sma_state=6 m7_us=1422916704 m4_us=1420722458 vdd=5.067 offset=0.5000 aref=3.145 loop_us_avg=92 loop_us_max=5394 loop_hz=10869 cycle_log_ms=1 n_cycle=4 cc=1 cc_hz=1027 cc_i_tgt=0.1000 cc_u=0.7142 cc_r=5.4355 cc_tau_ms=7.00
[  81.955] [ADC1] STATUS alarm(s
[  82.650] [STATUS] t_ms=1379793 hwm=166 cap=256 dropped=0 dropped_total=23581 crc_err=0 crc_err_total=0 rate1=510 rate2=511 prod1=511 prod2=512 dac_err=0 tx_drop=376 hb_ms=0 sma_state=6 m7_us=1423948097 m4_us=1421753435 vdd=5.067 offset=0.5000 aref=3.145 loop_us_avg=112 loop_us_max=166601 loop_hz=8928 cycle_log_ms=1 n_cycle=4 cc=1 cc_hz=854 cc_i_tgt=0.1000 cc_u=0.7142 cc_r=5.4355 cc_tau_ms=7.00
[  82.963] [ADC1] STATUS alarm(s
[  83.721] [STATUS] t_ms=1380793 hwm=6 cap=256 dropped=0 dropped_total=23581 crc_err=0 crc_err_total=0 rate1=512 rate2=512 prod1=512 prod2=512 dac_err=0 tx_drop=376 hb_ms=0 sma_state=6 m7_us=1424980102 m4_us=1422785457 vdd=5.067 offset=0.5000 aref=3.145 loop_us_avg=92 loop_us_max=5334 loop_hz=10869 cycle_log_ms=1 n_cycle=4 cc=1 cc_hz=1027 cc_i_tgt=0.1000 cc_u=0.7142 cc_r=5.4355 cc_tau_ms=7.00
[  83.972] [ADC1] STATUS alarm(s
[  84.725] [STATUS] t_ms=1381793 hwm=6 cap=256 dropped=0 dropped_total=23581 crc_err=0 crc_err_total=0 rate1=512 rate2=512 prod1=512 prod2=512 dac_err=0 tx_drop=376 hb_ms=0 sma_state=6 m7_us=1426012257 m4_us=1423817464 vdd=5.067 offset=0.5000 aref=3.145 loop_us_avg=94 loop_us_max=5501 loop_hz=10638 cycle_log_ms=1 n_cycle=4 cc=1 cc_hz=1027 cc_i_tgt=0.1000 cc_u=0.7142 cc_r=5.4355 cc_tau_ms=7.00
[  84.977] ): 0xD PGA
[  84.977] L_ALM PGAH_ALM
[  84.977] [ADC1] STATUS alarm(s
[  85.731] [STATUS] t_ms=1382793 hwm=6 cap=256 dropped=0 dropped_total=23581 crc_err=0 crc_err_total=0 rate1=513 rate2=512 prod1=513 prod2=512 dac_err=0 tx_drop=376 hb_ms=0 sma_state=6 m7_us=1427044420 m4_us=1424850467 vdd=5.067 offset=0.5000 aref=3.145 loop_us_avg=94 loop_us_max=5369 loop_hz=10638 cycle_log_ms=1 n_cycle=4 cc=1 cc_hz=1026 cc_i_tgt=0.1000 cc_u=0.7142 cc_r=5.4355 cc_tau_ms=7.00
[  85.984] [ADC1] STATUS alarm(s)
[  86.804] [STATUS] t_ms=1383793 hwm=5 cap=256 dropped=0 dropped_total=23581 crc_err=0 crc_err_total=0 rate1=511 rate2=512 prod1=511 prod2=512 dac_err=0 tx_drop=376 hb_ms=0 sma_state=6 m7_us=1428076120 m4_us=1425881483 vdd=5.067 offset=0.5000 aref=3.145 loop_us_avg=93 loop_us_max=5556 loop_hz=10752 cycle_log_ms=1 n_cycle=4 cc=1 cc_hz=1023 cc_i_tgt=0.1000 cc_u=0.7142 cc_r=5.4355 cc_tau_ms=7.00
[  86.991] _ALM PGAH_ALM
[  86.991] [A
[  86.991] DC1] STATUS alarm(s)
[  87.808] [STATUS] t_ms=1384793 hwm=6 cap=256 dropped=0 dropped_total=23581 crc_err=0 crc_err_total=0 rate1=512 rate2=512 prod1=512 prod2=512 dac_err=0 tx_drop=376 hb_ms=0 sma_state=6 m7_us=1429108151 m4_us=1426913515 vdd=5.067 offset=0.5000 aref=3.145 loop_us_avg=93 loop_us_max=5336 loop_hz=10752 cycle_log_ms=1 n_cycle=4 cc=1 cc_hz=1027 cc_i_tgt=0.1000 cc_u=0.7142 cc_r=5.4355 cc_tau_ms=7.00
[  87.999] [ADC1] STATUS alarm(s)
[  88.878] [STATUS] t_ms=1385793 hwm=6 cap=256 dropped=0 dropped_total=23581 crc_err=0 crc_err_total=0 rate1=512 rate2=512 prod1=512 prod2=512 dac_err=0 tx_drop=376 hb_ms=0 sma_state=6 m7_us=1430140366 m4_us=1427945534 vdd=5.067 offset=0.5000 aref=3.145 loop_us_avg=93 loop_us_max=5572 loop_hz=10752 cycle_log_ms=1 n_cycle=4 cc=1 cc_hz=1027 cc_i_tgt=0.1000 cc_u=0.7142 cc_r=5.4355 cc_tau_ms=7.00
[  89.003] [ADC1] STATUS alarm(s)
[  89.888] [STATUS] t_ms=1386793 hwm=6 cap=256 dropped=0 dropped_total=23581 crc_err=0 crc_err_total=0 rate1=512 rate2=512 prod1=512 prod2=512 dac_err=0 tx_drop=376 hb_ms=0 sma_state=6 m7_us=1431172309 m4_us=1428977572 vdd=5.067 offset=0.5000 aref=3.145 loop_us_avg=92 loop_us_max=5345 loop_hz=10869 cycle_log_ms=1 n_cycle=4 cc=1 cc_hz=1027 cc_i_tgt=0.1000 cc_u=0.7142 cc_r=5.4355 cc_tau_ms=7.00
[  90.014] : 0xC
[  90.014] [ADC1] STATUS alarm(s)
[  90.895] [STATUS] t_ms=1387793 hwm=6 cap=256 dropped=0 dropped_total=23581 crc_err=0 crc_err_total=0 rate1=512 rate2=512 prod1=512 prod2=512 dac_err=0 tx_drop=376 hb_ms=0 sma_state=6 m7_us=1432204464 m4_us=1430009592 vdd=5.067 offset=0.5000 aref=3.145 loop_us_avg=92 loop_us_max=5519 loop_hz=10869 cycle_log_ms=1 n_cycle=4 cc=1 cc_hz=1027 cc_i_tgt=0.1000 cc_u=0.7142 cc_r=5.4355 cc_tau_ms=7.00
[  91.022] : 0
[  91.022] _ALM
[  91.022] [ADC1] STATUS alarm(s)
[  91.966] [STATUS] t_ms=1388793 hwm=6 cap=256 dropped=0 dropped_total=23581 crc_err=0 crc_err_total=0 rate1=512 rate2=512 prod1=512 prod2=512 dac_err=0 tx_drop=376 hb_ms=0 sma_state=6 m7_us=1433236446 m4_us=1431041627 vdd=5.067 offset=0.5000 aref=3.145 loop_us_avg=93 loop_us_max=5392 loop_hz=10752 cycle_log_ms=1 n_cycle=4 cc=1 cc_hz=1027 cc_i_tgt=0.1000 cc_u=0.7142 cc_r=5.4355 cc_tau_ms=7.00
[  92.028] [ADC1] STATUS alarm(s)
[  92.976] [STATUS] t_ms=1389793 hwm=6 cap=256 dropped=0 dropped_total=23581 crc_err=0 crc_err_total=0 rate1=513 rate2=512 prod1=513 prod2=512 dac_err=0 tx_drop=376 hb_ms=0 sma_state=6 m7_us=1434268672 m4_us=1432074653 vdd=5.067 offset=0.5000 aref=3.145 loop_us_avg=93 loop_us_max=5586 loop_hz=10752 cycle_log_ms=1 n_cycle=4 cc=1 cc_hz=1027 cc_i_tgt=0.1000 cc_u=0.7142 cc_r=5.4355 cc_tau_ms=7.00
[  93.038] [ADC1] STATUS alarm(s)
[  94.040] [STATUS] t_ms=1390793 hwm=5 cap=256 dropped=0 dropped_total=23581 crc_err=0 crc_err_total=0 rate1=511 rate2=512 prod1=511 prod2=512 dac_err=0 tx_drop=376 hb_ms=0 sma_state=6 m7_us=1435300261 m4_us=1433105627 vdd=5.067 offset=0.5000 aref=3.145 loop_us_avg=93 loop_us_max=5407 loop_hz=10752 cycle_log_ms=1 n_cycle=4 cc=1 cc_hz=1024 cc_i_tgt=0.1000 cc_u=0.7142 cc_r=5.4355 cc_tau_ms=7.00
[  94.040] [ADC1] STATUS alarm(s)
[  94.166] [SMA] [ACT] -> idle (done) after 6 cycle(s); still armed
