[   0.055] [SMA] ARMED (MOSFET on); idle=0.500 V
[   0.055] : 0xC9
[   0.055] [ADC1]
[   0.055] STATUS alarm(s)
[   0.056] [STATUS] t_ms=1413605 hwm=4 cap=256 dropped=0 dropped_total=20543 crc_err=0 crc_err_total=0 rate1=512 rate2=512 prod1=512 prod2=512 dac_err=0 tx_drop=0 hb_ms=0 sma_state=0 m7_us=1458092509 m4_us=1455898398 vdd=5.067 offset=0.5000 aref=3.145 loop_us_avg=21 loop_us_max=4641 loop_hz=47619 cycle_log_ms=1 n_cycle=4 cc=0 cc_hz=0 cc_i_tgt=0.1000 cc_u=0.5000 cc_r=108.0896 cc_tau_ms=7.00
[   0.740] : 0xC9 PGA
[   0.740] L_ALM
[   0.740] [ADC1] S
[   0.740] TATUS alarm(s
[   1.051] [STATUS] t_ms=1414605 hwm=4 cap=256 dropped=0 dropped_total=20543 crc_err=0 crc_err_total=0 rate1=512 rate2=512 prod1=512 prod2=512 dac_err=0 tx_drop=0 hb_ms=0 sma_state=0 m7_us=1459124247 m4_us=1456930136 vdd=5.067 offset=0.5000 aref=3.145 loop_us_avg=22 loop_us_max=4630 loop_hz=45454 cycle_log_ms=1 n_cycle=4 cc=0 cc_hz=0 cc_i_tgt=0.1000 cc_u=0.5000 cc_r=108.0896 cc_tau_ms=7.00
[   1.737] ): 0
[   1.737] [A
[   1.737] DC1] STATUS al
[   1.737] arm(
[   2.052] [STATUS] t_ms=1415605 hwm=4 cap=256 dropped=0 dropped_total=20543 crc_err=0 crc_err_total=0 rate1=512 rate2=512 prod1=512 prod2=512 dac_err=0 tx_drop=0 hb_ms=0 sma_state=0 m7_us=1460155942 m4_us=1457961829 vdd=5.067 offset=0.5000 aref=3.145 loop_us_avg=22 loop_us_max=4631 loop_hz=45454 cycle_log_ms=1 n_cycle=4 cc=0 cc_hz=0 cc_i_tgt=0.1000 cc_u=0.5000 cc_r=108.0896 cc_tau_ms=7.00
[   0.063] [SMA] [CC] start i_high=450.0mA i_low=100.0mA t_high=200 t_idle=15000 n=6 (0=cont) tau_ms=7.0 wdt_ms=5000
[   0.063] [SMA] [ACT] heat n=1/6 I=450.0mA ms=200
[   0.251] [SMA] [ACT] cool n=1/6 I=100.0mA ms=15000
[   0.691] [ADC1] STATUS alarm
[   1.071] [STATUS] t_ms=1416605 hwm=4 cap=256 dropped=0 dropped_total=20543 crc_err=0 crc_err_total=0 rate1=512 rate2=512 prod1=512 prod2=512 dac_err=0 tx_drop=0 hb_ms=0 sma_state=6 m7_us=1461188193 m4_us=1458993461 vdd=5.067 offset=0.5000 aref=3.145 loop_us_avg=88 loop_us_max=4638 loop_hz=11363 cycle_log_ms=1 n_cycle=4 cc=1 cc_hz=1020 cc_i_tgt=0.1000 cc_u=1.5778 cc_r=0.0000 cc_tau_ms=7.00
[   1.707] [ADC1] STATUS alarm(
[   2.085] [STATUS] t_ms=1417605 hwm=6 cap=256 dropped=0 dropped_total=20543 crc_err=0 crc_err_total=0 rate1=512 rate2=512 prod1=512 prod2=512 dac_err=0 tx_drop=0 hb_ms=0 sma_state=6 m7_us=1462219746 m4_us=1460025032 vdd=5.067 offset=0.5000 aref=3.145 loop_us_avg=87 loop_us_max=5332 loop_hz=11494 cycle_log_ms=1 n_cycle=4 cc=1 cc_hz=1026 cc_i_tgt=0.1000 cc_u=2.0809 cc_r=0.0000 cc_tau_ms=7.00
[   2.716] [ADC1] STATUS alarm(
[   3.094] [STATUS] t_ms=1418605 hwm=6 cap=256 dropped=0 dropped_total=20543 crc_err=0 crc_err_total=0 rate1=512 rate2=512 prod1=512 prod2=512 dac_err=0 tx_drop=0 hb_ms=0 sma_state=6 m7_us=1463251333 m4_us=1461056577 vdd=5.067 offset=0.5000 aref=3.145 loop_us_avg=87 loop_us_max=5418 loop_hz=11494 cycle_log_ms=1 n_cycle=4 cc=1 cc_hz=1025 cc_i_tgt=0.1000 cc_u=2.5838 cc_r=0.0000 cc_tau_ms=7.00
[   3.728] [ADC1] STATUS alarm(
[   4.281] [STATUS] t_ms=1419605 hwm=6 cap=256 dropped=0 dropped_total=20543 crc_err=0 crc_err_total=0 rate1=512 rate2=512 prod1=512 prod2=512 dac_err=0 tx_drop=0 hb_ms=0 sma_state=6 m7_us=1464282845 m4_us=1462088110 vdd=5.067 offset=0.5000 aref=3.145 loop_us_avg=87 loop_us_max=5338 loop_hz=11494 cycle_log_ms=1 n_cycle=4 cc=1 cc_hz=1025 cc_i_tgt=0.1000 cc_u=3.0891 cc_r=0.0000 cc_tau_ms=7.00
[   4.723] [ADC1] STATUS alarm(
[   5.167] [STATUS] t_ms=1420605 hwm=6 cap=256 dropped=0 dropped_total=20543 crc_err=0 crc_err_total=0 rate1=512 rate2=512 prod1=512 prod2=512 dac_err=0 tx_drop=0 hb_ms=0 sma_state=6 m7_us=1465314363 m4_us=1463119630 vdd=5.067 offset=0.5000 aref=3.145 loop_us_avg=88 loop_us_max=5348 loop_hz=11363 cycle_log_ms=1 n_cycle=4 cc=1 cc_hz=1025 cc_i_tgt=0.1000 cc_u=3.5937 cc_r=0.0000 cc_tau_ms=7.00
[   5.739] s): 0
[   5.739] [ADC1
[   5.739] ] STATUS alarm(
[   6.245] [STATUS] t_ms=1421605 hwm=6 cap=256 dropped=0 dropped_total=20543 crc_err=0 crc_err_total=0 rate1=512 rate2=512 prod1=512 prod2=512 dac_err=0 tx_drop=0 hb_ms=0 sma_state=6 m7_us=1466345855 m4_us=1464151099 vdd=5.067 offset=0.5000 aref=3.145 loop_us_avg=89 loop_us_max=5377 loop_hz=11235 cycle_log_ms=1 n_cycle=4 cc=1 cc_hz=1025 cc_i_tgt=0.1000 cc_u=4.1018 cc_r=0.0000 cc_tau_ms=7.00
[   6.751] [ADC1] STATUS alarm(
[   7.256] [STATUS] t_ms=1422605 hwm=6 cap=256 dropped=0 dropped_total=20543 crc_err=0 crc_err_total=0 rate1=512 rate2=512 prod1=512 prod2=512 dac_err=0 tx_drop=0 hb_ms=0 sma_state=6 m7_us=1467377326 m4_us=1465182593 vdd=5.067 offset=0.5000 aref=3.145 loop_us_avg=88 loop_us_max=5330 loop_hz=11363 cycle_log_ms=1 n_cycle=4 cc=1 cc_hz=1025 cc_i_tgt=0.1000 cc_u=4.6023 cc_r=0.0000 cc_tau_ms=7.00
[   7.699] [ADC1] STATUS alarm(
[   8.265] [STATUS] t_ms=1423605 hwm=6 cap=256 dropped=0 dropped_total=20543 crc_err=0 crc_err_total=0 rate1=512 rate2=512 prod1=512 prod2=512 dac_err=0 tx_drop=0 hb_ms=0 sma_state=6 m7_us=1468408805 m4_us=1466214056 vdd=5.067 offset=0.5000 aref=3.145 loop_us_avg=89 loop_us_max=5334 loop_hz=11235 cycle_log_ms=1 n_cycle=4 cc=1 cc_hz=1025 cc_i_tgt=0.1000 cc_u=5.0000 cc_r=135.2584 cc_tau_ms=7.00
[   8.706] [ADC1] STATUS alarm
[   9.338] [STATUS] t_ms=1424605 hwm=6 cap=256 dropped=0 dropped_total=20543 crc_err=0 crc_err_total=0 rate1=512 rate2=512 prod1=512 prod2=512 dac_err=0 tx_drop=0 hb_ms=0 sma_state=6 m7_us=1469440346 m4_us=1467245537 vdd=5.067 offset=0.5000 aref=3.145 loop_us_avg=94 loop_us_max=5350 loop_hz=10638 cycle_log_ms=1 n_cycle=4 cc=1 cc_hz=1025 cc_i_tgt=0.1000 cc_u=5.0000 cc_r=135.2584 cc_tau_ms=7.00
[   9.718] [ADC1] STATUS alarm(
[  10.352] [STATUS] t_ms=1425605 hwm=6 cap=256 dropped=0 dropped_total=20543 crc_err=0 crc_err_total=0 rate1=512 rate2=512 prod1=512 prod2=512 dac_err=0 tx_drop=0 hb_ms=0 sma_state=6 m7_us=1470471153 m4_us=1468276949 vdd=5.067 offset=0.5000 aref=3.145 loop_us_avg=93 loop_us_max=5480 loop_hz=10752 cycle_log_ms=1 n_cycle=4 cc=1 cc_hz=1024 cc_i_tgt=0.1000 cc_u=5.0000 cc_r=135.2584 cc_tau_ms=7.00
[  10.733] [ADC1] STATUS alarm(
[  11.363] [STATUS] t_ms=1426605 hwm=5 cap=256 dropped=0 dropped_total=20543 crc_err=0 crc_err_total=0 rate1=512 rate2=512 prod1=512 prod2=512 dac_err=0 tx_drop=0 hb_ms=0 sma_state=6 m7_us=1471502540 m4_us=1469308331 vdd=5.067 offset=0.5000 aref=3.145 loop_us_avg=94 loop_us_max=5407 loop_hz=10638 cycle_log_ms=1 n_cycle=4 cc=1 cc_hz=1025 cc_i_tgt=0.1000 cc_u=5.0000 cc_r=135.2584 cc_tau_ms=7.00
[  11.743] [ADC1] STATUS alarm(
[  12.437] [STATUS] t_ms=1427605 hwm=5 cap=256 dropped=0 dropped_total=20543 crc_err=0 crc_err_total=0 rate1=512 rate2=512 prod1=512 prod2=512 dac_err=0 tx_drop=0 hb_ms=0 sma_state=6 m7_us=1472533949 m4_us=1470339736 vdd=5.067 offset=0.5000 aref=3.145 loop_us_avg=94 loop_us_max=5420 loop_hz=10638 cycle_log_ms=1 n_cycle=4 cc=1 cc_hz=1025 cc_i_tgt=0.1000 cc_u=5.0000 cc_r=135.2584 cc_tau_ms=7.00
[  12.755] [ADC1] STATUS alarm(
[  13.443] [STATUS] t_ms=1428605 hwm=5 cap=256 dropped=0 dropped_total=20543 crc_err=0 crc_err_total=0 rate1=512 rate2=512 prod1=512 prod2=512 dac_err=0 tx_drop=0 hb_ms=0 sma_state=6 m7_us=1473565347 m4_us=1471371137 vdd=5.067 offset=0.5000 aref=3.145 loop_us_avg=94 loop_us_max=5409 loop_hz=10638 cycle_log_ms=1 n_cycle=4 cc=1 cc_hz=1025 cc_i_tgt=0.1000 cc_u=5.0000 cc_r=135.2584 cc_tau_ms=7.00
[  13.758] s): 0
[  13.758] [AD
[  13.758] C1] STATUS alarm(
[  14.453] [STATUS] t_ms=1429605 hwm=5 cap=256 dropped=0 dropped_total=20543 crc_err=0 crc_err_total=0 rate1=512 rate2=512 prod1=512 prod2=512 dac_err=0 tx_drop=0 hb_ms=0 sma_state=6 m7_us=1474596784 m4_us=1472402565 vdd=5.067 offset=0.5000 aref=3.145 loop_us_avg=93 loop_us_max=5399 loop_hz=10752 cycle_log_ms=1 n_cycle=4 cc=1 cc_hz=1025 cc_i_tgt=0.1000 cc_u=5.0000 cc_r=135.2584 cc_tau_ms=7.00
[  14.770] [ADC1] STATUS alarm(
[  15.526] [STATUS] t_ms=1430605 hwm=5 cap=256 dropped=0 dropped_total=20543 crc_err=0 crc_err_total=0 rate1=512 rate2=512 prod1=512 prod2=512 dac_err=0 tx_drop=0 hb_ms=0 sma_state=6 m7_us=1475628208 m4_us=1473433995 vdd=5.067 offset=0.5000 aref=3.145 loop_us_avg=92 loop_us_max=5507 loop_hz=10869 cycle_log_ms=1 n_cycle=4 cc=1 cc_hz=1026 cc_i_tgt=0.1000 cc_u=5.0000 cc_r=135.2584 cc_tau_ms=7.00
[  15.714] [SMA] [ACT] heat n=2/6 I=450.0mA ms=200
[  15.778] [ADC1] STATUS alarm
[  15.904] [SMA] [ACT] cool n=2/6 I=100.0mA ms=15000
[  16.536] [STATUS] t_ms=1431605 hwm=5 cap=256 dropped=0 dropped_total=20543 crc_err=0 crc_err_total=0 rate1=512 rate2=512 prod1=512 prod2=512 dac_err=0 tx_drop=0 hb_ms=0 sma_state=6 m7_us=1476659605 m4_us=1474465393 vdd=5.067 offset=0.5000 aref=3.145 loop_us_avg=94 loop_us_max=5409 loop_hz=10638 cycle_log_ms=1 n_cycle=4 cc=1 cc_hz=1023 cc_i_tgt=0.1000 cc_u=0.5000 cc_r=135.2584 cc_tau_ms=7.00
[  16.789] [ADC1] STATUS alarm(
[  17.550] [STATUS] t_ms=1432605 hwm=5 cap=256 dropped=0 dropped_total=20543 crc_err=0 crc_err_total=0 rate1=512 rate2=512 prod1=512 prod2=512 dac_err=0 tx_drop=0 hb_ms=0 sma_state=6 m7_us=1477690927 m4_us=1475496795 vdd=5.067 offset=0.5000 aref=3.145 loop_us_avg=94 loop_us_max=5496 loop_hz=10638 cycle_log_ms=1 n_cycle=4 cc=1 cc_hz=1026 cc_i_tgt=0.1000 cc_u=0.5000 cc_r=135.2584 cc_tau_ms=7.00
[  17.801] [ADC1] STATUS alarm(
[  18.624] [STATUS] t_ms=1433605 hwm=5 cap=256 dropped=0 dropped_total=20543 crc_err=0 crc_err_total=0 rate1=512 rate2=512 prod1=512 prod2=512 dac_err=0 tx_drop=0 hb_ms=0 sma_state=6 m7_us=1478722436 m4_us=1476528219 vdd=5.067 offset=0.5000 aref=3.145 loop_us_avg=92 loop_us_max=5342 loop_hz=10869 cycle_log_ms=1 n_cycle=4 cc=1 cc_hz=1025 cc_i_tgt=0.1000 cc_u=0.5000 cc_r=135.2584 cc_tau_ms=7.00
[  18.813] s): 0
[  18.813] [ADC1] STATUS alarm(
[  19.634] [STATUS] t_ms=1434605 hwm=5 cap=256 dropped=0 dropped_total=20543 crc_err=0 crc_err_total=0 rate1=512 rate2=512 prod1=512 prod2=512 dac_err=0 tx_drop=0 hb_ms=0 sma_state=6 m7_us=1479753909 m4_us=1477559643 vdd=5.067 offset=0.5000 aref=3.145 loop_us_avg=94 loop_us_max=5427 loop_hz=10638 cycle_log_ms=1 n_cycle=4 cc=1 cc_hz=1025 cc_i_tgt=0.1000 cc_u=0.5000 cc_r=135.2584 cc_tau_ms=7.00
[  19.823] [ADC1] STATUS alarm(
[  20.648] [STATUS] t_ms=1435605 hwm=5 cap=256 dropped=0 dropped_total=20543 crc_err=0 crc_err_total=0 rate1=512 rate2=512 prod1=512 prod2=512 dac_err=0 tx_drop=0 hb_ms=0 sma_state=6 m7_us=1480785151 m4_us=1478591048 vdd=5.067 offset=0.5000 aref=3.145 loop_us_avg=92 loop_us_max=5618 loop_hz=10869 cycle_log_ms=1 n_cycle=4 cc=1 cc_hz=1026 cc_i_tgt=0.1000 cc_u=0.5000 cc_r=135.2584 cc_tau_ms=7.00
[  20.840] s): 0x
[  20.840] [ADC1]
[  20.840] STATUS alarm(
[  21.660] [STATUS] t_ms=1436605 hwm=5 cap=256 dropped=0 dropped_total=20543 crc_err=0 crc_err_total=0 rate1=512 rate2=512 prod1=512 prod2=512 dac_err=0 tx_drop=0 hb_ms=0 sma_state=6 m7_us=1481816706 m4_us=1479622485 vdd=5.067 offset=0.5000 aref=3.145 loop_us_avg=92 loop_us_max=5323 loop_hz=10869 cycle_log_ms=1 n_cycle=4 cc=1 cc_hz=1025 cc_i_tgt=0.1000 cc_u=0.5000 cc_r=135.2584 cc_tau_ms=7.00
[  21.849] [ADC1] STATUS alarm(
[  22.735] [STATUS] t_ms=1437605 hwm=5 cap=256 dropped=0 dropped_total=20543 crc_err=0 crc_err_total=0 rate1=512 rate2=512 prod1=512 prod2=512 dac_err=0 tx_drop=0 hb_ms=0 sma_state=6 m7_us=1482848088 m4_us=1480653877 vdd=5.067 offset=0.5000 aref=3.145 loop_us_avg=93 loop_us_max=5407 loop_hz=10752 cycle_log_ms=1 n_cycle=4 cc=1 cc_hz=1025 cc_i_tgt=0.1000 cc_u=0.5000 cc_r=135.2584 cc_tau_ms=7.00
[  22.860] [ADC1] STATUS alarm
[  23.735] [STATUS] t_ms=1438605 hwm=5 cap=256 dropped=0 dropped_total=20543 crc_err=0 crc_err_total=0 rate1=512 rate2=512 prod1=512 prod2=512 dac_err=0 tx_drop=0 hb_ms=0 sma_state=6 m7_us=1483879481 m4_us=1481685272 vdd=5.067 offset=0.5000 aref=3.145 loop_us_avg=93 loop_us_max=5422 loop_hz=10752 cycle_log_ms=1 n_cycle=4 cc=1 cc_hz=1025 cc_i_tgt=0.1000 cc_u=0.5000 cc_r=135.2584 cc_tau_ms=7.00
[  23.862] [ADC1] STATUS alarm(
[  24.808] [STATUS] t_ms=1439605 hwm=5 cap=256 dropped=0 dropped_total=20543 crc_err=0 crc_err_total=0 rate1=512 rate2=512 prod1=512 prod2=512 dac_err=0 tx_drop=0 hb_ms=0 sma_state=6 m7_us=1484910896 m4_us=1482716689 vdd=5.067 offset=0.5000 aref=3.145 loop_us_avg=93 loop_us_max=5410 loop_hz=10752 cycle_log_ms=1 n_cycle=4 cc=1 cc_hz=1025 cc_i_tgt=0.1000 cc_u=0.5000 cc_r=135.2584 cc_tau_ms=7.00
[  24.870] s
[  24.870] [ADC1] STATUS alarm(
[  25.818] [STATUS] t_ms=1440605 hwm=5 cap=256 dropped=0 dropped_total=20543 crc_err=0 crc_err_total=0 rate1=512 rate2=512 prod1=512 prod2=512 dac_err=0 tx_drop=0 hb_ms=0 sma_state=6 m7_us=1485942311 m4_us=1483748101 vdd=5.067 offset=0.5000 aref=3.145 loop_us_avg=93 loop_us_max=5400 loop_hz=10752 cycle_log_ms=1 n_cycle=4 cc=1 cc_hz=1025 cc_i_tgt=0.1000 cc_u=0.5000 cc_r=135.2584 cc_tau_ms=7.00
[  25.880] s):
[  25.880] [ADC1
[  25.880] ] STATUS alarm(
[  26.825] [STATUS] t_ms=1441605 hwm=5 cap=256 dropped=0 dropped_total=20543 crc_err=0 crc_err_total=0 rate1=512 rate2=512 prod1=512 prod2=512 dac_err=0 tx_drop=0 hb_ms=0 sma_state=6 m7_us=1486973739 m4_us=1484779515 vdd=5.067 offset=0.5000 aref=3.145 loop_us_avg=92 loop_us_max=5398 loop_hz=10869 cycle_log_ms=1 n_cycle=4 cc=1 cc_hz=1025 cc_i_tgt=0.1000 cc_u=0.5000 cc_r=135.2584 cc_tau_ms=7.00
[  26.888] [ADC1] STATUS alarm(
[  27.901] s): 0xC9 PGA
[  27.901] L_ALM
[  27.901] [ADC1] STATUS alarm(
[  27.901] [STATUS] t_ms=1442605 hwm=5 cap=256 dropped=0 dropped_total=20543 crc_err=0 crc_err_total=0 rate1=512 rate2=512 prod1=512 prod2=512 dac_err=0 tx_drop=0 hb_ms=0 sma_state=6 m7_us=1488005673 m4_us=1485810907 vdd=5.067 offset=0.5000 aref=3.145 loop_us_avg=93 loop_us_max=5400 loop_hz=10752 cycle_log_ms=1 n_cycle=4 cc=1 cc_hz=1025 cc_i_tgt=0.1000 cc_u=0.5000 cc_r=135.2584 cc_tau_ms=7.00
[  28.907] s):
[  28.907] [AD
[  28.907] C1] STATUS alarm(
[  28.907] [STATUS] t_ms=1443605 hwm=6 cap=256 dropped=0 dropped_total=20543 crc_err=0 crc_err_total=0 rate1=512 rate2=512 prod1=512 prod2=512 dac_err=0 tx_drop=0 hb_ms=0 sma_state=6 m7_us=1489037047 m4_us=1486842299 vdd=5.067 offset=0.5000 aref=3.145 loop_us_avg=94 loop_us_max=5370 loop_hz=10638 cycle_log_ms=1 n_cycle=4 cc=1 cc_hz=1025 cc_i_tgt=0.1000 cc_u=0.5000 cc_r=135.2584 cc_tau_ms=7.00
[  29.915] [ADC1] STATUS alarm
[  29.916] [STATUS] t_ms=1444605 hwm=6 cap=256 dropped=0 dropped_total=20543 crc_err=0 crc_err_total=0 rate1=512 rate2=512 prod1=512 prod2=512 dac_err=0 tx_drop=0 hb_ms=0 sma_state=6 m7_us=1490068440 m4_us=1487873713 vdd=5.067 offset=0.5000 aref=3.145 loop_us_avg=94 loop_us_max=5368 loop_hz=10638 cycle_log_ms=1 n_cycle=4 cc=1 cc_hz=1025 cc_i_tgt=0.1000 cc_u=0.5000 cc_r=135.2584 cc_tau_ms=7.00
[  30.912] [ADC1] STATUS alarm(
[  30.974] [STATUS] t_ms=1445605 hwm=19 cap=256 dropped=0 dropped_total=20543 crc_err=0 crc_err_total=0 rate1=512 rate2=512 prod1=512 prod2=512 dac_err=0 tx_drop=0 hb_ms=0 sma_state=6 m7_us=1491099861 m4_us=1488905131 vdd=5.067 offset=0.5000 aref=3.145 loop_us_avg=95 loop_us_max=18528 loop_hz=10526 cycle_log_ms=1 n_cycle=4 cc=1 cc_hz=1008 cc_i_tgt=0.1000 cc_u=0.5000 cc_r=135.2584 cc_tau_ms=7.00
[  31.420] [SMA] [ACT] heat n=3/6 I=450.0mA ms=200
[  31.609] [SMA] [ACT] cool n=3/6 I=100.0mA ms=15000
[  31.923] [ADC1] STATUS alarm(
[  31.986] [STATUS] t_ms=1446605 hwm=6 cap=256 dropped=0 dropped_total=20543 crc_err=0 crc_err_total=0 rate1=512 rate2=512 prod1=512 prod2=512 dac_err=0 tx_drop=0 hb_ms=0 sma_state=6 m7_us=1492131276 m4_us=1489936545 vdd=5.067 offset=0.5000 aref=3.145 loop_us_avg=92 loop_us_max=5347 loop_hz=10869 cycle_log_ms=1 n_cycle=4 cc=1 cc_hz=1023 cc_i_tgt=0.1000 cc_u=0.5000 cc_r=135.2584 cc_tau_ms=7.00
[  32.936] [ADC1] STATUS alarm(
[  33.062] [STATUS] t_ms=1447605 hwm=6 cap=256 dropped=0 dropped_total=20543 crc_err=0 crc_err_total=0 rate1=512 rate2=512 prod1=512 prod2=512 dac_err=0 tx_drop=0 hb_ms=0 sma_state=6 m7_us=1493162698 m4_us=1490967973 vdd=5.067 offset=0.5000 aref=3.145 loop_us_avg=92 loop_us_max=5416 loop_hz=10869 cycle_log_ms=1 n_cycle=4 cc=1 cc_hz=1025 cc_i_tgt=0.1000 cc_u=0.5000 cc_r=135.2584 cc_tau_ms=7.00
[  33.939] [ADC1] STATUS alarm(
[  34.064] [STATUS] t_ms=1448605 hwm=6 cap=256 dropped=0 dropped_total=20543 crc_err=0 crc_err_total=0 rate1=512 rate2=512 prod1=512 prod2=512 dac_err=0 tx_drop=0 hb_ms=0 sma_state=6 m7_us=1494194157 m4_us=1491999400 vdd=5.067 offset=0.5000 aref=3.145 loop_us_avg=94 loop_us_max=5349 loop_hz=10638 cycle_log_ms=1 n_cycle=4 cc=1 cc_hz=1025 cc_i_tgt=0.1000 cc_u=0.5000 cc_r=135.2584 cc_tau_ms=7.00
[  34.948] [ADC1] STATUS al
[  34.948] arm(
[  35.074] [STATUS] t_ms=1449605 hwm=6 cap=256 dropped=0 dropped_total=20543 crc_err=0 crc_err_total=0 rate1=512 rate2=512 prod1=512 prod2=512 dac_err=0 tx_drop=0 hb_ms=0 sma_state=6 m7_us=1495225539 m4_us=1493030801 vdd=5.067 offset=0.5000 aref=3.145 loop_us_avg=93 loop_us_max=5355 loop_hz=10752 cycle_log_ms=1 n_cycle=4 cc=1 cc_hz=1025 cc_i_tgt=0.1000 cc_u=0.5000 cc_r=135.2584 cc_tau_ms=7.00
[  35.958] s): 0xC9 P
[  35.958] GAL_ALM
[  35.958] [ADC1] STA
[  35.958] TUS alarm(
[  36.148] [STATUS] t_ms=1450605 hwm=6 cap=256 dropped=0 dropped_total=20543 crc_err=0 crc_err_total=0 rate1=512 rate2=512 prod1=512 prod2=512 dac_err=0 tx_drop=0 hb_ms=0 sma_state=6 m7_us=1496256975 m4_us=1494062229 vdd=5.067 offset=0.5000 aref=3.145 loop_us_avg=92 loop_us_max=5353 loop_hz=10869 cycle_log_ms=1 n_cycle=4 cc=1 cc_hz=1025 cc_i_tgt=0.1000 cc_u=0.5000 cc_r=135.2584 cc_tau_ms=7.00
[  36.909] [ADC1] STATUS alarm
[  37.162] [STATUS] t_ms=1451605 hwm=6 cap=256 dropped=0 dropped_total=20543 crc_err=0 crc_err_total=0 rate1=512 rate2=512 prod1=512 prod2=512 dac_err=0 tx_drop=0 hb_ms=0 sma_state=6 m7_us=1497288384 m4_us=1495093659 vdd=5.067 offset=0.5000 aref=3.145 loop_us_avg=93 loop_us_max=5451 loop_hz=10752 cycle_log_ms=1 n_cycle=4 cc=1 cc_hz=1025 cc_i_tgt=0.1000 cc_u=0.5000 cc_r=135.2584 cc_tau_ms=7.00
[  37.919] [ADC1] STATUS alarm(
[  38.171] [STATUS] t_ms=1452605 hwm=6 cap=256 dropped=0 dropped_total=20543 crc_err=0 crc_err_total=0 rate1=512 rate2=512 prod1=512 prod2=512 dac_err=0 tx_drop=0 hb_ms=0 sma_state=6 m7_us=1498319875 m4_us=1496125128 vdd=5.067 offset=0.5000 aref=3.145 loop_us_avg=92 loop_us_max=5379 loop_hz=10869 cycle_log_ms=1 n_cycle=4 cc=1 cc_hz=1025 cc_i_tgt=0.1000 cc_u=0.5000 cc_r=135.2584 cc_tau_ms=7.00
[  38.930] [ADC1] STATUS alarm(
[  39.248] [STATUS] t_ms=1453605 hwm=6 cap=256 dropped=0 dropped_total=20543 crc_err=0 crc_err_total=0 rate1=512 rate2=512 prod1=512 prod2=512 dac_err=0 tx_drop=0 hb_ms=0 sma_state=6 m7_us=1499351272 m4_us=1497156539 vdd=5.067 offset=0.5000 aref=3.145 loop_us_avg=93 loop_us_max=5434 loop_hz=10752 cycle_log_ms=1 n_cycle=4 cc=1 cc_hz=1025 cc_i_tgt=0.1000 cc_u=0.5000 cc_r=135.2584 cc_tau_ms=7.00
[  39.944] [ADC1] STATUS alarm(
[  40.258] [STATUS] t_ms=1454605 hwm=6 cap=256 dropped=0 dropped_total=20543 crc_err=0 crc_err_total=0 rate1=512 rate2=512 prod1=512 prod2=512 dac_err=0 tx_drop=0 hb_ms=0 sma_state=6 m7_us=1500382723 m4_us=1498187969 vdd=5.067 offset=0.5000 aref=3.145 loop_us_avg=93 loop_us_max=5346 loop_hz=10752 cycle_log_ms=1 n_cycle=4 cc=1 cc_hz=1025 cc_i_tgt=0.1000 cc_u=0.5000 cc_r=135.2584 cc_tau_ms=7.00
[  40.952] [ADC1] STATUS alarm(
[  41.268] [STATUS] t_ms=1455605 hwm=6 cap=256 dropped=0 dropped_total=20543 crc_err=0 crc_err_total=0 rate1=512 rate2=512 prod1=512 prod2=512 dac_err=0 tx_drop=0 hb_ms=0 sma_state=6 m7_us=1501414130 m4_us=1499219387 vdd=5.067 offset=0.5000 aref=3.145 loop_us_avg=94 loop_us_max=5354 loop_hz=10638 cycle_log_ms=1 n_cycle=4 cc=1 cc_hz=1025 cc_i_tgt=0.1000 cc_u=0.5000 cc_r=135.2584 cc_tau_ms=7.00
[  41.965] [ADC1] STATUS alarm(
[  42.342] [STATUS] t_ms=1456605 hwm=6 cap=256 dropped=0 dropped_total=20543 crc_err=0 crc_err_total=0 rate1=512 rate2=512 prod1=512 prod2=512 dac_err=0 tx_drop=0 hb_ms=0 sma_state=6 m7_us=1502445559 m4_us=1500250833 vdd=5.067 offset=0.5000 aref=3.145 loop_us_avg=93 loop_us_max=5524 loop_hz=10752 cycle_log_ms=1 n_cycle=4 cc=1 cc_hz=1025 cc_i_tgt=0.1000 cc_u=0.5000 cc_r=135.2584 cc_tau_ms=7.00
[  42.975] s): 0x
[  42.975] [ADC1]
[  42.975] STATUS alarm(
[  43.350] [STATUS] t_ms=1457605 hwm=6 cap=256 dropped=0 dropped_total=20543 crc_err=0 crc_err_total=0 rate1=512 rate2=512 prod1=512 prod2=512 dac_err=0 tx_drop=0 hb_ms=0 sma_state=6 m7_us=1503477030 m4_us=1501282280 vdd=5.067 offset=0.5000 aref=3.145 loop_us_avg=92 loop_us_max=5367 loop_hz=10869 cycle_log_ms=1 n_cycle=4 cc=1 cc_hz=1025 cc_i_tgt=0.1000 cc_u=0.5000 cc_r=135.2584 cc_tau_ms=7.00
[  43.983] [ADC1] STATUS alarm(
[  44.362] [STATUS] t_ms=1458605 hwm=6 cap=256 dropped=0 dropped_total=20543 crc_err=0 crc_err_total=0 rate1=512 rate2=512 prod1=512 prod2=512 dac_err=0 tx_drop=0 hb_ms=0 sma_state=6 m7_us=1504508456 m4_us=1502313723 vdd=5.067 offset=0.5000 aref=3.145 loop_us_avg=94 loop_us_max=5474 loop_hz=10638 cycle_log_ms=1 n_cycle=4 cc=1 cc_hz=1025 cc_i_tgt=0.1000 cc_u=0.5000 cc_r=135.2584 cc_tau_ms=7.00
[  44.995] [ADC1] STATUS alarm(
[  45.434] [STATUS] t_ms=1459605 hwm=6 cap=256 dropped=0 dropped_total=20543 crc_err=0 crc_err_total=0 rate1=512 rate2=512 prod1=512 prod2=512 dac_err=0 tx_drop=0 hb_ms=0 sma_state=6 m7_us=1505539906 m4_us=1503345144 vdd=5.067 offset=0.5000 aref=3.145 loop_us_avg=92 loop_us_max=5343 loop_hz=10869 cycle_log_ms=1 n_cycle=4 cc=1 cc_hz=1025 cc_i_tgt=0.1000 cc_u=0.5000 cc_r=135.2584 cc_tau_ms=7.00
[  46.004] s): 0x
[  46.004] [ADC1
[  46.004] ] STATUS alarm(
[  46.444] [STATUS] t_ms=1460605 hwm=6 cap=256 dropped=0 dropped_total=20543 crc_err=0 crc_err_total=0 rate1=512 rate2=512 prod1=512 prod2=512 dac_err=0 tx_drop=0 hb_ms=0 sma_state=6 m7_us=1506571286 m4_us=1504376545 vdd=5.067 offset=0.5000 aref=3.145 loop_us_avg=94 loop_us_max=5376 loop_hz=10638 cycle_log_ms=1 n_cycle=4 cc=1 cc_hz=1025 cc_i_tgt=0.1000 cc_u=0.5000 cc_r=135.2584 cc_tau_ms=7.00
[  47.009] [ADC1] STATUS alarm(
[  47.072] [SMA] [ACT] heat n=4/6 I=450.0mA ms=200
[  47.263] [SMA] [ACT] cool n=4/6 I=100.0mA ms=15000
[  47.454] [STATUS] t_ms=1461605 hwm=6 cap=256 dropped=0 dropped_total=20543 crc_err=0 crc_err_total=0 rate1=512 rate2=512 prod1=512 prod2=512 dac_err=0 tx_drop=0 hb_ms=0 sma_state=6 m7_us=1507602709 m4_us=1505407979 vdd=5.067 offset=0.5000 aref=3.145 loop_us_avg=92 loop_us_max=5404 loop_hz=10869 cycle_log_ms=1 n_cycle=4 cc=1 cc_hz=1023 cc_i_tgt=0.1000 cc_u=0.5000 cc_r=135.2584 cc_tau_ms=7.00
[  48.020] [ADC1] STATUS alarm(
[  48.527] [STATUS] t_ms=1462605 hwm=6 cap=256 dropped=0 dropped_total=20543 crc_err=0 crc_err_total=0 rate1=512 rate2=512 prod1=512 prod2=512 dac_err=0 tx_drop=0 hb_ms=0 sma_state=6 m7_us=1508634145 m4_us=1506439355 vdd=5.067 offset=0.5000 aref=3.145 loop_us_avg=92 loop_us_max=5346 loop_hz=10869 cycle_log_ms=1 n_cycle=4 cc=1 cc_hz=1025 cc_i_tgt=0.1000 cc_u=0.5000 cc_r=135.2584 cc_tau_ms=7.00
[  49.028] [ADC1] STATUS alarm(
[  49.533] [STATUS] t_ms=1463605 hwm=6 cap=256 dropped=0 dropped_total=20543 crc_err=0 crc_err_total=0 rate1=512 rate2=512 prod1=512 prod2=512 dac_err=0 tx_drop=0 hb_ms=0 sma_state=6 m7_us=1509665511 m4_us=1507470757 vdd=5.067 offset=0.5000 aref=3.145 loop_us_avg=93 loop_us_max=5418 loop_hz=10752 cycle_log_ms=1 n_cycle=4 cc=1 cc_hz=1025 cc_i_tgt=0.1000 cc_u=0.5000 cc_r=135.2584 cc_tau_ms=7.00
[  50.034] s):
[  50.034] [ADC1] STATUS alarm(
[  50.540] [STATUS] t_ms=1464605 hwm=6 cap=256 dropped=0 dropped_total=20543 crc_err=0 crc_err_total=0 rate1=512 rate2=512 prod1=512 prod2=512 dac_err=0 tx_drop=0 hb_ms=0 sma_state=6 m7_us=1510696392 m4_us=1508502161 vdd=5.067 offset=0.5000 aref=3.145 loop_us_avg=92 loop_us_max=5552 loop_hz=10869 cycle_log_ms=1 n_cycle=4 cc=1 cc_hz=1024 cc_i_tgt=0.1000 cc_u=0.5000 cc_r=135.2584 cc_tau_ms=7.00
[  51.040] [ADC1] STATUS al
[  51.040] arm(
[  51.606] [STATUS] t_ms=1465605 hwm=5 cap=256 dropped=0 dropped_total=20543 crc_err=0 crc_err_total=0 rate1=512 rate2=512 prod1=512 prod2=512 dac_err=0 tx_drop=0 hb_ms=0 sma_state=6 m7_us=1511727655 m4_us=1509533537 vdd=5.067 offset=0.5000 aref=3.145 loop_us_avg=93 loop_us_max=5563 loop_hz=10752 cycle_log_ms=1 n_cycle=4 cc=1 cc_hz=1026 cc_i_tgt=0.1000 cc_u=0.5000 cc_r=135.2584 cc_tau_ms=7.00
[  52.051] [ADC1] STATUS alarm(
[  52.620] [STATUS] t_ms=1466605 hwm=5 cap=256 dropped=0 dropped_total=20543 crc_err=0 crc_err_total=0 rate1=512 rate2=512 prod1=512 prod2=512 dac_err=0 tx_drop=0 hb_ms=0 sma_state=6 m7_us=1512759132 m4_us=1510564913 vdd=5.067 offset=0.5000 aref=3.145 loop_us_avg=93 loop_us_max=5345 loop_hz=10752 cycle_log_ms=1 n_cycle=4 cc=1 cc_hz=1025 cc_i_tgt=0.1000 cc_u=0.5000 cc_r=135.2584 cc_tau_ms=7.00
[  53.062] [ADC1] STATUS alarm(
[  53.688] [STATUS] t_ms=1467605 hwm=5 cap=256 dropped=0 dropped_total=20543 crc_err=0 crc_err_total=0 rate1=512 rate2=512 prod1=512 prod2=512 dac_err=0 tx_drop=0 hb_ms=0 sma_state=6 m7_us=1513790663 m4_us=1511596273 vdd=5.067 offset=0.5000 aref=3.145 loop_us_avg=92 loop_us_max=5403 loop_hz=10869 cycle_log_ms=1 n_cycle=4 cc=1 cc_hz=1025 cc_i_tgt=0.1000 cc_u=0.5000 cc_r=135.2584 cc_tau_ms=7.00
[  54.066] [ADC1] STATUS alarm(
[  54.699] [STATUS] t_ms=1468605 hwm=5 cap=256 dropped=0 dropped_total=20543 crc_err=0 crc_err_total=0 rate1=512 rate2=512 prod1=512 prod2=512 dac_err=0 tx_drop=0 hb_ms=0 sma_state=6 m7_us=1514821758 m4_us=1512627659 vdd=5.067 offset=0.5000 aref=3.145 loop_us_avg=92 loop_us_max=5583 loop_hz=10869 cycle_log_ms=1 n_cycle=4 cc=1 cc_hz=1026 cc_i_tgt=0.1000 cc_u=0.5000 cc_r=135.2584 cc_tau_ms=7.00
[  55.074] [ADC1] STATUS alarm(
[  55.702] [STATUS] t_ms=1469605 hwm=5 cap=256 dropped=0 dropped_total=20543 crc_err=0 crc_err_total=0 rate1=512 rate2=512 prod1=512 prod2=512 dac_err=0 tx_drop=0 hb_ms=0 sma_state=6 m7_us=1515853276 m4_us=1513659051 vdd=5.067 offset=0.5000 aref=3.145 loop_us_avg=92 loop_us_max=5322 loop_hz=10869 cycle_log_ms=1 n_cycle=4 cc=1 cc_hz=1025 cc_i_tgt=0.1000 cc_u=0.5000 cc_r=135.2584 cc_tau_ms=7.00
[  56.081] s): 0x49
[  56.081] [ADC1] STATUS alarm(
[  56.776] [STATUS] t_ms=1470605 hwm=5 cap=256 dropped=0 dropped_total=20543 crc_err=0 crc_err_total=0 rate1=512 rate2=512 prod1=512 prod2=512 dac_err=0 tx_drop=0 hb_ms=0 sma_state=6 m7_us=1516884686 m4_us=1514690469 vdd=5.067 offset=0.5000 aref=3.145 loop_us_avg=92 loop_us_max=5414 loop_hz=10869 cycle_log_ms=1 n_cycle=4 cc=1 cc_hz=1025 cc_i_tgt=0.1000 cc_u=0.5000 cc_r=135.2584 cc_tau_ms=7.00
[  57.091] s): 0xC9
[  57.091] [ADC1]
[  57.091] STATUS alarm(
[  57.782] [STATUS] t_ms=1471605 hwm=5 cap=256 dropped=0 dropped_total=20543 crc_err=0 crc_err_total=0 rate1=512 rate2=512 prod1=512 prod2=512 dac_err=0 tx_drop=0 hb_ms=0 sma_state=6 m7_us=1517916077 m4_us=1515721867 vdd=5.067 offset=0.5000 aref=3.145 loop_us_avg=93 loop_us_max=5406 loop_hz=10752 cycle_log_ms=1 n_cycle=4 cc=1 cc_hz=1025 cc_i_tgt=0.1000 cc_u=0.5000 cc_r=135.2584 cc_tau_ms=7.00
[  58.098] [ADC1] STATUS alarm(
[  58.792] [STATUS] t_ms=1472605 hwm=5 cap=256 dropped=0 dropped_total=20543 crc_err=0 crc_err_total=0 rate1=512 rate2=512 prod1=512 prod2=512 dac_err=0 tx_drop=0 hb_ms=0 sma_state=6 m7_us=1518947495 m4_us=1516753285 vdd=5.067 offset=0.5000 aref=3.145 loop_us_avg=92 loop_us_max=5504 loop_hz=10869 cycle_log_ms=1 n_cycle=4 cc=1 cc_hz=1026 cc_i_tgt=0.1000 cc_u=0.5000 cc_r=135.2584 cc_tau_ms=7.00
[  59.109] [ADC1] STATUS alarm
[  59.868] [STATUS] t_ms=1473605 hwm=5 cap=256 dropped=0 dropped_total=20543 crc_err=0 crc_err_total=0 rate1=512 rate2=512 prod1=512 prod2=512 dac_err=0 tx_drop=0 hb_ms=0 sma_state=6 m7_us=1519978928 m4_us=1517784715 vdd=5.067 offset=0.5000 aref=3.145 loop_us_avg=93 loop_us_max=5403 loop_hz=10752 cycle_log_ms=1 n_cycle=4 cc=1 cc_hz=1025 cc_i_tgt=0.1000 cc_u=0.5000 cc_r=135.2584 cc_tau_ms=7.00
[  60.120] [ADC1] STATUS alarm(
[  60.878] [STATUS] t_ms=1474605 hwm=5 cap=256 dropped=0 dropped_total=20543 crc_err=0 crc_err_total=0 rate1=512 rate2=512 prod1=512 prod2=512 dac_err=0 tx_drop=0 hb_ms=0 sma_state=6 m7_us=1521010368 m4_us=1518816158 vdd=5.067 offset=0.5000 aref=3.145 loop_us_avg=93 loop_us_max=5393 loop_hz=10752 cycle_log_ms=1 n_cycle=4 cc=1 cc_hz=1025 cc_i_tgt=0.1000 cc_u=0.5000 cc_r=135.2584 cc_tau_ms=7.00
[  61.130] [ADC1] STATUS alarm(
[  61.888] [STATUS] t_ms=1475605 hwm=5 cap=256 dropped=0 dropped_total=20543 crc_err=0 crc_err_total=0 rate1=512 rate2=512 prod1=512 prod2=512 dac_err=0 tx_drop=0 hb_ms=0 sma_state=6 m7_us=1522041816 m4_us=1519847601 vdd=5.067 offset=0.5000 aref=3.145 loop_us_avg=93 loop_us_max=5418 loop_hz=10752 cycle_log_ms=1 n_cycle=4 cc=1 cc_hz=1025 cc_i_tgt=0.1000 cc_u=0.5000 cc_r=135.2584 cc_tau_ms=7.00
[  62.332] s):
[  62.332] [ADC1] STATUS alarm(
[  62.714] [SMA] [ACT] heat n=5/6 I=450.0mA ms=200
[  62.966] [STATUS] t_ms=1476605 hwm=24 cap=256 dropped=0 dropped_total=20543 crc_err=0 crc_err_total=0 rate1=512 rate2=512 prod1=512 prod2=512 dac_err=0 tx_drop=0 hb_ms=0 sma_state=5 m7_us=1523073812 m4_us=1520879086 vdd=5.067 offset=0.5000 aref=3.145 loop_us_avg=94 loop_us_max=23335 loop_hz=10638 cycle_log_ms=1 n_cycle=4 cc=1 cc_hz=1001 cc_i_tgt=0.4500 cc_u=5.0000 cc_r=135.2584 cc_tau_ms=7.00
[  62.966] [SMA] [ACT] cool n=5/6 I=100.0mA ms=15000
[  63.154] [ADC1] STATUS alarm(
[  63.969] [STATUS] t_ms=1477605 hwm=6 cap=256 dropped=0 dropped_total=20543 crc_err=0 crc_err_total=0 rate1=512 rate2=512 prod1=512 prod2=512 dac_err=0 tx_drop=0 hb_ms=0 sma_state=6 m7_us=1524105300 m4_us=1521910555 vdd=5.067 offset=0.5000 aref=3.145 loop_us_avg=93 loop_us_max=5349 loop_hz=10752 cycle_log_ms=1 n_cycle=4 cc=1 cc_hz=1024 cc_i_tgt=0.1000 cc_u=0.5000 cc_r=135.2584 cc_tau_ms=7.00
[  64.159] [ADC1] STATUS alarm(
[  64.978] [STATUS] t_ms=1478605 hwm=6 cap=256 dropped=0 dropped_total=20543 crc_err=0 crc_err_total=0 rate1=512 rate2=512 prod1=512 prod2=512 dac_err=0 tx_drop=0 hb_ms=0 sma_state=6 m7_us=1525136752 m4_us=1522942005 vdd=5.067 offset=0.5000 aref=3.145 loop_us_avg=93 loop_us_max=5348 loop_hz=10752 cycle_log_ms=1 n_cycle=4 cc=1 cc_hz=1025 cc_i_tgt=0.1000 cc_u=0.5000 cc_r=135.2584 cc_tau_ms=7.00
[  65.165] s): 0xC9 PGA
[  65.165] L_ALM
[  65.165] [ADC1] STATUS alarm(
[  66.052] [STATUS] t_ms=1479605 hwm=6 cap=256 dropped=0 dropped_total=20543 crc_err=0 crc_err_total=0 rate1=512 rate2=512 prod1=512 prod2=512 dac_err=0 tx_drop=0 hb_ms=0 sma_state=6 m7_us=1526168209 m4_us=1523973473 vdd=5.067 offset=0.5000 aref=3.145 loop_us_avg=94 loop_us_max=5357 loop_hz=10638 cycle_log_ms=1 n_cycle=4 cc=1 cc_hz=1025 cc_i_tgt=0.1000 cc_u=0.5000 cc_r=135.2584 cc_tau_ms=7.00
[  66.178] s): 0
[  66.178] [ADC
[  66.178] 1] STATUS alarm(
[  67.062] [STATUS] t_ms=1480605 hwm=6 cap=256 dropped=0 dropped_total=20543 crc_err=0 crc_err_total=0 rate1=512 rate2=512 prod1=512 prod2=512 dac_err=0 tx_drop=0 hb_ms=0 sma_state=6 m7_us=1527199686 m4_us=1525004942 vdd=5.067 offset=0.5000 aref=3.145 loop_us_avg=92 loop_us_max=5352 loop_hz=10869 cycle_log_ms=1 n_cycle=4 cc=1 cc_hz=1025 cc_i_tgt=0.1000 cc_u=0.5000 cc_r=135.2584 cc_tau_ms=7.00
[  67.123] [ADC1] STATUS alarm(
[  68.133] [STATUS] t_ms=1481605 hwm=6 cap=256 dropped=0 dropped_total=20543 crc_err=0 crc_err_total=0 rate1=512 rate2=512 prod1=512 prod2=512 dac_err=0 tx_drop=0 hb_ms=0 sma_state=6 m7_us=1528231144 m4_us=1526036411 vdd=5.067 offset=0.5000 aref=3.145 loop_us_avg=93 loop_us_max=5446 loop_hz=10752 cycle_log_ms=1 n_cycle=4 cc=1 cc_hz=1025 cc_i_tgt=0.1000 cc_u=0.5000 cc_r=135.2584 cc_tau_ms=7.00
[  68.133] [ADC1] STATUS alarm(
[  69.145] [STATUS] t_ms=1482605 hwm=6 cap=256 dropped=0 dropped_total=20543 crc_err=0 crc_err_total=0 rate1=512 rate2=512 prod1=512 prod2=512 dac_err=0 tx_drop=0 hb_ms=0 sma_state=6 m7_us=1529262659 m4_us=1527067905 vdd=5.067 offset=0.5000 aref=3.145 loop_us_avg=93 loop_us_max=5359 loop_hz=10752 cycle_log_ms=1 n_cycle=4 cc=1 cc_hz=1025 cc_i_tgt=0.1000 cc_u=0.5000 cc_r=135.2584 cc_tau_ms=7.00
[  69.145] [ADC1] STATUS alarm(
[  70.148] [STATUS] t_ms=1483605 hwm=6 cap=256 dropped=0 dropped_total=20543 crc_err=0 crc_err_total=0 rate1=512 rate2=512 prod1=512 prod2=512 dac_err=0 tx_drop=0 hb_ms=0 sma_state=6 m7_us=1530294157 m4_us=1528099425 vdd=5.067 offset=0.5000 aref=3.145 loop_us_avg=93 loop_us_max=5463 loop_hz=10752 cycle_log_ms=1 n_cycle=4 cc=1 cc_hz=1025 cc_i_tgt=0.1000 cc_u=0.5000 cc_r=135.2584 cc_tau_ms=7.00
[  70.148] s): 0
[  70.148] [ADC1] STATUS alarm(
[  71.157] [ADC1] STATUS alarm
[  71.218] [STATUS] t_ms=1484605 hwm=6 cap=256 dropped=0 dropped_total=20543 crc_err=0 crc_err_total=0 rate1=512 rate2=512 prod1=512 prod2=512 dac_err=0 tx_drop=0 hb_ms=0 sma_state=6 m7_us=1531325761 m4_us=1529130917 vdd=5.067 offset=0.5000 aref=3.145 loop_us_avg=94 loop_us_max=5386 loop_hz=10638 cycle_log_ms=1 n_cycle=4 cc=1 cc_hz=1025 cc_i_tgt=0.1000 cc_u=0.5000 cc_r=135.2584 cc_tau_ms=7.00
[  72.167] [ADC1] STATUS alarm(
[  72.230] [STATUS] t_ms=1485605 hwm=6 cap=256 dropped=0 dropped_total=20543 crc_err=0 crc_err_total=0 rate1=512 rate2=512 prod1=512 prod2=512 dac_err=0 tx_drop=0 hb_ms=0 sma_state=6 m7_us=1532357102 m4_us=1530162379 vdd=5.067 offset=0.5000 aref=3.145 loop_us_avg=92 loop_us_max=5559 loop_hz=10869 cycle_log_ms=1 n_cycle=4 cc=1 cc_hz=1025 cc_i_tgt=0.1000 cc_u=0.5000 cc_r=135.2584 cc_tau_ms=7.00
[  73.177] s):
[  73.177] [A
[  73.177] DC1] STATUS alarm(
[  73.239] [STATUS] t_ms=1486605 hwm=6 cap=256 dropped=0 dropped_total=20543 crc_err=0 crc_err_total=0 rate1=512 rate2=512 prod1=512 prod2=512 dac_err=0 tx_drop=0 hb_ms=0 sma_state=6 m7_us=1533388620 m4_us=1531193873 vdd=5.067 offset=0.5000 aref=3.145 loop_us_avg=93 loop_us_max=5352 loop_hz=10752 cycle_log_ms=1 n_cycle=4 cc=1 cc_hz=1025 cc_i_tgt=0.1000 cc_u=0.5000 cc_r=135.2584 cc_tau_ms=7.00
[  74.186] [ADC1] STATUS alarm(
[  74.313] [STATUS] t_ms=1487605 hwm=6 cap=256 dropped=0 dropped_total=20543 crc_err=0 crc_err_total=0 rate1=512 rate2=512 prod1=512 prod2=512 dac_err=0 tx_drop=0 hb_ms=0 sma_state=6 m7_us=1534420175 m4_us=1532225349 vdd=5.067 offset=0.5000 aref=3.145 loop_us_avg=93 loop_us_max=5348 loop_hz=10752 cycle_log_ms=1 n_cycle=4 cc=1 cc_hz=1025 cc_i_tgt=0.1000 cc_u=0.5000 cc_r=135.2584 cc_tau_ms=7.00
[  75.194] [ADC1] STATUS alarm(
[  75.320] [STATUS] t_ms=1488605 hwm=6 cap=256 dropped=0 dropped_total=20543 crc_err=0 crc_err_total=0 rate1=512 rate2=512 prod1=512 prod2=512 dac_err=0 tx_drop=0 hb_ms=0 sma_state=6 m7_us=1535451572 m4_us=1533256833 vdd=5.067 offset=0.5000 aref=3.145 loop_us_avg=93 loop_us_max=5464 loop_hz=10752 cycle_log_ms=1 n_cycle=4 cc=1 cc_hz=1025 cc_i_tgt=0.1000 cc_u=0.5000 cc_r=135.2584 cc_tau_ms=7.00
[  76.208] [ADC1] STATUS alarm(
[  76.333] [STATUS] t_ms=1489605 hwm=6 cap=256 dropped=0 dropped_total=20543 crc_err=0 crc_err_total=0 rate1=512 rate2=512 prod1=512 prod2=512 dac_err=0 tx_drop=0 hb_ms=0 sma_state=6 m7_us=1536483031 m4_us=1534288283 vdd=5.067 offset=0.5000 aref=3.145 loop_us_avg=93 loop_us_max=5362 loop_hz=10752 cycle_log_ms=1 n_cycle=4 cc=1 cc_hz=1025 cc_i_tgt=0.1000 cc_u=0.5000 cc_r=135.2584 cc_tau_ms=7.00
[  77.219] s):
[  77.219] [A
[  77.219] DC1] STATUS alarm(
[  77.409] [STATUS] t_ms=1490605 hwm=6 cap=256 dropped=0 dropped_total=20543 crc_err=0 crc_err_total=0 rate1=512 rate2=512 prod1=512 prod2=512 dac_err=0 tx_drop=0 hb_ms=0 sma_state=6 m7_us=1537514447 m4_us=1535319717 vdd=5.067 offset=0.5000 aref=3.145 loop_us_avg=94 loop_us_max=5441 loop_hz=10638 cycle_log_ms=1 n_cycle=4 cc=1 cc_hz=1025 cc_i_tgt=0.1000 cc_u=0.5000 cc_r=135.2584 cc_tau_ms=7.00
[  78.233] s)
[  78.233] [A
[  78.233] DC1] STATUS alarm(
[  78.421] [STATUS] t_ms=1491605 hwm=6 cap=256 dropped=0 dropped_total=20543 crc_err=0 crc_err_total=0 rate1=512 rate2=512 prod1=512 prod2=512 dac_err=0 tx_drop=0 hb_ms=0 sma_state=6 m7_us=1538545976 m4_us=1536351211 vdd=5.067 offset=0.5000 aref=3.145 loop_us_avg=93 loop_us_max=5352 loop_hz=10752 cycle_log_ms=1 n_cycle=4 cc=1 cc_hz=1025 cc_i_tgt=0.1000 cc_u=0.5000 cc_r=135.2584 cc_tau_ms=7.00
[  78.421] [SMA] [ACT] heat n=6/6 I=450.0mA ms=200
[  78.610] [SMA] [ACT] cool n=6/6 I=100.0mA ms=15000
[  79.241] [ADC1] STATUS alarm(
[  79.428] [STATUS] t_ms=1492605 hwm=6 cap=256 dropped=0 dropped_total=20543 crc_err=0 crc_err_total=0 rate1=512 rate2=512 prod1=512 prod2=512 dac_err=0 tx_drop=0 hb_ms=0 sma_state=6 m7_us=1539577468 m4_us=1537382680 vdd=5.067 offset=0.5000 aref=3.145 loop_us_avg=93 loop_us_max=5370 loop_hz=10752 cycle_log_ms=1 n_cycle=4 cc=1 cc_hz=1023 cc_i_tgt=0.1000 cc_u=0.5000 cc_r=135.2584 cc_tau_ms=7.00
[  80.251] [ADC1] STATUS alarm(
[  80.500] [STATUS] t_ms=1493605 hwm=6 cap=256 dropped=0 dropped_total=20543 crc_err=0 crc_err_total=0 rate1=512 rate2=512 prod1=512 prod2=512 dac_err=0 tx_drop=0 hb_ms=0 sma_state=6 m7_us=1540608858 m4_us=1538414129 vdd=5.067 offset=0.5000 aref=3.145 loop_us_avg=93 loop_us_max=5395 loop_hz=10752 cycle_log_ms=1 n_cycle=4 cc=1 cc_hz=1025 cc_i_tgt=0.1000 cc_u=0.5000 cc_r=135.2584 cc_tau_ms=7.00
[  81.257] [ADC1] STATUS alarm(
[  81.507] [STATUS] t_ms=1494605 hwm=6 cap=256 dropped=0 dropped_total=20543 crc_err=0 crc_err_total=0 rate1=512 rate2=512 prod1=512 prod2=512 dac_err=0 tx_drop=0 hb_ms=0 sma_state=6 m7_us=1541640308 m4_us=1539445560 vdd=5.067 offset=0.5000 aref=3.145 loop_us_avg=93 loop_us_max=5356 loop_hz=10752 cycle_log_ms=1 n_cycle=4 cc=1 cc_hz=1025 cc_i_tgt=0.1000 cc_u=0.5000 cc_r=135.2584 cc_tau_ms=7.00
[  82.265] [ADC1] STATUS alarm
[  82.518] [STATUS] t_ms=1495605 hwm=6 cap=256 dropped=0 dropped_total=20543 crc_err=0 crc_err_total=0 rate1=512 rate2=512 prod1=512 prod2=512 dac_err=0 tx_drop=0 hb_ms=0 sma_state=6 m7_us=1542671737 m4_us=1540476987 vdd=5.067 offset=0.5000 aref=3.145 loop_us_avg=93 loop_us_max=5351 loop_hz=10752 cycle_log_ms=1 n_cycle=4 cc=1 cc_hz=1025 cc_i_tgt=0.1000 cc_u=0.5000 cc_r=135.2584 cc_tau_ms=7.00
[  83.276] [ADC1] STATUS alarm(
[  83.594] [STATUS] t_ms=1496605 hwm=6 cap=256 dropped=0 dropped_total=20543 crc_err=0 crc_err_total=0 rate1=512 rate2=512 prod1=512 prod2=512 dac_err=0 tx_drop=0 hb_ms=0 sma_state=6 m7_us=1543703172 m4_us=1541508424 vdd=5.067 offset=0.5000 aref=3.145 loop_us_avg=92 loop_us_max=5354 loop_hz=10869 cycle_log_ms=1 n_cycle=4 cc=1 cc_hz=1025 cc_i_tgt=0.1000 cc_u=0.5000 cc_r=135.2584 cc_tau_ms=7.00
[  84.289] [ADC1] STATUS alarm(
[  84.606] [STATUS] t_ms=1497605 hwm=6 cap=256 dropped=0 dropped_total=20543 crc_err=0 crc_err_total=0 rate1=512 rate2=512 prod1=512 prod2=512 dac_err=0 tx_drop=0 hb_ms=0 sma_state=6 m7_us=1544734564 m4_us=1542539835 vdd=5.067 offset=0.5000 aref=3.145 loop_us_avg=93 loop_us_max=5343 loop_hz=10752 cycle_log_ms=1 n_cycle=4 cc=1 cc_hz=1025 cc_i_tgt=0.1000 cc_u=0.5000 cc_r=135.2584 cc_tau_ms=7.00
[  85.298] s): 0
[  85.298] [ADC
[  85.298] 1] STATUS alarm(
[  85.615] [STATUS] t_ms=1498605 hwm=6 cap=256 dropped=0 dropped_total=20543 crc_err=0 crc_err_total=0 rate1=512 rate2=512 prod1=512 prod2=512 dac_err=0 tx_drop=0 hb_ms=0 sma_state=6 m7_us=1545766020 m4_us=1543571265 vdd=5.067 offset=0.5000 aref=3.145 loop_us_avg=93 loop_us_max=5362 loop_hz=10752 cycle_log_ms=1 n_cycle=4 cc=1 cc_hz=1025 cc_i_tgt=0.1000 cc_u=0.5000 cc_r=135.2584 cc_tau_ms=7.00
[  86.306] [ADC1] STATUS alarm(
[  86.687] [STATUS] t_ms=1499605 hwm=6 cap=256 dropped=0 dropped_total=20543 crc_err=0 crc_err_total=0 rate1=512 rate2=512 prod1=512 prod2=512 dac_err=0 tx_drop=0 hb_ms=0 sma_state=6 m7_us=1546797475 m4_us=1544602677 vdd=5.067 offset=0.5000 aref=3.145 loop_us_avg=93 loop_us_max=5358 loop_hz=10752 cycle_log_ms=1 n_cycle=4 cc=1 cc_hz=1025 cc_i_tgt=0.1000 cc_u=0.5000 cc_r=135.2584 cc_tau_ms=7.00
[  87.318] [ADC1] STATUS alarm(
[  87.696] [STATUS] t_ms=1500605 hwm=6 cap=256 dropped=0 dropped_total=20543 crc_err=0 crc_err_total=0 rate1=512 rate2=512 prod1=512 prod2=512 dac_err=0 tx_drop=0 hb_ms=0 sma_state=6 m7_us=1547828837 m4_us=1545634113 vdd=5.067 offset=0.5000 aref=3.145 loop_us_avg=92 loop_us_max=5417 loop_hz=10869 cycle_log_ms=1 n_cycle=4 cc=1 cc_hz=1025 cc_i_tgt=0.1000 cc_u=0.5000 cc_r=135.2584 cc_tau_ms=7.00
[  88.322] [ADC1] STATUS alarm(
[  88.701] [STATUS] t_ms=1501605 hwm=6 cap=256 dropped=0 dropped_total=20543 crc_err=0 crc_err_total=0 rate1=512 rate2=512 prod1=512 prod2=512 dac_err=0 tx_drop=0 hb_ms=0 sma_state=6 m7_us=1548860282 m4_us=1546665550 vdd=5.067 offset=0.5000 aref=3.145 loop_us_avg=93 loop_us_max=5472 loop_hz=10752 cycle_log_ms=1 n_cycle=4 cc=1 cc_hz=1025 cc_i_tgt=0.1000 cc_u=0.5000 cc_r=135.2584 cc_tau_ms=7.00
[  89.334] [ADC1] STATUS alarm(
[  89.774] [STATUS] t_ms=1502605 hwm=6 cap=256 dropped=0 dropped_total=20543 crc_err=0 crc_err_total=0 rate1=512 rate2=512 prod1=512 prod2=512 dac_err=0 tx_drop=0 hb_ms=0 sma_state=6 m7_us=1549891715 m4_us=1547696965 vdd=5.067 offset=0.5000 aref=3.145 loop_us_avg=93 loop_us_max=5357 loop_hz=10752 cycle_log_ms=1 n_cycle=4 cc=1 cc_hz=1025 cc_i_tgt=0.1000 cc_u=0.5000 cc_r=135.2584 cc_tau_ms=7.00
[  90.343] [ADC1] STATUS alarm(
[  90.785] [STATUS] t_ms=1503605 hwm=6 cap=256 dropped=0 dropped_total=20543 crc_err=0 crc_err_total=0 rate1=512 rate2=512 prod1=512 prod2=512 dac_err=0 tx_drop=0 hb_ms=0 sma_state=6 m7_us=1550923083 m4_us=1548728363 vdd=5.067 offset=0.5000 aref=3.145 loop_us_avg=93 loop_us_max=5347 loop_hz=10752 cycle_log_ms=1 n_cycle=4 cc=1 cc_hz=1025 cc_i_tgt=0.1000 cc_u=0.5000 cc_r=135.2584 cc_tau_ms=7.00
[  91.354] s): 0x
[  91.354] [ADC1
[  91.354] ] STATUS alarm(
[  91.800] [STATUS] t_ms=1504605 hwm=6 cap=256 dropped=0 dropped_total=20543 crc_err=0 crc_err_total=0 rate1=512 rate2=512 prod1=512 prod2=512 dac_err=0 tx_drop=0 hb_ms=0 sma_state=6 m7_us=1551954551 m4_us=1549759806 vdd=5.067 offset=0.5000 aref=3.145 loop_us_avg=94 loop_us_max=5350 loop_hz=10638 cycle_log_ms=1 n_cycle=4 cc=1 cc_hz=1025 cc_i_tgt=0.1000 cc_u=0.5000 cc_r=135.2584 cc_tau_ms=7.00
[  92.361] [ADC1] STATUS alarm(
[  92.865] [STATUS] t_ms=1505605 hwm=6 cap=256 dropped=0 dropped_total=20543 crc_err=0 crc_err_total=0 rate1=512 rate2=512 prod1=512 prod2=512 dac_err=0 tx_drop=0 hb_ms=0 sma_state=6 m7_us=1552985965 m4_us=1550791237 vdd=5.067 offset=0.5000 aref=3.145 loop_us_avg=93 loop_us_max=5355 loop_hz=10752 cycle_log_ms=1 n_cycle=4 cc=1 cc_hz=1025 cc_i_tgt=0.1000 cc_u=0.5000 cc_r=135.2584 cc_tau_ms=7.00
[  93.364] [ADC1] STATUS alarm
[  93.869] [STATUS] t_ms=1506605 hwm=6 cap=256 dropped=0 dropped_total=20543 crc_err=0 crc_err_total=0 rate1=512 rate2=512 prod1=512 prod2=512 dac_err=0 tx_drop=0 hb_ms=0 sma_state=6 m7_us=1554017431 m4_us=1551822677 vdd=5.067 offset=0.5000 aref=3.145 loop_us_avg=94 loop_us_max=5354 loop_hz=10638 cycle_log_ms=1 n_cycle=4 cc=1 cc_hz=1025 cc_i_tgt=0.1000 cc_u=0.5000 cc_r=135.2584 cc_tau_ms=7.00
[  94.124] [SMA] [ACT] -> idle (done) after 6 cycle(s); still armed
