[   0.051] [SMA] ARMED (MOSFET on); idle=0.500 V
[   0.051] [STATUS] t_ms=144461 hwm=256 cap=256 dropped=73 dropped_total=3543 crc_err=0 crc_err_total=0 rate1=379 rate2=379 prod1=476 prod2=476 dac_err=0 tx_drop=0 hb_ms=0 sma_state=0 m7_us=148998832 m4_us=146535020 vdd=5.067 offset=0.5000 aref=3.145 loop_us_avg=31 loop_us_max=332508 loop_hz=32258 cycle_log_ms=1 n_cycle=4 cc=0 cc_hz=0 cc_i_tgt=0.1000 cc_u=0.5017 cc_r=4.8622 cc_tau_ms=7.00
[   0.362] [A
[   0.362] DC1] STATUS al
[   0.362] arm(s): 0xC9 PGA
[   0.362] L_ALM
[   1.048] [STATUS] t_ms=145461 hwm=200 cap=256 dropped=0 dropped_total=3543 crc_err=0 crc_err_total=0 rate1=605 rate2=608 prod1=511 prod2=512 dac_err=0 tx_drop=0 hb_ms=0 sma_state=0 m7_us=150030552 m4_us=147835030 vdd=5.067 offset=0.5000 aref=3.145 loop_us_avg=22 loop_us_max=8266 loop_hz=45454 cycle_log_ms=1 n_cycle=4 cc=0 cc_hz=0 cc_i_tgt=0.1000 cc_u=0.5017 cc_r=4.8622 cc_tau_ms=7.00
[   1.364] [ADC1] STA
[   1.364] TUS alarm(s): 0x
[   0.063] [SMA] [CC] start i_high=250.0mA i_low=100.0mA t_high=300 t_idle=15000 n=6 (0=cont) tau_ms=7.0 wdt_ms=5000
[   0.063] [SMA] [ACT] heat n=1/6 I=250.0mA ms=300
[   0.063] [STATUS] t_ms=146461 hwm=6 cap=256 dropped=0 dropped_total=3543 crc_err=0 crc_err_total=0 rate1=513 rate2=512 prod1=513 prod2=512 dac_err=0 tx_drop=0 hb_ms=0 sma_state=5 m7_us=151062719 m4_us=148868062 vdd=5.067 offset=0.5000 aref=3.145 loop_us_avg=22 loop_us_max=5473 loop_hz=45454 cycle_log_ms=1 n_cycle=4 cc=1 cc_hz=11 cc_i_tgt=0.2500 cc_u=0.5132 cc_r=0.0000 cc_tau_ms=7.00
[   0.315] [ADC1
[   0.315] [SMA] [ACT] cool n=1/6 I=100.0mA ms=15000
[   1.078] [STATUS] t_ms=147461 hwm=6 cap=256 dropped=0 dropped_total=3543 crc_err=0 crc_err_total=0 rate1=512 rate2=512 prod1=512 prod2=512 dac_err=0 tx_drop=0 hb_ms=0 sma_state=6 m7_us=152094698 m4_us=149900082 vdd=5.067 offset=0.5000 aref=3.145 loop_us_avg=91 loop_us_max=5391 loop_hz=10989 cycle_log_ms=1 n_cycle=4 cc=1 cc_hz=1022 cc_i_tgt=0.1000 cc_u=0.5107 cc_r=4.9076 cc_tau_ms=7.00
[   1.330] M
[   2.086] [STATUS] t_ms=148461 hwm=6 cap=256 dropped=0 dropped_total=3543 crc_err=0 crc_err_total=0 rate1=512 rate2=512 prod1=512 prod2=512 dac_err=0 tx_drop=0 hb_ms=0 sma_state=6 m7_us=153126670 m4_us=150932050 vdd=5.067 offset=0.5000 aref=3.145 loop_us_avg=93 loop_us_max=5538 loop_hz=10752 cycle_log_ms=1 n_cycle=4 cc=1 cc_hz=1025 cc_i_tgt=0.1000 cc_u=0.5000 cc_r=4.8330 cc_tau_ms=7.00
[   3.157] [STATUS] t_ms=149461 hwm=6 cap=256 dropped=0 dropped_total=3543 crc_err=0 crc_err_total=0 rate1=512 rate2=512 prod1=512 prod2=512 dac_err=0 tx_drop=0 hb_ms=0 sma_state=6 m7_us=154158615 m4_us=151963989 vdd=5.067 offset=0.5000 aref=3.145 loop_us_avg=93 loop_us_max=5395 loop_hz=10752 cycle_log_ms=1 n_cycle=4 cc=1 cc_hz=1025 cc_i_tgt=0.1000 cc_u=0.5000 cc_r=4.8735 cc_tau_ms=7.00
[   4.167] [STATUS] t_ms=150461 hwm=6 cap=256 dropped=0 dropped_total=3543 crc_err=0 crc_err_total=0 rate1=512 rate2=512 prod1=512 prod2=512 dac_err=0 tx_drop=0 hb_ms=0 sma_state=6 m7_us=155190540 m4_us=152995918 vdd=5.067 offset=0.5000 aref=3.145 loop_us_avg=93 loop_us_max=5521 loop_hz=10752 cycle_log_ms=1 n_cycle=4 cc=1 cc_hz=1025 cc_i_tgt=0.1000 cc_u=0.5067 cc_r=4.8748 cc_tau_ms=7.00
[   5.239] [STATUS] t_ms=151461 hwm=6 cap=256 dropped=0 dropped_total=3543 crc_err=0 crc_err_total=0 rate1=512 rate2=512 prod1=512 prod2=512 dac_err=0 tx_drop=0 hb_ms=0 sma_state=6 m7_us=156222472 m4_us=154027858 vdd=5.067 offset=0.5000 aref=3.145 loop_us_avg=94 loop_us_max=5408 loop_hz=10638 cycle_log_ms=1 n_cycle=4 cc=1 cc_hz=1025 cc_i_tgt=0.1000 cc_u=0.5091 cc_r=4.8948 cc_tau_ms=7.00
[   6.251] [STATUS] t_ms=152461 hwm=6 cap=256 dropped=0 dropped_total=3543 crc_err=0 crc_err_total=0 rate1=512 rate2=512 prod1=512 prod2=512 dac_err=0 tx_drop=0 hb_ms=0 sma_state=6 m7_us=157254413 m4_us=155059787 vdd=5.067 offset=0.5000 aref=3.145 loop_us_avg=93 loop_us_max=5474 loop_hz=10752 cycle_log_ms=1 n_cycle=4 cc=1 cc_hz=1025 cc_i_tgt=0.1000 cc_u=0.5479 cc_r=5.9774 cc_tau_ms=7.00
[   6.314] [ADC1] STAT
[   7.257] [STATUS] t_ms=153461 hwm=6 cap=256 dropped=0 dropped_total=3543 crc_err=0 crc_err_total=0 rate1=512 rate2=512 prod1=512 prod2=512 dac_err=0 tx_drop=0 hb_ms=0 sma_state=6 m7_us=158286340 m4_us=156091720 vdd=5.067 offset=0.5000 aref=3.145 loop_us_avg=93 loop_us_max=5401 loop_hz=10752 cycle_log_ms=1 n_cycle=4 cc=1 cc_hz=1025 cc_i_tgt=0.1000 cc_u=0.5151 cc_r=4.9185 cc_tau_ms=7.00
[   8.332] [STATUS] t_ms=154461 hwm=6 cap=256 dropped=0 dropped_total=3543 crc_err=0 crc_err_total=0 rate1=512 rate2=512 prod1=512 prod2=512 dac_err=0 tx_drop=0 hb_ms=0 sma_state=6 m7_us=159318272 m4_us=157123640 vdd=5.067 offset=0.5000 aref=3.145 loop_us_avg=92 loop_us_max=5501 loop_hz=10869 cycle_log_ms=1 n_cycle=4 cc=1 cc_hz=1025 cc_i_tgt=0.1000 cc_u=0.5000 cc_r=4.9203 cc_tau_ms=7.00
[   9.338] [STATUS] t_ms=155461 hwm=6 cap=256 dropped=0 dropped_total=3543 crc_err=0 crc_err_total=0 rate1=512 rate2=512 prod1=512 prod2=512 dac_err=0 tx_drop=0 hb_ms=0 sma_state=6 m7_us=160350178 m4_us=158155557 vdd=5.067 offset=0.5000 aref=3.145 loop_us_avg=92 loop_us_max=5397 loop_hz=10869 cycle_log_ms=1 n_cycle=4 cc=1 cc_hz=1025 cc_i_tgt=0.1000 cc_u=0.5000 cc_r=4.9221 cc_tau_ms=7.00
[  10.345] [STATUS] t_ms=156461 hwm=6 cap=256 dropped=0 dropped_total=3543 crc_err=0 crc_err_total=0 rate1=512 rate2=512 prod1=512 prod2=512 dac_err=0 tx_drop=0 hb_ms=0 sma_state=6 m7_us=161382084 m4_us=159187467 vdd=5.067 offset=0.5000 aref=3.145 loop_us_avg=93 loop_us_max=5422 loop_hz=10752 cycle_log_ms=1 n_cycle=4 cc=1 cc_hz=1025 cc_i_tgt=0.1000 cc_u=0.5000 cc_r=4.9257 cc_tau_ms=7.00
[  11.421] [STATUS] t_ms=157461 hwm=6 cap=256 dropped=0 dropped_total=3543 crc_err=0 crc_err_total=0 rate1=512 rate2=512 prod1=512 prod2=512 dac_err=0 tx_drop=0 hb_ms=0 sma_state=6 m7_us=162413985 m4_us=160219365 vdd=5.067 offset=0.5000 aref=3.145 loop_us_avg=94 loop_us_max=5396 loop_hz=10638 cycle_log_ms=1 n_cycle=4 cc=1 cc_hz=1025 cc_i_tgt=0.1000 cc_u=0.5000 cc_r=4.8324 cc_tau_ms=7.00
[  12.430] [STATUS] t_ms=158461 hwm=6 cap=256 dropped=0 dropped_total=3543 crc_err=0 crc_err_total=0 rate1=512 rate2=512 prod1=512 prod2=512 dac_err=0 tx_drop=0 hb_ms=0 sma_state=6 m7_us=163445850 m4_us=161251234 vdd=5.067 offset=0.5000 aref=3.145 loop_us_avg=93 loop_us_max=5401 loop_hz=10752 cycle_log_ms=1 n_cycle=4 cc=1 cc_hz=1025 cc_i_tgt=0.1000 cc_u=0.5036 cc_r=4.8856 cc_tau_ms=7.00
[  13.435] [STATUS] t_ms=159461 hwm=6 cap=256 dropped=0 dropped_total=3543 crc_err=0 crc_err_total=0 rate1=512 rate2=512 prod1=512 prod2=512 dac_err=0 tx_drop=0 hb_ms=0 sma_state=6 m7_us=164477775 m4_us=162283160 vdd=5.067 offset=0.5000 aref=3.145 loop_us_avg=93 loop_us_max=5399 loop_hz=10752 cycle_log_ms=1 n_cycle=4 cc=1 cc_hz=1025 cc_i_tgt=0.1000 cc_u=0.5000 cc_r=4.8199 cc_tau_ms=7.00
[  14.388] [ADC1] ST
[  14.512] [STATUS] t_ms=160461 hwm=6 cap=256 dropped=0 dropped_total=3543 crc_err=0 crc_err_total=0 rate1=512 rate2=512 prod1=512 prod2=512 dac_err=0 tx_drop=0 hb_ms=0 sma_state=6 m7_us=165509686 m4_us=163315058 vdd=5.067 offset=0.5000 aref=3.145 loop_us_avg=93 loop_us_max=5396 loop_hz=10752 cycle_log_ms=1 n_cycle=4 cc=1 cc_hz=1025 cc_i_tgt=0.1000 cc_u=0.5000 cc_r=4.9549 cc_tau_ms=7.00
[  15.396] [ADC1] STATUS
[  15.396] alarm(s): 0xC9
[  15.522] [STATUS] t_ms=161461 hwm=6 cap=256 dropped=0 dropped_total=3543 crc_err=0 crc_err_total=0 rate1=512 rate2=512 prod1=512 prod2=512 dac_err=0 tx_drop=0 hb_ms=0 sma_state=6 m7_us=166541567 m4_us=164346946 vdd=5.067 offset=0.5000 aref=3.145 loop_us_avg=93 loop_us_max=5431 loop_hz=10752 cycle_log_ms=1 n_cycle=4 cc=1 cc_hz=1025 cc_i_tgt=0.1000 cc_u=0.5954 cc_r=5.8054 cc_tau_ms=7.00
[  15.836] [SMA] [ACT] heat n=2/6 I=250.0mA ms=300
[  16.153] [SMA] [ACT] cool n=2/6 I=100.0mA ms=15000
[  16.531] [STATUS] t_ms=162461 hwm=6 cap=256 dropped=0 dropped_total=3543 crc_err=0 crc_err_total=0 rate1=512 rate2=512 prod1=512 prod2=512 dac_err=0 tx_drop=0 hb_ms=0 sma_state=6 m7_us=167573493 m4_us=165378866 vdd=5.067 offset=0.5000 aref=3.145 loop_us_avg=93 loop_us_max=5402 loop_hz=10752 cycle_log_ms=1 n_cycle=4 cc=1 cc_hz=1022 cc_i_tgt=0.1000 cc_u=0.5024 cc_r=4.9241 cc_tau_ms=7.00
[  17.607] [STATUS] t_ms=163461 hwm=6 cap=256 dropped=0 dropped_total=3543 crc_err=0 crc_err_total=0 rate1=512 rate2=512 prod1=512 prod2=512 dac_err=0 tx_drop=0 hb_ms=0 sma_state=6 m7_us=168605384 m4_us=166410766 vdd=5.067 offset=0.5000 aref=3.145 loop_us_avg=93 loop_us_max=5406 loop_hz=10752 cycle_log_ms=1 n_cycle=4 cc=1 cc_hz=1025 cc_i_tgt=0.1000 cc_u=0.5000 cc_r=4.8148 cc_tau_ms=7.00
[  18.618] [STATUS] t_ms=164461 hwm=6 cap=256 dropped=0 dropped_total=3543 crc_err=0 crc_err_total=0 rate1=512 rate2=512 prod1=512 prod2=512 dac_err=0 tx_drop=0 hb_ms=0 sma_state=6 m7_us=169637337 m4_us=167442709 vdd=5.067 offset=0.5000 aref=3.145 loop_us_avg=92 loop_us_max=5514 loop_hz=10869 cycle_log_ms=1 n_cycle=4 cc=1 cc_hz=1024 cc_i_tgt=0.1000 cc_u=0.5103 cc_r=4.8799 cc_tau_ms=7.00
[  19.626] [STATUS] t_ms=165461 hwm=6 cap=256 dropped=0 dropped_total=3543 crc_err=0 crc_err_total=0 rate1=512 rate2=512 prod1=512 prod2=512 dac_err=0 tx_drop=0 hb_ms=0 sma_state=6 m7_us=170669397 m4_us=168474664 vdd=5.067 offset=0.5000 aref=3.145 loop_us_avg=92 loop_us_max=5403 loop_hz=10869 cycle_log_ms=1 n_cycle=4 cc=1 cc_hz=1025 cc_i_tgt=0.1000 cc_u=0.5046 cc_r=4.9183 cc_tau_ms=7.00
[  20.717] [STATUS] t_ms=166461 hwm=17 cap=256 dropped=0 dropped_total=3543 crc_err=0 crc_err_total=0 rate1=511 rate2=512 prod1=511 prod2=512 dac_err=0 tx_drop=0 hb_ms=0 sma_state=6 m7_us=171701164 m4_us=169505574 vdd=5.067 offset=0.5000 aref=3.145 loop_us_avg=94 loop_us_max=17571 loop_hz=10638 cycle_log_ms=1 n_cycle=4 cc=1 cc_hz=1007 cc_i_tgt=0.1000 cc_u=0.5038 cc_r=4.8834 cc_tau_ms=7.00
[  21.730] [STATUS] t_ms=167461 hwm=7 cap=256 dropped=0 dropped_total=3543 crc_err=0 crc_err_total=0 rate1=513 rate2=512 prod1=513 prod2=512 dac_err=0 tx_drop=0 hb_ms=0 sma_state=6 m7_us=172733148 m4_us=170538530 vdd=5.067 offset=0.5000 aref=3.145 loop_us_avg=93 loop_us_max=6231 loop_hz=10752 cycle_log_ms=1 n_cycle=4 cc=1 cc_hz=1025 cc_i_tgt=0.1000 cc_u=0.5163 cc_r=4.9633 cc_tau_ms=7.00
[  22.744] [STATUS] t_ms=168461 hwm=6 cap=256 dropped=0 dropped_total=3543 crc_err=0 crc_err_total=0 rate1=512 rate2=512 prod1=512 prod2=512 dac_err=0 tx_drop=0 hb_ms=0 sma_state=6 m7_us=173765110 m4_us=171570491 vdd=5.067 offset=0.5000 aref=3.145 loop_us_avg=92 loop_us_max=5469 loop_hz=10869 cycle_log_ms=1 n_cycle=4 cc=1 cc_hz=1024 cc_i_tgt=0.1000 cc_u=0.5000 cc_r=4.8547 cc_tau_ms=7.00
[  23.815] [STATUS] t_ms=169461 hwm=6 cap=256 dropped=0 dropped_total=3543 crc_err=0 crc_err_total=0 rate1=512 rate2=512 prod1=512 prod2=512 dac_err=0 tx_drop=0 hb_ms=0 sma_state=6 m7_us=174797035 m4_us=172602421 vdd=5.067 offset=0.5000 aref=3.145 loop_us_avg=92 loop_us_max=5402 loop_hz=10869 cycle_log_ms=1 n_cycle=4 cc=1 cc_hz=1025 cc_i_tgt=0.1000 cc_u=0.5122 cc_r=5.1860 cc_tau_ms=7.00
[  24.826] [STATUS] t_ms=170461 hwm=6 cap=256 dropped=0 dropped_total=3543 crc_err=0 crc_err_total=0 rate1=512 rate2=512 prod1=512 prod2=512 dac_err=0 tx_drop=0 hb_ms=0 sma_state=6 m7_us=175829000 m4_us=173634373 vdd=5.067 offset=0.5000 aref=3.145 loop_us_avg=94 loop_us_max=5413 loop_hz=10638 cycle_log_ms=1 n_cycle=4 cc=1 cc_hz=1025 cc_i_tgt=0.1000 cc_u=0.6127 cc_r=6.2517 cc_tau_ms=7.00
[  25.519] [AD
[  25.519] C1] STATUS alarm(s
[  25.835] [STATUS] t_ms=171461 hwm=6 cap=256 dropped=0 dropped_total=3543 crc_err=0 crc_err_total=0 rate1=512 rate2=512 prod1=512 prod2=512 dac_err=0 tx_drop=0 hb_ms=0 sma_state=6 m7_us=176860933 m4_us=174666312 vdd=5.067 offset=0.5000 aref=3.145 loop_us_avg=92 loop_us_max=5398 loop_hz=10869 cycle_log_ms=1 n_cycle=4 cc=1 cc_hz=1025 cc_i_tgt=0.1000 cc_u=0.5090 cc_r=5.5447 cc_tau_ms=7.00
[  26.527] [ADC1] STA
[  26.527] TUS alarm(s): 0x9
[  26.906] [STATUS] t_ms=172461 hwm=6 cap=256 dropped=0 dropped_total=3543 crc_err=0 crc_err_total=0 rate1=512 rate2=512 prod1=512 prod2=512 dac_err=0 tx_drop=0 hb_ms=0 sma_state=6 m7_us=177892857 m4_us=175698238 vdd=5.067 offset=0.5000 aref=3.145 loop_us_avg=94 loop_us_max=5399 loop_hz=10638 cycle_log_ms=1 n_cycle=4 cc=1 cc_hz=1025 cc_i_tgt=0.1000 cc_u=0.5000 cc_r=4.8974 cc_tau_ms=7.00
[  27.917] [STATUS] t_ms=173461 hwm=6 cap=256 dropped=0 dropped_total=3543 crc_err=0 crc_err_total=0 rate1=512 rate2=512 prod1=512 prod2=512 dac_err=0 tx_drop=0 hb_ms=0 sma_state=6 m7_us=178924828 m4_us=176730206 vdd=5.067 offset=0.5000 aref=3.145 loop_us_avg=93 loop_us_max=5502 loop_hz=10752 cycle_log_ms=1 n_cycle=4 cc=1 cc_hz=1024 cc_i_tgt=0.1000 cc_u=0.5068 cc_r=4.8895 cc_tau_ms=7.00
[  28.927] [STATUS] t_ms=174461 hwm=6 cap=256 dropped=0 dropped_total=3543 crc_err=0 crc_err_total=0 rate1=512 rate2=512 prod1=512 prod2=512 dac_err=0 tx_drop=0 hb_ms=0 sma_state=6 m7_us=179956797 m4_us=177762174 vdd=5.067 offset=0.5000 aref=3.145 loop_us_avg=93 loop_us_max=5393 loop_hz=10752 cycle_log_ms=1 n_cycle=4 cc=1 cc_hz=1025 cc_i_tgt=0.1000 cc_u=0.6035 cc_r=5.8399 cc_tau_ms=7.00
[  29.992] [STATUS] t_ms=175461 hwm=6 cap=256 dropped=0 dropped_total=3543 crc_err=0 crc_err_total=0 rate1=512 rate2=512 prod1=512 prod2=512 dac_err=0 tx_drop=0 hb_ms=0 sma_state=6 m7_us=180988781 m4_us=178794142 vdd=5.067 offset=0.5000 aref=3.145 loop_us_avg=93 loop_us_max=5406 loop_hz=10752 cycle_log_ms=1 n_cycle=4 cc=1 cc_hz=1025 cc_i_tgt=0.1000 cc_u=0.6040 cc_r=6.0439 cc_tau_ms=7.00
[  30.558] [ADC
[  31.001] [STATUS] t_ms=176461 hwm=6 cap=256 dropped=0 dropped_total=3543 crc_err=0 crc_err_total=0 rate1=512 rate2=512 prod1=512 prod2=512 dac_err=0 tx_drop=0 hb_ms=0 sma_state=6 m7_us=182020761 m4_us=179826139 vdd=5.067 offset=0.5000 aref=3.145 loop_us_avg=92 loop_us_max=5414 loop_hz=10869 cycle_log_ms=1 n_cycle=4 cc=1 cc_hz=1025 cc_i_tgt=0.1000 cc_u=0.5023 cc_r=4.9404 cc_tau_ms=7.00
[  31.567] [AD
[  31.567] C1] STATUS alarm(s):
[  31.630] [SMA] [ACT] heat n=3/6 I=250.0mA ms=300
[  31.946] [SMA] [ACT] cool n=3/6 I=100.0mA ms=15000
[  32.072] [STATUS] t_ms=177461 hwm=6 cap=256 dropped=0 dropped_total=3543 crc_err=0 crc_err_total=0 rate1=512 rate2=512 prod1=512 prod2=512 dac_err=0 tx_drop=0 hb_ms=0 sma_state=6 m7_us=183052765 m4_us=180858133 vdd=5.067 offset=0.5000 aref=3.145 loop_us_avg=92 loop_us_max=5401 loop_hz=10869 cycle_log_ms=1 n_cycle=4 cc=1 cc_hz=1023 cc_i_tgt=0.1000 cc_u=0.5027 cc_r=4.8015 cc_tau_ms=7.00
[  32.578] M
[  33.086] [STATUS] t_ms=178461 hwm=6 cap=256 dropped=0 dropped_total=3543 crc_err=0 crc_err_total=0 rate1=512 rate2=512 prod1=512 prod2=512 dac_err=0 tx_drop=0 hb_ms=0 sma_state=6 m7_us=184084745 m4_us=181890123 vdd=5.067 offset=0.5000 aref=3.145 loop_us_avg=93 loop_us_max=5461 loop_hz=10752 cycle_log_ms=1 n_cycle=4 cc=1 cc_hz=1023 cc_i_tgt=0.1000 cc_u=0.5052 cc_r=4.8671 cc_tau_ms=7.00
[  34.094] [STATUS] t_ms=179461 hwm=6 cap=256 dropped=0 dropped_total=3543 crc_err=0 crc_err_total=0 rate1=512 rate2=512 prod1=512 prod2=512 dac_err=0 tx_drop=0 hb_ms=0 sma_state=6 m7_us=185116705 m4_us=182922085 vdd=5.067 offset=0.5000 aref=3.145 loop_us_avg=93 loop_us_max=5401 loop_hz=10752 cycle_log_ms=1 n_cycle=4 cc=1 cc_hz=1025 cc_i_tgt=0.1000 cc_u=0.5000 cc_r=4.8864 cc_tau_ms=7.00
[  35.163] [STATUS] t_ms=180461 hwm=6 cap=256 dropped=0 dropped_total=3543 crc_err=0 crc_err_total=0 rate1=512 rate2=512 prod1=512 prod2=512 dac_err=0 tx_drop=0 hb_ms=0 sma_state=6 m7_us=186148688 m4_us=183954059 vdd=5.067 offset=0.5000 aref=3.145 loop_us_avg=93 loop_us_max=5405 loop_hz=10752 cycle_log_ms=1 n_cycle=4 cc=1 cc_hz=1025 cc_i_tgt=0.1000 cc_u=0.5313 cc_r=4.9909 cc_tau_ms=7.00
[  36.169] [STATUS] t_ms=181461 hwm=6 cap=256 dropped=0 dropped_total=3543 crc_err=0 crc_err_total=0 rate1=512 rate2=512 prod1=512 prod2=512 dac_err=0 tx_drop=0 hb_ms=0 sma_state=6 m7_us=187180673 m4_us=184986034 vdd=5.067 offset=0.5000 aref=3.145 loop_us_avg=93 loop_us_max=5530 loop_hz=10752 cycle_log_ms=1 n_cycle=4 cc=1 cc_hz=1025 cc_i_tgt=0.1000 cc_u=0.5017 cc_r=4.9222 cc_tau_ms=7.00
[  36.549] [ADC
[  36.549] 1] STATUS alarm(s
[  37.179] [STATUS] t_ms=182461 hwm=6 cap=256 dropped=0 dropped_total=3543 crc_err=0 crc_err_total=0 rate1=512 rate2=512 prod1=512 prod2=512 dac_err=0 tx_drop=0 hb_ms=0 sma_state=6 m7_us=188212672 m4_us=186018034 vdd=5.067 offset=0.5000 aref=3.145 loop_us_avg=92 loop_us_max=5412 loop_hz=10869 cycle_log_ms=1 n_cycle=4 cc=1 cc_hz=1025 cc_i_tgt=0.1000 cc_u=0.5000 cc_r=4.8878 cc_tau_ms=7.00
[  37.555] [ADC1] STATUS alarm(s):
[  38.249] [STATUS] t_ms=183461 hwm=6 cap=256 dropped=0 dropped_total=3543 crc_err=0 crc_err_total=0 rate1=512 rate2=512 prod1=512 prod2=512 dac_err=0 tx_drop=0 hb_ms=0 sma_state=6 m7_us=189244676 m4_us=187050053 vdd=5.067 offset=0.5000 aref=3.145 loop_us_avg=93 loop_us_max=5417 loop_hz=10752 cycle_log_ms=1 n_cycle=4 cc=1 cc_hz=1025 cc_i_tgt=0.1000 cc_u=0.5000 cc_r=4.8725 cc_tau_ms=7.00
[  39.260] [STATUS] t_ms=184461 hwm=6 cap=256 dropped=0 dropped_total=3543 crc_err=0 crc_err_total=0 rate1=512 rate2=512 prod1=512 prod2=512 dac_err=0 tx_drop=0 hb_ms=0 sma_state=6 m7_us=190276788 m4_us=188082027 vdd=5.067 offset=0.5000 aref=3.145 loop_us_avg=92 loop_us_max=5407 loop_hz=10869 cycle_log_ms=1 n_cycle=4 cc=1 cc_hz=1025 cc_i_tgt=0.1000 cc_u=0.6507 cc_r=6.1674 cc_tau_ms=7.00
[  40.275] [STATUS] t_ms=185461 hwm=6 cap=256 dropped=0 dropped_total=3543 crc_err=0 crc_err_total=0 rate1=512 rate2=512 prod1=512 prod2=512 dac_err=0 tx_drop=0 hb_ms=0 sma_state=6 m7_us=191308671 m4_us=189114021 vdd=5.067 offset=0.5000 aref=3.145 loop_us_avg=93 loop_us_max=5658 loop_hz=10752 cycle_log_ms=1 n_cycle=4 cc=1 cc_hz=1025 cc_i_tgt=0.1000 cc_u=0.5000 cc_r=4.8464 cc_tau_ms=7.00
[  41.347] [STATUS] t_ms=186461 hwm=6 cap=256 dropped=0 dropped_total=3543 crc_err=0 crc_err_total=0 rate1=512 rate2=512 prod1=512 prod2=512 dac_err=0 tx_drop=0 hb_ms=0 sma_state=6 m7_us=192340624 m4_us=190146008 vdd=5.067 offset=0.5000 aref=3.145 loop_us_avg=94 loop_us_max=5425 loop_hz=10638 cycle_log_ms=1 n_cycle=4 cc=1 cc_hz=1025 cc_i_tgt=0.1000 cc_u=0.5000 cc_r=4.8626 cc_tau_ms=7.00
[  41.598] [ADC1] STA
[  42.359] [STATUS] t_ms=187461 hwm=6 cap=256 dropped=0 dropped_total=3543 crc_err=0 crc_err_total=0 rate1=512 rate2=512 prod1=512 prod2=512 dac_err=0 tx_drop=0 hb_ms=0 sma_state=6 m7_us=193372622 m4_us=191178002 vdd=5.067 offset=0.5000 aref=3.145 loop_us_avg=94 loop_us_max=5404 loop_hz=10638 cycle_log_ms=1 n_cycle=4 cc=1 cc_hz=1025 cc_i_tgt=0.1000 cc_u=0.5014 cc_r=4.9179 cc_tau_ms=7.00
[  42.610] [ADC1] ST
[  42.610] ATUS alarm(s): 0
[  43.373] [STATUS] t_ms=188461 hwm=6 cap=256 dropped=0 dropped_total=3543 crc_err=0 crc_err_total=0 rate1=512 rate2=512 prod1=512 prod2=512 dac_err=0 tx_drop=0 hb_ms=0 sma_state=6 m7_us=194404598 m4_us=192209957 vdd=5.067 offset=0.5000 aref=3.145 loop_us_avg=93 loop_us_max=5410 loop_hz=10752 cycle_log_ms=1 n_cycle=4 cc=1 cc_hz=1025 cc_i_tgt=0.1000 cc_u=0.5003 cc_r=4.8792 cc_tau_ms=7.00
[  43.624] [A
[  43.624] DC1] STATUS alarm(s
[  44.436] [STATUS] t_ms=189461 hwm=6 cap=256 dropped=0 dropped_total=3543 crc_err=0 crc_err_total=0 rate1=512 rate2=512 prod1=512 prod2=512 dac_err=0 tx_drop=0 hb_ms=0 sma_state=6 m7_us=195436537 m4_us=193241912 vdd=5.067 offset=0.5000 aref=3.145 loop_us_avg=93 loop_us_max=5408 loop_hz=10752 cycle_log_ms=1 n_cycle=4 cc=1 cc_hz=1025 cc_i_tgt=0.1000 cc_u=0.5003 cc_r=4.9187 cc_tau_ms=7.00
[  44.624] [ADC1
[  44.624] ] STATUS alarm(s):
[  45.442] [STATUS] t_ms=190461 hwm=6 cap=256 dropped=0 dropped_total=3543 crc_err=0 crc_err_total=0 rate1=512 rate2=512 prod1=512 prod2=512 dac_err=0 tx_drop=0 hb_ms=0 sma_state=6 m7_us=196468527 m4_us=194273912 vdd=5.067 offset=0.5000 aref=3.145 loop_us_avg=94 loop_us_max=5406 loop_hz=10638 cycle_log_ms=1 n_cycle=4 cc=1 cc_hz=1025 cc_i_tgt=0.1000 cc_u=0.5034 cc_r=4.9177 cc_tau_ms=7.00
[  46.457] [STATUS] t_ms=191461 hwm=6 cap=256 dropped=0 dropped_total=3543 crc_err=0 crc_err_total=0 rate1=512 rate2=512 prod1=512 prod2=512 dac_err=0 tx_drop=0 hb_ms=0 sma_state=6 m7_us=197500476 m4_us=195305854 vdd=5.067 offset=0.5000 aref=3.145 loop_us_avg=94 loop_us_max=5416 loop_hz=10638 cycle_log_ms=1 n_cycle=4 cc=1 cc_hz=1025 cc_i_tgt=0.1000 cc_u=0.5000 cc_r=4.9055 cc_tau_ms=7.00
[  47.404] [SMA] [ACT] heat n=4/6 I=250.0mA ms=300
[  47.531] [STATUS] t_ms=192461 hwm=6 cap=256 dropped=0 dropped_total=3543 crc_err=0 crc_err_total=0 rate1=512 rate2=512 prod1=512 prod2=512 dac_err=0 tx_drop=0 hb_ms=0 sma_state=5 m7_us=198532421 m4_us=196337803 vdd=5.067 offset=0.5000 aref=3.145 loop_us_avg=93 loop_us_max=5397 loop_hz=10752 cycle_log_ms=1 n_cycle=4 cc=1 cc_hz=1024 cc_i_tgt=0.2500 cc_u=1.1741 cc_r=4.7105 cc_tau_ms=7.00
[  47.720] [SMA] [ACT] cool n=4/6 I=100.0mA ms=15000
[  48.540] [STATUS] t_ms=193461 hwm=6 cap=256 dropped=0 dropped_total=3543 crc_err=0 crc_err_total=0 rate1=512 rate2=512 prod1=512 prod2=512 dac_err=0 tx_drop=0 hb_ms=0 sma_state=6 m7_us=199564326 m4_us=197369704 vdd=5.067 offset=0.5000 aref=3.145 loop_us_avg=93 loop_us_max=5415 loop_hz=10752 cycle_log_ms=1 n_cycle=4 cc=1 cc_hz=1023 cc_i_tgt=0.1000 cc_u=0.5159 cc_r=4.9069 cc_tau_ms=7.00
[  48.667] [ADC1]
[  49.552] [STATUS] t_ms=194461 hwm=6 cap=256 dropped=0 dropped_total=3543 crc_err=0 crc_err_total=0 rate1=512 rate2=512 prod1=512 prod2=512 dac_err=0 tx_drop=0 hb_ms=0 sma_state=6 m7_us=200596276 m4_us=198401650 vdd=5.067 offset=0.5000 aref=3.145 loop_us_avg=94 loop_us_max=5394 loop_hz=10638 cycle_log_ms=1 n_cycle=4 cc=1 cc_hz=1025 cc_i_tgt=0.1000 cc_u=0.5000 cc_r=4.9801 cc_tau_ms=7.00
[  49.678] [ADC1] STA
[  49.678] TUS alarm(s): 0x89
[  50.640] [STATUS] t_ms=195461 hwm=23 cap=256 dropped=0 dropped_total=3543 crc_err=0 crc_err_total=0 rate1=512 rate2=512 prod1=512 prod2=512 dac_err=0 tx_drop=0 hb_ms=0 sma_state=6 m7_us=201628204 m4_us=199433579 vdd=5.067 offset=0.5000 aref=3.145 loop_us_avg=94 loop_us_max=23791 loop_hz=10638 cycle_log_ms=1 n_cycle=4 cc=1 cc_hz=1001 cc_i_tgt=0.1000 cc_u=0.5000 cc_r=4.8337 cc_tau_ms=7.00
[  51.651] [STATUS] t_ms=196461 hwm=6 cap=256 dropped=0 dropped_total=3543 crc_err=0 crc_err_total=0 rate1=512 rate2=512 prod1=512 prod2=512 dac_err=0 tx_drop=0 hb_ms=0 sma_state=6 m7_us=202660137 m4_us=200465515 vdd=5.067 offset=0.5000 aref=3.145 loop_us_avg=93 loop_us_max=5401 loop_hz=10752 cycle_log_ms=1 n_cycle=4 cc=1 cc_hz=1025 cc_i_tgt=0.1000 cc_u=0.5056 cc_r=4.8705 cc_tau_ms=7.00
[  52.658] [STATUS] t_ms=197461 hwm=6 cap=256 dropped=0 dropped_total=3543 crc_err=0 crc_err_total=0 rate1=512 rate2=512 prod1=512 prod2=512 dac_err=0 tx_drop=0 hb_ms=0 sma_state=6 m7_us=203692110 m4_us=201497490 vdd=5.067 offset=0.5000 aref=3.145 loop_us_avg=93 loop_us_max=5406 loop_hz=10752 cycle_log_ms=1 n_cycle=4 cc=1 cc_hz=1025 cc_i_tgt=0.1000 cc_u=0.5000 cc_r=4.9518 cc_tau_ms=7.00
[  53.730] [STATUS] t_ms=198461 hwm=6 cap=256 dropped=0 dropped_total=3543 crc_err=0 crc_err_total=0 rate1=512 rate2=512 prod1=512 prod2=512 dac_err=0 tx_drop=0 hb_ms=0 sma_state=6 m7_us=204724107 m4_us=202529477 vdd=5.067 offset=0.5000 aref=3.145 loop_us_avg=93 loop_us_max=5385 loop_hz=10752 cycle_log_ms=1 n_cycle=4 cc=1 cc_hz=1025 cc_i_tgt=0.1000 cc_u=0.5000 cc_r=4.8926 cc_tau_ms=7.00
[  54.743] [STATUS] t_ms=199461 hwm=6 cap=256 dropped=0 dropped_total=3543 crc_err=0 crc_err_total=0 rate1=512 rate2=512 prod1=512 prod2=512 dac_err=0 tx_drop=0 hb_ms=0 sma_state=6 m7_us=205756057 m4_us=203561438 vdd=5.067 offset=0.5000 aref=3.145 loop_us_avg=94 loop_us_max=5404 loop_hz=10638 cycle_log_ms=1 n_cycle=4 cc=1 cc_hz=1025 cc_i_tgt=0.1000 cc_u=0.5000 cc_r=4.9254 cc_tau_ms=7.00
[  55.752] [STATUS] t_ms=200461 hwm=6 cap=256 dropped=0 dropped_total=3543 crc_err=0 crc_err_total=0 rate1=512 rate2=512 prod1=512 prod2=512 dac_err=0 tx_drop=0 hb_ms=0 sma_state=6 m7_us=206788063 m4_us=204593435 vdd=5.067 offset=0.5000 aref=3.145 loop_us_avg=93 loop_us_max=5448 loop_hz=10752 cycle_log_ms=1 n_cycle=4 cc=1 cc_hz=1023 cc_i_tgt=0.1000 cc_u=0.5945 cc_r=5.9313 cc_tau_ms=7.00
[  56.828] [STATUS] t_ms=201461 hwm=6 cap=256 dropped=0 dropped_total=3543 crc_err=0 crc_err_total=0 rate1=512 rate2=512 prod1=512 prod2=512 dac_err=0 tx_drop=0 hb_ms=0 sma_state=6 m7_us=207820054 m4_us=205625432 vdd=5.067 offset=0.5000 aref=3.145 loop_us_avg=93 loop_us_max=5540 loop_hz=10752 cycle_log_ms=1 n_cycle=4 cc=1 cc_hz=1025 cc_i_tgt=0.1000 cc_u=0.5000 cc_r=4.9389 cc_tau_ms=7.00
[  57.835] [STATUS] t_ms=202461 hwm=6 cap=256 dropped=0 dropped_total=3543 crc_err=0 crc_err_total=0 rate1=511 rate2=512 prod1=511 prod2=512 dac_err=0 tx_drop=0 hb_ms=0 sma_state=6 m7_us=208851950 m4_us=206656428 vdd=5.067 offset=0.5000 aref=3.145 loop_us_avg=91 loop_us_max=5393 loop_hz=10989 cycle_log_ms=1 n_cycle=4 cc=1 cc_hz=1026 cc_i_tgt=0.1000 cc_u=0.5000 cc_r=4.9434 cc_tau_ms=7.00
[  58.844] [STATUS] t_ms=203461 hwm=6 cap=256 dropped=0 dropped_total=3543 crc_err=0 crc_err_total=0 rate1=512 rate2=512 prod1=512 prod2=512 dac_err=0 tx_drop=0 hb_ms=0 sma_state=6 m7_us=209883958 m4_us=207688409 vdd=5.067 offset=0.5000 aref=3.145 loop_us_avg=92 loop_us_max=6163 loop_hz=10869 cycle_log_ms=1 n_cycle=4 cc=1 cc_hz=1026 cc_i_tgt=0.1000 cc_u=0.5000 cc_r=4.9250 cc_tau_ms=7.00
[  59.917] [STATUS] t_ms=204461 hwm=6 cap=256 dropped=0 dropped_total=3543 crc_err=0 crc_err_total=0 rate1=512 rate2=512 prod1=512 prod2=512 dac_err=0 tx_drop=0 hb_ms=0 sma_state=6 m7_us=210915977 m4_us=208720457 vdd=5.067 offset=0.5000 aref=3.145 loop_us_avg=92 loop_us_max=6182 loop_hz=10869 cycle_log_ms=1 n_cycle=4 cc=1 cc_hz=1026 cc_i_tgt=0.1000 cc_u=0.5046 cc_r=4.8836 cc_tau_ms=7.00
[  60.739] [ADC1]
[  60.739] STATUS alarm(s):
[  60.928] [STATUS] t_ms=205461 hwm=6 cap=256 dropped=0 dropped_total=3543 crc_err=0 crc_err_total=0 rate1=512 rate2=512 prod1=512 prod2=512 dac_err=0 tx_drop=0 hb_ms=0 sma_state=6 m7_us=211948019 m4_us=209752499 vdd=5.067 offset=0.5000 aref=3.145 loop_us_avg=93 loop_us_max=6191 loop_hz=10752 cycle_log_ms=1 n_cycle=4 cc=1 cc_hz=1026 cc_i_tgt=0.1000 cc_u=0.5000 cc_r=4.8735 cc_tau_ms=7.00
[  61.995] [STATUS] t_ms=206461 hwm=6 cap=256 dropped=0 dropped_total=3543 crc_err=0 crc_err_total=0 rate1=512 rate2=512 prod1=512 prod2=512 dac_err=0 tx_drop=0 hb_ms=0 sma_state=6 m7_us=212980036 m4_us=210784518 vdd=5.067 offset=0.5000 aref=3.145 loop_us_avg=93 loop_us_max=6175 loop_hz=10752 cycle_log_ms=1 n_cycle=4 cc=1 cc_hz=1026 cc_i_tgt=0.1000 cc_u=0.5930 cc_r=5.8273 cc_tau_ms=7.00
[  62.751] [ADC
[  63.001] [STATUS] t_ms=207461 hwm=7 cap=256 dropped=0 dropped_total=3543 crc_err=0 crc_err_total=0 rate1=513 rate2=512 prod1=513 prod2=512 dac_err=0 tx_drop=0 hb_ms=0 sma_state=6 m7_us=214012158 m4_us=211817541 vdd=5.067 offset=0.5000 aref=3.145 loop_us_avg=94 loop_us_max=6278 loop_hz=10638 cycle_log_ms=1 n_cycle=4 cc=1 cc_hz=1025 cc_i_tgt=0.1000 cc_u=0.5999 cc_r=6.2386 cc_tau_ms=7.00
[  63.190] [SMA] [ACT] heat n=5/6 I=250.0mA ms=300
[  63.507] [SMA] [ACT] cool n=5/6 I=100.0mA ms=15000
[  63.759] [A
[  63.759] DC1] STATUS alarm(s
[  64.009] [STATUS] t_ms=208461 hwm=6 cap=256 dropped=0 dropped_total=3543 crc_err=0 crc_err_total=0 rate1=512 rate2=512 prod1=512 prod2=512 dac_err=0 tx_drop=0 hb_ms=0 sma_state=6 m7_us=215044238 m4_us=212849531 vdd=5.067 offset=0.5000 aref=3.145 loop_us_avg=94 loop_us_max=5397 loop_hz=10638 cycle_log_ms=1 n_cycle=4 cc=1 cc_hz=1023 cc_i_tgt=0.1000 cc_u=0.5000 cc_r=4.9573 cc_tau_ms=7.00
[  65.086] [STATUS] t_ms=209461 hwm=6 cap=256 dropped=0 dropped_total=3543 crc_err=0 crc_err_total=0 rate1=512 rate2=512 prod1=512 prod2=512 dac_err=0 tx_drop=0 hb_ms=0 sma_state=6 m7_us=216076105 m4_us=213881483 vdd=5.067 offset=0.5000 aref=3.145 loop_us_avg=92 loop_us_max=5482 loop_hz=10869 cycle_log_ms=1 n_cycle=4 cc=1 cc_hz=1024 cc_i_tgt=0.1000 cc_u=0.5018 cc_r=4.8870 cc_tau_ms=7.00
[  66.093] [STATUS] t_ms=210461 hwm=6 cap=256 dropped=0 dropped_total=3543 crc_err=0 crc_err_total=0 rate1=512 rate2=512 prod1=512 prod2=512 dac_err=0 tx_drop=0 hb_ms=0 sma_state=6 m7_us=217108056 m4_us=214913435 vdd=5.067 offset=0.5000 aref=3.145 loop_us_avg=92 loop_us_max=5391 loop_hz=10869 cycle_log_ms=1 n_cycle=4 cc=1 cc_hz=1025 cc_i_tgt=0.1000 cc_u=0.5000 cc_r=4.9681 cc_tau_ms=7.00
[  67.104] [STATUS] t_ms=211461 hwm=6 cap=256 dropped=0 dropped_total=3543 crc_err=0 crc_err_total=0 rate1=512 rate2=512 prod1=512 prod2=512 dac_err=0 tx_drop=0 hb_ms=0 sma_state=6 m7_us=218140011 m4_us=215945394 vdd=5.067 offset=0.5000 aref=3.145 loop_us_avg=94 loop_us_max=5399 loop_hz=10638 cycle_log_ms=1 n_cycle=4 cc=1 cc_hz=1025 cc_i_tgt=0.1000 cc_u=0.5000 cc_r=4.8173 cc_tau_ms=7.00
[  68.179] [STATUS] t_ms=212461 hwm=6 cap=256 dropped=0 dropped_total=3543 crc_err=0 crc_err_total=0 rate1=512 rate2=512 prod1=512 prod2=512 dac_err=0 tx_drop=0 hb_ms=0 sma_state=6 m7_us=219172048 m4_us=216977365 vdd=5.067 offset=0.5000 aref=3.145 loop_us_avg=92 loop_us_max=5407 loop_hz=10869 cycle_log_ms=1 n_cycle=4 cc=1 cc_hz=1025 cc_i_tgt=0.1000 cc_u=0.6534 cc_r=6.0281 cc_tau_ms=7.00
[  68.806] [ADC1
[  69.184] [STATUS] t_ms=213461 hwm=6 cap=256 dropped=0 dropped_total=3543 crc_err=0 crc_err_total=0 rate1=512 rate2=512 prod1=512 prod2=512 dac_err=0 tx_drop=0 hb_ms=0 sma_state=6 m7_us=220203959 m4_us=218009339 vdd=5.067 offset=0.5000 aref=3.145 loop_us_avg=93 loop_us_max=5524 loop_hz=10752 cycle_log_ms=1 n_cycle=4 cc=1 cc_hz=1024 cc_i_tgt=0.1000 cc_u=0.6014 cc_r=6.1820 cc_tau_ms=7.00
[  70.252] [STATUS] t_ms=214461 hwm=6 cap=256 dropped=0 dropped_total=3543 crc_err=0 crc_err_total=0 rate1=512 rate2=512 prod1=512 prod2=512 dac_err=0 tx_drop=0 hb_ms=0 sma_state=6 m7_us=221235922 m4_us=219041304 vdd=5.067 offset=0.5000 aref=3.145 loop_us_avg=93 loop_us_max=5396 loop_hz=10752 cycle_log_ms=1 n_cycle=4 cc=1 cc_hz=1025 cc_i_tgt=0.1000 cc_u=0.5000 cc_r=4.9138 cc_tau_ms=7.00
[  71.259] [STATUS] t_ms=215461 hwm=6 cap=256 dropped=0 dropped_total=3543 crc_err=0 crc_err_total=0 rate1=512 rate2=512 prod1=512 prod2=512 dac_err=0 tx_drop=0 hb_ms=0 sma_state=6 m7_us=222267881 m4_us=220073266 vdd=5.067 offset=0.5000 aref=3.145 loop_us_avg=93 loop_us_max=5406 loop_hz=10752 cycle_log_ms=1 n_cycle=4 cc=1 cc_hz=1025 cc_i_tgt=0.1000 cc_u=0.5000 cc_r=4.9330 cc_tau_ms=7.00
[  72.263] [STATUS] t_ms=216461 hwm=6 cap=256 dropped=0 dropped_total=3543 crc_err=0 crc_err_total=0 rate1=512 rate2=512 prod1=512 prod2=512 dac_err=0 tx_drop=0 hb_ms=0 sma_state=6 m7_us=223299917 m4_us=221105208 vdd=5.067 offset=0.5000 aref=3.145 loop_us_avg=93 loop_us_max=5430 loop_hz=10752 cycle_log_ms=1 n_cycle=4 cc=1 cc_hz=1024 cc_i_tgt=0.1000 cc_u=0.5000 cc_r=4.8246 cc_tau_ms=7.00
[  73.334] [STATUS] t_ms=217461 hwm=6 cap=256 dropped=0 dropped_total=3543 crc_err=0 crc_err_total=0 rate1=512 rate2=512 prod1=512 prod2=512 dac_err=0 tx_drop=0 hb_ms=0 sma_state=6 m7_us=224331798 m4_us=222137170 vdd=5.067 offset=0.5000 aref=3.145 loop_us_avg=92 loop_us_max=5491 loop_hz=10869 cycle_log_ms=1 n_cycle=4 cc=1 cc_hz=1024 cc_i_tgt=0.1000 cc_u=0.5000 cc_r=4.9870 cc_tau_ms=7.00
[  73.837] [ADC1] ST
[  74.341] [STATUS] t_ms=218461 hwm=6 cap=256 dropped=0 dropped_total=3543 crc_err=0 crc_err_total=0 rate1=512 rate2=512 prod1=512 prod2=512 dac_err=0 tx_drop=0 hb_ms=0 sma_state=6 m7_us=225363786 m4_us=223169163 vdd=5.067 offset=0.5000 aref=3.145 loop_us_avg=92 loop_us_max=5396 loop_hz=10869 cycle_log_ms=1 n_cycle=4 cc=1 cc_hz=1025 cc_i_tgt=0.1000 cc_u=0.5000 cc_r=5.7723 cc_tau_ms=7.00
[  74.847] [ADC1]
[  74.847] STATUS alarm(s): 0
[  75.354] [STATUS] t_ms=219461 hwm=6 cap=256 dropped=0 dropped_total=3543 crc_err=0 crc_err_total=0 rate1=512 rate2=512 prod1=512 prod2=512 dac_err=0 tx_drop=0 hb_ms=0 sma_state=6 m7_us=226395760 m4_us=224201141 vdd=5.067 offset=0.5000 aref=3.145 loop_us_avg=92 loop_us_max=5415 loop_hz=10869 cycle_log_ms=1 n_cycle=4 cc=1 cc_hz=1025 cc_i_tgt=0.1000 cc_u=0.5000 cc_r=4.9414 cc_tau_ms=7.00
[  76.427] [STATUS] t_ms=220461 hwm=6 cap=256 dropped=0 dropped_total=3543 crc_err=0 crc_err_total=0 rate1=512 rate2=512 prod1=512 prod2=512 dac_err=0 tx_drop=0 hb_ms=0 sma_state=6 m7_us=227427739 m4_us=225233122 vdd=5.067 offset=0.5000 aref=3.145 loop_us_avg=93 loop_us_max=5397 loop_hz=10752 cycle_log_ms=1 n_cycle=4 cc=1 cc_hz=1025 cc_i_tgt=0.1000 cc_u=0.5000 cc_r=4.8866 cc_tau_ms=7.00
[  77.436] [STATUS] t_ms=221461 hwm=6 cap=256 dropped=0 dropped_total=3543 crc_err=0 crc_err_total=0 rate1=512 rate2=512 prod1=512 prod2=512 dac_err=0 tx_drop=0 hb_ms=0 sma_state=6 m7_us=228459732 m4_us=226265106 vdd=5.067 offset=0.5000 aref=3.145 loop_us_avg=94 loop_us_max=5397 loop_hz=10638 cycle_log_ms=1 n_cycle=4 cc=1 cc_hz=1025 cc_i_tgt=0.1000 cc_u=0.5000 cc_r=4.8816 cc_tau_ms=7.00
[  78.449] [STATUS] t_ms=222461 hwm=6 cap=256 dropped=0 dropped_total=3543 crc_err=0 crc_err_total=0 rate1=512 rate2=512 prod1=512 prod2=512 dac_err=0 tx_drop=0 hb_ms=0 sma_state=6 m7_us=229491749 m4_us=227297125 vdd=5.067 offset=0.5000 aref=3.145 loop_us_avg=94 loop_us_max=5410 loop_hz=10638 cycle_log_ms=1 n_cycle=4 cc=1 cc_hz=1025 cc_i_tgt=0.1000 cc_u=0.5000 cc_r=4.8893 cc_tau_ms=7.00
[  78.893] [ADC
[  78.957] [SMA] [ACT] heat n=6/6 I=250.0mA ms=300
[  79.273] [SMA] [ACT] cool n=6/6 I=100.0mA ms=15000
[  79.523] [STATUS] t_ms=223461 hwm=6 cap=256 dropped=0 dropped_total=3543 crc_err=0 crc_err_total=0 rate1=512 rate2=512 prod1=512 prod2=512 dac_err=0 tx_drop=0 hb_ms=0 sma_state=6 m7_us=230523807 m4_us=228329170 vdd=5.067 offset=0.5000 aref=3.145 loop_us_avg=93 loop_us_max=5405 loop_hz=10752 cycle_log_ms=1 n_cycle=4 cc=1 cc_hz=1022 cc_i_tgt=0.1000 cc_u=0.5082 cc_r=4.8777 cc_tau_ms=7.00
[  79.901] [ADC1] S
[  79.901] TATUS alarm(s): 0x
[  80.535] [STATUS] t_ms=224461 hwm=6 cap=256 dropped=0 dropped_total=3543 crc_err=0 crc_err_total=0 rate1=512 rate2=512 prod1=512 prod2=512 dac_err=0 tx_drop=0 hb_ms=0 sma_state=6 m7_us=231555812 m4_us=229361198 vdd=5.067 offset=0.5000 aref=3.145 loop_us_avg=92 loop_us_max=5417 loop_hz=10869 cycle_log_ms=1 n_cycle=4 cc=1 cc_hz=1025 cc_i_tgt=0.1000 cc_u=0.5000 cc_r=4.8538 cc_tau_ms=7.00
[  81.604] [STATUS] t_ms=225461 hwm=6 cap=256 dropped=0 dropped_total=3543 crc_err=0 crc_err_total=0 rate1=512 rate2=512 prod1=512 prod2=512 dac_err=0 tx_drop=0 hb_ms=0 sma_state=6 m7_us=232587832 m4_us=230393186 vdd=5.067 offset=0.5000 aref=3.145 loop_us_avg=92 loop_us_max=5401 loop_hz=10869 cycle_log_ms=1 n_cycle=4 cc=1 cc_hz=1025 cc_i_tgt=0.1000 cc_u=0.5000 cc_r=4.8306 cc_tau_ms=7.00
[  82.619] [STATUS] t_ms=226461 hwm=6 cap=256 dropped=0 dropped_total=3543 crc_err=0 crc_err_total=0 rate1=512 rate2=512 prod1=512 prod2=512 dac_err=0 tx_drop=0 hb_ms=0 sma_state=6 m7_us=233619773 m4_us=231425147 vdd=5.067 offset=0.5000 aref=3.145 loop_us_avg=93 loop_us_max=5425 loop_hz=10752 cycle_log_ms=1 n_cycle=4 cc=1 cc_hz=1025 cc_i_tgt=0.1000 cc_u=0.5000 cc_r=4.8624 cc_tau_ms=7.00
[  83.632] [STATUS] t_ms=227461 hwm=6 cap=256 dropped=0 dropped_total=3543 crc_err=0 crc_err_total=0 rate1=512 rate2=512 prod1=512 prod2=512 dac_err=0 tx_drop=0 hb_ms=0 sma_state=6 m7_us=234651779 m4_us=232457154 vdd=5.067 offset=0.5000 aref=3.145 loop_us_avg=94 loop_us_max=5408 loop_hz=10638 cycle_log_ms=1 n_cycle=4 cc=1 cc_hz=1025 cc_i_tgt=0.1000 cc_u=0.5000 cc_r=4.8749 cc_tau_ms=7.00
[  84.640] [STATUS] t_ms=228461 hwm=6 cap=256 dropped=0 dropped_total=3543 crc_err=0 crc_err_total=0 rate1=512 rate2=512 prod1=512 prod2=512 dac_err=0 tx_drop=0 hb_ms=0 sma_state=6 m7_us=235683786 m4_us=233489154 vdd=5.067 offset=0.5000 aref=3.145 loop_us_avg=92 loop_us_max=5507 loop_hz=10869 cycle_log_ms=1 n_cycle=4 cc=1 cc_hz=1024 cc_i_tgt=0.1000 cc_u=0.5000 cc_r=4.8732 cc_tau_ms=7.00
[  84.957] [ADC1]
[  85.716] [STATUS] t_ms=229461 hwm=6 cap=256 dropped=0 dropped_total=3543 crc_err=0 crc_err_total=0 rate1=512 rate2=512 prod1=512 prod2=512 dac_err=0 tx_drop=0 hb_ms=0 sma_state=6 m7_us=236715761 m4_us=234521122 vdd=5.067 offset=0.5000 aref=3.145 loop_us_avg=92 loop_us_max=5418 loop_hz=10869 cycle_log_ms=1 n_cycle=4 cc=1 cc_hz=1024 cc_i_tgt=0.1000 cc_u=0.5000 cc_r=4.8917 cc_tau_ms=7.00
[  85.971] [A
[  85.971] DC1] STATUS alarm(
[  86.726] [STATUS] t_ms=230461 hwm=6 cap=256 dropped=0 dropped_total=3543 crc_err=0 crc_err_total=0 rate1=512 rate2=512 prod1=512 prod2=512 dac_err=0 tx_drop=0 hb_ms=0 sma_state=6 m7_us=237747698 m4_us=235553083 vdd=5.067 offset=0.5000 aref=3.145 loop_us_avg=93 loop_us_max=5577 loop_hz=10752 cycle_log_ms=1 n_cycle=4 cc=1 cc_hz=1025 cc_i_tgt=0.1000 cc_u=0.5000 cc_r=4.8918 cc_tau_ms=7.00
[  86.979] [ADC1]
[  86.979] STATUS alarm(s): 0x4
[  87.737] [STATUS] t_ms=231461 hwm=6 cap=256 dropped=0 dropped_total=3543 crc_err=0 crc_err_total=0 rate1=512 rate2=512 prod1=512 prod2=512 dac_err=0 tx_drop=0 hb_ms=0 sma_state=6 m7_us=238779698 m4_us=236585077 vdd=5.067 offset=0.5000 aref=3.145 loop_us_avg=93 loop_us_max=5399 loop_hz=10752 cycle_log_ms=1 n_cycle=4 cc=1 cc_hz=1025 cc_i_tgt=0.1000 cc_u=0.5000 cc_r=4.8786 cc_tau_ms=7.00
[  88.814] [STATUS] t_ms=232461 hwm=6 cap=256 dropped=0 dropped_total=3543 crc_err=0 crc_err_total=0 rate1=512 rate2=512 prod1=512 prod2=512 dac_err=0 tx_drop=0 hb_ms=0 sma_state=6 m7_us=239811694 m4_us=237617074 vdd=5.067 offset=0.5000 aref=3.145 loop_us_avg=92 loop_us_max=5434 loop_hz=10869 cycle_log_ms=1 n_cycle=4 cc=1 cc_hz=1024 cc_i_tgt=0.1000 cc_u=0.5137 cc_r=4.9507 cc_tau_ms=7.00
[  89.849] [STATUS] t_ms=233461 hwm=41 cap=256 dropped=0 dropped_total=3543 crc_err=0 crc_err_total=0 rate1=512 rate2=512 prod1=512 prod2=512 dac_err=0 tx_drop=0 hb_ms=0 sma_state=6 m7_us=240843670 m4_us=238649054 vdd=5.067 offset=0.5000 aref=3.145 loop_us_avg=96 loop_us_max=41173 loop_hz=10416 cycle_log_ms=1 n_cycle=4 cc=1 cc_hz=983 cc_i_tgt=0.1000 cc_u=0.5000 cc_r=4.9231 cc_tau_ms=7.00
[  90.858] [STATUS] t_ms=234461 hwm=6 cap=256 dropped=0 dropped_total=3543 crc_err=0 crc_err_total=0 rate1=512 rate2=512 prod1=512 prod2=512 dac_err=0 tx_drop=0 hb_ms=0 sma_state=6 m7_us=241875654 m4_us=239681029 vdd=5.067 offset=0.5000 aref=3.145 loop_us_avg=94 loop_us_max=5400 loop_hz=10638 cycle_log_ms=1 n_cycle=4 cc=1 cc_hz=1025 cc_i_tgt=0.1000 cc_u=0.5000 cc_r=4.9229 cc_tau_ms=7.00
[  91.867] [STATUS] t_ms=235461 hwm=6 cap=256 dropped=0 dropped_total=3543 crc_err=0 crc_err_total=0 rate1=512 rate2=512 prod1=512 prod2=512 dac_err=0 tx_drop=0 hb_ms=0 sma_state=6 m7_us=242907642 m4_us=240712997 vdd=5.067 offset=0.5000 aref=3.145 loop_us_avg=92 loop_us_max=5405 loop_hz=10869 cycle_log_ms=1 n_cycle=4 cc=1 cc_hz=1025 cc_i_tgt=0.1000 cc_u=0.5000 cc_r=4.9061 cc_tau_ms=7.00
[  91.992] [ADC1
[  92.938] [STATUS] t_ms=236461 hwm=6 cap=256 dropped=0 dropped_total=3543 crc_err=0 crc_err_total=0 rate1=512 rate2=512 prod1=512 prod2=512 dac_err=0 tx_drop=0 hb_ms=0 sma_state=6 m7_us=243939600 m4_us=241744978 vdd=5.067 offset=0.5000 aref=3.145 loop_us_avg=93 loop_us_max=5420 loop_hz=10752 cycle_log_ms=1 n_cycle=4 cc=1 cc_hz=1025 cc_i_tgt=0.1000 cc_u=0.5022 cc_r=4.9154 cc_tau_ms=7.00
[  93.002] [
[  93.002] ADC1] STATUS alarm
[  93.002] M
[  93.947] [STATUS] t_ms=237461 hwm=6 cap=256 dropped=0 dropped_total=3543 crc_err=0 crc_err_total=0 rate1=512 rate2=512 prod1=512 prod2=512 dac_err=0 tx_drop=0 hb_ms=0 sma_state=6 m7_us=244971559 m4_us=242776939 vdd=5.067 offset=0.5000 aref=3.145 loop_us_avg=94 loop_us_max=5397 loop_hz=10638 cycle_log_ms=1 n_cycle=4 cc=1 cc_hz=1025 cc_i_tgt=0.1000 cc_u=0.5058 cc_r=4.8494 cc_tau_ms=7.00
[  94.768] [SMA] [ACT] -> idle (done) after 6 cycle(s); still armed
