[   0.056] [SMA] ARMED (MOSFET on); idle=0.500 V
[   0.056] GAL_ALM
[   0.056] [AD
[   0.056] C1] STATUS alar
[   0.056] m(s): 0x49 P
[   0.057] [STATUS] t_ms=1076657 hwm=93 cap=256 dropped=0 dropped_total=20880 crc_err=0 crc_err_total=0 rate1=498 rate2=497 prod1=512 prod2=511 dac_err=0 tx_drop=0 hb_ms=0 sma_state=0 m7_us=1110931367 m4_us=1108706638 vdd=5.067 offset=0.5000 aref=3.145 loop_us_avg=23 loop_us_max=94035 loop_hz=43478 cycle_log_ms=1 n_cycle=4 cc=0 cc_hz=0 cc_i_tgt=0.1000 cc_u=0.5097 cc_r=4.9557 cc_tau_ms=7.00
[   0.750] GAL_ALM
[   0.750] [ADC1] STATUS alarm(s): 0x49 P
[   1.065] [STATUS] t_ms=1077657 hwm=35 cap=256 dropped=0 dropped_total=20880 crc_err=0 crc_err_total=0 rate1=527 rate2=526 prod1=512 prod2=512 dac_err=0 tx_drop=0 hb_ms=0 sma_state=0 m7_us=1111963334 m4_us=1109768974 vdd=5.067 offset=0.5000 aref=3.145 loop_us_avg=22 loop_us_max=7656 loop_hz=45454 cycle_log_ms=1 n_cycle=4 cc=0 cc_hz=0 cc_i_tgt=0.1000 cc_u=0.5097 cc_r=4.9557 cc_tau_ms=7.00
[   1.760] GAL_ALM
[   1.760] [
[   1.760] ADC1] STATUS ala
[   1.760] rm(s): 0x49 P
[   0.063] [SMA] [CC] start i_high=150.0mA i_low=100.0mA t_high=400 t_idle=15000 n=6 (0=cont) tau_ms=7.0 wdt_ms=5000
[   0.063] [SMA] [ACT] heat n=1/6 I=150.0mA ms=400
[   0.063] [STATUS] t_ms=1078657 hwm=5 cap=256 dropped=0 dropped_total=20880 crc_err=0 crc_err_total=0 rate1=512 rate2=512 prod1=512 prod2=512 dac_err=0 tx_drop=0 hb_ms=0 sma_state=5 m7_us=1112995449 m4_us=1110801077 vdd=5.067 offset=0.5000 aref=3.145 loop_us_avg=23 loop_us_max=4638 loop_hz=43478 cycle_log_ms=1 n_cycle=4 cc=1 cc_hz=47 cc_i_tgt=0.1500 cc_u=0.5063 cc_r=3.2348 cc_tau_ms=7.00
[   0.443] [SMA] [ACT] cool n=1/6 I=100.0mA ms=15000
[   0.760] GAL_ALM
[   0.760] [ADC1] STATUS alarm(s): 0x49 P
[   1.141] [STATUS] t_ms=1079657 hwm=5 cap=256 dropped=0 dropped_total=20880 crc_err=0 crc_err_total=0 rate1=512 rate2=513 prod1=512 prod2=513 dac_err=0 tx_drop=0 hb_ms=0 sma_state=6 m7_us=1114028124 m4_us=1111834099 vdd=5.067 offset=0.5000 aref=3.145 loop_us_avg=94 loop_us_max=5330 loop_hz=10638 cycle_log_ms=1 n_cycle=4 cc=1 cc_hz=1024 cc_i_tgt=0.1000 cc_u=0.5000 cc_r=4.8777 cc_tau_ms=7.00
[   1.776] GAL
[   1.776] _ALM
[   1.776] [ADC1] STATU
[   1.776] S alarm(s): 0x49
[   1.776] P
[   2.155] [STATUS] t_ms=1080657 hwm=5 cap=256 dropped=0 dropped_total=20880 crc_err=0 crc_err_total=0 rate1=512 rate2=511 prod1=512 prod2=511 dac_err=0 tx_drop=0 hb_ms=0 sma_state=6 m7_us=1115059536 m4_us=1112865058 vdd=5.067 offset=0.5000 aref=3.145 loop_us_avg=94 loop_us_max=5405 loop_hz=10638 cycle_log_ms=1 n_cycle=4 cc=1 cc_hz=1026 cc_i_tgt=0.1000 cc_u=0.5025 cc_r=4.9480 cc_tau_ms=7.00
[   2.781] GAL_ALM
[   2.781] [AD
[   2.781] C1] STATUS alarm(s): 0x9 P
[   3.161] [STATUS] t_ms=1081657 hwm=5 cap=256 dropped=0 dropped_total=20880 crc_err=0 crc_err_total=0 rate1=512 rate2=513 prod1=512 prod2=513 dac_err=0 tx_drop=0 hb_ms=0 sma_state=6 m7_us=1116092045 m4_us=1113898025 vdd=5.067 offset=0.5000 aref=3.145 loop_us_avg=93 loop_us_max=5422 loop_hz=10752 cycle_log_ms=1 n_cycle=4 cc=1 cc_hz=1026 cc_i_tgt=0.1000 cc_u=0.5000 cc_r=4.8959 cc_tau_ms=7.00
[   3.788] GAL_ALM
[   3.788] [ADC1] STATUS alarm(s): 0x9 P
[   4.229] [STATUS] t_ms=1082657 hwm=5 cap=256 dropped=0 dropped_total=20880 crc_err=0 crc_err_total=0 rate1=512 rate2=511 prod1=512 prod2=511 dac_err=0 tx_drop=0 hb_ms=0 sma_state=6 m7_us=1117123451 m4_us=1114928974 vdd=5.067 offset=0.5000 aref=3.145 loop_us_avg=92 loop_us_max=5394 loop_hz=10869 cycle_log_ms=1 n_cycle=4 cc=1 cc_hz=1026 cc_i_tgt=0.1000 cc_u=0.5000 cc_r=4.9347 cc_tau_ms=7.00
[   4.798] GAL_ALM
[   4.798] [ADC1] STATUS alarm(s): 0x89 P
[   5.238] [STATUS] t_ms=1083657 hwm=5 cap=256 dropped=0 dropped_total=20880 crc_err=0 crc_err_total=0 rate1=512 rate2=513 prod1=512 prod2=513 dac_err=0 tx_drop=0 hb_ms=0 sma_state=6 m7_us=1118155988 m4_us=1115961958 vdd=5.067 offset=0.5000 aref=3.145 loop_us_avg=94 loop_us_max=5400 loop_hz=10638 cycle_log_ms=1 n_cycle=4 cc=1 cc_hz=1026 cc_i_tgt=0.1000 cc_u=0.5093 cc_r=4.9209 cc_tau_ms=7.00
[   5.802] GAL_ALM
[   5.802] [
[   5.802] ADC1] STATUS alarm(s): 0x89 P
[   6.307] [STATUS] t_ms=1084657 hwm=5 cap=256 dropped=0 dropped_total=20880 crc_err=0 crc_err_total=0 rate1=512 rate2=511 prod1=512 prod2=511 dac_err=0 tx_drop=0 hb_ms=0 sma_state=6 m7_us=1119187362 m4_us=1116992898 vdd=5.067 offset=0.5000 aref=3.145 loop_us_avg=94 loop_us_max=5418 loop_hz=10638 cycle_log_ms=1 n_cycle=4 cc=1 cc_hz=1026 cc_i_tgt=0.1000 cc_u=0.5036 cc_r=4.9233 cc_tau_ms=7.00
[   6.812] GAL_ALM
[   6.812] [ADC1] STATUS alarm(s): 0xC9 P
[   7.316] [STATUS] t_ms=1085657 hwm=5 cap=256 dropped=0 dropped_total=20880 crc_err=0 crc_err_total=0 rate1=512 rate2=513 prod1=512 prod2=513 dac_err=0 tx_drop=0 hb_ms=0 sma_state=6 m7_us=1120219861 m4_us=1118025836 vdd=5.067 offset=0.5000 aref=3.145 loop_us_avg=94 loop_us_max=5421 loop_hz=10638 cycle_log_ms=1 n_cycle=4 cc=1 cc_hz=1026 cc_i_tgt=0.1000 cc_u=0.5068 cc_r=4.8663 cc_tau_ms=7.00
[   7.820] GAL_ALM
[   7.820] [ADC1] STATUS alarm(s): 0xC9 P
[   8.329] [STATUS] t_ms=1086657 hwm=5 cap=256 dropped=0 dropped_total=20880 crc_err=0 crc_err_total=0 rate1=512 rate2=511 prod1=512 prod2=511 dac_err=0 tx_drop=0 hb_ms=0 sma_state=6 m7_us=1121251225 m4_us=1119056757 vdd=5.067 offset=0.5000 aref=3.145 loop_us_avg=94 loop_us_max=5412 loop_hz=10638 cycle_log_ms=1 n_cycle=4 cc=1 cc_hz=1026 cc_i_tgt=0.1000 cc_u=0.5000 cc_r=4.8734 cc_tau_ms=7.00
[   8.838] GAL_ALM
[   8.838] [ADC1] STATUS ala
[   8.838] rm(s): 0xC9 P
[   9.343] [STATUS] t_ms=1087657 hwm=5 cap=256 dropped=0 dropped_total=20880 crc_err=0 crc_err_total=0 rate1=512 rate2=513 prod1=512 prod2=513 dac_err=0 tx_drop=0 hb_ms=0 sma_state=6 m7_us=1122283734 m4_us=1120089715 vdd=5.067 offset=0.5000 aref=3.145 loop_us_avg=94 loop_us_max=5406 loop_hz=10638 cycle_log_ms=1 n_cycle=4 cc=1 cc_hz=1026 cc_i_tgt=0.1000 cc_u=0.5015 cc_r=4.8610 cc_tau_ms=7.00
[   9.847] GAL_ALM
[   9.847] [ADC1] STATUS alarm(s): 0xC9 P
[  10.413] [STATUS] t_ms=1088657 hwm=5 cap=256 dropped=0 dropped_total=20880 crc_err=0 crc_err_total=0 rate1=512 rate2=511 prod1=512 prod2=511 dac_err=0 tx_drop=0 hb_ms=0 sma_state=6 m7_us=1123315112 m4_us=1121120642 vdd=5.067 offset=0.5000 aref=3.145 loop_us_avg=93 loop_us_max=5407 loop_hz=10752 cycle_log_ms=1 n_cycle=4 cc=1 cc_hz=1026 cc_i_tgt=0.1000 cc_u=0.5094 cc_r=4.9711 cc_tau_ms=7.00
[  10.860] GAL_ALM
[  10.860] [ADC1] STATUS alarm(s): 0xC9 P
[  11.428] [STATUS] t_ms=1089657 hwm=5 cap=256 dropped=0 dropped_total=20880 crc_err=0 crc_err_total=0 rate1=512 rate2=513 prod1=512 prod2=513 dac_err=0 tx_drop=0 hb_ms=0 sma_state=6 m7_us=1124347617 m4_us=1122153593 vdd=5.067 offset=0.5000 aref=3.145 loop_us_avg=94 loop_us_max=5404 loop_hz=10638 cycle_log_ms=1 n_cycle=4 cc=1 cc_hz=1026 cc_i_tgt=0.1000 cc_u=0.6525 cc_r=6.2805 cc_tau_ms=7.00
[  11.873] GAL_ALM
[  11.873] [ADC1] STATUS alar
[  11.873] m(s): 0x49 P
[  12.496] [STATUS] t_ms=1090657 hwm=5 cap=256 dropped=0 dropped_total=20880 crc_err=0 crc_err_total=0 rate1=512 rate2=511 prod1=512 prod2=511 dac_err=0 tx_drop=0 hb_ms=0 sma_state=6 m7_us=1125378982 m4_us=1123184491 vdd=5.067 offset=0.5000 aref=3.145 loop_us_avg=93 loop_us_max=5413 loop_hz=10752 cycle_log_ms=1 n_cycle=4 cc=1 cc_hz=1026 cc_i_tgt=0.1000 cc_u=0.5053 cc_r=4.9669 cc_tau_ms=7.00
[  12.877] GAL_ALM
[  12.877] [ADC1] STATUS alarm(s): 0x49 P
[  13.507] [STATUS] t_ms=1091657 hwm=6 cap=256 dropped=0 dropped_total=20880 crc_err=0 crc_err_total=0 rate1=512 rate2=513 prod1=512 prod2=513 dac_err=0 tx_drop=0 hb_ms=0 sma_state=6 m7_us=1126411450 m4_us=1124217417 vdd=5.067 offset=0.5000 aref=3.145 loop_us_avg=93 loop_us_max=5531 loop_hz=10752 cycle_log_ms=1 n_cycle=4 cc=1 cc_hz=1026 cc_i_tgt=0.1000 cc_u=0.5000 cc_r=4.9015 cc_tau_ms=7.00
[  13.888] GAL_ALM
[  13.888] [ADC1] STATUS alarm(s): 0x49 P
[  14.523] [STATUS] t_ms=1092657 hwm=5 cap=256 dropped=0 dropped_total=20880 crc_err=0 crc_err_total=0 rate1=512 rate2=511 prod1=512 prod2=511 dac_err=0 tx_drop=0 hb_ms=0 sma_state=6 m7_us=1127442652 m4_us=1125248277 vdd=5.067 offset=0.5000 aref=3.145 loop_us_avg=93 loop_us_max=5402 loop_hz=10752 cycle_log_ms=1 n_cycle=4 cc=1 cc_hz=1026 cc_i_tgt=0.1000 cc_u=0.5000 cc_r=4.8923 cc_tau_ms=7.00
[  14.900] GAL_ALM
[  14.900] [ADC1] STATUS ala
[  14.900] rm(s): 0x49 P
[  15.594] [STATUS] t_ms=1093657 hwm=5 cap=256 dropped=0 dropped_total=20880 crc_err=0 crc_err_total=0 rate1=512 rate2=513 prod1=512 prod2=513 dac_err=0 tx_drop=0 hb_ms=0 sma_state=6 m7_us=1128475219 m4_us=1126281164 vdd=5.067 offset=0.5000 aref=3.145 loop_us_avg=93 loop_us_max=5331 loop_hz=10752 cycle_log_ms=1 n_cycle=4 cc=1 cc_hz=1026 cc_i_tgt=0.1000 cc_u=0.5010 cc_r=4.9269 cc_tau_ms=7.00
[  15.911] GAL_ALM
[  15.911] [ADC1] STATUS alarm(s): 0x49 P
[  15.911] [SMA] [ACT] heat n=2/6 I=150.0mA ms=400
[  16.353] [SMA] [ACT] cool n=2/6 I=100.0mA ms=15000
[  16.607] [STATUS] t_ms=1094657 hwm=5 cap=256 dropped=0 dropped_total=20880 crc_err=0 crc_err_total=0 rate1=512 rate2=511 prod1=512 prod2=511 dac_err=0 tx_drop=0 hb_ms=0 sma_state=6 m7_us=1129506400 m4_us=1127312027 vdd=5.067 offset=0.5000 aref=3.145 loop_us_avg=93 loop_us_max=5419 loop_hz=10752 cycle_log_ms=1 n_cycle=4 cc=1 cc_hz=1024 cc_i_tgt=0.1000 cc_u=0.5000 cc_r=4.8296 cc_tau_ms=7.00
[  16.923] GAL_ALM
[  16.923] [ADC1] STATUS alarm(s): 0x49 P
[  17.613] [STATUS] t_ms=1095657 hwm=5 cap=256 dropped=0 dropped_total=20880 crc_err=0 crc_err_total=0 rate1=512 rate2=513 prod1=512 prod2=513 dac_err=0 tx_drop=0 hb_ms=0 sma_state=6 m7_us=1130538952 m4_us=1128344921 vdd=5.067 offset=0.5000 aref=3.145 loop_us_avg=93 loop_us_max=5413 loop_hz=10752 cycle_log_ms=1 n_cycle=4 cc=1 cc_hz=1026 cc_i_tgt=0.1000 cc_u=0.5000 cc_r=4.8726 cc_tau_ms=7.00
[  17.927] GAL_ALM
[  17.927] [
[  17.927] ADC1] STATUS alar
[  17.927] m(s): 0x9 P
[  18.684] [STATUS] t_ms=1096657 hwm=5 cap=256 dropped=0 dropped_total=20880 crc_err=0 crc_err_total=0 rate1=512 rate2=511 prod1=512 prod2=511 dac_err=0 tx_drop=0 hb_ms=0 sma_state=6 m7_us=1131570160 m4_us=1129375781 vdd=5.067 offset=0.5000 aref=3.145 loop_us_avg=94 loop_us_max=5402 loop_hz=10638 cycle_log_ms=1 n_cycle=4 cc=1 cc_hz=1026 cc_i_tgt=0.1000 cc_u=0.5182 cc_r=4.8828 cc_tau_ms=7.00
[  18.938] GAL_ALM
[  18.938] [ADC1] STATUS alarm(s): 0x89 P
[  19.700] [STATUS] t_ms=1097657 hwm=5 cap=256 dropped=0 dropped_total=20880 crc_err=0 crc_err_total=0 rate1=512 rate2=513 prod1=512 prod2=513 dac_err=0 tx_drop=0 hb_ms=0 sma_state=6 m7_us=1132602711 m4_us=1130408675 vdd=5.067 offset=0.5000 aref=3.145 loop_us_avg=92 loop_us_max=5333 loop_hz=10869 cycle_log_ms=1 n_cycle=4 cc=1 cc_hz=1026 cc_i_tgt=0.1000 cc_u=0.5054 cc_r=4.9066 cc_tau_ms=7.00
[  19.891] GAL_ALM
[  19.891] [ADC1] STATUS alarm(s): 0xC9 P
[  20.711] [STATUS] t_ms=1098657 hwm=5 cap=256 dropped=0 dropped_total=20880 crc_err=0 crc_err_total=0 rate1=512 rate2=511 prod1=512 prod2=511 dac_err=0 tx_drop=0 hb_ms=0 sma_state=6 m7_us=1133633962 m4_us=1131439547 vdd=5.067 offset=0.5000 aref=3.145 loop_us_avg=94 loop_us_max=5408 loop_hz=10638 cycle_log_ms=1 n_cycle=4 cc=1 cc_hz=1026 cc_i_tgt=0.1000 cc_u=0.5000 cc_r=4.9095 cc_tau_ms=7.00
[  20.900] GAL_
[  20.900] ALM
[  20.900] [ADC1] STATUS a
[  20.900] larm(s): 0xC9 P
[  21.787] [STATUS] t_ms=1099657 hwm=5 cap=256 dropped=0 dropped_total=20880 crc_err=0 crc_err_total=0 rate1=512 rate2=513 prod1=512 prod2=513 dac_err=0 tx_drop=0 hb_ms=0 sma_state=6 m7_us=1134666447 m4_us=1132472422 vdd=5.067 offset=0.5000 aref=3.145 loop_us_avg=92 loop_us_max=5344 loop_hz=10869 cycle_log_ms=1 n_cycle=4 cc=1 cc_hz=1026 cc_i_tgt=0.1000 cc_u=0.5000 cc_r=4.8996 cc_tau_ms=7.00
[  21.914] GAL_A
[  21.914] [ADC1] STATUS alarm(s): 0xC9 P
[  22.795] [STATUS] t_ms=1100657 hwm=5 cap=256 dropped=0 dropped_total=20880 crc_err=0 crc_err_total=0 rate1=512 rate2=511 prod1=512 prod2=511 dac_err=0 tx_drop=0 hb_ms=0 sma_state=6 m7_us=1135697652 m4_us=1133503285 vdd=5.067 offset=0.5000 aref=3.145 loop_us_avg=94 loop_us_max=5410 loop_hz=10638 cycle_log_ms=1 n_cycle=4 cc=1 cc_hz=1026 cc_i_tgt=0.1000 cc_u=0.5000 cc_r=4.8679 cc_tau_ms=7.00
[  22.922] GAL_ALM
[  22.922] [ADC1] STATUS alarm(s): 0xC9 P
[  23.804] [STATUS] t_ms=1101657 hwm=5 cap=256 dropped=0 dropped_total=20880 crc_err=0 crc_err_total=0 rate1=512 rate2=513 prod1=512 prod2=513 dac_err=0 tx_drop=0 hb_ms=0 sma_state=6 m7_us=1136730164 m4_us=1134536140 vdd=5.067 offset=0.5000 aref=3.145 loop_us_avg=93 loop_us_max=5322 loop_hz=10752 cycle_log_ms=1 n_cycle=4 cc=1 cc_hz=1026 cc_i_tgt=0.1000 cc_u=0.5110 cc_r=4.9500 cc_tau_ms=7.00
[  23.932] GAL_ALM
[  23.932] [ADC1] STATUS alarm(s): 0x49 P
[  24.845] [STATUS] t_ms=1102657 hwm=106 cap=256 dropped=0 dropped_total=20880 crc_err=0 crc_err_total=0 rate1=512 rate2=510 prod1=512 prod2=511 dac_err=0 tx_drop=0 hb_ms=0 sma_state=6 m7_us=1137761322 m4_us=1135566946 vdd=5.067 offset=0.5000 aref=3.145 loop_us_avg=103 loop_us_max=106870 loop_hz=9708 cycle_log_ms=1 n_cycle=4 cc=1 cc_hz=918 cc_i_tgt=0.1000 cc_u=0.5000 cc_r=4.9124 cc_tau_ms=7.00
[  24.968] GAL_ALM
[  24.968] [ADC1] STATUS alarm(s): 0x49 P
[  25.915] [STATUS] t_ms=1103657 hwm=5 cap=256 dropped=0 dropped_total=20880 crc_err=0 crc_err_total=0 rate1=512 rate2=512 prod1=512 prod2=512 dac_err=0 tx_drop=0 hb_ms=0 sma_state=6 m7_us=1138793628 m4_us=1136598766 vdd=5.067 offset=0.5000 aref=3.145 loop_us_avg=92 loop_us_max=5325 loop_hz=10869 cycle_log_ms=1 n_cycle=4 cc=1 cc_hz=1026 cc_i_tgt=0.1000 cc_u=0.5037 cc_r=4.8698 cc_tau_ms=7.00
[  25.977] GAL_ALM
[  25.977] [ADC1] STATUS alarm(s): 0x49 P
[  26.923] [STATUS] t_ms=1104657 hwm=6 cap=256 dropped=0 dropped_total=20880 crc_err=0 crc_err_total=0 rate1=512 rate2=513 prod1=512 prod2=513 dac_err=0 tx_drop=0 hb_ms=0 sma_state=6 m7_us=1139825636 m4_us=1137631654 vdd=5.067 offset=0.5000 aref=3.145 loop_us_avg=94 loop_us_max=5351 loop_hz=10638 cycle_log_ms=1 n_cycle=4 cc=1 cc_hz=1026 cc_i_tgt=0.1000 cc_u=0.5000 cc_r=4.9010 cc_tau_ms=7.00
[  26.985] GAL_ALM
[  26.985] [ADC1] STATUS alarm(s): 0x49 P
[  27.931] [STATUS] t_ms=1105657 hwm=5 cap=256 dropped=0 dropped_total=20880 crc_err=0 crc_err_total=0 rate1=512 rate2=511 prod1=512 prod2=511 dac_err=0 tx_drop=0 hb_ms=0 sma_state=6 m7_us=1140856866 m4_us=1138662504 vdd=5.067 offset=0.5000 aref=3.145 loop_us_avg=94 loop_us_max=5399 loop_hz=10638 cycle_log_ms=1 n_cycle=4 cc=1 cc_hz=1026 cc_i_tgt=0.1000 cc_u=0.5059 cc_r=4.9014 cc_tau_ms=7.00
[  27.994] GAL_ALM
[  27.994] [ADC1] STATUS alarm(s): 0x49 P
[  29.001] [STATUS] t_ms=1106657 hwm=5 cap=256 dropped=0 dropped_total=20880 crc_err=0 crc_err_total=0 rate1=512 rate2=513 prod1=512 prod2=513 dac_err=0 tx_drop=0 hb_ms=0 sma_state=6 m7_us=1141889230 m4_us=1139695302 vdd=5.067 offset=0.5000 aref=3.145 loop_us_avg=94 loop_us_max=5327 loop_hz=10638 cycle_log_ms=1 n_cycle=4 cc=1 cc_hz=1026 cc_i_tgt=0.1000 cc_u=0.5051 cc_r=4.9404 cc_tau_ms=7.00
[  29.001] GAL_ALM
[  29.001] [
[  29.001] ADC1] STATUS alarm
[  29.001] (s): 0x9 P
[  30.008] GAL_ALM
[  30.008] [ADC1] STATUS alarm(s): 0x89 P
[  30.008] [STATUS] t_ms=1107657 hwm=5 cap=256 dropped=0 dropped_total=20880 crc_err=0 crc_err_total=0 rate1=512 rate2=511 prod1=512 prod2=511 dac_err=0 tx_drop=0 hb_ms=0 sma_state=6 m7_us=1142920485 m4_us=1140726104 vdd=5.067 offset=0.5000 aref=3.145 loop_us_avg=94 loop_us_max=5408 loop_hz=10638 cycle_log_ms=1 n_cycle=4 cc=1 cc_hz=1026 cc_i_tgt=0.1000 cc_u=0.5018 cc_r=4.8257 cc_tau_ms=7.00
[  31.021] GAL_ALM
[  31.021] [ADC1] STATUS alarm(s): 0xC9 P
[  31.021] [STATUS] t_ms=1108657 hwm=5 cap=256 dropped=0 dropped_total=20880 crc_err=0 crc_err_total=0 rate1=512 rate2=513 prod1=512 prod2=513 dac_err=0 tx_drop=0 hb_ms=0 sma_state=6 m7_us=1143952866 m4_us=1141758934 vdd=5.067 offset=0.5000 aref=3.145 loop_us_avg=92 loop_us_max=5326 loop_hz=10869 cycle_log_ms=1 n_cycle=4 cc=1 cc_hz=1026 cc_i_tgt=0.1000 cc_u=0.5815 cc_r=5.4088 cc_tau_ms=7.00
[  31.840] [SMA] [ACT] heat n=3/6 I=150.0mA ms=400
[  32.031] GAL_ALM
[  32.031] [ADC1] STATUS alarm(s): 0xC9 P
[  32.094] [STATUS] t_ms=1109657 hwm=5 cap=256 dropped=0 dropped_total=20880 crc_err=0 crc_err_total=0 rate1=512 rate2=511 prod1=512 prod2=511 dac_err=0 tx_drop=0 hb_ms=0 sma_state=5 m7_us=1144984127 m4_us=1142789765 vdd=5.067 offset=0.5000 aref=3.145 loop_us_avg=93 loop_us_max=5482 loop_hz=10752 cycle_log_ms=1 n_cycle=4 cc=1 cc_hz=1025 cc_i_tgt=0.1500 cc_u=0.6774 cc_r=4.6368 cc_tau_ms=7.00
[  32.220] [SMA] [ACT] cool n=3/6 I=100.0mA ms=15000
[  33.039] GAL_ALM
[  33.039] [ADC1] STATUS alarm(s): 0xC9 P
[  33.103] [STATUS] t_ms=1110657 hwm=5 cap=256 dropped=0 dropped_total=20880 crc_err=0 crc_err_total=0 rate1=512 rate2=512 prod1=512 prod2=512 dac_err=0 tx_drop=0 hb_ms=0 sma_state=6 m7_us=1146016515 m4_us=1143821598 vdd=5.067 offset=0.5000 aref=3.145 loop_us_avg=92 loop_us_max=5333 loop_hz=10869 cycle_log_ms=1 n_cycle=4 cc=1 cc_hz=1025 cc_i_tgt=0.1000 cc_u=0.5000 cc_r=4.8765 cc_tau_ms=7.00
[  34.048] GAL_ALM
[  34.048] [ADC1] STATUS alarm(s): 0x49 P
[  34.111] [STATUS] t_ms=1111657 hwm=6 cap=256 dropped=0 dropped_total=20880 crc_err=0 crc_err_total=0 rate1=512 rate2=512 prod1=512 prod2=512 dac_err=0 tx_drop=0 hb_ms=0 sma_state=6 m7_us=1147047765 m4_us=1144853406 vdd=5.067 offset=0.5000 aref=3.145 loop_us_avg=92 loop_us_max=5500 loop_hz=10869 cycle_log_ms=1 n_cycle=4 cc=1 cc_hz=1026 cc_i_tgt=0.1000 cc_u=0.5000 cc_r=4.9521 cc_tau_ms=7.00
[  35.052] GAL_ALM
[  35.052] [ADC1] STATUS ala
[  35.052] rm(s): 0x49 P
[  35.177] [STATUS] t_ms=1112657 hwm=5 cap=256 dropped=0 dropped_total=20880 crc_err=0 crc_err_total=0 rate1=512 rate2=513 prod1=512 prod2=513 dac_err=0 tx_drop=0 hb_ms=0 sma_state=6 m7_us=1148080166 m4_us=1145886233 vdd=5.067 offset=0.5000 aref=3.145 loop_us_avg=93 loop_us_max=5329 loop_hz=10752 cycle_log_ms=1 n_cycle=4 cc=1 cc_hz=1026 cc_i_tgt=0.1000 cc_u=0.5068 cc_r=4.8653 cc_tau_ms=7.00
[  36.057] GAL_ALM
[  36.057] [ADC1] STATUS alarm(s): 0x49 P
[  36.183] [STATUS] t_ms=1113657 hwm=5 cap=256 dropped=0 dropped_total=20880 crc_err=0 crc_err_total=0 rate1=512 rate2=511 prod1=512 prod2=511 dac_err=0 tx_drop=0 hb_ms=0 sma_state=6 m7_us=1149111403 m4_us=1146917026 vdd=5.067 offset=0.5000 aref=3.145 loop_us_avg=94 loop_us_max=5422 loop_hz=10638 cycle_log_ms=1 n_cycle=4 cc=1 cc_hz=1026 cc_i_tgt=0.1000 cc_u=0.5030 cc_r=4.9784 cc_tau_ms=7.00
[  37.065] GAL_ALM
[  37.065] [ADC1] STATUS alarm(s): 0x49 P
[  37.255] [STATUS] t_ms=1114657 hwm=5 cap=256 dropped=0 dropped_total=20880 crc_err=0 crc_err_total=0 rate1=512 rate2=513 prod1=512 prod2=513 dac_err=0 tx_drop=0 hb_ms=0 sma_state=6 m7_us=1150143805 m4_us=1147949839 vdd=5.067 offset=0.5000 aref=3.145 loop_us_avg=93 loop_us_max=5332 loop_hz=10752 cycle_log_ms=1 n_cycle=4 cc=1 cc_hz=1026 cc_i_tgt=0.1000 cc_u=0.5081 cc_r=4.8454 cc_tau_ms=7.00
[  38.072] GAL_ALM
[  38.072] [A
[  38.072] DC1] STATUS alarm(s): 0x49 P
[  38.259] [STATUS] t_ms=1115657 hwm=5 cap=256 dropped=0 dropped_total=20880 crc_err=0 crc_err_total=0 rate1=512 rate2=511 prod1=512 prod2=511 dac_err=0 tx_drop=0 hb_ms=0 sma_state=6 m7_us=1151175029 m4_us=1148980638 vdd=5.067 offset=0.5000 aref=3.145 loop_us_avg=94 loop_us_max=5420 loop_hz=10638 cycle_log_ms=1 n_cycle=4 cc=1 cc_hz=1026 cc_i_tgt=0.1000 cc_u=0.5000 cc_r=4.8656 cc_tau_ms=7.00
[  39.076] GAL_
[  39.076] ALM
[  39.076] [ADC1] STATUS alarm(s): 0x9 P
[  39.329] [STATUS] t_ms=1116657 hwm=5 cap=256 dropped=0 dropped_total=20880 crc_err=0 crc_err_total=0 rate1=512 rate2=513 prod1=512 prod2=513 dac_err=0 tx_drop=0 hb_ms=0 sma_state=6 m7_us=1152207475 m4_us=1150013452 vdd=5.067 offset=0.5000 aref=3.145 loop_us_avg=92 loop_us_max=5343 loop_hz=10869 cycle_log_ms=1 n_cycle=4 cc=1 cc_hz=1026 cc_i_tgt=0.1000 cc_u=0.5093 cc_r=4.9540 cc_tau_ms=7.00
[  40.087] GAL_ALM
[  40.087] [ADC1] STATUS alarm(s): 0x89 P
[  40.340] [STATUS] t_ms=1117657 hwm=5 cap=256 dropped=0 dropped_total=20880 crc_err=0 crc_err_total=0 rate1=512 rate2=511 prod1=512 prod2=511 dac_err=0 tx_drop=0 hb_ms=0 sma_state=6 m7_us=1153238666 m4_us=1151044290 vdd=5.067 offset=0.5000 aref=3.145 loop_us_avg=94 loop_us_max=5481 loop_hz=10638 cycle_log_ms=1 n_cycle=4 cc=1 cc_hz=1026 cc_i_tgt=0.1000 cc_u=0.5062 cc_r=4.9152 cc_tau_ms=7.00
[  41.099] GAL_ALM
[  41.099] [ADC1] STATUS alarm(s): 0xC9 P
[  41.352] [STATUS] t_ms=1118657 hwm=5 cap=256 dropped=0 dropped_total=20880 crc_err=0 crc_err_total=0 rate1=512 rate2=513 prod1=512 prod2=513 dac_err=0 tx_drop=0 hb_ms=0 sma_state=6 m7_us=1154271063 m4_us=1152077113 vdd=5.067 offset=0.5000 aref=3.145 loop_us_avg=93 loop_us_max=5343 loop_hz=10752 cycle_log_ms=1 n_cycle=4 cc=1 cc_hz=1026 cc_i_tgt=0.1000 cc_u=0.5028 cc_r=4.9523 cc_tau_ms=7.00
[  42.113] GAL_ALM
[  42.113] [ADC1] STATUS alarm(s): 0xC9 P
[  42.365] [STATUS] t_ms=1119657 hwm=5 cap=256 dropped=0 dropped_total=20880 crc_err=0 crc_err_total=0 rate1=512 rate2=511 prod1=512 prod2=511 dac_err=0 tx_drop=0 hb_ms=0 sma_state=6 m7_us=1155302303 m4_us=1153107944 vdd=5.067 offset=0.5000 aref=3.145 loop_us_avg=94 loop_us_max=5412 loop_hz=10638 cycle_log_ms=1 n_cycle=4 cc=1 cc_hz=1026 cc_i_tgt=0.1000 cc_u=0.5000 cc_r=4.8813 cc_tau_ms=7.00
[  43.061] GAL_ALM
[  43.061] [ADC1] STATUS alarm(s): 0xC9 P
[  43.437] [STATUS] t_ms=1120657 hwm=5 cap=256 dropped=0 dropped_total=20880 crc_err=0 crc_err_total=0 rate1=512 rate2=512 prod1=512 prod2=512 dac_err=0 tx_drop=0 hb_ms=0 sma_state=6 m7_us=1156334641 m4_us=1154139797 vdd=5.067 offset=0.5000 aref=3.145 loop_us_avg=92 loop_us_max=5323 loop_hz=10869 cycle_log_ms=1 n_cycle=4 cc=1 cc_hz=1026 cc_i_tgt=0.1000 cc_u=0.5000 cc_r=4.8369 cc_tau_ms=7.00
[  44.130] GAL_ALM
[  44.130] [A
[  44.130] DC1] STATUS alarm(s): 0x49 P
[  44.442] [STATUS] t_ms=1121657 hwm=6 cap=256 dropped=0 dropped_total=20880 crc_err=0 crc_err_total=0 rate1=512 rate2=513 prod1=512 prod2=513 dac_err=0 tx_drop=0 hb_ms=0 sma_state=6 m7_us=1157366661 m4_us=1155172665 vdd=5.067 offset=0.5000 aref=3.145 loop_us_avg=92 loop_us_max=5346 loop_hz=10869 cycle_log_ms=1 n_cycle=4 cc=1 cc_hz=1026 cc_i_tgt=0.1000 cc_u=0.5057 cc_r=4.9303 cc_tau_ms=7.00
[  45.133] GAL_ALM
[  45.133] [ADC1] STATUS alarm(s): 0x49 P
[  45.511] [STATUS] t_ms=1122657 hwm=5 cap=256 dropped=0 dropped_total=20880 crc_err=0 crc_err_total=0 rate1=512 rate2=512 prod1=512 prod2=512 dac_err=0 tx_drop=0 hb_ms=0 sma_state=6 m7_us=1158398667 m4_us=1156204556 vdd=5.067 offset=0.5000 aref=3.145 loop_us_avg=92 loop_us_max=5407 loop_hz=10869 cycle_log_ms=1 n_cycle=4 cc=1 cc_hz=1027 cc_i_tgt=0.1000 cc_u=0.5221 cc_r=4.9399 cc_tau_ms=7.00
[  46.146] GAL_ALM
[  46.146] [ADC1] STATUS alarm(s): 0x49 P
[  46.524] [STATUS] t_ms=1123657 hwm=5 cap=256 dropped=0 dropped_total=20880 crc_err=0 crc_err_total=0 rate1=512 rate2=511 prod1=512 prod2=511 dac_err=0 tx_drop=0 hb_ms=0 sma_state=6 m7_us=1159429928 m4_us=1157235470 vdd=5.067 offset=0.5000 aref=3.145 loop_us_avg=94 loop_us_max=5479 loop_hz=10638 cycle_log_ms=1 n_cycle=4 cc=1 cc_hz=1026 cc_i_tgt=0.1000 cc_u=0.5027 cc_r=4.9090 cc_tau_ms=7.00
[  47.094] GAL_ALM
[  47.094] [ADC1] STATUS alarm(s): 0x49 P
[  47.532] [STATUS] t_ms=1124657 hwm=5 cap=256 dropped=0 dropped_total=20880 crc_err=0 crc_err_total=0 rate1=512 rate2=513 prod1=512 prod2=513 dac_err=0 tx_drop=0 hb_ms=0 sma_state=6 m7_us=1160462335 m4_us=1158268358 vdd=5.067 offset=0.5000 aref=3.145 loop_us_avg=92 loop_us_max=5422 loop_hz=10869 cycle_log_ms=1 n_cycle=4 cc=1 cc_hz=1025 cc_i_tgt=0.1000 cc_u=0.5010 cc_r=4.9448 cc_tau_ms=7.00
[  47.722] [SMA] [ACT] heat n=4/6 I=150.0mA ms=400
[  48.098] [SMA] [ACT] cool n=4/6 I=100.0mA ms=15000
[  48.161] GAL_ALM
[  48.161] [ADC1] STATUS alarm(s): 0x49 P
[  48.600] [STATUS] t_ms=1125657 hwm=5 cap=256 dropped=0 dropped_total=20880 crc_err=0 crc_err_total=0 rate1=512 rate2=512 prod1=512 prod2=512 dac_err=0 tx_drop=0 hb_ms=0 sma_state=6 m7_us=1161494311 m4_us=1159300198 vdd=5.067 offset=0.5000 aref=3.145 loop_us_avg=93 loop_us_max=5409 loop_hz=10752 cycle_log_ms=1 n_cycle=4 cc=1 cc_hz=1025 cc_i_tgt=0.1000 cc_u=0.5000 cc_r=4.8671 cc_tau_ms=7.00
[  49.105] GAL_ALM
[  49.105] [AD
[  49.168] C1] STATUS alarm
[  49.168] (s): 0x49 P
[  49.613] [STATUS] t_ms=1126657 hwm=5 cap=256 dropped=0 dropped_total=20880 crc_err=0 crc_err_total=0 rate1=512 rate2=511 prod1=512 prod2=511 dac_err=0 tx_drop=0 hb_ms=0 sma_state=6 m7_us=1162525360 m4_us=1160331003 vdd=5.067 offset=0.5000 aref=3.145 loop_us_avg=92 loop_us_max=5420 loop_hz=10869 cycle_log_ms=1 n_cycle=4 cc=1 cc_hz=1026 cc_i_tgt=0.1000 cc_u=0.5000 cc_r=4.8512 cc_tau_ms=7.00
[  50.120] GAL_ALM
[  50.120] [A
[  50.120] DC1] STATUS alarm(s): 0x9 P
[  50.622] [STATUS] t_ms=1127657 hwm=5 cap=256 dropped=0 dropped_total=20880 crc_err=0 crc_err_total=0 rate1=512 rate2=513 prod1=512 prod2=513 dac_err=0 tx_drop=0 hb_ms=0 sma_state=6 m7_us=1163557863 m4_us=1161363868 vdd=5.067 offset=0.5000 aref=3.145 loop_us_avg=93 loop_us_max=5446 loop_hz=10752 cycle_log_ms=1 n_cycle=4 cc=1 cc_hz=1026 cc_i_tgt=0.1000 cc_u=0.5000 cc_r=4.8665 cc_tau_ms=7.00
[  51.128] GAL_ALM
[  51.128] [ADC1] STATUS alarm(s): 0x89 P
[  51.695] [STATUS] t_ms=1128657 hwm=5 cap=256 dropped=0 dropped_total=20880 crc_err=0 crc_err_total=0 rate1=512 rate2=511 prod1=512 prod2=511 dac_err=0 tx_drop=0 hb_ms=0 sma_state=6 m7_us=1164589110 m4_us=1162394731 vdd=5.067 offset=0.5000 aref=3.145 loop_us_avg=94 loop_us_max=5411 loop_hz=10638 cycle_log_ms=1 n_cycle=4 cc=1 cc_hz=1026 cc_i_tgt=0.1000 cc_u=0.5001 cc_r=4.9215 cc_tau_ms=7.00
[  52.138] GAL_ALM
[  52.138] [ADC1] STATUS alarm(s): 0xC9 P
[  52.701] [STATUS] t_ms=1129657 hwm=5 cap=256 dropped=0 dropped_total=20880 crc_err=0 crc_err_total=0 rate1=512 rate2=512 prod1=512 prod2=512 dac_err=0 tx_drop=0 hb_ms=0 sma_state=6 m7_us=1165621535 m4_us=1163426578 vdd=5.067 offset=0.5000 aref=3.145 loop_us_avg=92 loop_us_max=5333 loop_hz=10869 cycle_log_ms=1 n_cycle=4 cc=1 cc_hz=1026 cc_i_tgt=0.1000 cc_u=0.5000 cc_r=4.8778 cc_tau_ms=7.00
[  53.141] GAL_ALM
[  53.141] [ADC1] STATUS alarm(s): 0xC9 P
[  53.774] [STATUS] t_ms=1130657 hwm=6 cap=256 dropped=0 dropped_total=20880 crc_err=0 crc_err_total=0 rate1=512 rate2=512 prod1=512 prod2=512 dac_err=0 tx_drop=0 hb_ms=0 sma_state=6 m7_us=1166652785 m4_us=1164458411 vdd=5.067 offset=0.5000 aref=3.145 loop_us_avg=94 loop_us_max=5442 loop_hz=10638 cycle_log_ms=1 n_cycle=4 cc=1 cc_hz=1026 cc_i_tgt=0.1000 cc_u=0.5000 cc_r=4.9156 cc_tau_ms=7.00
[  54.151] GAL_ALM
[  54.151] [ADC1] STATUS alarm(s): 0xC9 P
[  54.783] [STATUS] t_ms=1131657 hwm=5 cap=256 dropped=0 dropped_total=20880 crc_err=0 crc_err_total=0 rate1=512 rate2=513 prod1=512 prod2=513 dac_err=0 tx_drop=0 hb_ms=0 sma_state=6 m7_us=1167685199 m4_us=1165491273 vdd=5.067 offset=0.5000 aref=3.145 loop_us_avg=94 loop_us_max=5352 loop_hz=10638 cycle_log_ms=1 n_cycle=4 cc=1 cc_hz=1026 cc_i_tgt=0.1000 cc_u=0.5000 cc_r=4.9406 cc_tau_ms=7.00
[  55.160] GAL_ALM
[  55.160] [ADC1] STATUS ala
[  55.160] rm(s): 0x49 P
[  55.793] [STATUS] t_ms=1132657 hwm=5 cap=256 dropped=0 dropped_total=20880 crc_err=0 crc_err_total=0 rate1=512 rate2=511 prod1=512 prod2=511 dac_err=0 tx_drop=0 hb_ms=0 sma_state=6 m7_us=1168716418 m4_us=1166522066 vdd=5.067 offset=0.5000 aref=3.145 loop_us_avg=93 loop_us_max=5414 loop_hz=10752 cycle_log_ms=1 n_cycle=4 cc=1 cc_hz=1026 cc_i_tgt=0.1000 cc_u=0.5011 cc_r=4.8864 cc_tau_ms=7.00
[  56.172] GAL_ALM
[  56.172] [ADC1] STATUS alarm(s): 0x49 P
[  56.852] [STATUS] t_ms=1133657 hwm=126 cap=256 dropped=0 dropped_total=20880 crc_err=0 crc_err_total=0 rate1=511 rate2=511 prod1=512 prod2=512 dac_err=0 tx_drop=0 hb_ms=0 sma_state=6 m7_us=1169748689 m4_us=1167553854 vdd=5.067 offset=0.5000 aref=3.145 loop_us_avg=107 loop_us_max=127153 loop_hz=9345 cycle_log_ms=1 n_cycle=4 cc=1 cc_hz=897 cc_i_tgt=0.1000 cc_u=0.5000 cc_r=4.8834 cc_tau_ms=7.00
[  57.171] GAL_ALM
[  57.171] [ADC1] STATUS alarm(s): 0x49 P
[  57.864] [STATUS] t_ms=1134657 hwm=6 cap=256 dropped=0 dropped_total=20880 crc_err=0 crc_err_total=0 rate1=512 rate2=513 prod1=512 prod2=513 dac_err=0 tx_drop=0 hb_ms=0 sma_state=6 m7_us=1170780692 m4_us=1168586678 vdd=5.067 offset=0.5000 aref=3.145 loop_us_avg=94 loop_us_max=5349 loop_hz=10638 cycle_log_ms=1 n_cycle=4 cc=1 cc_hz=1027 cc_i_tgt=0.1000 cc_u=0.5053 cc_r=4.9064 cc_tau_ms=7.00
[  58.182] GAL_ALM
[  58.182] [ADC1] STATUS alarm(s): 0x49 P
[  58.877] [STATUS] t_ms=1135657 hwm=5 cap=256 dropped=0 dropped_total=20880 crc_err=0 crc_err_total=0 rate1=512 rate2=511 prod1=512 prod2=511 dac_err=0 tx_drop=0 hb_ms=0 sma_state=6 m7_us=1171811862 m4_us=1169617496 vdd=5.067 offset=0.5000 aref=3.145 loop_us_avg=94 loop_us_max=5415 loop_hz=10638 cycle_log_ms=1 n_cycle=4 cc=1 cc_hz=1026 cc_i_tgt=0.1000 cc_u=0.5003 cc_r=4.8604 cc_tau_ms=7.00
[  59.192] GAL_ALM
[  59.192] [ADC1] STATUS alarm(s): 0x49 P
[  59.950] [STATUS] t_ms=1136657 hwm=5 cap=256 dropped=0 dropped_total=20880 crc_err=0 crc_err_total=0 rate1=512 rate2=512 prod1=512 prod2=512 dac_err=0 tx_drop=0 hb_ms=0 sma_state=6 m7_us=1172844020 m4_us=1170649298 vdd=5.067 offset=0.5000 aref=3.145 loop_us_avg=93 loop_us_max=5319 loop_hz=10752 cycle_log_ms=1 n_cycle=4 cc=1 cc_hz=1026 cc_i_tgt=0.1000 cc_u=0.5000 cc_r=4.8108 cc_tau_ms=7.00
[  60.203] GAL_ALM
[  60.203] [ADC1] STATUS alarm(s): 0x9 P
[  60.962] [STATUS] t_ms=1137657 hwm=6 cap=256 dropped=0 dropped_total=20880 crc_err=0 crc_err_total=0 rate1=512 rate2=512 prod1=512 prod2=512 dac_err=0 tx_drop=0 hb_ms=0 sma_state=6 m7_us=1173875991 m4_us=1171681128 vdd=5.067 offset=0.5000 aref=3.145 loop_us_avg=92 loop_us_max=5358 loop_hz=10869 cycle_log_ms=1 n_cycle=4 cc=1 cc_hz=1027 cc_i_tgt=0.1000 cc_u=0.5064 cc_r=4.9620 cc_tau_ms=7.00
[  61.215] GAL_ALM
[  61.215] [A
[  61.215] DC1] STATUS alar
[  61.215] m(s): 0xC9 P
[  61.974] [STATUS] t_ms=1138657 hwm=6 cap=256 dropped=0 dropped_total=20880 crc_err=0 crc_err_total=0 rate1=512 rate2=513 prod1=512 prod2=513 dac_err=0 tx_drop=0 hb_ms=0 sma_state=6 m7_us=1174908001 m4_us=1172713990 vdd=5.067 offset=0.5000 aref=3.145 loop_us_avg=94 loop_us_max=5346 loop_hz=10638 cycle_log_ms=1 n_cycle=4 cc=1 cc_hz=1027 cc_i_tgt=0.1000 cc_u=0.5000 cc_r=4.9043 cc_tau_ms=7.00
[  62.227] GAL_ALM
[  62.227] [ADC1] STATUS alarm(s): 0xC9 P
[  63.045] [STATUS] t_ms=1139657 hwm=5 cap=256 dropped=0 dropped_total=20880 crc_err=0 crc_err_total=0 rate1=512 rate2=511 prod1=512 prod2=511 dac_err=0 tx_drop=0 hb_ms=0 sma_state=6 m7_us=1175939269 m4_us=1173744802 vdd=5.067 offset=0.5000 aref=3.145 loop_us_avg=92 loop_us_max=5413 loop_hz=10869 cycle_log_ms=1 n_cycle=4 cc=1 cc_hz=1026 cc_i_tgt=0.1000 cc_u=0.5085 cc_r=4.9199 cc_tau_ms=7.00
[  63.237] GAL_ALM
[  63.237] [ADC1] STATUS a
[  63.237] larm(s): 0xC9 P
[  63.615] [SMA] [ACT] heat n=5/6 I=150.0mA ms=400
[  63.995] [SMA] [ACT] cool n=5/6 I=100.0mA ms=15000
[  64.058] [STATUS] t_ms=1140657 hwm=5 cap=256 dropped=0 dropped_total=20880 crc_err=0 crc_err_total=0 rate1=512 rate2=512 prod1=512 prod2=512 dac_err=0 tx_drop=0 hb_ms=0 sma_state=6 m7_us=1176971436 m4_us=1174776629 vdd=5.067 offset=0.5000 aref=3.145 loop_us_avg=94 loop_us_max=5507 loop_hz=10638 cycle_log_ms=1 n_cycle=4 cc=1 cc_hz=1025 cc_i_tgt=0.1000 cc_u=0.5026 cc_r=4.6892 cc_tau_ms=7.00
[  64.247] GAL_ALM
[  64.247] [ADC1] STATUS alarm(s): 0x49 P
[  65.066] [STATUS] t_ms=1141657 hwm=6 cap=256 dropped=0 dropped_total=20880 crc_err=0 crc_err_total=0 rate1=512 rate2=512 prod1=512 prod2=512 dac_err=0 tx_drop=0 hb_ms=0 sma_state=6 m7_us=1178002819 m4_us=1175808450 vdd=5.067 offset=0.5000 aref=3.145 loop_us_avg=93 loop_us_max=5504 loop_hz=10752 cycle_log_ms=1 n_cycle=4 cc=1 cc_hz=1026 cc_i_tgt=0.1000 cc_u=0.5098 cc_r=4.9459 cc_tau_ms=7.00
[  65.254] GAL_ALM
[  65.254] [ADC1] STATUS alarm(s): 0x49 P
[  66.131] [STATUS] t_ms=1142657 hwm=5 cap=256 dropped=0 dropped_total=20880 crc_err=0 crc_err_total=0 rate1=512 rate2=512 prod1=512 prod2=512 dac_err=0 tx_drop=0 hb_ms=0 sma_state=6 m7_us=1179034949 m4_us=1176840245 vdd=5.067 offset=0.5000 aref=3.145 loop_us_avg=94 loop_us_max=5325 loop_hz=10638 cycle_log_ms=1 n_cycle=4 cc=1 cc_hz=1026 cc_i_tgt=0.1000 cc_u=0.5038 cc_r=4.9054 cc_tau_ms=7.00
[  66.258] GAL_ALM
[  66.258] [ADC1] STATUS alarm(s): 0x49 P
[  67.139] [STATUS] t_ms=1143657 hwm=6 cap=256 dropped=0 dropped_total=20880 crc_err=0 crc_err_total=0 rate1=512 rate2=513 prod1=512 prod2=513 dac_err=0 tx_drop=0 hb_ms=0 sma_state=6 m7_us=1180067010 m4_us=1177873062 vdd=5.067 offset=0.5000 aref=3.145 loop_us_avg=94 loop_us_max=5399 loop_hz=10638 cycle_log_ms=1 n_cycle=4 cc=1 cc_hz=1027 cc_i_tgt=0.1000 cc_u=0.5000 cc_r=4.8694 cc_tau_ms=7.00
[  67.265] GAL_ALM
[  67.265] [ADC1] STATUS alarm(s): 0x49 P
[  68.209] [STATUS] t_ms=1144657 hwm=5 cap=256 dropped=0 dropped_total=20880 crc_err=0 crc_err_total=0 rate1=512 rate2=511 prod1=512 prod2=511 dac_err=0 tx_drop=0 hb_ms=0 sma_state=6 m7_us=1181098214 m4_us=1178903848 vdd=5.067 offset=0.5000 aref=3.145 loop_us_avg=94 loop_us_max=5402 loop_hz=10638 cycle_log_ms=1 n_cycle=4 cc=1 cc_hz=1026 cc_i_tgt=0.1000 cc_u=0.5000 cc_r=4.8669 cc_tau_ms=7.00
[  68.272] GAL_ALM
[  68.272] [ADC1] STATUS alarm(s): 0x9 P
[  69.220] [STATUS] t_ms=1145657 hwm=5 cap=256 dropped=0 dropped_total=20880 crc_err=0 crc_err_total=0 rate1=512 rate2=512 prod1=512 prod2=512 dac_err=0 tx_drop=0 hb_ms=0 sma_state=6 m7_us=1182130362 m4_us=1179935659 vdd=5.067 offset=0.5000 aref=3.145 loop_us_avg=94 loop_us_max=5324 loop_hz=10638 cycle_log_ms=1 n_cycle=4 cc=1 cc_hz=1026 cc_i_tgt=0.1000 cc_u=0.5000 cc_r=4.9028 cc_tau_ms=7.00
[  69.284] GAL_ALM
[  69.284] [ADC1] STATUS alarm(s): 0x89 P
[  70.234] [STATUS] t_ms=1146657 hwm=6 cap=256 dropped=0 dropped_total=20880 crc_err=0 crc_err_total=0 rate1=512 rate2=512 prod1=512 prod2=512 dac_err=0 tx_drop=0 hb_ms=0 sma_state=6 m7_us=1183162352 m4_us=1180967525 vdd=5.067 offset=0.5000 aref=3.145 loop_us_avg=94 loop_us_max=5376 loop_hz=10638 cycle_log_ms=1 n_cycle=4 cc=1 cc_hz=1027 cc_i_tgt=0.1000 cc_u=0.5186 cc_r=4.9170 cc_tau_ms=7.00
[  70.298] GAL_ALM
[  70.298] [ADC1] STATUS alarm(s): 0xC9 P
[  71.307] [STATUS] t_ms=1147657 hwm=6 cap=256 dropped=0 dropped_total=20880 crc_err=0 crc_err_total=0 rate1=512 rate2=513 prod1=512 prod2=513 dac_err=0 tx_drop=0 hb_ms=0 sma_state=6 m7_us=1184194364 m4_us=1182000387 vdd=5.067 offset=0.5000 aref=3.145 loop_us_avg=92 loop_us_max=5357 loop_hz=10869 cycle_log_ms=1 n_cycle=4 cc=1 cc_hz=1027 cc_i_tgt=0.1000 cc_u=0.5000 cc_r=4.8976 cc_tau_ms=7.00
[  71.307] GAL_
[  71.307] ALM
[  71.307] [ADC1] STATUS
[  71.307] alarm(s): 0xC9 P
[  72.316] [STATUS] t_ms=1148657 hwm=5 cap=256 dropped=0 dropped_total=20880 crc_err=0 crc_err_total=0 rate1=512 rate2=511 prod1=512 prod2=511 dac_err=0 tx_drop=0 hb_ms=0 sma_state=6 m7_us=1185225590 m4_us=1183031218 vdd=5.067 offset=0.5000 aref=3.145 loop_us_avg=93 loop_us_max=5409 loop_hz=10752 cycle_log_ms=1 n_cycle=4 cc=1 cc_hz=1026 cc_i_tgt=0.1000 cc_u=0.5028 cc_r=4.8561 cc_tau_ms=7.00
[  72.316] GAL_ALM
[  72.316] [ADC1] STATUS alarm(s): 0xC9 P
[  73.329] GAL_ALM
[  73.329] [ADC
[  73.329] 1] STATUS alarm(s
[  73.329] ): 0x49 P
[  73.329] [STATUS] t_ms=1149657 hwm=5 cap=256 dropped=0 dropped_total=20880 crc_err=0 crc_err_total=0 rate1=512 rate2=512 prod1=512 prod2=512 dac_err=0 tx_drop=0 hb_ms=0 sma_state=6 m7_us=1186257746 m4_us=1184063019 vdd=5.067 offset=0.5000 aref=3.145 loop_us_avg=94 loop_us_max=5329 loop_hz=10638 cycle_log_ms=1 n_cycle=4 cc=1 cc_hz=1026 cc_i_tgt=0.1000 cc_u=0.5000 cc_r=4.9206 cc_tau_ms=7.00
[  74.339] GAL_ALM
[  74.339] [ADC1] STATUS alarm(s): 0x49 P
[  74.401] [STATUS] t_ms=1150657 hwm=6 cap=256 dropped=0 dropped_total=20880 crc_err=0 crc_err_total=0 rate1=512 rate2=513 prod1=512 prod2=513 dac_err=0 tx_drop=0 hb_ms=0 sma_state=6 m7_us=1187289795 m4_us=1185095823 vdd=5.067 offset=0.5000 aref=3.145 loop_us_avg=94 loop_us_max=5402 loop_hz=10638 cycle_log_ms=1 n_cycle=4 cc=1 cc_hz=1027 cc_i_tgt=0.1000 cc_u=0.5000 cc_r=4.8507 cc_tau_ms=7.00
[  75.346] GAL_A
[  75.346] [ADC1] STATUS alarm(s): 0x49 P
[  75.409] [STATUS] t_ms=1151657 hwm=5 cap=256 dropped=0 dropped_total=20880 crc_err=0 crc_err_total=0 rate1=512 rate2=511 prod1=512 prod2=511 dac_err=0 tx_drop=0 hb_ms=0 sma_state=6 m7_us=1188321012 m4_us=1186126629 vdd=5.067 offset=0.5000 aref=3.145 loop_us_avg=94 loop_us_max=5406 loop_hz=10638 cycle_log_ms=1 n_cycle=4 cc=1 cc_hz=1026 cc_i_tgt=0.1000 cc_u=0.5000 cc_r=4.8198 cc_tau_ms=7.00
[  76.355] GAL_ALM
[  76.355] [ADC1] STATUS alarm(s): 0x49 P
[  76.418] [STATUS] t_ms=1152657 hwm=5 cap=256 dropped=0 dropped_total=20880 crc_err=0 crc_err_total=0 rate1=512 rate2=512 prod1=512 prod2=512 dac_err=0 tx_drop=0 hb_ms=0 sma_state=6 m7_us=1189353145 m4_us=1187158446 vdd=5.067 offset=0.5000 aref=3.145 loop_us_avg=94 loop_us_max=5345 loop_hz=10638 cycle_log_ms=1 n_cycle=4 cc=1 cc_hz=1026 cc_i_tgt=0.1000 cc_u=0.5029 cc_r=4.9362 cc_tau_ms=7.00
[  77.360] GAL_ALM
[  77.360] [A
[  77.360] DC1] STATUS alarm(s): 0x9 P
[  77.486] [STATUS] t_ms=1153657 hwm=6 cap=256 dropped=0 dropped_total=20880 crc_err=0 crc_err_total=0 rate1=512 rate2=512 prod1=512 prod2=512 dac_err=0 tx_drop=0 hb_ms=0 sma_state=6 m7_us=1190385111 m4_us=1188190290 vdd=5.067 offset=0.5000 aref=3.145 loop_us_avg=93 loop_us_max=5357 loop_hz=10752 cycle_log_ms=1 n_cycle=4 cc=1 cc_hz=1027 cc_i_tgt=0.1000 cc_u=0.6252 cc_r=6.3362 cc_tau_ms=7.00
[  78.365] GAL_ALM
[  78.365] [ADC1] STATUS alarm(s): 0x89 P
[  78.491] [STATUS] t_ms=1154657 hwm=6 cap=256 dropped=0 dropped_total=20880 crc_err=0 crc_err_total=0 rate1=512 rate2=513 prod1=512 prod2=513 dac_err=0 tx_drop=0 hb_ms=0 sma_state=6 m7_us=1191417248 m4_us=1189223123 vdd=5.067 offset=0.5000 aref=3.145 loop_us_avg=92 loop_us_max=5476 loop_hz=10869 cycle_log_ms=1 n_cycle=4 cc=1 cc_hz=1027 cc_i_tgt=0.1000 cc_u=0.5040 cc_r=4.9252 cc_tau_ms=7.00
[  79.376] GAL_ALM
[  79.376] [ADC1] STATUS ala
[  79.376] rm(s): 0xC9 P
[  79.503] [SMA] [ACT] heat n=6/6 I=150.0mA ms=400
[  79.567] [STATUS] t_ms=1155657 hwm=5 cap=256 dropped=0 dropped_total=20880 crc_err=0 crc_err_total=0 rate1=512 rate2=511 prod1=512 prod2=511 dac_err=0 tx_drop=0 hb_ms=0 sma_state=5 m7_us=1192448760 m4_us=1190253941 vdd=5.067 offset=0.5000 aref=3.145 loop_us_avg=92 loop_us_max=5457 loop_hz=10869 cycle_log_ms=1 n_cycle=4 cc=1 cc_hz=1024 cc_i_tgt=0.1500 cc_u=0.6828 cc_r=4.8135 cc_tau_ms=7.00
[  79.886] [SMA] [ACT] cool n=6/6 I=100.0mA ms=15000
[  80.390] GAL_ALM
[  80.390] [ADC1] STATUS alarm(s): 0xC9 P
[  80.578] [STATUS] t_ms=1156657 hwm=6 cap=256 dropped=0 dropped_total=20880 crc_err=0 crc_err_total=0 rate1=512 rate2=513 prod1=512 prod2=513 dac_err=0 tx_drop=0 hb_ms=0 sma_state=6 m7_us=1193480767 m4_us=1191286796 vdd=5.067 offset=0.5000 aref=3.145 loop_us_avg=93 loop_us_max=5376 loop_hz=10752 cycle_log_ms=1 n_cycle=4 cc=1 cc_hz=1026 cc_i_tgt=0.1000 cc_u=0.5143 cc_r=4.9626 cc_tau_ms=7.00
[  81.395] GAL
[  81.395] _ALM
[  81.395] [ADC1] STAT
[  81.395] US alarm(s): 0xC9 P
[  81.585] [STATUS] t_ms=1157657 hwm=5 cap=256 dropped=0 dropped_total=20880 crc_err=0 crc_err_total=0 rate1=512 rate2=511 prod1=512 prod2=511 dac_err=0 tx_drop=0 hb_ms=0 sma_state=6 m7_us=1194511960 m4_us=1192317595 vdd=5.067 offset=0.5000 aref=3.145 loop_us_avg=92 loop_us_max=5418 loop_hz=10869 cycle_log_ms=1 n_cycle=4 cc=1 cc_hz=1026 cc_i_tgt=0.1000 cc_u=0.5000 cc_r=4.9322 cc_tau_ms=7.00
[  82.410] GAL_ALM
[  82.410] [ADC1] STATUS alarm(s): 0x49 P
[  82.661] [STATUS] t_ms=1158657 hwm=5 cap=256 dropped=0 dropped_total=20880 crc_err=0 crc_err_total=0 rate1=512 rate2=512 prod1=512 prod2=512 dac_err=0 tx_drop=0 hb_ms=0 sma_state=6 m7_us=1195544100 m4_us=1193349442 vdd=5.067 offset=0.5000 aref=3.145 loop_us_avg=93 loop_us_max=5462 loop_hz=10752 cycle_log_ms=1 n_cycle=4 cc=1 cc_hz=1026 cc_i_tgt=0.1000 cc_u=0.5002 cc_r=4.8986 cc_tau_ms=7.00
[  83.419] GAL_ALM
[  83.419] [ADC
[  83.419] 1] STATUS alarm(s): 0x49 P
[  83.672] [STATUS] t_ms=1159657 hwm=6 cap=256 dropped=0 dropped_total=20880 crc_err=0 crc_err_total=0 rate1=512 rate2=512 prod1=512 prod2=512 dac_err=0 tx_drop=0 hb_ms=0 sma_state=6 m7_us=1196576069 m4_us=1194381288 vdd=5.067 offset=0.5000 aref=3.145 loop_us_avg=94 loop_us_max=5377 loop_hz=10638 cycle_log_ms=1 n_cycle=4 cc=1 cc_hz=1027 cc_i_tgt=0.1000 cc_u=0.5000 cc_r=4.8949 cc_tau_ms=7.00
[  84.429] GAL_ALM
[  84.429] [ADC1] STATUS alarm(s): 0x49 P
[  84.684] [STATUS] t_ms=1160657 hwm=6 cap=256 dropped=0 dropped_total=20880 crc_err=0 crc_err_total=0 rate1=512 rate2=513 prod1=512 prod2=513 dac_err=0 tx_drop=0 hb_ms=0 sma_state=6 m7_us=1197608081 m4_us=1195414143 vdd=5.067 offset=0.5000 aref=3.145 loop_us_avg=93 loop_us_max=5358 loop_hz=10752 cycle_log_ms=1 n_cycle=4 cc=1 cc_hz=1027 cc_i_tgt=0.1000 cc_u=0.5005 cc_r=4.9729 cc_tau_ms=7.00
[  85.443] GAL_ALM
[  85.443] [ADC1] STATUS alarm(s): 0x49 P
[  85.697] [STATUS] t_ms=1161657 hwm=5 cap=256 dropped=0 dropped_total=20880 crc_err=0 crc_err_total=0 rate1=512 rate2=511 prod1=512 prod2=511 dac_err=0 tx_drop=0 hb_ms=0 sma_state=6 m7_us=1198639299 m4_us=1196444923 vdd=5.067 offset=0.5000 aref=3.145 loop_us_avg=93 loop_us_max=5409 loop_hz=10752 cycle_log_ms=1 n_cycle=4 cc=1 cc_hz=1026 cc_i_tgt=0.1000 cc_u=0.5077 cc_r=4.8450 cc_tau_ms=7.00
[  86.393] GAL_ALM
[  86.393] [ADC1] STATUS alarm(s): 0x9 P
[  86.773] [STATUS] t_ms=1162657 hwm=5 cap=256 dropped=0 dropped_total=20880 crc_err=0 crc_err_total=0 rate1=512 rate2=512 prod1=512 prod2=512 dac_err=0 tx_drop=0 hb_ms=0 sma_state=6 m7_us=1199671454 m4_us=1197476744 vdd=5.067 offset=0.5000 aref=3.145 loop_us_avg=94 loop_us_max=5320 loop_hz=10638 cycle_log_ms=1 n_cycle=4 cc=1 cc_hz=1026 cc_i_tgt=0.1000 cc_u=0.5041 cc_r=4.8677 cc_tau_ms=7.00
[  87.405] GAL_ALM
[  87.405] [ADC1] STATUS alarm(s): 0x89 P
[  87.780] [STATUS] t_ms=1163657 hwm=6 cap=256 dropped=0 dropped_total=20880 crc_err=0 crc_err_total=0 rate1=512 rate2=512 prod1=512 prod2=512 dac_err=0 tx_drop=0 hb_ms=0 sma_state=6 m7_us=1200703440 m4_us=1198508590 vdd=5.067 offset=0.5000 aref=3.145 loop_us_avg=93 loop_us_max=5355 loop_hz=10752 cycle_log_ms=1 n_cycle=4 cc=1 cc_hz=1027 cc_i_tgt=0.1000 cc_u=0.5000 cc_r=4.8352 cc_tau_ms=7.00
[  88.409] GAL_A
[  88.409] [ADC1] STATUS a
[  88.409] larm(s): 0xC9 P
[  88.853] [STATUS] t_ms=1164657 hwm=6 cap=256 dropped=0 dropped_total=20880 crc_err=0 crc_err_total=0 rate1=512 rate2=513 prod1=512 prod2=513 dac_err=0 tx_drop=0 hb_ms=0 sma_state=6 m7_us=1201735438 m4_us=1199541417 vdd=5.067 offset=0.5000 aref=3.145 loop_us_avg=93 loop_us_max=5348 loop_hz=10752 cycle_log_ms=1 n_cycle=4 cc=1 cc_hz=1027 cc_i_tgt=0.1000 cc_u=0.5000 cc_r=4.8946 cc_tau_ms=7.00
[  89.414] GAL_ALM
[  89.414] [ADC1] STATUS alarm(s): 0xC9 P
[  89.857] [STATUS] t_ms=1165657 hwm=5 cap=256 dropped=0 dropped_total=20880 crc_err=0 crc_err_total=0 rate1=512 rate2=511 prod1=512 prod2=511 dac_err=0 tx_drop=0 hb_ms=0 sma_state=6 m7_us=1202766808 m4_us=1200572216 vdd=5.067 offset=0.5000 aref=3.145 loop_us_avg=92 loop_us_max=5418 loop_hz=10869 cycle_log_ms=1 n_cycle=4 cc=1 cc_hz=1025 cc_i_tgt=0.1000 cc_u=0.5000 cc_r=4.8737 cc_tau_ms=7.00
[  90.425] GAL_ALM
[  90.425] [ADC1] STATUS alarm(s): 0xC9 P
[  90.866] [STATUS] t_ms=1166657 hwm=6 cap=256 dropped=0 dropped_total=20880 crc_err=0 crc_err_total=0 rate1=512 rate2=512 prod1=512 prod2=512 dac_err=0 tx_drop=0 hb_ms=0 sma_state=6 m7_us=1203798774 m4_us=1201604043 vdd=5.067 offset=0.5000 aref=3.145 loop_us_avg=93 loop_us_max=5352 loop_hz=10752 cycle_log_ms=1 n_cycle=4 cc=1 cc_hz=1027 cc_i_tgt=0.1000 cc_u=0.5016 cc_r=4.8665 cc_tau_ms=7.00
[  91.429] GAL_ALM
[  91.429] [ADC1] STATUS alarm(s): 0x49 P
[  91.933] [STATUS] t_ms=1167657 hwm=6 cap=256 dropped=0 dropped_total=20880 crc_err=0 crc_err_total=0 rate1=512 rate2=512 prod1=512 prod2=512 dac_err=0 tx_drop=0 hb_ms=0 sma_state=6 m7_us=1204830737 m4_us=1202635883 vdd=5.067 offset=0.5000 aref=3.145 loop_us_avg=94 loop_us_max=5351 loop_hz=10638 cycle_log_ms=1 n_cycle=4 cc=1 cc_hz=1027 cc_i_tgt=0.1000 cc_u=0.5000 cc_r=4.9281 cc_tau_ms=7.00
[  92.436] GAL_AL
[  92.436] M
[  92.436] [ADC1] STATUS alarm(s): 0x49 P
[  92.940] [STATUS] t_ms=1168657 hwm=6 cap=256 dropped=0 dropped_total=20880 crc_err=0 crc_err_total=0 rate1=512 rate2=513 prod1=512 prod2=513 dac_err=0 tx_drop=0 hb_ms=0 sma_state=6 m7_us=1205862743 m4_us=1203668745 vdd=5.067 offset=0.5000 aref=3.145 loop_us_avg=93 loop_us_max=5352 loop_hz=10752 cycle_log_ms=1 n_cycle=4 cc=1 cc_hz=1027 cc_i_tgt=0.1000 cc_u=0.5050 cc_r=4.9654 cc_tau_ms=7.00
[  93.445] GAL_ALM
[  93.445] [ADC1] STATUS alarm(s): 0x49 P
[  93.954] [STATUS] t_ms=1169657 hwm=5 cap=256 dropped=0 dropped_total=20880 crc_err=0 crc_err_total=0 rate1=512 rate2=511 prod1=512 prod2=511 dac_err=0 tx_drop=0 hb_ms=0 sma_state=6 m7_us=1206893894 m4_us=1204699531 vdd=5.067 offset=0.5000 aref=3.145 loop_us_avg=92 loop_us_max=5404 loop_hz=10869 cycle_log_ms=1 n_cycle=4 cc=1 cc_hz=1026 cc_i_tgt=0.1000 cc_u=0.5000 cc_r=4.8320 cc_tau_ms=7.00
[  94.460] GAL_A
[  94.460] [ADC1] STATUS alarm(s): 0x49 P
[  95.026] [STATUS] t_ms=1170657 hwm=5 cap=256 dropped=0 dropped_total=20880 crc_err=0 crc_err_total=0 rate1=512 rate2=512 prod1=512 prod2=512 dac_err=0 tx_drop=0 hb_ms=0 sma_state=6 m7_us=1207926085 m4_us=1205731352 vdd=5.067 offset=0.5000 aref=3.145 loop_us_avg=93 loop_us_max=5332 loop_hz=10752 cycle_log_ms=1 n_cycle=4 cc=1 cc_hz=1026 cc_i_tgt=0.1000 cc_u=0.5000 cc_r=4.8987 cc_tau_ms=7.00
[  95.403] [SMA] [ACT] -> idle (done) after 6 cycle(s); still armed
