[   0.050] [SMA] ARMED (MOSFET on); idle=0.500 V
[   0.050] M
[   0.050] [ADC1] STATUS
[   0.050] alarm(s): 0x49
[   0.050] [STATUS] t_ms=610097 hwm=256 cap=256 dropped=81 dropped_total=12141 crc_err=0 crc_err_total=0 rate1=377 rate2=377 prod1=472 prod2=472 dac_err=0 tx_drop=0 hb_ms=0 sma_state=0 m7_us=629509024 m4_us=627037768 vdd=5.067 offset=0.5000 aref=3.145 loop_us_avg=31 loop_us_max=339882 loop_hz=32258 cycle_log_ms=1 n_cycle=4 cc=0 cc_hz=0 cc_i_tgt=0.1000 cc_u=0.5000 cc_r=4.8678 cc_tau_ms=7.00
[   0.550] M
[   0.550] [AD
[   0.550] C1] STATUS alarm
[   0.550] L
[   1.060] [STATUS] t_ms=611097 hwm=199 cap=256 dropped=0 dropped_total=12141 crc_err=0 crc_err_total=0 rate1=608 rate2=606 prod1=512 prod2=512 dac_err=0 tx_drop=0 hb_ms=0 sma_state=0 m7_us=630541775 m4_us=628346931 vdd=5.067 offset=0.5000 aref=3.145 loop_us_avg=22 loop_us_max=8322 loop_hz=45454 cycle_log_ms=1 n_cycle=4 cc=0 cc_hz=0 cc_i_tgt=0.1000 cc_u=0.5000 cc_r=4.8678 cc_tau_ms=7.00
[   1.562] M
[   1.562] [
[   1.562] ADC1] STATUS ala
[   1.562] rm(s): 0x49 PG
[   1.562] AL_AL
[   0.061] [SMA] [CC] start i_high=650.0mA i_low=100.0mA t_high=300 t_idle=15000 n=6 (0=cont) tau_ms=7.0 wdt_ms=5000
[   0.061] [SMA] [ACT] heat n=1/6 I=650.0mA ms=300
[   0.125] [STATUS] t_ms=612097 hwm=5 cap=256 dropped=0 dropped_total=12141 crc_err=0 crc_err_total=0 rate1=512 rate2=512 prod1=512 prod2=512 dac_err=0 tx_drop=0 hb_ms=0 sma_state=5 m7_us=631573583 m4_us=629379007 vdd=5.067 offset=0.5000 aref=3.145 loop_us_avg=23 loop_us_max=4661 loop_hz=43478 cycle_log_ms=1 n_cycle=4 cc=1 cc_hz=61 cc_i_tgt=0.6500 cc_u=0.7555 cc_r=0.0000 cc_tau_ms=7.00
[   0.312] [SMA] [ACT] cool n=1/6 I=100.0mA ms=15000
[   0.566] M
[   1.136] [STATUS] t_ms=613097 hwm=6 cap=256 dropped=0 dropped_total=12141 crc_err=0 crc_err_total=0 rate1=512 rate2=512 prod1=512 prod2=512 dac_err=0 tx_drop=0 hb_ms=0 sma_state=6 m7_us=632605635 m4_us=630411043 vdd=5.067 offset=0.5000 aref=3.145 loop_us_avg=89 loop_us_max=5388 loop_hz=11235 cycle_log_ms=1 n_cycle=4 cc=1 cc_hz=1026 cc_i_tgt=0.1000 cc_u=0.6825 cc_r=6.9277 cc_tau_ms=7.00
[   1.517] M
[   2.150] [STATUS] t_ms=614097 hwm=6 cap=256 dropped=0 dropped_total=12141 crc_err=0 crc_err_total=0 rate1=512 rate2=512 prod1=512 prod2=512 dac_err=0 tx_drop=0 hb_ms=0 sma_state=6 m7_us=633637029 m4_us=631443004 vdd=5.067 offset=0.5000 aref=3.145 loop_us_avg=93 loop_us_max=5392 loop_hz=10752 cycle_log_ms=1 n_cycle=4 cc=1 cc_hz=1026 cc_i_tgt=0.1000 cc_u=0.5000 cc_r=4.8630 cc_tau_ms=7.00
[   2.526] M
[   3.222] [STATUS] t_ms=615097 hwm=5 cap=256 dropped=0 dropped_total=12141 crc_err=0 crc_err_total=0 rate1=512 rate2=512 prod1=512 prod2=512 dac_err=0 tx_drop=0 hb_ms=0 sma_state=6 m7_us=634669585 m4_us=632474979 vdd=5.067 offset=0.5000 aref=3.145 loop_us_avg=92 loop_us_max=5401 loop_hz=10869 cycle_log_ms=1 n_cycle=4 cc=1 cc_hz=1026 cc_i_tgt=0.1000 cc_u=0.5029 cc_r=4.8951 cc_tau_ms=7.00
[   3.537] M
[   3.537] [ADC
[   4.233] [STATUS] t_ms=616097 hwm=6 cap=256 dropped=0 dropped_total=12141 crc_err=0 crc_err_total=0 rate1=512 rate2=512 prod1=512 prod2=512 dac_err=0 tx_drop=0 hb_ms=0 sma_state=6 m7_us=635701514 m4_us=633506915 vdd=5.067 offset=0.5000 aref=3.145 loop_us_avg=92 loop_us_max=5413 loop_hz=10869 cycle_log_ms=1 n_cycle=4 cc=1 cc_hz=1025 cc_i_tgt=0.1000 cc_u=0.5000 cc_r=4.8714 cc_tau_ms=7.00
[   4.548] M
[   4.548] [ADC1] STATUS alarm(
[   5.238] [STATUS] t_ms=617097 hwm=6 cap=256 dropped=0 dropped_total=12141 crc_err=0 crc_err_total=0 rate1=512 rate2=512 prod1=512 prod2=512 dac_err=0 tx_drop=0 hb_ms=0 sma_state=6 m7_us=636733445 m4_us=634538860 vdd=5.067 offset=0.5000 aref=3.145 loop_us_avg=93 loop_us_max=5406 loop_hz=10752 cycle_log_ms=1 n_cycle=4 cc=1 cc_hz=1025 cc_i_tgt=0.1000 cc_u=0.5000 cc_r=4.8932 cc_tau_ms=7.00
[   5.553] M
[   6.309] [STATUS] t_ms=618097 hwm=6 cap=256 dropped=0 dropped_total=12141 crc_err=0 crc_err_total=0 rate1=512 rate2=512 prod1=512 prod2=512 dac_err=0 tx_drop=0 hb_ms=0 sma_state=6 m7_us=637764840 m4_us=635570812 vdd=5.067 offset=0.5000 aref=3.145 loop_us_avg=92 loop_us_max=5399 loop_hz=10869 cycle_log_ms=1 n_cycle=4 cc=1 cc_hz=1026 cc_i_tgt=0.1000 cc_u=0.5023 cc_r=4.8814 cc_tau_ms=7.00
[   6.561] M
[   6.561] [
[   6.561] ADC1] STATUS alar
[   7.319] [STATUS] t_ms=619097 hwm=5 cap=256 dropped=0 dropped_total=12141 crc_err=0 crc_err_total=0 rate1=512 rate2=512 prod1=512 prod2=512 dac_err=0 tx_drop=0 hb_ms=0 sma_state=6 m7_us=638797332 m4_us=636602742 vdd=5.067 offset=0.5000 aref=3.145 loop_us_avg=93 loop_us_max=5399 loop_hz=10752 cycle_log_ms=1 n_cycle=4 cc=1 cc_hz=1026 cc_i_tgt=0.1000 cc_u=0.5050 cc_r=4.8895 cc_tau_ms=7.00
[   7.572] M
[   8.330] [STATUS] t_ms=620097 hwm=6 cap=256 dropped=0 dropped_total=12141 crc_err=0 crc_err_total=0 rate1=512 rate2=512 prod1=512 prod2=512 dac_err=0 tx_drop=0 hb_ms=0 sma_state=6 m7_us=639829222 m4_us=637634633 vdd=5.067 offset=0.5000 aref=3.145 loop_us_avg=92 loop_us_max=5399 loop_hz=10869 cycle_log_ms=1 n_cycle=4 cc=1 cc_hz=1025 cc_i_tgt=0.1000 cc_u=0.5079 cc_r=4.9099 cc_tau_ms=7.00
[   8.581] M
[   8.581] [ADC1]
[   9.404] [STATUS] t_ms=621097 hwm=6 cap=256 dropped=0 dropped_total=12141 crc_err=0 crc_err_total=0 rate1=512 rate2=512 prod1=512 prod2=512 dac_err=0 tx_drop=0 hb_ms=0 sma_state=6 m7_us=640861076 m4_us=638666486 vdd=5.067 offset=0.5000 aref=3.145 loop_us_avg=92 loop_us_max=5416 loop_hz=10869 cycle_log_ms=1 n_cycle=4 cc=1 cc_hz=1025 cc_i_tgt=0.1000 cc_u=0.5000 cc_r=4.8666 cc_tau_ms=7.00
[   9.594] M
[   9.594] [ADC1] STATUS
[   9.594] _AL
[  10.411] [STATUS] t_ms=622097 hwm=6 cap=256 dropped=0 dropped_total=12141 crc_err=0 crc_err_total=0 rate1=512 rate2=512 prod1=512 prod2=512 dac_err=0 tx_drop=0 hb_ms=0 sma_state=6 m7_us=641892931 m4_us=639698332 vdd=5.067 offset=0.5000 aref=3.145 loop_us_avg=93 loop_us_max=5475 loop_hz=10752 cycle_log_ms=1 n_cycle=4 cc=1 cc_hz=1025 cc_i_tgt=0.1000 cc_u=0.5130 cc_r=4.8948 cc_tau_ms=7.00
[  10.600] M
[  11.420] [STATUS] t_ms=623097 hwm=6 cap=256 dropped=0 dropped_total=12141 crc_err=0 crc_err_total=0 rate1=512 rate2=512 prod1=512 prod2=512 dac_err=0 tx_drop=0 hb_ms=0 sma_state=6 m7_us=642924760 m4_us=640730172 vdd=5.067 offset=0.5000 aref=3.145 loop_us_avg=94 loop_us_max=5398 loop_hz=10638 cycle_log_ms=1 n_cycle=4 cc=1 cc_hz=1025 cc_i_tgt=0.1000 cc_u=0.5000 cc_r=4.8560 cc_tau_ms=7.00
[  11.609] M
[  12.494] [STATUS] t_ms=624097 hwm=6 cap=256 dropped=0 dropped_total=12141 crc_err=0 crc_err_total=0 rate1=512 rate2=512 prod1=512 prod2=512 dac_err=0 tx_drop=0 hb_ms=0 sma_state=6 m7_us=643956620 m4_us=641762031 vdd=5.067 offset=0.5000 aref=3.145 loop_us_avg=93 loop_us_max=5396 loop_hz=10752 cycle_log_ms=1 n_cycle=4 cc=1 cc_hz=1025 cc_i_tgt=0.1000 cc_u=0.5000 cc_r=4.8744 cc_tau_ms=7.00
[  12.621] M
[  13.509] [STATUS] t_ms=625097 hwm=6 cap=256 dropped=0 dropped_total=12141 crc_err=0 crc_err_total=0 rate1=512 rate2=512 prod1=512 prod2=512 dac_err=0 tx_drop=0 hb_ms=0 sma_state=6 m7_us=644988494 m4_us=642793891 vdd=5.067 offset=0.5000 aref=3.145 loop_us_avg=92 loop_us_max=5397 loop_hz=10869 cycle_log_ms=1 n_cycle=4 cc=1 cc_hz=1025 cc_i_tgt=0.1000 cc_u=0.5038 cc_r=4.8485 cc_tau_ms=7.00
[  13.635] M
[  13.635] [A
[  14.518] [STATUS] t_ms=626097 hwm=6 cap=256 dropped=0 dropped_total=12141 crc_err=0 crc_err_total=0 rate1=512 rate2=512 prod1=512 prod2=512 dac_err=0 tx_drop=0 hb_ms=0 sma_state=6 m7_us=646020265 m4_us=643825673 vdd=5.067 offset=0.5000 aref=3.145 loop_us_avg=92 loop_us_max=5420 loop_hz=10869 cycle_log_ms=1 n_cycle=4 cc=1 cc_hz=1025 cc_i_tgt=0.1000 cc_u=0.5056 cc_r=4.8500 cc_tau_ms=7.00
[  14.644] M
[  14.644] [A
[  14.644] DC1] STATUS alarm
[  15.589] [STATUS] t_ms=627097 hwm=6 cap=256 dropped=0 dropped_total=12141 crc_err=0 crc_err_total=0 rate1=512 rate2=512 prod1=512 prod2=512 dac_err=0 tx_drop=0 hb_ms=0 sma_state=6 m7_us=647052071 m4_us=644857478 vdd=5.067 offset=0.5000 aref=3.145 loop_us_avg=92 loop_us_max=5399 loop_hz=10869 cycle_log_ms=1 n_cycle=4 cc=1 cc_hz=1025 cc_i_tgt=0.1000 cc_u=0.5000 cc_r=4.9377 cc_tau_ms=7.00
[  15.651] M
[  15.841] [SMA] [ACT] heat n=2/6 I=650.0mA ms=300
[  16.156] [SMA] [ACT] cool n=2/6 I=100.0mA ms=15000
[  16.597] [STATUS] t_ms=628097 hwm=6 cap=256 dropped=0 dropped_total=12141 crc_err=0 crc_err_total=0 rate1=512 rate2=512 prod1=512 prod2=512 dac_err=0 tx_drop=0 hb_ms=0 sma_state=6 m7_us=648083888 m4_us=645889318 vdd=5.067 offset=0.5000 aref=3.145 loop_us_avg=92 loop_us_max=5409 loop_hz=10869 cycle_log_ms=1 n_cycle=4 cc=1 cc_hz=1024 cc_i_tgt=0.1000 cc_u=0.5000 cc_r=4.8169 cc_tau_ms=7.00
[  16.660] M
[  17.669] [STATUS] t_ms=629097 hwm=6 cap=256 dropped=0 dropped_total=12141 crc_err=0 crc_err_total=0 rate1=512 rate2=512 prod1=512 prod2=512 dac_err=0 tx_drop=0 hb_ms=0 sma_state=6 m7_us=649115777 m4_us=646921167 vdd=5.067 offset=0.5000 aref=3.145 loop_us_avg=92 loop_us_max=5404 loop_hz=10869 cycle_log_ms=1 n_cycle=4 cc=1 cc_hz=1025 cc_i_tgt=0.1000 cc_u=0.5000 cc_r=4.8497 cc_tau_ms=7.00
[  17.669] M
[  18.675] [STATUS] t_ms=630097 hwm=6 cap=256 dropped=0 dropped_total=12141 crc_err=0 crc_err_total=0 rate1=512 rate2=512 prod1=512 prod2=512 dac_err=0 tx_drop=0 hb_ms=0 sma_state=6 m7_us=650147624 m4_us=647953030 vdd=5.067 offset=0.5000 aref=3.145 loop_us_avg=92 loop_us_max=5409 loop_hz=10869 cycle_log_ms=1 n_cycle=4 cc=1 cc_hz=1025 cc_i_tgt=0.1000 cc_u=0.5000 cc_r=4.8775 cc_tau_ms=7.00
[  18.675] M
[  19.683] M
[  19.683] [STATUS] t_ms=631097 hwm=6 cap=256 dropped=0 dropped_total=12141 crc_err=0 crc_err_total=0 rate1=512 rate2=512 prod1=512 prod2=512 dac_err=0 tx_drop=0 hb_ms=0 sma_state=6 m7_us=651179532 m4_us=648984934 vdd=5.067 offset=0.5000 aref=3.145 loop_us_avg=92 loop_us_max=5430 loop_hz=10869 cycle_log_ms=1 n_cycle=4 cc=1 cc_hz=1024 cc_i_tgt=0.1000 cc_u=0.5000 cc_r=4.9044 cc_tau_ms=7.00
[  20.695] M
[  20.758] [STATUS] t_ms=632097 hwm=6 cap=256 dropped=0 dropped_total=12141 crc_err=0 crc_err_total=0 rate1=512 rate2=512 prod1=512 prod2=512 dac_err=0 tx_drop=0 hb_ms=0 sma_state=6 m7_us=652211443 m4_us=650016851 vdd=5.067 offset=0.5000 aref=3.145 loop_us_avg=92 loop_us_max=5425 loop_hz=10869 cycle_log_ms=1 n_cycle=4 cc=1 cc_hz=1025 cc_i_tgt=0.1000 cc_u=0.5031 cc_r=4.9208 cc_tau_ms=7.00
[  21.705] M
[  21.705] [ADC1
[  21.769] [STATUS] t_ms=633097 hwm=6 cap=256 dropped=0 dropped_total=12141 crc_err=0 crc_err_total=0 rate1=512 rate2=512 prod1=512 prod2=512 dac_err=0 tx_drop=0 hb_ms=0 sma_state=6 m7_us=653243324 m4_us=651048719 vdd=5.067 offset=0.5000 aref=3.145 loop_us_avg=92 loop_us_max=5402 loop_hz=10869 cycle_log_ms=1 n_cycle=4 cc=1 cc_hz=1025 cc_i_tgt=0.1000 cc_u=0.5012 cc_r=4.8828 cc_tau_ms=7.00
[  22.702] M
[  22.830] [STATUS] t_ms=634097 hwm=111 cap=256 dropped=0 dropped_total=12141 crc_err=0 crc_err_total=0 rate1=512 rate2=511 prod1=512 prod2=512 dac_err=0 tx_drop=0 hb_ms=0 sma_state=6 m7_us=654275204 m4_us=652080534 vdd=5.067 offset=0.5000 aref=3.145 loop_us_avg=104 loop_us_max=111799 loop_hz=9615 cycle_log_ms=1 n_cycle=4 cc=1 cc_hz=914 cc_i_tgt=0.1000 cc_u=0.8195 cc_r=5.2516 cc_tau_ms=7.00
[  23.713] M
[  23.837] [STATUS] t_ms=635097 hwm=6 cap=256 dropped=0 dropped_total=12141 crc_err=0 crc_err_total=0 rate1=512 rate2=512 prod1=512 prod2=512 dac_err=0 tx_drop=0 hb_ms=0 sma_state=6 m7_us=655306960 m4_us=653112367 vdd=5.067 offset=0.5000 aref=3.145 loop_us_avg=93 loop_us_max=5486 loop_hz=10752 cycle_log_ms=1 n_cycle=4 cc=1 cc_hz=1025 cc_i_tgt=0.1000 cc_u=0.8305 cc_r=5.3250 cc_tau_ms=7.00
[  24.717] M
[  24.842] [STATUS] t_ms=636097 hwm=6 cap=256 dropped=0 dropped_total=12141 crc_err=0 crc_err_total=0 rate1=512 rate2=512 prod1=512 prod2=512 dac_err=0 tx_drop=0 hb_ms=0 sma_state=6 m7_us=656338815 m4_us=654144214 vdd=5.067 offset=0.5000 aref=3.145 loop_us_avg=92 loop_us_max=5403 loop_hz=10869 cycle_log_ms=1 n_cycle=4 cc=1 cc_hz=1025 cc_i_tgt=0.1000 cc_u=0.8305 cc_r=5.3250 cc_tau_ms=7.00
[  25.727] M
[  25.917] [STATUS] t_ms=637097 hwm=6 cap=256 dropped=0 dropped_total=12141 crc_err=0 crc_err_total=0 rate1=512 rate2=512 prod1=512 prod2=512 dac_err=0 tx_drop=0 hb_ms=0 sma_state=6 m7_us=657370619 m4_us=655176028 vdd=5.067 offset=0.5000 aref=3.145 loop_us_avg=92 loop_us_max=5410 loop_hz=10869 cycle_log_ms=1 n_cycle=4 cc=1 cc_hz=1025 cc_i_tgt=0.1000 cc_u=0.8289 cc_r=5.4282 cc_tau_ms=7.00
[  26.735] M
[  26.927] [STATUS] t_ms=638097 hwm=6 cap=256 dropped=0 dropped_total=12141 crc_err=0 crc_err_total=0 rate1=512 rate2=512 prod1=512 prod2=512 dac_err=0 tx_drop=0 hb_ms=0 sma_state=6 m7_us=658402497 m4_us=656207900 vdd=5.067 offset=0.5000 aref=3.145 loop_us_avg=94 loop_us_max=5422 loop_hz=10638 cycle_log_ms=1 n_cycle=4 cc=1 cc_hz=1025 cc_i_tgt=0.1000 cc_u=0.8289 cc_r=5.4282 cc_tau_ms=7.00
[  27.743] M
[  27.743] [ADC1] ST
[  27.743] ATUS alarm(s): 0x49
[  27.933] [STATUS] t_ms=639097 hwm=6 cap=256 dropped=0 dropped_total=12141 crc_err=0 crc_err_total=0 rate1=512 rate2=512 prod1=512 prod2=512 dac_err=0 tx_drop=0 hb_ms=0 sma_state=6 m7_us=659434359 m4_us=657239734 vdd=5.067 offset=0.5000 aref=3.145 loop_us_avg=94 loop_us_max=5435 loop_hz=10638 cycle_log_ms=1 n_cycle=4 cc=1 cc_hz=1025 cc_i_tgt=0.1000 cc_u=0.8351 cc_r=5.4897 cc_tau_ms=7.00
[  28.754] M
[  29.006] [STATUS] t_ms=640097 hwm=6 cap=256 dropped=0 dropped_total=12141 crc_err=0 crc_err_total=0 rate1=512 rate2=512 prod1=512 prod2=512 dac_err=0 tx_drop=0 hb_ms=0 sma_state=6 m7_us=660466178 m4_us=658271583 vdd=5.067 offset=0.5000 aref=3.145 loop_us_avg=92 loop_us_max=5422 loop_hz=10869 cycle_log_ms=1 n_cycle=4 cc=1 cc_hz=1025 cc_i_tgt=0.1000 cc_u=0.8301 cc_r=5.5828 cc_tau_ms=7.00
[  29.767] M
[  30.017] [STATUS] t_ms=641097 hwm=6 cap=256 dropped=0 dropped_total=12141 crc_err=0 crc_err_total=0 rate1=512 rate2=512 prod1=512 prod2=512 dac_err=0 tx_drop=0 hb_ms=0 sma_state=6 m7_us=661498043 m4_us=659303443 vdd=5.067 offset=0.5000 aref=3.145 loop_us_avg=92 loop_us_max=5494 loop_hz=10869 cycle_log_ms=1 n_cycle=4 cc=1 cc_hz=1025 cc_i_tgt=0.1000 cc_u=0.8301 cc_r=5.5828 cc_tau_ms=7.00
[  30.779] M
[  31.031] [STATUS] t_ms=642097 hwm=6 cap=256 dropped=0 dropped_total=12141 crc_err=0 crc_err_total=0 rate1=512 rate2=512 prod1=512 prod2=512 dac_err=0 tx_drop=0 hb_ms=0 sma_state=6 m7_us=662529847 m4_us=660335263 vdd=5.067 offset=0.5000 aref=3.145 loop_us_avg=94 loop_us_max=5402 loop_hz=10638 cycle_log_ms=1 n_cycle=4 cc=1 cc_hz=1025 cc_i_tgt=0.1000 cc_u=0.8283 cc_r=5.6293 cc_tau_ms=7.00
[  31.599] [SMA] [ACT] heat n=3/6 I=650.0mA ms=300
[  31.790] M
[  31.790] [
[  31.916] [SMA] [ACT] cool n=3/6 I=100.0mA ms=15000
[  32.104] [STATUS] t_ms=643097 hwm=6 cap=256 dropped=0 dropped_total=12141 crc_err=0 crc_err_total=0 rate1=512 rate2=512 prod1=512 prod2=512 dac_err=0 tx_drop=0 hb_ms=0 sma_state=6 m7_us=663561710 m4_us=661367123 vdd=5.067 offset=0.5000 aref=3.145 loop_us_avg=92 loop_us_max=5399 loop_hz=10869 cycle_log_ms=1 n_cycle=4 cc=1 cc_hz=1023 cc_i_tgt=0.1000 cc_u=0.8249 cc_r=5.6424 cc_tau_ms=7.00
[  32.798] M
[  32.798] [ADC1]
[  33.116] [STATUS] t_ms=644097 hwm=6 cap=256 dropped=0 dropped_total=12141 crc_err=0 crc_err_total=0 rate1=512 rate2=512 prod1=512 prod2=512 dac_err=0 tx_drop=0 hb_ms=0 sma_state=6 m7_us=664593558 m4_us=662398963 vdd=5.067 offset=0.5000 aref=3.145 loop_us_avg=93 loop_us_max=5395 loop_hz=10752 cycle_log_ms=1 n_cycle=4 cc=1 cc_hz=1025 cc_i_tgt=0.1000 cc_u=0.8249 cc_r=5.6424 cc_tau_ms=7.00
[  33.815] M
[  33.815] [ADC1] STATUS
[  33.815] alarm(s): 0x49 PGA
[  33.815] L_AL
[  34.130] [STATUS] t_ms=645097 hwm=6 cap=256 dropped=0 dropped_total=12141 crc_err=0 crc_err_total=0 rate1=512 rate2=512 prod1=512 prod2=512 dac_err=0 tx_drop=0 hb_ms=0 sma_state=6 m7_us=665625425 m4_us=663430828 vdd=5.067 offset=0.5000 aref=3.145 loop_us_avg=94 loop_us_max=5416 loop_hz=10638 cycle_log_ms=1 n_cycle=4 cc=1 cc_hz=1025 cc_i_tgt=0.1000 cc_u=0.8269 cc_r=5.6920 cc_tau_ms=7.00
[  34.821] M
[  35.197] [STATUS] t_ms=646097 hwm=6 cap=256 dropped=0 dropped_total=12141 crc_err=0 crc_err_total=0 rate1=512 rate2=512 prod1=512 prod2=512 dac_err=0 tx_drop=0 hb_ms=0 sma_state=6 m7_us=666657248 m4_us=664462662 vdd=5.067 offset=0.5000 aref=3.145 loop_us_avg=93 loop_us_max=5416 loop_hz=10752 cycle_log_ms=1 n_cycle=4 cc=1 cc_hz=1025 cc_i_tgt=0.1000 cc_u=0.8269 cc_r=5.6920 cc_tau_ms=7.00
[  35.832] M
[  35.832] [ADC1] STA
[  36.209] [STATUS] t_ms=647097 hwm=6 cap=256 dropped=0 dropped_total=12141 crc_err=0 crc_err_total=0 rate1=512 rate2=512 prod1=512 prod2=512 dac_err=0 tx_drop=0 hb_ms=0 sma_state=6 m7_us=667689128 m4_us=665494540 vdd=5.067 offset=0.5000 aref=3.145 loop_us_avg=92 loop_us_max=5400 loop_hz=10869 cycle_log_ms=1 n_cycle=4 cc=1 cc_hz=1025 cc_i_tgt=0.1000 cc_u=0.8269 cc_r=5.6920 cc_tau_ms=7.00
[  36.837] M
[  37.216] [STATUS] t_ms=648097 hwm=6 cap=256 dropped=0 dropped_total=12141 crc_err=0 crc_err_total=0 rate1=512 rate2=512 prod1=512 prod2=512 dac_err=0 tx_drop=0 hb_ms=0 sma_state=6 m7_us=668721011 m4_us=666526412 vdd=5.067 offset=0.5000 aref=3.145 loop_us_avg=92 loop_us_max=5396 loop_hz=10869 cycle_log_ms=1 n_cycle=4 cc=1 cc_hz=1025 cc_i_tgt=0.1000 cc_u=0.8269 cc_r=5.6920 cc_tau_ms=7.00
[  37.847] M
[  37.847] [A
[  37.847] DC1] STATUS alarm
[  38.290] [STATUS] t_ms=649097 hwm=6 cap=256 dropped=0 dropped_total=12141 crc_err=0 crc_err_total=0 rate1=512 rate2=512 prod1=512 prod2=512 dac_err=0 tx_drop=0 hb_ms=0 sma_state=6 m7_us=669752827 m4_us=667558233 vdd=5.067 offset=0.5000 aref=3.145 loop_us_avg=93 loop_us_max=5503 loop_hz=10752 cycle_log_ms=1 n_cycle=4 cc=1 cc_hz=1025 cc_i_tgt=0.1000 cc_u=0.8269 cc_r=5.6920 cc_tau_ms=7.00
[  38.854] M
[  38.854] [ADC1]
[  38.854] STATUS alarm(s):
[  39.294] [STATUS] t_ms=650097 hwm=6 cap=256 dropped=0 dropped_total=12141 crc_err=0 crc_err_total=0 rate1=512 rate2=512 prod1=512 prod2=512 dac_err=0 tx_drop=0 hb_ms=0 sma_state=6 m7_us=670784676 m4_us=668590070 vdd=5.067 offset=0.5000 aref=3.145 loop_us_avg=93 loop_us_max=5415 loop_hz=10752 cycle_log_ms=1 n_cycle=4 cc=1 cc_hz=1025 cc_i_tgt=0.1000 cc_u=0.8228 cc_r=5.7319 cc_tau_ms=7.00
[  39.860] M
[  40.367] [STATUS] t_ms=651097 hwm=6 cap=256 dropped=0 dropped_total=12141 crc_err=0 crc_err_total=0 rate1=512 rate2=512 prod1=512 prod2=512 dac_err=0 tx_drop=0 hb_ms=0 sma_state=6 m7_us=671816501 m4_us=669621907 vdd=5.067 offset=0.5000 aref=3.145 loop_us_avg=93 loop_us_max=5467 loop_hz=10752 cycle_log_ms=1 n_cycle=4 cc=1 cc_hz=1025 cc_i_tgt=0.1000 cc_u=0.8228 cc_r=5.7319 cc_tau_ms=7.00
[  40.875] M
[  40.875] [ADC1] ST
[  41.383] [STATUS] t_ms=652097 hwm=6 cap=256 dropped=0 dropped_total=12141 crc_err=0 crc_err_total=0 rate1=512 rate2=512 prod1=512 prod2=512 dac_err=0 tx_drop=0 hb_ms=0 sma_state=6 m7_us=672848380 m4_us=670653785 vdd=5.067 offset=0.5000 aref=3.145 loop_us_avg=93 loop_us_max=5399 loop_hz=10752 cycle_log_ms=1 n_cycle=4 cc=1 cc_hz=1025 cc_i_tgt=0.1000 cc_u=0.8156 cc_r=5.8090 cc_tau_ms=7.00
[  41.826] M
[  42.390] [STATUS] t_ms=653097 hwm=6 cap=256 dropped=0 dropped_total=12141 crc_err=0 crc_err_total=0 rate1=512 rate2=512 prod1=512 prod2=512 dac_err=0 tx_drop=0 hb_ms=0 sma_state=6 m7_us=673880245 m4_us=671685651 vdd=5.067 offset=0.5000 aref=3.145 loop_us_avg=91 loop_us_max=5548 loop_hz=10989 cycle_log_ms=1 n_cycle=4 cc=1 cc_hz=1025 cc_i_tgt=0.1000 cc_u=0.8156 cc_r=5.8090 cc_tau_ms=7.00
[  42.833] M
[  43.462] [STATUS] t_ms=654097 hwm=6 cap=256 dropped=0 dropped_total=12141 crc_err=0 crc_err_total=0 rate1=512 rate2=512 prod1=512 prod2=512 dac_err=0 tx_drop=0 hb_ms=0 sma_state=6 m7_us=674912075 m4_us=672717471 vdd=5.067 offset=0.5000 aref=3.145 loop_us_avg=93 loop_us_max=5395 loop_hz=10752 cycle_log_ms=1 n_cycle=4 cc=1 cc_hz=1025 cc_i_tgt=0.1000 cc_u=0.8157 cc_r=5.8518 cc_tau_ms=7.00
[  43.842] M
[  43.842] [
[  43.842] ADC1] STATUS alar
[  44.474] [STATUS] t_ms=655097 hwm=6 cap=256 dropped=0 dropped_total=12141 crc_err=0 crc_err_total=0 rate1=512 rate2=512 prod1=512 prod2=512 dac_err=0 tx_drop=0 hb_ms=0 sma_state=6 m7_us=675943904 m4_us=673749311 vdd=5.067 offset=0.5000 aref=3.145 loop_us_avg=93 loop_us_max=5554 loop_hz=10752 cycle_log_ms=1 n_cycle=4 cc=1 cc_hz=1025 cc_i_tgt=0.1000 cc_u=0.8219 cc_r=5.9034 cc_tau_ms=7.00
[  44.847] M
[  45.479] [STATUS] t_ms=656097 hwm=6 cap=256 dropped=0 dropped_total=12141 crc_err=0 crc_err_total=0 rate1=512 rate2=512 prod1=512 prod2=512 dac_err=0 tx_drop=0 hb_ms=0 sma_state=6 m7_us=676975713 m4_us=674781119 vdd=5.067 offset=0.5000 aref=3.145 loop_us_avg=93 loop_us_max=5399 loop_hz=10752 cycle_log_ms=1 n_cycle=4 cc=1 cc_hz=1025 cc_i_tgt=0.1000 cc_u=0.8135 cc_r=5.9739 cc_tau_ms=7.00
[  45.857] M
[  45.857] [ADC1]
[  46.547] [STATUS] t_ms=657097 hwm=6 cap=256 dropped=0 dropped_total=12141 crc_err=0 crc_err_total=0 rate1=512 rate2=512 prod1=512 prod2=512 dac_err=0 tx_drop=0 hb_ms=0 sma_state=6 m7_us=678007538 m4_us=675812895 vdd=5.067 offset=0.5000 aref=3.145 loop_us_avg=92 loop_us_max=5404 loop_hz=10869 cycle_log_ms=1 n_cycle=4 cc=1 cc_hz=1025 cc_i_tgt=0.1000 cc_u=0.8060 cc_r=6.0405 cc_tau_ms=7.00
[  46.864] M
[  47.370] [SMA] [ACT] heat n=4/6 I=650.0mA ms=300
[  47.560] [STATUS] t_ms=658097 hwm=6 cap=256 dropped=0 dropped_total=12141 crc_err=0 crc_err_total=0 rate1=512 rate2=512 prod1=512 prod2=512 dac_err=0 tx_drop=0 hb_ms=0 sma_state=5 m7_us=679039275 m4_us=676844678 vdd=5.067 offset=0.5000 aref=3.145 loop_us_avg=93 loop_us_max=5476 loop_hz=10752 cycle_log_ms=1 n_cycle=4 cc=1 cc_hz=1024 cc_i_tgt=0.6500 cc_u=4.1281 cc_r=6.0781 cc_tau_ms=7.00
[  47.688] [SMA] [ACT] cool n=4/6 I=100.0mA ms=15000
[  47.878] M
[  48.574] [STATUS] t_ms=659097 hwm=6 cap=256 dropped=0 dropped_total=12141 crc_err=0 crc_err_total=0 rate1=512 rate2=512 prod1=512 prod2=512 dac_err=0 tx_drop=0 hb_ms=0 sma_state=6 m7_us=680071088 m4_us=677876428 vdd=5.067 offset=0.5000 aref=3.145 loop_us_avg=93 loop_us_max=5569 loop_hz=10752 cycle_log_ms=1 n_cycle=4 cc=1 cc_hz=1024 cc_i_tgt=0.1000 cc_u=0.7769 cc_r=6.0982 cc_tau_ms=7.00
[  48.889] M
[  48.889] [
[  48.889] ADC1] STATUS alarm(s
[  49.644] [STATUS] t_ms=660097 hwm=6 cap=256 dropped=0 dropped_total=12141 crc_err=0 crc_err_total=0 rate1=512 rate2=512 prod1=512 prod2=512 dac_err=0 tx_drop=0 hb_ms=0 sma_state=6 m7_us=681102833 m4_us=678908233 vdd=5.067 offset=0.5000 aref=3.145 loop_us_avg=93 loop_us_max=5462 loop_hz=10752 cycle_log_ms=1 n_cycle=4 cc=1 cc_hz=1025 cc_i_tgt=0.1000 cc_u=0.7799 cc_r=6.1340 cc_tau_ms=7.00
[  49.896] M
[  49.896] [ADC1] STATUS alar
[  50.650] [STATUS] t_ms=661097 hwm=6 cap=256 dropped=0 dropped_total=12141 crc_err=0 crc_err_total=0 rate1=512 rate2=512 prod1=512 prod2=512 dac_err=0 tx_drop=0 hb_ms=0 sma_state=6 m7_us=682134872 m4_us=679940057 vdd=5.067 offset=0.5000 aref=3.145 loop_us_avg=92 loop_us_max=5413 loop_hz=10869 cycle_log_ms=1 n_cycle=4 cc=1 cc_hz=1025 cc_i_tgt=0.1000 cc_u=0.7844 cc_r=6.1711 cc_tau_ms=7.00
[  50.899] M
[  51.712] [STATUS] t_ms=662097 hwm=6 cap=256 dropped=0 dropped_total=12141 crc_err=0 crc_err_total=0 rate1=512 rate2=512 prod1=512 prod2=512 dac_err=0 tx_drop=0 hb_ms=0 sma_state=6 m7_us=683166477 m4_us=680971865 vdd=5.067 offset=0.5000 aref=3.145 loop_us_avg=93 loop_us_max=5627 loop_hz=10752 cycle_log_ms=1 n_cycle=4 cc=1 cc_hz=1025 cc_i_tgt=0.1000 cc_u=0.7844 cc_r=6.1711 cc_tau_ms=7.00
[  51.957] M
[  51.957] [ADC1] STATUS alarm(s): 0x
[  52.755] [STATUS] t_ms=663103 hwm=175 cap=256 dropped=0 dropped_total=12141 crc_err=0 crc_err_total=0 rate1=456 rate2=456 prod1=512 prod2=511 dac_err=0 tx_drop=0 hb_ms=0 sma_state=6 m7_us=684205139 m4_us=681896863 vdd=5.067 offset=0.5000 aref=3.145 loop_us_avg=112 loop_us_max=176229 loop_hz=8928 cycle_log_ms=1 n_cycle=4 cc=1 cc_hz=854 cc_i_tgt=0.1000 cc_u=0.7782 cc_r=6.1927 cc_tau_ms=7.00
[  52.945] M
[  53.768] [STATUS] t_ms=664103 hwm=117 cap=256 dropped=0 dropped_total=12141 crc_err=0 crc_err_total=0 rate1=568 rate2=567 prod1=512 prod2=512 dac_err=0 tx_drop=0 hb_ms=0 sma_state=6 m7_us=685236494 m4_us=683042459 vdd=5.067 offset=0.5000 aref=3.145 loop_us_avg=92 loop_us_max=7403 loop_hz=10869 cycle_log_ms=1 n_cycle=4 cc=1 cc_hz=1023 cc_i_tgt=0.1000 cc_u=0.7782 cc_r=6.1927 cc_tau_ms=7.00
[  53.958] M
[  53.958] [
[  53.958] ADC1] STATUS alar
[  54.778] [STATUS] t_ms=665103 hwm=5 cap=256 dropped=0 dropped_total=12141 crc_err=0 crc_err_total=0 rate1=512 rate2=512 prod1=512 prod2=512 dac_err=0 tx_drop=0 hb_ms=0 sma_state=6 m7_us=686268323 m4_us=684074286 vdd=5.067 offset=0.5000 aref=3.145 loop_us_avg=93 loop_us_max=5522 loop_hz=10752 cycle_log_ms=1 n_cycle=4 cc=1 cc_hz=1025 cc_i_tgt=0.1000 cc_u=0.7782 cc_r=6.1927 cc_tau_ms=7.00
[  54.967] M
[  54.967] [ADC1] STATUS ala
[  55.853] [STATUS] t_ms=666103 hwm=5 cap=256 dropped=0 dropped_total=12141 crc_err=0 crc_err_total=0 rate1=512 rate2=512 prod1=512 prod2=512 dac_err=0 tx_drop=0 hb_ms=0 sma_state=6 m7_us=687300171 m4_us=685106139 vdd=5.067 offset=0.5000 aref=3.145 loop_us_avg=93 loop_us_max=5408 loop_hz=10752 cycle_log_ms=1 n_cycle=4 cc=1 cc_hz=1025 cc_i_tgt=0.1000 cc_u=0.7789 cc_r=6.2519 cc_tau_ms=7.00
[  55.980] M
[  56.866] [STATUS] t_ms=667103 hwm=5 cap=256 dropped=0 dropped_total=12141 crc_err=0 crc_err_total=0 rate1=512 rate2=512 prod1=512 prod2=512 dac_err=0 tx_drop=0 hb_ms=0 sma_state=6 m7_us=688331971 m4_us=686137941 vdd=5.067 offset=0.5000 aref=3.145 loop_us_avg=93 loop_us_max=5613 loop_hz=10752 cycle_log_ms=1 n_cycle=4 cc=1 cc_hz=1025 cc_i_tgt=0.1000 cc_u=0.7789 cc_r=6.2519 cc_tau_ms=7.00
[  56.993] M
[  57.877] [STATUS] t_ms=668103 hwm=5 cap=256 dropped=0 dropped_total=12141 crc_err=0 crc_err_total=0 rate1=512 rate2=512 prod1=512 prod2=512 dac_err=0 tx_drop=0 hb_ms=0 sma_state=6 m7_us=689363763 m4_us=687169730 vdd=5.067 offset=0.5000 aref=3.145 loop_us_avg=93 loop_us_max=5410 loop_hz=10752 cycle_log_ms=1 n_cycle=4 cc=1 cc_hz=1025 cc_i_tgt=0.1000 cc_u=0.7700 cc_r=6.2671 cc_tau_ms=7.00
[  58.005] M
[  58.952] [STATUS] t_ms=669103 hwm=5 cap=256 dropped=0 dropped_total=12141 crc_err=0 crc_err_total=0 rate1=512 rate2=512 prod1=512 prod2=512 dac_err=0 tx_drop=0 hb_ms=0 sma_state=6 m7_us=690395549 m4_us=688201515 vdd=5.067 offset=0.5000 aref=3.145 loop_us_avg=93 loop_us_max=5402 loop_hz=10752 cycle_log_ms=1 n_cycle=4 cc=1 cc_hz=1025 cc_i_tgt=0.1000 cc_u=0.7824 cc_r=6.3143 cc_tau_ms=7.00
[  58.952] M
[  59.964] [STATUS] t_ms=670103 hwm=5 cap=256 dropped=0 dropped_total=12141 crc_err=0 crc_err_total=0 rate1=512 rate2=512 prod1=512 prod2=512 dac_err=0 tx_drop=0 hb_ms=0 sma_state=6 m7_us=691427369 m4_us=689233336 vdd=5.067 offset=0.5000 aref=3.145 loop_us_avg=93 loop_us_max=5500 loop_hz=10752 cycle_log_ms=1 n_cycle=4 cc=1 cc_hz=1025 cc_i_tgt=0.1000 cc_u=0.7771 cc_r=6.3344 cc_tau_ms=7.00
[  59.964] M
[  59.964] [ADC1] STAT
[  60.976] [STATUS] t_ms=671103 hwm=5 cap=256 dropped=0 dropped_total=12141 crc_err=0 crc_err_total=0 rate1=512 rate2=512 prod1=512 prod2=512 dac_err=0 tx_drop=0 hb_ms=0 sma_state=6 m7_us=692459220 m4_us=690265122 vdd=5.067 offset=0.5000 aref=3.145 loop_us_avg=92 loop_us_max=5513 loop_hz=10869 cycle_log_ms=1 n_cycle=4 cc=1 cc_hz=1025 cc_i_tgt=0.1000 cc_u=0.7638 cc_r=6.3669 cc_tau_ms=7.00
[  60.976] M
[  61.988] M
[  61.988] [STATUS] t_ms=672103 hwm=5 cap=256 dropped=0 dropped_total=12141 crc_err=0 crc_err_total=0 rate1=512 rate2=512 prod1=512 prod2=512 dac_err=0 tx_drop=0 hb_ms=0 sma_state=6 m7_us=693490953 m4_us=691296923 vdd=5.067 offset=0.5000 aref=3.145 loop_us_avg=93 loop_us_max=5517 loop_hz=10752 cycle_log_ms=1 n_cycle=4 cc=1 cc_hz=1025 cc_i_tgt=0.1000 cc_u=0.7487 cc_r=6.3906 cc_tau_ms=7.00
[  62.995] M
[  62.995] [AD
[  63.059] [STATUS] t_ms=673103 hwm=5 cap=256 dropped=0 dropped_total=12141 crc_err=0 crc_err_total=0 rate1=512 rate2=512 prod1=512 prod2=512 dac_err=0 tx_drop=0 hb_ms=0 sma_state=6 m7_us=694522904 m4_us=692328757 vdd=5.067 offset=0.5000 aref=3.145 loop_us_avg=93 loop_us_max=5557 loop_hz=10752 cycle_log_ms=1 n_cycle=4 cc=1 cc_hz=1025 cc_i_tgt=0.1000 cc_u=0.6979 cc_r=6.4470 cc_tau_ms=7.00
[  63.187] [SMA] [ACT] heat n=5/6 I=650.0mA ms=300
[  63.501] [SMA] [ACT] cool n=5/6 I=100.0mA ms=15000
[  64.009] M
[  64.009] [ADC1] STATUS alarm
[  64.009] L
[  64.071] [STATUS] t_ms=674103 hwm=5 cap=256 dropped=0 dropped_total=12141 crc_err=0 crc_err_total=0 rate1=512 rate2=512 prod1=512 prod2=512 dac_err=0 tx_drop=0 hb_ms=0 sma_state=6 m7_us=695554649 m4_us=693360597 vdd=5.067 offset=0.5000 aref=3.145 loop_us_avg=93 loop_us_max=5583 loop_hz=10752 cycle_log_ms=1 n_cycle=4 cc=1 cc_hz=1023 cc_i_tgt=0.1000 cc_u=0.5000 cc_r=5.6684 cc_tau_ms=7.00
[  65.015] M
[  65.142] [STATUS] t_ms=675103 hwm=5 cap=256 dropped=0 dropped_total=12141 crc_err=0 crc_err_total=0 rate1=512 rate2=512 prod1=512 prod2=512 dac_err=0 tx_drop=0 hb_ms=0 sma_state=6 m7_us=696586681 m4_us=694392456 vdd=5.067 offset=0.5000 aref=3.145 loop_us_avg=92 loop_us_max=5542 loop_hz=10869 cycle_log_ms=1 n_cycle=4 cc=1 cc_hz=1025 cc_i_tgt=0.1000 cc_u=0.5967 cc_r=5.7285 cc_tau_ms=7.00
[  66.025] M
[  66.149] [STATUS] t_ms=676103 hwm=5 cap=256 dropped=0 dropped_total=12141 crc_err=0 crc_err_total=0 rate1=512 rate2=512 prod1=512 prod2=512 dac_err=0 tx_drop=0 hb_ms=0 sma_state=6 m7_us=697618342 m4_us=695424309 vdd=5.067 offset=0.5000 aref=3.145 loop_us_avg=92 loop_us_max=5636 loop_hz=10869 cycle_log_ms=1 n_cycle=4 cc=1 cc_hz=1025 cc_i_tgt=0.1000 cc_u=0.5642 cc_r=5.3140 cc_tau_ms=7.00
[  67.031] M
[  67.156] [STATUS] t_ms=677103 hwm=5 cap=256 dropped=0 dropped_total=12141 crc_err=0 crc_err_total=0 rate1=512 rate2=512 prod1=512 prod2=512 dac_err=0 tx_drop=0 hb_ms=0 sma_state=6 m7_us=698650212 m4_us=696456075 vdd=5.067 offset=0.5000 aref=3.145 loop_us_avg=93 loop_us_max=5419 loop_hz=10752 cycle_log_ms=1 n_cycle=4 cc=1 cc_hz=1025 cc_i_tgt=0.1000 cc_u=0.5906 cc_r=5.8394 cc_tau_ms=7.00
[  68.036] M
[  68.036] [A
[  68.224] [STATUS] t_ms=678103 hwm=5 cap=256 dropped=0 dropped_total=12141 crc_err=0 crc_err_total=0 rate1=512 rate2=512 prod1=512 prod2=512 dac_err=0 tx_drop=0 hb_ms=0 sma_state=6 m7_us=699681922 m4_us=697487883 vdd=5.067 offset=0.5000 aref=3.145 loop_us_avg=93 loop_us_max=5520 loop_hz=10752 cycle_log_ms=1 n_cycle=4 cc=1 cc_hz=1025 cc_i_tgt=0.1000 cc_u=0.6068 cc_r=6.1238 cc_tau_ms=7.00
[  69.046] M
[  69.046] [AD
[  69.046] C1] STATUS alarm(s
[  69.234] [STATUS] t_ms=679103 hwm=5 cap=256 dropped=0 dropped_total=12141 crc_err=0 crc_err_total=0 rate1=512 rate2=512 prod1=512 prod2=512 dac_err=0 tx_drop=0 hb_ms=0 sma_state=6 m7_us=700713772 m4_us=698519739 vdd=5.067 offset=0.5000 aref=3.145 loop_us_avg=93 loop_us_max=5409 loop_hz=10752 cycle_log_ms=1 n_cycle=4 cc=1 cc_hz=1025 cc_i_tgt=0.1000 cc_u=0.5901 cc_r=5.3730 cc_tau_ms=7.00
[  70.057] M
[  70.247] [STATUS] t_ms=680103 hwm=5 cap=256 dropped=0 dropped_total=12141 crc_err=0 crc_err_total=0 rate1=512 rate2=512 prod1=512 prod2=512 dac_err=0 tx_drop=0 hb_ms=0 sma_state=6 m7_us=701745618 m4_us=699551586 vdd=5.067 offset=0.5000 aref=3.145 loop_us_avg=93 loop_us_max=5486 loop_hz=10752 cycle_log_ms=1 n_cycle=4 cc=1 cc_hz=1025 cc_i_tgt=0.1000 cc_u=0.5108 cc_r=5.3235 cc_tau_ms=7.00
[  71.070] M
[  71.320] [STATUS] t_ms=681103 hwm=5 cap=256 dropped=0 dropped_total=12141 crc_err=0 crc_err_total=0 rate1=512 rate2=512 prod1=512 prod2=512 dac_err=0 tx_drop=0 hb_ms=0 sma_state=6 m7_us=702777483 m4_us=700583451 vdd=5.067 offset=0.5000 aref=3.145 loop_us_avg=92 loop_us_max=5418 loop_hz=10869 cycle_log_ms=1 n_cycle=4 cc=1 cc_hz=1025 cc_i_tgt=0.1000 cc_u=0.5645 cc_r=5.8243 cc_tau_ms=7.00
[  72.080] M
[  72.332] [STATUS] t_ms=682103 hwm=5 cap=256 dropped=0 dropped_total=12141 crc_err=0 crc_err_total=0 rate1=512 rate2=512 prod1=512 prod2=512 dac_err=0 tx_drop=0 hb_ms=0 sma_state=6 m7_us=703809423 m4_us=701615272 vdd=5.067 offset=0.5000 aref=3.145 loop_us_avg=92 loop_us_max=5422 loop_hz=10869 cycle_log_ms=1 n_cycle=4 cc=1 cc_hz=1025 cc_i_tgt=0.1000 cc_u=0.6257 cc_r=5.7119 cc_tau_ms=7.00
[  73.089] M
[  73.342] [STATUS] t_ms=683103 hwm=5 cap=256 dropped=0 dropped_total=12141 crc_err=0 crc_err_total=0 rate1=512 rate2=512 prod1=512 prod2=512 dac_err=0 tx_drop=0 hb_ms=0 sma_state=6 m7_us=704841132 m4_us=702647099 vdd=5.067 offset=0.5000 aref=3.145 loop_us_avg=92 loop_us_max=5522 loop_hz=10869 cycle_log_ms=1 n_cycle=4 cc=1 cc_hz=1025 cc_i_tgt=0.1000 cc_u=0.5531 cc_r=5.1248 cc_tau_ms=7.00
[  74.101] M
[  74.101] [ADC
[  74.417] [STATUS] t_ms=684103 hwm=5 cap=256 dropped=0 dropped_total=12141 crc_err=0 crc_err_total=0 rate1=512 rate2=512 prod1=512 prod2=512 dac_err=0 tx_drop=0 hb_ms=0 sma_state=6 m7_us=705872943 m4_us=703678907 vdd=5.067 offset=0.5000 aref=3.145 loop_us_avg=93 loop_us_max=5417 loop_hz=10752 cycle_log_ms=1 n_cycle=4 cc=1 cc_hz=1025 cc_i_tgt=0.1000 cc_u=0.5000 cc_r=5.0243 cc_tau_ms=7.00
[  75.111] M
[  75.426] [STATUS] t_ms=685103 hwm=5 cap=256 dropped=0 dropped_total=12141 crc_err=0 crc_err_total=0 rate1=512 rate2=512 prod1=512 prod2=512 dac_err=0 tx_drop=0 hb_ms=0 sma_state=6 m7_us=706904757 m4_us=704710722 vdd=5.067 offset=0.5000 aref=3.145 loop_us_avg=93 loop_us_max=5415 loop_hz=10752 cycle_log_ms=1 n_cycle=4 cc=1 cc_hz=1025 cc_i_tgt=0.1000 cc_u=0.5715 cc_r=5.9128 cc_tau_ms=7.00
[  76.123] M
[  76.439] [STATUS] t_ms=686103 hwm=5 cap=256 dropped=0 dropped_total=12141 crc_err=0 crc_err_total=0 rate1=512 rate2=512 prod1=512 prod2=512 dac_err=0 tx_drop=0 hb_ms=0 sma_state=6 m7_us=707936561 m4_us=705742526 vdd=5.067 offset=0.5000 aref=3.145 loop_us_avg=94 loop_us_max=5589 loop_hz=10638 cycle_log_ms=1 n_cycle=4 cc=1 cc_hz=1025 cc_i_tgt=0.1000 cc_u=0.5035 cc_r=4.9423 cc_tau_ms=7.00
[  77.133] M
[  77.513] [STATUS] t_ms=687103 hwm=5 cap=256 dropped=0 dropped_total=12141 crc_err=0 crc_err_total=0 rate1=512 rate2=512 prod1=512 prod2=512 dac_err=0 tx_drop=0 hb_ms=0 sma_state=6 m7_us=708968392 m4_us=706774325 vdd=5.067 offset=0.5000 aref=3.145 loop_us_avg=93 loop_us_max=5420 loop_hz=10752 cycle_log_ms=1 n_cycle=4 cc=1 cc_hz=1025 cc_i_tgt=0.1000 cc_u=0.6429 cc_r=5.6534 cc_tau_ms=7.00
[  78.144] M
[  78.525] [STATUS] t_ms=688103 hwm=5 cap=256 dropped=0 dropped_total=12141 crc_err=0 crc_err_total=0 rate1=512 rate2=512 prod1=512 prod2=512 dac_err=0 tx_drop=0 hb_ms=0 sma_state=6 m7_us=710000178 m4_us=707806146 vdd=5.067 offset=0.5000 aref=3.145 loop_us_avg=92 loop_us_max=5603 loop_hz=10869 cycle_log_ms=1 n_cycle=4 cc=1 cc_hz=1025 cc_i_tgt=0.1000 cc_u=0.5000 cc_r=4.8576 cc_tau_ms=7.00
[  78.964] [SMA] [ACT] heat n=6/6 I=650.0mA ms=300
[  79.154] M
[  79.279] [SMA] [ACT] cool n=6/6 I=100.0mA ms=15000
[  79.530] [STATUS] t_ms=689103 hwm=5 cap=256 dropped=0 dropped_total=12141 crc_err=0 crc_err_total=0 rate1=512 rate2=512 prod1=512 prod2=512 dac_err=0 tx_drop=0 hb_ms=0 sma_state=6 m7_us=711031973 m4_us=708837941 vdd=5.067 offset=0.5000 aref=3.145 loop_us_avg=93 loop_us_max=5428 loop_hz=10752 cycle_log_ms=1 n_cycle=4 cc=1 cc_hz=1023 cc_i_tgt=0.1000 cc_u=0.5411 cc_r=4.9041 cc_tau_ms=7.00
[  80.162] M
[  80.162] [ADC1] S
[  80.162] TATUS alarm(s): 0
[  80.604] [STATUS] t_ms=690103 hwm=5 cap=256 dropped=0 dropped_total=12141 crc_err=0 crc_err_total=0 rate1=512 rate2=512 prod1=512 prod2=512 dac_err=0 tx_drop=0 hb_ms=0 sma_state=6 m7_us=712063781 m4_us=709869742 vdd=5.067 offset=0.5000 aref=3.145 loop_us_avg=92 loop_us_max=5543 loop_hz=10869 cycle_log_ms=1 n_cycle=4 cc=1 cc_hz=1025 cc_i_tgt=0.1000 cc_u=0.6006 cc_r=5.7906 cc_tau_ms=7.00
[  81.176] M
[  81.618] [STATUS] t_ms=691103 hwm=5 cap=256 dropped=0 dropped_total=12141 crc_err=0 crc_err_total=0 rate1=512 rate2=512 prod1=512 prod2=512 dac_err=0 tx_drop=0 hb_ms=0 sma_state=6 m7_us=713095563 m4_us=710901531 vdd=5.067 offset=0.5000 aref=3.145 loop_us_avg=92 loop_us_max=5416 loop_hz=10869 cycle_log_ms=1 n_cycle=4 cc=1 cc_hz=1025 cc_i_tgt=0.1000 cc_u=0.5300 cc_r=5.3463 cc_tau_ms=7.00
[  82.189] M
[  82.631] [STATUS] t_ms=692103 hwm=5 cap=256 dropped=0 dropped_total=12141 crc_err=0 crc_err_total=0 rate1=512 rate2=512 prod1=512 prod2=512 dac_err=0 tx_drop=0 hb_ms=0 sma_state=6 m7_us=714127343 m4_us=711933314 vdd=5.067 offset=0.5000 aref=3.145 loop_us_avg=93 loop_us_max=5531 loop_hz=10752 cycle_log_ms=1 n_cycle=4 cc=1 cc_hz=1025 cc_i_tgt=0.1000 cc_u=0.5054 cc_r=5.2061 cc_tau_ms=7.00
[  83.134] M
[  83.134] [ADC1] STATUS
[  83.702] [STATUS] t_ms=693103 hwm=5 cap=256 dropped=0 dropped_total=12141 crc_err=0 crc_err_total=0 rate1=512 rate2=512 prod1=512 prod2=512 dac_err=0 tx_drop=0 hb_ms=0 sma_state=6 m7_us=715159153 m4_us=712965122 vdd=5.067 offset=0.5000 aref=3.145 loop_us_avg=93 loop_us_max=5421 loop_hz=10752 cycle_log_ms=1 n_cycle=4 cc=1 cc_hz=1024 cc_i_tgt=0.1000 cc_u=0.5061 cc_r=4.8624 cc_tau_ms=7.00
[  84.144] M
[  84.713] [STATUS] t_ms=694103 hwm=5 cap=256 dropped=0 dropped_total=12141 crc_err=0 crc_err_total=0 rate1=512 rate2=512 prod1=512 prod2=512 dac_err=0 tx_drop=0 hb_ms=0 sma_state=6 m7_us=716190949 m4_us=713996917 vdd=5.067 offset=0.5000 aref=3.145 loop_us_avg=92 loop_us_max=5551 loop_hz=10869 cycle_log_ms=1 n_cycle=4 cc=1 cc_hz=1025 cc_i_tgt=0.1000 cc_u=0.5428 cc_r=5.0323 cc_tau_ms=7.00
[  85.156] M
[  85.156] [ADC1] STA
[  85.720] [STATUS] t_ms=695103 hwm=5 cap=256 dropped=0 dropped_total=12141 crc_err=0 crc_err_total=0 rate1=512 rate2=512 prod1=512 prod2=512 dac_err=0 tx_drop=0 hb_ms=0 sma_state=6 m7_us=717222734 m4_us=715028690 vdd=5.067 offset=0.5000 aref=3.145 loop_us_avg=93 loop_us_max=5422 loop_hz=10752 cycle_log_ms=1 n_cycle=4 cc=1 cc_hz=1025 cc_i_tgt=0.1000 cc_u=0.5000 cc_r=4.9379 cc_tau_ms=7.00
[  86.158] M
[  86.158] [ADC1] STA
[  86.158] TUS alarm(s): 0x89
[  86.789] [STATUS] t_ms=696103 hwm=5 cap=256 dropped=0 dropped_total=12141 crc_err=0 crc_err_total=0 rate1=512 rate2=512 prod1=512 prod2=512 dac_err=0 tx_drop=0 hb_ms=0 sma_state=6 m7_us=718254493 m4_us=716060459 vdd=5.067 offset=0.5000 aref=3.145 loop_us_avg=94 loop_us_max=5432 loop_hz=10638 cycle_log_ms=1 n_cycle=4 cc=1 cc_hz=1025 cc_i_tgt=0.1000 cc_u=0.5026 cc_r=4.8383 cc_tau_ms=7.00
[  87.166] M
[  87.796] [STATUS] t_ms=697103 hwm=5 cap=256 dropped=0 dropped_total=12141 crc_err=0 crc_err_total=0 rate1=512 rate2=512 prod1=512 prod2=512 dac_err=0 tx_drop=0 hb_ms=0 sma_state=6 m7_us=719286291 m4_us=717092254 vdd=5.067 offset=0.5000 aref=3.145 loop_us_avg=94 loop_us_max=5420 loop_hz=10638 cycle_log_ms=1 n_cycle=4 cc=1 cc_hz=1025 cc_i_tgt=0.1000 cc_u=0.5000 cc_r=4.8731 cc_tau_ms=7.00
[  88.228] M
[  88.845] [STATUS] t_ms=698103 hwm=5 cap=256 dropped=0 dropped_total=12141 crc_err=0 crc_err_total=0 rate1=512 rate2=512 prod1=512 prod2=512 dac_err=0 tx_drop=0 hb_ms=0 sma_state=6 m7_us=720318307 m4_us=718124069 vdd=5.067 offset=0.5000 aref=3.145 loop_us_avg=93 loop_us_max=5713 loop_hz=10752 cycle_log_ms=1 n_cycle=4 cc=1 cc_hz=1026 cc_i_tgt=0.1000 cc_u=0.5048 cc_r=4.8502 cc_tau_ms=7.00
[  89.219] M
[  89.850] [STATUS] t_ms=699103 hwm=6 cap=256 dropped=0 dropped_total=12141 crc_err=0 crc_err_total=0 rate1=512 rate2=512 prod1=512 prod2=512 dac_err=0 tx_drop=0 hb_ms=0 sma_state=6 m7_us=721349863 m4_us=719155832 vdd=5.067 offset=0.5000 aref=3.145 loop_us_avg=93 loop_us_max=6392 loop_hz=10752 cycle_log_ms=1 n_cycle=4 cc=1 cc_hz=1024 cc_i_tgt=0.1000 cc_u=0.5000 cc_r=4.9171 cc_tau_ms=7.00
[  90.230] M
[  90.929] [STATUS] t_ms=700103 hwm=5 cap=256 dropped=0 dropped_total=12141 crc_err=0 crc_err_total=0 rate1=512 rate2=512 prod1=512 prod2=512 dac_err=0 tx_drop=0 hb_ms=0 sma_state=6 m7_us=722381727 m4_us=720187640 vdd=5.067 offset=0.5000 aref=3.145 loop_us_avg=93 loop_us_max=5582 loop_hz=10752 cycle_log_ms=1 n_cycle=4 cc=1 cc_hz=1025 cc_i_tgt=0.1000 cc_u=0.5000 cc_r=4.8892 cc_tau_ms=7.00
[  91.245] M
[  91.245] [ADC1] STAT
[  91.245] US alarm(s): 0x49
[  91.925] [STATUS] t_ms=701103 hwm=187 cap=256 dropped=0 dropped_total=12141 crc_err=0 crc_err_total=0 rate1=510 rate2=511 prod1=511 prod2=512 dac_err=0 tx_drop=0 hb_ms=0 sma_state=6 m7_us=723412444 m4_us=721218377 vdd=5.067 offset=0.5000 aref=3.145 loop_us_avg=113 loop_us_max=188267 loop_hz=8849 cycle_log_ms=1 n_cycle=4 cc=1 cc_hz=832 cc_i_tgt=0.1000 cc_u=0.5000 cc_r=4.8611 cc_tau_ms=7.00
[  92.242] M
[  92.242] [ADC1] STA
[  92.242] TUS alarm(s): 0x49
[  93.001] [STATUS] t_ms=702103 hwm=5 cap=256 dropped=0 dropped_total=12141 crc_err=0 crc_err_total=0 rate1=512 rate2=512 prod1=512 prod2=512 dac_err=0 tx_drop=0 hb_ms=0 sma_state=6 m7_us=724444455 m4_us=722250095 vdd=5.067 offset=0.5000 aref=3.145 loop_us_avg=92 loop_us_max=5331 loop_hz=10869 cycle_log_ms=1 n_cycle=4 cc=1 cc_hz=1027 cc_i_tgt=0.1000 cc_u=0.5000 cc_r=4.8529 cc_tau_ms=7.00
[  93.254] M
[  94.014] [STATUS] t_ms=703103 hwm=5 cap=256 dropped=0 dropped_total=12141 crc_err=0 crc_err_total=0 rate1=512 rate2=512 prod1=512 prod2=512 dac_err=0 tx_drop=0 hb_ms=0 sma_state=6 m7_us=725475990 m4_us=723281881 vdd=5.067 offset=0.5000 aref=3.145 loop_us_avg=92 loop_us_max=5408 loop_hz=10869 cycle_log_ms=1 n_cycle=4 cc=1 cc_hz=1025 cc_i_tgt=0.1000 cc_u=0.5000 cc_r=4.8985 cc_tau_ms=7.00
[  94.268] M
[  94.775] [SMA] [ACT] -> idle (done) after 6 cycle(s); still armed
