[   0.055] [SMA] ARMED (MOSFET on); idle=0.500 V
[   0.055] [STATUS] t_ms=260584 hwm=256 cap=256 dropped=79 dropped_total=5404 crc_err=0 crc_err_total=0 rate1=437 rate2=437 prod1=472 prod2=472 dac_err=0 tx_drop=0 hb_ms=0 sma_state=0 m7_us=268836349 m4_us=266493480 vdd=5.067 offset=0.5000 aref=3.145 loop_us_avg=32 loop_us_max=338428 loop_hz=31250 cycle_log_ms=1 n_cycle=4 cc=0 cc_hz=0 cc_i_tgt=0.1000 cc_u=0.5000 cc_r=4.9266 cc_tau_ms=7.00
[   0.433] [ADC1] STATUS
[   0.433] alarm(s): 0xC9
[   1.053] [STATUS] t_ms=261584 hwm=72 cap=256 dropped=0 dropped_total=5404 crc_err=0 crc_err_total=0 rate1=546 rate2=544 prod1=512 prod2=512 dac_err=0 tx_drop=0 hb_ms=0 sma_state=0 m7_us=269868445 m4_us=267673811 vdd=5.067 offset=0.5000 aref=3.145 loop_us_avg=22 loop_us_max=5916 loop_hz=45454 cycle_log_ms=1 n_cycle=4 cc=0 cc_hz=0 cc_i_tgt=0.1000 cc_u=0.5000 cc_r=4.9266 cc_tau_ms=7.00
[   1.430] [ADC
[   1.430] 1] STATUS alarm(s):
[   0.063] [SMA] [CC] start i_high=350.0mA i_low=100.0mA t_high=300 t_idle=15000 n=6 (0=cont) tau_ms=7.0 wdt_ms=5000
[   0.063] [SMA] [ACT] heat n=1/6 I=350.0mA ms=300
[   0.063] [STATUS] t_ms=262584 hwm=5 cap=256 dropped=0 dropped_total=5404 crc_err=0 crc_err_total=0 rate1=513 rate2=512 prod1=513 prod2=512 dac_err=0 tx_drop=0 hb_ms=0 sma_state=5 m7_us=270901130 m4_us=268707058 vdd=5.067 offset=0.5000 aref=3.145 loop_us_avg=22 loop_us_max=4635 loop_hz=45454 cycle_log_ms=1 n_cycle=4 cc=1 cc_hz=15 cc_i_tgt=0.3500 cc_u=0.5296 cc_r=0.0000 cc_tau_ms=7.00
[   0.317] [SMA] [ACT] cool n=1/6 I=100.0mA ms=15000
[   1.078] [STATUS] t_ms=263584 hwm=5 cap=256 dropped=0 dropped_total=5404 crc_err=0 crc_err_total=0 rate1=511 rate2=512 prod1=511 prod2=512 dac_err=0 tx_drop=0 hb_ms=0 sma_state=6 m7_us=271933007 m4_us=269738259 vdd=5.067 offset=0.5000 aref=3.145 loop_us_avg=90 loop_us_max=5388 loop_hz=11111 cycle_log_ms=1 n_cycle=4 cc=1 cc_hz=1026 cc_i_tgt=0.1000 cc_u=0.6378 cc_r=6.5650 cc_tau_ms=7.00
[   2.087] [STATUS] t_ms=264584 hwm=6 cap=256 dropped=0 dropped_total=5404 crc_err=0 crc_err_total=0 rate1=512 rate2=512 prod1=512 prod2=512 dac_err=0 tx_drop=0 hb_ms=0 sma_state=6 m7_us=272965135 m4_us=270770412 vdd=5.067 offset=0.5000 aref=3.145 loop_us_avg=93 loop_us_max=5358 loop_hz=10752 cycle_log_ms=1 n_cycle=4 cc=1 cc_hz=1023 cc_i_tgt=0.1000 cc_u=0.5090 cc_r=5.4731 cc_tau_ms=7.00
[   3.163] [STATUS] t_ms=265584 hwm=6 cap=256 dropped=0 dropped_total=5404 crc_err=0 crc_err_total=0 rate1=512 rate2=512 prod1=512 prod2=512 dac_err=0 tx_drop=0 hb_ms=0 sma_state=6 m7_us=273997183 m4_us=271802463 vdd=5.067 offset=0.5000 aref=3.145 loop_us_avg=92 loop_us_max=5365 loop_hz=10869 cycle_log_ms=1 n_cycle=4 cc=1 cc_hz=1023 cc_i_tgt=0.1000 cc_u=0.5076 cc_r=4.8775 cc_tau_ms=7.00
[   4.175] [STATUS] t_ms=266584 hwm=6 cap=256 dropped=0 dropped_total=5404 crc_err=0 crc_err_total=0 rate1=512 rate2=512 prod1=512 prod2=512 dac_err=0 tx_drop=0 hb_ms=0 sma_state=6 m7_us=275029200 m4_us=272834483 vdd=5.067 offset=0.5000 aref=3.145 loop_us_avg=93 loop_us_max=5345 loop_hz=10752 cycle_log_ms=1 n_cycle=4 cc=1 cc_hz=1025 cc_i_tgt=0.1000 cc_u=0.5237 cc_r=4.9101 cc_tau_ms=7.00
[   4.429] [ADC1] STA
[   5.185] [STATUS] t_ms=267584 hwm=6 cap=256 dropped=0 dropped_total=5404 crc_err=0 crc_err_total=0 rate1=512 rate2=512 prod1=512 prod2=512 dac_err=0 tx_drop=0 hb_ms=0 sma_state=6 m7_us=276061277 m4_us=273866547 vdd=5.067 offset=0.5000 aref=3.145 loop_us_avg=93 loop_us_max=5346 loop_hz=10752 cycle_log_ms=1 n_cycle=4 cc=1 cc_hz=1023 cc_i_tgt=0.1000 cc_u=0.5000 cc_r=4.8633 cc_tau_ms=7.00
[   6.259] [STATUS] t_ms=268584 hwm=6 cap=256 dropped=0 dropped_total=5404 crc_err=0 crc_err_total=0 rate1=512 rate2=512 prod1=512 prod2=512 dac_err=0 tx_drop=0 hb_ms=0 sma_state=6 m7_us=277093286 m4_us=274898569 vdd=5.067 offset=0.5000 aref=3.145 loop_us_avg=92 loop_us_max=5372 loop_hz=10869 cycle_log_ms=1 n_cycle=4 cc=1 cc_hz=1023 cc_i_tgt=0.1000 cc_u=0.5147 cc_r=4.8779 cc_tau_ms=7.00
[   7.264] [STATUS] t_ms=269584 hwm=6 cap=256 dropped=0 dropped_total=5404 crc_err=0 crc_err_total=0 rate1=512 rate2=512 prod1=512 prod2=512 dac_err=0 tx_drop=0 hb_ms=0 sma_state=6 m7_us=278125341 m4_us=275930611 vdd=5.067 offset=0.5000 aref=3.145 loop_us_avg=92 loop_us_max=5351 loop_hz=10869 cycle_log_ms=1 n_cycle=4 cc=1 cc_hz=1023 cc_i_tgt=0.1000 cc_u=0.5029 cc_r=4.8586 cc_tau_ms=7.00
[   8.279] [STATUS] t_ms=270584 hwm=6 cap=256 dropped=0 dropped_total=5404 crc_err=0 crc_err_total=0 rate1=512 rate2=512 prod1=512 prod2=512 dac_err=0 tx_drop=0 hb_ms=0 sma_state=6 m7_us=279157383 m4_us=276962655 vdd=5.067 offset=0.5000 aref=3.145 loop_us_avg=93 loop_us_max=5367 loop_hz=10752 cycle_log_ms=1 n_cycle=4 cc=1 cc_hz=1024 cc_i_tgt=0.1000 cc_u=0.5000 cc_r=4.9223 cc_tau_ms=7.00
[   9.354] [STATUS] t_ms=271584 hwm=6 cap=256 dropped=0 dropped_total=5404 crc_err=0 crc_err_total=0 rate1=512 rate2=512 prod1=512 prod2=512 dac_err=0 tx_drop=0 hb_ms=0 sma_state=6 m7_us=280189382 m4_us=277994659 vdd=5.067 offset=0.5000 aref=3.145 loop_us_avg=94 loop_us_max=5353 loop_hz=10638 cycle_log_ms=1 n_cycle=4 cc=1 cc_hz=1025 cc_i_tgt=0.1000 cc_u=0.5000 cc_r=4.8822 cc_tau_ms=7.00
[   9.479] [ADC1] ST
[  10.364] [STATUS] t_ms=272584 hwm=6 cap=256 dropped=0 dropped_total=5404 crc_err=0 crc_err_total=0 rate1=512 rate2=512 prod1=512 prod2=512 dac_err=0 tx_drop=0 hb_ms=0 sma_state=6 m7_us=281221373 m4_us=279026627 vdd=5.067 offset=0.5000 aref=3.145 loop_us_avg=93 loop_us_max=5349 loop_hz=10752 cycle_log_ms=1 n_cycle=4 cc=1 cc_hz=1026 cc_i_tgt=0.1000 cc_u=0.5000 cc_r=4.8653 cc_tau_ms=7.00
[  10.487] [ADC1] STATUS al
[  10.487] _ALM
[  11.377] [STATUS] t_ms=273584 hwm=6 cap=256 dropped=0 dropped_total=5404 crc_err=0 crc_err_total=0 rate1=512 rate2=512 prod1=512 prod2=512 dac_err=0 tx_drop=0 hb_ms=0 sma_state=6 m7_us=282253343 m4_us=280058627 vdd=5.067 offset=0.5000 aref=3.145 loop_us_avg=92 loop_us_max=5342 loop_hz=10869 cycle_log_ms=1 n_cycle=4 cc=1 cc_hz=1025 cc_i_tgt=0.1000 cc_u=0.5062 cc_r=4.9022 cc_tau_ms=7.00
[  12.453] [STATUS] t_ms=274584 hwm=6 cap=256 dropped=0 dropped_total=5404 crc_err=0 crc_err_total=0 rate1=512 rate2=512 prod1=512 prod2=512 dac_err=0 tx_drop=0 hb_ms=0 sma_state=6 m7_us=283285320 m4_us=281090601 vdd=5.067 offset=0.5000 aref=3.145 loop_us_avg=92 loop_us_max=5347 loop_hz=10869 cycle_log_ms=1 n_cycle=4 cc=1 cc_hz=1026 cc_i_tgt=0.1000 cc_u=0.5000 cc_r=4.8746 cc_tau_ms=7.00
[  13.464] [STATUS] t_ms=275584 hwm=6 cap=256 dropped=0 dropped_total=5404 crc_err=0 crc_err_total=0 rate1=512 rate2=512 prod1=512 prod2=512 dac_err=0 tx_drop=0 hb_ms=0 sma_state=6 m7_us=284317347 m4_us=282122547 vdd=5.067 offset=0.5000 aref=3.145 loop_us_avg=93 loop_us_max=5380 loop_hz=10752 cycle_log_ms=1 n_cycle=4 cc=1 cc_hz=1027 cc_i_tgt=0.1000 cc_u=0.5061 cc_r=4.9207 cc_tau_ms=7.00
[  14.474] [STATUS] t_ms=276584 hwm=6 cap=256 dropped=0 dropped_total=5404 crc_err=0 crc_err_total=0 rate1=512 rate2=512 prod1=512 prod2=512 dac_err=0 tx_drop=0 hb_ms=0 sma_state=6 m7_us=285349319 m4_us=283154508 vdd=5.067 offset=0.5000 aref=3.145 loop_us_avg=94 loop_us_max=5381 loop_hz=10638 cycle_log_ms=1 n_cycle=4 cc=1 cc_hz=1027 cc_i_tgt=0.1000 cc_u=0.5000 cc_r=4.8748 cc_tau_ms=7.00
[  15.544] [STATUS] t_ms=277584 hwm=6 cap=256 dropped=0 dropped_total=5404 crc_err=0 crc_err_total=0 rate1=512 rate2=512 prod1=512 prod2=512 dac_err=0 tx_drop=0 hb_ms=0 sma_state=6 m7_us=286381294 m4_us=284186470 vdd=5.067 offset=0.5000 aref=3.145 loop_us_avg=94 loop_us_max=5386 loop_hz=10638 cycle_log_ms=1 n_cycle=4 cc=1 cc_hz=1027 cc_i_tgt=0.1000 cc_u=0.5037 cc_r=4.9151 cc_tau_ms=7.00
[  15.798] [SMA] [ACT] heat n=2/6 I=350.0mA ms=300
[  16.111] [SMA] [ACT] cool n=2/6 I=100.0mA ms=15000
[  16.551] [STATUS] t_ms=278584 hwm=6 cap=256 dropped=0 dropped_total=5404 crc_err=0 crc_err_total=0 rate1=512 rate2=512 prod1=512 prod2=512 dac_err=0 tx_drop=0 hb_ms=0 sma_state=6 m7_us=287413219 m4_us=285218435 vdd=5.067 offset=0.5000 aref=3.145 loop_us_avg=92 loop_us_max=5352 loop_hz=10869 cycle_log_ms=1 n_cycle=4 cc=1 cc_hz=1025 cc_i_tgt=0.1000 cc_u=0.5015 cc_r=4.8934 cc_tau_ms=7.00
[  17.622] [STATUS] t_ms=279584 hwm=6 cap=256 dropped=0 dropped_total=5404 crc_err=0 crc_err_total=0 rate1=512 rate2=512 prod1=512 prod2=512 dac_err=0 tx_drop=0 hb_ms=0 sma_state=6 m7_us=288445197 m4_us=286250387 vdd=5.067 offset=0.5000 aref=3.145 loop_us_avg=94 loop_us_max=5354 loop_hz=10638 cycle_log_ms=1 n_cycle=4 cc=1 cc_hz=1027 cc_i_tgt=0.1000 cc_u=0.5000 cc_r=4.8636 cc_tau_ms=7.00
[  18.617] [STATUS] t_ms=280584 hwm=52 cap=256 dropped=0 dropped_total=5404 crc_err=0 crc_err_total=0 rate1=512 rate2=512 prod1=512 prod2=512 dac_err=0 tx_drop=0 hb_ms=0 sma_state=6 m7_us=289477071 m4_us=287282307 vdd=5.067 offset=0.5000 aref=3.145 loop_us_avg=99 loop_us_max=52593 loop_hz=10101 cycle_log_ms=1 n_cycle=4 cc=1 cc_hz=973 cc_i_tgt=0.1000 cc_u=0.5907 cc_r=5.8353 cc_tau_ms=7.00
[  19.565] [A
[  19.692] [STATUS] t_ms=281584 hwm=6 cap=256 dropped=0 dropped_total=5404 crc_err=0 crc_err_total=0 rate1=512 rate2=512 prod1=512 prod2=512 dac_err=0 tx_drop=0 hb_ms=0 sma_state=6 m7_us=290509034 m4_us=288314271 vdd=5.067 offset=0.5000 aref=3.145 loop_us_avg=94 loop_us_max=5363 loop_hz=10638 cycle_log_ms=1 n_cycle=4 cc=1 cc_hz=1027 cc_i_tgt=0.1000 cc_u=0.5000 cc_r=4.8996 cc_tau_ms=7.00
[  20.574] [ADC1] STAT
[  20.574] US alarm(s): 0x49
[  20.700] [STATUS] t_ms=282584 hwm=6 cap=256 dropped=0 dropped_total=5404 crc_err=0 crc_err_total=0 rate1=512 rate2=512 prod1=512 prod2=512 dac_err=0 tx_drop=0 hb_ms=0 sma_state=6 m7_us=291541024 m4_us=289346211 vdd=5.067 offset=0.5000 aref=3.145 loop_us_avg=92 loop_us_max=5364 loop_hz=10869 cycle_log_ms=1 n_cycle=4 cc=1 cc_hz=1027 cc_i_tgt=0.1000 cc_u=0.5398 cc_r=5.0173 cc_tau_ms=7.00
[  21.708] [STATUS] t_ms=283584 hwm=6 cap=256 dropped=0 dropped_total=5404 crc_err=0 crc_err_total=0 rate1=512 rate2=512 prod1=512 prod2=512 dac_err=0 tx_drop=0 hb_ms=0 sma_state=6 m7_us=292572981 m4_us=290378105 vdd=5.067 offset=0.5000 aref=3.145 loop_us_avg=94 loop_us_max=5375 loop_hz=10638 cycle_log_ms=1 n_cycle=4 cc=1 cc_hz=1027 cc_i_tgt=0.1000 cc_u=0.5000 cc_r=4.8713 cc_tau_ms=7.00
[  22.779] [STATUS] t_ms=284584 hwm=6 cap=256 dropped=0 dropped_total=5404 crc_err=0 crc_err_total=0 rate1=513 rate2=512 prod1=513 prod2=512 dac_err=0 tx_drop=0 hb_ms=0 sma_state=6 m7_us=293605009 m4_us=291411061 vdd=5.067 offset=0.5000 aref=3.145 loop_us_avg=94 loop_us_max=5359 loop_hz=10638 cycle_log_ms=1 n_cycle=4 cc=1 cc_hz=1027 cc_i_tgt=0.1000 cc_u=0.5000 cc_r=4.8297 cc_tau_ms=7.00
[  23.599] [A
[  23.789] [STATUS] t_ms=285584 hwm=5 cap=256 dropped=0 dropped_total=5404 crc_err=0 crc_err_total=0 rate1=512 rate2=512 prod1=512 prod2=512 dac_err=0 tx_drop=0 hb_ms=0 sma_state=6 m7_us=294637066 m4_us=292443054 vdd=5.067 offset=0.5000 aref=3.145 loop_us_avg=92 loop_us_max=5444 loop_hz=10869 cycle_log_ms=1 n_cycle=4 cc=1 cc_hz=1027 cc_i_tgt=0.1000 cc_u=0.5000 cc_r=4.8901 cc_tau_ms=7.00
[  24.607] [ADC1]
[  24.607] STATUS alarm(s):
[  24.797] [STATUS] t_ms=286584 hwm=5 cap=256 dropped=0 dropped_total=5404 crc_err=0 crc_err_total=0 rate1=512 rate2=512 prod1=512 prod2=512 dac_err=0 tx_drop=0 hb_ms=0 sma_state=6 m7_us=295669075 m4_us=293475042 vdd=5.067 offset=0.5000 aref=3.145 loop_us_avg=92 loop_us_max=5409 loop_hz=10869 cycle_log_ms=1 n_cycle=4 cc=1 cc_hz=1027 cc_i_tgt=0.1000 cc_u=0.5000 cc_r=4.8809 cc_tau_ms=7.00
[  25.871] [STATUS] t_ms=287584 hwm=5 cap=256 dropped=0 dropped_total=5404 crc_err=0 crc_err_total=0 rate1=512 rate2=512 prod1=512 prod2=512 dac_err=0 tx_drop=0 hb_ms=0 sma_state=6 m7_us=296701078 m4_us=294506994 vdd=5.067 offset=0.5000 aref=3.145 loop_us_avg=92 loop_us_max=5401 loop_hz=10869 cycle_log_ms=1 n_cycle=4 cc=1 cc_hz=1027 cc_i_tgt=0.1000 cc_u=0.5082 cc_r=4.9462 cc_tau_ms=7.00
[  26.882] [STATUS] t_ms=288584 hwm=5 cap=256 dropped=0 dropped_total=5404 crc_err=0 crc_err_total=0 rate1=512 rate2=512 prod1=512 prod2=512 dac_err=0 tx_drop=0 hb_ms=0 sma_state=6 m7_us=297733084 m4_us=295538946 vdd=5.067 offset=0.5000 aref=3.145 loop_us_avg=92 loop_us_max=5411 loop_hz=10869 cycle_log_ms=1 n_cycle=4 cc=1 cc_hz=1027 cc_i_tgt=0.1000 cc_u=0.5000 cc_r=4.8730 cc_tau_ms=7.00
[  27.575] [ADC1]
[  27.886] [STATUS] t_ms=289584 hwm=5 cap=256 dropped=0 dropped_total=5404 crc_err=0 crc_err_total=0 rate1=512 rate2=512 prod1=512 prod2=512 dac_err=0 tx_drop=0 hb_ms=0 sma_state=6 m7_us=298765192 m4_us=296570878 vdd=5.067 offset=0.5000 aref=3.145 loop_us_avg=93 loop_us_max=5504 loop_hz=10752 cycle_log_ms=1 n_cycle=4 cc=1 cc_hz=1027 cc_i_tgt=0.1000 cc_u=0.5000 cc_r=4.8399 cc_tau_ms=7.00
[  28.581] [ADC1] STATUS alar
[  28.581] ALM
[  28.959] [STATUS] t_ms=290584 hwm=5 cap=256 dropped=0 dropped_total=5404 crc_err=0 crc_err_total=0 rate1=512 rate2=512 prod1=512 prod2=512 dac_err=0 tx_drop=0 hb_ms=0 sma_state=6 m7_us=299797186 m4_us=297602830 vdd=5.067 offset=0.5000 aref=3.145 loop_us_avg=93 loop_us_max=5400 loop_hz=10752 cycle_log_ms=1 n_cycle=4 cc=1 cc_hz=1027 cc_i_tgt=0.1000 cc_u=0.5034 cc_r=4.9157 cc_tau_ms=7.00
[  29.969] [STATUS] t_ms=291584 hwm=5 cap=256 dropped=0 dropped_total=5404 crc_err=0 crc_err_total=0 rate1=511 rate2=512 prod1=511 prod2=512 dac_err=0 tx_drop=0 hb_ms=0 sma_state=6 m7_us=300828507 m4_us=298633743 vdd=5.067 offset=0.5000 aref=3.145 loop_us_avg=94 loop_us_max=5520 loop_hz=10638 cycle_log_ms=1 n_cycle=4 cc=1 cc_hz=1025 cc_i_tgt=0.1000 cc_u=0.5000 cc_r=4.8639 cc_tau_ms=7.00
[  30.599] [ADC1] S
[  31.040] [STATUS] t_ms=292584 hwm=6 cap=256 dropped=0 dropped_total=5404 crc_err=0 crc_err_total=0 rate1=512 rate2=512 prod1=512 prod2=512 dac_err=0 tx_drop=0 hb_ms=0 sma_state=6 m7_us=301860531 m4_us=299665702 vdd=5.067 offset=0.5000 aref=3.145 loop_us_avg=93 loop_us_max=5362 loop_hz=10752 cycle_log_ms=1 n_cycle=4 cc=1 cc_hz=1027 cc_i_tgt=0.1000 cc_u=0.5073 cc_r=4.8875 cc_tau_ms=7.00
[  31.606] [SMA] [ACT] heat n=3/6 I=350.0mA ms=300
[  31.919] [SMA] [ACT] cool n=3/6 I=100.0mA ms=15000
[  32.044] [STATUS] t_ms=293584 hwm=6 cap=256 dropped=0 dropped_total=5404 crc_err=0 crc_err_total=0 rate1=512 rate2=512 prod1=512 prod2=512 dac_err=0 tx_drop=0 hb_ms=0 sma_state=6 m7_us=302892502 m4_us=300697638 vdd=5.067 offset=0.5000 aref=3.145 loop_us_avg=94 loop_us_max=5424 loop_hz=10638 cycle_log_ms=1 n_cycle=4 cc=1 cc_hz=1025 cc_i_tgt=0.1000 cc_u=0.5000 cc_r=4.7295 cc_tau_ms=7.00
[  33.056] [STATUS] t_ms=294584 hwm=6 cap=256 dropped=0 dropped_total=5404 crc_err=0 crc_err_total=0 rate1=512 rate2=512 prod1=512 prod2=512 dac_err=0 tx_drop=0 hb_ms=0 sma_state=6 m7_us=303924446 m4_us=301729593 vdd=5.067 offset=0.5000 aref=3.145 loop_us_avg=92 loop_us_max=5347 loop_hz=10869 cycle_log_ms=1 n_cycle=4 cc=1 cc_hz=1027 cc_i_tgt=0.1000 cc_u=0.5000 cc_r=4.9020 cc_tau_ms=7.00
[  34.125] [STATUS] t_ms=295584 hwm=6 cap=256 dropped=0 dropped_total=5404 crc_err=0 crc_err_total=0 rate1=513 rate2=512 prod1=513 prod2=512 dac_err=0 tx_drop=0 hb_ms=0 sma_state=6 m7_us=304956531 m4_us=302762549 vdd=5.067 offset=0.5000 aref=3.145 loop_us_avg=92 loop_us_max=5422 loop_hz=10869 cycle_log_ms=1 n_cycle=4 cc=1 cc_hz=1027 cc_i_tgt=0.1000 cc_u=0.5000 cc_r=4.8626 cc_tau_ms=7.00
[  34.687] [ADC1]
[  35.129] [STATUS] t_ms=296584 hwm=5 cap=256 dropped=0 dropped_total=5404 crc_err=0 crc_err_total=0 rate1=512 rate2=512 prod1=512 prod2=512 dac_err=0 tx_drop=0 hb_ms=0 sma_state=6 m7_us=305988560 m4_us=303794523 vdd=5.067 offset=0.5000 aref=3.145 loop_us_avg=93 loop_us_max=5409 loop_hz=10752 cycle_log_ms=1 n_cycle=4 cc=1 cc_hz=1027 cc_i_tgt=0.1000 cc_u=0.5000 cc_r=4.8905 cc_tau_ms=7.00
[  35.636] [ADC1] STATUS alarm(s
[  36.142] [STATUS] t_ms=297584 hwm=5 cap=256 dropped=0 dropped_total=5404 crc_err=0 crc_err_total=0 rate1=512 rate2=512 prod1=512 prod2=512 dac_err=0 tx_drop=0 hb_ms=0 sma_state=6 m7_us=307020595 m4_us=304826459 vdd=5.067 offset=0.5000 aref=3.145 loop_us_avg=94 loop_us_max=5407 loop_hz=10638 cycle_log_ms=1 n_cycle=4 cc=1 cc_hz=1027 cc_i_tgt=0.1000 cc_u=0.5000 cc_r=4.8739 cc_tau_ms=7.00
[  37.214] [STATUS] t_ms=298584 hwm=5 cap=256 dropped=0 dropped_total=5404 crc_err=0 crc_err_total=0 rate1=512 rate2=512 prod1=512 prod2=512 dac_err=0 tx_drop=0 hb_ms=0 sma_state=6 m7_us=308052611 m4_us=305858427 vdd=5.067 offset=0.5000 aref=3.145 loop_us_avg=94 loop_us_max=5402 loop_hz=10638 cycle_log_ms=1 n_cycle=4 cc=1 cc_hz=1027 cc_i_tgt=0.1000 cc_u=0.5000 cc_r=4.9104 cc_tau_ms=7.00
[  38.224] [STATUS] t_ms=299584 hwm=5 cap=256 dropped=0 dropped_total=5404 crc_err=0 crc_err_total=0 rate1=512 rate2=512 prod1=512 prod2=512 dac_err=0 tx_drop=0 hb_ms=0 sma_state=6 m7_us=309084625 m4_us=306890395 vdd=5.067 offset=0.5000 aref=3.145 loop_us_avg=94 loop_us_max=5399 loop_hz=10638 cycle_log_ms=1 n_cycle=4 cc=1 cc_hz=1027 cc_i_tgt=0.1000 cc_u=0.5085 cc_r=4.9835 cc_tau_ms=7.00
[  38.666] [ADC1] ST
[  39.294] [STATUS] t_ms=300584 hwm=5 cap=256 dropped=0 dropped_total=5404 crc_err=0 crc_err_total=0 rate1=512 rate2=512 prod1=512 prod2=512 dac_err=0 tx_drop=0 hb_ms=0 sma_state=6 m7_us=310116659 m4_us=307922347 vdd=5.067 offset=0.5000 aref=3.145 loop_us_avg=93 loop_us_max=5401 loop_hz=10752 cycle_log_ms=1 n_cycle=4 cc=1 cc_hz=1027 cc_i_tgt=0.1000 cc_u=0.5000 cc_r=4.9498 cc_tau_ms=7.00
[  39.673] [ADC1] STATUS alarm(s):
[  40.305] [STATUS] t_ms=301584 hwm=5 cap=256 dropped=0 dropped_total=5404 crc_err=0 crc_err_total=0 rate1=512 rate2=512 prod1=512 prod2=512 dac_err=0 tx_drop=0 hb_ms=0 sma_state=6 m7_us=311148664 m4_us=308954322 vdd=5.067 offset=0.5000 aref=3.145 loop_us_avg=92 loop_us_max=5415 loop_hz=10869 cycle_log_ms=1 n_cycle=4 cc=1 cc_hz=1027 cc_i_tgt=0.1000 cc_u=0.5055 cc_r=4.8918 cc_tau_ms=7.00
[  41.318] [STATUS] t_ms=302584 hwm=5 cap=256 dropped=0 dropped_total=5404 crc_err=0 crc_err_total=0 rate1=511 rate2=512 prod1=511 prod2=512 dac_err=0 tx_drop=0 hb_ms=0 sma_state=6 m7_us=312179863 m4_us=309985257 vdd=5.067 offset=0.5000 aref=3.145 loop_us_avg=92 loop_us_max=5424 loop_hz=10869 cycle_log_ms=1 n_cycle=4 cc=1 cc_hz=1026 cc_i_tgt=0.1000 cc_u=0.5054 cc_r=4.9376 cc_tau_ms=7.00
[  41.695] [ADC1] STAT
[  42.389] [STATUS] t_ms=303584 hwm=6 cap=256 dropped=0 dropped_total=5404 crc_err=0 crc_err_total=0 rate1=512 rate2=512 prod1=512 prod2=512 dac_err=0 tx_drop=0 hb_ms=0 sma_state=6 m7_us=313211960 m4_us=311017193 vdd=5.067 offset=0.5000 aref=3.145 loop_us_avg=94 loop_us_max=5330 loop_hz=10638 cycle_log_ms=1 n_cycle=4 cc=1 cc_hz=1026 cc_i_tgt=0.1000 cc_u=0.5088 cc_r=4.8594 cc_tau_ms=7.00
[  43.402] [STATUS] t_ms=304584 hwm=6 cap=256 dropped=0 dropped_total=5404 crc_err=0 crc_err_total=0 rate1=512 rate2=512 prod1=512 prod2=512 dac_err=0 tx_drop=0 hb_ms=0 sma_state=6 m7_us=314243929 m4_us=312049116 vdd=5.067 offset=0.5000 aref=3.145 loop_us_avg=93 loop_us_max=5363 loop_hz=10752 cycle_log_ms=1 n_cycle=4 cc=1 cc_hz=1027 cc_i_tgt=0.1000 cc_u=0.5000 cc_r=4.8913 cc_tau_ms=7.00
[  44.407] [STATUS] t_ms=305584 hwm=6 cap=256 dropped=0 dropped_total=5404 crc_err=0 crc_err_total=0 rate1=512 rate2=512 prod1=512 prod2=512 dac_err=0 tx_drop=0 hb_ms=0 sma_state=6 m7_us=315275889 m4_us=313081027 vdd=5.067 offset=0.5000 aref=3.145 loop_us_avg=92 loop_us_max=5354 loop_hz=10869 cycle_log_ms=1 n_cycle=4 cc=1 cc_hz=1027 cc_i_tgt=0.1000 cc_u=0.5008 cc_r=4.9692 cc_tau_ms=7.00
[  45.478] [STATUS] t_ms=306584 hwm=6 cap=256 dropped=0 dropped_total=5404 crc_err=0 crc_err_total=0 rate1=513 rate2=512 prod1=513 prod2=512 dac_err=0 tx_drop=0 hb_ms=0 sma_state=6 m7_us=316307929 m4_us=314113918 vdd=5.067 offset=0.5000 aref=3.145 loop_us_avg=93 loop_us_max=5377 loop_hz=10752 cycle_log_ms=1 n_cycle=4 cc=1 cc_hz=1027 cc_i_tgt=0.1000 cc_u=0.5000 cc_r=4.9146 cc_tau_ms=7.00
[  45.729] [ADC1] STA
[  45.729] TUS alarm(s): 0x49
[  46.485] [STATUS] t_ms=307584 hwm=5 cap=256 dropped=0 dropped_total=5404 crc_err=0 crc_err_total=0 rate1=512 rate2=512 prod1=512 prod2=512 dac_err=0 tx_drop=0 hb_ms=0 sma_state=6 m7_us=317339953 m4_us=315145842 vdd=5.067 offset=0.5000 aref=3.145 loop_us_avg=92 loop_us_max=5416 loop_hz=10869 cycle_log_ms=1 n_cycle=4 cc=1 cc_hz=1027 cc_i_tgt=0.1000 cc_u=0.5024 cc_r=4.8273 cc_tau_ms=7.00
[  47.428] [SMA] [ACT] heat n=4/6 I=350.0mA ms=300
[  47.556] [STATUS] t_ms=308584 hwm=5 cap=256 dropped=0 dropped_total=5404 crc_err=0 crc_err_total=0 rate1=512 rate2=512 prod1=512 prod2=512 dac_err=0 tx_drop=0 hb_ms=0 sma_state=5 m7_us=318371988 m4_us=316177774 vdd=5.067 offset=0.5000 aref=3.145 loop_us_avg=92 loop_us_max=5404 loop_hz=10869 cycle_log_ms=1 n_cycle=4 cc=1 cc_hz=1026 cc_i_tgt=0.3500 cc_u=1.4821 cc_r=4.5045 cc_tau_ms=7.00
[  47.682] [SMA] [ACT] cool n=4/6 I=100.0mA ms=15000
[  48.631] [STATUS] t_ms=309634 hwm=65 cap=256 dropped=0 dropped_total=5404 crc_err=0 crc_err_total=0 rate1=510 rate2=510 prod1=511 prod2=512 dac_err=0 tx_drop=0 hb_ms=0 sma_state=6 m7_us=319455004 m4_us=317258030 vdd=5.067 offset=0.5000 aref=3.145 loop_us_avg=99 loop_us_max=65330 loop_hz=10101 cycle_log_ms=1 n_cycle=4 cc=1 cc_hz=1011 cc_i_tgt=0.1000 cc_u=0.5384 cc_r=5.0855 cc_tau_ms=7.00
[  48.759] [AD
[  48.759] C1] STATUS alarm(
[  49.638] [STATUS] t_ms=310634 hwm=7 cap=256 dropped=0 dropped_total=5404 crc_err=0 crc_err_total=0 rate1=513 rate2=513 prod1=512 prod2=512 dac_err=0 tx_drop=0 hb_ms=0 sma_state=6 m7_us=320487381 m4_us=318292915 vdd=5.067 offset=0.5000 aref=3.145 loop_us_avg=93 loop_us_max=6951 loop_hz=10752 cycle_log_ms=1 n_cycle=4 cc=1 cc_hz=1026 cc_i_tgt=0.1000 cc_u=0.5009 cc_r=4.9395 cc_tau_ms=7.00
[  50.651] [STATUS] t_ms=311634 hwm=5 cap=256 dropped=0 dropped_total=5404 crc_err=0 crc_err_total=0 rate1=512 rate2=511 prod1=512 prod2=512 dac_err=0 tx_drop=0 hb_ms=0 sma_state=6 m7_us=321518732 m4_us=319323829 vdd=5.067 offset=0.5000 aref=3.145 loop_us_avg=94 loop_us_max=5446 loop_hz=10638 cycle_log_ms=1 n_cycle=4 cc=1 cc_hz=1026 cc_i_tgt=0.1000 cc_u=0.5000 cc_r=4.8465 cc_tau_ms=7.00
[  51.726] [STATUS] t_ms=312634 hwm=6 cap=256 dropped=0 dropped_total=5404 crc_err=0 crc_err_total=0 rate1=512 rate2=513 prod1=512 prod2=512 dac_err=0 tx_drop=0 hb_ms=0 sma_state=6 m7_us=322551236 m4_us=320356758 vdd=5.067 offset=0.5000 aref=3.145 loop_us_avg=93 loop_us_max=5398 loop_hz=10752 cycle_log_ms=1 n_cycle=4 cc=1 cc_hz=1026 cc_i_tgt=0.1000 cc_u=0.5000 cc_r=4.8443 cc_tau_ms=7.00
[  51.789] [ADC
[  51.789] 1] STATUS alarm(s):
[  52.732] [STATUS] t_ms=313634 hwm=5 cap=256 dropped=0 dropped_total=5404 crc_err=0 crc_err_total=0 rate1=512 rate2=511 prod1=512 prod2=512 dac_err=0 tx_drop=0 hb_ms=0 sma_state=6 m7_us=323582617 m4_us=321387707 vdd=5.067 offset=0.5000 aref=3.145 loop_us_avg=92 loop_us_max=5409 loop_hz=10869 cycle_log_ms=1 n_cycle=4 cc=1 cc_hz=1026 cc_i_tgt=0.1000 cc_u=0.5000 cc_r=4.8671 cc_tau_ms=7.00
[  53.746] [STATUS] t_ms=314634 hwm=6 cap=256 dropped=0 dropped_total=5404 crc_err=0 crc_err_total=0 rate1=512 rate2=513 prod1=512 prod2=512 dac_err=0 tx_drop=0 hb_ms=0 sma_state=6 m7_us=324615125 m4_us=322420659 vdd=5.067 offset=0.5000 aref=3.145 loop_us_avg=93 loop_us_max=5398 loop_hz=10752 cycle_log_ms=1 n_cycle=4 cc=1 cc_hz=1026 cc_i_tgt=0.1000 cc_u=0.5000 cc_r=4.8459 cc_tau_ms=7.00
[  54.812] [STATUS] t_ms=315634 hwm=5 cap=256 dropped=0 dropped_total=5404 crc_err=0 crc_err_total=0 rate1=512 rate2=511 prod1=512 prod2=512 dac_err=0 tx_drop=0 hb_ms=0 sma_state=6 m7_us=325646440 m4_us=323451534 vdd=5.067 offset=0.5000 aref=3.145 loop_us_avg=92 loop_us_max=5395 loop_hz=10869 cycle_log_ms=1 n_cycle=4 cc=1 cc_hz=1026 cc_i_tgt=0.1000 cc_u=0.5009 cc_r=4.8495 cc_tau_ms=7.00
[  54.812] [AD
[  54.812] C1] STATUS alarm(s)
[  55.822] [STATUS] t_ms=316634 hwm=6 cap=256 dropped=0 dropped_total=5404 crc_err=0 crc_err_total=0 rate1=512 rate2=513 prod1=512 prod2=512 dac_err=0 tx_drop=0 hb_ms=0 sma_state=6 m7_us=326678940 m4_us=324484467 vdd=5.067 offset=0.5000 aref=3.145 loop_us_avg=93 loop_us_max=5460 loop_hz=10752 cycle_log_ms=1 n_cycle=4 cc=1 cc_hz=1026 cc_i_tgt=0.1000 cc_u=0.5112 cc_r=4.9135 cc_tau_ms=7.00
[  56.832] [ADC1] STAT
[  56.832] [STATUS] t_ms=317634 hwm=5 cap=256 dropped=0 dropped_total=5404 crc_err=0 crc_err_total=0 rate1=512 rate2=511 prod1=512 prod2=512 dac_err=0 tx_drop=0 hb_ms=0 sma_state=6 m7_us=327710307 m4_us=325515406 vdd=5.067 offset=0.5000 aref=3.145 loop_us_avg=94 loop_us_max=5404 loop_hz=10638 cycle_log_ms=1 n_cycle=4 cc=1 cc_hz=1026 cc_i_tgt=0.1000 cc_u=0.5000 cc_r=4.8562 cc_tau_ms=7.00
[  57.901] [STATUS] t_ms=318634 hwm=6 cap=256 dropped=0 dropped_total=5404 crc_err=0 crc_err_total=0 rate1=512 rate2=513 prod1=512 prod2=512 dac_err=0 tx_drop=0 hb_ms=0 sma_state=6 m7_us=328742808 m4_us=326548339 vdd=5.067 offset=0.5000 aref=3.145 loop_us_avg=94 loop_us_max=5408 loop_hz=10638 cycle_log_ms=1 n_cycle=4 cc=1 cc_hz=1026 cc_i_tgt=0.1000 cc_u=0.5143 cc_r=4.9617 cc_tau_ms=7.00
[  58.913] [STATUS] t_ms=319634 hwm=5 cap=256 dropped=0 dropped_total=5404 crc_err=0 crc_err_total=0 rate1=512 rate2=511 prod1=512 prod2=511 dac_err=0 tx_drop=0 hb_ms=0 sma_state=6 m7_us=329774024 m4_us=327579221 vdd=5.067 offset=0.5000 aref=3.145 loop_us_avg=93 loop_us_max=5425 loop_hz=10752 cycle_log_ms=1 n_cycle=4 cc=1 cc_hz=1026 cc_i_tgt=0.1000 cc_u=0.5006 cc_r=4.8946 cc_tau_ms=7.00
[  59.856] [ADC1]
[  59.856] STATUS alarm(s): 0
[  59.982] [STATUS] t_ms=320634 hwm=6 cap=256 dropped=0 dropped_total=5404 crc_err=0 crc_err_total=0 rate1=512 rate2=513 prod1=512 prod2=513 dac_err=0 tx_drop=0 hb_ms=0 sma_state=6 m7_us=330806657 m4_us=328612172 vdd=5.067 offset=0.5000 aref=3.145 loop_us_avg=92 loop_us_max=5319 loop_hz=10869 cycle_log_ms=1 n_cycle=4 cc=1 cc_hz=1025 cc_i_tgt=0.1000 cc_u=0.5016 cc_r=4.9137 cc_tau_ms=7.00
[  60.994] [STATUS] t_ms=321634 hwm=5 cap=256 dropped=0 dropped_total=5404 crc_err=0 crc_err_total=0 rate1=512 rate2=511 prod1=512 prod2=512 dac_err=0 tx_drop=0 hb_ms=0 sma_state=6 m7_us=331837987 m4_us=329643074 vdd=5.067 offset=0.5000 aref=3.145 loop_us_avg=91 loop_us_max=5432 loop_hz=10989 cycle_log_ms=1 n_cycle=4 cc=1 cc_hz=1026 cc_i_tgt=0.1000 cc_u=0.5043 cc_r=4.8988 cc_tau_ms=7.00
[  62.006] [STATUS] t_ms=322634 hwm=6 cap=256 dropped=0 dropped_total=5404 crc_err=0 crc_err_total=0 rate1=512 rate2=513 prod1=512 prod2=512 dac_err=0 tx_drop=0 hb_ms=0 sma_state=6 m7_us=332870480 m4_us=330676006 vdd=5.067 offset=0.5000 aref=3.145 loop_us_avg=93 loop_us_max=5413 loop_hz=10752 cycle_log_ms=1 n_cycle=4 cc=1 cc_hz=1026 cc_i_tgt=0.1000 cc_u=0.5000 cc_r=4.8372 cc_tau_ms=7.00
[  62.893] [ADC1] S
[  62.893] TATUS alarm(s): 0x
[  63.083] [STATUS] t_ms=323634 hwm=5 cap=256 dropped=0 dropped_total=5404 crc_err=0 crc_err_total=0 rate1=512 rate2=511 prod1=512 prod2=512 dac_err=0 tx_drop=0 hb_ms=0 sma_state=6 m7_us=333901832 m4_us=331706914 vdd=5.067 offset=0.5000 aref=3.145 loop_us_avg=94 loop_us_max=5415 loop_hz=10638 cycle_log_ms=1 n_cycle=4 cc=1 cc_hz=1026 cc_i_tgt=0.1000 cc_u=0.5000 cc_r=4.8641 cc_tau_ms=7.00
[  63.210] [SMA] [ACT] heat n=5/6 I=350.0mA ms=300
[  63.527] [SMA] [ACT] cool n=5/6 I=100.0mA ms=15000
[  64.096] [STATUS] t_ms=324634 hwm=6 cap=256 dropped=0 dropped_total=5404 crc_err=0 crc_err_total=0 rate1=512 rate2=513 prod1=512 prod2=512 dac_err=0 tx_drop=0 hb_ms=0 sma_state=6 m7_us=334934288 m4_us=332739827 vdd=5.067 offset=0.5000 aref=3.145 loop_us_avg=92 loop_us_max=5407 loop_hz=10869 cycle_log_ms=1 n_cycle=4 cc=1 cc_hz=1023 cc_i_tgt=0.1000 cc_u=0.5000 cc_r=4.8049 cc_tau_ms=7.00
[  65.106] [STATUS] t_ms=325634 hwm=5 cap=256 dropped=0 dropped_total=5404 crc_err=0 crc_err_total=0 rate1=512 rate2=511 prod1=512 prod2=512 dac_err=0 tx_drop=0 hb_ms=0 sma_state=6 m7_us=335965657 m4_us=333770754 vdd=5.067 offset=0.5000 aref=3.145 loop_us_avg=93 loop_us_max=5396 loop_hz=10752 cycle_log_ms=1 n_cycle=4 cc=1 cc_hz=1026 cc_i_tgt=0.1000 cc_u=0.5000 cc_r=4.8613 cc_tau_ms=7.00
[  66.175] [STATUS] t_ms=326634 hwm=6 cap=256 dropped=0 dropped_total=5404 crc_err=0 crc_err_total=0 rate1=512 rate2=513 prod1=512 prod2=512 dac_err=0 tx_drop=0 hb_ms=0 sma_state=6 m7_us=336998157 m4_us=334803689 vdd=5.067 offset=0.5000 aref=3.145 loop_us_avg=92 loop_us_max=5405 loop_hz=10869 cycle_log_ms=1 n_cycle=4 cc=1 cc_hz=1026 cc_i_tgt=0.1000 cc_u=0.5000 cc_r=4.8709 cc_tau_ms=7.00
[  67.183] [STATUS] t_ms=327634 hwm=5 cap=256 dropped=0 dropped_total=5404 crc_err=0 crc_err_total=0 rate1=512 rate2=511 prod1=512 prod2=512 dac_err=0 tx_drop=0 hb_ms=0 sma_state=6 m7_us=338029497 m4_us=335834594 vdd=5.067 offset=0.5000 aref=3.145 loop_us_avg=94 loop_us_max=5397 loop_hz=10638 cycle_log_ms=1 n_cycle=4 cc=1 cc_hz=1026 cc_i_tgt=0.1000 cc_u=0.5919 cc_r=5.3648 cc_tau_ms=7.00
[  68.194] [STATUS] t_ms=328634 hwm=6 cap=256 dropped=0 dropped_total=5404 crc_err=0 crc_err_total=0 rate1=512 rate2=513 prod1=512 prod2=512 dac_err=0 tx_drop=0 hb_ms=0 sma_state=6 m7_us=339061984 m4_us=336867510 vdd=5.067 offset=0.5000 aref=3.145 loop_us_avg=94 loop_us_max=5409 loop_hz=10638 cycle_log_ms=1 n_cycle=4 cc=1 cc_hz=1026 cc_i_tgt=0.1000 cc_u=0.5961 cc_r=5.7505 cc_tau_ms=7.00
[  69.263] [STATUS] t_ms=329634 hwm=5 cap=256 dropped=0 dropped_total=5404 crc_err=0 crc_err_total=0 rate1=512 rate2=511 prod1=512 prod2=512 dac_err=0 tx_drop=0 hb_ms=0 sma_state=6 m7_us=340093266 m4_us=337898360 vdd=5.067 offset=0.5000 aref=3.145 loop_us_avg=92 loop_us_max=5399 loop_hz=10869 cycle_log_ms=1 n_cycle=4 cc=1 cc_hz=1026 cc_i_tgt=0.1000 cc_u=0.6160 cc_r=6.1528 cc_tau_ms=7.00
[  69.958] [ADC1] STA
[  70.273] [STATUS] t_ms=330634 hwm=6 cap=256 dropped=0 dropped_total=5404 crc_err=0 crc_err_total=0 rate1=512 rate2=513 prod1=512 prod2=512 dac_err=0 tx_drop=0 hb_ms=0 sma_state=6 m7_us=341125731 m4_us=338931267 vdd=5.067 offset=0.5000 aref=3.145 loop_us_avg=94 loop_us_max=5407 loop_hz=10638 cycle_log_ms=1 n_cycle=4 cc=1 cc_hz=1026 cc_i_tgt=0.1000 cc_u=0.6027 cc_r=6.0739 cc_tau_ms=7.00
[  71.285] [STATUS] t_ms=331634 hwm=5 cap=256 dropped=0 dropped_total=5404 crc_err=0 crc_err_total=0 rate1=512 rate2=511 prod1=512 prod2=512 dac_err=0 tx_drop=0 hb_ms=0 sma_state=6 m7_us=342157101 m4_us=339962184 vdd=5.067 offset=0.5000 aref=3.145 loop_us_avg=92 loop_us_max=5408 loop_hz=10869 cycle_log_ms=1 n_cycle=4 cc=1 cc_hz=1026 cc_i_tgt=0.1000 cc_u=0.5836 cc_r=5.9055 cc_tau_ms=7.00
[  72.357] [STATUS] t_ms=332634 hwm=6 cap=256 dropped=0 dropped_total=5404 crc_err=0 crc_err_total=0 rate1=512 rate2=513 prod1=512 prod2=512 dac_err=0 tx_drop=0 hb_ms=0 sma_state=6 m7_us=343189581 m4_us=340995116 vdd=5.067 offset=0.5000 aref=3.145 loop_us_avg=92 loop_us_max=5424 loop_hz=10869 cycle_log_ms=1 n_cycle=4 cc=1 cc_hz=1025 cc_i_tgt=0.1000 cc_u=0.5101 cc_r=4.9355 cc_tau_ms=7.00
[  72.925] [ADC1] S
[  73.370] [STATUS] t_ms=333634 hwm=5 cap=256 dropped=0 dropped_total=5404 crc_err=0 crc_err_total=0 rate1=512 rate2=511 prod1=512 prod2=511 dac_err=0 tx_drop=0 hb_ms=0 sma_state=6 m7_us=344220776 m4_us=342025960 vdd=5.067 offset=0.5000 aref=3.145 loop_us_avg=93 loop_us_max=5400 loop_hz=10752 cycle_log_ms=1 n_cycle=4 cc=1 cc_hz=1026 cc_i_tgt=0.1000 cc_u=0.5000 cc_r=4.9381 cc_tau_ms=7.00
[  74.380] [STATUS] t_ms=334634 hwm=6 cap=256 dropped=0 dropped_total=5404 crc_err=0 crc_err_total=0 rate1=512 rate2=513 prod1=512 prod2=513 dac_err=0 tx_drop=0 hb_ms=0 sma_state=6 m7_us=345253317 m4_us=343058844 vdd=5.067 offset=0.5000 aref=3.145 loop_us_avg=92 loop_us_max=5330 loop_hz=10869 cycle_log_ms=1 n_cycle=4 cc=1 cc_hz=1026 cc_i_tgt=0.1000 cc_u=0.5000 cc_r=4.8964 cc_tau_ms=7.00
[  75.455] [STATUS] t_ms=335634 hwm=5 cap=256 dropped=0 dropped_total=5404 crc_err=0 crc_err_total=0 rate1=512 rate2=511 prod1=512 prod2=511 dac_err=0 tx_drop=0 hb_ms=0 sma_state=6 m7_us=346284525 m4_us=344089704 vdd=5.067 offset=0.5000 aref=3.145 loop_us_avg=94 loop_us_max=5403 loop_hz=10638 cycle_log_ms=1 n_cycle=4 cc=1 cc_hz=1026 cc_i_tgt=0.1000 cc_u=0.5004 cc_r=4.8651 cc_tau_ms=7.00
[  75.956] [ADC1] STAT
[  75.956] US alarm(s): 0x49
[  76.459] [STATUS] t_ms=336634 hwm=6 cap=256 dropped=0 dropped_total=5404 crc_err=0 crc_err_total=0 rate1=512 rate2=513 prod1=512 prod2=513 dac_err=0 tx_drop=0 hb_ms=0 sma_state=6 m7_us=347317140 m4_us=345122649 vdd=5.067 offset=0.5000 aref=3.145 loop_us_avg=93 loop_us_max=5324 loop_hz=10752 cycle_log_ms=1 n_cycle=4 cc=1 cc_hz=1026 cc_i_tgt=0.1000 cc_u=0.5062 cc_r=4.8889 cc_tau_ms=7.00
[  77.528] [STATUS] t_ms=337634 hwm=5 cap=256 dropped=0 dropped_total=5404 crc_err=0 crc_err_total=0 rate1=512 rate2=511 prod1=512 prod2=512 dac_err=0 tx_drop=0 hb_ms=0 sma_state=6 m7_us=348348476 m4_us=346153570 vdd=5.067 offset=0.5000 aref=3.145 loop_us_avg=92 loop_us_max=5424 loop_hz=10869 cycle_log_ms=1 n_cycle=4 cc=1 cc_hz=1026 cc_i_tgt=0.1000 cc_u=0.5000 cc_r=4.9670 cc_tau_ms=7.00
[  78.538] [STATUS] t_ms=338634 hwm=6 cap=256 dropped=0 dropped_total=5404 crc_err=0 crc_err_total=0 rate1=512 rate2=513 prod1=512 prod2=512 dac_err=0 tx_drop=0 hb_ms=0 sma_state=6 m7_us=349380962 m4_us=347186486 vdd=5.067 offset=0.5000 aref=3.145 loop_us_avg=93 loop_us_max=5396 loop_hz=10752 cycle_log_ms=1 n_cycle=4 cc=1 cc_hz=1026 cc_i_tgt=0.1000 cc_u=0.5000 cc_r=4.9319 cc_tau_ms=7.00
[  78.982] [SMA] [ACT] heat n=6/6 I=350.0mA ms=300
[  79.296] [SMA] [ACT] cool n=6/6 I=100.0mA ms=15000
[  79.548] [STATUS] t_ms=339634 hwm=5 cap=256 dropped=0 dropped_total=5404 crc_err=0 crc_err_total=0 rate1=512 rate2=512 prod1=512 prod2=512 dac_err=0 tx_drop=0 hb_ms=0 sma_state=6 m7_us=350412877 m4_us=348218409 vdd=5.067 offset=0.5000 aref=3.145 loop_us_avg=93 loop_us_max=5432 loop_hz=10752 cycle_log_ms=1 n_cycle=4 cc=1 cc_hz=1022 cc_i_tgt=0.1000 cc_u=0.5000 cc_r=4.8002 cc_tau_ms=7.00
[  80.565] [STATUS] t_ms=340634 hwm=5 cap=256 dropped=0 dropped_total=5404 crc_err=0 crc_err_total=0 rate1=512 rate2=511 prod1=512 prod2=512 dac_err=0 tx_drop=0 hb_ms=0 sma_state=6 m7_us=351444200 m4_us=349249298 vdd=5.067 offset=0.5000 aref=3.145 loop_us_avg=93 loop_us_max=5407 loop_hz=10752 cycle_log_ms=1 n_cycle=4 cc=1 cc_hz=1026 cc_i_tgt=0.1000 cc_u=0.5000 cc_r=4.8303 cc_tau_ms=7.00
[  81.008] [ADC1] S
[  81.008] TATUS alarm(s): 0
[  81.639] [STATUS] t_ms=341634 hwm=6 cap=256 dropped=0 dropped_total=5404 crc_err=0 crc_err_total=0 rate1=512 rate2=513 prod1=512 prod2=512 dac_err=0 tx_drop=0 hb_ms=0 sma_state=6 m7_us=352476672 m4_us=350282188 vdd=5.067 offset=0.5000 aref=3.145 loop_us_avg=94 loop_us_max=5409 loop_hz=10638 cycle_log_ms=1 n_cycle=4 cc=1 cc_hz=1026 cc_i_tgt=0.1000 cc_u=0.6439 cc_r=5.8377 cc_tau_ms=7.00
[  82.651] [STATUS] t_ms=342634 hwm=5 cap=256 dropped=0 dropped_total=5404 crc_err=0 crc_err_total=0 rate1=512 rate2=511 prod1=512 prod2=512 dac_err=0 tx_drop=0 hb_ms=0 sma_state=6 m7_us=353508005 m4_us=351313106 vdd=5.067 offset=0.5000 aref=3.145 loop_us_avg=92 loop_us_max=5405 loop_hz=10869 cycle_log_ms=1 n_cycle=4 cc=1 cc_hz=1026 cc_i_tgt=0.1000 cc_u=0.5000 cc_r=5.5977 cc_tau_ms=7.00
[  83.661] [STATUS] t_ms=343634 hwm=6 cap=256 dropped=0 dropped_total=5404 crc_err=0 crc_err_total=0 rate1=512 rate2=513 prod1=512 prod2=512 dac_err=0 tx_drop=0 hb_ms=0 sma_state=6 m7_us=354540480 m4_us=352346009 vdd=5.067 offset=0.5000 aref=3.145 loop_us_avg=93 loop_us_max=5398 loop_hz=10752 cycle_log_ms=1 n_cycle=4 cc=1 cc_hz=1026 cc_i_tgt=0.1000 cc_u=0.5000 cc_r=4.8576 cc_tau_ms=7.00
[  84.042] [ADC1] ST
[  84.042] ATUS alarm(s): 0x
[  84.732] [STATUS] t_ms=344634 hwm=5 cap=256 dropped=0 dropped_total=5404 crc_err=0 crc_err_total=0 rate1=512 rate2=511 prod1=512 prod2=512 dac_err=0 tx_drop=0 hb_ms=0 sma_state=6 m7_us=355571832 m4_us=353376923 vdd=5.067 offset=0.5000 aref=3.145 loop_us_avg=94 loop_us_max=5421 loop_hz=10638 cycle_log_ms=1 n_cycle=4 cc=1 cc_hz=1026 cc_i_tgt=0.1000 cc_u=0.5012 cc_r=4.8792 cc_tau_ms=7.00
[  85.764] [STATUS] t_ms=345634 hwm=87 cap=256 dropped=0 dropped_total=5404 crc_err=0 crc_err_total=0 rate1=511 rate2=513 prod1=512 prod2=512 dac_err=0 tx_drop=0 hb_ms=0 sma_state=6 m7_us=356604336 m4_us=354409865 vdd=5.067 offset=0.5000 aref=3.145 loop_us_avg=102 loop_us_max=88397 loop_hz=9803 cycle_log_ms=1 n_cycle=4 cc=1 cc_hz=936 cc_i_tgt=0.1000 cc_u=0.5020 cc_r=4.8528 cc_tau_ms=7.00
[  86.773] [STATUS] t_ms=346634 hwm=5 cap=256 dropped=0 dropped_total=5404 crc_err=0 crc_err_total=0 rate1=512 rate2=512 prod1=512 prod2=512 dac_err=0 tx_drop=0 hb_ms=0 sma_state=6 m7_us=357635674 m4_us=355441763 vdd=5.067 offset=0.5000 aref=3.145 loop_us_avg=92 loop_us_max=5403 loop_hz=10869 cycle_log_ms=1 n_cycle=4 cc=1 cc_hz=1026 cc_i_tgt=0.1000 cc_u=0.5169 cc_r=4.8956 cc_tau_ms=7.00
[  87.087] [ADC1] STATU
[  87.087] S alarm(s): 0xC9 PGA
[  87.087] L_ALM
[  87.842] [STATUS] t_ms=347634 hwm=5 cap=256 dropped=0 dropped_total=5404 crc_err=0 crc_err_total=0 rate1=512 rate2=512 prod1=512 prod2=512 dac_err=0 tx_drop=0 hb_ms=0 sma_state=6 m7_us=358668174 m4_us=356473702 vdd=5.067 offset=0.5000 aref=3.145 loop_us_avg=92 loop_us_max=5415 loop_hz=10869 cycle_log_ms=1 n_cycle=4 cc=1 cc_hz=1026 cc_i_tgt=0.1000 cc_u=0.5000 cc_r=4.8408 cc_tau_ms=7.00
[  88.848] [STATUS] t_ms=348634 hwm=5 cap=256 dropped=0 dropped_total=5404 crc_err=0 crc_err_total=0 rate1=512 rate2=511 prod1=512 prod2=512 dac_err=0 tx_drop=0 hb_ms=0 sma_state=6 m7_us=359699507 m4_us=357504594 vdd=5.067 offset=0.5000 aref=3.145 loop_us_avg=93 loop_us_max=5398 loop_hz=10752 cycle_log_ms=1 n_cycle=4 cc=1 cc_hz=1026 cc_i_tgt=0.1000 cc_u=0.5222 cc_r=4.9508 cc_tau_ms=7.00
[  89.859] [STATUS] t_ms=349634 hwm=6 cap=256 dropped=0 dropped_total=5404 crc_err=0 crc_err_total=0 rate1=512 rate2=513 prod1=512 prod2=512 dac_err=0 tx_drop=0 hb_ms=0 sma_state=6 m7_us=360731972 m4_us=358537503 vdd=5.067 offset=0.5000 aref=3.145 loop_us_avg=94 loop_us_max=5417 loop_hz=10638 cycle_log_ms=1 n_cycle=4 cc=1 cc_hz=1026 cc_i_tgt=0.1000 cc_u=0.5000 cc_r=4.8226 cc_tau_ms=7.00
[  90.112] [ADC1]
[  90.112] STATUS alarm(s):
[  90.929] [STATUS] t_ms=350634 hwm=5 cap=256 dropped=0 dropped_total=5404 crc_err=0 crc_err_total=0 rate1=512 rate2=511 prod1=512 prod2=512 dac_err=0 tx_drop=0 hb_ms=0 sma_state=6 m7_us=361763340 m4_us=359568434 vdd=5.067 offset=0.5000 aref=3.145 loop_us_avg=92 loop_us_max=5395 loop_hz=10869 cycle_log_ms=1 n_cycle=4 cc=1 cc_hz=1026 cc_i_tgt=0.1000 cc_u=0.5000 cc_r=5.7553 cc_tau_ms=7.00
[  91.935] [STATUS] t_ms=351634 hwm=6 cap=256 dropped=0 dropped_total=5404 crc_err=0 crc_err_total=0 rate1=512 rate2=513 prod1=512 prod2=512 dac_err=0 tx_drop=0 hb_ms=0 sma_state=6 m7_us=362795846 m4_us=360601363 vdd=5.067 offset=0.5000 aref=3.145 loop_us_avg=92 loop_us_max=5401 loop_hz=10869 cycle_log_ms=1 n_cycle=4 cc=1 cc_hz=1026 cc_i_tgt=0.1000 cc_u=0.5000 cc_r=4.8952 cc_tau_ms=7.00
[  92.992] [STATUS] t_ms=352634 hwm=5 cap=256 dropped=0 dropped_total=5404 crc_err=0 crc_err_total=0 rate1=512 rate2=511 prod1=512 prod2=512 dac_err=0 tx_drop=0 hb_ms=0 sma_state=6 m7_us=363827196 m4_us=361632290 vdd=5.067 offset=0.5000 aref=3.145 loop_us_avg=92 loop_us_max=5421 loop_hz=10869 cycle_log_ms=1 n_cycle=4 cc=1 cc_hz=1026 cc_i_tgt=0.1000 cc_u=0.5063 cc_r=4.8981 cc_tau_ms=7.00
[  93.118] [ADC1] ST
[  93.118] ATUS alarm(s): 0x49
[  94.002] [STATUS] t_ms=353634 hwm=6 cap=256 dropped=0 dropped_total=5404 crc_err=0 crc_err_total=0 rate1=512 rate2=513 prod1=512 prod2=512 dac_err=0 tx_drop=0 hb_ms=0 sma_state=6 m7_us=364859694 m4_us=362665219 vdd=5.067 offset=0.5000 aref=3.145 loop_us_avg=93 loop_us_max=5406 loop_hz=10752 cycle_log_ms=1 n_cycle=4 cc=1 cc_hz=1026 cc_i_tgt=0.1000 cc_u=0.5046 cc_r=4.9684 cc_tau_ms=7.00
[  94.760] [SMA] [ACT] -> idle (done) after 6 cycle(s); still armed
