[   0.050] [SMA] ARMED (MOSFET on); idle=0.500 V
[   0.050] [STATUS] t_ms=493369 hwm=256 cap=256 dropped=79 dropped_total=9689 crc_err=0 crc_err_total=0 rate1=376 rate2=376 prod1=472 prod2=473 dac_err=0 tx_drop=0 hb_ms=0 sma_state=0 m7_us=509060768 m4_us=506592051 vdd=5.067 offset=0.5000 aref=3.145 loop_us_avg=31 loop_us_max=337791 loop_hz=32258 cycle_log_ms=1 n_cycle=4 cc=0 cc_hz=0 cc_i_tgt=0.1000 cc_u=0.5040 cc_r=4.8931 cc_tau_ms=7.00
[   0.051] M
[   0.051] [ADC1]
[   0.051] STATUS alarm(s):
[   1.047] M
[   1.047] [ADC1] STATUS a
[   1.047] _AL
[   1.047] [STATUS] t_ms=494369 hwm=199 cap=256 dropped=0 dropped_total=9689 crc_err=0 crc_err_total=0 rate1=605 rate2=608 prod1=512 prod2=512 dac_err=0 tx_drop=0 hb_ms=0 sma_state=0 m7_us=510092700 m4_us=507898252 vdd=5.067 offset=0.5000 aref=3.145 loop_us_avg=22 loop_us_max=7895 loop_hz=45454 cycle_log_ms=1 n_cycle=4 cc=0 cc_hz=0 cc_i_tgt=0.1000 cc_u=0.5040 cc_r=4.8931 cc_tau_ms=7.00
[   2.048] M
[   2.048] [ADC1
[   2.048] ] STATUS alarm(s
[   0.061] [SMA] [CC] start i_high=550.0mA i_low=100.0mA t_high=300 t_idle=15000 n=6 (0=cont) tau_ms=7.0 wdt_ms=5000
[   0.061] [SMA] [ACT] heat n=1/6 I=550.0mA ms=300
[   0.061] [STATUS] t_ms=495369 hwm=5 cap=256 dropped=0 dropped_total=9689 crc_err=0 crc_err_total=0 rate1=513 rate2=512 prod1=513 prod2=512 dac_err=0 tx_drop=0 hb_ms=0 sma_state=5 m7_us=511125505 m4_us=508931381 vdd=5.067 offset=0.5000 aref=3.145 loop_us_avg=22 loop_us_max=4628 loop_hz=45454 cycle_log_ms=1 n_cycle=4 cc=1 cc_hz=14 cc_i_tgt=0.5500 cc_u=0.5515 cc_r=0.0000 cc_tau_ms=7.00
[   0.315] [SMA] [ACT] cool n=1/6 I=100.0mA ms=15000
[   1.002] M
[   1.064] [STATUS] t_ms=496369 hwm=5 cap=256 dropped=0 dropped_total=9689 crc_err=0 crc_err_total=0 rate1=512 rate2=512 prod1=512 prod2=512 dac_err=0 tx_drop=0 hb_ms=0 sma_state=6 m7_us=512157601 m4_us=509963490 vdd=5.067 offset=0.5000 aref=3.145 loop_us_avg=89 loop_us_max=5389 loop_hz=11235 cycle_log_ms=1 n_cycle=4 cc=1 cc_hz=1026 cc_i_tgt=0.1000 cc_u=0.6699 cc_r=6.8302 cc_tau_ms=7.00
[   2.012] M
[   2.012] [
[   2.139] [STATUS] t_ms=497369 hwm=5 cap=256 dropped=0 dropped_total=9689 crc_err=0 crc_err_total=0 rate1=512 rate2=512 prod1=512 prod2=512 dac_err=0 tx_drop=0 hb_ms=0 sma_state=6 m7_us=513189684 m4_us=510995560 vdd=5.067 offset=0.5000 aref=3.145 loop_us_avg=92 loop_us_max=5395 loop_hz=10869 cycle_log_ms=1 n_cycle=4 cc=1 cc_hz=1027 cc_i_tgt=0.1000 cc_u=0.5042 cc_r=4.8410 cc_tau_ms=7.00
[   3.027] M
[   3.027] [ADC1
[   3.027] ] STATUS alarm(s):
[   3.155] [STATUS] t_ms=498369 hwm=5 cap=256 dropped=0 dropped_total=9689 crc_err=0 crc_err_total=0 rate1=512 rate2=512 prod1=512 prod2=512 dac_err=0 tx_drop=0 hb_ms=0 sma_state=6 m7_us=514221697 m4_us=512027573 vdd=5.067 offset=0.5000 aref=3.145 loop_us_avg=94 loop_us_max=5402 loop_hz=10638 cycle_log_ms=1 n_cycle=4 cc=1 cc_hz=1027 cc_i_tgt=0.1000 cc_u=0.5000 cc_r=4.9531 cc_tau_ms=7.00
[   4.039] M
[   4.166] [STATUS] t_ms=499369 hwm=5 cap=256 dropped=0 dropped_total=9689 crc_err=0 crc_err_total=0 rate1=511 rate2=512 prod1=511 prod2=512 dac_err=0 tx_drop=0 hb_ms=0 sma_state=6 m7_us=515253116 m4_us=513058553 vdd=5.067 offset=0.5000 aref=3.145 loop_us_avg=93 loop_us_max=5395 loop_hz=10752 cycle_log_ms=1 n_cycle=4 cc=1 cc_hz=1026 cc_i_tgt=0.1000 cc_u=0.5000 cc_r=4.9010 cc_tau_ms=7.00
[   5.048] M
[   5.048] [ADC1] STATUS alarm(s
[   5.238] [STATUS] t_ms=500369 hwm=5 cap=256 dropped=0 dropped_total=9689 crc_err=0 crc_err_total=0 rate1=513 rate2=512 prod1=513 prod2=512 dac_err=0 tx_drop=0 hb_ms=0 sma_state=6 m7_us=516285636 m4_us=514091522 vdd=5.067 offset=0.5000 aref=3.145 loop_us_avg=93 loop_us_max=5404 loop_hz=10752 cycle_log_ms=1 n_cycle=4 cc=1 cc_hz=1026 cc_i_tgt=0.1000 cc_u=0.5000 cc_r=4.8321 cc_tau_ms=7.00
[   6.063] M
[   6.252] [STATUS] t_ms=501369 hwm=5 cap=256 dropped=0 dropped_total=9689 crc_err=0 crc_err_total=0 rate1=511 rate2=512 prod1=511 prod2=512 dac_err=0 tx_drop=0 hb_ms=0 sma_state=6 m7_us=517317033 m4_us=515122463 vdd=5.067 offset=0.5000 aref=3.145 loop_us_avg=92 loop_us_max=5416 loop_hz=10869 cycle_log_ms=1 n_cycle=4 cc=1 cc_hz=1026 cc_i_tgt=0.1000 cc_u=0.5094 cc_r=4.9156 cc_tau_ms=7.00
[   7.070] M
[   7.260] [STATUS] t_ms=502369 hwm=5 cap=256 dropped=0 dropped_total=9689 crc_err=0 crc_err_total=0 rate1=513 rate2=512 prod1=513 prod2=512 dac_err=0 tx_drop=0 hb_ms=0 sma_state=6 m7_us=518349479 m4_us=516155358 vdd=5.067 offset=0.5000 aref=3.145 loop_us_avg=93 loop_us_max=5396 loop_hz=10752 cycle_log_ms=1 n_cycle=4 cc=1 cc_hz=1026 cc_i_tgt=0.1000 cc_u=0.5000 cc_r=4.8672 cc_tau_ms=7.00
[   8.096] M
[   8.284] [STATUS] t_ms=503369 hwm=83 cap=256 dropped=0 dropped_total=9689 crc_err=0 crc_err_total=0 rate1=511 rate2=512 prod1=512 prod2=512 dac_err=0 tx_drop=0 hb_ms=0 sma_state=6 m7_us=519381812 m4_us=517187288 vdd=5.067 offset=0.5000 aref=3.145 loop_us_avg=100 loop_us_max=84245 loop_hz=10000 cycle_log_ms=1 n_cycle=4 cc=1 cc_hz=941 cc_i_tgt=0.1000 cc_u=0.5000 cc_r=4.9098 cc_tau_ms=7.00
[   9.110] M
[   9.110] [ADC1] S
[   9.361] [STATUS] t_ms=504369 hwm=5 cap=256 dropped=0 dropped_total=9689 crc_err=0 crc_err_total=0 rate1=512 rate2=512 prod1=512 prod2=512 dac_err=0 tx_drop=0 hb_ms=0 sma_state=6 m7_us=520413323 m4_us=518219198 vdd=5.067 offset=0.5000 aref=3.145 loop_us_avg=93 loop_us_max=5452 loop_hz=10752 cycle_log_ms=1 n_cycle=4 cc=1 cc_hz=1025 cc_i_tgt=0.1000 cc_u=0.5000 cc_r=4.9419 cc_tau_ms=7.00
[  10.114] M
[  10.366] [STATUS] t_ms=505369 hwm=5 cap=256 dropped=0 dropped_total=9689 crc_err=0 crc_err_total=0 rate1=511 rate2=512 prod1=511 prod2=512 dac_err=0 tx_drop=0 hb_ms=0 sma_state=6 m7_us=521444512 m4_us=519250044 vdd=5.067 offset=0.5000 aref=3.145 loop_us_avg=93 loop_us_max=5414 loop_hz=10752 cycle_log_ms=1 n_cycle=4 cc=1 cc_hz=1026 cc_i_tgt=0.1000 cc_u=0.5047 cc_r=4.8890 cc_tau_ms=7.00
[  11.121] M
[  11.436] [STATUS] t_ms=506369 hwm=5 cap=256 dropped=0 dropped_total=9689 crc_err=0 crc_err_total=0 rate1=513 rate2=512 prod1=513 prod2=512 dac_err=0 tx_drop=0 hb_ms=0 sma_state=6 m7_us=522477036 m4_us=520282917 vdd=5.067 offset=0.5000 aref=3.145 loop_us_avg=93 loop_us_max=5319 loop_hz=10752 cycle_log_ms=1 n_cycle=4 cc=1 cc_hz=1026 cc_i_tgt=0.1000 cc_u=0.5000 cc_r=4.8801 cc_tau_ms=7.00
[  12.131] M
[  12.131] [A
[  12.131] DC1] STATUS alarm(
[  12.445] [STATUS] t_ms=507369 hwm=5 cap=256 dropped=0 dropped_total=9689 crc_err=0 crc_err_total=0 rate1=511 rate2=512 prod1=511 prod2=512 dac_err=0 tx_drop=0 hb_ms=0 sma_state=6 m7_us=523508237 m4_us=521313788 vdd=5.067 offset=0.5000 aref=3.145 loop_us_avg=93 loop_us_max=5493 loop_hz=10752 cycle_log_ms=1 n_cycle=4 cc=1 cc_hz=1026 cc_i_tgt=0.1000 cc_u=0.5000 cc_r=4.8681 cc_tau_ms=7.00
[  13.143] M
[  13.459] [STATUS] t_ms=508369 hwm=5 cap=256 dropped=0 dropped_total=9689 crc_err=0 crc_err_total=0 rate1=513 rate2=512 prod1=513 prod2=512 dac_err=0 tx_drop=0 hb_ms=0 sma_state=6 m7_us=524540780 m4_us=522346654 vdd=5.067 offset=0.5000 aref=3.145 loop_us_avg=94 loop_us_max=5328 loop_hz=10638 cycle_log_ms=1 n_cycle=4 cc=1 cc_hz=1026 cc_i_tgt=0.1000 cc_u=0.5000 cc_r=4.8741 cc_tau_ms=7.00
[  14.155] M
[  14.471] [STATUS] t_ms=509369 hwm=5 cap=256 dropped=0 dropped_total=9689 crc_err=0 crc_err_total=0 rate1=511 rate2=512 prod1=511 prod2=512 dac_err=0 tx_drop=0 hb_ms=0 sma_state=6 m7_us=525571971 m4_us=523377507 vdd=5.067 offset=0.5000 aref=3.145 loop_us_avg=93 loop_us_max=5400 loop_hz=10752 cycle_log_ms=1 n_cycle=4 cc=1 cc_hz=1026 cc_i_tgt=0.1000 cc_u=0.5000 cc_r=4.9028 cc_tau_ms=7.00
[  15.161] M
[  15.161] [ADC1] ST
[  15.161] ATUS alarm(s): 0x49 P
[  15.161] GAL_AL
[  15.540] [STATUS] t_ms=510369 hwm=5 cap=256 dropped=0 dropped_total=9689 crc_err=0 crc_err_total=0 rate1=513 rate2=512 prod1=513 prod2=512 dac_err=0 tx_drop=0 hb_ms=0 sma_state=6 m7_us=526604462 m4_us=524410328 vdd=5.067 offset=0.5000 aref=3.145 loop_us_avg=93 loop_us_max=5329 loop_hz=10752 cycle_log_ms=1 n_cycle=4 cc=1 cc_hz=1026 cc_i_tgt=0.1000 cc_u=0.5141 cc_r=4.9027 cc_tau_ms=7.00
[  15.794] [SMA] [ACT] heat n=2/6 I=550.0mA ms=300
[  16.109] [SMA] [ACT] cool n=2/6 I=100.0mA ms=15000
[  16.173] M
[  16.554] [STATUS] t_ms=511369 hwm=5 cap=256 dropped=0 dropped_total=9689 crc_err=0 crc_err_total=0 rate1=511 rate2=512 prod1=511 prod2=512 dac_err=0 tx_drop=0 hb_ms=0 sma_state=6 m7_us=527635609 m4_us=525441148 vdd=5.067 offset=0.5000 aref=3.145 loop_us_avg=93 loop_us_max=5422 loop_hz=10752 cycle_log_ms=1 n_cycle=4 cc=1 cc_hz=1024 cc_i_tgt=0.1000 cc_u=0.5986 cc_r=5.5064 cc_tau_ms=7.00
[  17.178] M
[  17.615] [STATUS] t_ms=512369 hwm=5 cap=256 dropped=0 dropped_total=9689 crc_err=0 crc_err_total=0 rate1=513 rate2=512 prod1=513 prod2=512 dac_err=0 tx_drop=0 hb_ms=0 sma_state=6 m7_us=528668073 m4_us=526473963 vdd=5.067 offset=0.5000 aref=3.145 loop_us_avg=92 loop_us_max=5328 loop_hz=10869 cycle_log_ms=1 n_cycle=4 cc=1 cc_hz=1026 cc_i_tgt=0.1000 cc_u=0.5000 cc_r=4.9150 cc_tau_ms=7.00
[  18.185] M
[  18.185] [ADC1] ST
[  18.628] [STATUS] t_ms=513369 hwm=5 cap=256 dropped=0 dropped_total=9689 crc_err=0 crc_err_total=0 rate1=511 rate2=512 prod1=511 prod2=512 dac_err=0 tx_drop=0 hb_ms=0 sma_state=6 m7_us=529699258 m4_us=527504793 vdd=5.067 offset=0.5000 aref=3.145 loop_us_avg=92 loop_us_max=5398 loop_hz=10869 cycle_log_ms=1 n_cycle=4 cc=1 cc_hz=1026 cc_i_tgt=0.1000 cc_u=0.5000 cc_r=4.8694 cc_tau_ms=7.00
[  19.193] M
[  19.633] [STATUS] t_ms=514369 hwm=5 cap=256 dropped=0 dropped_total=9689 crc_err=0 crc_err_total=0 rate1=513 rate2=512 prod1=513 prod2=512 dac_err=0 tx_drop=0 hb_ms=0 sma_state=6 m7_us=530731761 m4_us=528537634 vdd=5.067 offset=0.5000 aref=3.145 loop_us_avg=94 loop_us_max=5337 loop_hz=10638 cycle_log_ms=1 n_cycle=4 cc=1 cc_hz=1026 cc_i_tgt=0.1000 cc_u=0.5038 cc_r=4.9248 cc_tau_ms=7.00
[  20.201] M
[  20.706] [STATUS] t_ms=515369 hwm=5 cap=256 dropped=0 dropped_total=9689 crc_err=0 crc_err_total=0 rate1=511 rate2=512 prod1=511 prod2=512 dac_err=0 tx_drop=0 hb_ms=0 sma_state=6 m7_us=531762937 m4_us=529568495 vdd=5.067 offset=0.5000 aref=3.145 loop_us_avg=91 loop_us_max=5493 loop_hz=10989 cycle_log_ms=1 n_cycle=4 cc=1 cc_hz=1026 cc_i_tgt=0.1000 cc_u=0.5053 cc_r=4.9035 cc_tau_ms=7.00
[  21.151] M
[  21.151] [ADC1
[  21.151] ] STATUS alarm(s)
[  21.718] [STATUS] t_ms=516369 hwm=5 cap=256 dropped=0 dropped_total=9689 crc_err=0 crc_err_total=0 rate1=513 rate2=512 prod1=513 prod2=512 dac_err=0 tx_drop=0 hb_ms=0 sma_state=6 m7_us=532795504 m4_us=530601365 vdd=5.067 offset=0.5000 aref=3.145 loop_us_avg=93 loop_us_max=5323 loop_hz=10752 cycle_log_ms=1 n_cycle=4 cc=1 cc_hz=1026 cc_i_tgt=0.1000 cc_u=0.5000 cc_r=4.8375 cc_tau_ms=7.00
[  22.159] M
[  22.728] [STATUS] t_ms=517369 hwm=5 cap=256 dropped=0 dropped_total=9689 crc_err=0 crc_err_total=0 rate1=511 rate2=512 prod1=511 prod2=512 dac_err=0 tx_drop=0 hb_ms=0 sma_state=6 m7_us=533826690 m4_us=531632227 vdd=5.067 offset=0.5000 aref=3.145 loop_us_avg=93 loop_us_max=5431 loop_hz=10752 cycle_log_ms=1 n_cycle=4 cc=1 cc_hz=1026 cc_i_tgt=0.1000 cc_u=0.5000 cc_r=4.8599 cc_tau_ms=7.00
[  23.171] M
[  23.805] [STATUS] t_ms=518369 hwm=5 cap=256 dropped=0 dropped_total=9689 crc_err=0 crc_err_total=0 rate1=513 rate2=512 prod1=513 prod2=512 dac_err=0 tx_drop=0 hb_ms=0 sma_state=6 m7_us=534859212 m4_us=532665090 vdd=5.067 offset=0.5000 aref=3.145 loop_us_avg=94 loop_us_max=5313 loop_hz=10638 cycle_log_ms=1 n_cycle=4 cc=1 cc_hz=1026 cc_i_tgt=0.1000 cc_u=0.5000 cc_r=4.8588 cc_tau_ms=7.00
[  24.185] M
[  24.185] [ADC1] ST
[  24.185] ATUS alarm(s): 0x49 P
[  24.185] GAL_AL
[  24.816] [STATUS] t_ms=519369 hwm=5 cap=256 dropped=0 dropped_total=9689 crc_err=0 crc_err_total=0 rate1=511 rate2=512 prod1=511 prod2=512 dac_err=0 tx_drop=0 hb_ms=0 sma_state=6 m7_us=535890388 m4_us=533695923 vdd=5.067 offset=0.5000 aref=3.145 loop_us_avg=93 loop_us_max=5403 loop_hz=10752 cycle_log_ms=1 n_cycle=4 cc=1 cc_hz=1026 cc_i_tgt=0.1000 cc_u=0.5000 cc_r=4.8862 cc_tau_ms=7.00
[  25.192] M
[  25.192] [ADC1] ST
[  25.822] [STATUS] t_ms=520369 hwm=5 cap=256 dropped=0 dropped_total=9689 crc_err=0 crc_err_total=0 rate1=513 rate2=512 prod1=513 prod2=512 dac_err=0 tx_drop=0 hb_ms=0 sma_state=6 m7_us=536922908 m4_us=534728789 vdd=5.067 offset=0.5000 aref=3.145 loop_us_avg=92 loop_us_max=5393 loop_hz=10869 cycle_log_ms=1 n_cycle=4 cc=1 cc_hz=1026 cc_i_tgt=0.1000 cc_u=0.5000 cc_r=4.9178 cc_tau_ms=7.00
[  26.201] M
[  26.899] [STATUS] t_ms=521369 hwm=5 cap=256 dropped=0 dropped_total=9689 crc_err=0 crc_err_total=0 rate1=511 rate2=512 prod1=511 prod2=512 dac_err=0 tx_drop=0 hb_ms=0 sma_state=6 m7_us=537954119 m4_us=535759654 vdd=5.067 offset=0.5000 aref=3.145 loop_us_avg=93 loop_us_max=5406 loop_hz=10752 cycle_log_ms=1 n_cycle=4 cc=1 cc_hz=1026 cc_i_tgt=0.1000 cc_u=0.5000 cc_r=4.8971 cc_tau_ms=7.00
[  27.216] M
[  27.908] [STATUS] t_ms=522369 hwm=5 cap=256 dropped=0 dropped_total=9689 crc_err=0 crc_err_total=0 rate1=513 rate2=512 prod1=513 prod2=512 dac_err=0 tx_drop=0 hb_ms=0 sma_state=6 m7_us=538986627 m4_us=536792510 vdd=5.067 offset=0.5000 aref=3.145 loop_us_avg=93 loop_us_max=5326 loop_hz=10752 cycle_log_ms=1 n_cycle=4 cc=1 cc_hz=1026 cc_i_tgt=0.1000 cc_u=0.5022 cc_r=4.9079 cc_tau_ms=7.00
[  28.226] M
[  28.919] [STATUS] t_ms=523369 hwm=5 cap=256 dropped=0 dropped_total=9689 crc_err=0 crc_err_total=0 rate1=511 rate2=512 prod1=511 prod2=512 dac_err=0 tx_drop=0 hb_ms=0 sma_state=6 m7_us=540017797 m4_us=537823331 vdd=5.067 offset=0.5000 aref=3.145 loop_us_avg=92 loop_us_max=5402 loop_hz=10869 cycle_log_ms=1 n_cycle=4 cc=1 cc_hz=1026 cc_i_tgt=0.1000 cc_u=0.5000 cc_r=4.8376 cc_tau_ms=7.00
[  29.234] M
[  29.992] [STATUS] t_ms=524369 hwm=5 cap=256 dropped=0 dropped_total=9689 crc_err=0 crc_err_total=0 rate1=513 rate2=512 prod1=513 prod2=512 dac_err=0 tx_drop=0 hb_ms=0 sma_state=6 m7_us=541050294 m4_us=538856171 vdd=5.067 offset=0.5000 aref=3.145 loop_us_avg=92 loop_us_max=5332 loop_hz=10869 cycle_log_ms=1 n_cycle=4 cc=1 cc_hz=1026 cc_i_tgt=0.1000 cc_u=0.5517 cc_r=4.9658 cc_tau_ms=7.00
[  30.241] M
[  30.997] [STATUS] t_ms=525369 hwm=5 cap=256 dropped=0 dropped_total=9689 crc_err=0 crc_err_total=0 rate1=511 rate2=512 prod1=511 prod2=512 dac_err=0 tx_drop=0 hb_ms=0 sma_state=6 m7_us=542081475 m4_us=539887011 vdd=5.067 offset=0.5000 aref=3.145 loop_us_avg=92 loop_us_max=5410 loop_hz=10869 cycle_log_ms=1 n_cycle=4 cc=1 cc_hz=1026 cc_i_tgt=0.1000 cc_u=0.5000 cc_r=4.9816 cc_tau_ms=7.00
[  31.251] M
[  31.624] [SMA] [ACT] heat n=3/6 I=550.0mA ms=300
[  31.937] [SMA] [ACT] cool n=3/6 I=100.0mA ms=15000
[  32.064] [STATUS] t_ms=526369 hwm=5 cap=256 dropped=0 dropped_total=9689 crc_err=0 crc_err_total=0 rate1=513 rate2=512 prod1=513 prod2=512 dac_err=0 tx_drop=0 hb_ms=0 sma_state=6 m7_us=543113960 m4_us=540919842 vdd=5.067 offset=0.5000 aref=3.145 loop_us_avg=93 loop_us_max=5326 loop_hz=10752 cycle_log_ms=1 n_cycle=4 cc=1 cc_hz=1024 cc_i_tgt=0.1000 cc_u=0.5000 cc_r=4.6600 cc_tau_ms=7.00
[  32.254] M
[  33.067] [STATUS] t_ms=527369 hwm=5 cap=256 dropped=0 dropped_total=9689 crc_err=0 crc_err_total=0 rate1=511 rate2=512 prod1=511 prod2=512 dac_err=0 tx_drop=0 hb_ms=0 sma_state=6 m7_us=544145138 m4_us=541950684 vdd=5.067 offset=0.5000 aref=3.145 loop_us_avg=92 loop_us_max=5501 loop_hz=10869 cycle_log_ms=1 n_cycle=4 cc=1 cc_hz=1026 cc_i_tgt=0.1000 cc_u=0.5000 cc_r=4.8456 cc_tau_ms=7.00
[  33.255] M
[  33.255] [ADC1
[  33.255] ] STATUS alarm(s): 0x
[  34.075] [STATUS] t_ms=528369 hwm=5 cap=256 dropped=0 dropped_total=9689 crc_err=0 crc_err_total=0 rate1=513 rate2=512 prod1=513 prod2=512 dac_err=0 tx_drop=0 hb_ms=0 sma_state=6 m7_us=545177672 m4_us=542983550 vdd=5.067 offset=0.5000 aref=3.145 loop_us_avg=93 loop_us_max=5319 loop_hz=10752 cycle_log_ms=1 n_cycle=4 cc=1 cc_hz=1026 cc_i_tgt=0.1000 cc_u=0.5026 cc_r=4.8958 cc_tau_ms=7.00
[  34.265] M
[  34.265] [ADC1] STATUS alarm
[  35.118] [STATUS] t_ms=529369 hwm=102 cap=256 dropped=0 dropped_total=9689 crc_err=0 crc_err_total=0 rate1=511 rate2=511 prod1=511 prod2=512 dac_err=0 tx_drop=0 hb_ms=0 sma_state=6 m7_us=546209341 m4_us=544014409 vdd=5.067 offset=0.5000 aref=3.145 loop_us_avg=102 loop_us_max=102999 loop_hz=9803 cycle_log_ms=1 n_cycle=4 cc=1 cc_hz=921 cc_i_tgt=0.1000 cc_u=0.5092 cc_r=4.8843 cc_tau_ms=7.00
[  35.306] M
[  35.306] [
[  35.306] ADC1] STATUS alar
[  36.187] [STATUS] t_ms=530369 hwm=6 cap=256 dropped=0 dropped_total=9689 crc_err=0 crc_err_total=0 rate1=513 rate2=512 prod1=513 prod2=512 dac_err=0 tx_drop=0 hb_ms=0 sma_state=6 m7_us=547241372 m4_us=545047262 vdd=5.067 offset=0.5000 aref=3.145 loop_us_avg=94 loop_us_max=5457 loop_hz=10638 cycle_log_ms=1 n_cycle=4 cc=1 cc_hz=1027 cc_i_tgt=0.1000 cc_u=0.5109 cc_r=4.8803 cc_tau_ms=7.00
[  36.312] M
[  37.200] [STATUS] t_ms=531369 hwm=5 cap=256 dropped=0 dropped_total=9689 crc_err=0 crc_err_total=0 rate1=511 rate2=512 prod1=511 prod2=512 dac_err=0 tx_drop=0 hb_ms=0 sma_state=6 m7_us=548272524 m4_us=546078051 vdd=5.067 offset=0.5000 aref=3.145 loop_us_avg=94 loop_us_max=5399 loop_hz=10638 cycle_log_ms=1 n_cycle=4 cc=1 cc_hz=1026 cc_i_tgt=0.1000 cc_u=0.5000 cc_r=4.8450 cc_tau_ms=7.00
[  37.326] M
[  37.326] [A
[  37.326] DC1] STATUS alarm(s
[  38.208] [STATUS] t_ms=532369 hwm=5 cap=256 dropped=0 dropped_total=9689 crc_err=0 crc_err_total=0 rate1=512 rate2=512 prod1=512 prod2=512 dac_err=0 tx_drop=0 hb_ms=0 sma_state=6 m7_us=549304675 m4_us=547109839 vdd=5.067 offset=0.5000 aref=3.145 loop_us_avg=92 loop_us_max=5350 loop_hz=10869 cycle_log_ms=1 n_cycle=4 cc=1 cc_hz=1026 cc_i_tgt=0.1000 cc_u=0.5000 cc_r=4.8850 cc_tau_ms=7.00
[  38.334] M
[  39.286] [STATUS] t_ms=533369 hwm=6 cap=256 dropped=0 dropped_total=9689 crc_err=0 crc_err_total=0 rate1=513 rate2=512 prod1=513 prod2=512 dac_err=0 tx_drop=0 hb_ms=0 sma_state=6 m7_us=550336689 m4_us=548142674 vdd=5.067 offset=0.5000 aref=3.145 loop_us_avg=92 loop_us_max=5351 loop_hz=10869 cycle_log_ms=1 n_cycle=4 cc=1 cc_hz=1027 cc_i_tgt=0.1000 cc_u=0.5000 cc_r=4.8908 cc_tau_ms=7.00
[  39.286] M
[  40.296] [STATUS] t_ms=534369 hwm=5 cap=256 dropped=0 dropped_total=9689 crc_err=0 crc_err_total=0 rate1=512 rate2=512 prod1=512 prod2=512 dac_err=0 tx_drop=0 hb_ms=0 sma_state=6 m7_us=551368728 m4_us=549174494 vdd=5.067 offset=0.5000 aref=3.145 loop_us_avg=92 loop_us_max=5407 loop_hz=10869 cycle_log_ms=1 n_cycle=4 cc=1 cc_hz=1027 cc_i_tgt=0.1000 cc_u=0.5000 cc_r=4.8627 cc_tau_ms=7.00
[  40.296] M
[  41.311] [STATUS] t_ms=535369 hwm=5 cap=256 dropped=0 dropped_total=9689 crc_err=0 crc_err_total=0 rate1=511 rate2=512 prod1=511 prod2=512 dac_err=0 tx_drop=0 hb_ms=0 sma_state=6 m7_us=552400235 m4_us=550205327 vdd=5.067 offset=0.5000 aref=3.145 loop_us_avg=92 loop_us_max=5535 loop_hz=10869 cycle_log_ms=1 n_cycle=4 cc=1 cc_hz=1025 cc_i_tgt=0.1000 cc_u=0.5860 cc_r=5.1765 cc_tau_ms=7.00
[  41.311] M
[  41.311] [ADC1]
[  42.325] M
[  42.388] [STATUS] t_ms=536369 hwm=6 cap=256 dropped=0 dropped_total=9689 crc_err=0 crc_err_total=0 rate1=513 rate2=512 prod1=513 prod2=512 dac_err=0 tx_drop=0 hb_ms=0 sma_state=6 m7_us=553432216 m4_us=551238168 vdd=5.067 offset=0.5000 aref=3.145 loop_us_avg=92 loop_us_max=5405 loop_hz=10869 cycle_log_ms=1 n_cycle=4 cc=1 cc_hz=1027 cc_i_tgt=0.1000 cc_u=0.6399 cc_r=6.1505 cc_tau_ms=7.00
[  43.335] M
[  43.399] [STATUS] t_ms=537369 hwm=5 cap=256 dropped=0 dropped_total=9689 crc_err=0 crc_err_total=0 rate1=511 rate2=512 prod1=511 prod2=512 dac_err=0 tx_drop=0 hb_ms=0 sma_state=6 m7_us=554463441 m4_us=552268995 vdd=5.067 offset=0.5000 aref=3.145 loop_us_avg=92 loop_us_max=5403 loop_hz=10869 cycle_log_ms=1 n_cycle=4 cc=1 cc_hz=1026 cc_i_tgt=0.1000 cc_u=0.6271 cc_r=6.2901 cc_tau_ms=7.00
[  44.343] M
[  44.406] [STATUS] t_ms=538369 hwm=5 cap=256 dropped=0 dropped_total=9689 crc_err=0 crc_err_total=0 rate1=512 rate2=512 prod1=512 prod2=512 dac_err=0 tx_drop=0 hb_ms=0 sma_state=6 m7_us=555495623 m4_us=553300828 vdd=5.067 offset=0.5000 aref=3.145 loop_us_avg=94 loop_us_max=5325 loop_hz=10638 cycle_log_ms=1 n_cycle=4 cc=1 cc_hz=1026 cc_i_tgt=0.1000 cc_u=0.5394 cc_r=5.9692 cc_tau_ms=7.00
[  45.356] M
[  45.356] [ADC1] S
[  45.481] [STATUS] t_ms=539369 hwm=6 cap=256 dropped=0 dropped_total=9689 crc_err=0 crc_err_total=0 rate1=513 rate2=512 prod1=513 prod2=512 dac_err=0 tx_drop=0 hb_ms=0 sma_state=6 m7_us=556527692 m4_us=554333624 vdd=5.067 offset=0.5000 aref=3.145 loop_us_avg=94 loop_us_max=5407 loop_hz=10638 cycle_log_ms=1 n_cycle=4 cc=1 cc_hz=1027 cc_i_tgt=0.1000 cc_u=0.5000 cc_r=4.8837 cc_tau_ms=7.00
[  46.361] M
[  46.485] [STATUS] t_ms=540369 hwm=5 cap=256 dropped=0 dropped_total=9689 crc_err=0 crc_err_total=0 rate1=511 rate2=512 prod1=511 prod2=512 dac_err=0 tx_drop=0 hb_ms=0 sma_state=6 m7_us=557558927 m4_us=555364431 vdd=5.067 offset=0.5000 aref=3.145 loop_us_avg=93 loop_us_max=5393 loop_hz=10752 cycle_log_ms=1 n_cycle=4 cc=1 cc_hz=1026 cc_i_tgt=0.1000 cc_u=0.5021 cc_r=4.9196 cc_tau_ms=7.00
[  47.368] M
[  47.368] [ADC1] STA
[  47.368] TUS alarm(s): 0x49
[  47.368] [SMA] [ACT] heat n=4/6 I=550.0mA ms=300
[  47.496] [STATUS] t_ms=541369 hwm=5 cap=256 dropped=0 dropped_total=9689 crc_err=0 crc_err_total=0 rate1=512 rate2=512 prod1=512 prod2=512 dac_err=0 tx_drop=0 hb_ms=0 sma_state=5 m7_us=558590978 m4_us=556396220 vdd=5.067 offset=0.5000 aref=3.145 loop_us_avg=93 loop_us_max=5359 loop_hz=10752 cycle_log_ms=1 n_cycle=4 cc=1 cc_hz=1025 cc_i_tgt=0.5500 cc_u=3.1190 cc_r=5.6551 cc_tau_ms=7.00
[  47.685] [SMA] [ACT] cool n=4/6 I=100.0mA ms=15000
[  48.380] M
[  48.569] [STATUS] t_ms=542369 hwm=6 cap=256 dropped=0 dropped_total=9689 crc_err=0 crc_err_total=0 rate1=513 rate2=512 prod1=513 prod2=512 dac_err=0 tx_drop=0 hb_ms=0 sma_state=6 m7_us=559622993 m4_us=557429026 vdd=5.067 offset=0.5000 aref=3.145 loop_us_avg=93 loop_us_max=5354 loop_hz=10752 cycle_log_ms=1 n_cycle=4 cc=1 cc_hz=1026 cc_i_tgt=0.1000 cc_u=0.5036 cc_r=5.2847 cc_tau_ms=7.00
[  49.390] M
[  49.580] [STATUS] t_ms=543369 hwm=5 cap=256 dropped=0 dropped_total=9689 crc_err=0 crc_err_total=0 rate1=512 rate2=512 prod1=512 prod2=512 dac_err=0 tx_drop=0 hb_ms=0 sma_state=6 m7_us=560655123 m4_us=558460856 vdd=5.067 offset=0.5000 aref=3.145 loop_us_avg=92 loop_us_max=5417 loop_hz=10869 cycle_log_ms=1 n_cycle=4 cc=1 cc_hz=1027 cc_i_tgt=0.1000 cc_u=0.5000 cc_r=4.8672 cc_tau_ms=7.00
[  50.398] M
[  50.587] [STATUS] t_ms=544369 hwm=5 cap=256 dropped=0 dropped_total=9689 crc_err=0 crc_err_total=0 rate1=511 rate2=512 prod1=511 prod2=512 dac_err=0 tx_drop=0 hb_ms=0 sma_state=6 m7_us=561686419 m4_us=559491670 vdd=5.067 offset=0.5000 aref=3.145 loop_us_avg=93 loop_us_max=5641 loop_hz=10752 cycle_log_ms=1 n_cycle=4 cc=1 cc_hz=1025 cc_i_tgt=0.1000 cc_u=0.5000 cc_r=4.8669 cc_tau_ms=7.00
[  51.409] M
[  51.409] [ADC1] STAT
[  51.660] [STATUS] t_ms=545369 hwm=6 cap=256 dropped=0 dropped_total=9689 crc_err=0 crc_err_total=0 rate1=513 rate2=512 prod1=513 prod2=512 dac_err=0 tx_drop=0 hb_ms=0 sma_state=6 m7_us=562718512 m4_us=560524485 vdd=5.067 offset=0.5000 aref=3.145 loop_us_avg=93 loop_us_max=5361 loop_hz=10752 cycle_log_ms=1 n_cycle=4 cc=1 cc_hz=1027 cc_i_tgt=0.1000 cc_u=0.5898 cc_r=5.6199 cc_tau_ms=7.00
[  52.420] M
[  52.672] [STATUS] t_ms=546369 hwm=5 cap=256 dropped=0 dropped_total=9689 crc_err=0 crc_err_total=0 rate1=511 rate2=512 prod1=511 prod2=512 dac_err=0 tx_drop=0 hb_ms=0 sma_state=6 m7_us=563749740 m4_us=561555292 vdd=5.067 offset=0.5000 aref=3.145 loop_us_avg=92 loop_us_max=5470 loop_hz=10869 cycle_log_ms=1 n_cycle=4 cc=1 cc_hz=1026 cc_i_tgt=0.1000 cc_u=0.6053 cc_r=6.0895 cc_tau_ms=7.00
[  53.431] M
[  53.431] [ADC1] STATUS al
[  53.431] AL
[  53.685] [STATUS] t_ms=547369 hwm=5 cap=256 dropped=0 dropped_total=9689 crc_err=0 crc_err_total=0 rate1=512 rate2=512 prod1=512 prod2=512 dac_err=0 tx_drop=0 hb_ms=0 sma_state=6 m7_us=564781926 m4_us=562587132 vdd=5.067 offset=0.5000 aref=3.145 loop_us_avg=94 loop_us_max=5315 loop_hz=10638 cycle_log_ms=1 n_cycle=4 cc=1 cc_hz=1026 cc_i_tgt=0.1000 cc_u=0.5000 cc_r=4.8585 cc_tau_ms=7.00
[  54.444] M
[  54.761] [STATUS] t_ms=548369 hwm=6 cap=256 dropped=0 dropped_total=9689 crc_err=0 crc_err_total=0 rate1=513 rate2=512 prod1=513 prod2=512 dac_err=0 tx_drop=0 hb_ms=0 sma_state=6 m7_us=565813935 m4_us=563619960 vdd=5.067 offset=0.5000 aref=3.145 loop_us_avg=92 loop_us_max=5355 loop_hz=10869 cycle_log_ms=1 n_cycle=4 cc=1 cc_hz=1027 cc_i_tgt=0.1000 cc_u=0.5828 cc_r=5.3613 cc_tau_ms=7.00
[  55.457] M
[  55.774] [STATUS] t_ms=549369 hwm=5 cap=256 dropped=0 dropped_total=9689 crc_err=0 crc_err_total=0 rate1=512 rate2=512 prod1=512 prod2=512 dac_err=0 tx_drop=0 hb_ms=0 sma_state=6 m7_us=566846035 m4_us=564651762 vdd=5.067 offset=0.5000 aref=3.145 loop_us_avg=92 loop_us_max=5402 loop_hz=10869 cycle_log_ms=1 n_cycle=4 cc=1 cc_hz=1027 cc_i_tgt=0.1000 cc_u=0.5830 cc_r=5.9923 cc_tau_ms=7.00
[  56.467] M
[  56.780] [STATUS] t_ms=550369 hwm=5 cap=256 dropped=0 dropped_total=9689 crc_err=0 crc_err_total=0 rate1=511 rate2=512 prod1=511 prod2=512 dac_err=0 tx_drop=0 hb_ms=0 sma_state=6 m7_us=567877388 m4_us=565682575 vdd=5.067 offset=0.5000 aref=3.145 loop_us_avg=92 loop_us_max=5497 loop_hz=10869 cycle_log_ms=1 n_cycle=4 cc=1 cc_hz=1025 cc_i_tgt=0.1000 cc_u=0.5000 cc_r=4.8708 cc_tau_ms=7.00
[  57.473] M
[  57.473] [ADC1]
[  57.473] STATUS alarm(s):
[  57.851] [STATUS] t_ms=551369 hwm=6 cap=256 dropped=0 dropped_total=9689 crc_err=0 crc_err_total=0 rate1=513 rate2=512 prod1=513 prod2=512 dac_err=0 tx_drop=0 hb_ms=0 sma_state=6 m7_us=568909401 m4_us=566715416 vdd=5.067 offset=0.5000 aref=3.145 loop_us_avg=93 loop_us_max=5370 loop_hz=10752 cycle_log_ms=1 n_cycle=4 cc=1 cc_hz=1027 cc_i_tgt=0.1000 cc_u=0.5205 cc_r=4.9737 cc_tau_ms=7.00
[  58.483] M
[  58.858] [STATUS] t_ms=552369 hwm=5 cap=256 dropped=0 dropped_total=9689 crc_err=0 crc_err_total=0 rate1=512 rate2=512 prod1=512 prod2=512 dac_err=0 tx_drop=0 hb_ms=0 sma_state=6 m7_us=569941429 m4_us=567747266 vdd=5.067 offset=0.5000 aref=3.145 loop_us_avg=92 loop_us_max=5418 loop_hz=10869 cycle_log_ms=1 n_cycle=4 cc=1 cc_hz=1027 cc_i_tgt=0.1000 cc_u=0.5000 cc_r=4.9162 cc_tau_ms=7.00
[  59.488] M
[  59.930] [STATUS] t_ms=553369 hwm=5 cap=256 dropped=0 dropped_total=9689 crc_err=0 crc_err_total=0 rate1=511 rate2=512 prod1=511 prod2=512 dac_err=0 tx_drop=0 hb_ms=0 sma_state=6 m7_us=570972591 m4_us=568778127 vdd=5.067 offset=0.5000 aref=3.145 loop_us_avg=91 loop_us_max=5411 loop_hz=10989 cycle_log_ms=1 n_cycle=4 cc=1 cc_hz=1026 cc_i_tgt=0.1000 cc_u=0.5000 cc_r=4.8611 cc_tau_ms=7.00
[  60.497] M
[  60.936] [STATUS] t_ms=554369 hwm=5 cap=256 dropped=0 dropped_total=9689 crc_err=0 crc_err_total=0 rate1=512 rate2=512 prod1=512 prod2=512 dac_err=0 tx_drop=0 hb_ms=0 sma_state=6 m7_us=572004735 m4_us=569809980 vdd=5.067 offset=0.5000 aref=3.145 loop_us_avg=93 loop_us_max=5329 loop_hz=10752 cycle_log_ms=1 n_cycle=4 cc=1 cc_hz=1026 cc_i_tgt=0.1000 cc_u=0.5000 cc_r=4.8565 cc_tau_ms=7.00
[  61.504] M
[  61.945] [STATUS] t_ms=555369 hwm=6 cap=256 dropped=0 dropped_total=9689 crc_err=0 crc_err_total=0 rate1=513 rate2=512 prod1=513 prod2=512 dac_err=0 tx_drop=0 hb_ms=0 sma_state=6 m7_us=573036768 m4_us=570842827 vdd=5.067 offset=0.5000 aref=3.145 loop_us_avg=94 loop_us_max=5365 loop_hz=10638 cycle_log_ms=1 n_cycle=4 cc=1 cc_hz=1027 cc_i_tgt=0.1000 cc_u=0.5000 cc_r=4.8673 cc_tau_ms=7.00
[  62.514] M
[  62.514] [A
[  62.514] DC1] STATUS alar
[  63.019] [STATUS] t_ms=556369 hwm=5 cap=256 dropped=0 dropped_total=9689 crc_err=0 crc_err_total=0 rate1=512 rate2=512 prod1=512 prod2=512 dac_err=0 tx_drop=0 hb_ms=0 sma_state=6 m7_us=574068817 m4_us=571874667 vdd=5.067 offset=0.5000 aref=3.145 loop_us_avg=94 loop_us_max=5414 loop_hz=10638 cycle_log_ms=1 n_cycle=4 cc=1 cc_hz=1027 cc_i_tgt=0.1000 cc_u=0.5000 cc_r=4.8620 cc_tau_ms=7.00
[  63.210] [SMA] [ACT] heat n=5/6 I=550.0mA ms=300
[  63.524] [SMA] [ACT] cool n=5/6 I=100.0mA ms=15000
[  63.524] M
[  63.524] [ADC1] S
[  64.028] [STATUS] t_ms=557369 hwm=5 cap=256 dropped=0 dropped_total=9689 crc_err=0 crc_err_total=0 rate1=511 rate2=512 prod1=511 prod2=512 dac_err=0 tx_drop=0 hb_ms=0 sma_state=6 m7_us=575100240 m4_us=572905526 vdd=5.067 offset=0.5000 aref=3.145 loop_us_avg=94 loop_us_max=5429 loop_hz=10638 cycle_log_ms=1 n_cycle=4 cc=1 cc_hz=1023 cc_i_tgt=0.1000 cc_u=0.6404 cc_r=5.8896 cc_tau_ms=7.00
[  64.533] M
[  64.533] [ADC1] STATUS alarm(s): 0x49 PG
[  64.533] AL_AL
[  65.037] [STATUS] t_ms=558369 hwm=6 cap=256 dropped=0 dropped_total=9689 crc_err=0 crc_err_total=0 rate1=512 rate2=512 prod1=512 prod2=512 dac_err=0 tx_drop=0 hb_ms=0 sma_state=6 m7_us=576132189 m4_us=573937404 vdd=5.067 offset=0.5000 aref=3.145 loop_us_avg=92 loop_us_max=5343 loop_hz=10869 cycle_log_ms=1 n_cycle=4 cc=1 cc_hz=1027 cc_i_tgt=0.1000 cc_u=0.6217 cc_r=5.9661 cc_tau_ms=7.00
[  65.541] M
[  66.111] [STATUS] t_ms=559369 hwm=6 cap=256 dropped=0 dropped_total=9689 crc_err=0 crc_err_total=0 rate1=512 rate2=512 prod1=512 prod2=512 dac_err=0 tx_drop=0 hb_ms=0 sma_state=6 m7_us=577164136 m4_us=574969283 vdd=5.067 offset=0.5000 aref=3.145 loop_us_avg=93 loop_us_max=5361 loop_hz=10752 cycle_log_ms=1 n_cycle=4 cc=1 cc_hz=1027 cc_i_tgt=0.1000 cc_u=0.5707 cc_r=5.9207 cc_tau_ms=7.00
[  66.549] M
[  67.112] [STATUS] t_ms=560369 hwm=6 cap=256 dropped=0 dropped_total=9689 crc_err=0 crc_err_total=0 rate1=513 rate2=512 prod1=513 prod2=512 dac_err=0 tx_drop=0 hb_ms=0 sma_state=6 m7_us=578196165 m4_us=576002181 vdd=5.067 offset=0.5000 aref=3.145 loop_us_avg=93 loop_us_max=5356 loop_hz=10752 cycle_log_ms=1 n_cycle=4 cc=1 cc_hz=1027 cc_i_tgt=0.1000 cc_u=0.5000 cc_r=4.8562 cc_tau_ms=7.00
[  67.555] M
[  67.555] [ADC1
[  67.555] ] STATUS alarm(s): 0
[  68.125] [STATUS] t_ms=561369 hwm=5 cap=256 dropped=0 dropped_total=9689 crc_err=0 crc_err_total=0 rate1=512 rate2=512 prod1=512 prod2=512 dac_err=0 tx_drop=0 hb_ms=0 sma_state=6 m7_us=579228209 m4_us=577034034 vdd=5.067 offset=0.5000 aref=3.145 loop_us_avg=94 loop_us_max=5415 loop_hz=10638 cycle_log_ms=1 n_cycle=4 cc=1 cc_hz=1027 cc_i_tgt=0.1000 cc_u=0.5000 cc_r=4.9124 cc_tau_ms=7.00
[  68.569] M
[  69.202] [STATUS] t_ms=562369 hwm=136 cap=256 dropped=0 dropped_total=9689 crc_err=0 crc_err_total=0 rate1=511 rate2=511 prod1=512 prod2=512 dac_err=0 tx_drop=0 hb_ms=0 sma_state=6 m7_us=580259936 m4_us=578065832 vdd=5.067 offset=0.5000 aref=3.145 loop_us_avg=109 loop_us_max=136639 loop_hz=9174 cycle_log_ms=1 n_cycle=4 cc=1 cc_hz=887 cc_i_tgt=0.1000 cc_u=0.5000 cc_r=4.8659 cc_tau_ms=7.00
[  69.517] M
[  70.212] [STATUS] t_ms=563369 hwm=5 cap=256 dropped=0 dropped_total=9689 crc_err=0 crc_err_total=0 rate1=511 rate2=512 prod1=511 prod2=512 dac_err=0 tx_drop=0 hb_ms=0 sma_state=6 m7_us=581291099 m4_us=579096655 vdd=5.067 offset=0.5000 aref=3.145 loop_us_avg=94 loop_us_max=5406 loop_hz=10638 cycle_log_ms=1 n_cycle=4 cc=1 cc_hz=1026 cc_i_tgt=0.1000 cc_u=0.5000 cc_r=4.9063 cc_tau_ms=7.00
[  70.527] M
[  71.221] [STATUS] t_ms=564369 hwm=6 cap=256 dropped=0 dropped_total=9689 crc_err=0 crc_err_total=0 rate1=513 rate2=512 prod1=513 prod2=512 dac_err=0 tx_drop=0 hb_ms=0 sma_state=6 m7_us=582323626 m4_us=580129490 vdd=5.067 offset=0.5000 aref=3.145 loop_us_avg=92 loop_us_max=5452 loop_hz=10869 cycle_log_ms=1 n_cycle=4 cc=1 cc_hz=1026 cc_i_tgt=0.1000 cc_u=0.5000 cc_r=4.8726 cc_tau_ms=7.00
[  71.535] M
[  71.535] [ADC1]
[  72.297] [STATUS] t_ms=565369 hwm=5 cap=256 dropped=0 dropped_total=9689 crc_err=0 crc_err_total=0 rate1=511 rate2=512 prod1=511 prod2=512 dac_err=0 tx_drop=0 hb_ms=0 sma_state=6 m7_us=583354807 m4_us=581160335 vdd=5.067 offset=0.5000 aref=3.145 loop_us_avg=92 loop_us_max=5405 loop_hz=10869 cycle_log_ms=1 n_cycle=4 cc=1 cc_hz=1026 cc_i_tgt=0.1000 cc_u=0.5000 cc_r=4.8787 cc_tau_ms=7.00
[  72.548] M
[  73.303] [STATUS] t_ms=566369 hwm=5 cap=256 dropped=0 dropped_total=9689 crc_err=0 crc_err_total=0 rate1=512 rate2=512 prod1=512 prod2=512 dac_err=0 tx_drop=0 hb_ms=0 sma_state=6 m7_us=584386802 m4_us=582192195 vdd=5.067 offset=0.5000 aref=3.145 loop_us_avg=93 loop_us_max=5332 loop_hz=10752 cycle_log_ms=1 n_cycle=4 cc=1 cc_hz=1027 cc_i_tgt=0.1000 cc_u=0.5000 cc_r=4.8748 cc_tau_ms=7.00
[  73.554] M
[  74.372] [STATUS] t_ms=567369 hwm=6 cap=256 dropped=0 dropped_total=9689 crc_err=0 crc_err_total=0 rate1=513 rate2=512 prod1=513 prod2=512 dac_err=0 tx_drop=0 hb_ms=0 sma_state=6 m7_us=585419202 m4_us=583225112 vdd=5.067 offset=0.5000 aref=3.145 loop_us_avg=93 loop_us_max=5358 loop_hz=10752 cycle_log_ms=1 n_cycle=4 cc=1 cc_hz=1026 cc_i_tgt=0.1000 cc_u=0.5050 cc_r=4.8929 cc_tau_ms=7.00
[  74.559] M
[  75.377] [STATUS] t_ms=568369 hwm=5 cap=256 dropped=0 dropped_total=9689 crc_err=0 crc_err_total=0 rate1=511 rate2=512 prod1=511 prod2=512 dac_err=0 tx_drop=0 hb_ms=0 sma_state=6 m7_us=586450429 m4_us=584255964 vdd=5.067 offset=0.5000 aref=3.145 loop_us_avg=94 loop_us_max=5548 loop_hz=10638 cycle_log_ms=1 n_cycle=4 cc=1 cc_hz=1026 cc_i_tgt=0.1000 cc_u=0.5066 cc_r=4.8953 cc_tau_ms=7.00
[  75.568] M
[  75.568] [ADC1] ST
[  76.388] [STATUS] t_ms=569369 hwm=5 cap=256 dropped=0 dropped_total=9689 crc_err=0 crc_err_total=0 rate1=512 rate2=512 prod1=512 prod2=512 dac_err=0 tx_drop=0 hb_ms=0 sma_state=6 m7_us=587482435 m4_us=585287823 vdd=5.067 offset=0.5000 aref=3.145 loop_us_avg=92 loop_us_max=5326 loop_hz=10869 cycle_log_ms=1 n_cycle=4 cc=1 cc_hz=1027 cc_i_tgt=0.1000 cc_u=0.5000 cc_r=4.8230 cc_tau_ms=7.00
[  76.579] M
[  77.462] [STATUS] t_ms=570369 hwm=6 cap=256 dropped=0 dropped_total=9689 crc_err=0 crc_err_total=0 rate1=513 rate2=512 prod1=513 prod2=512 dac_err=0 tx_drop=0 hb_ms=0 sma_state=6 m7_us=588514827 m4_us=586320686 vdd=5.067 offset=0.5000 aref=3.145 loop_us_avg=92 loop_us_max=5400 loop_hz=10869 cycle_log_ms=1 n_cycle=4 cc=1 cc_hz=1026 cc_i_tgt=0.1000 cc_u=0.5037 cc_r=4.8409 cc_tau_ms=7.00
[  77.587] M
[  77.587] [A
[  77.587] DC1] STATUS alarm
[  78.475] [STATUS] t_ms=571369 hwm=5 cap=256 dropped=0 dropped_total=9689 crc_err=0 crc_err_total=0 rate1=511 rate2=512 prod1=511 prod2=512 dac_err=0 tx_drop=0 hb_ms=0 sma_state=6 m7_us=589545961 m4_us=587351507 vdd=5.067 offset=0.5000 aref=3.145 loop_us_avg=93 loop_us_max=5415 loop_hz=10752 cycle_log_ms=1 n_cycle=4 cc=1 cc_hz=1026 cc_i_tgt=0.1000 cc_u=0.5055 cc_r=4.9019 cc_tau_ms=7.00
[  78.602] M
[  78.983] [SMA] [ACT] heat n=6/6 I=550.0mA ms=300
[  79.297] [SMA] [ACT] cool n=6/6 I=100.0mA ms=15000
[  79.488] [STATUS] t_ms=572369 hwm=5 cap=256 dropped=0 dropped_total=9689 crc_err=0 crc_err_total=0 rate1=512 rate2=512 prod1=512 prod2=512 dac_err=0 tx_drop=0 hb_ms=0 sma_state=6 m7_us=590577958 m4_us=588383359 vdd=5.067 offset=0.5000 aref=3.145 loop_us_avg=93 loop_us_max=5324 loop_hz=10752 cycle_log_ms=1 n_cycle=4 cc=1 cc_hz=1025 cc_i_tgt=0.1000 cc_u=0.5908 cc_r=5.1130 cc_tau_ms=7.00
[  79.614] M
[  80.555] [STATUS] t_ms=573369 hwm=6 cap=256 dropped=0 dropped_total=9689 crc_err=0 crc_err_total=0 rate1=513 rate2=512 prod1=513 prod2=512 dac_err=0 tx_drop=0 hb_ms=0 sma_state=6 m7_us=591610382 m4_us=589416187 vdd=5.067 offset=0.5000 aref=3.145 loop_us_avg=93 loop_us_max=5414 loop_hz=10752 cycle_log_ms=1 n_cycle=4 cc=1 cc_hz=1026 cc_i_tgt=0.1000 cc_u=0.6142 cc_r=5.9518 cc_tau_ms=7.00
[  80.617] M
[  81.562] [STATUS] t_ms=574369 hwm=5 cap=256 dropped=0 dropped_total=9689 crc_err=0 crc_err_total=0 rate1=511 rate2=512 prod1=511 prod2=512 dac_err=0 tx_drop=0 hb_ms=0 sma_state=6 m7_us=592641507 m4_us=590446991 vdd=5.067 offset=0.5000 aref=3.145 loop_us_avg=94 loop_us_max=5514 loop_hz=10638 cycle_log_ms=1 n_cycle=4 cc=1 cc_hz=1026 cc_i_tgt=0.1000 cc_u=0.5000 cc_r=4.8686 cc_tau_ms=7.00
[  81.625] M
[  81.625] [ADC1] STATUS alarm(s):
[  82.572] [STATUS] t_ms=575369 hwm=5 cap=256 dropped=0 dropped_total=9689 crc_err=0 crc_err_total=0 rate1=512 rate2=512 prod1=512 prod2=512 dac_err=0 tx_drop=0 hb_ms=0 sma_state=6 m7_us=593673525 m4_us=591478831 vdd=5.067 offset=0.5000 aref=3.145 loop_us_avg=93 loop_us_max=5413 loop_hz=10752 cycle_log_ms=1 n_cycle=4 cc=1 cc_hz=1027 cc_i_tgt=0.1000 cc_u=0.5008 cc_r=4.8019 cc_tau_ms=7.00
[  82.636] M
[  83.649] [STATUS] t_ms=576369 hwm=6 cap=256 dropped=0 dropped_total=9689 crc_err=0 crc_err_total=0 rate1=512 rate2=512 prod1=512 prod2=512 dac_err=0 tx_drop=0 hb_ms=0 sma_state=6 m7_us=594705106 m4_us=592510633 vdd=5.067 offset=0.5000 aref=3.145 loop_us_avg=94 loop_us_max=5392 loop_hz=10638 cycle_log_ms=1 n_cycle=4 cc=1 cc_hz=1025 cc_i_tgt=0.1000 cc_u=0.5031 cc_r=4.8429 cc_tau_ms=7.00
[  83.649] M
[  84.659] [STATUS] t_ms=577369 hwm=5 cap=256 dropped=0 dropped_total=9689 crc_err=0 crc_err_total=0 rate1=512 rate2=512 prod1=512 prod2=512 dac_err=0 tx_drop=0 hb_ms=0 sma_state=6 m7_us=595737109 m4_us=593542454 vdd=5.067 offset=0.5000 aref=3.145 loop_us_avg=92 loop_us_max=5333 loop_hz=10869 cycle_log_ms=1 n_cycle=4 cc=1 cc_hz=1027 cc_i_tgt=0.1000 cc_u=0.5000 cc_r=4.8810 cc_tau_ms=7.00
[  84.659] M
[  85.671] M
[  85.671] [STATUS] t_ms=578369 hwm=6 cap=256 dropped=0 dropped_total=9689 crc_err=0 crc_err_total=0 rate1=513 rate2=512 prod1=513 prod2=512 dac_err=0 tx_drop=0 hb_ms=0 sma_state=6 m7_us=596769488 m4_us=594575330 vdd=5.067 offset=0.5000 aref=3.145 loop_us_avg=92 loop_us_max=5346 loop_hz=10869 cycle_log_ms=1 n_cycle=4 cc=1 cc_hz=1026 cc_i_tgt=0.1000 cc_u=0.5000 cc_r=4.8634 cc_tau_ms=7.00
[  86.683] M
[  86.683] [ADC1]
[  86.744] [STATUS] t_ms=579369 hwm=5 cap=256 dropped=0 dropped_total=9689 crc_err=0 crc_err_total=0 rate1=511 rate2=512 prod1=511 prod2=512 dac_err=0 tx_drop=0 hb_ms=0 sma_state=6 m7_us=597800627 m4_us=595606166 vdd=5.067 offset=0.5000 aref=3.145 loop_us_avg=92 loop_us_max=5410 loop_hz=10869 cycle_log_ms=1 n_cycle=4 cc=1 cc_hz=1026 cc_i_tgt=0.1000 cc_u=0.6472 cc_r=5.8359 cc_tau_ms=7.00
[  87.697] M
[  87.760] [STATUS] t_ms=580369 hwm=5 cap=256 dropped=0 dropped_total=9689 crc_err=0 crc_err_total=0 rate1=512 rate2=512 prod1=512 prod2=512 dac_err=0 tx_drop=0 hb_ms=0 sma_state=6 m7_us=598832687 m4_us=596638015 vdd=5.067 offset=0.5000 aref=3.145 loop_us_avg=93 loop_us_max=5327 loop_hz=10752 cycle_log_ms=1 n_cycle=4 cc=1 cc_hz=1027 cc_i_tgt=0.1000 cc_u=0.5848 cc_r=5.9771 cc_tau_ms=7.00
[  88.710] M
[  88.710] [ADC1] ST
[  88.710] ATUS alarm(s): 0x49 PG
[  88.710] AL_AL
[  88.773] [STATUS] t_ms=581369 hwm=6 cap=256 dropped=0 dropped_total=9689 crc_err=0 crc_err_total=0 rate1=512 rate2=512 prod1=512 prod2=512 dac_err=0 tx_drop=0 hb_ms=0 sma_state=6 m7_us=599864308 m4_us=597669855 vdd=5.067 offset=0.5000 aref=3.145 loop_us_avg=93 loop_us_max=5449 loop_hz=10752 cycle_log_ms=1 n_cycle=4 cc=1 cc_hz=1025 cc_i_tgt=0.1000 cc_u=0.5030 cc_r=4.8825 cc_tau_ms=7.00
[  89.724] M
[  89.852] [STATUS] t_ms=582369 hwm=5 cap=256 dropped=0 dropped_total=9689 crc_err=0 crc_err_total=0 rate1=513 rate2=512 prod1=513 prod2=512 dac_err=0 tx_drop=0 hb_ms=0 sma_state=6 m7_us=600896816 m4_us=598702696 vdd=5.067 offset=0.5000 aref=3.145 loop_us_avg=93 loop_us_max=5332 loop_hz=10752 cycle_log_ms=1 n_cycle=4 cc=1 cc_hz=1026 cc_i_tgt=0.1000 cc_u=0.5002 cc_r=4.8744 cc_tau_ms=7.00
[  90.736] M
[  90.862] [STATUS] t_ms=583369 hwm=5 cap=256 dropped=0 dropped_total=9689 crc_err=0 crc_err_total=0 rate1=511 rate2=512 prod1=511 prod2=512 dac_err=0 tx_drop=0 hb_ms=0 sma_state=6 m7_us=601927956 m4_us=599733500 vdd=5.067 offset=0.5000 aref=3.145 loop_us_avg=94 loop_us_max=5417 loop_hz=10638 cycle_log_ms=1 n_cycle=4 cc=1 cc_hz=1026 cc_i_tgt=0.1000 cc_u=0.5000 cc_r=4.8722 cc_tau_ms=7.00
[  91.746] M
[  91.872] [STATUS] t_ms=584369 hwm=6 cap=256 dropped=0 dropped_total=9689 crc_err=0 crc_err_total=0 rate1=513 rate2=512 prod1=513 prod2=512 dac_err=0 tx_drop=0 hb_ms=0 sma_state=6 m7_us=602960412 m4_us=600766344 vdd=5.067 offset=0.5000 aref=3.145 loop_us_avg=91 loop_us_max=5499 loop_hz=10989 cycle_log_ms=1 n_cycle=4 cc=1 cc_hz=1026 cc_i_tgt=0.1000 cc_u=0.5034 cc_r=4.8767 cc_tau_ms=7.00
[  92.692] M
[  92.692] [A
[  92.943] [STATUS] t_ms=585369 hwm=5 cap=256 dropped=0 dropped_total=9689 crc_err=0 crc_err_total=0 rate1=511 rate2=512 prod1=511 prod2=512 dac_err=0 tx_drop=0 hb_ms=0 sma_state=6 m7_us=603991613 m4_us=601797151 vdd=5.067 offset=0.5000 aref=3.145 loop_us_avg=94 loop_us_max=5411 loop_hz=10638 cycle_log_ms=1 n_cycle=4 cc=1 cc_hz=1026 cc_i_tgt=0.1000 cc_u=0.5000 cc_r=4.8762 cc_tau_ms=7.00
[  93.701] M
[  93.954] [STATUS] t_ms=586369 hwm=5 cap=256 dropped=0 dropped_total=9689 crc_err=0 crc_err_total=0 rate1=512 rate2=512 prod1=512 prod2=512 dac_err=0 tx_drop=0 hb_ms=0 sma_state=6 m7_us=605023693 m4_us=602828915 vdd=5.067 offset=0.5000 aref=3.145 loop_us_avg=93 loop_us_max=5324 loop_hz=10752 cycle_log_ms=1 n_cycle=4 cc=1 cc_hz=1027 cc_i_tgt=0.1000 cc_u=0.5000 cc_r=4.8821 cc_tau_ms=7.00
[  94.708] M
[  94.771] [SMA] [ACT] -> idle (done) after 6 cycle(s); still armed
