2026-07-07 14:21:58,268  INFO   root                Session: console_20260707_142158
2026-07-07 14:21:58,269  INFO   root                Output:  C:\Users\yilin\Documents\GitHubRepo_Research\MicroTensileMachine\MicroTensileMachine\Experiment_SMAThermalCharacterization\data\console_20260707_142158
2026-07-07 14:21:58,269  INFO   root                Config:  C:\Users\yilin\Documents\GitHubRepo_Research\MicroTensileMachine\MicroTensileMachine\Experiment_SMAThermalCharacterization\config.yaml  headless=False
2026-07-07 14:21:59,049  INFO   PortentaReader      Opened COM8 @ 115200 baud, waiting 4.0s for firmware boot...
2026-07-07 14:22:00,292  INFO   Driver_ZaberStage   Configuration saved to zaber_config.json
2026-07-07 14:22:00,323  INFO   Driver_ZaberStage   Connected to X-LSQ300A-E01 on COM5
2026-07-07 14:22:00,324  INFO   ZaberWorker         Zaber ready: DeviceInfo(port='COM5', device_id=50138, serial_number='143153', name='X-LSQ300A-E01', firmware_version='7.48.24004', device_type='Linear Stage', axis_count=1)
2026-07-07 14:22:03,152  WARNING  PortentaReader      Opened COM8 but no sample lines seen in 4.0s boot window. If this persists: power-cycle Hat Carrier, re-seat HAT.
2026-07-07 14:22:03,216  INFO   H7Worker            H7 ready: port=COM8 baud=115200 channels=['laser', 'load', 'sma_i', 'sma_r', 'sma_v']
2026-07-07 14:22:03,217  INFO   RecordingCore       Running 10.0 s full system check...
2026-07-07 14:22:06,889  INFO   CameraWorker        Camera ready: cam[1] 1280x720 MJPG
2026-07-07 14:22:08,850  ERROR  H7Worker            H7 worker crashed: ClearCommError failed (PermissionError(13, 'The device does not recognize the command.', None, 22))
Traceback (most recent call last):
  File "c:\Users\yilin\Documents\GitHubRepo_Research\MicroTensileMachine\MicroTensileMachine\Experiment_SMAThermalCharacterization\workers.py", line 232, in run
    self._main_loop()
  File "c:\Users\yilin\Documents\GitHubRepo_Research\MicroTensileMachine\MicroTensileMachine\Experiment_SMAThermalCharacterization\workers.py", line 264, in _main_loop
    for kind, item in reader.iter_events():
                      ^^^^^^^^^^^^^^^^^^^^
  File "C:\Users\yilin\Documents\GitHubRepo_Research\MicroTensileMachine\MicroTensileMachine\Calibrate_LaserHead\portenta_reader.py", line 413, in iter_events
    line = self._readline()
           ^^^^^^^^^^^^^^^^
  File "C:\Users\yilin\Documents\GitHubRepo_Research\MicroTensileMachine\MicroTensileMachine\Calibrate_LaserHead\portenta_reader.py", line 363, in _readline
    raw = self._ser.readline()
          ^^^^^^^^^^^^^^^^^^^^
  File "C:\Users\yilin\AppData\Local\Programs\Python\Python312\Lib\site-packages\serial\serialwin32.py", line 275, in read
    raise SerialException("ClearCommError failed ({!r})".format(ctypes.WinError()))
serial.serialutil.SerialException: ClearCommError failed (PermissionError(13, 'The device does not recognize the command.', None, 22))
2026-07-07 14:22:08,851  WARNING  RecordingCore       health H7    FAIL (0) — worker error SerialException("ClearCommError failed (PermissionError(13, 'The device does not recognize the command.', None, 22))")
2026-07-07 14:22:08,852  INFO   H7Worker            H7 worker exit  (pushed=0, dropped=0, filtered=0)
2026-07-07 14:22:08,852  INFO   RecordingCore       health stage PASS (420) — 420 reads, pos~40.00 mm
2026-07-07 14:22:13,117  WARNING  RecordingCore       HEALTH WARNING: H7 silent 1.0s — no new samples (critical; other instruments still recording)
2026-07-07 14:22:15,112  INFO   RecordingCore       H7: reconnect requested
2026-07-07 14:22:15,115  INFO   PortentaReader      Opened COM8 @ 115200 baud, waiting 4.0s for firmware boot...
2026-07-07 14:22:15,949  INFO   PortentaReader      boot banner (34 lines):
2026-07-07 14:22:15,950  INFO   PortentaReader          Running     : YES
2026-07-07 14:22:15,950  INFO   PortentaReader          ADC2CFG rb  : 0x88
2026-07-07 14:22:15,950  INFO   PortentaReader        Frame INTERFACE=0x05 → RDATA1=6B, RDATA2=6B (incl. 00h pad)
2026-07-07 14:22:15,950  INFO   PortentaReader        ---------------------------------
2026-07-07 14:22:15,950  INFO   PortentaReader        [M4] REGDUMP ID=0x23 POWER=0x13 INPMUX=0x45 MODE1=0x40 MODE2=0x8 REFMUX=0x9 ADC2CFG=0x88 ADC2MUX=0x23
2026-07-07 14:22:15,950  INFO   PortentaReader        [M4 cp 11] sampling via timed poll (no DRDY ISR)
2026-07-07 14:22:15,950  INFO   PortentaReader        [M4] streaming via fa cr\hc1s[ADC1] SA( PAA3980	1	2147483647	5.000000	4030771	0
2026-07-07 14:22:15,950  INFO   PortentaReader        3980	2	138220	0.082386	4031081	0
2026-07-07 14:22:16,130  WARNING  RecordingCore       HEALTH WARNING: H7 silent 1.0s — no new samples (critical; other instruments still recording)
2026-07-07 14:22:17,949  INFO   H7Worker            H7 ready: port=COM8 baud=115200 channels=['laser', 'load', 'sma_i', 'sma_r', 'sma_v']
2026-07-07 14:23:06,354  INFO   H7Worker            H7 worker exit  (pushed=41074, dropped=0, filtered=0)
2026-07-07 14:23:06,549  INFO   Driver_ZaberStage   Disconnected
2026-07-07 14:23:06,549  INFO   ZaberWorker         Zaber worker exit  (pushed=3198, dropped=0)
2026-07-07 14:23:06,795  INFO   CameraWorker        Camera worker exit (written=0)
2026-07-07 14:23:06,869  INFO   RecordingCore       Wrote C:\Users\yilin\Documents\GitHubRepo_Research\MicroTensileMachine\MicroTensileMachine\Experiment_SMAThermalCharacterization\data\console_20260707_142158\meta.json
