[   0.066] [SMA] ARMED (MOSFET on); idle=0.500 V
[   0.066] [STATUS] t_ms=217747 hwm=256 cap=256 dropped=79 dropped_total=2686 crc_err=0 crc_err_total=0 rate1=378 rate2=377 prod1=473 prod2=471 dac_err=0 tx_drop=1832926 hb_ms=0 sma_state=0 m7_us=224511883 m4_us=222043186 vdd=5.067 offset=0.5000 aref=3.145 loop_us_avg=31 loop_us_max=337535 loop_hz=32258 cycle_log_ms=1 n_cycle=4 cc=0 cc_hz=0 cc_i_tgt=0.1000 cc_u=0.5042 cc_r=5.0407 cc_tau_ms=7.00
[   0.312] [AD
[   0.312] C1] STATUS alarm
[   0.312] ALM PGAH_ALM
[   1.067] [STATUS] t_ms=218747 hwm=199 cap=256 dropped=0 dropped_total=2686 crc_err=0 crc_err_total=0 rate1=608 rate2=605 prod1=512 prod2=512 dac_err=0 tx_drop=1832926 hb_ms=0 sma_state=0 m7_us=225543149 m4_us=223348629 vdd=5.067 offset=0.5000 aref=3.145 loop_us_avg=22 loop_us_max=8111 loop_hz=45454 cycle_log_ms=1 n_cycle=4 cc=0 cc_hz=0 cc_i_tgt=0.1000 cc_u=0.5042 cc_r=5.0407 cc_tau_ms=7.00
[   1.317] [ADC1] S
[   1.317] TATUS alarm(s):
[   1.317] H_ALM
[   0.062] [SMA] [CC] start i_high=850.0mA i_low=100.0mA t_high=100 t_idle=12000 n=4 (0=cont) tau_ms=7.0 wdt_ms=5000
[   0.062] [SMA] [ACT] heat n=1/4 I=850.0mA ms=100
[   0.124] [STATUS] t_ms=219747 hwm=5 cap=256 dropped=0 dropped_total=2686 crc_err=0 crc_err_total=0 rate1=512 rate2=513 prod1=512 prod2=513 dac_err=0 tx_drop=1832926 hb_ms=0 sma_state=5 m7_us=226575419 m4_us=224381219 vdd=5.067 offset=0.5000 aref=3.145 loop_us_avg=23 loop_us_max=4895 loop_hz=43478 cycle_log_ms=1 n_cycle=4 cc=1 cc_hz=58 cc_i_tgt=0.8500 cc_u=0.8342 cc_r=0.0000 cc_tau_ms=7.00
[   0.124] [SMA] [ACT] cool n=1/4 I=100.0mA ms=12000
[   1.125] [STATUS] t_ms=220747 hwm=5 cap=256 dropped=0 dropped_total=2686 crc_err=0 crc_err_total=0 rate1=512 rate2=512 prod1=512 prod2=512 dac_err=0 tx_drop=1832926 hb_ms=0 sma_state=6 m7_us=227606932 m4_us=225412726 vdd=5.067 offset=0.5000 aref=3.145 loop_us_avg=88 loop_us_max=5413 loop_hz=11363 cycle_log_ms=1 n_cycle=4 cc=1 cc_hz=1024 cc_i_tgt=0.1000 cc_u=0.5219 cc_r=5.8531 cc_tau_ms=7.00
[   2.175] [STATUS] t_ms=221747 hwm=5 cap=256 dropped=0 dropped_total=2686 crc_err=0 crc_err_total=0 rate1=512 rate2=511 prod1=512 prod2=511 dac_err=0 tx_drop=1832926 hb_ms=0 sma_state=6 m7_us=228637813 m4_us=226443189 vdd=5.067 offset=0.5000 aref=3.145 loop_us_avg=93 loop_us_max=5665 loop_hz=10752 cycle_log_ms=1 n_cycle=4 cc=1 cc_hz=1024 cc_i_tgt=0.1000 cc_u=0.5092 cc_r=5.0581 cc_tau_ms=7.00
[   3.182] [STATUS] t_ms=222747 hwm=6 cap=256 dropped=0 dropped_total=2686 crc_err=0 crc_err_total=0 rate1=512 rate2=512 prod1=512 prod2=512 dac_err=0 tx_drop=1832926 hb_ms=0 sma_state=6 m7_us=229669278 m4_us=227474651 vdd=5.067 offset=0.5000 aref=3.145 loop_us_avg=92 loop_us_max=5523 loop_hz=10869 cycle_log_ms=1 n_cycle=4 cc=1 cc_hz=1026 cc_i_tgt=0.1000 cc_u=0.5000 cc_r=5.0478 cc_tau_ms=7.00
[   3.307] [ADC1
[   3.307] ] STATUS alarm(s):
[   4.248] [STATUS] t_ms=223747 hwm=6 cap=256 dropped=0 dropped_total=2686 crc_err=0 crc_err_total=0 rate1=512 rate2=513 prod1=512 prod2=513 dac_err=0 tx_drop=1832926 hb_ms=0 sma_state=6 m7_us=230701594 m4_us=228507078 vdd=5.067 offset=0.5000 aref=3.145 loop_us_avg=94 loop_us_max=5647 loop_hz=10638 cycle_log_ms=1 n_cycle=4 cc=1 cc_hz=1026 cc_i_tgt=0.1000 cc_u=0.5113 cc_r=5.0067 cc_tau_ms=7.00
[   4.311] [A
[   4.311] DC1] STATUS alarm(s)
[   5.254] [STATUS] t_ms=224747 hwm=6 cap=256 dropped=0 dropped_total=2686 crc_err=0 crc_err_total=0 rate1=512 rate2=511 prod1=512 prod2=511 dac_err=0 tx_drop=1832926 hb_ms=0 sma_state=6 m7_us=231732136 m4_us=229537515 vdd=5.067 offset=0.5000 aref=3.145 loop_us_avg=93 loop_us_max=5550 loop_hz=10752 cycle_log_ms=1 n_cycle=4 cc=1 cc_hz=1025 cc_i_tgt=0.1000 cc_u=0.5321 cc_r=5.2027 cc_tau_ms=7.00
[   6.261] [STATUS] t_ms=225747 hwm=6 cap=256 dropped=0 dropped_total=2686 crc_err=0 crc_err_total=0 rate1=512 rate2=512 prod1=512 prod2=512 dac_err=0 tx_drop=1832926 hb_ms=0 sma_state=6 m7_us=232763448 m4_us=230568933 vdd=5.067 offset=0.5000 aref=3.145 loop_us_avg=92 loop_us_max=5590 loop_hz=10869 cycle_log_ms=1 n_cycle=4 cc=1 cc_hz=1026 cc_i_tgt=0.1000 cc_u=0.5225 cc_r=5.0613 cc_tau_ms=7.00
[   7.332] [STATUS] t_ms=226747 hwm=5 cap=256 dropped=0 dropped_total=2686 crc_err=0 crc_err_total=0 rate1=512 rate2=512 prod1=512 prod2=512 dac_err=0 tx_drop=1832926 hb_ms=0 sma_state=6 m7_us=233794963 m4_us=231600331 vdd=5.067 offset=0.5000 aref=3.145 loop_us_avg=92 loop_us_max=5328 loop_hz=10869 cycle_log_ms=1 n_cycle=4 cc=1 cc_hz=1025 cc_i_tgt=0.1000 cc_u=0.5000 cc_r=5.0261 cc_tau_ms=7.00
[   8.339] [STATUS] t_ms=227747 hwm=6 cap=256 dropped=0 dropped_total=2686 crc_err=0 crc_err_total=0 rate1=512 rate2=512 prod1=512 prod2=512 dac_err=0 tx_drop=1832926 hb_ms=0 sma_state=6 m7_us=234826373 m4_us=232631752 vdd=5.067 offset=0.5000 aref=3.145 loop_us_avg=93 loop_us_max=5441 loop_hz=10752 cycle_log_ms=1 n_cycle=4 cc=1 cc_hz=1026 cc_i_tgt=0.1000 cc_u=0.5050 cc_r=5.0846 cc_tau_ms=7.00
[   9.411] [STATUS] t_ms=228747 hwm=6 cap=256 dropped=0 dropped_total=2686 crc_err=0 crc_err_total=0 rate1=512 rate2=512 prod1=512 prod2=512 dac_err=0 tx_drop=1832926 hb_ms=0 sma_state=6 m7_us=235857797 m4_us=233663170 vdd=5.067 offset=0.5000 aref=3.145 loop_us_avg=94 loop_us_max=5409 loop_hz=10638 cycle_log_ms=1 n_cycle=4 cc=1 cc_hz=1025 cc_i_tgt=0.1000 cc_u=0.5192 cc_r=5.0741 cc_tau_ms=7.00
[  10.419] [STATUS] t_ms=229747 hwm=6 cap=256 dropped=0 dropped_total=2686 crc_err=0 crc_err_total=0 rate1=512 rate2=512 prod1=512 prod2=512 dac_err=0 tx_drop=1832926 hb_ms=0 sma_state=6 m7_us=236889190 m4_us=234694568 vdd=5.067 offset=0.5000 aref=3.145 loop_us_avg=92 loop_us_max=5453 loop_hz=10869 cycle_log_ms=1 n_cycle=4 cc=1 cc_hz=1026 cc_i_tgt=0.1000 cc_u=0.5059 cc_r=4.9991 cc_tau_ms=7.00
[  11.362] [AD
[  11.425] [STATUS] t_ms=230747 hwm=6 cap=256 dropped=0 dropped_total=2686 crc_err=0 crc_err_total=0 rate1=512 rate2=512 prod1=512 prod2=512 dac_err=0 tx_drop=1832926 hb_ms=0 sma_state=6 m7_us=237920577 m4_us=235725951 vdd=5.067 offset=0.5000 aref=3.145 loop_us_avg=93 loop_us_max=5399 loop_hz=10752 cycle_log_ms=1 n_cycle=4 cc=1 cc_hz=1025 cc_i_tgt=0.1000 cc_u=0.5152 cc_r=5.2091 cc_tau_ms=7.00
[  12.494] [STATUS] t_ms=231747 hwm=6 cap=256 dropped=0 dropped_total=2686 crc_err=0 crc_err_total=0 rate1=512 rate2=512 prod1=512 prod2=512 dac_err=0 tx_drop=1832926 hb_ms=0 sma_state=6 m7_us=238952046 m4_us=236757387 vdd=5.067 offset=0.5000 aref=3.145 loop_us_avg=94 loop_us_max=5640 loop_hz=10638 cycle_log_ms=1 n_cycle=4 cc=1 cc_hz=1026 cc_i_tgt=0.1000 cc_u=0.5283 cc_r=5.0559 cc_tau_ms=7.00
[  12.494] [SMA] [ACT] heat n=2/4 I=850.0mA ms=100
[  12.620] [SMA] [ACT] cool n=2/4 I=100.0mA ms=12000
[  13.499] [STATUS] t_ms=232747 hwm=6 cap=256 dropped=0 dropped_total=2686 crc_err=0 crc_err_total=0 rate1=512 rate2=513 prod1=512 prod2=513 dac_err=0 tx_drop=1832926 hb_ms=0 sma_state=6 m7_us=239984030 m4_us=237789846 vdd=5.067 offset=0.5000 aref=3.145 loop_us_avg=92 loop_us_max=5549 loop_hz=10869 cycle_log_ms=1 n_cycle=4 cc=1 cc_hz=1024 cc_i_tgt=0.1000 cc_u=0.5007 cc_r=5.0577 cc_tau_ms=7.00
[  14.569] [STATUS] t_ms=233747 hwm=5 cap=256 dropped=0 dropped_total=2686 crc_err=0 crc_err_total=0 rate1=512 rate2=512 prod1=512 prod2=512 dac_err=0 tx_drop=1832926 hb_ms=0 sma_state=6 m7_us=241015656 m4_us=238821273 vdd=5.067 offset=0.5000 aref=3.145 loop_us_avg=93 loop_us_max=5410 loop_hz=10752 cycle_log_ms=1 n_cycle=4 cc=1 cc_hz=1025 cc_i_tgt=0.1000 cc_u=0.5000 cc_r=4.9724 cc_tau_ms=7.00
[  15.575] [STATUS] t_ms=234747 hwm=5 cap=256 dropped=0 dropped_total=2686 crc_err=0 crc_err_total=0 rate1=512 rate2=511 prod1=512 prod2=511 dac_err=0 tx_drop=1832926 hb_ms=0 sma_state=6 m7_us=242046419 m4_us=239851666 vdd=5.067 offset=0.5000 aref=3.145 loop_us_avg=92 loop_us_max=5728 loop_hz=10869 cycle_log_ms=1 n_cycle=4 cc=1 cc_hz=1024 cc_i_tgt=0.1000 cc_u=0.5099 cc_r=5.0027 cc_tau_ms=7.00
[  16.391] [ADC1
[  16.581] [STATUS] t_ms=235747 hwm=6 cap=256 dropped=0 dropped_total=2686 crc_err=0 crc_err_total=0 rate1=512 rate2=512 prod1=512 prod2=512 dac_err=0 tx_drop=1832926 hb_ms=0 sma_state=6 m7_us=243077606 m4_us=240883061 vdd=5.067 offset=0.5000 aref=3.145 loop_us_avg=93 loop_us_max=5542 loop_hz=10752 cycle_log_ms=1 n_cycle=4 cc=1 cc_hz=1026 cc_i_tgt=0.1000 cc_u=0.5240 cc_r=5.1056 cc_tau_ms=7.00
[  17.397] [ADC1] STATUS
[  17.397] alarm(s): 0x49 PGA
[  17.397] L_ALM
[  17.650] [STATUS] t_ms=236747 hwm=6 cap=256 dropped=0 dropped_total=2686 crc_err=0 crc_err_total=0 rate1=512 rate2=513 prod1=512 prod2=513 dac_err=0 tx_drop=1832926 hb_ms=0 sma_state=6 m7_us=244110005 m4_us=241915500 vdd=5.067 offset=0.5000 aref=3.145 loop_us_avg=94 loop_us_max=5718 loop_hz=10638 cycle_log_ms=1 n_cycle=4 cc=1 cc_hz=1026 cc_i_tgt=0.1000 cc_u=0.5078 cc_r=5.0510 cc_tau_ms=7.00
[  18.402] [A
[  18.402] DC1] STATUS alarm(s)
[  18.654] [STATUS] t_ms=237747 hwm=5 cap=256 dropped=0 dropped_total=2686 crc_err=0 crc_err_total=0 rate1=512 rate2=511 prod1=512 prod2=511 dac_err=0 tx_drop=1832926 hb_ms=0 sma_state=6 m7_us=245140504 m4_us=242945880 vdd=5.067 offset=0.5000 aref=3.145 loop_us_avg=92 loop_us_max=5417 loop_hz=10869 cycle_log_ms=1 n_cycle=4 cc=1 cc_hz=1024 cc_i_tgt=0.1000 cc_u=0.5105 cc_r=5.0741 cc_tau_ms=7.00
[  19.406] [ADC1
[  19.469] ] STATUS alarm(s):
[  19.721] [STATUS] t_ms=238747 hwm=6 cap=256 dropped=0 dropped_total=2686 crc_err=0 crc_err_total=0 rate1=512 rate2=513 prod1=512 prod2=513 dac_err=0 tx_drop=1832926 hb_ms=0 sma_state=6 m7_us=246172436 m4_us=243978249 vdd=5.067 offset=0.5000 aref=3.145 loop_us_avg=94 loop_us_max=5752 loop_hz=10638 cycle_log_ms=1 n_cycle=4 cc=1 cc_hz=1025 cc_i_tgt=0.1000 cc_u=0.5005 cc_r=4.9873 cc_tau_ms=7.00
[  20.733] [STATUS] t_ms=239747 hwm=5 cap=256 dropped=0 dropped_total=2686 crc_err=0 crc_err_total=0 rate1=512 rate2=512 prod1=512 prod2=512 dac_err=0 tx_drop=1832926 hb_ms=0 sma_state=6 m7_us=247203815 m4_us=245009628 vdd=5.067 offset=0.5000 aref=3.145 loop_us_avg=92 loop_us_max=5409 loop_hz=10869 cycle_log_ms=1 n_cycle=4 cc=1 cc_hz=1025 cc_i_tgt=0.1000 cc_u=0.5067 cc_r=4.9991 cc_tau_ms=7.00
[  21.741] [STATUS] t_ms=240747 hwm=5 cap=256 dropped=0 dropped_total=2686 crc_err=0 crc_err_total=0 rate1=512 rate2=512 prod1=512 prod2=512 dac_err=0 tx_drop=1832926 hb_ms=0 sma_state=6 m7_us=248235172 m4_us=246040976 vdd=5.067 offset=0.5000 aref=3.145 loop_us_avg=93 loop_us_max=5418 loop_hz=10752 cycle_log_ms=1 n_cycle=4 cc=1 cc_hz=1025 cc_i_tgt=0.1000 cc_u=0.5062 cc_r=5.0294 cc_tau_ms=7.00
[  22.809] [STATUS] t_ms=241747 hwm=5 cap=256 dropped=0 dropped_total=2686 crc_err=0 crc_err_total=0 rate1=512 rate2=512 prod1=512 prod2=512 dac_err=0 tx_drop=1832926 hb_ms=0 sma_state=6 m7_us=249266507 m4_us=247072316 vdd=5.067 offset=0.5000 aref=3.145 loop_us_avg=92 loop_us_max=5421 loop_hz=10869 cycle_log_ms=1 n_cycle=4 cc=1 cc_hz=1025 cc_i_tgt=0.1000 cc_u=0.5070 cc_r=5.0511 cc_tau_ms=7.00
[  23.812] [STATUS] t_ms=242747 hwm=5 cap=256 dropped=0 dropped_total=2686 crc_err=0 crc_err_total=0 rate1=512 rate2=512 prod1=512 prod2=512 dac_err=0 tx_drop=1832926 hb_ms=0 sma_state=6 m7_us=250297877 m4_us=248103686 vdd=5.067 offset=0.5000 aref=3.145 loop_us_avg=93 loop_us_max=5402 loop_hz=10752 cycle_log_ms=1 n_cycle=4 cc=1 cc_hz=1025 cc_i_tgt=0.1000 cc_u=0.5212 cc_r=5.1402 cc_tau_ms=7.00
[  24.499] [ADC1
[  24.876] [STATUS] t_ms=243747 hwm=5 cap=256 dropped=0 dropped_total=2686 crc_err=0 crc_err_total=0 rate1=512 rate2=512 prod1=512 prod2=512 dac_err=0 tx_drop=1832926 hb_ms=0 sma_state=6 m7_us=251329263 m4_us=249135065 vdd=5.067 offset=0.5000 aref=3.145 loop_us_avg=94 loop_us_max=5415 loop_hz=10638 cycle_log_ms=1 n_cycle=4 cc=1 cc_hz=1025 cc_i_tgt=0.1000 cc_u=0.5097 cc_r=5.0336 cc_tau_ms=7.00
[  24.999] [SMA] [ACT] heat n=3/4 I=850.0mA ms=100
[  25.124] [SMA] [ACT] cool n=3/4 I=100.0mA ms=12000
[  25.503] [ADC1
[  25.503] ] STATUS alarm(s):
[  25.880] [STATUS] t_ms=244747 hwm=5 cap=256 dropped=0 dropped_total=2686 crc_err=0 crc_err_total=0 rate1=512 rate2=512 prod1=512 prod2=512 dac_err=0 tx_drop=1832926 hb_ms=0 sma_state=6 m7_us=252360844 m4_us=250166444 vdd=5.067 offset=0.5000 aref=3.145 loop_us_avg=92 loop_us_max=5466 loop_hz=10869 cycle_log_ms=1 n_cycle=4 cc=1 cc_hz=1023 cc_i_tgt=0.1000 cc_u=0.5000 cc_r=5.0087 cc_tau_ms=7.00
[  26.885] [STATUS] t_ms=245747 hwm=6 cap=256 dropped=0 dropped_total=2686 crc_err=0 crc_err_total=0 rate1=512 rate2=511 prod1=512 prod2=511 dac_err=0 tx_drop=1832926 hb_ms=0 sma_state=6 m7_us=253391453 m4_us=251196814 vdd=5.067 offset=0.5000 aref=3.145 loop_us_avg=92 loop_us_max=5837 loop_hz=10869 cycle_log_ms=1 n_cycle=4 cc=1 cc_hz=1024 cc_i_tgt=0.1000 cc_u=0.5009 cc_r=5.0206 cc_tau_ms=7.00
[  27.956] [STATUS] t_ms=246747 hwm=6 cap=256 dropped=0 dropped_total=2686 crc_err=0 crc_err_total=0 rate1=512 rate2=512 prod1=512 prod2=512 dac_err=0 tx_drop=1832926 hb_ms=0 sma_state=6 m7_us=254422805 m4_us=252228175 vdd=5.067 offset=0.5000 aref=3.145 loop_us_avg=92 loop_us_max=5422 loop_hz=10869 cycle_log_ms=1 n_cycle=4 cc=1 cc_hz=1026 cc_i_tgt=0.1000 cc_u=0.5000 cc_r=5.0772 cc_tau_ms=7.00
[  28.523] [ADC1] STATUS ala
[  28.967] [STATUS] t_ms=247747 hwm=6 cap=256 dropped=0 dropped_total=2686 crc_err=0 crc_err_total=0 rate1=512 rate2=513 prod1=512 prod2=513 dac_err=0 tx_drop=1832926 hb_ms=0 sma_state=6 m7_us=255454734 m4_us=253260543 vdd=5.067 offset=0.5000 aref=3.145 loop_us_avg=93 loop_us_max=5665 loop_hz=10752 cycle_log_ms=1 n_cycle=4 cc=1 cc_hz=1026 cc_i_tgt=0.1000 cc_u=0.5029 cc_r=5.0308 cc_tau_ms=7.00
[  29.534] [ADC1
[  30.039] [STATUS] t_ms=248747 hwm=5 cap=256 dropped=0 dropped_total=2686 crc_err=0 crc_err_total=0 rate1=512 rate2=512 prod1=512 prod2=512 dac_err=0 tx_drop=1832926 hb_ms=0 sma_state=6 m7_us=256486091 m4_us=254291891 vdd=5.067 offset=0.5000 aref=3.145 loop_us_avg=93 loop_us_max=5489 loop_hz=10752 cycle_log_ms=1 n_cycle=4 cc=1 cc_hz=1025 cc_i_tgt=0.1000 cc_u=0.5000 cc_r=4.9815 cc_tau_ms=7.00
[  30.545] [ADC1] STATUS alarm(s): 0xC9 PG
[  30.545] AL_ALM
[  31.049] [STATUS] t_ms=249747 hwm=5 cap=256 dropped=0 dropped_total=2686 crc_err=0 crc_err_total=0 rate1=512 rate2=511 prod1=512 prod2=511 dac_err=0 tx_drop=1832926 hb_ms=0 sma_state=6 m7_us=257516870 m4_us=255322222 vdd=5.067 offset=0.5000 aref=3.145 loop_us_avg=94 loop_us_max=5616 loop_hz=10638 cycle_log_ms=1 n_cycle=4 cc=1 cc_hz=1024 cc_i_tgt=0.1000 cc_u=0.5000 cc_r=5.1118 cc_tau_ms=7.00
[  32.056] [STATUS] t_ms=250747 hwm=6 cap=256 dropped=0 dropped_total=2686 crc_err=0 crc_err_total=0 rate1=512 rate2=512 prod1=512 prod2=512 dac_err=0 tx_drop=1832926 hb_ms=0 sma_state=6 m7_us=258548177 m4_us=256353557 vdd=5.067 offset=0.5000 aref=3.145 loop_us_avg=93 loop_us_max=5435 loop_hz=10752 cycle_log_ms=1 n_cycle=4 cc=1 cc_hz=1026 cc_i_tgt=0.1000 cc_u=0.5000 cc_r=4.9517 cc_tau_ms=7.00
[  33.127] [STATUS] t_ms=251747 hwm=6 cap=256 dropped=0 dropped_total=2686 crc_err=0 crc_err_total=0 rate1=512 rate2=512 prod1=512 prod2=512 dac_err=0 tx_drop=1832926 hb_ms=0 sma_state=6 m7_us=259579428 m4_us=257384894 vdd=5.067 offset=0.5000 aref=3.145 loop_us_avg=93 loop_us_max=5553 loop_hz=10752 cycle_log_ms=1 n_cycle=4 cc=1 cc_hz=1026 cc_i_tgt=0.1000 cc_u=0.5198 cc_r=5.0772 cc_tau_ms=7.00
[  34.133] [STATUS] t_ms=252747 hwm=5 cap=256 dropped=0 dropped_total=2686 crc_err=0 crc_err_total=0 rate1=512 rate2=512 prod1=512 prod2=512 dac_err=0 tx_drop=1832926 hb_ms=0 sma_state=6 m7_us=260610864 m4_us=258416242 vdd=5.067 offset=0.5000 aref=3.145 loop_us_avg=93 loop_us_max=5338 loop_hz=10752 cycle_log_ms=1 n_cycle=4 cc=1 cc_hz=1025 cc_i_tgt=0.1000 cc_u=0.5080 cc_r=5.1440 cc_tau_ms=7.00
[  34.576] [
[  35.146] [STATUS] t_ms=253747 hwm=6 cap=256 dropped=0 dropped_total=2686 crc_err=0 crc_err_total=0 rate1=512 rate2=512 prod1=512 prod2=512 dac_err=0 tx_drop=1832926 hb_ms=0 sma_state=6 m7_us=261642270 m4_us=259447647 vdd=5.067 offset=0.5000 aref=3.145 loop_us_avg=92 loop_us_max=5403 loop_hz=10869 cycle_log_ms=1 n_cycle=4 cc=1 cc_hz=1025 cc_i_tgt=0.1000 cc_u=0.5117 cc_r=4.9698 cc_tau_ms=7.00
[  35.524] [ADC1] STA
[  35.524] TUS alarm(s): 0x
[  36.217] [STATUS] t_ms=254747 hwm=6 cap=256 dropped=0 dropped_total=2686 crc_err=0 crc_err_total=0 rate1=512 rate2=512 prod1=512 prod2=512 dac_err=0 tx_drop=1832926 hb_ms=0 sma_state=6 m7_us=262673550 m4_us=260479019 vdd=5.067 offset=0.5000 aref=3.145 loop_us_avg=94 loop_us_max=5459 loop_hz=10638 cycle_log_ms=1 n_cycle=4 cc=1 cc_hz=1026 cc_i_tgt=0.1000 cc_u=0.5065 cc_r=5.0801 cc_tau_ms=7.00
[  37.224] [STATUS] t_ms=255747 hwm=5 cap=256 dropped=0 dropped_total=2686 crc_err=0 crc_err_total=0 rate1=512 rate2=512 prod1=512 prod2=512 dac_err=0 tx_drop=1832926 hb_ms=0 sma_state=6 m7_us=263705033 m4_us=261510398 vdd=5.067 offset=0.5000 aref=3.145 loop_us_avg=93 loop_us_max=5335 loop_hz=10752 cycle_log_ms=1 n_cycle=4 cc=1 cc_hz=1025 cc_i_tgt=0.1000 cc_u=0.5000 cc_r=4.9380 cc_tau_ms=7.00
[  37.476] [SMA] [ACT] heat n=4/4 I=850.0mA ms=100
[  37.602] [SMA] [ACT] cool n=4/4 I=100.0mA ms=12000
[  38.231] [STATUS] t_ms=256747 hwm=6 cap=256 dropped=0 dropped_total=2686 crc_err=0 crc_err_total=0 rate1=512 rate2=513 prod1=512 prod2=513 dac_err=0 tx_drop=1832926 hb_ms=0 sma_state=6 m7_us=264736967 m4_us=262542774 vdd=5.067 offset=0.5000 aref=3.145 loop_us_avg=93 loop_us_max=5480 loop_hz=10752 cycle_log_ms=1 n_cycle=4 cc=1 cc_hz=1024 cc_i_tgt=0.1000 cc_u=0.5000 cc_r=4.9193 cc_tau_ms=7.00
[  38.560] [ADC1] STATUS alarm(
[  39.313] [STATUS] t_ms=257747 hwm=19 cap=256 dropped=0 dropped_total=2686 crc_err=0 crc_err_total=0 rate1=512 rate2=512 prod1=512 prod2=512 dac_err=0 tx_drop=1832926 hb_ms=0 sma_state=6 m7_us=265768441 m4_us=263574096 vdd=5.067 offset=0.5000 aref=3.145 loop_us_avg=95 loop_us_max=19046 loop_hz=10526 cycle_log_ms=1 n_cycle=4 cc=1 cc_hz=1005 cc_i_tgt=0.1000 cc_u=0.5011 cc_r=5.0253 cc_tau_ms=7.00
[  40.320] [STATUS] t_ms=258747 hwm=5 cap=256 dropped=0 dropped_total=2686 crc_err=0 crc_err_total=0 rate1=512 rate2=511 prod1=512 prod2=511 dac_err=0 tx_drop=1832926 hb_ms=0 sma_state=6 m7_us=266799075 m4_us=264604453 vdd=5.067 offset=0.5000 aref=3.145 loop_us_avg=94 loop_us_max=5578 loop_hz=10638 cycle_log_ms=1 n_cycle=4 cc=1 cc_hz=1024 cc_i_tgt=0.1000 cc_u=0.5000 cc_r=4.9789 cc_tau_ms=7.00
[  41.328] [STATUS] t_ms=259747 hwm=6 cap=256 dropped=0 dropped_total=2686 crc_err=0 crc_err_total=0 rate1=512 rate2=512 prod1=512 prod2=512 dac_err=0 tx_drop=1832926 hb_ms=0 sma_state=6 m7_us=267830452 m4_us=265635832 vdd=5.067 offset=0.5000 aref=3.145 loop_us_avg=94 loop_us_max=5422 loop_hz=10638 cycle_log_ms=1 n_cycle=4 cc=1 cc_hz=1025 cc_i_tgt=0.1000 cc_u=0.5000 cc_r=5.0051 cc_tau_ms=7.00
[  42.399] [STATUS] t_ms=260747 hwm=6 cap=256 dropped=0 dropped_total=2686 crc_err=0 crc_err_total=0 rate1=512 rate2=513 prod1=512 prod2=513 dac_err=0 tx_drop=1832926 hb_ms=0 sma_state=6 m7_us=268862741 m4_us=266668236 vdd=5.067 offset=0.5000 aref=3.145 loop_us_avg=94 loop_us_max=5661 loop_hz=10638 cycle_log_ms=1 n_cycle=4 cc=1 cc_hz=1026 cc_i_tgt=0.1000 cc_u=0.5311 cc_r=5.0220 cc_tau_ms=7.00
[  42.589] [ADC1
[  42.589] ] STATUS alarm(s):
[  43.402] [STATUS] t_ms=261747 hwm=5 cap=256 dropped=0 dropped_total=2686 crc_err=0 crc_err_total=0 rate1=512 rate2=511 prod1=512 prod2=511 dac_err=0 tx_drop=1832926 hb_ms=0 sma_state=6 m7_us=269893245 m4_us=267698619 vdd=5.067 offset=0.5000 aref=3.145 loop_us_avg=94 loop_us_max=5419 loop_hz=10638 cycle_log_ms=1 n_cycle=4 cc=1 cc_hz=1024 cc_i_tgt=0.1000 cc_u=0.5011 cc_r=5.0069 cc_tau_ms=7.00
[  44.466] [STATUS] t_ms=262747 hwm=6 cap=256 dropped=0 dropped_total=2686 crc_err=0 crc_err_total=0 rate1=512 rate2=513 prod1=512 prod2=513 dac_err=0 tx_drop=1832926 hb_ms=0 sma_state=6 m7_us=270925641 m4_us=268731033 vdd=5.067 offset=0.5000 aref=3.145 loop_us_avg=94 loop_us_max=5652 loop_hz=10638 cycle_log_ms=1 n_cycle=4 cc=1 cc_hz=1026 cc_i_tgt=0.1000 cc_u=0.5072 cc_r=5.0533 cc_tau_ms=7.00
[  45.473] [STATUS] t_ms=263747 hwm=6 cap=256 dropped=0 dropped_total=2686 crc_err=0 crc_err_total=0 rate1=512 rate2=511 prod1=512 prod2=511 dac_err=0 tx_drop=1832926 hb_ms=0 sma_state=6 m7_us=271956033 m4_us=269761407 vdd=5.067 offset=0.5000 aref=3.145 loop_us_avg=92 loop_us_max=5516 loop_hz=10869 cycle_log_ms=1 n_cycle=4 cc=1 cc_hz=1024 cc_i_tgt=0.1000 cc_u=0.5130 cc_r=5.1398 cc_tau_ms=7.00
[  45.600] [ADC1] ST
[  46.488] [STATUS] t_ms=264747 hwm=6 cap=256 dropped=0 dropped_total=2686 crc_err=0 crc_err_total=0 rate1=512 rate2=512 prod1=512 prod2=512 dac_err=0 tx_drop=1832926 hb_ms=0 sma_state=6 m7_us=272987553 m4_us=270792850 vdd=5.067 offset=0.5000 aref=3.145 loop_us_avg=93 loop_us_max=5587 loop_hz=10752 cycle_log_ms=1 n_cycle=4 cc=1 cc_hz=1026 cc_i_tgt=0.1000 cc_u=0.5092 cc_r=5.0909 cc_tau_ms=7.00
[  46.613] [ADC
[  46.613] 1] STATUS alarm(s):
[  47.555] [STATUS] t_ms=265747 hwm=6 cap=256 dropped=0 dropped_total=2686 crc_err=0 crc_err_total=0 rate1=512 rate2=512 prod1=512 prod2=512 dac_err=0 tx_drop=1832926 hb_ms=0 sma_state=6 m7_us=274018895 m4_us=271824274 vdd=5.067 offset=0.5000 aref=3.145 loop_us_avg=92 loop_us_max=5500 loop_hz=10869 cycle_log_ms=1 n_cycle=4 cc=1 cc_hz=1026 cc_i_tgt=0.1000 cc_u=0.5092 cc_r=5.0391 cc_tau_ms=7.00
[  47.617] [ADC1]
[  47.617] STATUS alarm(s): 0x
[  48.561] [STATUS] t_ms=266747 hwm=6 cap=256 dropped=0 dropped_total=2686 crc_err=0 crc_err_total=0 rate1=512 rate2=512 prod1=512 prod2=512 dac_err=0 tx_drop=1832926 hb_ms=0 sma_state=6 m7_us=275050246 m4_us=272855618 vdd=5.067 offset=0.5000 aref=3.145 loop_us_avg=94 loop_us_max=5408 loop_hz=10638 cycle_log_ms=1 n_cycle=4 cc=1 cc_hz=1025 cc_i_tgt=0.1000 cc_u=0.5000 cc_r=5.0141 cc_tau_ms=7.00
[  49.630] [STATUS] t_ms=267747 hwm=6 cap=256 dropped=0 dropped_total=2686 crc_err=0 crc_err_total=0 rate1=512 rate2=512 prod1=512 prod2=512 dac_err=0 tx_drop=1832926 hb_ms=0 sma_state=6 m7_us=276081722 m4_us=273886971 vdd=5.067 offset=0.5000 aref=3.145 loop_us_avg=94 loop_us_max=5426 loop_hz=10638 cycle_log_ms=1 n_cycle=4 cc=1 cc_hz=1026 cc_i_tgt=0.1000 cc_u=0.5000 cc_r=5.0079 cc_tau_ms=7.00
[  49.945] [SMA] [ACT] -> idle (done) after 4 cycle(s); still armed
[  50.634] [STATUS] t_ms=268747 hwm=6 cap=256 dropped=0 dropped_total=2686 crc_err=0 crc_err_total=0 rate1=512 rate2=512 prod1=512 prod2=512 dac_err=0 tx_drop=1832926 hb_ms=0 sma_state=0 m7_us=277112904 m4_us=274918389 vdd=5.067 offset=0.5000 aref=3.145 loop_us_avg=30 loop_us_max=5537 loop_hz=33333 cycle_log_ms=1 n_cycle=4 cc=0 cc_hz=348 cc_i_tgt=0.1000 cc_u=0.5321 cc_r=5.1289 cc_tau_ms=7.00
[  50.634] [ADC1]
[  50.634] STATUS alarm(s):
