[   0.065] [SMA] ARMED (MOSFET on); idle=0.500 V
[   0.065] M
[   0.065] [AD
[   0.065] C1] STATUS alar
[   0.065] _ALM PGAH_ALM P
[   0.065] GAD_AL
[   0.256] [STATUS] t_ms=38946 hwm=256 cap=256 dropped=50 dropped_total=739 crc_err=0 crc_err_total=0 rate1=485 rate2=485 prod1=487 prod2=487 dac_err=0 tx_drop=429057 hb_ms=0 sma_state=0 m7_us=40483911 m4_us=38289605 vdd=5.067 offset=0.5000 aref=3.145 loop_us_avg=31 loop_us_max=312083 loop_hz=32258 cycle_log_ms=1 n_cycle=4 cc=0 cc_hz=0 cc_i_tgt=0.0000 cc_u=0.0000 cc_r=0.0000 cc_tau_ms=7.00
[   0.574] M
[   0.574] [ADC1] STATUS a
[   0.574] larm(s): 0xCF P
[   0.574] GAL_ALM PGAH_ALM PG
[   0.574] AD_AL
[   1.268] [STATUS] t_ms=39946 hwm=6 cap=256 dropped=0 dropped_total=739 crc_err=0 crc_err_total=0 rate1=512 rate2=512 prod1=512 prod2=512 dac_err=0 tx_drop=429057 hb_ms=0 sma_state=0 m7_us=41525832 m4_us=39331525 vdd=5.067 offset=0.5000 aref=3.145 loop_us_avg=22 loop_us_max=6250 loop_hz=45454 cycle_log_ms=1 n_cycle=4 cc=0 cc_hz=0 cc_i_tgt=0.0000 cc_u=0.0000 cc_r=0.0000 cc_tau_ms=7.00
[   1.585] M
[   1.585] [ADC1]
[   1.585] STATUS alarm(s)
[   1.585] PGAH_ALM PGAD_
[   1.585] A
[   0.064] [SMA] [CC] start i_high=750.0mA i_low=0.0mA t_high=400 t_idle=30000 n=4 (0=cont) tau_ms=7.0 wdt_ms=5000
[   0.127] [SMA] [CC] seed R=3.298 ohm  I=151.6 mA  u=0.500 V  n=104
[   0.127] [SMA] [ACT] heat n=1/4 I=750.0mA ms=400
[   0.316] [STATUS] t_ms=40946 hwm=4 cap=256 dropped=0 dropped_total=739 crc_err=0 crc_err_total=0 rate1=512 rate2=512 prod1=512 prod2=512 dac_err=0 tx_drop=429057 hb_ms=0 sma_state=5 m7_us=42568359 m4_us=40373493 vdd=5.067 offset=0.5000 aref=3.145 loop_us_avg=26 loop_us_max=4581 loop_hz=38461 cycle_log_ms=1 n_cycle=4 cc=1 cc_hz=159 cc_i_tgt=0.7500 cc_u=2.7003 cc_r=3.5894 cc_tau_ms=7.00
[   0.569] [SMA] [ACT] cool n=1/4 I=0.0mA ms=30000
[   0.569] [ADC1] STATUS
[   0.569] alarm(s): 0x4F PG
[   0.569] AL_ALM PGAH_ALM
[   0.569] PGAD_A
[   1.327] [STATUS] t_ms=41946 hwm=6 cap=256 dropped=0 dropped_total=739 crc_err=0 crc_err_total=0 rate1=512 rate2=512 prod1=512 prod2=512 dac_err=0 tx_drop=429057 hb_ms=0 sma_state=6 m7_us=43609627 m4_us=41415327 vdd=5.067 offset=0.5000 aref=3.145 loop_us_avg=40 loop_us_max=5317 loop_hz=25000 cycle_log_ms=1 n_cycle=4 cc=0 cc_hz=251 cc_i_tgt=0.7500 cc_u=2.6076 cc_r=3.5426 cc_tau_ms=7.00
[   1.645] [ADC1] STATUS a
[   1.645] larm(s): 0x4F PG
[   1.645] AL_ALM PGAH_ALM PGAD_A
[   2.404] [STATUS] t_ms=42946 hwm=5 cap=256 dropped=0 dropped_total=739 crc_err=0 crc_err_total=0 rate1=512 rate2=512 prod1=512 prod2=512 dac_err=0 tx_drop=429057 hb_ms=0 sma_state=6 m7_us=44651498 m4_us=42457176 vdd=5.067 offset=0.5000 aref=3.145 loop_us_avg=33 loop_us_max=4855 loop_hz=30303 cycle_log_ms=1 n_cycle=4 cc=0 cc_hz=0 cc_i_tgt=0.7500 cc_u=2.6076 cc_r=3.5426 cc_tau_ms=7.00
[   2.657] [ADC1] STATUS
[   2.657] alarm(s): 0x8F
[   2.657] M PGAD_A
[   3.418] [STATUS] t_ms=43946 hwm=5 cap=256 dropped=0 dropped_total=739 crc_err=0 crc_err_total=0 rate1=512 rate2=512 prod1=512 prod2=512 dac_err=0 tx_drop=429057 hb_ms=0 sma_state=6 m7_us=45693397 m4_us=43499064 vdd=5.067 offset=0.5000 aref=3.145 loop_us_avg=33 loop_us_max=4891 loop_hz=30303 cycle_log_ms=1 n_cycle=4 cc=0 cc_hz=0 cc_i_tgt=0.7500 cc_u=2.6076 cc_r=3.5426 cc_tau_ms=7.00
[   3.671] [ADC
[   4.490] [STATUS] t_ms=44946 hwm=5 cap=256 dropped=0 dropped_total=739 crc_err=0 crc_err_total=0 rate1=512 rate2=512 prod1=512 prod2=512 dac_err=0 tx_drop=429057 hb_ms=0 sma_state=6 m7_us=46735276 m4_us=44540939 vdd=5.067 offset=0.5000 aref=3.145 loop_us_avg=33 loop_us_max=4870 loop_hz=30303 cycle_log_ms=1 n_cycle=4 cc=0 cc_hz=0 cc_i_tgt=0.7500 cc_u=2.6076 cc_r=3.5426 cc_tau_ms=7.00
[   4.679] [ADC1] STATUS a
[   4.679] larm(s): 0x4F PGA
[   4.679] L_ALM PGAH_ALM
[   4.679] PGAD_A
[   5.502] [STATUS] t_ms=45946 hwm=5 cap=256 dropped=0 dropped_total=739 crc_err=0 crc_err_total=0 rate1=512 rate2=512 prod1=512 prod2=512 dac_err=0 tx_drop=429057 hb_ms=0 sma_state=6 m7_us=47777168 m4_us=45582831 vdd=5.067 offset=0.5000 aref=3.145 loop_us_avg=33 loop_us_max=4881 loop_hz=30303 cycle_log_ms=1 n_cycle=4 cc=0 cc_hz=0 cc_i_tgt=0.7500 cc_u=2.6076 cc_r=3.5426 cc_tau_ms=7.00
[   6.582] [STATUS] t_ms=46946 hwm=5 cap=256 dropped=0 dropped_total=739 crc_err=0 crc_err_total=0 rate1=512 rate2=512 prod1=512 prod2=512 dac_err=0 tx_drop=429057 hb_ms=0 sma_state=6 m7_us=48819057 m4_us=46624690 vdd=5.067 offset=0.5000 aref=3.145 loop_us_avg=33 loop_us_max=4880 loop_hz=30303 cycle_log_ms=1 n_cycle=4 cc=0 cc_hz=0 cc_i_tgt=0.7500 cc_u=2.6076 cc_r=3.5426 cc_tau_ms=7.00
[   6.708] [ADC1]
[   6.708] STATUS alarm(s)
[   6.708] GAH_ALM PGAD_A
[   7.597] [STATUS] t_ms=47946 hwm=5 cap=256 dropped=0 dropped_total=739 crc_err=0 crc_err_total=0 rate1=512 rate2=512 prod1=512 prod2=512 dac_err=0 tx_drop=429057 hb_ms=0 sma_state=6 m7_us=49860944 m4_us=47666559 vdd=5.067 offset=0.5000 aref=3.145 loop_us_avg=33 loop_us_max=4881 loop_hz=30303 cycle_log_ms=1 n_cycle=4 cc=0 cc_hz=0 cc_i_tgt=0.7500 cc_u=2.6076 cc_r=3.5426 cc_tau_ms=7.00
[   7.723] PGAD_A
[   8.607] [STATUS] t_ms=48946 hwm=5 cap=256 dropped=0 dropped_total=739 crc_err=0 crc_err_total=0 rate1=512 rate2=512 prod1=512 prod2=512 dac_err=0 tx_drop=429057 hb_ms=0 sma_state=6 m7_us=50902835 m4_us=48708453 vdd=5.067 offset=0.5000 aref=3.145 loop_us_avg=33 loop_us_max=4877 loop_hz=30303 cycle_log_ms=1 n_cycle=4 cc=0 cc_hz=0 cc_i_tgt=0.7500 cc_u=2.6076 cc_r=3.5426 cc_tau_ms=7.00
[   8.735] [ADC1] S
[   8.735] TATUS alarm(s):
[   9.683] [STATUS] t_ms=49946 hwm=5 cap=256 dropped=0 dropped_total=739 crc_err=0 crc_err_total=0 rate1=512 rate2=512 prod1=512 prod2=512 dac_err=0 tx_drop=429057 hb_ms=0 sma_state=6 m7_us=51944726 m4_us=49750328 vdd=5.067 offset=0.5000 aref=3.145 loop_us_avg=33 loop_us_max=4892 loop_hz=30303 cycle_log_ms=1 n_cycle=4 cc=0 cc_hz=0 cc_i_tgt=0.7500 cc_u=2.6076 cc_r=3.5426 cc_tau_ms=7.00
[   9.746] [ADC1]
[   9.746] STATUS alarm(s): 0x
[   9.746] _ALM PGAD_A
[  10.696] [STATUS] t_ms=50946 hwm=5 cap=256 dropped=0 dropped_total=739 crc_err=0 crc_err_total=0 rate1=512 rate2=512 prod1=512 prod2=512 dac_err=0 tx_drop=429057 hb_ms=0 sma_state=6 m7_us=52986611 m4_us=50792223 vdd=5.067 offset=0.5000 aref=3.145 loop_us_avg=33 loop_us_max=4880 loop_hz=30303 cycle_log_ms=1 n_cycle=4 cc=0 cc_hz=0 cc_i_tgt=0.7500 cc_u=2.6076 cc_r=3.5426 cc_tau_ms=7.00
[  10.759] [ADC1]
[  11.771] [STATUS] t_ms=51946 hwm=5 cap=256 dropped=0 dropped_total=739 crc_err=0 crc_err_total=0 rate1=512 rate2=512 prod1=512 prod2=512 dac_err=0 tx_drop=429057 hb_ms=0 sma_state=6 m7_us=54028510 m4_us=51834107 vdd=5.067 offset=0.5000 aref=3.145 loop_us_avg=33 loop_us_max=4893 loop_hz=30303 cycle_log_ms=1 n_cycle=4 cc=0 cc_hz=0 cc_i_tgt=0.7500 cc_u=2.6076 cc_r=3.5426 cc_tau_ms=7.00
[  11.771] [ADC1]
[  11.771] STATUS alarm(s)
[  11.771] PGAH_ALM PGAD_A
[  12.779] [STATUS] t_ms=52946 hwm=5 cap=256 dropped=0 dropped_total=739 crc_err=0 crc_err_total=0 rate1=512 rate2=512 prod1=512 prod2=512 dac_err=0 tx_drop=429057 hb_ms=0 sma_state=6 m7_us=55070390 m4_us=52875979 vdd=5.067 offset=0.5000 aref=3.145 loop_us_avg=33 loop_us_max=4890 loop_hz=30303 cycle_log_ms=1 n_cycle=4 cc=0 cc_hz=0 cc_i_tgt=0.7500 cc_u=2.6076 cc_r=3.5426 cc_tau_ms=7.00
[  13.848] [ADC1
[  13.848] ] STATUS alarm(s
[  13.848] LM PGAH_ALM PGAD_
[  13.848] [STATUS] t_ms=53946 hwm=5 cap=256 dropped=0 dropped_total=739 crc_err=0 crc_err_total=0 rate1=512 rate2=512 prod1=512 prod2=512 dac_err=0 tx_drop=429057 hb_ms=0 sma_state=6 m7_us=56112280 m4_us=53917874 vdd=5.067 offset=0.5000 aref=3.145 loop_us_avg=33 loop_us_max=4881 loop_hz=30303 cycle_log_ms=1 n_cycle=4 cc=0 cc_hz=0 cc_i_tgt=0.7500 cc_u=2.6076 cc_r=3.5426 cc_tau_ms=7.00
[  14.856] ALM
[  14.918] [STATUS] t_ms=54946 hwm=5 cap=256 dropped=0 dropped_total=739 crc_err=0 crc_err_total=0 rate1=512 rate2=512 prod1=512 prod2=512 dac_err=0 tx_drop=429057 hb_ms=0 sma_state=6 m7_us=57154169 m4_us=54959752 vdd=5.067 offset=0.5000 aref=3.145 loop_us_avg=33 loop_us_max=4881 loop_hz=30303 cycle_log_ms=1 n_cycle=4 cc=0 cc_hz=0 cc_i_tgt=0.7500 cc_u=2.6076 cc_r=3.5426 cc_tau_ms=7.00
[  15.864] ALM
[  15.864] [ADC1] STATUS
[  15.864] alarm(s): 0x4F P
[  15.864] GAL_ALM PGAH_ALM
[  15.864] PGAD_
[  15.928] [STATUS] t_ms=55946 hwm=5 cap=256 dropped=0 dropped_total=739 crc_err=0 crc_err_total=0 rate1=512 rate2=512 prod1=512 prod2=512 dac_err=0 tx_drop=429057 hb_ms=0 sma_state=6 m7_us=58196063 m4_us=56001583 vdd=5.067 offset=0.5000 aref=3.145 loop_us_avg=33 loop_us_max=4919 loop_hz=30303 cycle_log_ms=1 n_cycle=4 cc=0 cc_hz=0 cc_i_tgt=0.7500 cc_u=2.6076 cc_r=3.5426 cc_tau_ms=7.00
[  16.880] ALM
[  16.944] [STATUS] t_ms=56946 hwm=5 cap=256 dropped=0 dropped_total=739 crc_err=0 crc_err_total=0 rate1=512 rate2=512 prod1=512 prod2=512 dac_err=0 tx_drop=429057 hb_ms=0 sma_state=6 m7_us=59237948 m4_us=57043426 vdd=5.067 offset=0.5000 aref=3.145 loop_us_avg=33 loop_us_max=4886 loop_hz=30303 cycle_log_ms=1 n_cycle=4 cc=0 cc_hz=0 cc_i_tgt=0.7500 cc_u=2.6076 cc_r=3.5426 cc_tau_ms=7.00
[  17.894] ALM
[  17.894] [A
[  17.894] DC1] STATUS alar
[  17.894] _ALM PGAH_ALM PGAD_
[  18.021] [STATUS] t_ms=57946 hwm=5 cap=256 dropped=0 dropped_total=739 crc_err=0 crc_err_total=0 rate1=512 rate2=512 prod1=512 prod2=512 dac_err=0 tx_drop=429057 hb_ms=0 sma_state=6 m7_us=60279864 m4_us=58085272 vdd=5.067 offset=0.5000 aref=3.145 loop_us_avg=33 loop_us_max=4882 loop_hz=30303 cycle_log_ms=1 n_cycle=4 cc=0 cc_hz=0 cc_i_tgt=0.7500 cc_u=2.6076 cc_r=3.5426 cc_tau_ms=7.00
[  18.904] ALM
[  18.904] PGAD_
[  19.031] [STATUS] t_ms=58946 hwm=5 cap=256 dropped=0 dropped_total=739 crc_err=0 crc_err_total=0 rate1=512 rate2=512 prod1=512 prod2=512 dac_err=0 tx_drop=429057 hb_ms=0 sma_state=6 m7_us=61321444 m4_us=59127135 vdd=5.067 offset=0.5000 aref=3.145 loop_us_avg=33 loop_us_max=4924 loop_hz=30303 cycle_log_ms=1 n_cycle=4 cc=0 cc_hz=0 cc_i_tgt=0.7500 cc_u=2.6076 cc_r=3.5426 cc_tau_ms=7.00
[  19.921] ALM
[  20.110] [STATUS] t_ms=59946 hwm=5 cap=256 dropped=0 dropped_total=739 crc_err=0 crc_err_total=0 rate1=512 rate2=512 prod1=512 prod2=512 dac_err=0 tx_drop=429057 hb_ms=0 sma_state=6 m7_us=62363341 m4_us=60169023 vdd=5.067 offset=0.5000 aref=3.145 loop_us_avg=33 loop_us_max=4864 loop_hz=30303 cycle_log_ms=1 n_cycle=4 cc=0 cc_hz=0 cc_i_tgt=0.7500 cc_u=2.6076 cc_r=3.5426 cc_tau_ms=7.00
[  20.931] ALM
[  20.931] [ADC1] STATUS al
[  20.931] arm(s): 0x8F PG
[  20.931] AL_ALM PGAH_ALM PGAD_
[  21.120] [STATUS] t_ms=60946 hwm=5 cap=256 dropped=0 dropped_total=739 crc_err=0 crc_err_total=0 rate1=512 rate2=512 prod1=512 prod2=512 dac_err=0 tx_drop=429057 hb_ms=0 sma_state=6 m7_us=63405252 m4_us=61210879 vdd=5.067 offset=0.5000 aref=3.145 loop_us_avg=33 loop_us_max=4889 loop_hz=30303 cycle_log_ms=1 n_cycle=4 cc=0 cc_hz=0 cc_i_tgt=0.7500 cc_u=2.6076 cc_r=3.5426 cc_tau_ms=7.00
[  21.943] ALM
[  21.943] H_ALM PGAD_
[  22.196] [STATUS] t_ms=61946 hwm=5 cap=256 dropped=0 dropped_total=739 crc_err=0 crc_err_total=0 rate1=512 rate2=512 prod1=512 prod2=512 dac_err=0 tx_drop=429057 hb_ms=0 sma_state=6 m7_us=64447161 m4_us=62252779 vdd=5.067 offset=0.5000 aref=3.145 loop_us_avg=33 loop_us_max=4893 loop_hz=30303 cycle_log_ms=1 n_cycle=4 cc=0 cc_hz=0 cc_i_tgt=0.7500 cc_u=2.6076 cc_r=3.5426 cc_tau_ms=7.00
[  22.954] ALM
[  22.954] [
[  22.954] ADC1] STATUS ala
[  22.954] rm(s): 0x4F PGA
[  22.954] L_ALM PGAH_ALM PGAD_
[  23.207] [STATUS] t_ms=62946 hwm=5 cap=256 dropped=0 dropped_total=739 crc_err=0 crc_err_total=0 rate1=512 rate2=512 prod1=512 prod2=512 dac_err=0 tx_drop=429057 hb_ms=0 sma_state=6 m7_us=65489076 m4_us=63294677 vdd=5.067 offset=0.5000 aref=3.145 loop_us_avg=33 loop_us_max=4897 loop_hz=30303 cycle_log_ms=1 n_cycle=4 cc=0 cc_hz=0 cc_i_tgt=0.7500 cc_u=2.6076 cc_r=3.5426 cc_tau_ms=7.00
[  23.967] ALM
[  24.031] [ADC1] STATUS a
[  24.031] larm(s): 0x4F PGA
[  24.031] L_ALM PGAH_ALM P
[  24.031] GAD_
[  24.284] [STATUS] t_ms=63946 hwm=5 cap=256 dropped=0 dropped_total=739 crc_err=0 crc_err_total=0 rate1=512 rate2=512 prod1=512 prod2=512 dac_err=0 tx_drop=429057 hb_ms=0 sma_state=6 m7_us=66530994 m4_us=64336607 vdd=5.067 offset=0.5000 aref=3.145 loop_us_avg=33 loop_us_max=4894 loop_hz=30303 cycle_log_ms=1 n_cycle=4 cc=0 cc_hz=0 cc_i_tgt=0.7500 cc_u=2.6076 cc_r=3.5426 cc_tau_ms=7.00
[  25.039] AL
[  25.039] M
[  25.294] [STATUS] t_ms=64946 hwm=5 cap=256 dropped=0 dropped_total=739 crc_err=0 crc_err_total=0 rate1=512 rate2=512 prod1=512 prod2=512 dac_err=0 tx_drop=429057 hb_ms=0 sma_state=6 m7_us=67572888 m4_us=65378539 vdd=5.067 offset=0.5000 aref=3.145 loop_us_avg=33 loop_us_max=4876 loop_hz=30303 cycle_log_ms=1 n_cycle=4 cc=0 cc_hz=0 cc_i_tgt=0.7500 cc_u=2.6076 cc_r=3.5426 cc_tau_ms=7.00
[  26.047] ALM
[  26.047] [AD
[  26.047] C1] STATUS alarm(s
[  26.047] PGAH_ALM PGAD_
[  26.362] [STATUS] t_ms=65946 hwm=5 cap=256 dropped=0 dropped_total=739 crc_err=0 crc_err_total=0 rate1=512 rate2=512 prod1=512 prod2=512 dac_err=0 tx_drop=429057 hb_ms=0 sma_state=6 m7_us=68614792 m4_us=66420447 vdd=5.067 offset=0.5000 aref=3.145 loop_us_avg=33 loop_us_max=4883 loop_hz=30303 cycle_log_ms=1 n_cycle=4 cc=0 cc_hz=0 cc_i_tgt=0.7500 cc_u=2.6076 cc_r=3.5426 cc_tau_ms=7.00
[  27.053] ALM
[  27.370] [STATUS] t_ms=66946 hwm=5 cap=256 dropped=0 dropped_total=739 crc_err=0 crc_err_total=0 rate1=512 rate2=512 prod1=512 prod2=512 dac_err=0 tx_drop=429057 hb_ms=0 sma_state=6 m7_us=69656681 m4_us=67462299 vdd=5.067 offset=0.5000 aref=3.145 loop_us_avg=33 loop_us_max=4881 loop_hz=30303 cycle_log_ms=1 n_cycle=4 cc=0 cc_hz=0 cc_i_tgt=0.7500 cc_u=2.6076 cc_r=3.5426 cc_tau_ms=7.00
[  28.069] ALM
[  28.069] [ADC1] STATUS alar
[  28.069] _ALM PGAH_ALM PGAD_
[  28.452] [STATUS] t_ms=67946 hwm=5 cap=256 dropped=0 dropped_total=739 crc_err=0 crc_err_total=0 rate1=512 rate2=512 prod1=512 prod2=512 dac_err=0 tx_drop=429057 hb_ms=0 sma_state=6 m7_us=70698575 m4_us=68504181 vdd=5.067 offset=0.5000 aref=3.145 loop_us_avg=33 loop_us_max=4902 loop_hz=30303 cycle_log_ms=1 n_cycle=4 cc=0 cc_hz=0 cc_i_tgt=0.7500 cc_u=2.6076 cc_r=3.5426 cc_tau_ms=7.00
[  29.083] ALM
[  29.083] [ADC1] STATUS al
[  29.083] arm(s): 0x4F PGA
[  29.083] L_ALM PGAH_ALM PGAD
[  29.083] _
[  29.463] [STATUS] t_ms=68946 hwm=5 cap=256 dropped=0 dropped_total=739 crc_err=0 crc_err_total=0 rate1=512 rate2=512 prod1=512 prod2=512 dac_err=0 tx_drop=429057 hb_ms=0 sma_state=6 m7_us=71740764 m4_us=69546149 vdd=5.067 offset=0.5000 aref=3.145 loop_us_avg=33 loop_us_max=4884 loop_hz=30303 cycle_log_ms=1 n_cycle=4 cc=0 cc_hz=0 cc_i_tgt=0.7500 cc_u=2.6076 cc_r=3.5426 cc_tau_ms=7.00
[  30.095] ALM
[  30.095] [ADC1]
[  30.095] STATUS alarm(s):
[  30.095] AH_ALM PGAD_
[  30.541] [STATUS] t_ms=69946 hwm=5 cap=256 dropped=0 dropped_total=739 crc_err=0 crc_err_total=0 rate1=512 rate2=512 prod1=512 prod2=512 dac_err=0 tx_drop=429057 hb_ms=0 sma_state=6 m7_us=72782666 m4_us=70588123 vdd=5.067 offset=0.5000 aref=3.145 loop_us_avg=33 loop_us_max=5159 loop_hz=30303 cycle_log_ms=1 n_cycle=4 cc=0 cc_hz=0 cc_i_tgt=0.7500 cc_u=2.6076 cc_r=3.5426 cc_tau_ms=7.00
[  31.108] ALM
[  31.108] [ADC1]
[  31.108] STATUS alarm(s)
[  31.108] AH_ALM PGAD_
[  31.552] [STATUS] t_ms=70946 hwm=5 cap=256 dropped=0 dropped_total=739 crc_err=0 crc_err_total=0 rate1=512 rate2=512 prod1=512 prod2=512 dac_err=0 tx_drop=429057 hb_ms=0 sma_state=6 m7_us=73824567 m4_us=71630107 vdd=5.067 offset=0.5000 aref=3.145 loop_us_avg=33 loop_us_max=4893 loop_hz=30303 cycle_log_ms=1 n_cycle=4 cc=0 cc_hz=0 cc_i_tgt=0.7500 cc_u=2.6076 cc_r=3.5426 cc_tau_ms=7.00
[  31.804] [SMA] [ACT] heat n=2/4 I=750.0mA ms=400
[  32.121] ALM
[  32.246] [SMA] [ACT] cool n=2/4 I=0.0mA ms=30000
[  32.624] [STATUS] t_ms=71946 hwm=5 cap=256 dropped=0 dropped_total=739 crc_err=0 crc_err_total=0 rate1=512 rate2=512 prod1=512 prod2=512 dac_err=0 tx_drop=429057 hb_ms=0 sma_state=6 m7_us=74866268 m4_us=72671963 vdd=5.067 offset=0.5000 aref=3.145 loop_us_avg=45 loop_us_max=4896 loop_hz=22222 cycle_log_ms=1 n_cycle=4 cc=0 cc_hz=416 cc_i_tgt=0.7500 cc_u=2.5946 cc_r=3.5238 cc_tau_ms=7.00
[  33.130] ALM
[  33.130] [ADC1] STATUS al
[  33.130] ALM PGAH_ALM PGAD_
[  33.634] [STATUS] t_ms=72946 hwm=5 cap=256 dropped=0 dropped_total=739 crc_err=0 crc_err_total=0 rate1=512 rate2=512 prod1=512 prod2=512 dac_err=0 tx_drop=429057 hb_ms=0 sma_state=6 m7_us=75908216 m4_us=73713909 vdd=5.067 offset=0.5000 aref=3.145 loop_us_avg=33 loop_us_max=4863 loop_hz=30303 cycle_log_ms=1 n_cycle=4 cc=0 cc_hz=0 cc_i_tgt=0.7500 cc_u=2.5946 cc_r=3.5238 cc_tau_ms=7.00
[  34.205] ALM
[  34.205] PGAH_ALM PGAD_
[  34.711] [STATUS] t_ms=73946 hwm=5 cap=256 dropped=0 dropped_total=739 crc_err=0 crc_err_total=0 rate1=512 rate2=512 prod1=512 prod2=512 dac_err=0 tx_drop=429057 hb_ms=0 sma_state=6 m7_us=76950166 m4_us=74755864 vdd=5.067 offset=0.5000 aref=3.145 loop_us_avg=33 loop_us_max=4879 loop_hz=30303 cycle_log_ms=1 n_cycle=4 cc=0 cc_hz=0 cc_i_tgt=0.7500 cc_u=2.5946 cc_r=3.5238 cc_tau_ms=7.00
[  35.218] ALM
[  35.218] [ADC1] STATUS ala
[  35.725] [STATUS] t_ms=74946 hwm=5 cap=256 dropped=0 dropped_total=739 crc_err=0 crc_err_total=0 rate1=512 rate2=512 prod1=512 prod2=512 dac_err=0 tx_drop=429057 hb_ms=0 sma_state=6 m7_us=77992095 m4_us=75797781 vdd=5.067 offset=0.5000 aref=3.145 loop_us_avg=33 loop_us_max=4854 loop_hz=30303 cycle_log_ms=1 n_cycle=4 cc=0 cc_hz=0 cc_i_tgt=0.7500 cc_u=2.5946 cc_r=3.5238 cc_tau_ms=7.00
[  36.230] ALM
[  36.230] [ADC
[  36.230] 1] STATUS alarm(
[  36.230] PGAH_ALM PGAD_
[  36.737] [STATUS] t_ms=75946 hwm=5 cap=256 dropped=0 dropped_total=739 crc_err=0 crc_err_total=0 rate1=512 rate2=512 prod1=512 prod2=512 dac_err=0 tx_drop=429057 hb_ms=0 sma_state=6 m7_us=79034032 m4_us=76839682 vdd=5.067 offset=0.5000 aref=3.145 loop_us_avg=33 loop_us_max=4897 loop_hz=30303 cycle_log_ms=1 n_cycle=4 cc=0 cc_hz=0 cc_i_tgt=0.7500 cc_u=2.5946 cc_r=3.5238 cc_tau_ms=7.00
[  37.245] ALM
[  37.812] [STATUS] t_ms=76946 hwm=5 cap=256 dropped=0 dropped_total=739 crc_err=0 crc_err_total=0 rate1=512 rate2=512 prod1=512 prod2=512 dac_err=0 tx_drop=429057 hb_ms=0 sma_state=6 m7_us=80075926 m4_us=77881605 vdd=5.067 offset=0.5000 aref=3.145 loop_us_avg=33 loop_us_max=4886 loop_hz=30303 cycle_log_ms=1 n_cycle=4 cc=0 cc_hz=0 cc_i_tgt=0.7500 cc_u=2.5946 cc_r=3.5238 cc_tau_ms=7.00
[  38.256] ALM
[  38.256] [ADC1] STATUS alar
[  38.256] _ALM PGAH_ALM PGAD
[  38.256] _
[  38.827] [STATUS] t_ms=77946 hwm=5 cap=256 dropped=0 dropped_total=739 crc_err=0 crc_err_total=0 rate1=512 rate2=512 prod1=512 prod2=512 dac_err=0 tx_drop=429057 hb_ms=0 sma_state=6 m7_us=81117820 m4_us=78923499 vdd=5.067 offset=0.5000 aref=3.145 loop_us_avg=33 loop_us_max=4885 loop_hz=30303 cycle_log_ms=1 n_cycle=4 cc=0 cc_hz=0 cc_i_tgt=0.7500 cc_u=2.5946 cc_r=3.5238 cc_tau_ms=7.00
[  39.269] ALM
[  39.269] PGAD_
[  39.903] [STATUS] t_ms=78946 hwm=5 cap=256 dropped=0 dropped_total=739 crc_err=0 crc_err_total=0 rate1=512 rate2=512 prod1=512 prod2=512 dac_err=0 tx_drop=429057 hb_ms=0 sma_state=6 m7_us=82159769 m4_us=79965467 vdd=5.067 offset=0.5000 aref=3.145 loop_us_avg=33 loop_us_max=4871 loop_hz=30303 cycle_log_ms=1 n_cycle=4 cc=0 cc_hz=0 cc_i_tgt=0.7500 cc_u=2.5946 cc_r=3.5238 cc_tau_ms=7.00
[  40.280] ALM
[  40.280] [ADC1
[  40.280] ] STATUS alarm(s
[  40.912] [STATUS] t_ms=79946 hwm=5 cap=256 dropped=0 dropped_total=739 crc_err=0 crc_err_total=0 rate1=512 rate2=512 prod1=512 prod2=512 dac_err=0 tx_drop=429057 hb_ms=0 sma_state=6 m7_us=83201746 m4_us=81007442 vdd=5.067 offset=0.5000 aref=3.145 loop_us_avg=33 loop_us_max=4864 loop_hz=30303 cycle_log_ms=1 n_cycle=4 cc=0 cc_hz=0 cc_i_tgt=0.7500 cc_u=2.5946 cc_r=3.5238 cc_tau_ms=7.00
[  41.293] ALM
[  41.293] [A
[  41.293] DC1] STATUS alarm
[  41.293] LM PGAH_ALM PGAD
[  41.293] _
[  41.987] [STATUS] t_ms=80946 hwm=5 cap=256 dropped=0 dropped_total=739 crc_err=0 crc_err_total=0 rate1=512 rate2=512 prod1=512 prod2=512 dac_err=0 tx_drop=429057 hb_ms=0 sma_state=6 m7_us=84243753 m4_us=82049416 vdd=5.067 offset=0.5000 aref=3.145 loop_us_avg=33 loop_us_max=4859 loop_hz=30303 cycle_log_ms=1 n_cycle=4 cc=0 cc_hz=0 cc_i_tgt=0.7500 cc_u=2.5946 cc_r=3.5238 cc_tau_ms=7.00
[  42.302] ALM
[  42.302] [ADC1]
[  42.998] [STATUS] t_ms=81946 hwm=5 cap=256 dropped=0 dropped_total=739 crc_err=0 crc_err_total=0 rate1=512 rate2=512 prod1=512 prod2=512 dac_err=0 tx_drop=429057 hb_ms=0 sma_state=6 m7_us=85285650 m4_us=83091333 vdd=5.067 offset=0.5000 aref=3.145 loop_us_avg=33 loop_us_max=4880 loop_hz=30303 cycle_log_ms=1 n_cycle=4 cc=0 cc_hz=0 cc_i_tgt=0.7500 cc_u=2.5946 cc_r=3.5238 cc_tau_ms=7.00
[  43.315] ALM
[  43.315] [ADC1] STATUS a
[  43.315] larm(s): 0x4F PG
[  43.315] AL_ALM PGAH_ALM P
[  43.315] GAD_
[  44.077] [STATUS] t_ms=82946 hwm=5 cap=256 dropped=0 dropped_total=739 crc_err=0 crc_err_total=0 rate1=512 rate2=512 prod1=512 prod2=512 dac_err=0 tx_drop=429057 hb_ms=0 sma_state=6 m7_us=86327557 m4_us=84133243 vdd=5.067 offset=0.5000 aref=3.145 loop_us_avg=33 loop_us_max=4855 loop_hz=30303 cycle_log_ms=1 n_cycle=4 cc=0 cc_hz=0 cc_i_tgt=0.7500 cc_u=2.5946 cc_r=3.5238 cc_tau_ms=7.00
[  44.329] ALM
[  44.329] [ADC1
[  45.090] [STATUS] t_ms=83946 hwm=5 cap=256 dropped=0 dropped_total=739 crc_err=0 crc_err_total=0 rate1=512 rate2=512 prod1=512 prod2=512 dac_err=0 tx_drop=429057 hb_ms=0 sma_state=6 m7_us=87369518 m4_us=85175157 vdd=5.067 offset=0.5000 aref=3.145 loop_us_avg=33 loop_us_max=4923 loop_hz=30303 cycle_log_ms=1 n_cycle=4 cc=0 cc_hz=0 cc_i_tgt=0.7500 cc_u=2.5946 cc_r=3.5238 cc_tau_ms=7.00
[  45.342] ALM
[  45.342] [ADC1]
[  45.342] STATUS alarm(s)
[  45.342] GAH_ALM PGAD_
[  46.167] [STATUS] t_ms=84946 hwm=5 cap=256 dropped=0 dropped_total=739 crc_err=0 crc_err_total=0 rate1=512 rate2=512 prod1=512 prod2=512 dac_err=0 tx_drop=429057 hb_ms=0 sma_state=6 m7_us=88411434 m4_us=86217077 vdd=5.067 offset=0.5000 aref=3.145 loop_us_avg=33 loop_us_max=4886 loop_hz=30303 cycle_log_ms=1 n_cycle=4 cc=0 cc_hz=0 cc_i_tgt=0.7500 cc_u=2.5946 cc_r=3.5238 cc_tau_ms=7.00
[  46.357] ALM
[  47.181] [STATUS] t_ms=85946 hwm=5 cap=256 dropped=0 dropped_total=739 crc_err=0 crc_err_total=0 rate1=512 rate2=512 prod1=512 prod2=512 dac_err=0 tx_drop=429057 hb_ms=0 sma_state=6 m7_us=89453370 m4_us=87259007 vdd=5.067 offset=0.5000 aref=3.145 loop_us_avg=33 loop_us_max=4934 loop_hz=30303 cycle_log_ms=1 n_cycle=4 cc=0 cc_hz=0 cc_i_tgt=0.7500 cc_u=2.5946 cc_r=3.5238 cc_tau_ms=7.00
[  47.371] AL
[  47.371] M
[  47.371] [ADC1] STATUS
[  47.371] alarm(s): 0xCF P
[  47.371] GAL_ALM PGAH_ALM PGAD_
[  48.257] [STATUS] t_ms=86946 hwm=5 cap=256 dropped=0 dropped_total=739 crc_err=0 crc_err_total=0 rate1=512 rate2=512 prod1=512 prod2=512 dac_err=0 tx_drop=429057 hb_ms=0 sma_state=6 m7_us=90495282 m4_us=88300917 vdd=5.067 offset=0.5000 aref=3.145 loop_us_avg=33 loop_us_max=4891 loop_hz=30303 cycle_log_ms=1 n_cycle=4 cc=0 cc_hz=0 cc_i_tgt=0.7500 cc_u=2.5946 cc_r=3.5238 cc_tau_ms=7.00
[  48.447] ALM
[  48.447] [ADC1] STATUS
[  48.447] alarm(s): 0x4F P
[  48.447] GAL_ALM PGAH_ALM
[  48.447] PGAD
[  49.267] [STATUS] t_ms=87946 hwm=5 cap=256 dropped=0 dropped_total=739 crc_err=0 crc_err_total=0 rate1=512 rate2=512 prod1=512 prod2=512 dac_err=0 tx_drop=429057 hb_ms=0 sma_state=6 m7_us=91537190 m4_us=89342789 vdd=5.067 offset=0.5000 aref=3.145 loop_us_avg=33 loop_us_max=4901 loop_hz=30303 cycle_log_ms=1 n_cycle=4 cc=0 cc_hz=0 cc_i_tgt=0.7500 cc_u=2.5946 cc_r=3.5238 cc_tau_ms=7.00
[  49.457] _ALM
[  49.457] [A
[  49.457] DC1] STATUS alarm(
[  50.285] [STATUS] t_ms=88946 hwm=5 cap=256 dropped=0 dropped_total=739 crc_err=0 crc_err_total=0 rate1=512 rate2=512 prod1=512 prod2=512 dac_err=0 tx_drop=429057 hb_ms=0 sma_state=6 m7_us=92579097 m4_us=90384645 vdd=5.067 offset=0.5000 aref=3.145 loop_us_avg=33 loop_us_max=4888 loop_hz=30303 cycle_log_ms=1 n_cycle=4 cc=0 cc_hz=0 cc_i_tgt=0.7500 cc_u=2.5946 cc_r=3.5238 cc_tau_ms=7.00
[  50.475] _ALM
[  50.475] [AD
[  50.475] C1] STATUS alarm(
[  50.475] LM PGAH_ALM PGAD
[  51.362] [STATUS] t_ms=89946 hwm=5 cap=256 dropped=0 dropped_total=739 crc_err=0 crc_err_total=0 rate1=512 rate2=512 prod1=512 prod2=512 dac_err=0 tx_drop=429057 hb_ms=0 sma_state=6 m7_us=93621003 m4_us=91426504 vdd=5.067 offset=0.5000 aref=3.145 loop_us_avg=33 loop_us_max=4889 loop_hz=30303 cycle_log_ms=1 n_cycle=4 cc=0 cc_hz=0 cc_i_tgt=0.7500 cc_u=2.5946 cc_r=3.5238 cc_tau_ms=7.00
[  51.488] _ALM
[  51.488] [A
[  52.376] [STATUS] t_ms=90946 hwm=5 cap=256 dropped=0 dropped_total=739 crc_err=0 crc_err_total=0 rate1=512 rate2=512 prod1=512 prod2=512 dac_err=0 tx_drop=429057 hb_ms=0 sma_state=6 m7_us=94662900 m4_us=92468402 vdd=5.067 offset=0.5000 aref=3.145 loop_us_avg=33 loop_us_max=4876 loop_hz=30303 cycle_log_ms=1 n_cycle=4 cc=0 cc_hz=0 cc_i_tgt=0.7500 cc_u=2.5946 cc_r=3.5238 cc_tau_ms=7.00
[  52.503] _ALM
[  52.503] [ADC1] STATUS
[  52.503] alarm(s): 0x4F PG
[  52.503] AL_ALM PGAH_ALM
[  52.503] PGAD
[  53.453] [STATUS] t_ms=91946 hwm=5 cap=256 dropped=0 dropped_total=739 crc_err=0 crc_err_total=0 rate1=512 rate2=512 prod1=512 prod2=512 dac_err=0 tx_drop=429057 hb_ms=0 sma_state=6 m7_us=95704789 m4_us=93510347 vdd=5.067 offset=0.5000 aref=3.145 loop_us_avg=33 loop_us_max=4916 loop_hz=30303 cycle_log_ms=1 n_cycle=4 cc=0 cc_hz=0 cc_i_tgt=0.7500 cc_u=2.5946 cc_r=3.5238 cc_tau_ms=7.00
[  53.517] _ALM
[  54.470] [STATUS] t_ms=92946 hwm=5 cap=256 dropped=0 dropped_total=739 crc_err=0 crc_err_total=0 rate1=512 rate2=512 prod1=512 prod2=512 dac_err=0 tx_drop=429057 hb_ms=0 sma_state=6 m7_us=96746675 m4_us=94552283 vdd=5.067 offset=0.5000 aref=3.145 loop_us_avg=33 loop_us_max=4881 loop_hz=30303 cycle_log_ms=1 n_cycle=4 cc=0 cc_hz=0 cc_i_tgt=0.7500 cc_u=2.5946 cc_r=3.5238 cc_tau_ms=7.00
[  54.534] _AL
[  54.534] M
[  54.534] [ADC1] STATUS
[  54.534] alarm(s): 0x4F P
[  54.534] GAL_ALM PGAH_ALM PGAD
[  55.544] [STATUS] t_ms=93946 hwm=5 cap=256 dropped=0 dropped_total=739 crc_err=0 crc_err_total=0 rate1=512 rate2=512 prod1=512 prod2=512 dac_err=0 tx_drop=429057 hb_ms=0 sma_state=6 m7_us=97788571 m4_us=95594184 vdd=5.067 offset=0.5000 aref=3.145 loop_us_avg=33 loop_us_max=4880 loop_hz=30303 cycle_log_ms=1 n_cycle=4 cc=0 cc_hz=0 cc_i_tgt=0.7500 cc_u=2.5946 cc_r=3.5238 cc_tau_ms=7.00
[  55.544] _ALM
[  55.544] [ADC1] STATUS
[  55.544] alarm(s): 0xCF PG
[  55.544] AL_ALM PGAH_ALM
[  55.544] PGAD
[  56.559] _ALM
[  56.559] [ADC1] STATUS al
[  56.559] [STATUS] t_ms=94946 hwm=5 cap=256 dropped=0 dropped_total=739 crc_err=0 crc_err_total=0 rate1=512 rate2=512 prod1=512 prod2=512 dac_err=0 tx_drop=429057 hb_ms=0 sma_state=6 m7_us=98830731 m4_us=96636637 vdd=5.067 offset=0.5000 aref=3.145 loop_us_avg=33 loop_us_max=4883 loop_hz=30303 cycle_log_ms=1 n_cycle=4 cc=0 cc_hz=0 cc_i_tgt=0.7500 cc_u=2.5946 cc_r=3.5238 cc_tau_ms=7.00
[  57.572] _ALM
[  57.635] [STATUS] t_ms=95946 hwm=5 cap=256 dropped=0 dropped_total=739 crc_err=0 crc_err_total=0 rate1=512 rate2=512 prod1=512 prod2=512 dac_err=0 tx_drop=429057 hb_ms=0 sma_state=6 m7_us=99872290 m4_us=97677973 vdd=5.067 offset=0.5000 aref=3.145 loop_us_avg=33 loop_us_max=4933 loop_hz=30303 cycle_log_ms=1 n_cycle=4 cc=0 cc_hz=0 cc_i_tgt=0.7500 cc_u=2.5946 cc_r=3.5238 cc_tau_ms=7.00
[  58.585] _ALM
[  58.648] [STATUS] t_ms=96946 hwm=5 cap=256 dropped=0 dropped_total=739 crc_err=0 crc_err_total=0 rate1=512 rate2=512 prod1=512 prod2=512 dac_err=0 tx_drop=429057 hb_ms=0 sma_state=6 m7_us=100914201 m4_us=98719867 vdd=5.067 offset=0.5000 aref=3.145 loop_us_avg=33 loop_us_max=4879 loop_hz=30303 cycle_log_ms=1 n_cycle=4 cc=0 cc_hz=0 cc_i_tgt=0.7500 cc_u=2.5946 cc_r=3.5238 cc_tau_ms=7.00
[  59.599] _ALM
[  59.599] [ADC1] STATUS al
[  59.599] arm(s): 0x8F PG
[  59.599] AL_ALM PGAH_ALM PGAD
[  59.663] [STATUS] t_ms=97946 hwm=5 cap=256 dropped=0 dropped_total=739 crc_err=0 crc_err_total=0 rate1=512 rate2=512 prod1=512 prod2=512 dac_err=0 tx_drop=429057 hb_ms=0 sma_state=6 m7_us=101956099 m4_us=99761733 vdd=5.067 offset=0.5000 aref=3.145 loop_us_avg=33 loop_us_max=4886 loop_hz=30303 cycle_log_ms=1 n_cycle=4 cc=0 cc_hz=0 cc_i_tgt=0.7500 cc_u=2.5946 cc_r=3.5238 cc_tau_ms=7.00
[  60.612] _ALM
[  60.739] [STATUS] t_ms=98946 hwm=5 cap=256 dropped=0 dropped_total=739 crc_err=0 crc_err_total=0 rate1=512 rate2=512 prod1=512 prod2=512 dac_err=0 tx_drop=429057 hb_ms=0 sma_state=6 m7_us=102998015 m4_us=100803592 vdd=5.067 offset=0.5000 aref=3.145 loop_us_avg=33 loop_us_max=4924 loop_hz=30303 cycle_log_ms=1 n_cycle=4 cc=0 cc_hz=0 cc_i_tgt=0.7500 cc_u=2.5946 cc_r=3.5238 cc_tau_ms=7.00
[  61.626] _ALM
[  61.626] [ADC
[  61.626] 1] STATUS alarm(
[  61.626] PGAH_ALM PGAD
[  61.754] [STATUS] t_ms=99946 hwm=5 cap=256 dropped=0 dropped_total=739 crc_err=0 crc_err_total=0 rate1=512 rate2=512 prod1=512 prod2=512 dac_err=0 tx_drop=429057 hb_ms=0 sma_state=6 m7_us=104039901 m4_us=101845474 vdd=5.067 offset=0.5000 aref=3.145 loop_us_avg=33 loop_us_max=4880 loop_hz=30303 cycle_log_ms=1 n_cycle=4 cc=0 cc_hz=0 cc_i_tgt=0.7500 cc_u=2.5946 cc_r=3.5238 cc_tau_ms=7.00
[  62.642] _ALM
[  62.642] LM PGAH_ALM PGAD
[  62.831] [STATUS] t_ms=100946 hwm=5 cap=256 dropped=0 dropped_total=739 crc_err=0 crc_err_total=0 rate1=512 rate2=512 prod1=512 prod2=512 dac_err=0 tx_drop=429057 hb_ms=0 sma_state=6 m7_us=105081807 m4_us=102887336 vdd=5.067 offset=0.5000 aref=3.145 loop_us_avg=33 loop_us_max=4879 loop_hz=30303 cycle_log_ms=1 n_cycle=4 cc=0 cc_hz=0 cc_i_tgt=0.7500 cc_u=2.5946 cc_r=3.5238 cc_tau_ms=7.00
[  63.464] [SMA] [ACT] heat n=3/4 I=750.0mA ms=400
[  63.656] _ALM
[  63.846] [STATUS] t_ms=101946 hwm=5 cap=256 dropped=0 dropped_total=739 crc_err=0 crc_err_total=0 rate1=512 rate2=512 prod1=512 prod2=512 dac_err=0 tx_drop=429057 hb_ms=0 sma_state=5 m7_us=106123803 m4_us=103929183 vdd=5.067 offset=0.5000 aref=3.145 loop_us_avg=43 loop_us_max=4883 loop_hz=23255 cycle_log_ms=1 n_cycle=4 cc=1 cc_hz=366 cc_i_tgt=0.7500 cc_u=2.6750 cc_r=3.5849 cc_tau_ms=7.00
[  63.910] [SMA] [ACT] cool n=3/4 I=0.0mA ms=30000
[  64.670] _AL
[  64.670] M
[  64.924] [STATUS] t_ms=102946 hwm=5 cap=256 dropped=0 dropped_total=739 crc_err=0 crc_err_total=0 rate1=512 rate2=512 prod1=512 prod2=512 dac_err=0 tx_drop=429057 hb_ms=0 sma_state=6 m7_us=107165329 m4_us=104971023 vdd=5.067 offset=0.5000 aref=3.145 loop_us_avg=34 loop_us_max=5294 loop_hz=29411 cycle_log_ms=1 n_cycle=4 cc=0 cc_hz=46 cc_i_tgt=0.7500 cc_u=2.6209 cc_r=3.5458 cc_tau_ms=7.00
[  65.747] _ALM
[  65.934] [STATUS] t_ms=103946 hwm=5 cap=256 dropped=0 dropped_total=739 crc_err=0 crc_err_total=0 rate1=512 rate2=512 prod1=512 prod2=512 dac_err=0 tx_drop=429057 hb_ms=0 sma_state=6 m7_us=108207237 m4_us=106012895 vdd=5.067 offset=0.5000 aref=3.145 loop_us_avg=33 loop_us_max=4853 loop_hz=30303 cycle_log_ms=1 n_cycle=4 cc=0 cc_hz=0 cc_i_tgt=0.7500 cc_u=2.6209 cc_r=3.5458 cc_tau_ms=7.00
[  66.762] _ALM
[  66.762] [A
[  66.762] DC1] STATUS alar
[  66.762] _ALM PGAH_ALM PGAD
[  66.951] [STATUS] t_ms=104946 hwm=5 cap=256 dropped=0 dropped_total=739 crc_err=0 crc_err_total=0 rate1=512 rate2=512 prod1=512 prod2=512 dac_err=0 tx_drop=429057 hb_ms=0 sma_state=6 m7_us=109249132 m4_us=107054747 vdd=5.067 offset=0.5000 aref=3.145 loop_us_avg=33 loop_us_max=4889 loop_hz=30303 cycle_log_ms=1 n_cycle=4 cc=0 cc_hz=0 cc_i_tgt=0.7500 cc_u=2.6209 cc_r=3.5458 cc_tau_ms=7.00
[  67.775] _ALM
[  67.775] PGAD
[  68.030] [STATUS] t_ms=105946 hwm=5 cap=256 dropped=0 dropped_total=739 crc_err=0 crc_err_total=0 rate1=512 rate2=512 prod1=512 prod2=512 dac_err=0 tx_drop=429057 hb_ms=0 sma_state=6 m7_us=110291014 m4_us=108096610 vdd=5.067 offset=0.5000 aref=3.145 loop_us_avg=33 loop_us_max=4886 loop_hz=30303 cycle_log_ms=1 n_cycle=4 cc=0 cc_hz=0 cc_i_tgt=0.7500 cc_u=2.6209 cc_r=3.5458 cc_tau_ms=7.00
[  68.789] _ALM
[  68.789] [ADC1] STATUS
[  68.789] alarm(s): 0xCF P
[  68.789] GAL_ALM PGAH_ALM PGAD
[  69.039] [STATUS] t_ms=106946 hwm=5 cap=256 dropped=0 dropped_total=739 crc_err=0 crc_err_total=0 rate1=512 rate2=512 prod1=512 prod2=512 dac_err=0 tx_drop=429057 hb_ms=0 sma_state=6 m7_us=111332904 m4_us=109138472 vdd=5.067 offset=0.5000 aref=3.145 loop_us_avg=33 loop_us_max=4879 loop_hz=30303 cycle_log_ms=1 n_cycle=4 cc=0 cc_hz=0 cc_i_tgt=0.7500 cc_u=2.6209 cc_r=3.5458 cc_tau_ms=7.00
[  69.804] _ALM
[  69.804] [ADC1
[  69.804] ] STATUS alarm(s)
[  69.804] PGAH_ALM PGAD
[  70.121] [STATUS] t_ms=107946 hwm=5 cap=256 dropped=0 dropped_total=739 crc_err=0 crc_err_total=0 rate1=512 rate2=512 prod1=512 prod2=512 dac_err=0 tx_drop=429057 hb_ms=0 sma_state=6 m7_us=112374797 m4_us=110180331 vdd=5.067 offset=0.5000 aref=3.145 loop_us_avg=33 loop_us_max=4879 loop_hz=30303 cycle_log_ms=1 n_cycle=4 cc=0 cc_hz=0 cc_i_tgt=0.7500 cc_u=2.6209 cc_r=3.5458 cc_tau_ms=7.00
[  70.819] _ALM
[  70.819] [A
[  70.819] DC1] STATUS alarm
[  71.136] [STATUS] t_ms=108946 hwm=5 cap=256 dropped=0 dropped_total=739 crc_err=0 crc_err_total=0 rate1=512 rate2=512 prod1=512 prod2=512 dac_err=0 tx_drop=429057 hb_ms=0 sma_state=6 m7_us=113416681 m4_us=111222178 vdd=5.067 offset=0.5000 aref=3.145 loop_us_avg=33 loop_us_max=4894 loop_hz=30303 cycle_log_ms=1 n_cycle=4 cc=0 cc_hz=0 cc_i_tgt=0.7500 cc_u=2.6209 cc_r=3.5458 cc_tau_ms=7.00
[  71.832] _A
[  71.832] [ADC1] STATU
[  71.832] S alarm(s): 0x4F
[  71.832] ALM PGAD
[  72.214] [STATUS] t_ms=109946 hwm=5 cap=256 dropped=0 dropped_total=739 crc_err=0 crc_err_total=0 rate1=512 rate2=512 prod1=512 prod2=512 dac_err=0 tx_drop=429057 hb_ms=0 sma_state=6 m7_us=114458576 m4_us=112264031 vdd=5.067 offset=0.5000 aref=3.145 loop_us_avg=33 loop_us_max=4903 loop_hz=30303 cycle_log_ms=1 n_cycle=4 cc=0 cc_hz=0 cc_i_tgt=0.7500 cc_u=2.6209 cc_r=3.5458 cc_tau_ms=7.00
[  72.848] _ALM
[  72.848] [ADC
[  73.228] [STATUS] t_ms=110946 hwm=5 cap=256 dropped=0 dropped_total=739 crc_err=0 crc_err_total=0 rate1=512 rate2=512 prod1=512 prod2=512 dac_err=0 tx_drop=429057 hb_ms=0 sma_state=6 m7_us=115500462 m4_us=113305861 vdd=5.067 offset=0.5000 aref=3.145 loop_us_avg=33 loop_us_max=4887 loop_hz=30303 cycle_log_ms=1 n_cycle=4 cc=0 cc_hz=0 cc_i_tgt=0.7500 cc_u=2.6209 cc_r=3.5458 cc_tau_ms=7.00
[  73.859] _ALM
[  73.859] [A
[  73.859] DC1] STATUS alarm
[  73.859] LM PGAH_ALM PGA
[  73.859] D
[  74.305] [STATUS] t_ms=111946 hwm=5 cap=256 dropped=0 dropped_total=739 crc_err=0 crc_err_total=0 rate1=512 rate2=512 prod1=512 prod2=512 dac_err=0 tx_drop=429057 hb_ms=0 sma_state=6 m7_us=116541987 m4_us=114347682 vdd=5.067 offset=0.5000 aref=3.145 loop_us_avg=33 loop_us_max=4926 loop_hz=30303 cycle_log_ms=1 n_cycle=4 cc=0 cc_hz=0 cc_i_tgt=0.7500 cc_u=2.6209 cc_r=3.5458 cc_tau_ms=7.00
[  74.874] _ALM
[  74.874] [
[  74.874] ADC1] STATUS alarm(
[  74.874] LM PGAH_ALM PGAD
[  75.318] [STATUS] t_ms=112946 hwm=5 cap=256 dropped=0 dropped_total=739 crc_err=0 crc_err_total=0 rate1=512 rate2=512 prod1=512 prod2=512 dac_err=0 tx_drop=429057 hb_ms=0 sma_state=6 m7_us=117583879 m4_us=115389535 vdd=5.067 offset=0.5000 aref=3.145 loop_us_avg=33 loop_us_max=4868 loop_hz=30303 cycle_log_ms=1 n_cycle=4 cc=0 cc_hz=0 cc_i_tgt=0.7500 cc_u=2.6209 cc_r=3.5458 cc_tau_ms=7.00
[  75.885] _ALM
[  75.885] [ADC1]
[  75.885] STATUS alarm(s
[  76.329] [STATUS] t_ms=113946 hwm=5 cap=256 dropped=0 dropped_total=739 crc_err=0 crc_err_total=0 rate1=512 rate2=512 prod1=512 prod2=512 dac_err=0 tx_drop=429057 hb_ms=0 sma_state=6 m7_us=118625766 m4_us=116431352 vdd=5.067 offset=0.5000 aref=3.145 loop_us_avg=33 loop_us_max=4886 loop_hz=30303 cycle_log_ms=1 n_cycle=4 cc=0 cc_hz=0 cc_i_tgt=0.7500 cc_u=2.6209 cc_r=3.5458 cc_tau_ms=7.00
[  76.899] _ALM
[  76.899] [ADC1] S
[  76.899] TATUS alarm(s): 0
[  76.899] H_ALM PGAD
[  77.405] [STATUS] t_ms=114946 hwm=5 cap=256 dropped=0 dropped_total=739 crc_err=0 crc_err_total=0 rate1=512 rate2=512 prod1=512 prod2=512 dac_err=0 tx_drop=429057 hb_ms=0 sma_state=6 m7_us=119667682 m4_us=117473202 vdd=5.067 offset=0.5000 aref=3.145 loop_us_avg=33 loop_us_max=4889 loop_hz=30303 cycle_log_ms=1 n_cycle=4 cc=0 cc_hz=0 cc_i_tgt=0.7500 cc_u=2.6209 cc_r=3.5458 cc_tau_ms=7.00
[  77.911] _AL
[  77.911] M
[  77.911] [ADC1] STATU
[  78.432] [STATUS] t_ms=115946 hwm=5 cap=256 dropped=0 dropped_total=739 crc_err=0 crc_err_total=0 rate1=512 rate2=512 prod1=512 prod2=512 dac_err=0 tx_drop=429057 hb_ms=0 sma_state=6 m7_us=120709612 m4_us=118515048 vdd=5.067 offset=0.5000 aref=3.145 loop_us_avg=33 loop_us_max=4906 loop_hz=30303 cycle_log_ms=1 n_cycle=4 cc=0 cc_hz=0 cc_i_tgt=0.7500 cc_u=2.6209 cc_r=3.5458 cc_tau_ms=7.00
[  78.940] _ALM
[  78.940] [A
[  78.940] DC1] STATUS alarm(
[  78.940] _ALM PGAH_ALM PGA
[  78.940] D
[  79.511] [STATUS] t_ms=116946 hwm=5 cap=256 dropped=0 dropped_total=739 crc_err=0 crc_err_total=0 rate1=512 rate2=512 prod1=512 prod2=512 dac_err=0 tx_drop=429057 hb_ms=0 sma_state=6 m7_us=121751514 m4_us=119556904 vdd=5.067 offset=0.5000 aref=3.145 loop_us_avg=33 loop_us_max=4920 loop_hz=30303 cycle_log_ms=1 n_cycle=4 cc=0 cc_hz=0 cc_i_tgt=0.7500 cc_u=2.6209 cc_r=3.5458 cc_tau_ms=7.00
[  79.951] _ALM
[  79.951] [AD
[  80.524] [STATUS] t_ms=117946 hwm=5 cap=256 dropped=0 dropped_total=739 crc_err=0 crc_err_total=0 rate1=512 rate2=512 prod1=512 prod2=512 dac_err=0 tx_drop=429057 hb_ms=0 sma_state=6 m7_us=122793043 m4_us=120598744 vdd=5.067 offset=0.5000 aref=3.145 loop_us_avg=33 loop_us_max=4892 loop_hz=30303 cycle_log_ms=1 n_cycle=4 cc=0 cc_hz=0 cc_i_tgt=0.7500 cc_u=2.6209 cc_r=3.5458 cc_tau_ms=7.00
[  80.969] _ALM
[  80.969] [ADC1] STATUS
[  81.540] [STATUS] t_ms=118946 hwm=5 cap=256 dropped=0 dropped_total=739 crc_err=0 crc_err_total=0 rate1=512 rate2=512 prod1=512 prod2=512 dac_err=0 tx_drop=429057 hb_ms=0 sma_state=6 m7_us=123834969 m4_us=121640603 vdd=5.067 offset=0.5000 aref=3.145 loop_us_avg=33 loop_us_max=4864 loop_hz=30303 cycle_log_ms=1 n_cycle=4 cc=0 cc_hz=0 cc_i_tgt=0.7500 cc_u=2.6209 cc_r=3.5458 cc_tau_ms=7.00
[  81.982] _ALM
[  81.982] [AD
[  81.982] C1] STATUS alarm(
[  81.982] PGAH_ALM PGAD
[  82.615] [STATUS] t_ms=119946 hwm=5 cap=256 dropped=0 dropped_total=739 crc_err=0 crc_err_total=0 rate1=512 rate2=512 prod1=512 prod2=512 dac_err=0 tx_drop=429057 hb_ms=0 sma_state=6 m7_us=124876871 m4_us=122682488 vdd=5.067 offset=0.5000 aref=3.145 loop_us_avg=33 loop_us_max=4924 loop_hz=30303 cycle_log_ms=1 n_cycle=4 cc=0 cc_hz=0 cc_i_tgt=0.7500 cc_u=2.6209 cc_r=3.5458 cc_tau_ms=7.00
[  82.996] _ALM
[  82.996] [A
[  83.630] [STATUS] t_ms=120946 hwm=5 cap=256 dropped=0 dropped_total=739 crc_err=0 crc_err_total=0 rate1=512 rate2=512 prod1=512 prod2=512 dac_err=0 tx_drop=429057 hb_ms=0 sma_state=6 m7_us=125918785 m4_us=123724383 vdd=5.067 offset=0.5000 aref=3.145 loop_us_avg=33 loop_us_max=4915 loop_hz=30303 cycle_log_ms=1 n_cycle=4 cc=0 cc_hz=0 cc_i_tgt=0.7500 cc_u=2.6209 cc_r=3.5458 cc_tau_ms=7.00
[  84.011] _ALM
[  84.011] [A
[  84.011] DC1] STATUS alarm(s)
[  84.011] PGAH_ALM PGAD
[  84.706] [STATUS] t_ms=121946 hwm=5 cap=256 dropped=0 dropped_total=739 crc_err=0 crc_err_total=0 rate1=512 rate2=512 prod1=512 prod2=512 dac_err=0 tx_drop=429057 hb_ms=0 sma_state=6 m7_us=126960682 m4_us=124766232 vdd=5.067 offset=0.5000 aref=3.145 loop_us_avg=33 loop_us_max=4885 loop_hz=30303 cycle_log_ms=1 n_cycle=4 cc=0 cc_hz=0 cc_i_tgt=0.7500 cc_u=2.6209 cc_r=3.5458 cc_tau_ms=7.00
[  85.025] _ALM
[  85.721] [STATUS] t_ms=122946 hwm=5 cap=256 dropped=0 dropped_total=739 crc_err=0 crc_err_total=0 rate1=512 rate2=512 prod1=512 prod2=512 dac_err=0 tx_drop=429057 hb_ms=0 sma_state=6 m7_us=128002559 m4_us=125808072 vdd=5.067 offset=0.5000 aref=3.145 loop_us_avg=33 loop_us_max=4887 loop_hz=30303 cycle_log_ms=1 n_cycle=4 cc=0 cc_hz=0 cc_i_tgt=0.7500 cc_u=2.6209 cc_r=3.5458 cc_tau_ms=7.00
[  86.034] _ALM
[  86.034] [ADC1] STATUS a
[  86.034] larm(s): 0xCF P
[  86.034] GAL_ALM PGAH_AL
[  86.034] M PG
[  86.793] [STATUS] t_ms=123946 hwm=5 cap=256 dropped=0 dropped_total=739 crc_err=0 crc_err_total=0 rate1=512 rate2=512 prod1=512 prod2=512 dac_err=0 tx_drop=429057 hb_ms=0 sma_state=6 m7_us=129044445 m4_us=126849925 vdd=5.067 offset=0.5000 aref=3.145 loop_us_avg=33 loop_us_max=4887 loop_hz=30303 cycle_log_ms=1 n_cycle=4 cc=0 cc_hz=0 cc_i_tgt=0.7500 cc_u=2.6209 cc_r=3.5458 cc_tau_ms=7.00
[  87.111] AD_ALM
[  87.806] [STATUS] t_ms=124946 hwm=5 cap=256 dropped=0 dropped_total=739 crc_err=0 crc_err_total=0 rate1=512 rate2=512 prod1=512 prod2=512 dac_err=0 tx_drop=429057 hb_ms=0 sma_state=6 m7_us=130086329 m4_us=127891823 vdd=5.067 offset=0.5000 aref=3.145 loop_us_avg=33 loop_us_max=4898 loop_hz=30303 cycle_log_ms=1 n_cycle=4 cc=0 cc_hz=0 cc_i_tgt=0.7500 cc_u=2.6209 cc_r=3.5458 cc_tau_ms=7.00
[  88.122] AD_ALM
[  88.122] [ADC1] STATUS al
[  88.122] arm(s): 0x4F PG
[  88.122] AL_ALM PGAH_ALM PG
[  88.880] [STATUS] t_ms=125946 hwm=5 cap=256 dropped=0 dropped_total=739 crc_err=0 crc_err_total=0 rate1=512 rate2=512 prod1=512 prod2=512 dac_err=0 tx_drop=429057 hb_ms=0 sma_state=6 m7_us=131128232 m4_us=128933730 vdd=5.067 offset=0.5000 aref=3.145 loop_us_avg=33 loop_us_max=4900 loop_hz=30303 cycle_log_ms=1 n_cycle=4 cc=0 cc_hz=0 cc_i_tgt=0.7500 cc_u=2.6209 cc_r=3.5458 cc_tau_ms=7.00
[  89.135] AD_ALM
[  89.135] [ADC1] STATUS ala
[  89.135] ALM PGAH_ALM P
[  89.896] [STATUS] t_ms=126946 hwm=5 cap=256 dropped=0 dropped_total=739 crc_err=0 crc_err_total=0 rate1=512 rate2=512 prod1=512 prod2=512 dac_err=0 tx_drop=429057 hb_ms=0 sma_state=6 m7_us=132170119 m4_us=129975586 vdd=5.067 offset=0.5000 aref=3.145 loop_us_avg=33 loop_us_max=4892 loop_hz=30303 cycle_log_ms=1 n_cycle=4 cc=0 cc_hz=0 cc_i_tgt=0.7500 cc_u=2.6209 cc_r=3.5458 cc_tau_ms=7.00
[  90.148] GAD_ALM
[  90.148] [
[  90.148] ADC1] STATUS ala
[  90.967] [STATUS] t_ms=127946 hwm=5 cap=256 dropped=0 dropped_total=739 crc_err=0 crc_err_total=0 rate1=512 rate2=512 prod1=512 prod2=512 dac_err=0 tx_drop=429057 hb_ms=0 sma_state=6 m7_us=133212011 m4_us=131017471 vdd=5.067 offset=0.5000 aref=3.145 loop_us_avg=33 loop_us_max=4899 loop_hz=30303 cycle_log_ms=1 n_cycle=4 cc=0 cc_hz=0 cc_i_tgt=0.7500 cc_u=2.6209 cc_r=3.5458 cc_tau_ms=7.00
[  91.157] GAD_A
[  91.157] [ADC1] STATUS a
[  91.157] larm(s): 0xCF P
[  91.157] GAL_ALM PGAH_ALM
[  91.157] P
[  91.981] [STATUS] t_ms=128946 hwm=5 cap=256 dropped=0 dropped_total=739 crc_err=0 crc_err_total=0 rate1=512 rate2=512 prod1=512 prod2=512 dac_err=0 tx_drop=429057 hb_ms=0 sma_state=6 m7_us=134253891 m4_us=132059349 vdd=5.067 offset=0.5000 aref=3.145 loop_us_avg=33 loop_us_max=4887 loop_hz=30303 cycle_log_ms=1 n_cycle=4 cc=0 cc_hz=0 cc_i_tgt=0.7500 cc_u=2.6209 cc_r=3.5458 cc_tau_ms=7.00
[  92.170] GAD_ALM
[  93.054] [STATUS] t_ms=129946 hwm=5 cap=256 dropped=0 dropped_total=739 crc_err=0 crc_err_total=0 rate1=512 rate2=512 prod1=512 prod2=512 dac_err=0 tx_drop=429057 hb_ms=0 sma_state=6 m7_us=135295783 m4_us=133101247 vdd=5.067 offset=0.5000 aref=3.145 loop_us_avg=33 loop_us_max=4894 loop_hz=30303 cycle_log_ms=1 n_cycle=4 cc=0 cc_hz=0 cc_i_tgt=0.7500 cc_u=2.6209 cc_r=3.5458 cc_tau_ms=7.00
[  93.182] GAD_
[  93.182] ALM
[  93.182] [ADC1] STATUS
[  93.182] alarm(s): 0x4F
[  93.182] P
[  94.070] [STATUS] t_ms=130946 hwm=5 cap=256 dropped=0 dropped_total=739 crc_err=0 crc_err_total=0 rate1=512 rate2=512 prod1=512 prod2=512 dac_err=0 tx_drop=429057 hb_ms=0 sma_state=6 m7_us=136337693 m4_us=134143131 vdd=5.067 offset=0.5000 aref=3.145 loop_us_avg=33 loop_us_max=4912 loop_hz=30303 cycle_log_ms=1 n_cycle=4 cc=0 cc_hz=0 cc_i_tgt=0.7500 cc_u=2.6209 cc_r=3.5458 cc_tau_ms=7.00
[  94.196] GAD_ALM
[  95.084] [STATUS] t_ms=131946 hwm=5 cap=256 dropped=0 dropped_total=739 crc_err=0 crc_err_total=0 rate1=512 rate2=512 prod1=512 prod2=512 dac_err=0 tx_drop=429057 hb_ms=0 sma_state=6 m7_us=137379568 m4_us=135185019 vdd=5.067 offset=0.5000 aref=3.145 loop_us_avg=33 loop_us_max=4893 loop_hz=30303 cycle_log_ms=1 n_cycle=4 cc=0 cc_hz=0 cc_i_tgt=0.7500 cc_u=2.6209 cc_r=3.5458 cc_tau_ms=7.00
[  95.147] [SMA] [ACT] heat n=4/4 I=750.0mA ms=400
[  95.211] GAD_ALM
[  95.590] [SMA] [ACT] cool n=4/4 I=0.0mA ms=30000
[  96.160] [STATUS] t_ms=132946 hwm=5 cap=256 dropped=0 dropped_total=739 crc_err=0 crc_err_total=0 rate1=512 rate2=512 prod1=512 prod2=512 dac_err=0 tx_drop=429057 hb_ms=0 sma_state=6 m7_us=138421491 m4_us=136226879 vdd=5.067 offset=0.5000 aref=3.145 loop_us_avg=45 loop_us_max=4889 loop_hz=22222 cycle_log_ms=1 n_cycle=4 cc=0 cc_hz=416 cc_i_tgt=0.7500 cc_u=2.6228 cc_r=3.5405 cc_tau_ms=7.00
[  96.224] GAD_ALM
[  96.224] [ADC1] STATUS alarm(s):
[  96.224] LM P
[  97.173] [STATUS] t_ms=133946 hwm=5 cap=256 dropped=0 dropped_total=739 crc_err=0 crc_err_total=0 rate1=512 rate2=512 prod1=512 prod2=512 dac_err=0 tx_drop=429057 hb_ms=0 sma_state=6 m7_us=139463344 m4_us=137268751 vdd=5.067 offset=0.5000 aref=3.145 loop_us_avg=33 loop_us_max=4891 loop_hz=30303 cycle_log_ms=1 n_cycle=4 cc=0 cc_hz=0 cc_i_tgt=0.7500 cc_u=2.6228 cc_r=3.5405 cc_tau_ms=7.00
[  97.236] GAD
[  97.236] _ALM
[  97.236] [ADC1] STAT
[  98.250] [STATUS] t_ms=134946 hwm=5 cap=256 dropped=0 dropped_total=739 crc_err=0 crc_err_total=0 rate1=512 rate2=512 prod1=512 prod2=512 dac_err=0 tx_drop=429057 hb_ms=0 sma_state=6 m7_us=140505223 m4_us=138310667 vdd=5.067 offset=0.5000 aref=3.145 loop_us_avg=33 loop_us_max=4895 loop_hz=30303 cycle_log_ms=1 n_cycle=4 cc=0 cc_hz=0 cc_i_tgt=0.7500 cc_u=2.6228 cc_r=3.5405 cc_tau_ms=7.00
[  98.250] GAD_ALM
[  98.250] [ADC1] STATUS ala
[  98.250] rm(s): 0x4F PGA
[  98.250] L_ALM PGAH_ALM P
[  99.263] [STATUS] t_ms=135946 hwm=5 cap=256 dropped=0 dropped_total=739 crc_err=0 crc_err_total=0 rate1=512 rate2=512 prod1=512 prod2=512 dac_err=0 tx_drop=429057 hb_ms=0 sma_state=6 m7_us=141547125 m4_us=139352594 vdd=5.067 offset=0.5000 aref=3.145 loop_us_avg=33 loop_us_max=4903 loop_hz=30303 cycle_log_ms=1 n_cycle=4 cc=0 cc_hz=0 cc_i_tgt=0.7500 cc_u=2.6228 cc_r=3.5405 cc_tau_ms=7.00
[  99.263] GAD_ALM
[ 100.339] GAD_
[ 100.339] ALM
[ 100.339] [ADC1] STATUS
[ 100.339] alarm(s): 0xCF
[ 100.339] P
[ 100.339] [STATUS] t_ms=136946 hwm=5 cap=256 dropped=0 dropped_total=739 crc_err=0 crc_err_total=0 rate1=512 rate2=512 prod1=512 prod2=512 dac_err=0 tx_drop=429057 hb_ms=0 sma_state=6 m7_us=142589048 m4_us=140394517 vdd=5.067 offset=0.5000 aref=3.145 loop_us_avg=33 loop_us_max=4906 loop_hz=30303 cycle_log_ms=1 n_cycle=4 cc=0 cc_hz=0 cc_i_tgt=0.7500 cc_u=2.6228 cc_r=3.5405 cc_tau_ms=7.00
[ 101.342] GAD_ALM
[ 101.342] [STATUS] t_ms=137946 hwm=5 cap=256 dropped=0 dropped_total=739 crc_err=0 crc_err_total=0 rate1=512 rate2=512 prod1=512 prod2=512 dac_err=0 tx_drop=429057 hb_ms=0 sma_state=6 m7_us=143630937 m4_us=141436456 vdd=5.067 offset=0.5000 aref=3.145 loop_us_avg=33 loop_us_max=4891 loop_hz=30303 cycle_log_ms=1 n_cycle=4 cc=0 cc_hz=0 cc_i_tgt=0.7500 cc_u=2.6228 cc_r=3.5405 cc_tau_ms=7.00
[ 102.358] GAD_ALM
[ 102.358] [A
[ 102.358] DC1] STATUS alar
[ 102.421] [STATUS] t_ms=138946 hwm=5 cap=256 dropped=0 dropped_total=739 crc_err=0 crc_err_total=0 rate1=512 rate2=512 prod1=512 prod2=512 dac_err=0 tx_drop=429057 hb_ms=0 sma_state=6 m7_us=144672835 m4_us=142478376 vdd=5.067 offset=0.5000 aref=3.145 loop_us_avg=33 loop_us_max=4918 loop_hz=30303 cycle_log_ms=1 n_cycle=4 cc=0 cc_hz=0 cc_i_tgt=0.7500 cc_u=2.6228 cc_r=3.5405 cc_tau_ms=7.00
[ 103.370] GA
[ 103.370] D_ALM
[ 103.370] [ADC1] S
[ 103.370] TATUS alarm(s):
[ 103.370] _ALM P
[ 103.434] [STATUS] t_ms=139946 hwm=5 cap=256 dropped=0 dropped_total=739 crc_err=0 crc_err_total=0 rate1=512 rate2=512 prod1=512 prod2=512 dac_err=0 tx_drop=429057 hb_ms=0 sma_state=6 m7_us=145714719 m4_us=143520293 vdd=5.067 offset=0.5000 aref=3.145 loop_us_avg=33 loop_us_max=4879 loop_hz=30303 cycle_log_ms=1 n_cycle=4 cc=0 cc_hz=0 cc_i_tgt=0.7500 cc_u=2.6228 cc_r=3.5405 cc_tau_ms=7.00
[ 104.377] GAD_ALM
[ 104.504] [STATUS] t_ms=140946 hwm=5 cap=256 dropped=0 dropped_total=739 crc_err=0 crc_err_total=0 rate1=512 rate2=512 prod1=512 prod2=512 dac_err=0 tx_drop=429057 hb_ms=0 sma_state=6 m7_us=146756606 m4_us=144562229 vdd=5.067 offset=0.5000 aref=3.145 loop_us_avg=33 loop_us_max=4879 loop_hz=30303 cycle_log_ms=1 n_cycle=4 cc=0 cc_hz=0 cc_i_tgt=0.7500 cc_u=2.6228 cc_r=3.5405 cc_tau_ms=7.00
[ 105.387] GAD_ALM
[ 105.387] [ADC1] STATUS
[ 105.387] _ALM PGAH_ALM P
[ 105.515] [STATUS] t_ms=141946 hwm=5 cap=256 dropped=0 dropped_total=739 crc_err=0 crc_err_total=0 rate1=512 rate2=512 prod1=512 prod2=512 dac_err=0 tx_drop=429057 hb_ms=0 sma_state=6 m7_us=147798507 m4_us=145604143 vdd=5.067 offset=0.5000 aref=3.145 loop_us_avg=33 loop_us_max=4887 loop_hz=30303 cycle_log_ms=1 n_cycle=4 cc=0 cc_hz=0 cc_i_tgt=0.7500 cc_u=2.6228 cc_r=3.5405 cc_tau_ms=7.00
[ 106.399] GAD_ALM
[ 106.399] PGAH_ALM P
[ 106.591] [STATUS] t_ms=142946 hwm=5 cap=256 dropped=0 dropped_total=739 crc_err=0 crc_err_total=0 rate1=512 rate2=512 prod1=512 prod2=512 dac_err=0 tx_drop=429057 hb_ms=0 sma_state=6 m7_us=148840414 m4_us=146646040 vdd=5.067 offset=0.5000 aref=3.145 loop_us_avg=33 loop_us_max=4876 loop_hz=30303 cycle_log_ms=1 n_cycle=4 cc=0 cc_hz=0 cc_i_tgt=0.7500 cc_u=2.6228 cc_r=3.5405 cc_tau_ms=7.00
[ 107.414] GAD_ALM
[ 107.414] [AD
[ 107.414] C1] STATUS alarm(s)
[ 107.604] [STATUS] t_ms=143946 hwm=5 cap=256 dropped=0 dropped_total=739 crc_err=0 crc_err_total=0 rate1=512 rate2=512 prod1=512 prod2=512 dac_err=0 tx_drop=429057 hb_ms=0 sma_state=6 m7_us=149882312 m4_us=147687963 vdd=5.067 offset=0.5000 aref=3.145 loop_us_avg=33 loop_us_max=4882 loop_hz=30303 cycle_log_ms=1 n_cycle=4 cc=0 cc_hz=0 cc_i_tgt=0.7500 cc_u=2.6228 cc_r=3.5405 cc_tau_ms=7.00
[ 108.423] GAD_AL
[ 108.423] M
[ 108.423] [ADC1] STATUS
[ 108.423] alarm(s): 0x4F
[ 108.423] ALM P
[ 108.676] [STATUS] t_ms=144946 hwm=5 cap=256 dropped=0 dropped_total=739 crc_err=0 crc_err_total=0 rate1=512 rate2=512 prod1=512 prod2=512 dac_err=0 tx_drop=429057 hb_ms=0 sma_state=6 m7_us=150924223 m4_us=148729906 vdd=5.067 offset=0.5000 aref=3.145 loop_us_avg=33 loop_us_max=4886 loop_hz=30303 cycle_log_ms=1 n_cycle=4 cc=0 cc_hz=0 cc_i_tgt=0.7500 cc_u=2.6228 cc_r=3.5405 cc_tau_ms=7.00
[ 109.453] GAD_ALM
[ 109.706] [STATUS] t_ms=145946 hwm=5 cap=256 dropped=0 dropped_total=739 crc_err=0 crc_err_total=0 rate1=512 rate2=512 prod1=512 prod2=512 dac_err=0 tx_drop=429057 hb_ms=0 sma_state=6 m7_us=151966159 m4_us=149771848 vdd=5.067 offset=0.5000 aref=3.145 loop_us_avg=33 loop_us_max=4867 loop_hz=30303 cycle_log_ms=1 n_cycle=4 cc=0 cc_hz=0 cc_i_tgt=0.7500 cc_u=2.6228 cc_r=3.5405 cc_tau_ms=7.00
[ 110.462] GAD_A
[ 110.462] [ADC1] STATU
[ 110.462] S alarm(s): 0xCF
[ 110.717] [STATUS] t_ms=146946 hwm=5 cap=256 dropped=0 dropped_total=739 crc_err=0 crc_err_total=0 rate1=512 rate2=512 prod1=512 prod2=512 dac_err=0 tx_drop=429057 hb_ms=0 sma_state=6 m7_us=153008140 m4_us=150813826 vdd=5.067 offset=0.5000 aref=3.145 loop_us_avg=33 loop_us_max=4866 loop_hz=30303 cycle_log_ms=1 n_cycle=4 cc=0 cc_hz=0 cc_i_tgt=0.7500 cc_u=2.6228 cc_r=3.5405 cc_tau_ms=7.00
[ 111.474] GAD_ALM
[ 111.474] LM P
[ 111.792] [STATUS] t_ms=147946 hwm=5 cap=256 dropped=0 dropped_total=739 crc_err=0 crc_err_total=0 rate1=512 rate2=512 prod1=512 prod2=512 dac_err=0 tx_drop=429057 hb_ms=0 sma_state=6 m7_us=154050087 m4_us=151855771 vdd=5.067 offset=0.5000 aref=3.145 loop_us_avg=33 loop_us_max=4875 loop_hz=30303 cycle_log_ms=1 n_cycle=4 cc=0 cc_hz=0 cc_i_tgt=0.7500 cc_u=2.6228 cc_r=3.5405 cc_tau_ms=7.00
[ 112.489] GAD_ALM
[ 112.489] [ADC1] STATUS alar
[ 112.804] [STATUS] t_ms=148946 hwm=5 cap=256 dropped=0 dropped_total=739 crc_err=0 crc_err_total=0 rate1=512 rate2=512 prod1=512 prod2=512 dac_err=0 tx_drop=429057 hb_ms=0 sma_state=6 m7_us=155091970 m4_us=152897672 vdd=5.067 offset=0.5000 aref=3.145 loop_us_avg=33 loop_us_max=4857 loop_hz=30303 cycle_log_ms=1 n_cycle=4 cc=0 cc_hz=0 cc_i_tgt=0.7500 cc_u=2.6228 cc_r=3.5405 cc_tau_ms=7.00
[ 113.564] GAD_A
[ 113.564] [ADC1] STAT
[ 113.564] US alarm(s): 0x4F
[ 113.564] ALM P
[ 113.877] [STATUS] t_ms=149946 hwm=5 cap=256 dropped=0 dropped_total=739 crc_err=0 crc_err_total=0 rate1=512 rate2=512 prod1=512 prod2=512 dac_err=0 tx_drop=429057 hb_ms=0 sma_state=6 m7_us=156133943 m4_us=153939637 vdd=5.067 offset=0.5000 aref=3.145 loop_us_avg=33 loop_us_max=4853 loop_hz=30303 cycle_log_ms=1 n_cycle=4 cc=0 cc_hz=0 cc_i_tgt=0.7500 cc_u=2.6228 cc_r=3.5405 cc_tau_ms=7.00
[ 114.576] GA
[ 114.576] D_ALM
[ 114.576] [ADC1] ST
[ 114.891] [STATUS] t_ms=150946 hwm=5 cap=256 dropped=0 dropped_total=739 crc_err=0 crc_err_total=0 rate1=512 rate2=512 prod1=512 prod2=512 dac_err=0 tx_drop=429057 hb_ms=0 sma_state=6 m7_us=157175872 m4_us=154981544 vdd=5.067 offset=0.5000 aref=3.145 loop_us_avg=33 loop_us_max=4898 loop_hz=30303 cycle_log_ms=1 n_cycle=4 cc=0 cc_hz=0 cc_i_tgt=0.7500 cc_u=2.6228 cc_r=3.5405 cc_tau_ms=7.00
[ 115.587] GAD_AL
[ 115.587] M
[ 115.587] [ADC1] STATUS
[ 115.587] alarm(s): 0x8F
[ 115.587] M P
[ 115.967] [STATUS] t_ms=151946 hwm=5 cap=256 dropped=0 dropped_total=739 crc_err=0 crc_err_total=0 rate1=512 rate2=512 prod1=512 prod2=512 dac_err=0 tx_drop=429057 hb_ms=0 sma_state=6 m7_us=158217824 m4_us=156023461 vdd=5.067 offset=0.5000 aref=3.145 loop_us_avg=33 loop_us_max=4955 loop_hz=30303 cycle_log_ms=1 n_cycle=4 cc=0 cc_hz=0 cc_i_tgt=0.7500 cc_u=2.6228 cc_r=3.5405 cc_tau_ms=7.00
[ 116.600] GAD_ALM
[ 116.980] [STATUS] t_ms=152946 hwm=5 cap=256 dropped=0 dropped_total=739 crc_err=0 crc_err_total=0 rate1=512 rate2=512 prod1=512 prod2=512 dac_err=0 tx_drop=429057 hb_ms=0 sma_state=6 m7_us=159259720 m4_us=157065378 vdd=5.067 offset=0.5000 aref=3.145 loop_us_avg=33 loop_us_max=4890 loop_hz=30303 cycle_log_ms=1 n_cycle=4 cc=0 cc_hz=0 cc_i_tgt=0.7500 cc_u=2.6228 cc_r=3.5405 cc_tau_ms=7.00
[ 117.615] GAD_
[ 117.615] ALM
[ 117.615] [ADC1] STAT
[ 117.615] US alarm(s): 0x4
[ 118.056] [STATUS] t_ms=153946 hwm=5 cap=256 dropped=0 dropped_total=739 crc_err=0 crc_err_total=0 rate1=512 rate2=512 prod1=512 prod2=512 dac_err=0 tx_drop=429057 hb_ms=0 sma_state=6 m7_us=160301685 m4_us=158107371 vdd=5.067 offset=0.5000 aref=3.145 loop_us_avg=33 loop_us_max=4915 loop_hz=30303 cycle_log_ms=1 n_cycle=4 cc=0 cc_hz=0 cc_i_tgt=0.7500 cc_u=2.6228 cc_r=3.5405 cc_tau_ms=7.00
[ 118.627] GAD_ALM
[ 118.627] [ADC1] STATUS
[ 118.627] alarm(s): 0x4F
[ 118.627] LM P
[ 119.074] [STATUS] t_ms=154946 hwm=5 cap=256 dropped=0 dropped_total=739 crc_err=0 crc_err_total=0 rate1=512 rate2=512 prod1=512 prod2=512 dac_err=0 tx_drop=429057 hb_ms=0 sma_state=6 m7_us=161343692 m4_us=159149378 vdd=5.067 offset=0.5000 aref=3.145 loop_us_avg=33 loop_us_max=4857 loop_hz=30303 cycle_log_ms=1 n_cycle=4 cc=0 cc_hz=0 cc_i_tgt=0.7500 cc_u=2.6228 cc_r=3.5405 cc_tau_ms=7.00
[ 119.643] GAD_ALM
[ 119.643] [
[ 119.643] ADC1] STATUS alarm
[ 120.086] [STATUS] t_ms=155946 hwm=5 cap=256 dropped=0 dropped_total=739 crc_err=0 crc_err_total=0 rate1=512 rate2=512 prod1=512 prod2=512 dac_err=0 tx_drop=429057 hb_ms=0 sma_state=6 m7_us=162385647 m4_us=160191336 vdd=5.067 offset=0.5000 aref=3.145 loop_us_avg=33 loop_us_max=4865 loop_hz=30303 cycle_log_ms=1 n_cycle=4 cc=0 cc_hz=0 cc_i_tgt=0.7500 cc_u=2.6228 cc_r=3.5405 cc_tau_ms=7.00
[ 120.658] GAD_ALM
[ 120.658] [ADC1] STATUS a
[ 120.658] larm(s): 0x8F PG
[ 120.658] AL_ALM PGAH_ALM
[ 120.658] P
[ 121.163] [STATUS] t_ms=156946 hwm=5 cap=256 dropped=0 dropped_total=739 crc_err=0 crc_err_total=0 rate1=512 rate2=512 prod1=512 prod2=512 dac_err=0 tx_drop=429057 hb_ms=0 sma_state=6 m7_us=163427583 m4_us=161233282 vdd=5.067 offset=0.5000 aref=3.145 loop_us_avg=33 loop_us_max=4870 loop_hz=30303 cycle_log_ms=1 n_cycle=4 cc=0 cc_hz=0 cc_i_tgt=0.7500 cc_u=2.6228 cc_r=3.5405 cc_tau_ms=7.00
[ 121.672] GAD_A
[ 122.178] [STATUS] t_ms=157946 hwm=5 cap=256 dropped=0 dropped_total=739 crc_err=0 crc_err_total=0 rate1=512 rate2=512 prod1=512 prod2=512 dac_err=0 tx_drop=429057 hb_ms=0 sma_state=6 m7_us=164469576 m4_us=162275256 vdd=5.067 offset=0.5000 aref=3.145 loop_us_avg=33 loop_us_max=4861 loop_hz=30303 cycle_log_ms=1 n_cycle=4 cc=0 cc_hz=0 cc_i_tgt=0.7500 cc_u=2.6228 cc_r=3.5405 cc_tau_ms=7.00
[ 122.683] GAD_ALM
[ 122.683] [ADC1] STATUS al
[ 122.683] arm(s): 0xCF P
[ 122.683] GAL_ALM PGAH_ALM
[ 122.683] P
[ 123.252] [STATUS] t_ms=158946 hwm=5 cap=256 dropped=0 dropped_total=739 crc_err=0 crc_err_total=0 rate1=512 rate2=512 prod1=512 prod2=512 dac_err=0 tx_drop=429057 hb_ms=0 sma_state=6 m7_us=165511552 m4_us=163317243 vdd=5.067 offset=0.5000 aref=3.145 loop_us_avg=33 loop_us_max=4871 loop_hz=30303 cycle_log_ms=1 n_cycle=4 cc=0 cc_hz=0 cc_i_tgt=0.7500 cc_u=2.6228 cc_r=3.5405 cc_tau_ms=7.00
[ 123.694] GAD_ALM
[ 124.261] [STATUS] t_ms=159946 hwm=5 cap=256 dropped=0 dropped_total=739 crc_err=0 crc_err_total=0 rate1=512 rate2=512 prod1=512 prod2=512 dac_err=0 tx_drop=429057 hb_ms=0 sma_state=6 m7_us=166553496 m4_us=164359179 vdd=5.067 offset=0.5000 aref=3.145 loop_us_avg=33 loop_us_max=4865 loop_hz=30303 cycle_log_ms=1 n_cycle=4 cc=0 cc_hz=0 cc_i_tgt=0.7500 cc_u=2.6228 cc_r=3.5405 cc_tau_ms=7.00
