2026-06-30 15:42:05,406  INFO   root                Session: console_20260630_154205
2026-06-30 15:42:05,406  INFO   root                Output:  C:\Users\yilin\Documents\GitHubRepo_Research\MicroTensileMachine\MicroTensileMachine\Experiment_SMACharacterizationV3\data\console_20260630_154205
2026-06-30 15:42:05,406  INFO   root                Config:  C:\Users\yilin\Documents\GitHubRepo_Research\MicroTensileMachine\MicroTensileMachine\Experiment_SMACharacterizationV3\config.yaml  headless=False
2026-06-30 15:42:06,035  INFO   LCRMeter            Auto-detecting E4980A/AL LCR meter...
2026-06-30 15:42:06,039  INFO   PortentaReader      Opened COM8 @ 115200 baud, waiting 4.0s for firmware boot...
2026-06-30 15:42:06,045  INFO   PortentaReader      boot banner (2 lines):
2026-06-30 15:42:06,046  INFO   PortentaReader        	540432
2026-06-30 15:42:06,046  INFO   PortentaReader        1084844	2	140790	0.083917	1099176433	540432
2026-06-30 15:42:06,106  INFO   LCRMeter            Using VISA backend: @py
2026-06-30 15:42:07,128  INFO   LCRMeter            Found 2 instruments
2026-06-30 15:42:07,128  ERROR  LCRMeter            No E4980A/AL found
2026-06-30 15:42:07,128  ERROR  LcrWorker           LCR worker crashed: Could not connect to Keysight E4980 LCR meter. Check USB/LAN cable, instrument power, and VISA backend.
Traceback (most recent call last):
  File "c:\Users\yilin\Documents\GitHubRepo_Research\MicroTensileMachine\MicroTensileMachine\Experiment_SMACharacterizationV3\workers.py", line 117, in run
    self._main_loop()
  File "c:\Users\yilin\Documents\GitHubRepo_Research\MicroTensileMachine\MicroTensileMachine\Experiment_SMACharacterizationV3\workers.py", line 155, in _main_loop
    raise RuntimeError(
RuntimeError: Could not connect to Keysight E4980 LCR meter. Check USB/LAN cable, instrument power, and VISA backend.
2026-06-30 15:42:07,129  INFO   LcrWorker           LCR worker exit  (pushed=0, dropped=0)
2026-06-30 15:42:07,284  INFO   Driver_ZaberStage   Configuration saved to zaber_config.json
2026-06-30 15:42:07,315  INFO   Driver_ZaberStage   Connected to X-LSQ300A-E01 on COM5
2026-06-30 15:42:07,331  INFO   ZaberWorker         Zaber ready: DeviceInfo(port='COM5', device_id=50138, serial_number='143153', name='X-LSQ300A-E01', firmware_version='7.48.24004', device_type='Linear Stage', axis_count=1)
2026-06-30 15:42:08,038  INFO   H7Worker            H7 ready: port=COM8 baud=115200 channels=['laser', 'load', 'sma_i', 'sma_r', 'sma_v']
2026-06-30 15:42:08,038  INFO   RecordingCore       Running 10.0 s full system check...
2026-06-30 15:42:08,089  WARNING  RecordingCore       HEALTH: stage parked at 68.00 mm, outside the workflow window [5.0, 40.0] — move it into range before actuating
2026-06-30 15:42:08,089  INFO   RecordingCore       health H7    PASS (55) — combined firmware, 55 samples
2026-06-30 15:42:08,089  WARNING  RecordingCore       health LCR   FAIL (0) — worker error RuntimeError('Could not connect to Keysight E4980 LCR meter. Check USB/LAN cable, instrument power, and VISA backend.')
2026-06-30 15:42:08,090  INFO   RecordingCore       health stage PASS (39) — 39 reads, pos~68.00 mm (outside [5.0, 40.0] — move into range)
2026-06-30 15:42:11,151  WARNING  RecordingCore       HEALTH WARNING: LCR silent 3.0s — no new samples (auxiliary; other instruments still recording)
2026-06-30 15:42:13,148  WARNING  RecordingCore       HEALTH WARNING: LCR silent 5.0s — no new samples (auxiliary; other instruments still recording)
2026-06-30 15:42:15,147  WARNING  RecordingCore       HEALTH WARNING: LCR silent 7.0s — no new samples (auxiliary; other instruments still recording)
2026-06-30 15:42:17,160  WARNING  RecordingCore       HEALTH WARNING: LCR silent 9.0s — no new samples (auxiliary; other instruments still recording)
2026-06-30 15:42:19,175  WARNING  RecordingCore       HEALTH WARNING: LCR silent 11.0s — no new samples (auxiliary; other instruments still recording)
2026-06-30 15:42:21,176  WARNING  RecordingCore       HEALTH WARNING: LCR silent 13.0s — no new samples (auxiliary; other instruments still recording)
2026-06-30 15:42:23,226  WARNING  RecordingCore       HEALTH WARNING: LCR silent 15.1s — no new samples (auxiliary; other instruments still recording)
2026-06-30 15:42:25,240  WARNING  RecordingCore       HEALTH WARNING: LCR silent 17.1s — no new samples (auxiliary; other instruments still recording)
2026-06-30 15:42:27,293  WARNING  RecordingCore       HEALTH WARNING: LCR silent 19.1s — no new samples (auxiliary; other instruments still recording)
2026-06-30 15:42:29,303  WARNING  RecordingCore       HEALTH WARNING: LCR silent 21.2s — no new samples (auxiliary; other instruments still recording)
2026-06-30 15:42:31,365  WARNING  RecordingCore       HEALTH WARNING: LCR silent 23.2s — no new samples (auxiliary; other instruments still recording)
2026-06-30 15:42:33,366  WARNING  RecordingCore       HEALTH WARNING: LCR silent 25.2s — no new samples (auxiliary; other instruments still recording)
2026-06-30 15:42:35,366  WARNING  RecordingCore       HEALTH WARNING: LCR silent 27.2s — no new samples (auxiliary; other instruments still recording)
2026-06-30 15:42:37,413  WARNING  RecordingCore       HEALTH WARNING: LCR silent 29.3s — no new samples (auxiliary; other instruments still recording)
2026-06-30 15:42:39,440  WARNING  RecordingCore       HEALTH WARNING: LCR silent 31.3s — no new samples (auxiliary; other instruments still recording)
2026-06-30 15:42:41,481  WARNING  RecordingCore       HEALTH WARNING: LCR silent 33.3s — no new samples (auxiliary; other instruments still recording)
2026-06-30 15:42:43,479  WARNING  RecordingCore       HEALTH WARNING: LCR silent 35.3s — no new samples (auxiliary; other instruments still recording)
2026-06-30 15:42:45,485  WARNING  RecordingCore       HEALTH WARNING: LCR silent 37.3s — no new samples (auxiliary; other instruments still recording)
2026-06-30 15:42:47,482  WARNING  RecordingCore       HEALTH WARNING: LCR silent 39.3s — no new samples (auxiliary; other instruments still recording)
2026-06-30 15:42:49,479  WARNING  RecordingCore       HEALTH WARNING: LCR silent 41.3s — no new samples (auxiliary; other instruments still recording)
2026-06-30 15:42:51,478  WARNING  RecordingCore       HEALTH WARNING: LCR silent 43.3s — no new samples (auxiliary; other instruments still recording)
2026-06-30 15:42:53,491  WARNING  RecordingCore       HEALTH WARNING: LCR silent 45.3s — no new samples (auxiliary; other instruments still recording)
2026-06-30 15:42:55,489  WARNING  RecordingCore       HEALTH WARNING: LCR silent 47.3s — no new samples (auxiliary; other instruments still recording)
2026-06-30 15:42:57,543  WARNING  RecordingCore       HEALTH WARNING: LCR silent 49.4s — no new samples (auxiliary; other instruments still recording)
2026-06-30 15:42:59,551  WARNING  RecordingCore       HEALTH WARNING: LCR silent 51.4s — no new samples (auxiliary; other instruments still recording)
2026-06-30 15:43:01,602  WARNING  RecordingCore       HEALTH WARNING: LCR silent 53.5s — no new samples (auxiliary; other instruments still recording)
2026-06-30 15:43:03,613  WARNING  RecordingCore       HEALTH WARNING: LCR silent 55.5s — no new samples (auxiliary; other instruments still recording)
2026-06-30 15:43:05,673  WARNING  RecordingCore       HEALTH WARNING: LCR silent 57.5s — no new samples (auxiliary; other instruments still recording)
2026-06-30 15:43:07,667  WARNING  RecordingCore       HEALTH WARNING: LCR silent 59.5s — no new samples (auxiliary; other instruments still recording)
2026-06-30 15:43:09,665  WARNING  RecordingCore       HEALTH WARNING: LCR silent 61.5s — no new samples (auxiliary; other instruments still recording)
2026-06-30 15:43:11,678  WARNING  RecordingCore       HEALTH WARNING: LCR silent 63.5s — no new samples (auxiliary; other instruments still recording)
2026-06-30 15:43:13,735  WARNING  RecordingCore       HEALTH WARNING: LCR silent 65.6s — no new samples (auxiliary; other instruments still recording)
2026-06-30 15:43:15,746  WARNING  RecordingCore       HEALTH WARNING: LCR silent 67.6s — no new samples (auxiliary; other instruments still recording)
2026-06-30 15:43:17,747  WARNING  RecordingCore       HEALTH WARNING: LCR silent 69.6s — no new samples (auxiliary; other instruments still recording)
2026-06-30 15:43:19,745  WARNING  RecordingCore       HEALTH WARNING: LCR silent 71.6s — no new samples (auxiliary; other instruments still recording)
2026-06-30 15:43:21,773  WARNING  RecordingCore       HEALTH WARNING: LCR silent 73.6s — no new samples (auxiliary; other instruments still recording)
2026-06-30 15:43:23,821  WARNING  RecordingCore       HEALTH WARNING: LCR silent 75.7s — no new samples (auxiliary; other instruments still recording)
2026-06-30 15:43:25,821  WARNING  RecordingCore       HEALTH WARNING: LCR silent 77.7s — no new samples (auxiliary; other instruments still recording)
2026-06-30 15:43:27,825  WARNING  RecordingCore       HEALTH WARNING: LCR silent 79.7s — no new samples (auxiliary; other instruments still recording)
2026-06-30 15:43:29,826  WARNING  RecordingCore       HEALTH WARNING: LCR silent 81.7s — no new samples (auxiliary; other instruments still recording)
2026-06-30 15:43:31,824  WARNING  RecordingCore       HEALTH WARNING: LCR silent 83.7s — no new samples (auxiliary; other instruments still recording)
2026-06-30 15:43:33,826  WARNING  RecordingCore       HEALTH WARNING: LCR silent 85.7s — no new samples (auxiliary; other instruments still recording)
2026-06-30 15:43:35,828  WARNING  RecordingCore       HEALTH WARNING: LCR silent 87.7s — no new samples (auxiliary; other instruments still recording)
2026-06-30 15:43:37,859  WARNING  RecordingCore       HEALTH WARNING: LCR silent 89.7s — no new samples (auxiliary; other instruments still recording)
2026-06-30 15:43:39,873  WARNING  RecordingCore       HEALTH WARNING: LCR silent 91.7s — no new samples (auxiliary; other instruments still recording)
2026-06-30 15:43:41,877  WARNING  RecordingCore       HEALTH WARNING: LCR silent 93.7s — no new samples (auxiliary; other instruments still recording)
2026-06-30 15:43:43,876  WARNING  RecordingCore       HEALTH WARNING: LCR silent 95.7s — no new samples (auxiliary; other instruments still recording)
2026-06-30 15:43:45,876  WARNING  RecordingCore       HEALTH WARNING: LCR silent 97.7s — no new samples (auxiliary; other instruments still recording)
2026-06-30 15:43:47,873  WARNING  RecordingCore       HEALTH WARNING: LCR silent 99.7s — no new samples (auxiliary; other instruments still recording)
2026-06-30 15:43:49,872  WARNING  RecordingCore       HEALTH WARNING: LCR silent 101.7s — no new samples (auxiliary; other instruments still recording)
2026-06-30 15:43:51,884  WARNING  RecordingCore       HEALTH WARNING: LCR silent 103.7s — no new samples (auxiliary; other instruments still recording)
2026-06-30 15:43:53,886  WARNING  RecordingCore       HEALTH WARNING: LCR silent 105.7s — no new samples (auxiliary; other instruments still recording)
2026-06-30 15:43:55,886  WARNING  RecordingCore       HEALTH WARNING: LCR silent 107.7s — no new samples (auxiliary; other instruments still recording)
2026-06-30 15:43:57,885  WARNING  RecordingCore       HEALTH WARNING: LCR silent 109.7s — no new samples (auxiliary; other instruments still recording)
2026-06-30 15:43:59,893  WARNING  RecordingCore       HEALTH WARNING: LCR silent 111.7s — no new samples (auxiliary; other instruments still recording)
2026-06-30 15:44:01,885  WARNING  RecordingCore       HEALTH WARNING: LCR silent 113.7s — no new samples (auxiliary; other instruments still recording)
2026-06-30 15:44:03,884  WARNING  RecordingCore       HEALTH WARNING: LCR silent 115.7s — no new samples (auxiliary; other instruments still recording)
2026-06-30 15:44:05,894  WARNING  RecordingCore       HEALTH WARNING: LCR silent 117.8s — no new samples (auxiliary; other instruments still recording)
2026-06-30 15:44:07,945  WARNING  RecordingCore       HEALTH WARNING: LCR silent 119.8s — no new samples (auxiliary; other instruments still recording)
2026-06-30 15:44:09,975  WARNING  RecordingCore       HEALTH WARNING: LCR silent 121.8s — no new samples (auxiliary; other instruments still recording)
2026-06-30 15:44:12,025  WARNING  RecordingCore       HEALTH WARNING: LCR silent 123.9s — no new samples (auxiliary; other instruments still recording)
2026-06-30 15:44:14,028  WARNING  RecordingCore       HEALTH WARNING: LCR silent 125.9s — no new samples (auxiliary; other instruments still recording)
2026-06-30 15:44:16,038  WARNING  RecordingCore       HEALTH WARNING: LCR silent 127.9s — no new samples (auxiliary; other instruments still recording)
2026-06-30 15:44:18,090  WARNING  RecordingCore       HEALTH WARNING: LCR silent 129.9s — no new samples (auxiliary; other instruments still recording)
2026-06-30 15:44:20,087  WARNING  RecordingCore       HEALTH WARNING: LCR silent 131.9s — no new samples (auxiliary; other instruments still recording)
2026-06-30 15:44:22,096  WARNING  RecordingCore       HEALTH WARNING: LCR silent 133.9s — no new samples (auxiliary; other instruments still recording)
2026-06-30 15:44:24,089  WARNING  RecordingCore       HEALTH WARNING: LCR silent 135.9s — no new samples (auxiliary; other instruments still recording)
2026-06-30 15:44:26,106  WARNING  RecordingCore       HEALTH WARNING: LCR silent 138.0s — no new samples (auxiliary; other instruments still recording)
2026-06-30 15:44:26,821  INFO   H7Worker            H7 worker exit  (pushed=136851, dropped=0, filtered=0)
2026-06-30 15:44:27,003  INFO   Driver_ZaberStage   Disconnected
2026-06-30 15:44:27,003  INFO   ZaberWorker         Zaber worker exit  (pushed=6755, dropped=0)
2026-06-30 15:44:27,029  INFO   RecordingCore       Wrote C:\Users\yilin\Documents\GitHubRepo_Research\MicroTensileMachine\MicroTensileMachine\Experiment_SMACharacterizationV3\data\console_20260630_154205\meta.json
