[   0.062] [SMA] ARMED (MOSFET on); idle=0.500 V
[   0.062] [ADC1] STATUS ala
[   0.062] rm(s): 0x8D PG
[   0.062] AL_ALM PGAH_ALM
[   0.063] [STATUS] t_ms=318067 hwm=256 cap=256 dropped=75 dropped_total=4815 crc_err=0 crc_err_total=0 rate1=471 rate2=474 prod1=474 prod2=475 dac_err=0 tx_drop=0 hb_ms=0 sma_state=0 m7_us=328581249 m4_us=326387809 vdd=5.067 offset=0.5000 aref=3.145 loop_us_avg=32 loop_us_max=334324 loop_hz=31250 cycle_log_ms=1 n_cycle=4 cc=0 cc_hz=0 cc_i_tgt=0.1000 cc_u=0.5320 cc_r=5.1040 cc_tau_ms=7.00
[   0.632] [ADC1]
[   0.632] STATUS alarm(s)
[   0.632] M PGAH_ALM
[   1.135] [STATUS] t_ms=319067 hwm=2 cap=256 dropped=0 dropped_total=4815 crc_err=0 crc_err_total=0 rate1=512 rate2=512 prod1=512 prod2=512 dac_err=0 tx_drop=0 hb_ms=0 sma_state=0 m7_us=329614586 m4_us=327421182 vdd=5.067 offset=0.5000 aref=3.145 loop_us_avg=22 loop_us_max=2105 loop_hz=45454 cycle_log_ms=1 n_cycle=4 cc=0 cc_hz=0 cc_i_tgt=0.1000 cc_u=0.5320 cc_r=5.1040 cc_tau_ms=7.00
[   1.639] [ADC1
[   1.639] ] STATUS alarm(s)
[   0.062] [SMA] [CC] start i_high=450.0mA i_low=100.0mA t_high=100 t_idle=12000 n=6 (0=cont) tau_ms=7.0 wdt_ms=5000
[   0.062] [SMA] [ACT] heat n=1/6 I=450.0mA ms=100
[   0.125] [SMA] [ACT] cool n=1/6 I=100.0mA ms=12000
[   0.125] [STATUS] t_ms=320067 hwm=2 cap=256 dropped=0 dropped_total=4815 crc_err=0 crc_err_total=0 rate1=512 rate2=512 prod1=512 prod2=512 dac_err=0 tx_drop=0 hb_ms=0 sma_state=6 m7_us=330648345 m4_us=328454606 vdd=5.067 offset=0.5000 aref=3.145 loop_us_avg=24 loop_us_max=2003 loop_hz=41666 cycle_log_ms=1 n_cycle=4 cc=1 cc_hz=106 cc_i_tgt=0.1000 cc_u=0.7581 cc_r=0.0000 cc_tau_ms=7.00
[   1.195] [STATUS] t_ms=321067 hwm=3 cap=256 dropped=0 dropped_total=4815 crc_err=0 crc_err_total=0 rate1=512 rate2=512 prod1=512 prod2=512 dac_err=0 tx_drop=0 hb_ms=0 sma_state=6 m7_us=331681849 m4_us=329487976 vdd=5.067 offset=0.5000 aref=3.145 loop_us_avg=91 loop_us_max=2731 loop_hz=10989 cycle_log_ms=1 n_cycle=4 cc=1 cc_hz=1026 cc_i_tgt=0.1000 cc_u=0.5348 cc_r=5.1735 cc_tau_ms=7.00
[   1.639] [ADC1]
[   1.639] STATUS alarm(s): 0
[   2.208] [STATUS] t_ms=322067 hwm=3 cap=256 dropped=0 dropped_total=4815 crc_err=0 crc_err_total=0 rate1=512 rate2=512 prod1=512 prod2=512 dac_err=0 tx_drop=0 hb_ms=0 sma_state=6 m7_us=332715228 m4_us=330521278 vdd=5.067 offset=0.5000 aref=3.145 loop_us_avg=93 loop_us_max=2605 loop_hz=10752 cycle_log_ms=1 n_cycle=4 cc=1 cc_hz=1026 cc_i_tgt=0.1000 cc_u=0.5211 cc_r=5.1498 cc_tau_ms=7.00
[   3.217] [STATUS] t_ms=323067 hwm=3 cap=256 dropped=0 dropped_total=4815 crc_err=0 crc_err_total=0 rate1=512 rate2=512 prod1=512 prod2=512 dac_err=0 tx_drop=0 hb_ms=0 sma_state=6 m7_us=333748376 m4_us=331554536 vdd=5.067 offset=0.5000 aref=3.145 loop_us_avg=92 loop_us_max=2889 loop_hz=10869 cycle_log_ms=1 n_cycle=4 cc=1 cc_hz=1027 cc_i_tgt=0.1000 cc_u=0.5282 cc_r=5.0889 cc_tau_ms=7.00
[   4.294] [STATUS] t_ms=324067 hwm=3 cap=256 dropped=0 dropped_total=4815 crc_err=0 crc_err_total=0 rate1=512 rate2=512 prod1=512 prod2=512 dac_err=0 tx_drop=0 hb_ms=0 sma_state=6 m7_us=334781738 m4_us=332587812 vdd=5.067 offset=0.5000 aref=3.145 loop_us_avg=93 loop_us_max=2772 loop_hz=10752 cycle_log_ms=1 n_cycle=4 cc=1 cc_hz=1027 cc_i_tgt=0.1000 cc_u=0.5021 cc_r=5.0575 cc_tau_ms=7.00
[   4.674] [ADC1]
[   4.674] STATUS alarm(s): 0x
[   5.304] [STATUS] t_ms=325067 hwm=3 cap=256 dropped=0 dropped_total=4815 crc_err=0 crc_err_total=0 rate1=512 rate2=512 prod1=512 prod2=512 dac_err=0 tx_drop=0 hb_ms=0 sma_state=6 m7_us=335814886 m4_us=333621048 vdd=5.067 offset=0.5000 aref=3.145 loop_us_avg=93 loop_us_max=2995 loop_hz=10752 cycle_log_ms=1 n_cycle=4 cc=1 cc_hz=1027 cc_i_tgt=0.1000 cc_u=0.5027 cc_r=5.0453 cc_tau_ms=7.00
[   5.683] [ADC1] STATUS alar
[   6.316] [STATUS] t_ms=326067 hwm=3 cap=256 dropped=0 dropped_total=4815 crc_err=0 crc_err_total=0 rate1=512 rate2=512 prod1=512 prod2=512 dac_err=0 tx_drop=0 hb_ms=0 sma_state=6 m7_us=336848133 m4_us=334654264 vdd=5.067 offset=0.5000 aref=3.145 loop_us_avg=92 loop_us_max=2642 loop_hz=10869 cycle_log_ms=1 n_cycle=4 cc=1 cc_hz=1026 cc_i_tgt=0.1000 cc_u=0.5139 cc_r=5.0971 cc_tau_ms=7.00
[   7.388] [STATUS] t_ms=327067 hwm=3 cap=256 dropped=0 dropped_total=4815 crc_err=0 crc_err_total=0 rate1=512 rate2=512 prod1=512 prod2=512 dac_err=0 tx_drop=0 hb_ms=0 sma_state=6 m7_us=337881426 m4_us=335687493 vdd=5.067 offset=0.5000 aref=3.145 loop_us_avg=93 loop_us_max=2554 loop_hz=10752 cycle_log_ms=1 n_cycle=4 cc=1 cc_hz=1026 cc_i_tgt=0.1000 cc_u=0.5073 cc_r=5.0463 cc_tau_ms=7.00
[   8.394] [STATUS] t_ms=328067 hwm=3 cap=256 dropped=0 dropped_total=4815 crc_err=0 crc_err_total=0 rate1=512 rate2=512 prod1=512 prod2=512 dac_err=0 tx_drop=0 hb_ms=0 sma_state=6 m7_us=338914564 m4_us=336720728 vdd=5.067 offset=0.5000 aref=3.145 loop_us_avg=93 loop_us_max=2835 loop_hz=10752 cycle_log_ms=1 n_cycle=4 cc=1 cc_hz=1027 cc_i_tgt=0.1000 cc_u=0.5038 cc_r=5.0791 cc_tau_ms=7.00
[   9.464] [STATUS] t_ms=329067 hwm=3 cap=256 dropped=0 dropped_total=4815 crc_err=0 crc_err_total=0 rate1=512 rate2=512 prod1=512 prod2=512 dac_err=0 tx_drop=0 hb_ms=0 sma_state=6 m7_us=339947781 m4_us=337753944 vdd=5.067 offset=0.5000 aref=3.145 loop_us_avg=93 loop_us_max=2707 loop_hz=10752 cycle_log_ms=1 n_cycle=4 cc=1 cc_hz=1027 cc_i_tgt=0.1000 cc_u=0.5031 cc_r=4.9643 cc_tau_ms=7.00
[   9.717] [AD
[  10.476] [STATUS] t_ms=330067 hwm=3 cap=256 dropped=0 dropped_total=4815 crc_err=0 crc_err_total=0 rate1=512 rate2=512 prod1=512 prod2=512 dac_err=0 tx_drop=0 hb_ms=0 sma_state=6 m7_us=340981027 m4_us=338787128 vdd=5.067 offset=0.5000 aref=3.145 loop_us_avg=93 loop_us_max=2707 loop_hz=10752 cycle_log_ms=1 n_cycle=4 cc=1 cc_hz=1027 cc_i_tgt=0.1000 cc_u=0.5256 cc_r=5.0871 cc_tau_ms=7.00
[  10.731] [ADC1] STATUS alarm
[  11.484] [STATUS] t_ms=331067 hwm=3 cap=256 dropped=0 dropped_total=4815 crc_err=0 crc_err_total=0 rate1=512 rate2=512 prod1=512 prod2=512 dac_err=0 tx_drop=0 hb_ms=0 sma_state=6 m7_us=342014077 m4_us=339820264 vdd=5.067 offset=0.5000 aref=3.145 loop_us_avg=93 loop_us_max=2720 loop_hz=10752 cycle_log_ms=1 n_cycle=4 cc=1 cc_hz=1027 cc_i_tgt=0.1000 cc_u=0.5000 cc_r=5.0265 cc_tau_ms=7.00
[  12.553] [SMA] [ACT] heat n=2/6 I=450.0mA ms=100
[  12.553] [STATUS] t_ms=332067 hwm=3 cap=256 dropped=0 dropped_total=4815 crc_err=0 crc_err_total=0 rate1=512 rate2=512 prod1=512 prod2=512 dac_err=0 tx_drop=0 hb_ms=0 sma_state=5 m7_us=343046998 m4_us=340853460 vdd=5.067 offset=0.5000 aref=3.145 loop_us_avg=93 loop_us_max=2951 loop_hz=10752 cycle_log_ms=1 n_cycle=4 cc=1 cc_hz=1027 cc_i_tgt=0.4500 cc_u=2.2677 cc_r=5.0505 cc_tau_ms=7.00
[  12.617] [SMA] [ACT] cool n=2/6 I=100.0mA ms=12000
[  13.562] [STATUS] t_ms=333067 hwm=3 cap=256 dropped=0 dropped_total=4815 crc_err=0 crc_err_total=0 rate1=512 rate2=512 prod1=512 prod2=512 dac_err=0 tx_drop=0 hb_ms=0 sma_state=6 m7_us=344080487 m4_us=341886648 vdd=5.067 offset=0.5000 aref=3.145 loop_us_avg=93 loop_us_max=2703 loop_hz=10752 cycle_log_ms=1 n_cycle=4 cc=1 cc_hz=1029 cc_i_tgt=0.1000 cc_u=0.5117 cc_r=5.0107 cc_tau_ms=7.00
[  14.635] [STATUS] t_ms=334067 hwm=3 cap=256 dropped=0 dropped_total=4815 crc_err=0 crc_err_total=0 rate1=512 rate2=512 prod1=512 prod2=512 dac_err=0 tx_drop=0 hb_ms=0 sma_state=6 m7_us=345113521 m4_us=342919793 vdd=5.067 offset=0.5000 aref=3.145 loop_us_avg=92 loop_us_max=2701 loop_hz=10869 cycle_log_ms=1 n_cycle=4 cc=1 cc_hz=1027 cc_i_tgt=0.1000 cc_u=0.5097 cc_r=5.0292 cc_tau_ms=7.00
[  14.762] [
[  15.641] [STATUS] t_ms=335067 hwm=3 cap=256 dropped=0 dropped_total=4815 crc_err=0 crc_err_total=0 rate1=512 rate2=512 prod1=512 prod2=512 dac_err=0 tx_drop=0 hb_ms=0 sma_state=6 m7_us=346146872 m4_us=343952952 vdd=5.067 offset=0.5000 aref=3.145 loop_us_avg=93 loop_us_max=2639 loop_hz=10752 cycle_log_ms=1 n_cycle=4 cc=1 cc_hz=1026 cc_i_tgt=0.1000 cc_u=0.5128 cc_r=5.0773 cc_tau_ms=7.00
[  16.656] [STATUS] t_ms=336067 hwm=3 cap=256 dropped=0 dropped_total=4815 crc_err=0 crc_err_total=0 rate1=512 rate2=512 prod1=512 prod2=512 dac_err=0 tx_drop=0 hb_ms=0 sma_state=6 m7_us=347180002 m4_us=344986104 vdd=5.067 offset=0.5000 aref=3.145 loop_us_avg=94 loop_us_max=2827 loop_hz=10638 cycle_log_ms=1 n_cycle=4 cc=1 cc_hz=1027 cc_i_tgt=0.1000 cc_u=0.5000 cc_r=5.0270 cc_tau_ms=7.00
[  17.731] [STATUS] t_ms=337067 hwm=3 cap=256 dropped=0 dropped_total=4815 crc_err=0 crc_err_total=0 rate1=512 rate2=512 prod1=512 prod2=512 dac_err=0 tx_drop=0 hb_ms=0 sma_state=6 m7_us=348213134 m4_us=346019259 vdd=5.067 offset=0.5000 aref=3.145 loop_us_avg=92 loop_us_max=2781 loop_hz=10869 cycle_log_ms=1 n_cycle=4 cc=1 cc_hz=1027 cc_i_tgt=0.1000 cc_u=0.5000 cc_r=4.9825 cc_tau_ms=7.00
[  18.743] [STATUS] t_ms=338067 hwm=3 cap=256 dropped=0 dropped_total=4815 crc_err=0 crc_err_total=0 rate1=512 rate2=512 prod1=512 prod2=512 dac_err=0 tx_drop=0 hb_ms=0 sma_state=6 m7_us=349246326 m4_us=347052456 vdd=5.067 offset=0.5000 aref=3.145 loop_us_avg=92 loop_us_max=2868 loop_hz=10869 cycle_log_ms=1 n_cycle=4 cc=1 cc_hz=1027 cc_i_tgt=0.1000 cc_u=0.5000 cc_r=5.0060 cc_tau_ms=7.00
[  18.808] [ADC1
[  18.808] ] STATUS alarm(s): 0x
[  19.783] [STATUS] t_ms=339067 hwm=3 cap=256 dropped=0 dropped_total=4815 crc_err=0 crc_err_total=0 rate1=512 rate2=512 prod1=512 prod2=512 dac_err=0 tx_drop=0 hb_ms=0 sma_state=6 m7_us=350279592 m4_us=348085656 vdd=5.067 offset=0.5000 aref=3.145 loop_us_avg=93 loop_us_max=3024 loop_hz=10752 cycle_log_ms=1 n_cycle=4 cc=1 cc_hz=1028 cc_i_tgt=0.1000 cc_u=0.5054 cc_r=5.1031 cc_tau_ms=7.00
[  20.795] [AD
[  20.795] [STATUS] t_ms=340067 hwm=3 cap=256 dropped=0 dropped_total=4815 crc_err=0 crc_err_total=0 rate1=512 rate2=512 prod1=512 prod2=512 dac_err=0 tx_drop=0 hb_ms=0 sma_state=6 m7_us=351312731 m4_us=349118840 vdd=5.067 offset=0.5000 aref=3.145 loop_us_avg=93 loop_us_max=2988 loop_hz=10752 cycle_log_ms=1 n_cycle=4 cc=1 cc_hz=1024 cc_i_tgt=0.1000 cc_u=0.5235 cc_r=5.0713 cc_tau_ms=7.00
[  21.809] [ADC1] STATUS a
[  21.809] _ALM
[  21.809] [STATUS] t_ms=341067 hwm=3 cap=256 dropped=0 dropped_total=4815 crc_err=0 crc_err_total=0 rate1=512 rate2=512 prod1=512 prod2=512 dac_err=0 tx_drop=0 hb_ms=0 sma_state=6 m7_us=352345979 m4_us=350152024 vdd=5.067 offset=0.5000 aref=3.145 loop_us_avg=94 loop_us_max=2762 loop_hz=10638 cycle_log_ms=1 n_cycle=4 cc=1 cc_hz=1027 cc_i_tgt=0.1000 cc_u=0.5086 cc_r=5.0573 cc_tau_ms=7.00
[  22.883] [STATUS] t_ms=342067 hwm=3 cap=256 dropped=0 dropped_total=4815 crc_err=0 crc_err_total=0 rate1=512 rate2=512 prod1=512 prod2=512 dac_err=0 tx_drop=0 hb_ms=0 sma_state=6 m7_us=353379122 m4_us=351185214 vdd=5.067 offset=0.5000 aref=3.145 loop_us_avg=92 loop_us_max=2845 loop_hz=10869 cycle_log_ms=1 n_cycle=4 cc=1 cc_hz=1027 cc_i_tgt=0.1000 cc_u=0.5111 cc_r=5.0623 cc_tau_ms=7.00
[  23.895] [STATUS] t_ms=343067 hwm=3 cap=256 dropped=0 dropped_total=4815 crc_err=0 crc_err_total=0 rate1=512 rate2=512 prod1=512 prod2=512 dac_err=0 tx_drop=0 hb_ms=0 sma_state=6 m7_us=354412138 m4_us=352218382 vdd=5.067 offset=0.5000 aref=3.145 loop_us_avg=93 loop_us_max=2850 loop_hz=10752 cycle_log_ms=1 n_cycle=4 cc=1 cc_hz=1027 cc_i_tgt=0.1000 cc_u=0.5076 cc_r=5.0978 cc_tau_ms=7.00
[  24.965] [STATUS] t_ms=344067 hwm=3 cap=256 dropped=0 dropped_total=4815 crc_err=0 crc_err_total=0 rate1=512 rate2=512 prod1=512 prod2=512 dac_err=0 tx_drop=0 hb_ms=0 sma_state=6 m7_us=355445374 m4_us=353251512 vdd=5.067 offset=0.5000 aref=3.145 loop_us_avg=93 loop_us_max=2467 loop_hz=10752 cycle_log_ms=1 n_cycle=4 cc=1 cc_hz=1026 cc_i_tgt=0.1000 cc_u=0.5086 cc_r=5.0313 cc_tau_ms=7.00
[  25.027] [SMA] [ACT] heat n=3/6 I=450.0mA ms=100
[  25.154] [SMA] [ACT] cool n=3/6 I=100.0mA ms=12000
[  25.978] [STATUS] t_ms=345067 hwm=3 cap=256 dropped=0 dropped_total=4815 crc_err=0 crc_err_total=0 rate1=512 rate2=512 prod1=512 prod2=512 dac_err=0 tx_drop=0 hb_ms=0 sma_state=6 m7_us=356478464 m4_us=354284648 vdd=5.067 offset=0.5000 aref=3.145 loop_us_avg=93 loop_us_max=2791 loop_hz=10752 cycle_log_ms=1 n_cycle=4 cc=1 cc_hz=1028 cc_i_tgt=0.1000 cc_u=0.5192 cc_r=5.0495 cc_tau_ms=7.00
[  26.865] [AD
[  26.991] [STATUS] t_ms=346067 hwm=3 cap=256 dropped=0 dropped_total=4815 crc_err=0 crc_err_total=0 rate1=512 rate2=512 prod1=512 prod2=512 dac_err=0 tx_drop=0 hb_ms=0 sma_state=6 m7_us=357511673 m4_us=355317780 vdd=5.067 offset=0.5000 aref=3.145 loop_us_avg=93 loop_us_max=2618 loop_hz=10752 cycle_log_ms=1 n_cycle=4 cc=1 cc_hz=1026 cc_i_tgt=0.1000 cc_u=0.5073 cc_r=5.0093 cc_tau_ms=7.00
[  27.879] [ADC1] STATUS alarm(s): 0x49 PGA
[  27.879] L_ALM
[  28.068] [STATUS] t_ms=347067 hwm=3 cap=256 dropped=0 dropped_total=4815 crc_err=0 crc_err_total=0 rate1=512 rate2=512 prod1=512 prod2=512 dac_err=0 tx_drop=0 hb_ms=0 sma_state=6 m7_us=358544790 m4_us=356350881 vdd=5.067 offset=0.5000 aref=3.145 loop_us_avg=95 loop_us_max=3088 loop_hz=10526 cycle_log_ms=1 n_cycle=4 cc=1 cc_hz=1028 cc_i_tgt=0.1000 cc_u=0.5149 cc_r=5.1067 cc_tau_ms=7.00
[  29.080] [STATUS] t_ms=348067 hwm=3 cap=256 dropped=0 dropped_total=4815 crc_err=0 crc_err_total=0 rate1=512 rate2=512 prod1=512 prod2=512 dac_err=0 tx_drop=0 hb_ms=0 sma_state=6 m7_us=359577786 m4_us=357383973 vdd=5.067 offset=0.5000 aref=3.145 loop_us_avg=92 loop_us_max=2913 loop_hz=10869 cycle_log_ms=1 n_cycle=4 cc=1 cc_hz=1027 cc_i_tgt=0.1000 cc_u=0.5142 cc_r=5.0893 cc_tau_ms=7.00
[  30.091] [STATUS] t_ms=349067 hwm=3 cap=256 dropped=0 dropped_total=4815 crc_err=0 crc_err_total=0 rate1=512 rate2=512 prod1=512 prod2=512 dac_err=0 tx_drop=0 hb_ms=0 sma_state=6 m7_us=360610972 m4_us=358417054 vdd=5.067 offset=0.5000 aref=3.145 loop_us_avg=93 loop_us_max=2572 loop_hz=10752 cycle_log_ms=1 n_cycle=4 cc=1 cc_hz=1026 cc_i_tgt=0.1000 cc_u=0.5074 cc_r=5.0450 cc_tau_ms=7.00
[  31.165] [STATUS] t_ms=350067 hwm=3 cap=256 dropped=0 dropped_total=4815 crc_err=0 crc_err_total=0 rate1=512 rate2=512 prod1=512 prod2=512 dac_err=0 tx_drop=0 hb_ms=0 sma_state=6 m7_us=361644010 m4_us=359450158 vdd=5.067 offset=0.5000 aref=3.145 loop_us_avg=93 loop_us_max=2803 loop_hz=10752 cycle_log_ms=1 n_cycle=4 cc=1 cc_hz=1027 cc_i_tgt=0.1000 cc_u=0.5000 cc_r=5.0376 cc_tau_ms=7.00
[  31.921] [ADC1] ST
[  31.921] ATUS alarm(s): 0x
[  32.175] [STATUS] t_ms=351067 hwm=3 cap=256 dropped=0 dropped_total=4815 crc_err=0 crc_err_total=0 rate1=512 rate2=512 prod1=512 prod2=512 dac_err=0 tx_drop=0 hb_ms=0 sma_state=6 m7_us=362677172 m4_us=360483268 vdd=5.067 offset=0.5000 aref=3.145 loop_us_avg=93 loop_us_max=2717 loop_hz=10752 cycle_log_ms=1 n_cycle=4 cc=1 cc_hz=1027 cc_i_tgt=0.1000 cc_u=0.5314 cc_r=5.0592 cc_tau_ms=7.00
[  33.182] [STATUS] t_ms=352067 hwm=3 cap=256 dropped=0 dropped_total=4815 crc_err=0 crc_err_total=0 rate1=512 rate2=512 prod1=512 prod2=512 dac_err=0 tx_drop=0 hb_ms=0 sma_state=6 m7_us=363710200 m4_us=361516405 vdd=5.067 offset=0.5000 aref=3.145 loop_us_avg=93 loop_us_max=2770 loop_hz=10752 cycle_log_ms=1 n_cycle=4 cc=1 cc_hz=1027 cc_i_tgt=0.1000 cc_u=0.5257 cc_r=5.0969 cc_tau_ms=7.00
[  33.937] [ADC1]
[  33.937] STATUS alarm(s): 0x
[  34.254] [STATUS] t_ms=353067 hwm=3 cap=256 dropped=0 dropped_total=4815 crc_err=0 crc_err_total=0 rate1=512 rate2=512 prod1=512 prod2=512 dac_err=0 tx_drop=0 hb_ms=0 sma_state=6 m7_us=364743366 m4_us=362549563 vdd=5.067 offset=0.5000 aref=3.145 loop_us_avg=93 loop_us_max=2494 loop_hz=10752 cycle_log_ms=1 n_cycle=4 cc=1 cc_hz=1026 cc_i_tgt=0.1000 cc_u=0.5349 cc_r=5.0747 cc_tau_ms=7.00
[  35.266] [STATUS] t_ms=354067 hwm=3 cap=256 dropped=0 dropped_total=4815 crc_err=0 crc_err_total=0 rate1=512 rate2=512 prod1=512 prod2=512 dac_err=0 tx_drop=0 hb_ms=0 sma_state=6 m7_us=365776651 m4_us=363582740 vdd=5.067 offset=0.5000 aref=3.145 loop_us_avg=92 loop_us_max=3024 loop_hz=10869 cycle_log_ms=1 n_cycle=4 cc=1 cc_hz=1028 cc_i_tgt=0.1000 cc_u=0.5000 cc_r=5.0323 cc_tau_ms=7.00
[  36.278] [STATUS] t_ms=355067 hwm=3 cap=256 dropped=0 dropped_total=4815 crc_err=0 crc_err_total=0 rate1=512 rate2=512 prod1=512 prod2=512 dac_err=0 tx_drop=0 hb_ms=0 sma_state=6 m7_us=366809627 m4_us=364615892 vdd=5.067 offset=0.5000 aref=3.145 loop_us_avg=93 loop_us_max=2707 loop_hz=10752 cycle_log_ms=1 n_cycle=4 cc=1 cc_hz=1027 cc_i_tgt=0.1000 cc_u=0.5016 cc_r=4.9723 cc_tau_ms=7.00
[  37.353] [STATUS] t_ms=356067 hwm=3 cap=256 dropped=0 dropped_total=4815 crc_err=0 crc_err_total=0 rate1=512 rate2=512 prod1=512 prod2=512 dac_err=0 tx_drop=0 hb_ms=0 sma_state=6 m7_us=367842983 m4_us=365649073 vdd=5.067 offset=0.5000 aref=3.145 loop_us_avg=93 loop_us_max=2435 loop_hz=10752 cycle_log_ms=1 n_cycle=4 cc=1 cc_hz=1026 cc_i_tgt=0.1000 cc_u=0.5027 cc_r=4.9831 cc_tau_ms=7.00
[  37.544] [SMA] [ACT] heat n=4/6 I=450.0mA ms=100
[  37.670] [SMA] [ACT] cool n=4/6 I=100.0mA ms=12000
[  37.923] [ADC1
[  37.923] ] STATUS alarm(s)
[  38.369] [STATUS] t_ms=357067 hwm=3 cap=256 dropped=0 dropped_total=4815 crc_err=0 crc_err_total=0 rate1=512 rate2=512 prod1=512 prod2=512 dac_err=0 tx_drop=0 hb_ms=0 sma_state=6 m7_us=368876147 m4_us=366682248 vdd=5.067 offset=0.5000 aref=3.145 loop_us_avg=93 loop_us_max=2893 loop_hz=10752 cycle_log_ms=1 n_cycle=4 cc=1 cc_hz=1027 cc_i_tgt=0.1000 cc_u=0.5085 cc_r=5.0584 cc_tau_ms=7.00
[  39.378] [STATUS] t_ms=358067 hwm=3 cap=256 dropped=0 dropped_total=4815 crc_err=0 crc_err_total=0 rate1=512 rate2=512 prod1=512 prod2=512 dac_err=0 tx_drop=0 hb_ms=0 sma_state=6 m7_us=369909370 m4_us=367715448 vdd=5.067 offset=0.5000 aref=3.145 loop_us_avg=92 loop_us_max=2763 loop_hz=10869 cycle_log_ms=1 n_cycle=4 cc=1 cc_hz=1027 cc_i_tgt=0.1000 cc_u=0.5016 cc_r=5.0719 cc_tau_ms=7.00
[  40.453] [STATUS] t_ms=359067 hwm=3 cap=256 dropped=0 dropped_total=4815 crc_err=0 crc_err_total=0 rate1=512 rate2=512 prod1=512 prod2=512 dac_err=0 tx_drop=0 hb_ms=0 sma_state=6 m7_us=370942450 m4_us=368748654 vdd=5.067 offset=0.5000 aref=3.145 loop_us_avg=93 loop_us_max=2894 loop_hz=10752 cycle_log_ms=1 n_cycle=4 cc=1 cc_hz=1027 cc_i_tgt=0.1000 cc_u=0.5108 cc_r=5.0768 cc_tau_ms=7.00
[  41.460] [STATUS] t_ms=360067 hwm=3 cap=256 dropped=0 dropped_total=4815 crc_err=0 crc_err_total=0 rate1=512 rate2=512 prod1=512 prod2=512 dac_err=0 tx_drop=0 hb_ms=0 sma_state=6 m7_us=371975763 m4_us=369781841 vdd=5.067 offset=0.5000 aref=3.145 loop_us_avg=92 loop_us_max=2512 loop_hz=10869 cycle_log_ms=1 n_cycle=4 cc=1 cc_hz=1026 cc_i_tgt=0.1000 cc_u=0.5208 cc_r=5.0510 cc_tau_ms=7.00
[  41.966] [ADC1]
[  42.474] [STATUS] t_ms=361067 hwm=3 cap=256 dropped=0 dropped_total=4815 crc_err=0 crc_err_total=0 rate1=512 rate2=512 prod1=512 prod2=512 dac_err=0 tx_drop=0 hb_ms=0 sma_state=6 m7_us=373008938 m4_us=370815032 vdd=5.067 offset=0.5000 aref=3.145 loop_us_avg=92 loop_us_max=3085 loop_hz=10869 cycle_log_ms=1 n_cycle=4 cc=1 cc_hz=1028 cc_i_tgt=0.1000 cc_u=0.5036 cc_r=4.9842 cc_tau_ms=7.00
[  42.980] [ADC1] STAT
[  42.980] US alarm(s): 0xC9
[  43.549] [STATUS] t_ms=362067 hwm=3 cap=256 dropped=0 dropped_total=4815 crc_err=0 crc_err_total=0 rate1=512 rate2=512 prod1=512 prod2=512 dac_err=0 tx_drop=0 hb_ms=0 sma_state=6 m7_us=374042082 m4_us=371848225 vdd=5.067 offset=0.5000 aref=3.145 loop_us_avg=92 loop_us_max=2791 loop_hz=10869 cycle_log_ms=1 n_cycle=4 cc=1 cc_hz=1027 cc_i_tgt=0.1000 cc_u=0.5000 cc_r=5.0352 cc_tau_ms=7.00
[  44.605] [STATUS] t_ms=363067 hwm=3 cap=256 dropped=0 dropped_total=4815 crc_err=0 crc_err_total=0 rate1=512 rate2=512 prod1=512 prod2=512 dac_err=0 tx_drop=0 hb_ms=0 sma_state=6 m7_us=375075214 m4_us=372881425 vdd=5.067 offset=0.5000 aref=3.145 loop_us_avg=93 loop_us_max=2768 loop_hz=10752 cycle_log_ms=1 n_cycle=4 cc=1 cc_hz=1027 cc_i_tgt=0.1000 cc_u=0.5000 cc_r=5.0078 cc_tau_ms=7.00
[  45.615] [STATUS] t_ms=364067 hwm=3 cap=256 dropped=0 dropped_total=4815 crc_err=0 crc_err_total=0 rate1=512 rate2=512 prod1=512 prod2=512 dac_err=0 tx_drop=0 hb_ms=0 sma_state=6 m7_us=376108514 m4_us=373914616 vdd=5.067 offset=0.5000 aref=3.145 loop_us_avg=92 loop_us_max=2789 loop_hz=10869 cycle_log_ms=1 n_cycle=4 cc=1 cc_hz=1027 cc_i_tgt=0.1000 cc_u=0.5007 cc_r=4.9693 cc_tau_ms=7.00
[  46.624] [STATUS] t_ms=365067 hwm=3 cap=256 dropped=0 dropped_total=4815 crc_err=0 crc_err_total=0 rate1=512 rate2=512 prod1=512 prod2=512 dac_err=0 tx_drop=0 hb_ms=0 sma_state=6 m7_us=377141645 m4_us=374947796 vdd=5.067 offset=0.5000 aref=3.145 loop_us_avg=93 loop_us_max=2890 loop_hz=10752 cycle_log_ms=1 n_cycle=4 cc=1 cc_hz=1027 cc_i_tgt=0.1000 cc_u=0.5135 cc_r=5.0434 cc_tau_ms=7.00
[  47.636] [STATUS] t_ms=366067 hwm=3 cap=256 dropped=0 dropped_total=4815 crc_err=0 crc_err_total=0 rate1=512 rate2=512 prod1=512 prod2=512 dac_err=0 tx_drop=0 hb_ms=0 sma_state=6 m7_us=378174779 m4_us=375980948 vdd=5.067 offset=0.5000 aref=3.145 loop_us_avg=93 loop_us_max=2720 loop_hz=10752 cycle_log_ms=1 n_cycle=4 cc=1 cc_hz=1027 cc_i_tgt=0.1000 cc_u=0.5021 cc_r=5.0907 cc_tau_ms=7.00
[  48.016] [ADC1] ST
[  48.715] [STATUS] t_ms=367067 hwm=3 cap=256 dropped=0 dropped_total=4815 crc_err=0 crc_err_total=0 rate1=512 rate2=512 prod1=512 prod2=512 dac_err=0 tx_drop=0 hb_ms=0 sma_state=6 m7_us=379207943 m4_us=377014088 vdd=5.067 offset=0.5000 aref=3.145 loop_us_avg=93 loop_us_max=2705 loop_hz=10752 cycle_log_ms=1 n_cycle=4 cc=1 cc_hz=1027 cc_i_tgt=0.1000 cc_u=0.5023 cc_r=5.0707 cc_tau_ms=7.00
[  49.723] [STATUS] t_ms=368067 hwm=3 cap=256 dropped=0 dropped_total=4815 crc_err=0 crc_err_total=0 rate1=512 rate2=512 prod1=512 prod2=512 dac_err=0 tx_drop=0 hb_ms=0 sma_state=6 m7_us=380241195 m4_us=378047265 vdd=5.067 offset=0.5000 aref=3.145 loop_us_avg=92 loop_us_max=2989 loop_hz=10869 cycle_log_ms=1 n_cycle=4 cc=1 cc_hz=1028 cc_i_tgt=0.1000 cc_u=0.5407 cc_r=5.1109 cc_tau_ms=7.00
[  50.038] [SMA] [ACT] heat n=5/6 I=450.0mA ms=100
[  50.038] M
[  50.165] [SMA] [ACT] cool n=5/6 I=100.0mA ms=12000
[  50.735] [STATUS] t_ms=369067 hwm=3 cap=256 dropped=0 dropped_total=4815 crc_err=0 crc_err_total=0 rate1=512 rate2=512 prod1=512 prod2=512 dac_err=0 tx_drop=0 hb_ms=0 sma_state=6 m7_us=381274326 m4_us=379080424 vdd=5.067 offset=0.5000 aref=3.145 loop_us_avg=92 loop_us_max=2754 loop_hz=10869 cycle_log_ms=1 n_cycle=4 cc=1 cc_hz=1030 cc_i_tgt=0.1000 cc_u=0.5084 cc_r=5.0876 cc_tau_ms=7.00
[  51.809] [STATUS] t_ms=370067 hwm=3 cap=256 dropped=0 dropped_total=4815 crc_err=0 crc_err_total=0 rate1=512 rate2=512 prod1=512 prod2=512 dac_err=0 tx_drop=0 hb_ms=0 sma_state=6 m7_us=382307494 m4_us=380113604 vdd=5.067 offset=0.5000 aref=3.145 loop_us_avg=93 loop_us_max=2761 loop_hz=10752 cycle_log_ms=1 n_cycle=4 cc=1 cc_hz=1027 cc_i_tgt=0.1000 cc_u=0.5165 cc_r=5.0619 cc_tau_ms=7.00
[  52.816] [STATUS] t_ms=371067 hwm=3 cap=256 dropped=0 dropped_total=4815 crc_err=0 crc_err_total=0 rate1=512 rate2=512 prod1=512 prod2=512 dac_err=0 tx_drop=0 hb_ms=0 sma_state=6 m7_us=383340643 m4_us=381146804 vdd=5.067 offset=0.5000 aref=3.145 loop_us_avg=93 loop_us_max=2824 loop_hz=10752 cycle_log_ms=1 n_cycle=4 cc=1 cc_hz=1027 cc_i_tgt=0.1000 cc_u=0.5033 cc_r=5.0829 cc_tau_ms=7.00
[  53.067] [ADC1] STATUS alarm
[  53.891] [STATUS] t_ms=372067 hwm=3 cap=256 dropped=0 dropped_total=4815 crc_err=0 crc_err_total=0 rate1=512 rate2=512 prod1=512 prod2=512 dac_err=0 tx_drop=0 hb_ms=0 sma_state=6 m7_us=384373866 m4_us=382180030 vdd=5.067 offset=0.5000 aref=3.145 loop_us_avg=92 loop_us_max=2780 loop_hz=10869 cycle_log_ms=1 n_cycle=4 cc=1 cc_hz=1027 cc_i_tgt=0.1000 cc_u=0.5203 cc_r=5.0987 cc_tau_ms=7.00
[  54.082] [ADC1] STATUS alarm(
[  54.902] [STATUS] t_ms=373067 hwm=3 cap=256 dropped=0 dropped_total=4815 crc_err=0 crc_err_total=0 rate1=512 rate2=512 prod1=512 prod2=512 dac_err=0 tx_drop=0 hb_ms=0 sma_state=6 m7_us=385407091 m4_us=383213265 vdd=5.067 offset=0.5000 aref=3.145 loop_us_avg=92 loop_us_max=2685 loop_hz=10869 cycle_log_ms=1 n_cycle=4 cc=1 cc_hz=1027 cc_i_tgt=0.1000 cc_u=0.5000 cc_r=4.9611 cc_tau_ms=7.00
[  55.910] [STATUS] t_ms=374067 hwm=3 cap=256 dropped=0 dropped_total=4815 crc_err=0 crc_err_total=0 rate1=512 rate2=512 prod1=512 prod2=512 dac_err=0 tx_drop=0 hb_ms=0 sma_state=6 m7_us=386440373 m4_us=384246427 vdd=5.067 offset=0.5000 aref=3.145 loop_us_avg=92 loop_us_max=2611 loop_hz=10869 cycle_log_ms=1 n_cycle=4 cc=1 cc_hz=1026 cc_i_tgt=0.1000 cc_u=0.5000 cc_r=4.9855 cc_tau_ms=7.00
[  56.100] [ADC1] STA
[  56.983] [STATUS] t_ms=375067 hwm=3 cap=256 dropped=0 dropped_total=4815 crc_err=0 crc_err_total=0 rate1=512 rate2=512 prod1=512 prod2=512 dac_err=0 tx_drop=0 hb_ms=0 sma_state=6 m7_us=387473550 m4_us=385279601 vdd=5.067 offset=0.5000 aref=3.145 loop_us_avg=93 loop_us_max=3044 loop_hz=10752 cycle_log_ms=1 n_cycle=4 cc=1 cc_hz=1028 cc_i_tgt=0.1000 cc_u=0.5222 cc_r=5.1364 cc_tau_ms=7.00
[  57.109] [ADC1] S
[  57.997] [STATUS] t_ms=376067 hwm=3 cap=256 dropped=0 dropped_total=4815 crc_err=0 crc_err_total=0 rate1=512 rate2=512 prod1=512 prod2=512 dac_err=0 tx_drop=0 hb_ms=0 sma_state=6 m7_us=388506642 m4_us=386312731 vdd=5.067 offset=0.5000 aref=3.145 loop_us_avg=93 loop_us_max=2873 loop_hz=10752 cycle_log_ms=1 n_cycle=4 cc=1 cc_hz=1027 cc_i_tgt=0.1000 cc_u=0.5000 cc_r=5.0236 cc_tau_ms=7.00
[  59.007] [STATUS] t_ms=377067 hwm=3 cap=256 dropped=0 dropped_total=4815 crc_err=0 crc_err_total=0 rate1=512 rate2=512 prod1=512 prod2=512 dac_err=0 tx_drop=0 hb_ms=0 sma_state=6 m7_us=389539673 m4_us=387345857 vdd=5.067 offset=0.5000 aref=3.145 loop_us_avg=94 loop_us_max=2850 loop_hz=10638 cycle_log_ms=1 n_cycle=4 cc=1 cc_hz=1027 cc_i_tgt=0.1000 cc_u=0.5082 cc_r=5.0237 cc_tau_ms=7.00
[  59.134] [ADC1] STATUS alarm(s): 0
[  60.080] [STATUS] t_ms=378067 hwm=3 cap=256 dropped=0 dropped_total=4815 crc_err=0 crc_err_total=0 rate1=512 rate2=512 prod1=512 prod2=512 dac_err=0 tx_drop=0 hb_ms=0 sma_state=6 m7_us=390572866 m4_us=388378993 vdd=5.067 offset=0.5000 aref=3.145 loop_us_avg=93 loop_us_max=2620 loop_hz=10752 cycle_log_ms=1 n_cycle=4 cc=1 cc_hz=1026 cc_i_tgt=0.1000 cc_u=0.5159 cc_r=5.1737 cc_tau_ms=7.00
[  61.091] [STATUS] t_ms=379067 hwm=3 cap=256 dropped=0 dropped_total=4815 crc_err=0 crc_err_total=0 rate1=512 rate2=512 prod1=512 prod2=512 dac_err=0 tx_drop=0 hb_ms=0 sma_state=6 m7_us=391606069 m4_us=389412155 vdd=5.067 offset=0.5000 aref=3.145 loop_us_avg=93 loop_us_max=2864 loop_hz=10752 cycle_log_ms=1 n_cycle=4 cc=1 cc_hz=1027 cc_i_tgt=0.1000 cc_u=0.5061 cc_r=5.0350 cc_tau_ms=7.00
[  62.101] [STATUS] t_ms=380067 hwm=3 cap=256 dropped=0 dropped_total=4815 crc_err=0 crc_err_total=0 rate1=512 rate2=512 prod1=512 prod2=512 dac_err=0 tx_drop=0 hb_ms=0 sma_state=6 m7_us=392639263 m4_us=390445300 vdd=5.067 offset=0.5000 aref=3.145 loop_us_avg=92 loop_us_max=2789 loop_hz=10869 cycle_log_ms=1 n_cycle=4 cc=1 cc_hz=1027 cc_i_tgt=0.1000 cc_u=0.5145 cc_r=5.0164 cc_tau_ms=7.00
[  62.164] [ADC1] STAT
[  62.543] [SMA] [ACT] heat n=6/6 I=450.0mA ms=100
[  62.669] [SMA] [ACT] cool n=6/6 I=100.0mA ms=12000
[  63.174] [STATUS] t_ms=381067 hwm=3 cap=256 dropped=0 dropped_total=4815 crc_err=0 crc_err_total=0 rate1=512 rate2=512 prod1=512 prod2=512 dac_err=0 tx_drop=0 hb_ms=0 sma_state=6 m7_us=393672461 m4_us=391478405 vdd=5.067 offset=0.5000 aref=3.145 loop_us_avg=93 loop_us_max=2827 loop_hz=10752 cycle_log_ms=1 n_cycle=4 cc=1 cc_hz=1029 cc_i_tgt=0.1000 cc_u=0.5081 cc_r=5.0376 cc_tau_ms=7.00
[  64.186] [ADC1]
[  64.186] STATUS alarm(s): 0
[  64.186] [STATUS] t_ms=382067 hwm=3 cap=256 dropped=0 dropped_total=4815 crc_err=0 crc_err_total=0 rate1=512 rate2=512 prod1=512 prod2=512 dac_err=0 tx_drop=0 hb_ms=0 sma_state=6 m7_us=394705471 m4_us=392511521 vdd=5.067 offset=0.5000 aref=3.145 loop_us_avg=93 loop_us_max=3001 loop_hz=10752 cycle_log_ms=1 n_cycle=4 cc=1 cc_hz=1025 cc_i_tgt=0.1000 cc_u=0.5000 cc_r=5.0652 cc_tau_ms=7.00
[  65.198] [STATUS] t_ms=383067 hwm=3 cap=256 dropped=0 dropped_total=4815 crc_err=0 crc_err_total=0 rate1=512 rate2=512 prod1=512 prod2=512 dac_err=0 tx_drop=0 hb_ms=0 sma_state=6 m7_us=395738468 m4_us=393544648 vdd=5.067 offset=0.5000 aref=3.145 loop_us_avg=94 loop_us_max=2851 loop_hz=10638 cycle_log_ms=1 n_cycle=4 cc=1 cc_hz=1027 cc_i_tgt=0.1000 cc_u=0.5024 cc_r=5.0005 cc_tau_ms=7.00
[  66.203] [ADC1] STATUS a
[  66.203] _ALM
[  66.267] [STATUS] t_ms=384067 hwm=3 cap=256 dropped=0 dropped_total=4815 crc_err=0 crc_err_total=0 rate1=512 rate2=512 prod1=512 prod2=512 dac_err=0 tx_drop=0 hb_ms=0 sma_state=6 m7_us=396771654 m4_us=394577793 vdd=5.067 offset=0.5000 aref=3.145 loop_us_avg=92 loop_us_max=2548 loop_hz=10869 cycle_log_ms=1 n_cycle=4 cc=1 cc_hz=1026 cc_i_tgt=0.1000 cc_u=0.5000 cc_r=5.0454 cc_tau_ms=7.00
[  67.278] [STATUS] t_ms=385067 hwm=3 cap=256 dropped=0 dropped_total=4815 crc_err=0 crc_err_total=0 rate1=512 rate2=512 prod1=512 prod2=512 dac_err=0 tx_drop=0 hb_ms=0 sma_state=6 m7_us=397804796 m4_us=395610952 vdd=5.067 offset=0.5000 aref=3.145 loop_us_avg=93 loop_us_max=2643 loop_hz=10752 cycle_log_ms=1 n_cycle=4 cc=1 cc_hz=1026 cc_i_tgt=0.1000 cc_u=0.5054 cc_r=5.0536 cc_tau_ms=7.00
[  68.353] [STATUS] t_ms=386067 hwm=3 cap=256 dropped=0 dropped_total=4815 crc_err=0 crc_err_total=0 rate1=512 rate2=512 prod1=512 prod2=512 dac_err=0 tx_drop=0 hb_ms=0 sma_state=6 m7_us=398838053 m4_us=396644148 vdd=5.067 offset=0.5000 aref=3.145 loop_us_avg=93 loop_us_max=2829 loop_hz=10752 cycle_log_ms=1 n_cycle=4 cc=1 cc_hz=1027 cc_i_tgt=0.1000 cc_u=0.5219 cc_r=5.0263 cc_tau_ms=7.00
[  69.365] [STATUS] t_ms=387067 hwm=3 cap=256 dropped=0 dropped_total=4815 crc_err=0 crc_err_total=0 rate1=512 rate2=512 prod1=512 prod2=512 dac_err=0 tx_drop=0 hb_ms=0 sma_state=6 m7_us=399871188 m4_us=397677336 vdd=5.067 offset=0.5000 aref=3.145 loop_us_avg=93 loop_us_max=2521 loop_hz=10752 cycle_log_ms=1 n_cycle=4 cc=1 cc_hz=1026 cc_i_tgt=0.1000 cc_u=0.5000 cc_r=5.0197 cc_tau_ms=7.00
[  70.251] [AD
[  70.251] C1] STATUS alarm(s
[  70.379] [STATUS] t_ms=388067 hwm=3 cap=256 dropped=0 dropped_total=4815 crc_err=0 crc_err_total=0 rate1=512 rate2=512 prod1=512 prod2=512 dac_err=0 tx_drop=0 hb_ms=0 sma_state=6 m7_us=400904469 m4_us=398710520 vdd=5.067 offset=0.5000 aref=3.145 loop_us_avg=93 loop_us_max=2743 loop_hz=10752 cycle_log_ms=1 n_cycle=4 cc=1 cc_hz=1027 cc_i_tgt=0.1000 cc_u=0.5000 cc_r=5.0346 cc_tau_ms=7.00
[  71.449] [STATUS] t_ms=389067 hwm=3 cap=256 dropped=0 dropped_total=4815 crc_err=0 crc_err_total=0 rate1=512 rate2=512 prod1=512 prod2=512 dac_err=0 tx_drop=0 hb_ms=0 sma_state=6 m7_us=401937626 m4_us=399743742 vdd=5.067 offset=0.5000 aref=3.145 loop_us_avg=93 loop_us_max=2925 loop_hz=10752 cycle_log_ms=1 n_cycle=4 cc=1 cc_hz=1027 cc_i_tgt=0.1000 cc_u=0.5208 cc_r=5.1185 cc_tau_ms=7.00
[  72.465] [STATUS] t_ms=390067 hwm=3 cap=256 dropped=0 dropped_total=4815 crc_err=0 crc_err_total=0 rate1=512 rate2=512 prod1=512 prod2=512 dac_err=0 tx_drop=0 hb_ms=0 sma_state=6 m7_us=402970757 m4_us=400776948 vdd=5.067 offset=0.5000 aref=3.145 loop_us_avg=92 loop_us_max=2672 loop_hz=10869 cycle_log_ms=1 n_cycle=4 cc=1 cc_hz=1026 cc_i_tgt=0.1000 cc_u=0.5000 cc_r=4.9575 cc_tau_ms=7.00
[  73.473] [STATUS] t_ms=391067 hwm=3 cap=256 dropped=0 dropped_total=4815 crc_err=0 crc_err_total=0 rate1=512 rate2=512 prod1=512 prod2=512 dac_err=0 tx_drop=0 hb_ms=0 sma_state=6 m7_us=404003960 m4_us=401810129 vdd=5.067 offset=0.5000 aref=3.145 loop_us_avg=93 loop_us_max=2649 loop_hz=10752 cycle_log_ms=1 n_cycle=4 cc=1 cc_hz=1026 cc_i_tgt=0.1000 cc_u=0.5106 cc_r=5.0432 cc_tau_ms=7.00
[  74.294] [AD
[  74.548] [STATUS] t_ms=392067 hwm=3 cap=256 dropped=0 dropped_total=4815 crc_err=0 crc_err_total=0 rate1=512 rate2=512 prod1=512 prod2=512 dac_err=0 tx_drop=0 hb_ms=0 sma_state=6 m7_us=405037154 m4_us=402843326 vdd=5.067 offset=0.5000 aref=3.145 loop_us_avg=92 loop_us_max=2762 loop_hz=10869 cycle_log_ms=1 n_cycle=4 cc=1 cc_hz=1027 cc_i_tgt=0.1000 cc_u=0.5054 cc_r=5.0084 cc_tau_ms=7.00
[  75.051] [SMA] [ACT] -> idle (done) after 6 cycle(s); still armed
[  75.304] [ADC1]
[  75.304] STATUS alarm(s
[  75.557] [STATUS] t_ms=393067 hwm=3 cap=256 dropped=0 dropped_total=4815 crc_err=0 crc_err_total=0 rate1=512 rate2=512 prod1=512 prod2=512 dac_err=0 tx_drop=0 hb_ms=0 sma_state=0 m7_us=406069969 m4_us=403876488 vdd=5.067 offset=0.5000 aref=3.145 loop_us_avg=36 loop_us_max=2700 loop_hz=27777 cycle_log_ms=1 n_cycle=4 cc=0 cc_hz=511 cc_i_tgt=0.1000 cc_u=0.5000 cc_r=4.9380 cc_tau_ms=7.00
