[   0.061] [SMA] ARMED (MOSFET on); idle=0.500 V
[   0.061] [STATUS] t_ms=27324 hwm=256 cap=256 dropped=56 dropped_total=717 crc_err=0 crc_err_total=0 rate1=482 rate2=482 prod1=484 prod2=484 dac_err=0 tx_drop=0 hb_ms=0 sma_state=0 m7_us=28166656 m4_us=25973097 vdd=5.067 offset=0.5000 aref=3.145 loop_us_avg=31 loop_us_max=315318 loop_hz=32258 cycle_log_ms=1 n_cycle=4 cc=0 cc_hz=0 cc_i_tgt=0.0000 cc_u=0.0000 cc_r=0.0000 cc_tau_ms=7.00
[   0.310] [ADC1] STAT
[   0.310] US alarm(s): 0x
[   0.310] H_ALM
[   1.066] [STATUS] t_ms=28324 hwm=3 cap=256 dropped=0 dropped_total=717 crc_err=0 crc_err_total=0 rate1=512 rate2=512 prod1=512 prod2=512 dac_err=0 tx_drop=0 hb_ms=0 sma_state=0 m7_us=29200171 m4_us=27006610 vdd=5.067 offset=0.5000 aref=3.145 loop_us_avg=22 loop_us_max=2622 loop_hz=45454 cycle_log_ms=1 n_cycle=4 cc=0 cc_hz=0 cc_i_tgt=0.0000 cc_u=0.0000 cc_r=0.0000 cc_tau_ms=7.00
[   1.319] [ADC
[   1.319] 1] STATUS alarm
[   1.319] ALM PGAH_ALM
[   0.063] [SMA] [CC] start i_high=150.0mA i_low=100.0mA t_high=100 t_idle=12000 n=6 (0=cont) tau_ms=7.0 wdt_ms=5000
[   0.063] [SMA] [ACT] heat n=1/6 I=150.0mA ms=100
[   0.126] [STATUS] t_ms=29324 hwm=2 cap=256 dropped=0 dropped_total=717 crc_err=0 crc_err_total=0 rate1=512 rate2=512 prod1=512 prod2=512 dac_err=0 tx_drop=0 hb_ms=0 sma_state=5 m7_us=30233755 m4_us=28040162 vdd=5.067 offset=0.5000 aref=3.145 loop_us_avg=23 loop_us_max=2076 loop_hz=43478 cycle_log_ms=1 n_cycle=4 cc=1 cc_hz=71 cc_i_tgt=0.1500 cc_u=0.6109 cc_r=3.9107 cc_tau_ms=7.00
[   0.126] [SMA] [ACT] cool n=1/6 I=100.0mA ms=12000
[   0.315] [ADC
[   0.315] 1] STATUS alarm(s):
[   1.135] [STATUS] t_ms=30324 hwm=3 cap=256 dropped=0 dropped_total=717 crc_err=0 crc_err_total=0 rate1=513 rate2=512 prod1=513 prod2=512 dac_err=0 tx_drop=0 hb_ms=0 sma_state=6 m7_us=31267867 m4_us=29074635 vdd=5.067 offset=0.5000 aref=3.145 loop_us_avg=93 loop_us_max=3003 loop_hz=10752 cycle_log_ms=1 n_cycle=4 cc=1 cc_hz=1028 cc_i_tgt=0.1000 cc_u=0.5080 cc_r=5.0260 cc_tau_ms=7.00
[   1.324] [ADC
[   1.324] 1] STATUS alarm(s
[   2.144] [STATUS] t_ms=31324 hwm=2 cap=256 dropped=0 dropped_total=717 crc_err=0 crc_err_total=0 rate1=512 rate2=512 prod1=512 prod2=512 dac_err=0 tx_drop=0 hb_ms=0 sma_state=6 m7_us=32301282 m4_us=30108101 vdd=5.067 offset=0.5000 aref=3.145 loop_us_avg=93 loop_us_max=2788 loop_hz=10752 cycle_log_ms=1 n_cycle=4 cc=1 cc_hz=1027 cc_i_tgt=0.1000 cc_u=0.5000 cc_r=4.9769 cc_tau_ms=7.00
[   2.334] [AD
[   3.215] [STATUS] t_ms=32324 hwm=2 cap=256 dropped=0 dropped_total=717 crc_err=0 crc_err_total=0 rate1=512 rate2=512 prod1=512 prod2=512 dac_err=0 tx_drop=0 hb_ms=0 sma_state=6 m7_us=33334839 m4_us=31141515 vdd=5.067 offset=0.5000 aref=3.145 loop_us_avg=92 loop_us_max=2356 loop_hz=10869 cycle_log_ms=1 n_cycle=4 cc=1 cc_hz=1029 cc_i_tgt=0.1000 cc_u=0.5246 cc_r=5.0763 cc_tau_ms=7.00
[   4.224] [STATUS] t_ms=33324 hwm=2 cap=256 dropped=0 dropped_total=717 crc_err=0 crc_err_total=0 rate1=512 rate2=512 prod1=512 prod2=512 dac_err=0 tx_drop=0 hb_ms=0 sma_state=6 m7_us=34368133 m4_us=32174949 vdd=5.067 offset=0.5000 aref=3.145 loop_us_avg=93 loop_us_max=2782 loop_hz=10752 cycle_log_ms=1 n_cycle=4 cc=1 cc_hz=1027 cc_i_tgt=0.1000 cc_u=0.5013 cc_r=5.0682 cc_tau_ms=7.00
[   5.298] [STATUS] t_ms=34324 hwm=2 cap=256 dropped=0 dropped_total=717 crc_err=0 crc_err_total=0 rate1=512 rate2=512 prod1=512 prod2=512 dac_err=0 tx_drop=0 hb_ms=0 sma_state=6 m7_us=35401621 m4_us=33208357 vdd=5.067 offset=0.5000 aref=3.145 loop_us_avg=92 loop_us_max=2648 loop_hz=10869 cycle_log_ms=1 n_cycle=4 cc=1 cc_hz=1026 cc_i_tgt=0.1000 cc_u=0.5078 cc_r=5.0596 cc_tau_ms=7.00
[   5.359] [ADC1] ST
[   6.307] [STATUS] t_ms=35324 hwm=2 cap=256 dropped=0 dropped_total=717 crc_err=0 crc_err_total=0 rate1=512 rate2=512 prod1=512 prod2=512 dac_err=0 tx_drop=0 hb_ms=0 sma_state=6 m7_us=36434936 m4_us=34241765 vdd=5.067 offset=0.5000 aref=3.145 loop_us_avg=93 loop_us_max=2724 loop_hz=10752 cycle_log_ms=1 n_cycle=4 cc=1 cc_hz=1026 cc_i_tgt=0.1000 cc_u=0.5000 cc_r=5.0137 cc_tau_ms=7.00
[   6.370] [ADC
[   7.315] [STATUS] t_ms=36324 hwm=2 cap=256 dropped=0 dropped_total=717 crc_err=0 crc_err_total=0 rate1=512 rate2=512 prod1=512 prod2=512 dac_err=0 tx_drop=0 hb_ms=0 sma_state=6 m7_us=37468255 m4_us=35275099 vdd=5.067 offset=0.5000 aref=3.145 loop_us_avg=92 loop_us_max=2476 loop_hz=10869 cycle_log_ms=1 n_cycle=4 cc=1 cc_hz=1026 cc_i_tgt=0.1000 cc_u=0.5246 cc_r=5.1220 cc_tau_ms=7.00
[   8.387] [STATUS] t_ms=37324 hwm=2 cap=256 dropped=0 dropped_total=717 crc_err=0 crc_err_total=0 rate1=512 rate2=512 prod1=512 prod2=512 dac_err=0 tx_drop=0 hb_ms=0 sma_state=6 m7_us=38501771 m4_us=36308408 vdd=5.067 offset=0.5000 aref=3.145 loop_us_avg=92 loop_us_max=2610 loop_hz=10869 cycle_log_ms=1 n_cycle=4 cc=1 cc_hz=1026 cc_i_tgt=0.1000 cc_u=0.5032 cc_r=5.0571 cc_tau_ms=7.00
[   9.397] [AD
[   9.397] [STATUS] t_ms=38324 hwm=2 cap=256 dropped=0 dropped_total=717 crc_err=0 crc_err_total=0 rate1=512 rate2=512 prod1=512 prod2=512 dac_err=0 tx_drop=0 hb_ms=0 sma_state=6 m7_us=39534810 m4_us=37341720 vdd=5.067 offset=0.5000 aref=3.145 loop_us_avg=92 loop_us_max=2852 loop_hz=10869 cycle_log_ms=1 n_cycle=4 cc=1 cc_hz=1027 cc_i_tgt=0.1000 cc_u=0.5000 cc_r=5.0450 cc_tau_ms=7.00
[  10.419] [STATUS] t_ms=39324 hwm=2 cap=256 dropped=0 dropped_total=717 crc_err=0 crc_err_total=0 rate1=512 rate2=512 prod1=512 prod2=512 dac_err=0 tx_drop=0 hb_ms=0 sma_state=6 m7_us=40568416 m4_us=38375000 vdd=5.067 offset=0.5000 aref=3.145 loop_us_avg=92 loop_us_max=2423 loop_hz=10869 cycle_log_ms=1 n_cycle=4 cc=1 cc_hz=1026 cc_i_tgt=0.1000 cc_u=0.5000 cc_r=5.0174 cc_tau_ms=7.00
[  11.487] [STATUS] t_ms=40324 hwm=2 cap=256 dropped=0 dropped_total=717 crc_err=0 crc_err_total=0 rate1=512 rate2=512 prod1=512 prod2=512 dac_err=0 tx_drop=0 hb_ms=0 sma_state=6 m7_us=41601488 m4_us=39408283 vdd=5.067 offset=0.5000 aref=3.145 loop_us_avg=92 loop_us_max=2832 loop_hz=10869 cycle_log_ms=1 n_cycle=4 cc=1 cc_hz=1027 cc_i_tgt=0.1000 cc_u=0.5038 cc_r=5.0984 cc_tau_ms=7.00
[  12.497] [STATUS] t_ms=41324 hwm=2 cap=256 dropped=0 dropped_total=717 crc_err=0 crc_err_total=0 rate1=512 rate2=512 prod1=512 prod2=512 dac_err=0 tx_drop=0 hb_ms=0 sma_state=6 m7_us=42634869 m4_us=40441579 vdd=5.067 offset=0.5000 aref=3.145 loop_us_avg=92 loop_us_max=2632 loop_hz=10869 cycle_log_ms=1 n_cycle=4 cc=1 cc_hz=1026 cc_i_tgt=0.1000 cc_u=0.5074 cc_r=5.0295 cc_tau_ms=7.00
[  12.559] [SMA] [ACT] heat n=2/6 I=150.0mA ms=100
[  12.622] [SMA] [ACT] cool n=2/6 I=100.0mA ms=12000
[  13.442] [ADC1]
[  13.442] STATUS alarm(s): 0
[  13.567] [STATUS] t_ms=42324 hwm=2 cap=256 dropped=0 dropped_total=717 crc_err=0 crc_err_total=0 rate1=512 rate2=512 prod1=512 prod2=512 dac_err=0 tx_drop=0 hb_ms=0 sma_state=6 m7_us=43668272 m4_us=41474843 vdd=5.067 offset=0.5000 aref=3.145 loop_us_avg=92 loop_us_max=2618 loop_hz=10869 cycle_log_ms=1 n_cycle=4 cc=1 cc_hz=1029 cc_i_tgt=0.1000 cc_u=0.5087 cc_r=4.9899 cc_tau_ms=7.00
[  14.451] [ADC1] STATUS alarm(s): 0
[  14.575] [STATUS] t_ms=43324 hwm=3 cap=256 dropped=0 dropped_total=717 crc_err=0 crc_err_total=0 rate1=512 rate2=512 prod1=512 prod2=512 dac_err=0 tx_drop=0 hb_ms=0 sma_state=6 m7_us=44701417 m4_us=42508117 vdd=5.067 offset=0.5000 aref=3.145 loop_us_avg=93 loop_us_max=3022 loop_hz=10752 cycle_log_ms=1 n_cycle=4 cc=1 cc_hz=1028 cc_i_tgt=0.1000 cc_u=0.5257 cc_r=5.0662 cc_tau_ms=7.00
[  15.582] [STATUS] t_ms=44324 hwm=3 cap=256 dropped=0 dropped_total=717 crc_err=0 crc_err_total=0 rate1=512 rate2=512 prod1=512 prod2=512 dac_err=0 tx_drop=0 hb_ms=0 sma_state=6 m7_us=45734664 m4_us=43541403 vdd=5.067 offset=0.5000 aref=3.145 loop_us_avg=92 loop_us_max=2948 loop_hz=10869 cycle_log_ms=1 n_cycle=4 cc=1 cc_hz=1027 cc_i_tgt=0.1000 cc_u=0.5000 cc_r=5.0353 cc_tau_ms=7.00
[  16.651] [STATUS] t_ms=45324 hwm=2 cap=256 dropped=0 dropped_total=717 crc_err=0 crc_err_total=0 rate1=512 rate2=512 prod1=512 prod2=512 dac_err=0 tx_drop=0 hb_ms=0 sma_state=6 m7_us=46767888 m4_us=44574712 vdd=5.067 offset=0.5000 aref=3.145 loop_us_avg=92 loop_us_max=2806 loop_hz=10869 cycle_log_ms=1 n_cycle=4 cc=1 cc_hz=1027 cc_i_tgt=0.1000 cc_u=0.5067 cc_r=5.0434 cc_tau_ms=7.00
[  17.659] [STATUS] t_ms=46324 hwm=2 cap=256 dropped=0 dropped_total=717 crc_err=0 crc_err_total=0 rate1=512 rate2=512 prod1=512 prod2=512 dac_err=0 tx_drop=0 hb_ms=0 sma_state=6 m7_us=47801279 m4_us=45608024 vdd=5.067 offset=0.5000 aref=3.145 loop_us_avg=93 loop_us_max=2656 loop_hz=10752 cycle_log_ms=1 n_cycle=4 cc=1 cc_hz=1026 cc_i_tgt=0.1000 cc_u=0.5120 cc_r=5.1296 cc_tau_ms=7.00
[  18.483] [ADC1] STA
[  18.483] TUS alarm(s): 0x49
[  18.736] [STATUS] t_ms=47324 hwm=2 cap=256 dropped=0 dropped_total=717 crc_err=0 crc_err_total=0 rate1=512 rate2=512 prod1=512 prod2=512 dac_err=0 tx_drop=0 hb_ms=0 sma_state=6 m7_us=48834593 m4_us=46641342 vdd=5.067 offset=0.5000 aref=3.145 loop_us_avg=92 loop_us_max=2780 loop_hz=10869 cycle_log_ms=1 n_cycle=4 cc=1 cc_hz=1027 cc_i_tgt=0.1000 cc_u=0.5168 cc_r=5.0330 cc_tau_ms=7.00
[  19.745] [STATUS] t_ms=48324 hwm=2 cap=256 dropped=0 dropped_total=717 crc_err=0 crc_err_total=0 rate1=512 rate2=512 prod1=512 prod2=512 dac_err=0 tx_drop=0 hb_ms=0 sma_state=6 m7_us=49867929 m4_us=47674660 vdd=5.067 offset=0.5000 aref=3.145 loop_us_avg=92 loop_us_max=2740 loop_hz=10869 cycle_log_ms=1 n_cycle=4 cc=1 cc_hz=1027 cc_i_tgt=0.1000 cc_u=0.5132 cc_r=5.0629 cc_tau_ms=7.00
[  20.501] _ALM
[  20.754] [STATUS] t_ms=49324 hwm=2 cap=256 dropped=0 dropped_total=717 crc_err=0 crc_err_total=0 rate1=512 rate2=512 prod1=512 prod2=512 dac_err=0 tx_drop=0 hb_ms=0 sma_state=6 m7_us=50901240 m4_us=48707960 vdd=5.067 offset=0.5000 aref=3.145 loop_us_avg=92 loop_us_max=2638 loop_hz=10869 cycle_log_ms=1 n_cycle=4 cc=1 cc_hz=1026 cc_i_tgt=0.1000 cc_u=0.5109 cc_r=4.9890 cc_tau_ms=7.00
[  21.825] [STATUS] t_ms=50324 hwm=3 cap=256 dropped=0 dropped_total=717 crc_err=0 crc_err_total=0 rate1=512 rate2=512 prod1=512 prod2=512 dac_err=0 tx_drop=0 hb_ms=0 sma_state=6 m7_us=51934457 m4_us=49741243 vdd=5.067 offset=0.5000 aref=3.145 loop_us_avg=92 loop_us_max=2908 loop_hz=10869 cycle_log_ms=1 n_cycle=4 cc=1 cc_hz=1027 cc_i_tgt=0.1000 cc_u=0.5029 cc_r=5.0940 cc_tau_ms=7.00
[  22.830] [STATUS] t_ms=51324 hwm=2 cap=256 dropped=0 dropped_total=717 crc_err=0 crc_err_total=0 rate1=512 rate2=512 prod1=512 prod2=512 dac_err=0 tx_drop=0 hb_ms=0 sma_state=6 m7_us=52967735 m4_us=50774552 vdd=5.067 offset=0.5000 aref=3.145 loop_us_avg=92 loop_us_max=2566 loop_hz=10869 cycle_log_ms=1 n_cycle=4 cc=1 cc_hz=1026 cc_i_tgt=0.1000 cc_u=0.5045 cc_r=5.0278 cc_tau_ms=7.00
[  23.522] [A
[  23.900] [STATUS] t_ms=52324 hwm=2 cap=256 dropped=0 dropped_total=717 crc_err=0 crc_err_total=0 rate1=512 rate2=512 prod1=512 prod2=512 dac_err=0 tx_drop=0 hb_ms=0 sma_state=6 m7_us=54001158 m4_us=51807877 vdd=5.067 offset=0.5000 aref=3.145 loop_us_avg=93 loop_us_max=2753 loop_hz=10752 cycle_log_ms=1 n_cycle=4 cc=1 cc_hz=1027 cc_i_tgt=0.1000 cc_u=0.5093 cc_r=5.0624 cc_tau_ms=7.00
[  24.531] [ADC1] S
[  24.531] TATUS alarm(s): 0x4
[  24.910] [STATUS] t_ms=53324 hwm=2 cap=256 dropped=0 dropped_total=717 crc_err=0 crc_err_total=0 rate1=512 rate2=512 prod1=512 prod2=512 dac_err=0 tx_drop=0 hb_ms=0 sma_state=6 m7_us=55034516 m4_us=52841195 vdd=5.067 offset=0.5000 aref=3.145 loop_us_avg=93 loop_us_max=2847 loop_hz=10752 cycle_log_ms=1 n_cycle=4 cc=1 cc_hz=1027 cc_i_tgt=0.1000 cc_u=0.5032 cc_r=5.0856 cc_tau_ms=7.00
[  25.037] [SMA] [ACT] heat n=3/6 I=150.0mA ms=100
[  25.164] [SMA] [ACT] cool n=3/6 I=100.0mA ms=12000
[  25.921] [STATUS] t_ms=54324 hwm=3 cap=256 dropped=0 dropped_total=717 crc_err=0 crc_err_total=0 rate1=512 rate2=512 prod1=512 prod2=512 dac_err=0 tx_drop=0 hb_ms=0 sma_state=6 m7_us=56067657 m4_us=53874504 vdd=5.067 offset=0.5000 aref=3.145 loop_us_avg=93 loop_us_max=3165 loop_hz=10752 cycle_log_ms=1 n_cycle=4 cc=1 cc_hz=1027 cc_i_tgt=0.1000 cc_u=0.5337 cc_r=5.1012 cc_tau_ms=7.00
[  26.992] [STATUS] t_ms=55324 hwm=2 cap=256 dropped=0 dropped_total=717 crc_err=0 crc_err_total=0 rate1=512 rate2=512 prod1=512 prod2=512 dac_err=0 tx_drop=0 hb_ms=0 sma_state=6 m7_us=57100994 m4_us=54907803 vdd=5.067 offset=0.5000 aref=3.145 loop_us_avg=93 loop_us_max=2380 loop_hz=10752 cycle_log_ms=1 n_cycle=4 cc=1 cc_hz=1026 cc_i_tgt=0.1000 cc_u=0.5104 cc_r=5.0207 cc_tau_ms=7.00
[  27.998] [STATUS] t_ms=56324 hwm=2 cap=256 dropped=0 dropped_total=717 crc_err=0 crc_err_total=0 rate1=512 rate2=512 prod1=512 prod2=512 dac_err=0 tx_drop=0 hb_ms=0 sma_state=6 m7_us=58134220 m4_us=55941070 vdd=5.067 offset=0.5000 aref=3.145 loop_us_avg=92 loop_us_max=2731 loop_hz=10869 cycle_log_ms=1 n_cycle=4 cc=1 cc_hz=1027 cc_i_tgt=0.1000 cc_u=0.5000 cc_r=5.0405 cc_tau_ms=7.00
[  28.569] [ADC1] S
[  29.010] [STATUS] t_ms=57324 hwm=2 cap=256 dropped=0 dropped_total=717 crc_err=0 crc_err_total=0 rate1=512 rate2=512 prod1=512 prod2=512 dac_err=0 tx_drop=0 hb_ms=0 sma_state=6 m7_us=59167618 m4_us=56974350 vdd=5.067 offset=0.5000 aref=3.145 loop_us_avg=92 loop_us_max=2562 loop_hz=10869 cycle_log_ms=1 n_cycle=4 cc=1 cc_hz=1026 cc_i_tgt=0.1000 cc_u=0.5041 cc_r=5.0713 cc_tau_ms=7.00
[  29.576] [ADC1] STATUS alarm
[  29.576] M
[  30.081] [STATUS] t_ms=58324 hwm=2 cap=256 dropped=0 dropped_total=717 crc_err=0 crc_err_total=0 rate1=512 rate2=512 prod1=512 prod2=512 dac_err=0 tx_drop=0 hb_ms=0 sma_state=6 m7_us=60201003 m4_us=58007640 vdd=5.067 offset=0.5000 aref=3.145 loop_us_avg=92 loop_us_max=2629 loop_hz=10869 cycle_log_ms=1 n_cycle=4 cc=1 cc_hz=1026 cc_i_tgt=0.1000 cc_u=0.5273 cc_r=5.0726 cc_tau_ms=7.00
[  31.088] [STATUS] t_ms=59324 hwm=3 cap=256 dropped=0 dropped_total=717 crc_err=0 crc_err_total=0 rate1=512 rate2=512 prod1=512 prod2=512 dac_err=0 tx_drop=0 hb_ms=0 sma_state=6 m7_us=61234127 m4_us=59040913 vdd=5.067 offset=0.5000 aref=3.145 loop_us_avg=92 loop_us_max=2919 loop_hz=10869 cycle_log_ms=1 n_cycle=4 cc=1 cc_hz=1026 cc_i_tgt=0.1000 cc_u=0.5134 cc_r=5.0319 cc_tau_ms=7.00
[  32.160] [STATUS] t_ms=60324 hwm=2 cap=256 dropped=0 dropped_total=717 crc_err=0 crc_err_total=0 rate1=512 rate2=512 prod1=512 prod2=512 dac_err=0 tx_drop=0 hb_ms=0 sma_state=6 m7_us=62267462 m4_us=60074142 vdd=5.067 offset=0.5000 aref=3.145 loop_us_avg=93 loop_us_max=2778 loop_hz=10752 cycle_log_ms=1 n_cycle=4 cc=1 cc_hz=1027 cc_i_tgt=0.1000 cc_u=0.5000 cc_r=4.9790 cc_tau_ms=7.00
[  33.166] [STATUS] t_ms=61324 hwm=2 cap=256 dropped=0 dropped_total=717 crc_err=0 crc_err_total=0 rate1=512 rate2=512 prod1=512 prod2=512 dac_err=0 tx_drop=0 hb_ms=0 sma_state=6 m7_us=63300645 m4_us=61107361 vdd=5.067 offset=0.5000 aref=3.145 loop_us_avg=93 loop_us_max=2875 loop_hz=10752 cycle_log_ms=1 n_cycle=4 cc=1 cc_hz=1027 cc_i_tgt=0.1000 cc_u=0.5000 cc_r=4.9716 cc_tau_ms=7.00
[  34.236] [STATUS] t_ms=62324 hwm=2 cap=256 dropped=0 dropped_total=717 crc_err=0 crc_err_total=0 rate1=512 rate2=512 prod1=512 prod2=512 dac_err=0 tx_drop=0 hb_ms=0 sma_state=6 m7_us=64333896 m4_us=62140549 vdd=5.067 offset=0.5000 aref=3.145 loop_us_avg=93 loop_us_max=2634 loop_hz=10752 cycle_log_ms=1 n_cycle=4 cc=1 cc_hz=1026 cc_i_tgt=0.1000 cc_u=0.5063 cc_r=4.9996 cc_tau_ms=7.00
[  34.615] [AD
[  34.615] C1] STATUS alarm(s
[  35.246] [STATUS] t_ms=63324 hwm=2 cap=256 dropped=0 dropped_total=717 crc_err=0 crc_err_total=0 rate1=512 rate2=512 prod1=512 prod2=512 dac_err=0 tx_drop=0 hb_ms=0 sma_state=6 m7_us=65366910 m4_us=63173764 vdd=5.067 offset=0.5000 aref=3.145 loop_us_avg=93 loop_us_max=2825 loop_hz=10752 cycle_log_ms=1 n_cycle=4 cc=1 cc_hz=1027 cc_i_tgt=0.1000 cc_u=0.5274 cc_r=5.1350 cc_tau_ms=7.00
[  35.625] [ADC1]
[  35.625] STATUS alarm(s):
[  36.257] [STATUS] t_ms=64324 hwm=2 cap=256 dropped=0 dropped_total=717 crc_err=0 crc_err_total=0 rate1=512 rate2=512 prod1=512 prod2=512 dac_err=0 tx_drop=0 hb_ms=0 sma_state=6 m7_us=66400108 m4_us=64206968 vdd=5.067 offset=0.5000 aref=3.145 loop_us_avg=92 loop_us_max=2491 loop_hz=10869 cycle_log_ms=1 n_cycle=4 cc=1 cc_hz=1026 cc_i_tgt=0.1000 cc_u=0.5315 cc_r=5.0974 cc_tau_ms=7.00
[  37.330] [STATUS] t_ms=65324 hwm=2 cap=256 dropped=0 dropped_total=717 crc_err=0 crc_err_total=0 rate1=512 rate2=512 prod1=512 prod2=512 dac_err=0 tx_drop=0 hb_ms=0 sma_state=6 m7_us=67433369 m4_us=65240200 vdd=5.067 offset=0.5000 aref=3.145 loop_us_avg=92 loop_us_max=2519 loop_hz=10869 cycle_log_ms=1 n_cycle=4 cc=1 cc_hz=1026 cc_i_tgt=0.1000 cc_u=0.5020 cc_r=5.0684 cc_tau_ms=7.00
[  37.521] [SMA] [ACT] heat n=4/6 I=150.0mA ms=100
[  37.647] [SMA] [ACT] cool n=4/6 I=100.0mA ms=12000
[  38.337] [STATUS] t_ms=66324 hwm=2 cap=256 dropped=0 dropped_total=717 crc_err=0 crc_err_total=0 rate1=512 rate2=512 prod1=512 prod2=512 dac_err=0 tx_drop=0 hb_ms=0 sma_state=6 m7_us=68466683 m4_us=66273441 vdd=5.067 offset=0.5000 aref=3.145 loop_us_avg=93 loop_us_max=2674 loop_hz=10752 cycle_log_ms=1 n_cycle=4 cc=1 cc_hz=1030 cc_i_tgt=0.1000 cc_u=0.5124 cc_r=5.0190 cc_tau_ms=7.00
[  38.655] [ADC1] S
[  39.345] [STATUS] t_ms=67324 hwm=2 cap=256 dropped=0 dropped_total=717 crc_err=0 crc_err_total=0 rate1=512 rate2=512 prod1=512 prod2=512 dac_err=0 tx_drop=0 hb_ms=0 sma_state=6 m7_us=69499798 m4_us=67306692 vdd=5.067 offset=0.5000 aref=3.145 loop_us_avg=92 loop_us_max=2799 loop_hz=10869 cycle_log_ms=1 n_cycle=4 cc=1 cc_hz=1027 cc_i_tgt=0.1000 cc_u=0.5238 cc_r=5.0768 cc_tau_ms=7.00
[  39.662] [ADC1] ST
[  40.424] [STATUS] t_ms=68324 hwm=2 cap=256 dropped=0 dropped_total=717 crc_err=0 crc_err_total=0 rate1=512 rate2=512 prod1=512 prod2=512 dac_err=0 tx_drop=0 hb_ms=0 sma_state=6 m7_us=70533215 m4_us=68339950 vdd=5.067 offset=0.5000 aref=3.145 loop_us_avg=92 loop_us_max=2475 loop_hz=10869 cycle_log_ms=1 n_cycle=4 cc=1 cc_hz=1026 cc_i_tgt=0.1000 cc_u=0.5024 cc_r=5.0049 cc_tau_ms=7.00
[  41.435] [STATUS] t_ms=69324 hwm=2 cap=256 dropped=0 dropped_total=717 crc_err=0 crc_err_total=0 rate1=512 rate2=512 prod1=512 prod2=512 dac_err=0 tx_drop=0 hb_ms=0 sma_state=6 m7_us=71566392 m4_us=69373185 vdd=5.067 offset=0.5000 aref=3.145 loop_us_avg=92 loop_us_max=2841 loop_hz=10869 cycle_log_ms=1 n_cycle=4 cc=1 cc_hz=1027 cc_i_tgt=0.1000 cc_u=0.5116 cc_r=5.0057 cc_tau_ms=7.00
[  42.446] [STATUS] t_ms=70324 hwm=2 cap=256 dropped=0 dropped_total=717 crc_err=0 crc_err_total=0 rate1=512 rate2=512 prod1=512 prod2=512 dac_err=0 tx_drop=0 hb_ms=0 sma_state=6 m7_us=72599539 m4_us=70406404 vdd=5.067 offset=0.5000 aref=3.145 loop_us_avg=92 loop_us_max=2621 loop_hz=10869 cycle_log_ms=1 n_cycle=4 cc=1 cc_hz=1026 cc_i_tgt=0.1000 cc_u=0.5070 cc_r=4.9874 cc_tau_ms=7.00
[  43.519] [STATUS] t_ms=71324 hwm=2 cap=256 dropped=0 dropped_total=717 crc_err=0 crc_err_total=0 rate1=512 rate2=512 prod1=512 prod2=512 dac_err=0 tx_drop=0 hb_ms=0 sma_state=6 m7_us=73632858 m4_us=71439669 vdd=5.067 offset=0.5000 aref=3.145 loop_us_avg=92 loop_us_max=2708 loop_hz=10869 cycle_log_ms=1 n_cycle=4 cc=1 cc_hz=1027 cc_i_tgt=0.1000 cc_u=0.5143 cc_r=5.0985 cc_tau_ms=7.00
[  43.710] [ADC
[  44.533] [STATUS] t_ms=72324 hwm=2 cap=256 dropped=0 dropped_total=717 crc_err=0 crc_err_total=0 rate1=512 rate2=512 prod1=512 prod2=512 dac_err=0 tx_drop=0 hb_ms=0 sma_state=6 m7_us=74666265 m4_us=72472949 vdd=5.067 offset=0.5000 aref=3.145 loop_us_avg=92 loop_us_max=2685 loop_hz=10869 cycle_log_ms=1 n_cycle=4 cc=1 cc_hz=1026 cc_i_tgt=0.1000 cc_u=0.5000 cc_r=5.0493 cc_tau_ms=7.00
[  45.543] [STATUS] t_ms=73324 hwm=2 cap=256 dropped=0 dropped_total=717 crc_err=0 crc_err_total=0 rate1=512 rate2=512 prod1=512 prod2=512 dac_err=0 tx_drop=0 hb_ms=0 sma_state=6 m7_us=75699472 m4_us=73506187 vdd=5.067 offset=0.5000 aref=3.145 loop_us_avg=92 loop_us_max=2836 loop_hz=10869 cycle_log_ms=1 n_cycle=4 cc=1 cc_hz=1027 cc_i_tgt=0.1000 cc_u=0.5000 cc_r=5.0376 cc_tau_ms=7.00
[  45.734] [ADC1] STATUS
[  45.734] alarm(s): 0x49 PGA
[  45.734] L_ALM
[  46.620] [STATUS] t_ms=74324 hwm=2 cap=256 dropped=0 dropped_total=717 crc_err=0 crc_err_total=0 rate1=512 rate2=512 prod1=512 prod2=512 dac_err=0 tx_drop=0 hb_ms=0 sma_state=6 m7_us=76732696 m4_us=74539419 vdd=5.067 offset=0.5000 aref=3.145 loop_us_avg=93 loop_us_max=2548 loop_hz=10752 cycle_log_ms=1 n_cycle=4 cc=1 cc_hz=1026 cc_i_tgt=0.1000 cc_u=0.5028 cc_r=5.0564 cc_tau_ms=7.00
[  47.648] [STATUS] t_ms=75324 hwm=2 cap=256 dropped=0 dropped_total=717 crc_err=0 crc_err_total=0 rate1=512 rate2=512 prod1=512 prod2=512 dac_err=0 tx_drop=0 hb_ms=0 sma_state=6 m7_us=77765790 m4_us=75572680 vdd=5.067 offset=0.5000 aref=3.145 loop_us_avg=92 loop_us_max=2596 loop_hz=10869 cycle_log_ms=1 n_cycle=4 cc=1 cc_hz=1026 cc_i_tgt=0.1000 cc_u=0.5228 cc_r=5.0536 cc_tau_ms=7.00
[  48.656] [STATUS] t_ms=76324 hwm=2 cap=256 dropped=0 dropped_total=717 crc_err=0 crc_err_total=0 rate1=512 rate2=512 prod1=512 prod2=512 dac_err=0 tx_drop=0 hb_ms=0 sma_state=6 m7_us=78799125 m4_us=76605928 vdd=5.067 offset=0.5000 aref=3.145 loop_us_avg=92 loop_us_max=2643 loop_hz=10869 cycle_log_ms=1 n_cycle=4 cc=1 cc_hz=1026 cc_i_tgt=0.1000 cc_u=0.5048 cc_r=4.9650 cc_tau_ms=7.00
[  49.728] [STATUS] t_ms=77324 hwm=2 cap=256 dropped=0 dropped_total=717 crc_err=0 crc_err_total=0 rate1=512 rate2=512 prod1=512 prod2=512 dac_err=0 tx_drop=0 hb_ms=0 sma_state=6 m7_us=79832817 m4_us=77639185 vdd=5.067 offset=0.5000 aref=3.145 loop_us_avg=93 loop_us_max=2460 loop_hz=10752 cycle_log_ms=1 n_cycle=4 cc=1 cc_hz=1026 cc_i_tgt=0.1000 cc_u=0.5027 cc_r=5.0051 cc_tau_ms=7.00
[  50.044] [SMA] [ACT] heat n=5/6 I=150.0mA ms=100
[  50.170] [SMA] [ACT] cool n=5/6 I=100.0mA ms=12000
[  50.738] [STATUS] t_ms=78324 hwm=2 cap=256 dropped=0 dropped_total=717 crc_err=0 crc_err_total=0 rate1=512 rate2=512 prod1=512 prod2=512 dac_err=0 tx_drop=0 hb_ms=0 sma_state=6 m7_us=80865710 m4_us=78672469 vdd=5.067 offset=0.5000 aref=3.145 loop_us_avg=92 loop_us_max=2827 loop_hz=10869 cycle_log_ms=1 n_cycle=4 cc=1 cc_hz=1029 cc_i_tgt=0.1000 cc_u=0.5213 cc_r=5.1053 cc_tau_ms=7.00
[  51.748] [STATUS] t_ms=79324 hwm=2 cap=256 dropped=0 dropped_total=717 crc_err=0 crc_err_total=0 rate1=512 rate2=512 prod1=512 prod2=512 dac_err=0 tx_drop=0 hb_ms=0 sma_state=6 m7_us=81899085 m4_us=79705745 vdd=5.067 offset=0.5000 aref=3.145 loop_us_avg=93 loop_us_max=2793 loop_hz=10752 cycle_log_ms=1 n_cycle=4 cc=1 cc_hz=1027 cc_i_tgt=0.1000 cc_u=0.5193 cc_r=5.0501 cc_tau_ms=7.00
[  52.758] [ADC1] STATUS alarm(s): 0x49 PG
[  52.758] AL_ALM
[  52.821] [STATUS] t_ms=80324 hwm=2 cap=256 dropped=0 dropped_total=717 crc_err=0 crc_err_total=0 rate1=512 rate2=512 prod1=512 prod2=512 dac_err=0 tx_drop=0 hb_ms=0 sma_state=6 m7_us=82932288 m4_us=80739029 vdd=5.067 offset=0.5000 aref=3.145 loop_us_avg=93 loop_us_max=2862 loop_hz=10752 cycle_log_ms=1 n_cycle=4 cc=1 cc_hz=1027 cc_i_tgt=0.1000 cc_u=0.5000 cc_r=5.0070 cc_tau_ms=7.00
[  53.831] [STATUS] t_ms=81324 hwm=2 cap=256 dropped=0 dropped_total=717 crc_err=0 crc_err_total=0 rate1=512 rate2=512 prod1=512 prod2=512 dac_err=0 tx_drop=0 hb_ms=0 sma_state=6 m7_us=83965543 m4_us=81772296 vdd=5.067 offset=0.5000 aref=3.145 loop_us_avg=92 loop_us_max=2563 loop_hz=10869 cycle_log_ms=1 n_cycle=4 cc=1 cc_hz=1026 cc_i_tgt=0.1000 cc_u=0.5067 cc_r=5.0621 cc_tau_ms=7.00
[  54.845] [STATUS] t_ms=82324 hwm=2 cap=256 dropped=0 dropped_total=717 crc_err=0 crc_err_total=0 rate1=512 rate2=512 prod1=512 prod2=512 dac_err=0 tx_drop=0 hb_ms=0 sma_state=6 m7_us=84998660 m4_us=82805496 vdd=5.067 offset=0.5000 aref=3.145 loop_us_avg=93 loop_us_max=2739 loop_hz=10752 cycle_log_ms=1 n_cycle=4 cc=1 cc_hz=1027 cc_i_tgt=0.1000 cc_u=0.5088 cc_r=5.0482 cc_tau_ms=7.00
[  55.920] [STATUS] t_ms=83324 hwm=2 cap=256 dropped=0 dropped_total=717 crc_err=0 crc_err_total=0 rate1=512 rate2=512 prod1=512 prod2=512 dac_err=0 tx_drop=0 hb_ms=0 sma_state=6 m7_us=86031918 m4_us=83838740 vdd=5.067 offset=0.5000 aref=3.145 loop_us_avg=93 loop_us_max=2457 loop_hz=10752 cycle_log_ms=1 n_cycle=4 cc=1 cc_hz=1026 cc_i_tgt=0.1000 cc_u=0.5044 cc_r=4.9681 cc_tau_ms=7.00
[  56.807] [ADC
[  56.807] 1] STATUS alarm(s):
[  56.930] [STATUS] t_ms=84324 hwm=2 cap=256 dropped=0 dropped_total=717 crc_err=0 crc_err_total=0 rate1=512 rate2=512 prod1=512 prod2=512 dac_err=0 tx_drop=0 hb_ms=0 sma_state=6 m7_us=87065337 m4_us=84872021 vdd=5.067 offset=0.5000 aref=3.145 loop_us_avg=92 loop_us_max=2619 loop_hz=10869 cycle_log_ms=1 n_cycle=4 cc=1 cc_hz=1026 cc_i_tgt=0.1000 cc_u=0.5000 cc_r=5.0137 cc_tau_ms=7.00
[  57.942] [STATUS] t_ms=85324 hwm=2 cap=256 dropped=0 dropped_total=717 crc_err=0 crc_err_total=0 rate1=512 rate2=512 prod1=512 prod2=512 dac_err=0 tx_drop=0 hb_ms=0 sma_state=6 m7_us=88098506 m4_us=85905288 vdd=5.067 offset=0.5000 aref=3.145 loop_us_avg=92 loop_us_max=2868 loop_hz=10869 cycle_log_ms=1 n_cycle=4 cc=1 cc_hz=1027 cc_i_tgt=0.1000 cc_u=0.5135 cc_r=5.0361 cc_tau_ms=7.00
[  59.018] [STATUS] t_ms=86324 hwm=2 cap=256 dropped=0 dropped_total=717 crc_err=0 crc_err_total=0 rate1=512 rate2=512 prod1=512 prod2=512 dac_err=0 tx_drop=0 hb_ms=0 sma_state=6 m7_us=89131690 m4_us=86938513 vdd=5.067 offset=0.5000 aref=3.145 loop_us_avg=92 loop_us_max=2688 loop_hz=10869 cycle_log_ms=1 n_cycle=4 cc=1 cc_hz=1026 cc_i_tgt=0.1000 cc_u=0.5227 cc_r=5.0554 cc_tau_ms=7.00
[  60.021] [STATUS] t_ms=87324 hwm=2 cap=256 dropped=0 dropped_total=717 crc_err=0 crc_err_total=0 rate1=512 rate2=512 prod1=512 prod2=512 dac_err=0 tx_drop=0 hb_ms=0 sma_state=6 m7_us=90164901 m4_us=87971781 vdd=5.067 offset=0.5000 aref=3.145 loop_us_avg=93 loop_us_max=2679 loop_hz=10752 cycle_log_ms=1 n_cycle=4 cc=1 cc_hz=1026 cc_i_tgt=0.1000 cc_u=0.5122 cc_r=5.0187 cc_tau_ms=7.00
[  60.841] [
[  61.093] [STATUS] t_ms=88324 hwm=2 cap=256 dropped=0 dropped_total=717 crc_err=0 crc_err_total=0 rate1=512 rate2=512 prod1=512 prod2=512 dac_err=0 tx_drop=0 hb_ms=0 sma_state=6 m7_us=91198211 m4_us=89005064 vdd=5.067 offset=0.5000 aref=3.145 loop_us_avg=92 loop_us_max=2460 loop_hz=10869 cycle_log_ms=1 n_cycle=4 cc=1 cc_hz=1026 cc_i_tgt=0.1000 cc_u=0.5152 cc_r=4.9983 cc_tau_ms=7.00
[  61.848] [ADC
[  61.848] 1] STATUS alarm(
[  62.099] [STATUS] t_ms=89324 hwm=2 cap=256 dropped=0 dropped_total=717 crc_err=0 crc_err_total=0 rate1=512 rate2=512 prod1=512 prod2=512 dac_err=0 tx_drop=0 hb_ms=0 sma_state=6 m7_us=92231584 m4_us=90038280 vdd=5.067 offset=0.5000 aref=3.145 loop_us_avg=92 loop_us_max=2421 loop_hz=10869 cycle_log_ms=1 n_cycle=4 cc=1 cc_hz=1026 cc_i_tgt=0.1000 cc_u=0.5283 cc_r=5.1144 cc_tau_ms=7.00
[  62.543] [SMA] [ACT] heat n=6/6 I=150.0mA ms=100
[  62.670] [SMA] [ACT] cool n=6/6 I=100.0mA ms=12000
[  63.111] [STATUS] t_ms=90324 hwm=3 cap=256 dropped=0 dropped_total=717 crc_err=0 crc_err_total=0 rate1=511 rate2=512 prod1=511 prod2=512 dac_err=0 tx_drop=0 hb_ms=0 sma_state=6 m7_us=93264098 m4_us=91070489 vdd=5.067 offset=0.5000 aref=3.145 loop_us_avg=92 loop_us_max=3014 loop_hz=10869 cycle_log_ms=1 n_cycle=4 cc=1 cc_hz=1029 cc_i_tgt=0.1000 cc_u=0.5043 cc_r=4.9935 cc_tau_ms=7.00
[  64.189] [STATUS] t_ms=91324 hwm=3 cap=256 dropped=0 dropped_total=717 crc_err=0 crc_err_total=0 rate1=513 rate2=512 prod1=513 prod2=512 dac_err=0 tx_drop=0 hb_ms=0 sma_state=6 m7_us=94297897 m4_us=92104741 vdd=5.067 offset=0.5000 aref=3.145 loop_us_avg=92 loop_us_max=2774 loop_hz=10869 cycle_log_ms=1 n_cycle=4 cc=1 cc_hz=1029 cc_i_tgt=0.1000 cc_u=0.5000 cc_r=4.9835 cc_tau_ms=7.00
[  65.201] [STATUS] t_ms=92324 hwm=2 cap=256 dropped=0 dropped_total=717 crc_err=0 crc_err_total=0 rate1=512 rate2=512 prod1=512 prod2=512 dac_err=0 tx_drop=0 hb_ms=0 sma_state=6 m7_us=95331239 m4_us=93137992 vdd=5.067 offset=0.5000 aref=3.145 loop_us_avg=93 loop_us_max=2396 loop_hz=10752 cycle_log_ms=1 n_cycle=4 cc=1 cc_hz=1026 cc_i_tgt=0.1000 cc_u=0.5000 cc_r=5.0318 cc_tau_ms=7.00
[  66.230] [STATUS] t_ms=93324 hwm=2 cap=256 dropped=0 dropped_total=717 crc_err=0 crc_err_total=0 rate1=512 rate2=512 prod1=512 prod2=512 dac_err=0 tx_drop=0 hb_ms=0 sma_state=6 m7_us=96364498 m4_us=94171201 vdd=5.067 offset=0.5000 aref=3.145 loop_us_avg=92 loop_us_max=2664 loop_hz=10869 cycle_log_ms=1 n_cycle=4 cc=1 cc_hz=1026 cc_i_tgt=0.1000 cc_u=0.5000 cc_r=4.9935 cc_tau_ms=7.00
[  66.926] [ADC1] STA
[  67.241] [STATUS] t_ms=94324 hwm=2 cap=256 dropped=0 dropped_total=717 crc_err=0 crc_err_total=0 rate1=512 rate2=512 prod1=512 prod2=512 dac_err=0 tx_drop=0 hb_ms=0 sma_state=6 m7_us=97397642 m4_us=95204421 vdd=5.067 offset=0.5000 aref=3.145 loop_us_avg=92 loop_us_max=2798 loop_hz=10869 cycle_log_ms=1 n_cycle=4 cc=1 cc_hz=1027 cc_i_tgt=0.1000 cc_u=0.5111 cc_r=5.0180 cc_tau_ms=7.00
[  67.934] [ADC1] STATUS alarm
[  68.314] [STATUS] t_ms=95324 hwm=2 cap=256 dropped=0 dropped_total=717 crc_err=0 crc_err_total=0 rate1=512 rate2=512 prod1=512 prod2=512 dac_err=0 tx_drop=0 hb_ms=0 sma_state=6 m7_us=98430838 m4_us=96237620 vdd=5.067 offset=0.5000 aref=3.145 loop_us_avg=92 loop_us_max=2505 loop_hz=10869 cycle_log_ms=1 n_cycle=4 cc=1 cc_hz=1026 cc_i_tgt=0.1000 cc_u=0.5070 cc_r=5.0875 cc_tau_ms=7.00
[  69.325] [STATUS] t_ms=96324 hwm=2 cap=256 dropped=0 dropped_total=717 crc_err=0 crc_err_total=0 rate1=512 rate2=512 prod1=512 prod2=512 dac_err=0 tx_drop=0 hb_ms=0 sma_state=6 m7_us=99464142 m4_us=97270840 vdd=5.067 offset=0.5000 aref=3.145 loop_us_avg=92 loop_us_max=2690 loop_hz=10869 cycle_log_ms=1 n_cycle=4 cc=1 cc_hz=1026 cc_i_tgt=0.1000 cc_u=0.5349 cc_r=5.0614 cc_tau_ms=7.00
[  70.399] [STATUS] t_ms=97324 hwm=3 cap=256 dropped=0 dropped_total=717 crc_err=0 crc_err_total=0 rate1=512 rate2=512 prod1=512 prod2=512 dac_err=0 tx_drop=0 hb_ms=0 sma_state=6 m7_us=100497451 m4_us=98304068 vdd=5.067 offset=0.5000 aref=3.145 loop_us_avg=92 loop_us_max=2875 loop_hz=10869 cycle_log_ms=1 n_cycle=4 cc=1 cc_hz=1027 cc_i_tgt=0.1000 cc_u=0.5145 cc_r=5.1046 cc_tau_ms=7.00
[  71.408] [STATUS] t_ms=98324 hwm=3 cap=256 dropped=0 dropped_total=717 crc_err=0 crc_err_total=0 rate1=512 rate2=512 prod1=512 prod2=512 dac_err=0 tx_drop=0 hb_ms=0 sma_state=6 m7_us=101530531 m4_us=99337268 vdd=5.067 offset=0.5000 aref=3.145 loop_us_avg=92 loop_us_max=2909 loop_hz=10869 cycle_log_ms=1 n_cycle=4 cc=1 cc_hz=1027 cc_i_tgt=0.1000 cc_u=0.5299 cc_r=5.1131 cc_tau_ms=7.00
[  71.914] [ADC1] STATUS
[  72.420] [STATUS] t_ms=99324 hwm=3 cap=256 dropped=0 dropped_total=717 crc_err=0 crc_err_total=0 rate1=512 rate2=512 prod1=512 prod2=512 dac_err=0 tx_drop=0 hb_ms=0 sma_state=6 m7_us=102563670 m4_us=100370449 vdd=5.067 offset=0.5000 aref=3.145 loop_us_avg=93 loop_us_max=2996 loop_hz=10752 cycle_log_ms=1 n_cycle=4 cc=1 cc_hz=1027 cc_i_tgt=0.1000 cc_u=0.5127 cc_r=5.0652 cc_tau_ms=7.00
[  73.492] [STATUS] t_ms=100324 hwm=2 cap=256 dropped=0 dropped_total=717 crc_err=0 crc_err_total=0 rate1=512 rate2=512 prod1=512 prod2=512 dac_err=0 tx_drop=0 hb_ms=0 sma_state=6 m7_us=103596870 m4_us=101403669 vdd=5.067 offset=0.5000 aref=3.145 loop_us_avg=93 loop_us_max=2691 loop_hz=10752 cycle_log_ms=1 n_cycle=4 cc=1 cc_hz=1026 cc_i_tgt=0.1000 cc_u=0.5007 cc_r=4.9799 cc_tau_ms=7.00
[  73.935] [ADC1
[  74.503] [STATUS] t_ms=101324 hwm=2 cap=256 dropped=0 dropped_total=717 crc_err=0 crc_err_total=0 rate1=512 rate2=512 prod1=512 prod2=512 dac_err=0 tx_drop=0 hb_ms=0 sma_state=6 m7_us=104630225 m4_us=102436878 vdd=5.067 offset=0.5000 aref=3.145 loop_us_avg=92 loop_us_max=2681 loop_hz=10869 cycle_log_ms=1 n_cycle=4 cc=1 cc_hz=1026 cc_i_tgt=0.1000 cc_u=0.5000 cc_r=5.0343 cc_tau_ms=7.00
[  75.072] [SMA] [ACT] -> idle (done) after 6 cycle(s); still armed
[  75.514] [STATUS] t_ms=102324 hwm=3 cap=256 dropped=0 dropped_total=717 crc_err=0 crc_err_total=0 rate1=511 rate2=512 prod1=511 prod2=512 dac_err=0 tx_drop=0 hb_ms=0 sma_state=0 m7_us=105662681 m4_us=103469097 vdd=5.067 offset=0.5000 aref=3.145 loop_us_avg=38 loop_us_max=2898 loop_hz=26315 cycle_log_ms=1 n_cycle=4 cc=0 cc_hz=546 cc_i_tgt=0.1000 cc_u=0.5000 cc_r=4.9675 cc_tau_ms=7.00
