[   0.058] [SMA] ARMED (MOSFET on); idle=0.500 V
[   0.059] ALM PGAH_ALM
[   0.059] [
[   0.059] ADC1] STATUS al
[   0.059] arm(s): 0xCD
[   0.059] [STATUS] t_ms=1670211 hwm=5 cap=256 dropped=0 dropped_total=37154 crc_err=0 crc_err_total=0 rate1=512 rate2=512 prod1=512 prod2=512 dac_err=0 tx_drop=0 hb_ms=0 sma_state=0 m7_us=1723142784 m4_us=1720948099 vdd=5.067 offset=0.5000 aref=3.145 loop_us_avg=21 loop_us_max=4676 loop_hz=47619 cycle_log_ms=1 n_cycle=4 cc=0 cc_hz=0 cc_i_tgt=0.1000 cc_u=0.5007 cc_r=4.9490 cc_tau_ms=7.00
[   1.009] ALM PGAH_ALM
[   1.009] [
[   1.009] ADC1] STATUS al
[   1.009] arm(
[   1.073] [STATUS] t_ms=1671211 hwm=5 cap=256 dropped=0 dropped_total=37154 crc_err=0 crc_err_total=0 rate1=512 rate2=512 prod1=512 prod2=512 dac_err=0 tx_drop=0 hb_ms=0 sma_state=0 m7_us=1724174739 m4_us=1721980064 vdd=5.067 offset=0.5000 aref=3.145 loop_us_avg=22 loop_us_max=4636 loop_hz=45454 cycle_log_ms=1 n_cycle=4 cc=0 cc_hz=0 cc_i_tgt=0.1000 cc_u=0.5007 cc_r=4.9490 cc_tau_ms=7.00
[   2.020] s): 0
[   2.020] [AD
[   2.020] C1] STATUS ala
[   2.020] rm(
[   0.063] [SMA] [CC] start i_high=950.0mA i_low=100.0mA t_high=100 t_idle=30000 n=6 (0=cont) tau_ms=7.0 wdt_ms=5000
[   0.063] [STATUS] t_ms=1672211 hwm=5 cap=256 dropped=0 dropped_total=37154 crc_err=0 crc_err_total=0 rate1=512 rate2=512 prod1=512 prod2=512 dac_err=0 tx_drop=0 hb_ms=0 sma_state=7 m7_us=1725206828 m4_us=1723012032 vdd=5.067 offset=0.5000 aref=3.145 loop_us_avg=23 loop_us_max=4630 loop_hz=43478 cycle_log_ms=1 n_cycle=4 cc=0 cc_hz=0 cc_i_tgt=0.1000 cc_u=0.0000 cc_r=0.0000 cc_tau_ms=7.00
[   0.127] [SMA] [CC] seed R=4.749 ohm  I=105.3 mA  u=0.500 V  n=99
[   0.127] [SMA] [ACT] heat n=1/6 I=950.0mA ms=100
[   0.254] [SMA] [ACT] cool n=1/6 I=100.0mA ms=30000
[   0.951] [ADC1] STATUS alarm(
[   1.142] [STATUS] t_ms=1673211 hwm=5 cap=256 dropped=0 dropped_total=37154 crc_err=0 crc_err_total=0 rate1=512 rate2=512 prod1=512 prod2=512 dac_err=0 tx_drop=0 hb_ms=0 sma_state=6 m7_us=1726238740 m4_us=1724043961 vdd=5.067 offset=0.5000 aref=3.145 loop_us_avg=86 loop_us_max=4893 loop_hz=11627 cycle_log_ms=1 n_cycle=4 cc=1 cc_hz=980 cc_i_tgt=0.1000 cc_u=0.5055 cc_r=4.9323 cc_tau_ms=7.00
[   1.968] [ADC1] STATUS alarm(
[   2.159] [STATUS] t_ms=1674211 hwm=6 cap=256 dropped=0 dropped_total=37154 crc_err=0 crc_err_total=0 rate1=513 rate2=512 prod1=513 prod2=512 dac_err=0 tx_drop=0 hb_ms=0 sma_state=6 m7_us=1727271198 m4_us=1725076837 vdd=5.067 offset=0.5000 aref=3.145 loop_us_avg=93 loop_us_max=5408 loop_hz=10752 cycle_log_ms=1 n_cycle=4 cc=1 cc_hz=1026 cc_i_tgt=0.1000 cc_u=0.5000 cc_r=4.8767 cc_tau_ms=7.00
[   2.983] M
[   2.983] [ADC1] STATUS ala
[   2.983] rm(
[   3.173] [STATUS] t_ms=1675211 hwm=5 cap=256 dropped=0 dropped_total=37154 crc_err=0 crc_err_total=0 rate1=511 rate2=512 prod1=511 prod2=512 dac_err=0 tx_drop=0 hb_ms=0 sma_state=6 m7_us=1728302354 m4_us=1726107683 vdd=5.067 offset=0.5000 aref=3.145 loop_us_avg=93 loop_us_max=5407 loop_hz=10752 cycle_log_ms=1 n_cycle=4 cc=1 cc_hz=1026 cc_i_tgt=0.1000 cc_u=0.5650 cc_r=6.0013 cc_tau_ms=7.00
[   3.998] s): 0x
[   3.998] [ADC1] STATUS alarm(
[   4.251] [STATUS] t_ms=1676211 hwm=6 cap=256 dropped=0 dropped_total=37154 crc_err=0 crc_err_total=0 rate1=513 rate2=512 prod1=513 prod2=512 dac_err=0 tx_drop=0 hb_ms=0 sma_state=6 m7_us=1729334881 m4_us=1727140530 vdd=5.067 offset=0.5000 aref=3.145 loop_us_avg=94 loop_us_max=5343 loop_hz=10638 cycle_log_ms=1 n_cycle=4 cc=1 cc_hz=1026 cc_i_tgt=0.1000 cc_u=0.5000 cc_r=5.7868 cc_tau_ms=7.00
[   5.012] [ADC1] STATUS alarm(
[   5.266] [STATUS] t_ms=1677211 hwm=5 cap=256 dropped=0 dropped_total=37154 crc_err=0 crc_err_total=0 rate1=511 rate2=512 prod1=511 prod2=512 dac_err=0 tx_drop=0 hb_ms=0 sma_state=6 m7_us=1730365999 m4_us=1728171325 vdd=5.067 offset=0.5000 aref=3.145 loop_us_avg=94 loop_us_max=5399 loop_hz=10638 cycle_log_ms=1 n_cycle=4 cc=1 cc_hz=1026 cc_i_tgt=0.1000 cc_u=0.5006 cc_r=4.9015 cc_tau_ms=7.00
[   6.030] [ADC1] STATUS alarm(
[   6.283] [STATUS] t_ms=1678211 hwm=6 cap=256 dropped=0 dropped_total=37154 crc_err=0 crc_err_total=0 rate1=513 rate2=512 prod1=513 prod2=512 dac_err=0 tx_drop=0 hb_ms=0 sma_state=6 m7_us=1731398436 m4_us=1729204082 vdd=5.067 offset=0.5000 aref=3.145 loop_us_avg=94 loop_us_max=5332 loop_hz=10638 cycle_log_ms=1 n_cycle=4 cc=1 cc_hz=1026 cc_i_tgt=0.1000 cc_u=0.5000 cc_r=4.9377 cc_tau_ms=7.00
[   7.048] s): 0
[   7.048] [A
[   7.048] DC1] STATUS alarm
[   7.299] [STATUS] t_ms=1679211 hwm=5 cap=256 dropped=0 dropped_total=37154 crc_err=0 crc_err_total=0 rate1=512 rate2=512 prod1=512 prod2=512 dac_err=0 tx_drop=0 hb_ms=0 sma_state=6 m7_us=1732430471 m4_us=1730235836 vdd=5.067 offset=0.5000 aref=3.145 loop_us_avg=92 loop_us_max=5427 loop_hz=10869 cycle_log_ms=1 n_cycle=4 cc=1 cc_hz=1026 cc_i_tgt=0.1000 cc_u=0.5060 cc_r=4.8179 cc_tau_ms=7.00
[   8.049] [ADC1] STATUS alarm(
[   8.365] [STATUS] t_ms=1680211 hwm=6 cap=256 dropped=0 dropped_total=37154 crc_err=0 crc_err_total=0 rate1=512 rate2=512 prod1=512 prod2=512 dac_err=0 tx_drop=0 hb_ms=0 sma_state=6 m7_us=1733461956 m4_us=1731267602 vdd=5.067 offset=0.5000 aref=3.145 loop_us_avg=92 loop_us_max=5409 loop_hz=10869 cycle_log_ms=1 n_cycle=4 cc=1 cc_hz=1025 cc_i_tgt=0.1000 cc_u=0.5124 cc_r=4.9075 cc_tau_ms=7.00
[   9.065] [ADC1] STATUS alarm(
[   9.382] [STATUS] t_ms=1681211 hwm=5 cap=256 dropped=0 dropped_total=37154 crc_err=0 crc_err_total=0 rate1=511 rate2=512 prod1=511 prod2=512 dac_err=0 tx_drop=0 hb_ms=0 sma_state=6 m7_us=1734493061 m4_us=1732298374 vdd=5.067 offset=0.5000 aref=3.145 loop_us_avg=92 loop_us_max=5412 loop_hz=10869 cycle_log_ms=1 n_cycle=4 cc=1 cc_hz=1026 cc_i_tgt=0.1000 cc_u=0.5017 cc_r=4.9043 cc_tau_ms=7.00
[  10.076] s): 0xC9
[  10.076] [ADC1] S
[  10.076] TATUS alarm(
[  10.392] [STATUS] t_ms=1682211 hwm=6 cap=256 dropped=0 dropped_total=37154 crc_err=0 crc_err_total=0 rate1=513 rate2=512 prod1=513 prod2=512 dac_err=0 tx_drop=0 hb_ms=0 sma_state=6 m7_us=1735525588 m4_us=1733331138 vdd=5.067 offset=0.5000 aref=3.145 loop_us_avg=94 loop_us_max=5331 loop_hz=10638 cycle_log_ms=1 n_cycle=4 cc=1 cc_hz=1026 cc_i_tgt=0.1000 cc_u=0.5226 cc_r=4.9799 cc_tau_ms=7.00
[  11.027] [ADC1] STATUS alarm(
[  11.472] [STATUS] t_ms=1683211 hwm=5 cap=256 dropped=0 dropped_total=37154 crc_err=0 crc_err_total=0 rate1=512 rate2=512 prod1=512 prod2=512 dac_err=0 tx_drop=0 hb_ms=0 sma_state=6 m7_us=1736557219 m4_us=1734362863 vdd=5.067 offset=0.5000 aref=3.145 loop_us_avg=92 loop_us_max=5514 loop_hz=10869 cycle_log_ms=1 n_cycle=4 cc=1 cc_hz=1025 cc_i_tgt=0.1000 cc_u=0.5339 cc_r=5.0303 cc_tau_ms=7.00
[  12.042] s): 0x49
[  12.042] [ADC1] STATUS alarm(
[  12.486] [STATUS] t_ms=1684211 hwm=5 cap=256 dropped=0 dropped_total=37154 crc_err=0 crc_err_total=0 rate1=512 rate2=512 prod1=512 prod2=512 dac_err=0 tx_drop=0 hb_ms=0 sma_state=6 m7_us=1737589226 m4_us=1735394597 vdd=5.067 offset=0.5000 aref=3.145 loop_us_avg=92 loop_us_max=5417 loop_hz=10869 cycle_log_ms=1 n_cycle=4 cc=1 cc_hz=1026 cc_i_tgt=0.1000 cc_u=0.5191 cc_r=4.9223 cc_tau_ms=7.00
[  13.055] [ADC1] STATUS alarm(
[  13.501] [STATUS] t_ms=1685211 hwm=6 cap=256 dropped=0 dropped_total=37154 crc_err=0 crc_err_total=0 rate1=512 rate2=512 prod1=512 prod2=512 dac_err=0 tx_drop=0 hb_ms=0 sma_state=6 m7_us=1738620715 m4_us=1736426360 vdd=5.067 offset=0.5000 aref=3.145 loop_us_avg=93 loop_us_max=5399 loop_hz=10752 cycle_log_ms=1 n_cycle=4 cc=1 cc_hz=1025 cc_i_tgt=0.1000 cc_u=0.5021 cc_r=4.9355 cc_tau_ms=7.00
[  14.070] [ADC1] STATUS alarm
[  14.515] [STATUS] t_ms=1686211 hwm=5 cap=256 dropped=0 dropped_total=37154 crc_err=0 crc_err_total=0 rate1=512 rate2=512 prod1=512 prod2=512 dac_err=0 tx_drop=0 hb_ms=0 sma_state=6 m7_us=1739652739 m4_us=1737458098 vdd=5.067 offset=0.5000 aref=3.145 loop_us_avg=93 loop_us_max=5402 loop_hz=10752 cycle_log_ms=1 n_cycle=4 cc=1 cc_hz=1026 cc_i_tgt=0.1000 cc_u=0.5000 cc_r=4.8668 cc_tau_ms=7.00
[  15.085] (s):
[  15.085] [ADC1] STATUS alarm(
[  15.594] [STATUS] t_ms=1687211 hwm=6 cap=256 dropped=0 dropped_total=37154 crc_err=0 crc_err_total=0 rate1=512 rate2=512 prod1=512 prod2=512 dac_err=0 tx_drop=0 hb_ms=0 sma_state=6 m7_us=1740684177 m4_us=1738489826 vdd=5.067 offset=0.5000 aref=3.145 loop_us_avg=93 loop_us_max=5423 loop_hz=10752 cycle_log_ms=1 n_cycle=4 cc=1 cc_hz=1025 cc_i_tgt=0.1000 cc_u=0.5000 cc_r=4.7906 cc_tau_ms=7.00
[  16.099] [ADC1] STATUS alarm(
[  16.609] [STATUS] t_ms=1688211 hwm=5 cap=256 dropped=0 dropped_total=37154 crc_err=0 crc_err_total=0 rate1=512 rate2=512 prod1=512 prod2=512 dac_err=0 tx_drop=0 hb_ms=0 sma_state=6 m7_us=1741716169 m4_us=1739521538 vdd=5.067 offset=0.5000 aref=3.145 loop_us_avg=94 loop_us_max=5427 loop_hz=10638 cycle_log_ms=1 n_cycle=4 cc=1 cc_hz=1026 cc_i_tgt=0.1000 cc_u=0.5000 cc_r=4.8970 cc_tau_ms=7.00
[  17.114] [ADC1] STATUS alarm(
[  17.623] [STATUS] t_ms=1689211 hwm=6 cap=256 dropped=0 dropped_total=37154 crc_err=0 crc_err_total=0 rate1=512 rate2=512 prod1=512 prod2=512 dac_err=0 tx_drop=0 hb_ms=0 sma_state=6 m7_us=1742747640 m4_us=1740553272 vdd=5.067 offset=0.5000 aref=3.145 loop_us_avg=92 loop_us_max=5405 loop_hz=10869 cycle_log_ms=1 n_cycle=4 cc=1 cc_hz=1025 cc_i_tgt=0.1000 cc_u=0.5000 cc_r=4.8821 cc_tau_ms=7.00
[  18.128] s): 0xC9 PG
[  18.128] AL_ALM
[  18.128] [ADC1] STATUS alarm(
[  18.635] [STATUS] t_ms=1690211 hwm=5 cap=256 dropped=0 dropped_total=37154 crc_err=0 crc_err_total=0 rate1=512 rate2=512 prod1=512 prod2=512 dac_err=0 tx_drop=0 hb_ms=0 sma_state=6 m7_us=1743779613 m4_us=1741584991 vdd=5.067 offset=0.5000 aref=3.145 loop_us_avg=92 loop_us_max=5428 loop_hz=10869 cycle_log_ms=1 n_cycle=4 cc=1 cc_hz=1026 cc_i_tgt=0.1000 cc_u=0.5000 cc_r=4.8668 cc_tau_ms=7.00
[  19.143] [ADC1] STATUS alarm(
[  19.713] [STATUS] t_ms=1691211 hwm=6 cap=256 dropped=0 dropped_total=37154 crc_err=0 crc_err_total=0 rate1=512 rate2=512 prod1=512 prod2=512 dac_err=0 tx_drop=0 hb_ms=0 sma_state=6 m7_us=1744811022 m4_us=1742616677 vdd=5.067 offset=0.5000 aref=3.145 loop_us_avg=94 loop_us_max=5402 loop_hz=10638 cycle_log_ms=1 n_cycle=4 cc=1 cc_hz=1025 cc_i_tgt=0.1000 cc_u=0.5026 cc_r=4.8271 cc_tau_ms=7.00
[  20.092] [ADC1] STATUS alarm(
[  20.729] [STATUS] t_ms=1692211 hwm=5 cap=256 dropped=0 dropped_total=37154 crc_err=0 crc_err_total=0 rate1=512 rate2=512 prod1=512 prod2=512 dac_err=0 tx_drop=0 hb_ms=0 sma_state=6 m7_us=1745842678 m4_us=1743648351 vdd=5.067 offset=0.5000 aref=3.145 loop_us_avg=92 loop_us_max=5403 loop_hz=10869 cycle_log_ms=1 n_cycle=4 cc=1 cc_hz=1026 cc_i_tgt=0.1000 cc_u=0.5000 cc_r=4.9184 cc_tau_ms=7.00
[  21.110] [ADC1] STATUS alarm
[  21.744] [STATUS] t_ms=1693211 hwm=5 cap=256 dropped=0 dropped_total=37154 crc_err=0 crc_err_total=0 rate1=512 rate2=512 prod1=512 prod2=512 dac_err=0 tx_drop=0 hb_ms=0 sma_state=6 m7_us=1746874409 m4_us=1744680053 vdd=5.067 offset=0.5000 aref=3.145 loop_us_avg=93 loop_us_max=5542 loop_hz=10752 cycle_log_ms=1 n_cycle=4 cc=1 cc_hz=1025 cc_i_tgt=0.1000 cc_u=0.5207 cc_r=5.1133 cc_tau_ms=7.00
[  22.125] [ADC1] STATUS alarm(
[  22.822] [STATUS] t_ms=1694211 hwm=5 cap=256 dropped=0 dropped_total=37154 crc_err=0 crc_err_total=0 rate1=512 rate2=512 prod1=512 prod2=512 dac_err=0 tx_drop=0 hb_ms=0 sma_state=6 m7_us=1747906394 m4_us=1745711772 vdd=5.067 offset=0.5000 aref=3.145 loop_us_avg=92 loop_us_max=5409 loop_hz=10869 cycle_log_ms=1 n_cycle=4 cc=1 cc_hz=1026 cc_i_tgt=0.1000 cc_u=0.5000 cc_r=4.9196 cc_tau_ms=7.00
[  23.321] [ADC1] STATUS alarm(
[  23.820] [STATUS] t_ms=1695211 hwm=6 cap=256 dropped=0 dropped_total=37154 crc_err=0 crc_err_total=0 rate1=512 rate2=512 prod1=512 prod2=512 dac_err=0 tx_drop=0 hb_ms=0 sma_state=6 m7_us=1748937883 m4_us=1746743496 vdd=5.067 offset=0.5000 aref=3.145 loop_us_avg=94 loop_us_max=5500 loop_hz=10638 cycle_log_ms=1 n_cycle=4 cc=1 cc_hz=1025 cc_i_tgt=0.1000 cc_u=0.5000 cc_r=4.9082 cc_tau_ms=7.00
[  24.137] s): 0
[  24.137] [AD
[  24.137] C1] STATUS alarm(
[  24.834] [STATUS] t_ms=1696211 hwm=5 cap=256 dropped=0 dropped_total=37154 crc_err=0 crc_err_total=0 rate1=512 rate2=512 prod1=512 prod2=512 dac_err=0 tx_drop=0 hb_ms=0 sma_state=6 m7_us=1749969559 m4_us=1747775212 vdd=5.067 offset=0.5000 aref=3.145 loop_us_avg=94 loop_us_max=5449 loop_hz=10638 cycle_log_ms=1 n_cycle=4 cc=1 cc_hz=1025 cc_i_tgt=0.1000 cc_u=0.5000 cc_r=4.8597 cc_tau_ms=7.00
[  25.152] [ADC1] STATUS alarm(
[  25.914] [STATUS] t_ms=1697211 hwm=5 cap=256 dropped=0 dropped_total=37154 crc_err=0 crc_err_total=0 rate1=512 rate2=512 prod1=512 prod2=512 dac_err=0 tx_drop=0 hb_ms=0 sma_state=6 m7_us=1751001584 m4_us=1748806943 vdd=5.067 offset=0.5000 aref=3.145 loop_us_avg=92 loop_us_max=5403 loop_hz=10869 cycle_log_ms=1 n_cycle=4 cc=1 cc_hz=1026 cc_i_tgt=0.1000 cc_u=0.5000 cc_r=4.8663 cc_tau_ms=7.00
[  26.162] s): 0x49
[  26.162] [ADC1] STATUS alarm(
[  26.925] [STATUS] t_ms=1698211 hwm=6 cap=256 dropped=0 dropped_total=37154 crc_err=0 crc_err_total=0 rate1=512 rate2=512 prod1=512 prod2=512 dac_err=0 tx_drop=0 hb_ms=0 sma_state=6 m7_us=1752033019 m4_us=1749838661 vdd=5.067 offset=0.5000 aref=3.145 loop_us_avg=93 loop_us_max=5413 loop_hz=10752 cycle_log_ms=1 n_cycle=4 cc=1 cc_hz=1023 cc_i_tgt=0.1000 cc_u=0.5000 cc_r=4.8860 cc_tau_ms=7.00
[  27.178] [ADC1] STATUS alarm(
[  27.938] [STATUS] t_ms=1699211 hwm=5 cap=256 dropped=0 dropped_total=37154 crc_err=0 crc_err_total=0 rate1=512 rate2=512 prod1=512 prod2=512 dac_err=0 tx_drop=0 hb_ms=0 sma_state=6 m7_us=1753065029 m4_us=1750870402 vdd=5.067 offset=0.5000 aref=3.145 loop_us_avg=94 loop_us_max=5413 loop_hz=10638 cycle_log_ms=1 n_cycle=4 cc=1 cc_hz=1026 cc_i_tgt=0.1000 cc_u=0.5977 cc_r=5.2401 cc_tau_ms=7.00
[  28.192] s):
[  28.192] [ADC1
[  28.192] ] STATUS alarm(
[  28.953] [STATUS] t_ms=1700211 hwm=6 cap=256 dropped=0 dropped_total=37154 crc_err=0 crc_err_total=0 rate1=512 rate2=512 prod1=512 prod2=512 dac_err=0 tx_drop=0 hb_ms=0 sma_state=6 m7_us=1754096465 m4_us=1751902120 vdd=5.067 offset=0.5000 aref=3.145 loop_us_avg=94 loop_us_max=5401 loop_hz=10638 cycle_log_ms=1 n_cycle=4 cc=1 cc_hz=1025 cc_i_tgt=0.1000 cc_u=0.6058 cc_r=6.1359 cc_tau_ms=7.00
[  29.206] s):
[  29.206] [A
[  29.206] DC1] STATUS alarm(
[  30.029] [STATUS] t_ms=1701211 hwm=5 cap=256 dropped=0 dropped_total=37154 crc_err=0 crc_err_total=0 rate1=511 rate2=512 prod1=511 prod2=512 dac_err=0 tx_drop=0 hb_ms=0 sma_state=6 m7_us=1755127528 m4_us=1752932841 vdd=5.067 offset=0.5000 aref=3.145 loop_us_avg=92 loop_us_max=5397 loop_hz=10869 cycle_log_ms=1 n_cycle=4 cc=1 cc_hz=1026 cc_i_tgt=0.1000 cc_u=0.5264 cc_r=4.9881 cc_tau_ms=7.00
[  30.221] [ADC1] STATUS alarm(
[  31.042] [STATUS] t_ms=1702211 hwm=6 cap=256 dropped=0 dropped_total=37154 crc_err=0 crc_err_total=0 rate1=513 rate2=512 prod1=513 prod2=512 dac_err=0 tx_drop=0 hb_ms=0 sma_state=6 m7_us=1756159905 m4_us=1753965554 vdd=5.067 offset=0.5000 aref=3.145 loop_us_avg=93 loop_us_max=5326 loop_hz=10752 cycle_log_ms=1 n_cycle=4 cc=1 cc_hz=1026 cc_i_tgt=0.1000 cc_u=0.5005 cc_r=4.9094 cc_tau_ms=7.00
[  31.168] [SMA] [ACT] heat n=2/6 I=950.0mA ms=100
[  31.232] [
[  31.232] ADC1] STATUS alarm
[  31.232] (
[  31.296] [SMA] [ACT] cool n=2/6 I=100.0mA ms=30000
[  32.058] [STATUS] t_ms=1703211 hwm=5 cap=256 dropped=0 dropped_total=37154 crc_err=0 crc_err_total=0 rate1=512 rate2=512 prod1=512 prod2=512 dac_err=0 tx_drop=0 hb_ms=0 sma_state=6 m7_us=1757191597 m4_us=1754997250 vdd=5.067 offset=0.5000 aref=3.145 loop_us_avg=93 loop_us_max=5419 loop_hz=10752 cycle_log_ms=1 n_cycle=4 cc=1 cc_hz=1023 cc_i_tgt=0.1000 cc_u=0.5000 cc_r=4.8686 cc_tau_ms=7.00
[  32.185] [ADC1] STATUS alarm(
[  33.136] [STATUS] t_ms=1704211 hwm=5 cap=256 dropped=0 dropped_total=37154 crc_err=0 crc_err_total=0 rate1=512 rate2=512 prod1=512 prod2=512 dac_err=0 tx_drop=0 hb_ms=0 sma_state=6 m7_us=1758223258 m4_us=1756028914 vdd=5.067 offset=0.5000 aref=3.145 loop_us_avg=92 loop_us_max=5398 loop_hz=10869 cycle_log_ms=1 n_cycle=4 cc=1 cc_hz=1025 cc_i_tgt=0.1000 cc_u=0.5236 cc_r=5.1305 cc_tau_ms=7.00
[  33.200] [ADC1] STATUS alarm(
[  34.152] [STATUS] t_ms=1705211 hwm=5 cap=256 dropped=0 dropped_total=37154 crc_err=0 crc_err_total=0 rate1=512 rate2=512 prod1=512 prod2=512 dac_err=0 tx_drop=0 hb_ms=0 sma_state=6 m7_us=1759255234 m4_us=1757060610 vdd=5.067 offset=0.5000 aref=3.145 loop_us_avg=93 loop_us_max=5407 loop_hz=10752 cycle_log_ms=1 n_cycle=4 cc=1 cc_hz=1026 cc_i_tgt=0.1000 cc_u=0.5101 cc_r=4.8853 cc_tau_ms=7.00
[  34.214] s): 0x4
[  34.214] [ADC1]
[  34.214] STATUS alarm
[  35.166] [STATUS] t_ms=1706211 hwm=6 cap=256 dropped=0 dropped_total=37154 crc_err=0 crc_err_total=0 rate1=512 rate2=512 prod1=512 prod2=512 dac_err=0 tx_drop=0 hb_ms=0 sma_state=6 m7_us=1760286642 m4_us=1758092296 vdd=5.067 offset=0.5000 aref=3.145 loop_us_avg=93 loop_us_max=5398 loop_hz=10752 cycle_log_ms=1 n_cycle=4 cc=1 cc_hz=1025 cc_i_tgt=0.1000 cc_u=0.5014 cc_r=4.8489 cc_tau_ms=7.00
[  35.229] (s): 0x9 PGA
[  35.229] L_ALM
[  35.229] [ADC1] STATUS
[  35.229] alarm(
[  36.180] [STATUS] t_ms=1707211 hwm=5 cap=256 dropped=0 dropped_total=37154 crc_err=0 crc_err_total=0 rate1=512 rate2=512 prod1=512 prod2=512 dac_err=0 tx_drop=0 hb_ms=0 sma_state=6 m7_us=1761318287 m4_us=1759123967 vdd=5.067 offset=0.5000 aref=3.145 loop_us_avg=92 loop_us_max=5406 loop_hz=10869 cycle_log_ms=1 n_cycle=4 cc=1 cc_hz=1026 cc_i_tgt=0.1000 cc_u=0.5003 cc_r=4.8499 cc_tau_ms=7.00
[  36.244] [ADC1] STATUS alarm(
[  37.262] [STATUS] t_ms=1708211 hwm=5 cap=256 dropped=0 dropped_total=37154 crc_err=0 crc_err_total=0 rate1=512 rate2=512 prod1=512 prod2=512 dac_err=0 tx_drop=0 hb_ms=0 sma_state=6 m7_us=1762350005 m4_us=1760155666 vdd=5.067 offset=0.5000 aref=3.145 loop_us_avg=93 loop_us_max=5561 loop_hz=10752 cycle_log_ms=1 n_cycle=4 cc=1 cc_hz=1025 cc_i_tgt=0.1000 cc_u=0.5000 cc_r=4.8405 cc_tau_ms=7.00
[  37.262] [ADC1] STATUS alarm(
[  38.276] s): 0x49
[  38.276] [ADC1] STATUS alarm(
[  38.276] [STATUS] t_ms=1709211 hwm=5 cap=256 dropped=0 dropped_total=37154 crc_err=0 crc_err_total=0 rate1=512 rate2=512 prod1=512 prod2=512 dac_err=0 tx_drop=0 hb_ms=0 sma_state=6 m7_us=1763382010 m4_us=1761187378 vdd=5.067 offset=0.5000 aref=3.145 loop_us_avg=92 loop_us_max=5400 loop_hz=10869 cycle_log_ms=1 n_cycle=4 cc=1 cc_hz=1026 cc_i_tgt=0.1000 cc_u=0.5000 cc_r=4.9070 cc_tau_ms=7.00
[  39.290] [ADC1] STATUS alarm(
[  39.290] [STATUS] t_ms=1710211 hwm=6 cap=256 dropped=0 dropped_total=37154 crc_err=0 crc_err_total=0 rate1=512 rate2=512 prod1=512 prod2=512 dac_err=0 tx_drop=0 hb_ms=0 sma_state=6 m7_us=1764413448 m4_us=1762219096 vdd=5.067 offset=0.5000 aref=3.145 loop_us_avg=93 loop_us_max=5419 loop_hz=10752 cycle_log_ms=1 n_cycle=4 cc=1 cc_hz=1025 cc_i_tgt=0.1000 cc_u=0.5000 cc_r=4.8874 cc_tau_ms=7.00
[  40.300] [ADC1] STATUS alarm
[  40.300] [STATUS] t_ms=1711211 hwm=5 cap=256 dropped=0 dropped_total=37154 crc_err=0 crc_err_total=0 rate1=512 rate2=512 prod1=512 prod2=512 dac_err=0 tx_drop=0 hb_ms=0 sma_state=6 m7_us=1765445144 m4_us=1763250808 vdd=5.067 offset=0.5000 aref=3.145 loop_us_avg=94 loop_us_max=5425 loop_hz=10638 cycle_log_ms=1 n_cycle=4 cc=1 cc_hz=1026 cc_i_tgt=0.1000 cc_u=0.6461 cc_r=5.9733 cc_tau_ms=7.00
[  41.250] [ADC1] STATUS alarm(
[  41.376] [STATUS] t_ms=1712211 hwm=5 cap=256 dropped=0 dropped_total=37154 crc_err=0 crc_err_total=0 rate1=511 rate2=512 prod1=511 prod2=512 dac_err=0 tx_drop=0 hb_ms=0 sma_state=6 m7_us=1766476238 m4_us=1764281555 vdd=5.067 offset=0.5000 aref=3.145 loop_us_avg=92 loop_us_max=5415 loop_hz=10869 cycle_log_ms=1 n_cycle=4 cc=1 cc_hz=1026 cc_i_tgt=0.1000 cc_u=0.5000 cc_r=4.8522 cc_tau_ms=7.00
[  42.266] s): 0x
[  42.266] [ADC1]
[  42.266] STATUS alarm(
[  42.392] [STATUS] t_ms=1713211 hwm=6 cap=256 dropped=0 dropped_total=37154 crc_err=0 crc_err_total=0 rate1=513 rate2=512 prod1=513 prod2=512 dac_err=0 tx_drop=0 hb_ms=0 sma_state=6 m7_us=1767508639 m4_us=1765314296 vdd=5.067 offset=0.5000 aref=3.145 loop_us_avg=94 loop_us_max=5336 loop_hz=10638 cycle_log_ms=1 n_cycle=4 cc=1 cc_hz=1026 cc_i_tgt=0.1000 cc_u=0.5000 cc_r=4.9032 cc_tau_ms=7.00
[  43.279] [ADC1] STATUS alarm(
[  43.406] [STATUS] t_ms=1714211 hwm=5 cap=256 dropped=0 dropped_total=37154 crc_err=0 crc_err_total=0 rate1=512 rate2=512 prod1=512 prod2=512 dac_err=0 tx_drop=0 hb_ms=0 sma_state=6 m7_us=1768540375 m4_us=1766346024 vdd=5.067 offset=0.5000 aref=3.145 loop_us_avg=94 loop_us_max=5510 loop_hz=10638 cycle_log_ms=1 n_cycle=4 cc=1 cc_hz=1025 cc_i_tgt=0.1000 cc_u=0.5000 cc_r=4.8741 cc_tau_ms=7.00
[  44.291] s): 0
[  44.291] [ADC1] STATUS alarm(
[  44.482] [STATUS] t_ms=1715211 hwm=5 cap=256 dropped=0 dropped_total=37154 crc_err=0 crc_err_total=0 rate1=511 rate2=512 prod1=511 prod2=512 dac_err=0 tx_drop=0 hb_ms=0 sma_state=6 m7_us=1769571477 m4_us=1767376793 vdd=5.067 offset=0.5000 aref=3.145 loop_us_avg=94 loop_us_max=5399 loop_hz=10638 cycle_log_ms=1 n_cycle=4 cc=1 cc_hz=1026 cc_i_tgt=0.1000 cc_u=0.5000 cc_r=4.9318 cc_tau_ms=7.00
[  45.309] [ADC1] STATUS alarm(
[  45.499] [STATUS] t_ms=1716211 hwm=6 cap=256 dropped=0 dropped_total=37154 crc_err=0 crc_err_total=0 rate1=513 rate2=512 prod1=513 prod2=512 dac_err=0 tx_drop=0 hb_ms=0 sma_state=6 m7_us=1770603896 m4_us=1768409538 vdd=5.067 offset=0.5000 aref=3.145 loop_us_avg=93 loop_us_max=5341 loop_hz=10752 cycle_log_ms=1 n_cycle=4 cc=1 cc_hz=1026 cc_i_tgt=0.1000 cc_u=0.5023 cc_r=4.8916 cc_tau_ms=7.00
[  46.323] [ADC1] STATUS alarm(
[  46.514] [STATUS] t_ms=1717211 hwm=5 cap=256 dropped=0 dropped_total=37154 crc_err=0 crc_err_total=0 rate1=512 rate2=512 prod1=512 prod2=512 dac_err=0 tx_drop=0 hb_ms=0 sma_state=6 m7_us=1771635884 m4_us=1769441263 vdd=5.067 offset=0.5000 aref=3.145 loop_us_avg=94 loop_us_max=5396 loop_hz=10638 cycle_log_ms=1 n_cycle=4 cc=1 cc_hz=1026 cc_i_tgt=0.1000 cc_u=0.5088 cc_r=4.9250 cc_tau_ms=7.00
[  47.335] s): 0
[  47.335] [AD
[  47.335] C1] STATUS alarm(
[  47.525] [STATUS] t_ms=1718211 hwm=6 cap=256 dropped=0 dropped_total=37154 crc_err=0 crc_err_total=0 rate1=512 rate2=512 prod1=512 prod2=512 dac_err=0 tx_drop=0 hb_ms=0 sma_state=6 m7_us=1772667380 m4_us=1770473032 vdd=5.067 offset=0.5000 aref=3.145 loop_us_avg=94 loop_us_max=5406 loop_hz=10638 cycle_log_ms=1 n_cycle=4 cc=1 cc_hz=1025 cc_i_tgt=0.1000 cc_u=0.5120 cc_r=4.8995 cc_tau_ms=7.00
[  48.348] [ADC1] STATUS alarm(
[  48.600] [STATUS] t_ms=1719211 hwm=5 cap=256 dropped=0 dropped_total=37154 crc_err=0 crc_err_total=0 rate1=512 rate2=512 prod1=512 prod2=512 dac_err=0 tx_drop=0 hb_ms=0 sma_state=6 m7_us=1773699410 m4_us=1771504786 vdd=5.067 offset=0.5000 aref=3.145 loop_us_avg=94 loop_us_max=5423 loop_hz=10638 cycle_log_ms=1 n_cycle=4 cc=1 cc_hz=1026 cc_i_tgt=0.1000 cc_u=0.5004 cc_r=4.8354 cc_tau_ms=7.00
[  49.362] [ADC1] STATUS alarm(
[  49.614] [STATUS] t_ms=1720211 hwm=6 cap=256 dropped=0 dropped_total=37154 crc_err=0 crc_err_total=0 rate1=512 rate2=512 prod1=512 prod2=512 dac_err=0 tx_drop=0 hb_ms=0 sma_state=6 m7_us=1774730871 m4_us=1772536520 vdd=5.067 offset=0.5000 aref=3.145 loop_us_avg=94 loop_us_max=5395 loop_hz=10638 cycle_log_ms=1 n_cycle=4 cc=1 cc_hz=1025 cc_i_tgt=0.1000 cc_u=0.5159 cc_r=5.0016 cc_tau_ms=7.00
[  50.373] s): 0xC9
[  50.373] [ADC1] S
[  50.373] TATUS alarm(
[  50.627] [STATUS] t_ms=1721211 hwm=5 cap=256 dropped=0 dropped_total=37154 crc_err=0 crc_err_total=0 rate1=512 rate2=512 prod1=512 prod2=512 dac_err=0 tx_drop=0 hb_ms=0 sma_state=6 m7_us=1775762882 m4_us=1773568248 vdd=5.067 offset=0.5000 aref=3.145 loop_us_avg=93 loop_us_max=5403 loop_hz=10752 cycle_log_ms=1 n_cycle=4 cc=1 cc_hz=1026 cc_i_tgt=0.1000 cc_u=0.5093 cc_r=4.8801 cc_tau_ms=7.00
[  51.326] [ADC1] STATUS alarm(
[  51.705] [STATUS] t_ms=1722211 hwm=6 cap=256 dropped=0 dropped_total=37154 crc_err=0 crc_err_total=0 rate1=512 rate2=512 prod1=512 prod2=512 dac_err=0 tx_drop=0 hb_ms=0 sma_state=6 m7_us=1776794350 m4_us=1774599996 vdd=5.067 offset=0.5000 aref=3.145 loop_us_avg=94 loop_us_max=5419 loop_hz=10638 cycle_log_ms=1 n_cycle=4 cc=1 cc_hz=1025 cc_i_tgt=0.1000 cc_u=0.6684 cc_r=6.3692 cc_tau_ms=7.00
[  52.341] [ADC1] STATUS alarm(
[  52.721] [STATUS] t_ms=1723211 hwm=5 cap=256 dropped=0 dropped_total=37154 crc_err=0 crc_err_total=0 rate1=512 rate2=512 prod1=512 prod2=512 dac_err=0 tx_drop=0 hb_ms=0 sma_state=6 m7_us=1777826348 m4_us=1775631720 vdd=5.067 offset=0.5000 aref=3.145 loop_us_avg=92 loop_us_max=5429 loop_hz=10869 cycle_log_ms=1 n_cycle=4 cc=1 cc_hz=1026 cc_i_tgt=0.1000 cc_u=0.5067 cc_r=4.8596 cc_tau_ms=7.00
[  53.357] s):
[  53.357] [ADC1]
[  53.357] STATUS alarm
[  53.733] [STATUS] t_ms=1724211 hwm=6 cap=256 dropped=0 dropped_total=37154 crc_err=0 crc_err_total=0 rate1=512 rate2=512 prod1=512 prod2=512 dac_err=0 tx_drop=0 hb_ms=0 sma_state=6 m7_us=1778857826 m4_us=1776663471 vdd=5.067 offset=0.5000 aref=3.145 loop_us_avg=93 loop_us_max=5400 loop_hz=10752 cycle_log_ms=1 n_cycle=4 cc=1 cc_hz=1025 cc_i_tgt=0.1000 cc_u=0.5000 cc_r=4.9144 cc_tau_ms=7.00
[  54.369] [ADC1] STATUS alarm(
[  54.751] [STATUS] t_ms=1725211 hwm=5 cap=256 dropped=0 dropped_total=37154 crc_err=0 crc_err_total=0 rate1=512 rate2=512 prod1=512 prod2=512 dac_err=0 tx_drop=0 hb_ms=0 sma_state=6 m7_us=1779889794 m4_us=1777695170 vdd=5.067 offset=0.5000 aref=3.145 loop_us_avg=93 loop_us_max=5399 loop_hz=10752 cycle_log_ms=1 n_cycle=4 cc=1 cc_hz=1026 cc_i_tgt=0.1000 cc_u=0.5863 cc_r=5.9875 cc_tau_ms=7.00
[  55.382] [ADC1] STATUS alarm(
[  55.828] [STATUS] t_ms=1726211 hwm=6 cap=256 dropped=0 dropped_total=37154 crc_err=0 crc_err_total=0 rate1=512 rate2=512 prod1=512 prod2=512 dac_err=0 tx_drop=0 hb_ms=0 sma_state=6 m7_us=1780921270 m4_us=1778726914 vdd=5.067 offset=0.5000 aref=3.145 loop_us_avg=94 loop_us_max=5415 loop_hz=10638 cycle_log_ms=1 n_cycle=4 cc=1 cc_hz=1025 cc_i_tgt=0.1000 cc_u=0.5000 cc_r=4.8185 cc_tau_ms=7.00
[  56.398] s): 0xC9 PGA
[  56.398] L_ALM
[  56.398] [ADC1] STA
[  56.398] TUS alarm(
[  56.842] [STATUS] t_ms=1727211 hwm=5 cap=256 dropped=0 dropped_total=37154 crc_err=0 crc_err_total=0 rate1=511 rate2=512 prod1=511 prod2=512 dac_err=0 tx_drop=0 hb_ms=0 sma_state=6 m7_us=1781952360 m4_us=1779757689 vdd=5.067 offset=0.5000 aref=3.145 loop_us_avg=92 loop_us_max=5405 loop_hz=10869 cycle_log_ms=1 n_cycle=4 cc=1 cc_hz=1026 cc_i_tgt=0.1000 cc_u=0.5365 cc_r=4.9567 cc_tau_ms=7.00
[  57.408] [ADC1] STATUS alarm(
[  57.852] [STATUS] t_ms=1728211 hwm=6 cap=256 dropped=0 dropped_total=37154 crc_err=0 crc_err_total=0 rate1=513 rate2=512 prod1=513 prod2=512 dac_err=0 tx_drop=0 hb_ms=0 sma_state=6 m7_us=1782984808 m4_us=1780790456 vdd=5.067 offset=0.5000 aref=3.145 loop_us_avg=94 loop_us_max=5321 loop_hz=10638 cycle_log_ms=1 n_cycle=4 cc=1 cc_hz=1026 cc_i_tgt=0.1000 cc_u=0.5107 cc_r=4.8061 cc_tau_ms=7.00
[  58.423] [ADC1] STATUS alarm(
[  58.930] [STATUS] t_ms=1729211 hwm=5 cap=256 dropped=0 dropped_total=37154 crc_err=0 crc_err_total=0 rate1=511 rate2=512 prod1=511 prod2=512 dac_err=0 tx_drop=0 hb_ms=0 sma_state=6 m7_us=1784015924 m4_us=1781821229 vdd=5.067 offset=0.5000 aref=3.145 loop_us_avg=93 loop_us_max=5403 loop_hz=10752 cycle_log_ms=1 n_cycle=4 cc=1 cc_hz=1026 cc_i_tgt=0.1000 cc_u=0.5000 cc_r=4.8795 cc_tau_ms=7.00
[  59.437] [ADC1] STATUS a
[  59.437] larm(
[  59.943] [STATUS] t_ms=1730211 hwm=6 cap=256 dropped=0 dropped_total=37154 crc_err=0 crc_err_total=0 rate1=513 rate2=512 prod1=513 prod2=512 dac_err=0 tx_drop=0 hb_ms=0 sma_state=6 m7_us=1785048359 m4_us=1782854008 vdd=5.067 offset=0.5000 aref=3.145 loop_us_avg=93 loop_us_max=5339 loop_hz=10752 cycle_log_ms=1 n_cycle=4 cc=1 cc_hz=1026 cc_i_tgt=0.1000 cc_u=0.5240 cc_r=4.9117 cc_tau_ms=7.00
[  60.450] s): 0
[  60.450] [ADC1] STATUS alarm
[  60.957] [STATUS] t_ms=1731211 hwm=5 cap=256 dropped=0 dropped_total=37154 crc_err=0 crc_err_total=0 rate1=512 rate2=512 prod1=512 prod2=512 dac_err=0 tx_drop=0 hb_ms=0 sma_state=6 m7_us=1786080364 m4_us=1783885740 vdd=5.067 offset=0.5000 aref=3.145 loop_us_avg=93 loop_us_max=5417 loop_hz=10752 cycle_log_ms=1 n_cycle=4 cc=1 cc_hz=1026 cc_i_tgt=0.1000 cc_u=0.5000 cc_r=4.8482 cc_tau_ms=7.00
[  61.401] [ADC1] STATUS alarm(
[  61.971] [STATUS] t_ms=1732211 hwm=6 cap=256 dropped=0 dropped_total=37154 crc_err=0 crc_err_total=0 rate1=512 rate2=512 prod1=512 prod2=512 dac_err=0 tx_drop=0 hb_ms=0 sma_state=6 m7_us=1787111809 m4_us=1784917458 vdd=5.067 offset=0.5000 aref=3.145 loop_us_avg=94 loop_us_max=5394 loop_hz=10638 cycle_log_ms=1 n_cycle=4 cc=1 cc_hz=1025 cc_i_tgt=0.1000 cc_u=0.5554 cc_r=5.0887 cc_tau_ms=7.00
[  62.224] [SMA] [ACT] heat n=3/6 I=950.0mA ms=100
[  62.350] [SMA] [ACT] cool n=3/6 I=100.0mA ms=30000
[  62.413] [ADC1] STATUS alarm(
[  63.047] [STATUS] t_ms=1733211 hwm=5 cap=256 dropped=0 dropped_total=37154 crc_err=0 crc_err_total=0 rate1=512 rate2=512 prod1=512 prod2=512 dac_err=0 tx_drop=0 hb_ms=0 sma_state=6 m7_us=1788143566 m4_us=1785949208 vdd=5.067 offset=0.5000 aref=3.145 loop_us_avg=92 loop_us_max=5500 loop_hz=10869 cycle_log_ms=1 n_cycle=4 cc=1 cc_hz=1023 cc_i_tgt=0.1000 cc_u=0.5000 cc_r=4.9409 cc_tau_ms=7.00
[  63.426] [ADC1] STATUS alarm(
[  64.062] [STATUS] t_ms=1734211 hwm=5 cap=256 dropped=0 dropped_total=37154 crc_err=0 crc_err_total=0 rate1=512 rate2=512 prod1=512 prod2=512 dac_err=0 tx_drop=0 hb_ms=0 sma_state=6 m7_us=1789175580 m4_us=1786980949 vdd=5.067 offset=0.5000 aref=3.145 loop_us_avg=92 loop_us_max=5403 loop_hz=10869 cycle_log_ms=1 n_cycle=4 cc=1 cc_hz=1026 cc_i_tgt=0.1000 cc_u=0.5000 cc_r=4.8067 cc_tau_ms=7.00
[  64.444] s): 0xC9 PG
[  64.444] AL_ALM
[  64.444] [ADC1] ST
[  64.444] ATUS alarm(
[  65.078] [STATUS] t_ms=1735211 hwm=6 cap=256 dropped=0 dropped_total=37154 crc_err=0 crc_err_total=0 rate1=512 rate2=512 prod1=512 prod2=512 dac_err=0 tx_drop=0 hb_ms=0 sma_state=6 m7_us=1790207123 m4_us=1788012674 vdd=5.067 offset=0.5000 aref=3.145 loop_us_avg=92 loop_us_max=5418 loop_hz=10869 cycle_log_ms=1 n_cycle=4 cc=1 cc_hz=1025 cc_i_tgt=0.1000 cc_u=0.5000 cc_r=4.8434 cc_tau_ms=7.00
[  65.458] [ADC1] STATUS alarm(
[  66.156] [STATUS] t_ms=1736211 hwm=5 cap=256 dropped=0 dropped_total=37154 crc_err=0 crc_err_total=0 rate1=512 rate2=512 prod1=512 prod2=512 dac_err=0 tx_drop=0 hb_ms=0 sma_state=6 m7_us=1791238768 m4_us=1789044421 vdd=5.067 offset=0.5000 aref=3.145 loop_us_avg=93 loop_us_max=5506 loop_hz=10752 cycle_log_ms=1 n_cycle=4 cc=1 cc_hz=1025 cc_i_tgt=0.1000 cc_u=0.5000 cc_r=4.8231 cc_tau_ms=7.00
[  66.473] s): 0x49 PGA
[  66.473] L_ALM
[  66.473] [ADC1] STATUS alarm(
[  67.171] [STATUS] t_ms=1737211 hwm=5 cap=256 dropped=0 dropped_total=37154 crc_err=0 crc_err_total=0 rate1=512 rate2=512 prod1=512 prod2=512 dac_err=0 tx_drop=0 hb_ms=0 sma_state=6 m7_us=1792270779 m4_us=1790076146 vdd=5.067 offset=0.5000 aref=3.145 loop_us_avg=94 loop_us_max=5394 loop_hz=10638 cycle_log_ms=1 n_cycle=4 cc=1 cc_hz=1026 cc_i_tgt=0.1000 cc_u=0.5022 cc_r=4.8516 cc_tau_ms=7.00
[  67.488] [ADC1] STATUS alarm
[  68.185] [STATUS] t_ms=1738211 hwm=6 cap=256 dropped=0 dropped_total=37154 crc_err=0 crc_err_total=0 rate1=512 rate2=512 prod1=512 prod2=512 dac_err=0 tx_drop=0 hb_ms=0 sma_state=6 m7_us=1793302222 m4_us=1791107861 vdd=5.067 offset=0.5000 aref=3.145 loop_us_avg=94 loop_us_max=5474 loop_hz=10638 cycle_log_ms=1 n_cycle=4 cc=1 cc_hz=1025 cc_i_tgt=0.1000 cc_u=0.5055 cc_r=4.8350 cc_tau_ms=7.00
[  68.499] [ADC1] STATUS alarm(
[  69.197] [STATUS] t_ms=1739211 hwm=5 cap=256 dropped=0 dropped_total=37154 crc_err=0 crc_err_total=0 rate1=512 rate2=512 prod1=512 prod2=512 dac_err=0 tx_drop=0 hb_ms=0 sma_state=6 m7_us=1794334201 m4_us=1792139567 vdd=5.067 offset=0.5000 aref=3.145 loop_us_avg=92 loop_us_max=5405 loop_hz=10869 cycle_log_ms=1 n_cycle=4 cc=1 cc_hz=1026 cc_i_tgt=0.1000 cc_u=0.6727 cc_r=6.3492 cc_tau_ms=7.00
[  69.516] s):
[  69.516] [ADC
[  69.516] 1] STATUS alarm(
[  70.275] [STATUS] t_ms=1740211 hwm=6 cap=256 dropped=0 dropped_total=37154 crc_err=0 crc_err_total=0 rate1=512 rate2=512 prod1=512 prod2=512 dac_err=0 tx_drop=0 hb_ms=0 sma_state=6 m7_us=1795365642 m4_us=1793171292 vdd=5.067 offset=0.5000 aref=3.145 loop_us_avg=93 loop_us_max=5420 loop_hz=10752 cycle_log_ms=1 n_cycle=4 cc=1 cc_hz=1025 cc_i_tgt=0.1000 cc_u=0.6162 cc_r=6.1890 cc_tau_ms=7.00
[  70.528] [ADC1] STATUS alarm(
[  71.287] [STATUS] t_ms=1741211 hwm=5 cap=256 dropped=0 dropped_total=37154 crc_err=0 crc_err_total=0 rate1=512 rate2=512 prod1=512 prod2=512 dac_err=0 tx_drop=0 hb_ms=0 sma_state=6 m7_us=1796397647 m4_us=1794203023 vdd=5.067 offset=0.5000 aref=3.145 loop_us_avg=94 loop_us_max=5423 loop_hz=10638 cycle_log_ms=1 n_cycle=4 cc=1 cc_hz=1026 cc_i_tgt=0.1000 cc_u=0.5892 cc_r=6.0191 cc_tau_ms=7.00
[  71.479] s): 0x49
[  71.479] [ADC1]
[  71.479] STATUS alarm(
[  72.302] [STATUS] t_ms=1742211 hwm=6 cap=256 dropped=0 dropped_total=37154 crc_err=0 crc_err_total=0 rate1=512 rate2=512 prod1=512 prod2=512 dac_err=0 tx_drop=0 hb_ms=0 sma_state=6 m7_us=1797429121 m4_us=1795234776 vdd=5.067 offset=0.5000 aref=3.145 loop_us_avg=94 loop_us_max=5416 loop_hz=10638 cycle_log_ms=1 n_cycle=4 cc=1 cc_hz=1025 cc_i_tgt=0.1000 cc_u=0.5000 cc_r=4.8180 cc_tau_ms=7.00
[  72.490] s): 0x49 P
[  72.490] GAL_ALM
[  72.490] [ADC1] ST
[  72.490] ATUS alarm(
[  73.315] [STATUS] t_ms=1743211 hwm=5 cap=256 dropped=0 dropped_total=37154 crc_err=0 crc_err_total=0 rate1=512 rate2=512 prod1=512 prod2=512 dac_err=0 tx_drop=0 hb_ms=0 sma_state=6 m7_us=1798461161 m4_us=1796266520 vdd=5.067 offset=0.5000 aref=3.145 loop_us_avg=92 loop_us_max=5403 loop_hz=10869 cycle_log_ms=1 n_cycle=4 cc=1 cc_hz=1026 cc_i_tgt=0.1000 cc_u=0.5000 cc_r=4.8662 cc_tau_ms=7.00
[  73.504] [ADC1] STATUS alarm(
[  74.393] [STATUS] t_ms=1744211 hwm=6 cap=256 dropped=0 dropped_total=37154 crc_err=0 crc_err_total=0 rate1=512 rate2=512 prod1=512 prod2=512 dac_err=0 tx_drop=0 hb_ms=0 sma_state=6 m7_us=1799492654 m4_us=1797298296 vdd=5.067 offset=0.5000 aref=3.145 loop_us_avg=94 loop_us_max=5432 loop_hz=10638 cycle_log_ms=1 n_cycle=4 cc=1 cc_hz=1025 cc_i_tgt=0.1000 cc_u=0.5000 cc_r=4.8751 cc_tau_ms=7.00
[  74.520] [ADC1] STATUS alarm(
[  75.408] [STATUS] t_ms=1745211 hwm=5 cap=256 dropped=0 dropped_total=37154 crc_err=0 crc_err_total=0 rate1=512 rate2=512 prod1=512 prod2=512 dac_err=0 tx_drop=0 hb_ms=0 sma_state=6 m7_us=1800524690 m4_us=1798330047 vdd=5.067 offset=0.5000 aref=3.145 loop_us_avg=94 loop_us_max=5426 loop_hz=10638 cycle_log_ms=1 n_cycle=4 cc=1 cc_hz=1026 cc_i_tgt=0.1000 cc_u=0.5089 cc_r=4.8547 cc_tau_ms=7.00
[  75.536] s): 0
[  75.536] [ADC1] STATUS alarm(
[  76.423] [STATUS] t_ms=1746211 hwm=6 cap=256 dropped=0 dropped_total=37154 crc_err=0 crc_err_total=0 rate1=512 rate2=512 prod1=512 prod2=512 dac_err=0 tx_drop=0 hb_ms=0 sma_state=6 m7_us=1801556165 m4_us=1799361816 vdd=5.067 offset=0.5000 aref=3.145 loop_us_avg=94 loop_us_max=5423 loop_hz=10638 cycle_log_ms=1 n_cycle=4 cc=1 cc_hz=1025 cc_i_tgt=0.1000 cc_u=0.5089 cc_r=4.9091 cc_tau_ms=7.00
[  76.550] [ADC1] STATUS alarm(
[  77.633] [STATUS] t_ms=1747211 hwm=5 cap=256 dropped=0 dropped_total=37154 crc_err=0 crc_err_total=0 rate1=511 rate2=512 prod1=511 prod2=512 dac_err=0 tx_drop=0 hb_ms=0 sma_state=6 m7_us=1802587239 m4_us=1800392566 vdd=5.067 offset=0.5000 aref=3.145 loop_us_avg=93 loop_us_max=5405 loop_hz=10752 cycle_log_ms=1 n_cycle=4 cc=1 cc_hz=1026 cc_i_tgt=0.1000 cc_u=0.5076 cc_r=4.9293 cc_tau_ms=7.00
[  77.690] [ADC1] STATUS alarm(
[  78.516] [STATUS] t_ms=1748211 hwm=6 cap=256 dropped=0 dropped_total=37154 crc_err=0 crc_err_total=0 rate1=513 rate2=512 prod1=513 prod2=512 dac_err=0 tx_drop=0 hb_ms=0 sma_state=6 m7_us=1803619644 m4_us=1801425298 vdd=5.067 offset=0.5000 aref=3.145 loop_us_avg=94 loop_us_max=5322 loop_hz=10638 cycle_log_ms=1 n_cycle=4 cc=1 cc_hz=1026 cc_i_tgt=0.1000 cc_u=0.5000 cc_r=4.8314 cc_tau_ms=7.00
[  78.580] _ALM
[  78.580] [ADC1] STAT
[  78.580] US alarm(
[  79.530] [STATUS] t_ms=1749211 hwm=5 cap=256 dropped=0 dropped_total=37154 crc_err=0 crc_err_total=0 rate1=512 rate2=512 prod1=512 prod2=512 dac_err=0 tx_drop=0 hb_ms=0 sma_state=6 m7_us=1804651391 m4_us=1802457036 vdd=5.067 offset=0.5000 aref=3.145 loop_us_avg=92 loop_us_max=5400 loop_hz=10869 cycle_log_ms=1 n_cycle=4 cc=1 cc_hz=1024 cc_i_tgt=0.1000 cc_u=0.5000 cc_r=4.8391 cc_tau_ms=7.00
[  79.592] [ADC1] STATUS alarm(
[  80.544] [STATUS] t_ms=1750211 hwm=5 cap=256 dropped=0 dropped_total=37154 crc_err=0 crc_err_total=0 rate1=512 rate2=512 prod1=512 prod2=512 dac_err=0 tx_drop=0 hb_ms=0 sma_state=6 m7_us=1805683398 m4_us=1803488767 vdd=5.067 offset=0.5000 aref=3.145 loop_us_avg=92 loop_us_max=5422 loop_hz=10869 cycle_log_ms=1 n_cycle=4 cc=1 cc_hz=1026 cc_i_tgt=0.1000 cc_u=0.5000 cc_r=4.9014 cc_tau_ms=7.00
[  80.544] [ADC1] STATUS alarm
[  81.552] [ADC1] STATUS alarm(
[  81.616] [STATUS] t_ms=1751211 hwm=6 cap=256 dropped=0 dropped_total=37154 crc_err=0 crc_err_total=0 rate1=512 rate2=512 prod1=512 prod2=512 dac_err=0 tx_drop=0 hb_ms=0 sma_state=6 m7_us=1806714818 m4_us=1804520469 vdd=5.067 offset=0.5000 aref=3.145 loop_us_avg=93 loop_us_max=5497 loop_hz=10752 cycle_log_ms=1 n_cycle=4 cc=1 cc_hz=1025 cc_i_tgt=0.1000 cc_u=0.5121 cc_r=4.9206 cc_tau_ms=7.00
[  82.571] [ADC1] STATUS alarm(
[  82.635] [STATUS] t_ms=1752211 hwm=5 cap=256 dropped=0 dropped_total=37154 crc_err=0 crc_err_total=0 rate1=512 rate2=512 prod1=512 prod2=512 dac_err=0 tx_drop=0 hb_ms=0 sma_state=6 m7_us=1807746539 m4_us=1805552178 vdd=5.067 offset=0.5000 aref=3.145 loop_us_avg=93 loop_us_max=5483 loop_hz=10752 cycle_log_ms=1 n_cycle=4 cc=1 cc_hz=1025 cc_i_tgt=0.1000 cc_u=0.5000 cc_r=4.8280 cc_tau_ms=7.00
[  83.590] [ADC1] STATUS alarm(
[  83.654] [STATUS] t_ms=1753211 hwm=5 cap=256 dropped=0 dropped_total=37154 crc_err=0 crc_err_total=0 rate1=512 rate2=512 prod1=512 prod2=512 dac_err=0 tx_drop=0 hb_ms=0 sma_state=6 m7_us=1808778220 m4_us=1806583890 vdd=5.067 offset=0.5000 aref=3.145 loop_us_avg=92 loop_us_max=5418 loop_hz=10869 cycle_log_ms=1 n_cycle=4 cc=1 cc_hz=1026 cc_i_tgt=0.1000 cc_u=0.5000 cc_r=4.8786 cc_tau_ms=7.00
[  84.604] [ADC1] STATUS alarm(
[  84.668] [STATUS] t_ms=1754211 hwm=5 cap=256 dropped=0 dropped_total=37154 crc_err=0 crc_err_total=0 rate1=512 rate2=512 prod1=512 prod2=512 dac_err=0 tx_drop=0 hb_ms=0 sma_state=6 m7_us=1809810212 m4_us=1807615589 vdd=5.067 offset=0.5000 aref=3.145 loop_us_avg=94 loop_us_max=5407 loop_hz=10638 cycle_log_ms=1 n_cycle=4 cc=1 cc_hz=1026 cc_i_tgt=0.1000 cc_u=0.5000 cc_r=4.8515 cc_tau_ms=7.00
[  85.620] [ADC1] ST
[  85.620] ATUS alarm(
[  85.749] [STATUS] t_ms=1755211 hwm=6 cap=256 dropped=0 dropped_total=37154 crc_err=0 crc_err_total=0 rate1=512 rate2=512 prod1=512 prod2=512 dac_err=0 tx_drop=0 hb_ms=0 sma_state=6 m7_us=1810841662 m4_us=1808647311 vdd=5.067 offset=0.5000 aref=3.145 loop_us_avg=93 loop_us_max=5414 loop_hz=10752 cycle_log_ms=1 n_cycle=4 cc=1 cc_hz=1025 cc_i_tgt=0.1000 cc_u=0.5000 cc_r=4.8230 cc_tau_ms=7.00
[  86.636] [ADC1] STATUS alarm
[  86.762] [STATUS] t_ms=1756211 hwm=5 cap=256 dropped=0 dropped_total=37154 crc_err=0 crc_err_total=0 rate1=512 rate2=512 prod1=512 prod2=512 dac_err=0 tx_drop=0 hb_ms=0 sma_state=6 m7_us=1811873407 m4_us=1809679052 vdd=5.067 offset=0.5000 aref=3.145 loop_us_avg=93 loop_us_max=5539 loop_hz=10752 cycle_log_ms=1 n_cycle=4 cc=1 cc_hz=1025 cc_i_tgt=0.1000 cc_u=0.5017 cc_r=4.8697 cc_tau_ms=7.00
[  87.649] [ADC1] STATUS alarm(
[  87.776] [STATUS] t_ms=1757211 hwm=5 cap=256 dropped=0 dropped_total=37154 crc_err=0 crc_err_total=0 rate1=512 rate2=512 prod1=512 prod2=512 dac_err=0 tx_drop=0 hb_ms=0 sma_state=6 m7_us=1812905097 m4_us=1810710751 vdd=5.067 offset=0.5000 aref=3.145 loop_us_avg=93 loop_us_max=5418 loop_hz=10752 cycle_log_ms=1 n_cycle=4 cc=1 cc_hz=1025 cc_i_tgt=0.1000 cc_u=0.5000 cc_r=4.8837 cc_tau_ms=7.00
[  88.665] [ADC1] STATUS alarm(
[  88.792] [STATUS] t_ms=1758211 hwm=5 cap=256 dropped=0 dropped_total=37154 crc_err=0 crc_err_total=0 rate1=512 rate2=512 prod1=512 prod2=512 dac_err=0 tx_drop=0 hb_ms=0 sma_state=6 m7_us=1813937105 m4_us=1811742469 vdd=5.067 offset=0.5000 aref=3.145 loop_us_avg=93 loop_us_max=5433 loop_hz=10752 cycle_log_ms=1 n_cycle=4 cc=1 cc_hz=1026 cc_i_tgt=0.1000 cc_u=0.5000 cc_r=4.8750 cc_tau_ms=7.00
[  89.615] s): 0
[  89.615] [ADC1] STATUS alarm(
[  89.867] [STATUS] t_ms=1759211 hwm=6 cap=256 dropped=0 dropped_total=37154 crc_err=0 crc_err_total=0 rate1=512 rate2=512 prod1=512 prod2=512 dac_err=0 tx_drop=0 hb_ms=0 sma_state=6 m7_us=1814968493 m4_us=1812774149 vdd=5.067 offset=0.5000 aref=3.145 loop_us_avg=93 loop_us_max=5407 loop_hz=10752 cycle_log_ms=1 n_cycle=4 cc=1 cc_hz=1025 cc_i_tgt=0.1000 cc_u=0.5048 cc_r=4.8321 cc_tau_ms=7.00
[  90.627] [ADC1] STATUS alarm(
[  90.881] [STATUS] t_ms=1760211 hwm=5 cap=256 dropped=0 dropped_total=37154 crc_err=0 crc_err_total=0 rate1=512 rate2=512 prod1=512 prod2=512 dac_err=0 tx_drop=0 hb_ms=0 sma_state=6 m7_us=1816000538 m4_us=1813805906 vdd=5.067 offset=0.5000 aref=3.145 loop_us_avg=93 loop_us_max=5416 loop_hz=10752 cycle_log_ms=1 n_cycle=4 cc=1 cc_hz=1026 cc_i_tgt=0.1000 cc_u=0.5019 cc_r=4.8429 cc_tau_ms=7.00
[  91.641] [ADC1] STATUS alarm(
[  91.895] [STATUS] t_ms=1761211 hwm=6 cap=256 dropped=0 dropped_total=37154 crc_err=0 crc_err_total=0 rate1=512 rate2=512 prod1=512 prod2=512 dac_err=0 tx_drop=0 hb_ms=0 sma_state=6 m7_us=1817032000 m4_us=1814837650 vdd=5.067 offset=0.5000 aref=3.145 loop_us_avg=94 loop_us_max=5415 loop_hz=10638 cycle_log_ms=1 n_cycle=4 cc=1 cc_hz=1025 cc_i_tgt=0.1000 cc_u=0.5284 cc_r=4.9519 cc_tau_ms=7.00
[  92.654] s): 0x4
[  92.654] [ADC1] STATUS alarm
[  92.974] [STATUS] t_ms=1762211 hwm=5 cap=256 dropped=0 dropped_total=37154 crc_err=0 crc_err_total=0 rate1=512 rate2=512 prod1=512 prod2=512 dac_err=0 tx_drop=0 hb_ms=0 sma_state=6 m7_us=1818063978 m4_us=1815869346 vdd=5.067 offset=0.5000 aref=3.145 loop_us_avg=92 loop_us_max=5406 loop_hz=10869 cycle_log_ms=1 n_cycle=4 cc=1 cc_hz=1026 cc_i_tgt=0.1000 cc_u=0.5052 cc_r=4.8990 cc_tau_ms=7.00
[  93.290] [SMA] [ACT] heat n=4/6 I=950.0mA ms=100
[  93.417] [SMA] [ACT] cool n=4/6 I=100.0mA ms=30000
[  93.672] [ADC1] STATUS alarm(
[  93.990] [STATUS] t_ms=1763211 hwm=6 cap=256 dropped=0 dropped_total=37154 crc_err=0 crc_err_total=0 rate1=512 rate2=512 prod1=512 prod2=512 dac_err=0 tx_drop=0 hb_ms=0 sma_state=6 m7_us=1819095359 m4_us=1816901016 vdd=5.067 offset=0.5000 aref=3.145 loop_us_avg=93 loop_us_max=5415 loop_hz=10752 cycle_log_ms=1 n_cycle=4 cc=1 cc_hz=1023 cc_i_tgt=0.1000 cc_u=0.5000 cc_r=4.8952 cc_tau_ms=7.00
[  94.690] [ADC1] STATUS alarm(
[  95.009] [STATUS] t_ms=1764211 hwm=5 cap=256 dropped=0 dropped_total=37154 crc_err=0 crc_err_total=0 rate1=512 rate2=512 prod1=512 prod2=512 dac_err=0 tx_drop=0 hb_ms=0 sma_state=6 m7_us=1820127046 m4_us=1817932696 vdd=5.067 offset=0.5000 aref=3.145 loop_us_avg=93 loop_us_max=5482 loop_hz=10752 cycle_log_ms=1 n_cycle=4 cc=1 cc_hz=1025 cc_i_tgt=0.1000 cc_u=0.5000 cc_r=4.8562 cc_tau_ms=7.00
[  95.703] [ADC1] STATUS alarm(
[  96.021] [STATUS] t_ms=1765211 hwm=5 cap=256 dropped=0 dropped_total=37154 crc_err=0 crc_err_total=0 rate1=512 rate2=512 prod1=512 prod2=512 dac_err=0 tx_drop=0 hb_ms=0 sma_state=6 m7_us=1821158726 m4_us=1818964376 vdd=5.067 offset=0.5000 aref=3.145 loop_us_avg=94 loop_us_max=5413 loop_hz=10638 cycle_log_ms=1 n_cycle=4 cc=1 cc_hz=1025 cc_i_tgt=0.1000 cc_u=0.5000 cc_r=4.8347 cc_tau_ms=7.00
[  96.717] [ADC1] STATUS alarm(
[  97.100] [STATUS] t_ms=1766211 hwm=5 cap=256 dropped=0 dropped_total=37154 crc_err=0 crc_err_total=0 rate1=512 rate2=512 prod1=512 prod2=512 dac_err=0 tx_drop=0 hb_ms=0 sma_state=6 m7_us=1822190724 m4_us=1819996088 vdd=5.067 offset=0.5000 aref=3.145 loop_us_avg=93 loop_us_max=5398 loop_hz=10752 cycle_log_ms=1 n_cycle=4 cc=1 cc_hz=1026 cc_i_tgt=0.1000 cc_u=0.5898 cc_r=6.0244 cc_tau_ms=7.00
[  97.670] [ADC1] STATUS alarm(
[  98.113] [STATUS] t_ms=1767211 hwm=6 cap=256 dropped=0 dropped_total=37154 crc_err=0 crc_err_total=0 rate1=512 rate2=512 prod1=512 prod2=512 dac_err=0 tx_drop=0 hb_ms=0 sma_state=6 m7_us=1823222119 m4_us=1821027772 vdd=5.067 offset=0.5000 aref=3.145 loop_us_avg=94 loop_us_max=5438 loop_hz=10638 cycle_log_ms=1 n_cycle=4 cc=1 cc_hz=1025 cc_i_tgt=0.1000 cc_u=0.5000 cc_r=4.8419 cc_tau_ms=7.00
[  98.683] s): 0x4
[  98.683] [ADC1]
[  98.683] STATUS alarm
[  99.126] [STATUS] t_ms=1768211 hwm=5 cap=256 dropped=0 dropped_total=37154 crc_err=0 crc_err_total=0 rate1=512 rate2=512 prod1=512 prod2=512 dac_err=0 tx_drop=0 hb_ms=0 sma_state=6 m7_us=1824254108 m4_us=1822059487 vdd=5.067 offset=0.5000 aref=3.145 loop_us_avg=93 loop_us_max=5402 loop_hz=10752 cycle_log_ms=1 n_cycle=4 cc=1 cc_hz=1026 cc_i_tgt=0.1000 cc_u=0.5939 cc_r=5.9199 cc_tau_ms=7.00
[  99.696] [ADC1] STATUS alarm(
[ 100.201] [STATUS] t_ms=1769211 hwm=6 cap=256 dropped=0 dropped_total=37154 crc_err=0 crc_err_total=0 rate1=512 rate2=512 prod1=512 prod2=512 dac_err=0 tx_drop=0 hb_ms=0 sma_state=6 m7_us=1825285575 m4_us=1823091224 vdd=5.067 offset=0.5000 aref=3.145 loop_us_avg=94 loop_us_max=5395 loop_hz=10638 cycle_log_ms=1 n_cycle=4 cc=1 cc_hz=1025 cc_i_tgt=0.1000 cc_u=0.5000 cc_r=4.9717 cc_tau_ms=7.00
[ 100.708] [ADC1] STATUS alarm(
[ 101.211] [STATUS] t_ms=1770211 hwm=5 cap=256 dropped=0 dropped_total=37154 crc_err=0 crc_err_total=0 rate1=512 rate2=512 prod1=512 prod2=512 dac_err=0 tx_drop=0 hb_ms=0 sma_state=6 m7_us=1826317572 m4_us=1824122952 vdd=5.067 offset=0.5000 aref=3.145 loop_us_avg=94 loop_us_max=5413 loop_hz=10638 cycle_log_ms=1 n_cycle=4 cc=1 cc_hz=1026 cc_i_tgt=0.1000 cc_u=0.5000 cc_r=4.8533 cc_tau_ms=7.00
[ 101.719] s): 0xC9 P
[ 101.719] GAL_ALM
[ 101.719] [ADC1] STA
[ 101.719] TUS alarm(
[ 102.227] [STATUS] t_ms=1771211 hwm=6 cap=256 dropped=0 dropped_total=37154 crc_err=0 crc_err_total=0 rate1=512 rate2=512 prod1=512 prod2=512 dac_err=0 tx_drop=0 hb_ms=0 sma_state=6 m7_us=1827349018 m4_us=1825154671 vdd=5.067 offset=0.5000 aref=3.145 loop_us_avg=94 loop_us_max=5535 loop_hz=10638 cycle_log_ms=1 n_cycle=4 cc=1 cc_hz=1025 cc_i_tgt=0.1000 cc_u=0.5000 cc_r=4.9475 cc_tau_ms=7.00
[ 102.736] [ADC1] STATUS alarm(
[ 103.247] [STATUS] t_ms=1772211 hwm=5 cap=256 dropped=0 dropped_total=37154 crc_err=0 crc_err_total=0 rate1=512 rate2=512 prod1=512 prod2=512 dac_err=0 tx_drop=0 hb_ms=0 sma_state=6 m7_us=1828381030 m4_us=1826186396 vdd=5.067 offset=0.5000 aref=3.145 loop_us_avg=93 loop_us_max=5396 loop_hz=10752 cycle_log_ms=1 n_cycle=4 cc=1 cc_hz=1026 cc_i_tgt=0.1000 cc_u=0.5158 cc_r=4.9244 cc_tau_ms=7.00
[ 103.758] [ADC1] STATUS alarm(
[ 104.266] [STATUS] t_ms=1773211 hwm=6 cap=256 dropped=0 dropped_total=37154 crc_err=0 crc_err_total=0 rate1=512 rate2=512 prod1=512 prod2=512 dac_err=0 tx_drop=0 hb_ms=0 sma_state=6 m7_us=1829412434 m4_us=1827218088 vdd=5.067 offset=0.5000 aref=3.145 loop_us_avg=94 loop_us_max=5411 loop_hz=10638 cycle_log_ms=1 n_cycle=4 cc=1 cc_hz=1025 cc_i_tgt=0.1000 cc_u=0.5500 cc_r=5.0860 cc_tau_ms=7.00
[ 104.775] s)
[ 104.775] [ADC1] STATUS alar
[ 104.775] m
[ 105.343] [STATUS] t_ms=1774211 hwm=5 cap=256 dropped=0 dropped_total=37154 crc_err=0 crc_err_total=0 rate1=512 rate2=512 prod1=512 prod2=512 dac_err=0 tx_drop=0 hb_ms=0 sma_state=6 m7_us=1830444405 m4_us=1828249784 vdd=5.067 offset=0.5000 aref=3.145 loop_us_avg=92 loop_us_max=5398 loop_hz=10869 cycle_log_ms=1 n_cycle=4 cc=1 cc_hz=1026 cc_i_tgt=0.1000 cc_u=0.6551 cc_r=6.2650 cc_tau_ms=7.00
[ 105.787] [ADC1] STATUS alarm(
[ 106.361] [STATUS] t_ms=1775211 hwm=6 cap=256 dropped=0 dropped_total=37154 crc_err=0 crc_err_total=0 rate1=512 rate2=512 prod1=512 prod2=512 dac_err=0 tx_drop=0 hb_ms=0 sma_state=6 m7_us=1831475843 m4_us=1829281480 vdd=5.067 offset=0.5000 aref=3.145 loop_us_avg=94 loop_us_max=5403 loop_hz=10638 cycle_log_ms=1 n_cycle=4 cc=1 cc_hz=1025 cc_i_tgt=0.1000 cc_u=0.6366 cc_r=6.1278 cc_tau_ms=7.00
[ 106.738] [ADC1] STATUS alarm(
[ 107.368] [STATUS] t_ms=1776211 hwm=5 cap=256 dropped=0 dropped_total=37154 crc_err=0 crc_err_total=0 rate1=512 rate2=512 prod1=512 prod2=512 dac_err=0 tx_drop=0 hb_ms=0 sma_state=6 m7_us=1832507916 m4_us=1830313192 vdd=5.067 offset=0.5000 aref=3.145 loop_us_avg=92 loop_us_max=5395 loop_hz=10869 cycle_log_ms=1 n_cycle=4 cc=1 cc_hz=1026 cc_i_tgt=0.1000 cc_u=0.5000 cc_r=4.8668 cc_tau_ms=7.00
[ 107.749] [ADC1] STATUS a
[ 107.749] larm(
[ 108.446] [STATUS] t_ms=1777211 hwm=6 cap=256 dropped=0 dropped_total=37154 crc_err=0 crc_err_total=0 rate1=512 rate2=512 prod1=512 prod2=512 dac_err=0 tx_drop=0 hb_ms=0 sma_state=6 m7_us=1833539265 m4_us=1831344914 vdd=5.067 offset=0.5000 aref=3.145 loop_us_avg=93 loop_us_max=5510 loop_hz=10752 cycle_log_ms=1 n_cycle=4 cc=1 cc_hz=1025 cc_i_tgt=0.1000 cc_u=0.5000 cc_r=4.8488 cc_tau_ms=7.00
[ 108.762] [ADC1] STATUS alarm(
[ 109.463] [STATUS] t_ms=1778211 hwm=5 cap=256 dropped=0 dropped_total=37154 crc_err=0 crc_err_total=0 rate1=512 rate2=512 prod1=512 prod2=512 dac_err=0 tx_drop=0 hb_ms=0 sma_state=6 m7_us=1834571241 m4_us=1832376616 vdd=5.067 offset=0.5000 aref=3.145 loop_us_avg=94 loop_us_max=5418 loop_hz=10638 cycle_log_ms=1 n_cycle=4 cc=1 cc_hz=1026 cc_i_tgt=0.1000 cc_u=0.5018 cc_r=4.9227 cc_tau_ms=7.00
[ 109.777] [ADC1] STATUS alarm(
[ 110.473] [STATUS] t_ms=1779211 hwm=6 cap=256 dropped=0 dropped_total=37154 crc_err=0 crc_err_total=0 rate1=512 rate2=512 prod1=512 prod2=512 dac_err=0 tx_drop=0 hb_ms=0 sma_state=6 m7_us=1835602658 m4_us=1833408306 vdd=5.067 offset=0.5000 aref=3.145 loop_us_avg=92 loop_us_max=5406 loop_hz=10869 cycle_log_ms=1 n_cycle=4 cc=1 cc_hz=1025 cc_i_tgt=0.1000 cc_u=0.5003 cc_r=4.8357 cc_tau_ms=7.00
[ 110.788] [ADC1] STATUS alarm
[ 111.547] [STATUS] t_ms=1780211 hwm=5 cap=256 dropped=0 dropped_total=37154 crc_err=0 crc_err_total=0 rate1=512 rate2=512 prod1=512 prod2=512 dac_err=0 tx_drop=0 hb_ms=0 sma_state=6 m7_us=1836634346 m4_us=1834440008 vdd=5.067 offset=0.5000 aref=3.145 loop_us_avg=94 loop_us_max=5428 loop_hz=10638 cycle_log_ms=1 n_cycle=4 cc=1 cc_hz=1025 cc_i_tgt=0.1000 cc_u=0.5000 cc_r=4.8476 cc_tau_ms=7.00
[ 111.799] [ADC1] STATUS alarm(
[ 112.563] [STATUS] t_ms=1781211 hwm=5 cap=256 dropped=0 dropped_total=37154 crc_err=0 crc_err_total=0 rate1=512 rate2=512 prod1=512 prod2=512 dac_err=0 tx_drop=0 hb_ms=0 sma_state=6 m7_us=1837666008 m4_us=1835471682 vdd=5.067 offset=0.5000 aref=3.145 loop_us_avg=92 loop_us_max=5401 loop_hz=10869 cycle_log_ms=1 n_cycle=4 cc=1 cc_hz=1026 cc_i_tgt=0.1000 cc_u=0.5000 cc_r=4.8932 cc_tau_ms=7.00
[ 112.818] [ADC1] STATUS alarm(
[ 113.581] [STATUS] t_ms=1782211 hwm=5 cap=256 dropped=0 dropped_total=37154 crc_err=0 crc_err_total=0 rate1=512 rate2=512 prod1=512 prod2=512 dac_err=0 tx_drop=0 hb_ms=0 sma_state=6 m7_us=1838698014 m4_us=1836503378 vdd=5.067 offset=0.5000 aref=3.145 loop_us_avg=92 loop_us_max=5401 loop_hz=10869 cycle_log_ms=1 n_cycle=4 cc=1 cc_hz=1026 cc_i_tgt=0.1000 cc_u=0.5000 cc_r=4.9148 cc_tau_ms=7.00
[ 113.833] [ADC1]
[ 113.833] STATUS alarm(
[ 114.596] [STATUS] t_ms=1783211 hwm=6 cap=256 dropped=0 dropped_total=37154 crc_err=0 crc_err_total=0 rate1=512 rate2=512 prod1=512 prod2=512 dac_err=0 tx_drop=0 hb_ms=0 sma_state=6 m7_us=1839729499 m4_us=1837535135 vdd=5.067 offset=0.5000 aref=3.145 loop_us_avg=93 loop_us_max=5556 loop_hz=10752 cycle_log_ms=1 n_cycle=4 cc=1 cc_hz=1025 cc_i_tgt=0.1000 cc_u=0.5106 cc_r=4.8695 cc_tau_ms=7.00
[ 114.850] _ALM
[ 114.850] [ADC1] STATUS alarm(
[ 115.673] [STATUS] t_ms=1784211 hwm=5 cap=256 dropped=0 dropped_total=37154 crc_err=0 crc_err_total=0 rate1=512 rate2=512 prod1=512 prod2=512 dac_err=0 tx_drop=0 hb_ms=0 sma_state=6 m7_us=1840761501 m4_us=1838566860 vdd=5.067 offset=0.5000 aref=3.145 loop_us_avg=92 loop_us_max=5424 loop_hz=10869 cycle_log_ms=1 n_cycle=4 cc=1 cc_hz=1026 cc_i_tgt=0.1000 cc_u=0.5072 cc_r=4.8505 cc_tau_ms=7.00
[ 115.862] [ADC1] STATUS alarm(
[ 116.688] [STATUS] t_ms=1785211 hwm=6 cap=256 dropped=0 dropped_total=37154 crc_err=0 crc_err_total=0 rate1=512 rate2=512 prod1=512 prod2=512 dac_err=0 tx_drop=0 hb_ms=0 sma_state=6 m7_us=1841792909 m4_us=1839598562 vdd=5.067 offset=0.5000 aref=3.145 loop_us_avg=93 loop_us_max=5489 loop_hz=10752 cycle_log_ms=1 n_cycle=4 cc=1 cc_hz=1025 cc_i_tgt=0.1000 cc_u=0.5000 cc_r=4.8833 cc_tau_ms=7.00
[ 116.815] [ADC1] STATUS alarm
[ 117.699] [STATUS] t_ms=1786211 hwm=5 cap=256 dropped=0 dropped_total=37154 crc_err=0 crc_err_total=0 rate1=512 rate2=512 prod1=512 prod2=512 dac_err=0 tx_drop=0 hb_ms=0 sma_state=6 m7_us=1842824888 m4_us=1840630264 vdd=5.067 offset=0.5000 aref=3.145 loop_us_avg=92 loop_us_max=5405 loop_hz=10869 cycle_log_ms=1 n_cycle=4 cc=1 cc_hz=1026 cc_i_tgt=0.1000 cc_u=0.5846 cc_r=5.4642 cc_tau_ms=7.00
[ 117.826] [ADC1] STATUS alarm(
[ 118.713] [STATUS] t_ms=1787211 hwm=6 cap=256 dropped=0 dropped_total=37154 crc_err=0 crc_err_total=0 rate1=512 rate2=512 prod1=512 prod2=512 dac_err=0 tx_drop=0 hb_ms=0 sma_state=6 m7_us=1843856324 m4_us=1841661970 vdd=5.067 offset=0.5000 aref=3.145 loop_us_avg=93 loop_us_max=5404 loop_hz=10752 cycle_log_ms=1 n_cycle=4 cc=1 cc_hz=1025 cc_i_tgt=0.1000 cc_u=0.5476 cc_r=5.8936 cc_tau_ms=7.00
[ 118.841] [ADC1] STATUS alarm(
[ 119.790] [STATUS] t_ms=1788211 hwm=5 cap=256 dropped=0 dropped_total=37154 crc_err=0 crc_err_total=0 rate1=512 rate2=512 prod1=512 prod2=512 dac_err=0 tx_drop=0 hb_ms=0 sma_state=6 m7_us=1844888008 m4_us=1842693663 vdd=5.067 offset=0.5000 aref=3.145 loop_us_avg=93 loop_us_max=5548 loop_hz=10752 cycle_log_ms=1 n_cycle=4 cc=1 cc_hz=1025 cc_i_tgt=0.1000 cc_u=0.5000 cc_r=4.9489 cc_tau_ms=7.00
[ 119.853] [ADC1] STATUS alarm(
[ 120.804] [STATUS] t_ms=1789211 hwm=5 cap=256 dropped=0 dropped_total=37154 crc_err=0 crc_err_total=0 rate1=512 rate2=512 prod1=512 prod2=512 dac_err=0 tx_drop=0 hb_ms=0 sma_state=6 m7_us=1845919979 m4_us=1843725356 vdd=5.067 offset=0.5000 aref=3.145 loop_us_avg=93 loop_us_max=5395 loop_hz=10752 cycle_log_ms=1 n_cycle=4 cc=1 cc_hz=1026 cc_i_tgt=0.1000 cc_u=0.5037 cc_r=4.9321 cc_tau_ms=7.00
[ 120.866] [ADC1] STATUS alarm(
[ 121.814] [STATUS] t_ms=1790211 hwm=6 cap=256 dropped=0 dropped_total=37154 crc_err=0 crc_err_total=0 rate1=512 rate2=512 prod1=512 prod2=512 dac_err=0 tx_drop=0 hb_ms=0 sma_state=6 m7_us=1846951426 m4_us=1844757074 vdd=5.067 offset=0.5000 aref=3.145 loop_us_avg=94 loop_us_max=5402 loop_hz=10638 cycle_log_ms=1 n_cycle=4 cc=1 cc_hz=1025 cc_i_tgt=0.1000 cc_u=0.5095 cc_r=4.8593 cc_tau_ms=7.00
[ 121.878] [AD
[ 121.878] C1] STATUS alarm(
[ 122.894] [STATUS] t_ms=1791211 hwm=5 cap=256 dropped=0 dropped_total=37154 crc_err=0 crc_err_total=0 rate1=512 rate2=512 prod1=512 prod2=512 dac_err=0 tx_drop=0 hb_ms=0 sma_state=6 m7_us=1847983072 m4_us=1845788738 vdd=5.067 offset=0.5000 aref=3.145 loop_us_avg=92 loop_us_max=5409 loop_hz=10869 cycle_log_ms=1 n_cycle=4 cc=1 cc_hz=1026 cc_i_tgt=0.1000 cc_u=0.5892 cc_r=6.1077 cc_tau_ms=7.00
[ 122.894] [ADC1] STATUS alarm(
[ 123.907] [STATUS] t_ms=1792211 hwm=5 cap=256 dropped=0 dropped_total=37154 crc_err=0 crc_err_total=0 rate1=512 rate2=512 prod1=512 prod2=512 dac_err=0 tx_drop=0 hb_ms=0 sma_state=6 m7_us=1849015072 m4_us=1846820411 vdd=5.067 offset=0.5000 aref=3.145 loop_us_avg=92 loop_us_max=5410 loop_hz=10869 cycle_log_ms=1 n_cycle=4 cc=1 cc_hz=1026 cc_i_tgt=0.1000 cc_u=0.5000 cc_r=4.9215 cc_tau_ms=7.00
[ 123.907] [ADC1] STATUS alarm
[ 124.351] [SMA] [ACT] heat n=5/6 I=950.0mA ms=100
[ 124.476] [SMA] [ACT] cool n=5/6 I=100.0mA ms=30000
[ 124.920] [ADC1] STATUS alarm(
[ 124.920] [STATUS] t_ms=1793211 hwm=6 cap=256 dropped=0 dropped_total=37154 crc_err=0 crc_err_total=0 rate1=512 rate2=512 prod1=512 prod2=512 dac_err=0 tx_drop=0 hb_ms=0 sma_state=6 m7_us=1850046440 m4_us=1847852082 vdd=5.067 offset=0.5000 aref=3.145 loop_us_avg=93 loop_us_max=5424 loop_hz=10752 cycle_log_ms=1 n_cycle=4 cc=1 cc_hz=1023 cc_i_tgt=0.1000 cc_u=0.5000 cc_r=4.8562 cc_tau_ms=7.00
[ 125.932] [ADC1] STATUS alarm(
[ 125.932] [STATUS] t_ms=1794211 hwm=5 cap=256 dropped=0 dropped_total=37154 crc_err=0 crc_err_total=0 rate1=512 rate2=512 prod1=512 prod2=512 dac_err=0 tx_drop=0 hb_ms=0 sma_state=6 m7_us=1851078070 m4_us=1848883727 vdd=5.067 offset=0.5000 aref=3.145 loop_us_avg=92 loop_us_max=5421 loop_hz=10869 cycle_log_ms=1 n_cycle=4 cc=1 cc_hz=1025 cc_i_tgt=0.1000 cc_u=0.5100 cc_r=4.8783 cc_tau_ms=7.00
[ 126.948] [ADC1] STATUS alarm(
[ 127.011] [STATUS] t_ms=1795211 hwm=5 cap=256 dropped=0 dropped_total=37154 crc_err=0 crc_err_total=0 rate1=512 rate2=512 prod1=512 prod2=512 dac_err=0 tx_drop=0 hb_ms=0 sma_state=6 m7_us=1852109727 m4_us=1849915381 vdd=5.067 offset=0.5000 aref=3.145 loop_us_avg=92 loop_us_max=5395 loop_hz=10869 cycle_log_ms=1 n_cycle=4 cc=1 cc_hz=1025 cc_i_tgt=0.1000 cc_u=0.5121 cc_r=4.9003 cc_tau_ms=7.00
[ 127.898] s): 0x49 P
[ 127.898] GAL_ALM
[ 127.898] [ADC1] STATUS alarm(
[ 128.025] [STATUS] t_ms=1796211 hwm=5 cap=256 dropped=0 dropped_total=37154 crc_err=0 crc_err_total=0 rate1=512 rate2=512 prod1=512 prod2=512 dac_err=0 tx_drop=0 hb_ms=0 sma_state=6 m7_us=1853141383 m4_us=1850947032 vdd=5.067 offset=0.5000 aref=3.145 loop_us_avg=92 loop_us_max=5400 loop_hz=10869 cycle_log_ms=1 n_cycle=4 cc=1 cc_hz=1025 cc_i_tgt=0.1000 cc_u=0.5000 cc_r=4.8268 cc_tau_ms=7.00
[ 128.914] s): 0x49 PGA
[ 128.914] L_ALM
[ 128.914] [ADC1] STAT
[ 128.914] US alarm(
[ 129.041] [STATUS] t_ms=1797211 hwm=5 cap=256 dropped=0 dropped_total=37154 crc_err=0 crc_err_total=0 rate1=512 rate2=512 prod1=512 prod2=512 dac_err=0 tx_drop=0 hb_ms=0 sma_state=6 m7_us=1854173044 m4_us=1851978693 vdd=5.067 offset=0.5000 aref=3.145 loop_us_avg=94 loop_us_max=5426 loop_hz=10638 cycle_log_ms=1 n_cycle=4 cc=1 cc_hz=1025 cc_i_tgt=0.1000 cc_u=0.6282 cc_r=5.6427 cc_tau_ms=7.00
[ 129.928] s)
[ 129.928] [ADC1] STATUS alarm(
[ 130.118] [STATUS] t_ms=1798211 hwm=5 cap=256 dropped=0 dropped_total=37154 crc_err=0 crc_err_total=0 rate1=512 rate2=512 prod1=512 prod2=512 dac_err=0 tx_drop=0 hb_ms=0 sma_state=6 m7_us=1855205018 m4_us=1853010399 vdd=5.067 offset=0.5000 aref=3.145 loop_us_avg=94 loop_us_max=5398 loop_hz=10638 cycle_log_ms=1 n_cycle=4 cc=1 cc_hz=1026 cc_i_tgt=0.1000 cc_u=0.5509 cc_r=5.9010 cc_tau_ms=7.00
[ 130.942] [ADC1] STATUS alarm(
[ 131.130] [STATUS] t_ms=1799211 hwm=6 cap=256 dropped=0 dropped_total=37154 crc_err=0 crc_err_total=0 rate1=512 rate2=512 prod1=512 prod2=512 dac_err=0 tx_drop=0 hb_ms=0 sma_state=6 m7_us=1856236424 m4_us=1854042072 vdd=5.067 offset=0.5000 aref=3.145 loop_us_avg=94 loop_us_max=5404 loop_hz=10638 cycle_log_ms=1 n_cycle=4 cc=1 cc_hz=1025 cc_i_tgt=0.1000 cc_u=0.5000 cc_r=4.8198 cc_tau_ms=7.00
[ 131.958] [ADC1] STATUS alarm(
[ 132.146] [STATUS] t_ms=1800211 hwm=5 cap=256 dropped=0 dropped_total=37154 crc_err=0 crc_err_total=0 rate1=512 rate2=512 prod1=512 prod2=512 dac_err=0 tx_drop=0 hb_ms=0 sma_state=6 m7_us=1857268084 m4_us=1855073759 vdd=5.067 offset=0.5000 aref=3.145 loop_us_avg=94 loop_us_max=5413 loop_hz=10638 cycle_log_ms=1 n_cycle=4 cc=1 cc_hz=1026 cc_i_tgt=0.1000 cc_u=0.5452 cc_r=5.9045 cc_tau_ms=7.00
[ 132.971] [ADC1] STATUS alarm(
[ 133.163] [STATUS] t_ms=1801211 hwm=5 cap=256 dropped=0 dropped_total=37154 crc_err=0 crc_err_total=0 rate1=512 rate2=512 prod1=512 prod2=512 dac_err=0 tx_drop=0 hb_ms=0 sma_state=6 m7_us=1858300066 m4_us=1856105426 vdd=5.067 offset=0.5000 aref=3.145 loop_us_avg=93 loop_us_max=5397 loop_hz=10752 cycle_log_ms=1 n_cycle=4 cc=1 cc_hz=1026 cc_i_tgt=0.1000 cc_u=0.5024 cc_r=4.8859 cc_tau_ms=7.00
[ 133.988] [ADC1]
[ 133.988] STATUS alarm(
[ 134.243] [STATUS] t_ms=1802211 hwm=6 cap=256 dropped=0 dropped_total=37154 crc_err=0 crc_err_total=0 rate1=512 rate2=512 prod1=512 prod2=512 dac_err=0 tx_drop=0 hb_ms=0 sma_state=6 m7_us=1859331467 m4_us=1857137122 vdd=5.067 offset=0.5000 aref=3.145 loop_us_avg=94 loop_us_max=5407 loop_hz=10638 cycle_log_ms=1 n_cycle=4 cc=1 cc_hz=1025 cc_i_tgt=0.1000 cc_u=0.5000 cc_r=4.8655 cc_tau_ms=7.00
[ 135.001] [ADC1] STATUS alarm(
[ 135.255] [STATUS] t_ms=1803211 hwm=5 cap=256 dropped=0 dropped_total=37154 crc_err=0 crc_err_total=0 rate1=512 rate2=512 prod1=512 prod2=512 dac_err=0 tx_drop=0 hb_ms=0 sma_state=6 m7_us=1860363452 m4_us=1858168828 vdd=5.067 offset=0.5000 aref=3.145 loop_us_avg=93 loop_us_max=5404 loop_hz=10752 cycle_log_ms=1 n_cycle=4 cc=1 cc_hz=1026 cc_i_tgt=0.1000 cc_u=0.5000 cc_r=4.8333 cc_tau_ms=7.00
[ 135.954] [ADC1] STATUS alarm
[ 136.270] [STATUS] t_ms=1804211 hwm=6 cap=256 dropped=0 dropped_total=37154 crc_err=0 crc_err_total=0 rate1=512 rate2=512 prod1=512 prod2=512 dac_err=0 tx_drop=0 hb_ms=0 sma_state=6 m7_us=1861394880 m4_us=1859200524 vdd=5.067 offset=0.5000 aref=3.145 loop_us_avg=94 loop_us_max=5402 loop_hz=10638 cycle_log_ms=1 n_cycle=4 cc=1 cc_hz=1025 cc_i_tgt=0.1000 cc_u=0.5034 cc_r=4.8988 cc_tau_ms=7.00
[ 136.972] [ADC1] STATUS alarm(
[ 137.289] [STATUS] t_ms=1805211 hwm=5 cap=256 dropped=0 dropped_total=37154 crc_err=0 crc_err_total=0 rate1=512 rate2=512 prod1=512 prod2=512 dac_err=0 tx_drop=0 hb_ms=0 sma_state=6 m7_us=1862426523 m4_us=1860232197 vdd=5.067 offset=0.5000 aref=3.145 loop_us_avg=92 loop_us_max=5424 loop_hz=10869 cycle_log_ms=1 n_cycle=4 cc=1 cc_hz=1026 cc_i_tgt=0.1000 cc_u=0.5201 cc_r=4.9338 cc_tau_ms=7.00
[ 137.989] [ADC1] STATUS alarm(
[ 138.369] [STATUS] t_ms=1806211 hwm=5 cap=256 dropped=0 dropped_total=37154 crc_err=0 crc_err_total=0 rate1=512 rate2=512 prod1=512 prod2=512 dac_err=0 tx_drop=0 hb_ms=0 sma_state=6 m7_us=1863458175 m4_us=1861263852 vdd=5.067 offset=0.5000 aref=3.145 loop_us_avg=92 loop_us_max=5394 loop_hz=10869 cycle_log_ms=1 n_cycle=4 cc=1 cc_hz=1026 cc_i_tgt=0.1000 cc_u=0.5287 cc_r=5.0621 cc_tau_ms=7.00
[ 139.005] [ADC1] STATUS alarm(
[ 139.386] [STATUS] t_ms=1807211 hwm=5 cap=256 dropped=0 dropped_total=37154 crc_err=0 crc_err_total=0 rate1=512 rate2=512 prod1=512 prod2=512 dac_err=0 tx_drop=0 hb_ms=0 sma_state=6 m7_us=1864489840 m4_us=1862295487 vdd=5.067 offset=0.5000 aref=3.145 loop_us_avg=93 loop_us_max=5403 loop_hz=10752 cycle_log_ms=1 n_cycle=4 cc=1 cc_hz=1025 cc_i_tgt=0.1000 cc_u=0.5000 cc_r=4.9188 cc_tau_ms=7.00
[ 140.020] [ADC1] STATUS alarm(
[ 140.400] [STATUS] t_ms=1808211 hwm=5 cap=256 dropped=0 dropped_total=37154 crc_err=0 crc_err_total=0 rate1=512 rate2=512 prod1=512 prod2=512 dac_err=0 tx_drop=0 hb_ms=0 sma_state=6 m7_us=1865521494 m4_us=1863327148 vdd=5.067 offset=0.5000 aref=3.145 loop_us_avg=94 loop_us_max=5420 loop_hz=10638 cycle_log_ms=1 n_cycle=4 cc=1 cc_hz=1025 cc_i_tgt=0.1000 cc_u=0.5000 cc_r=4.8657 cc_tau_ms=7.00
[ 141.033] _ALM
[ 141.033] [ADC1] STATUS alarm(
[ 141.413] [STATUS] t_ms=1809211 hwm=5 cap=256 dropped=0 dropped_total=37154 crc_err=0 crc_err_total=0 rate1=512 rate2=512 prod1=512 prod2=512 dac_err=0 tx_drop=0 hb_ms=0 sma_state=6 m7_us=1866553164 m4_us=1864358815 vdd=5.067 offset=0.5000 aref=3.145 loop_us_avg=94 loop_us_max=5396 loop_hz=10638 cycle_log_ms=1 n_cycle=4 cc=1 cc_hz=1025 cc_i_tgt=0.1000 cc_u=0.5000 cc_r=4.8590 cc_tau_ms=7.00
[ 142.049] s): 0
[ 142.049] [AD
[ 142.049] C1] STATUS alarm(
[ 142.492] [STATUS] t_ms=1810211 hwm=5 cap=256 dropped=0 dropped_total=37154 crc_err=0 crc_err_total=0 rate1=512 rate2=512 prod1=512 prod2=512 dac_err=0 tx_drop=0 hb_ms=0 sma_state=6 m7_us=1867584821 m4_us=1865390424 vdd=5.067 offset=0.5000 aref=3.145 loop_us_avg=93 loop_us_max=5411 loop_hz=10752 cycle_log_ms=1 n_cycle=4 cc=1 cc_hz=1025 cc_i_tgt=0.1000 cc_u=0.5058 cc_r=4.8938 cc_tau_ms=7.00
[ 143.064] [ADC1] STATUS alarm(
[ 143.510] [STATUS] t_ms=1811211 hwm=5 cap=256 dropped=0 dropped_total=37154 crc_err=0 crc_err_total=0 rate1=512 rate2=512 prod1=512 prod2=512 dac_err=0 tx_drop=0 hb_ms=0 sma_state=6 m7_us=1868616452 m4_us=1866422085 vdd=5.067 offset=0.5000 aref=3.145 loop_us_avg=92 loop_us_max=5427 loop_hz=10869 cycle_log_ms=1 n_cycle=4 cc=1 cc_hz=1025 cc_i_tgt=0.1000 cc_u=0.5000 cc_r=4.8807 cc_tau_ms=7.00
[ 144.018] [ADC1] STATUS alarm(
[ 144.525] [STATUS] t_ms=1812211 hwm=5 cap=256 dropped=0 dropped_total=37154 crc_err=0 crc_err_total=0 rate1=512 rate2=512 prod1=512 prod2=512 dac_err=0 tx_drop=0 hb_ms=0 sma_state=6 m7_us=1869648070 m4_us=1867453740 vdd=5.067 offset=0.5000 aref=3.145 loop_us_avg=92 loop_us_max=5406 loop_hz=10869 cycle_log_ms=1 n_cycle=4 cc=1 cc_hz=1026 cc_i_tgt=0.1000 cc_u=0.5496 cc_r=5.0673 cc_tau_ms=7.00
[ 145.303] [ADC1] STATUS alarm(
[ 145.554] [STATUS] t_ms=1813211 hwm=68 cap=256 dropped=0 dropped_total=37154 crc_err=0 crc_err_total=0 rate1=511 rate2=511 prod1=511 prod2=512 dac_err=0 tx_drop=0 hb_ms=0 sma_state=6 m7_us=1870679111 m4_us=1868484413 vdd=5.067 offset=0.5000 aref=3.145 loop_us_avg=99 loop_us_max=67970 loop_hz=10101 cycle_log_ms=1 n_cycle=4 cc=1 cc_hz=957 cc_i_tgt=0.1000 cc_u=0.6360 cc_r=6.2179 cc_tau_ms=7.00
[ 146.063] [ADC1] STATUS alarm(
[ 146.570] [STATUS] t_ms=1814211 hwm=6 cap=256 dropped=0 dropped_total=37154 crc_err=0 crc_err_total=0 rate1=513 rate2=512 prod1=513 prod2=512 dac_err=0 tx_drop=0 hb_ms=0 sma_state=6 m7_us=1871711412 m4_us=1869517064 vdd=5.067 offset=0.5000 aref=3.145 loop_us_avg=94 loop_us_max=5337 loop_hz=10638 cycle_log_ms=1 n_cycle=4 cc=1 cc_hz=1026 cc_i_tgt=0.1000 cc_u=0.5000 cc_r=4.8837 cc_tau_ms=7.00
[ 147.078] _ALM
[ 147.078] [ADC1] STATUS alarm
[ 147.647] [STATUS] t_ms=1815211 hwm=5 cap=256 dropped=0 dropped_total=37154 crc_err=0 crc_err_total=0 rate1=512 rate2=512 prod1=512 prod2=512 dac_err=0 tx_drop=0 hb_ms=0 sma_state=6 m7_us=1872743076 m4_us=1870548709 vdd=5.067 offset=0.5000 aref=3.145 loop_us_avg=94 loop_us_max=5398 loop_hz=10638 cycle_log_ms=1 n_cycle=4 cc=1 cc_hz=1025 cc_i_tgt=0.1000 cc_u=0.5000 cc_r=4.8363 cc_tau_ms=7.00
[ 148.090] [ADC1] STATUS alarm(
[ 148.658] [STATUS] t_ms=1816211 hwm=5 cap=256 dropped=0 dropped_total=37154 crc_err=0 crc_err_total=0 rate1=512 rate2=512 prod1=512 prod2=512 dac_err=0 tx_drop=0 hb_ms=0 sma_state=6 m7_us=1873774683 m4_us=1871580332 vdd=5.067 offset=0.5000 aref=3.145 loop_us_avg=92 loop_us_max=5431 loop_hz=10869 cycle_log_ms=1 n_cycle=4 cc=1 cc_hz=1025 cc_i_tgt=0.1000 cc_u=0.5166 cc_r=4.8627 cc_tau_ms=7.00
[ 149.103] [ADC1] STATUS alarm(
[ 149.672] [STATUS] t_ms=1817211 hwm=5 cap=256 dropped=0 dropped_total=37154 crc_err=0 crc_err_total=0 rate1=512 rate2=512 prod1=512 prod2=512 dac_err=0 tx_drop=0 hb_ms=0 sma_state=6 m7_us=1874806342 m4_us=1872611992 vdd=5.067 offset=0.5000 aref=3.145 loop_us_avg=94 loop_us_max=5403 loop_hz=10638 cycle_log_ms=1 n_cycle=4 cc=1 cc_hz=1025 cc_i_tgt=0.1000 cc_u=0.5068 cc_r=4.9256 cc_tau_ms=7.00
[ 150.114] [ADC1] STATUS alarm(
[ 150.746] [STATUS] t_ms=1818211 hwm=5 cap=256 dropped=0 dropped_total=37154 crc_err=0 crc_err_total=0 rate1=512 rate2=512 prod1=512 prod2=512 dac_err=0 tx_drop=0 hb_ms=0 sma_state=6 m7_us=1875838000 m4_us=1873643640 vdd=5.067 offset=0.5000 aref=3.145 loop_us_avg=92 loop_us_max=5418 loop_hz=10869 cycle_log_ms=1 n_cycle=4 cc=1 cc_hz=1025 cc_i_tgt=0.1000 cc_u=0.5000 cc_r=4.9123 cc_tau_ms=7.00
[ 151.128] [ADC1] STATUS alarm(
[ 151.765] [STATUS] t_ms=1819211 hwm=5 cap=256 dropped=0 dropped_total=37154 crc_err=0 crc_err_total=0 rate1=512 rate2=512 prod1=512 prod2=512 dac_err=0 tx_drop=0 hb_ms=0 sma_state=6 m7_us=1876869611 m4_us=1874675285 vdd=5.067 offset=0.5000 aref=3.145 loop_us_avg=92 loop_us_max=5395 loop_hz=10869 cycle_log_ms=1 n_cycle=4 cc=1 cc_hz=1026 cc_i_tgt=0.1000 cc_u=0.5000 cc_r=4.8253 cc_tau_ms=7.00
[ 152.084] [ADC1] STATUS alarm(
[ 152.782] [STATUS] t_ms=1820211 hwm=5 cap=256 dropped=0 dropped_total=37154 crc_err=0 crc_err_total=0 rate1=512 rate2=512 prod1=512 prod2=512 dac_err=0 tx_drop=0 hb_ms=0 sma_state=6 m7_us=1877901581 m4_us=1875706959 vdd=5.067 offset=0.5000 aref=3.145 loop_us_avg=92 loop_us_max=5399 loop_hz=10869 cycle_log_ms=1 n_cycle=4 cc=1 cc_hz=1026 cc_i_tgt=0.1000 cc_u=0.5160 cc_r=4.8896 cc_tau_ms=7.00
[ 153.099] [ADC1] STATUS alarm
[ 153.796] [STATUS] t_ms=1821211 hwm=6 cap=256 dropped=0 dropped_total=37154 crc_err=0 crc_err_total=0 rate1=512 rate2=512 prod1=512 prod2=512 dac_err=0 tx_drop=0 hb_ms=0 sma_state=6 m7_us=1878932956 m4_us=1876738610 vdd=5.067 offset=0.5000 aref=3.145 loop_us_avg=94 loop_us_max=5404 loop_hz=10638 cycle_log_ms=1 n_cycle=4 cc=1 cc_hz=1025 cc_i_tgt=0.1000 cc_u=0.5000 cc_r=4.8659 cc_tau_ms=7.00
[ 154.113] [ADC1] STATUS alarm(
[ 154.875] [STATUS] t_ms=1822211 hwm=5 cap=256 dropped=0 dropped_total=37154 crc_err=0 crc_err_total=0 rate1=512 rate2=512 prod1=512 prod2=512 dac_err=0 tx_drop=0 hb_ms=0 sma_state=6 m7_us=1879964624 m4_us=1877770277 vdd=5.067 offset=0.5000 aref=3.145 loop_us_avg=94 loop_us_max=5394 loop_hz=10638 cycle_log_ms=1 n_cycle=4 cc=1 cc_hz=1026 cc_i_tgt=0.1000 cc_u=0.5000 cc_r=4.9023 cc_tau_ms=7.00
[ 155.127] [ADC1] STATUS alarm(
[ 155.379] [SMA] [ACT] heat n=6/6 I=950.0mA ms=100
[ 155.506] [SMA] [ACT] cool n=6/6 I=100.0mA ms=30000
[ 155.888] [STATUS] t_ms=1823211 hwm=5 cap=256 dropped=0 dropped_total=37154 crc_err=0 crc_err_total=0 rate1=512 rate2=512 prod1=512 prod2=512 dac_err=0 tx_drop=0 hb_ms=0 sma_state=6 m7_us=1880996579 m4_us=1878801951 vdd=5.067 offset=0.5000 aref=3.145 loop_us_avg=92 loop_us_max=5424 loop_hz=10869 cycle_log_ms=1 n_cycle=4 cc=1 cc_hz=1024 cc_i_tgt=0.1000 cc_u=0.5000 cc_r=4.8510 cc_tau_ms=7.00
[ 156.143] ALM
[ 156.143] [ADC1] STATUS
[ 156.143] alarm(
[ 156.907] [STATUS] t_ms=1824211 hwm=6 cap=256 dropped=0 dropped_total=37154 crc_err=0 crc_err_total=0 rate1=512 rate2=512 prod1=512 prod2=512 dac_err=0 tx_drop=0 hb_ms=0 sma_state=6 m7_us=1882028019 m4_us=1879833628 vdd=5.067 offset=0.5000 aref=3.145 loop_us_avg=94 loop_us_max=5415 loop_hz=10638 cycle_log_ms=1 n_cycle=4 cc=1 cc_hz=1025 cc_i_tgt=0.1000 cc_u=0.5143 cc_r=4.8725 cc_tau_ms=7.00
[ 157.161] [ADC1] STATUS alarm(
[ 157.924] [STATUS] t_ms=1825211 hwm=5 cap=256 dropped=0 dropped_total=37154 crc_err=0 crc_err_total=0 rate1=512 rate2=512 prod1=512 prod2=512 dac_err=0 tx_drop=0 hb_ms=0 sma_state=6 m7_us=1883059677 m4_us=1880865320 vdd=5.067 offset=0.5000 aref=3.145 loop_us_avg=92 loop_us_max=5455 loop_hz=10869 cycle_log_ms=1 n_cycle=4 cc=1 cc_hz=1025 cc_i_tgt=0.1000 cc_u=0.5055 cc_r=4.9352 cc_tau_ms=7.00
[ 158.178] s): 0x49 P
[ 158.178] GAL_ALM
[ 158.178] [ADC1] STATUS alarm
[ 159.005] [STATUS] t_ms=1826211 hwm=5 cap=256 dropped=0 dropped_total=37154 crc_err=0 crc_err_total=0 rate1=512 rate2=512 prod1=512 prod2=512 dac_err=0 tx_drop=0 hb_ms=0 sma_state=6 m7_us=1884091354 m4_us=1881897004 vdd=5.067 offset=0.5000 aref=3.145 loop_us_avg=93 loop_us_max=5419 loop_hz=10752 cycle_log_ms=1 n_cycle=4 cc=1 cc_hz=1025 cc_i_tgt=0.1000 cc_u=0.5000 cc_r=4.8274 cc_tau_ms=7.00
[ 159.130] [
[ 159.130] ADC1] STATUS alar
[ 159.130] m(
[ 160.018] [STATUS] t_ms=1827211 hwm=5 cap=256 dropped=0 dropped_total=37154 crc_err=0 crc_err_total=0 rate1=512 rate2=512 prod1=512 prod2=512 dac_err=0 tx_drop=0 hb_ms=0 sma_state=6 m7_us=1885123008 m4_us=1882928680 vdd=5.067 offset=0.5000 aref=3.145 loop_us_avg=94 loop_us_max=5402 loop_hz=10638 cycle_log_ms=1 n_cycle=4 cc=1 cc_hz=1026 cc_i_tgt=0.1000 cc_u=0.5072 cc_r=4.8326 cc_tau_ms=7.00
[ 160.145] [ADC1] STATUS alarm(
[ 161.031] [STATUS] t_ms=1828211 hwm=5 cap=256 dropped=0 dropped_total=37154 crc_err=0 crc_err_total=0 rate1=512 rate2=512 prod1=512 prod2=512 dac_err=0 tx_drop=0 hb_ms=0 sma_state=6 m7_us=1886154689 m4_us=1883960354 vdd=5.067 offset=0.5000 aref=3.145 loop_us_avg=93 loop_us_max=5398 loop_hz=10752 cycle_log_ms=1 n_cycle=4 cc=1 cc_hz=1026 cc_i_tgt=0.1000 cc_u=0.5000 cc_r=4.8380 cc_tau_ms=7.00
[ 161.156] [ADC1] STATUS alarm(
[ 162.047] [STATUS] t_ms=1829211 hwm=5 cap=256 dropped=0 dropped_total=37154 crc_err=0 crc_err_total=0 rate1=512 rate2=512 prod1=512 prod2=512 dac_err=0 tx_drop=0 hb_ms=0 sma_state=6 m7_us=1887186714 m4_us=1884992066 vdd=5.067 offset=0.5000 aref=3.145 loop_us_avg=94 loop_us_max=5462 loop_hz=10638 cycle_log_ms=1 n_cycle=4 cc=1 cc_hz=1026 cc_i_tgt=0.1000 cc_u=0.5022 cc_r=4.8946 cc_tau_ms=7.00
[ 162.175] s): 0x49 PGA
[ 162.175] L_ALM
[ 162.175] [ADC1] STATUS alarm(
[ 163.126] [STATUS] t_ms=1830211 hwm=6 cap=256 dropped=0 dropped_total=37154 crc_err=0 crc_err_total=0 rate1=512 rate2=512 prod1=512 prod2=512 dac_err=0 tx_drop=0 hb_ms=0 sma_state=6 m7_us=1888218253 m4_us=1886023778 vdd=5.067 offset=0.5000 aref=3.145 loop_us_avg=93 loop_us_max=5431 loop_hz=10752 cycle_log_ms=1 n_cycle=4 cc=1 cc_hz=1025 cc_i_tgt=0.1000 cc_u=0.5000 cc_r=4.8463 cc_tau_ms=7.00
[ 163.190] s): 0x49 PG
[ 163.190] AL_ALM
[ 163.190] [ADC1] STATUS alarm(
[ 164.142] [STATUS] t_ms=1831211 hwm=5 cap=256 dropped=0 dropped_total=37154 crc_err=0 crc_err_total=0 rate1=512 rate2=512 prod1=512 prod2=512 dac_err=0 tx_drop=0 hb_ms=0 sma_state=6 m7_us=1889249871 m4_us=1887055490 vdd=5.067 offset=0.5000 aref=3.145 loop_us_avg=94 loop_us_max=5535 loop_hz=10638 cycle_log_ms=1 n_cycle=4 cc=1 cc_hz=1025 cc_i_tgt=0.1000 cc_u=0.5000 cc_r=4.9331 cc_tau_ms=7.00
[ 164.205] s):
[ 164.205] [AD
[ 164.205] C1] STATUS alarm
[ 165.157] [STATUS] t_ms=1832211 hwm=5 cap=256 dropped=0 dropped_total=37154 crc_err=0 crc_err_total=0 rate1=512 rate2=512 prod1=512 prod2=512 dac_err=0 tx_drop=0 hb_ms=0 sma_state=6 m7_us=1890281593 m4_us=1888087196 vdd=5.067 offset=0.5000 aref=3.145 loop_us_avg=94 loop_us_max=5458 loop_hz=10638 cycle_log_ms=1 n_cycle=4 cc=1 cc_hz=1025 cc_i_tgt=0.1000 cc_u=0.5624 cc_r=5.1632 cc_tau_ms=7.00
[ 165.221] [ADC1] STATUS alarm(
[ 166.170] [STATUS] t_ms=1833211 hwm=5 cap=256 dropped=0 dropped_total=37154 crc_err=0 crc_err_total=0 rate1=512 rate2=512 prod1=512 prod2=512 dac_err=0 tx_drop=0 hb_ms=0 sma_state=6 m7_us=1891313272 m4_us=1889118914 vdd=5.067 offset=0.5000 aref=3.145 loop_us_avg=93 loop_us_max=5480 loop_hz=10752 cycle_log_ms=1 n_cycle=4 cc=1 cc_hz=1025 cc_i_tgt=0.1000 cc_u=0.5000 cc_r=4.8491 cc_tau_ms=7.00
[ 166.233] [ADC1] STATUS alarm(
[ 167.247] s): 0x
[ 167.247] [ADC1] STATUS alarm(
[ 167.247] [STATUS] t_ms=1834211 hwm=5 cap=256 dropped=0 dropped_total=37154 crc_err=0 crc_err_total=0 rate1=512 rate2=512 prod1=512 prod2=512 dac_err=0 tx_drop=0 hb_ms=0 sma_state=6 m7_us=1892345274 m4_us=1890150648 vdd=5.067 offset=0.5000 aref=3.145 loop_us_avg=94 loop_us_max=5426 loop_hz=10638 cycle_log_ms=1 n_cycle=4 cc=1 cc_hz=1026 cc_i_tgt=0.1000 cc_u=0.5000 cc_r=4.9232 cc_tau_ms=7.00
[ 168.201] [ADC1] STATUS alarm(
[ 168.262] [STATUS] t_ms=1835211 hwm=6 cap=256 dropped=0 dropped_total=37154 crc_err=0 crc_err_total=0 rate1=512 rate2=512 prod1=512 prod2=512 dac_err=0 tx_drop=0 hb_ms=0 sma_state=6 m7_us=1893376709 m4_us=1891182354 vdd=5.067 offset=0.5000 aref=3.145 loop_us_avg=94 loop_us_max=5426 loop_hz=10638 cycle_log_ms=1 n_cycle=4 cc=1 cc_hz=1025 cc_i_tgt=0.1000 cc_u=0.6102 cc_r=5.5291 cc_tau_ms=7.00
[ 169.214] [ADC1] STATUS alarm(
[ 169.277] [STATUS] t_ms=1836211 hwm=5 cap=256 dropped=0 dropped_total=37154 crc_err=0 crc_err_total=0 rate1=512 rate2=512 prod1=512 prod2=512 dac_err=0 tx_drop=0 hb_ms=0 sma_state=6 m7_us=1894408346 m4_us=1892213964 vdd=5.067 offset=0.5000 aref=3.145 loop_us_avg=92 loop_us_max=5434 loop_hz=10869 cycle_log_ms=1 n_cycle=4 cc=1 cc_hz=1025 cc_i_tgt=0.1000 cc_u=0.5083 cc_r=5.3528 cc_tau_ms=7.00
[ 170.224] [ADC1] STATUS alarm
[ 170.351] [STATUS] t_ms=1837211 hwm=5 cap=256 dropped=0 dropped_total=37154 crc_err=0 crc_err_total=0 rate1=512 rate2=512 prod1=512 prod2=512 dac_err=0 tx_drop=0 hb_ms=0 sma_state=6 m7_us=1895439998 m4_us=1893245602 vdd=5.067 offset=0.5000 aref=3.145 loop_us_avg=92 loop_us_max=5442 loop_hz=10869 cycle_log_ms=1 n_cycle=4 cc=1 cc_hz=1025 cc_i_tgt=0.1000 cc_u=0.5000 cc_r=4.9269 cc_tau_ms=7.00
[ 171.237] (s
[ 171.237] [A
[ 171.237] DC1] STATUS alarm(
[ 171.363] [STATUS] t_ms=1838211 hwm=5 cap=256 dropped=0 dropped_total=37154 crc_err=0 crc_err_total=0 rate1=512 rate2=512 prod1=512 prod2=512 dac_err=0 tx_drop=0 hb_ms=0 sma_state=6 m7_us=1896471629 m4_us=1894277247 vdd=5.067 offset=0.5000 aref=3.145 loop_us_avg=93 loop_us_max=5480 loop_hz=10752 cycle_log_ms=1 n_cycle=4 cc=1 cc_hz=1025 cc_i_tgt=0.1000 cc_u=0.5039 cc_r=4.8830 cc_tau_ms=7.00
[ 172.255] [ADC1] STAT
[ 172.255] US alarm(
[ 172.383] [STATUS] t_ms=1839211 hwm=5 cap=256 dropped=0 dropped_total=37154 crc_err=0 crc_err_total=0 rate1=512 rate2=512 prod1=512 prod2=512 dac_err=0 tx_drop=0 hb_ms=0 sma_state=6 m7_us=1897503284 m4_us=1895308920 vdd=5.067 offset=0.5000 aref=3.145 loop_us_avg=92 loop_us_max=5442 loop_hz=10869 cycle_log_ms=1 n_cycle=4 cc=1 cc_hz=1025 cc_i_tgt=0.1000 cc_u=0.5063 cc_r=4.9268 cc_tau_ms=7.00
[ 173.273] s)
[ 173.273] [A
[ 173.273] DC1] STATUS alarm(
[ 173.400] [STATUS] t_ms=1840211 hwm=5 cap=256 dropped=0 dropped_total=37154 crc_err=0 crc_err_total=0 rate1=512 rate2=512 prod1=512 prod2=512 dac_err=0 tx_drop=0 hb_ms=0 sma_state=6 m7_us=1898535268 m4_us=1896340642 vdd=5.067 offset=0.5000 aref=3.145 loop_us_avg=94 loop_us_max=5431 loop_hz=10638 cycle_log_ms=1 n_cycle=4 cc=1 cc_hz=1026 cc_i_tgt=0.1000 cc_u=0.5000 cc_r=4.8662 cc_tau_ms=7.00
[ 174.287] [ADC1] STATUS alarm(
[ 174.478] [STATUS] t_ms=1841211 hwm=6 cap=256 dropped=0 dropped_total=37154 crc_err=0 crc_err_total=0 rate1=512 rate2=512 prod1=512 prod2=512 dac_err=0 tx_drop=0 hb_ms=0 sma_state=6 m7_us=1899566727 m4_us=1897372370 vdd=5.067 offset=0.5000 aref=3.145 loop_us_avg=92 loop_us_max=5408 loop_hz=10869 cycle_log_ms=1 n_cycle=4 cc=1 cc_hz=1025 cc_i_tgt=0.1000 cc_u=0.5000 cc_r=4.8249 cc_tau_ms=7.00
[ 175.306] [ADC1] STATUS alarm(
[ 175.495] [STATUS] t_ms=1842211 hwm=5 cap=256 dropped=0 dropped_total=37154 crc_err=0 crc_err_total=0 rate1=512 rate2=512 prod1=512 prod2=512 dac_err=0 tx_drop=0 hb_ms=0 sma_state=6 m7_us=1900598763 m4_us=1898404104 vdd=5.067 offset=0.5000 aref=3.145 loop_us_avg=94 loop_us_max=5396 loop_hz=10638 cycle_log_ms=1 n_cycle=4 cc=1 cc_hz=1026 cc_i_tgt=0.1000 cc_u=0.5264 cc_r=4.8479 cc_tau_ms=7.00
[ 176.254] s): 0
[ 176.254] [ADC1
[ 176.254] ] STATUS alarm(
[ 176.510] [STATUS] t_ms=1843211 hwm=6 cap=256 dropped=0 dropped_total=37154 crc_err=0 crc_err_total=0 rate1=512 rate2=512 prod1=512 prod2=512 dac_err=0 tx_drop=0 hb_ms=0 sma_state=6 m7_us=1901630207 m4_us=1899435816 vdd=5.067 offset=0.5000 aref=3.145 loop_us_avg=93 loop_us_max=5428 loop_hz=10752 cycle_log_ms=1 n_cycle=4 cc=1 cc_hz=1025 cc_i_tgt=0.1000 cc_u=0.5000 cc_r=4.8845 cc_tau_ms=7.00
[ 177.271] ALM
[ 177.271] [ADC1] STATUS
[ 177.271] alarm
[ 177.525] [STATUS] t_ms=1844211 hwm=5 cap=256 dropped=0 dropped_total=37154 crc_err=0 crc_err_total=0 rate1=512 rate2=512 prod1=512 prod2=512 dac_err=0 tx_drop=0 hb_ms=0 sma_state=6 m7_us=1902661870 m4_us=1900467512 vdd=5.067 offset=0.5000 aref=3.145 loop_us_avg=94 loop_us_max=5456 loop_hz=10638 cycle_log_ms=1 n_cycle=4 cc=1 cc_hz=1025 cc_i_tgt=0.1000 cc_u=0.5000 cc_r=4.8802 cc_tau_ms=7.00
[ 178.287] (s): 0x
[ 178.287] [ADC1] STATUS alarm(
[ 178.605] [STATUS] t_ms=1845211 hwm=5 cap=256 dropped=0 dropped_total=37154 crc_err=0 crc_err_total=0 rate1=512 rate2=512 prod1=512 prod2=512 dac_err=0 tx_drop=0 hb_ms=0 sma_state=6 m7_us=1903693557 m4_us=1901499202 vdd=5.067 offset=0.5000 aref=3.145 loop_us_avg=92 loop_us_max=5433 loop_hz=10869 cycle_log_ms=1 n_cycle=4 cc=1 cc_hz=1025 cc_i_tgt=0.1000 cc_u=0.5000 cc_r=4.8527 cc_tau_ms=7.00
[ 179.301] s): 0xC9
[ 179.301] [ADC1]
[ 179.301] STATUS alarm(
[ 179.619] [STATUS] t_ms=1846211 hwm=5 cap=256 dropped=0 dropped_total=37154 crc_err=0 crc_err_total=0 rate1=512 rate2=512 prod1=512 prod2=512 dac_err=0 tx_drop=0 hb_ms=0 sma_state=6 m7_us=1904725262 m4_us=1902530907 vdd=5.067 offset=0.5000 aref=3.145 loop_us_avg=94 loop_us_max=5444 loop_hz=10638 cycle_log_ms=1 n_cycle=4 cc=1 cc_hz=1025 cc_i_tgt=0.1000 cc_u=0.5076 cc_r=4.8556 cc_tau_ms=7.00
[ 180.316] [ADC1] STATUS alarm(
[ 180.633] [STATUS] t_ms=1847211 hwm=5 cap=256 dropped=0 dropped_total=37154 crc_err=0 crc_err_total=0 rate1=512 rate2=512 prod1=512 prod2=512 dac_err=0 tx_drop=0 hb_ms=0 sma_state=6 m7_us=1905757271 m4_us=1903562636 vdd=5.067 offset=0.5000 aref=3.145 loop_us_avg=93 loop_us_max=5398 loop_hz=10752 cycle_log_ms=1 n_cycle=4 cc=1 cc_hz=1026 cc_i_tgt=0.1000 cc_u=0.5000 cc_r=4.8626 cc_tau_ms=7.00
[ 181.330] _ALM
[ 181.330] [ADC1] STATUS alarm(
[ 181.647] [STATUS] t_ms=1848211 hwm=6 cap=256 dropped=0 dropped_total=37154 crc_err=0 crc_err_total=0 rate1=512 rate2=512 prod1=512 prod2=512 dac_err=0 tx_drop=0 hb_ms=0 sma_state=6 m7_us=1906789016 m4_us=1904594348 vdd=5.067 offset=0.5000 aref=3.145 loop_us_avg=93 loop_us_max=5457 loop_hz=10752 cycle_log_ms=1 n_cycle=4 cc=1 cc_hz=1025 cc_i_tgt=0.1000 cc_u=0.5000 cc_r=4.9177 cc_tau_ms=7.00
[ 182.344] _ALM
[ 182.344] [ADC1] STATU
[ 182.344] S alarm(
[ 182.727] [STATUS] t_ms=1849211 hwm=6 cap=256 dropped=0 dropped_total=37154 crc_err=0 crc_err_total=0 rate1=512 rate2=512 prod1=512 prod2=512 dac_err=0 tx_drop=0 hb_ms=0 sma_state=6 m7_us=1907820395 m4_us=1905626040 vdd=5.067 offset=0.5000 aref=3.145 loop_us_avg=93 loop_us_max=5744 loop_hz=10752 cycle_log_ms=1 n_cycle=4 cc=1 cc_hz=1025 cc_i_tgt=0.1000 cc_u=0.5000 cc_r=4.8703 cc_tau_ms=7.00
[ 183.355] [ADC1] STATUS alarm
