[   0.064] [SMA] ARMED (MOSFET on); idle=0.500 V
[   0.065] M
[   0.065] [ADC1] S
[   0.065] TATUS alarm(s):
[   0.065] PGAH_AL
[   0.065] [STATUS] t_ms=3295196 hwm=5 cap=256 dropped=0 dropped_total=51214 crc_err=0 crc_err_total=0 rate1=512 rate2=512 prod1=512 prod2=512 dac_err=0 tx_drop=377 hb_ms=0 sma_state=0 m7_us=3400929627 m4_us=3398735289 vdd=5.067 offset=0.5000 aref=3.145 loop_us_avg=21 loop_us_max=4716 loop_hz=47619 cycle_log_ms=1 n_cycle=4 cc=0 cc_hz=0 cc_i_tgt=0.9500 cc_u=3.4855 cc_r=3.7386 cc_tau_ms=7.00
[   1.000] M
[   1.000] [A
[   1.000] DC1] STATUS ala
[   1.000] rm(s): 0x4D PG
[   1.000] AL_ALM PGAH_AL
[   1.063] [STATUS] t_ms=3296196 hwm=5 cap=256 dropped=0 dropped_total=51214 crc_err=0 crc_err_total=0 rate1=512 rate2=512 prod1=512 prod2=512 dac_err=0 tx_drop=377 hb_ms=0 sma_state=0 m7_us=3401962588 m4_us=3399767382 vdd=5.067 offset=0.5000 aref=3.145 loop_us_avg=22 loop_us_max=4689 loop_hz=45454 cycle_log_ms=1 n_cycle=4 cc=0 cc_hz=0 cc_i_tgt=0.9500 cc_u=3.4855 cc_r=3.7386 cc_tau_ms=7.00
[   2.001] M
[   2.001] [
[   2.001] ADC1] STATUS a
[   2.001] larm(s): 0x4D PG
[   2.001] AL_AL
[   0.061] [SMA] [CC] start i_high=250.0mA i_low=0.0mA t_high=300 t_idle=30000 n=6 (0=cont) tau_ms=7.0 wdt_ms=5000
[   0.061] [STATUS] t_ms=3297196 hwm=5 cap=256 dropped=0 dropped_total=51214 crc_err=0 crc_err_total=0 rate1=512 rate2=512 prod1=512 prod2=512 dac_err=0 tx_drop=377 hb_ms=0 sma_state=7 m7_us=3402994688 m4_us=3400799478 vdd=5.067 offset=0.5000 aref=3.145 loop_us_avg=22 loop_us_max=5538 loop_hz=45454 cycle_log_ms=1 n_cycle=4 cc=0 cc_hz=0 cc_i_tgt=0.9500 cc_u=0.0000 cc_r=0.0000 cc_tau_ms=7.00
[   0.123] [SMA] [CC] seed R=4.088 ohm  I=122.3 mA  u=0.500 V  n=98
[   0.123] [SMA] [ACT] heat n=1/6 I=250.0mA ms=300
[   0.437] [SMA] [ACT] cool n=1/6 I=0.0mA ms=30000
[   0.999] M PGAH_
[   0.999] ALM
[   0.999] [ADC1] STATU
[   0.999] S alarm(s): 0x
[   1.123] [STATUS] t_ms=3298196 hwm=6 cap=256 dropped=0 dropped_total=51214 crc_err=0 crc_err_total=0 rate1=512 rate2=512 prod1=512 prod2=512 dac_err=0 tx_drop=377 hb_ms=0 sma_state=6 m7_us=3404026746 m4_us=3401831545 vdd=5.067 offset=0.5000 aref=3.145 loop_us_avg=41 loop_us_max=5785 loop_hz=24390 cycle_log_ms=1 n_cycle=4 cc=0 cc_hz=308 cc_i_tgt=0.2500 cc_u=0.9131 cc_r=3.7183 cc_tau_ms=7.00
[   1.999] ALM
[   1.999] [ADC1] STATUS alarm(s): 0
[   2.123] [STATUS] t_ms=3299196 hwm=6 cap=256 dropped=0 dropped_total=51214 crc_err=0 crc_err_total=0 rate1=512 rate2=512 prod1=512 prod2=512 dac_err=0 tx_drop=377 hb_ms=0 sma_state=6 m7_us=3405058806 m4_us=3402863615 vdd=5.067 offset=0.5000 aref=3.145 loop_us_avg=33 loop_us_max=5803 loop_hz=30303 cycle_log_ms=1 n_cycle=4 cc=0 cc_hz=0 cc_i_tgt=0.2500 cc_u=0.9131 cc_r=3.7183 cc_tau_ms=7.00
[   2.994] x9
[   2.994] [ADC
[   2.994] 1] STATUS alarm(s): 0
[   3.182] [STATUS] t_ms=3300196 hwm=6 cap=256 dropped=0 dropped_total=51214 crc_err=0 crc_err_total=0 rate1=512 rate2=512 prod1=512 prod2=512 dac_err=0 tx_drop=377 hb_ms=0 sma_state=6 m7_us=3406090929 m4_us=3403895711 vdd=5.067 offset=0.5000 aref=3.145 loop_us_avg=33 loop_us_max=5787 loop_hz=30303 cycle_log_ms=1 n_cycle=4 cc=0 cc_hz=0 cc_i_tgt=0.2500 cc_u=0.9131 cc_r=3.7183 cc_tau_ms=7.00
[   3.994] x9 P
[   3.994] GAL_ALM
[   3.994] [ADC1]
[   3.994] STATUS alarm(s):
[   3.994] 0
[   4.183] [STATUS] t_ms=3301196 hwm=6 cap=256 dropped=0 dropped_total=51214 crc_err=0 crc_err_total=0 rate1=512 rate2=512 prod1=512 prod2=512 dac_err=0 tx_drop=377 hb_ms=0 sma_state=6 m7_us=3407122965 m4_us=3404927807 vdd=5.067 offset=0.5000 aref=3.145 loop_us_avg=33 loop_us_max=6027 loop_hz=30303 cycle_log_ms=1 n_cycle=4 cc=0 cc_hz=0 cc_i_tgt=0.2500 cc_u=0.9131 cc_r=3.7183 cc_tau_ms=7.00
[   4.998] x9
[   4.998] [ADC1] S
[   4.998] TATUS alarm(s): 0
[   5.248] [STATUS] t_ms=3302196 hwm=6 cap=256 dropped=0 dropped_total=51214 crc_err=0 crc_err_total=0 rate1=512 rate2=512 prod1=512 prod2=512 dac_err=0 tx_drop=377 hb_ms=0 sma_state=6 m7_us=3408155032 m4_us=3405959862 vdd=5.067 offset=0.5000 aref=3.145 loop_us_avg=34 loop_us_max=5788 loop_hz=29411 cycle_log_ms=1 n_cycle=4 cc=0 cc_hz=0 cc_i_tgt=0.2500 cc_u=0.9131 cc_r=3.7183 cc_tau_ms=7.00
[   6.002] [ADC1] STATUS alarm(s): 0x
[   6.253] [STATUS] t_ms=3303196 hwm=6 cap=256 dropped=0 dropped_total=51214 crc_err=0 crc_err_total=0 rate1=512 rate2=512 prod1=512 prod2=512 dac_err=0 tx_drop=377 hb_ms=0 sma_state=6 m7_us=3409187137 m4_us=3406991945 vdd=5.067 offset=0.5000 aref=3.145 loop_us_avg=33 loop_us_max=5980 loop_hz=30303 cycle_log_ms=1 n_cycle=4 cc=0 cc_hz=0 cc_i_tgt=0.2500 cc_u=0.9131 cc_r=3.7183 cc_tau_ms=7.00
[   7.011] 9 PG
[   7.011] AL_ALM
[   7.011] [ADC1] STATUS alarm(s): 0x8
[   7.324] [STATUS] t_ms=3304196 hwm=6 cap=256 dropped=0 dropped_total=51214 crc_err=0 crc_err_total=0 rate1=512 rate2=512 prod1=512 prod2=512 dac_err=0 tx_drop=377 hb_ms=0 sma_state=6 m7_us=3410219234 m4_us=3408024063 vdd=5.067 offset=0.5000 aref=3.145 loop_us_avg=33 loop_us_max=5825 loop_hz=30303 cycle_log_ms=1 n_cycle=4 cc=0 cc_hz=0 cc_i_tgt=0.2500 cc_u=0.9131 cc_r=3.7183 cc_tau_ms=7.00
[   8.010] [ADC1] STATUS ala
[   8.010] rm(s): 0x8
[   8.319] [STATUS] t_ms=3305196 hwm=6 cap=256 dropped=0 dropped_total=51214 crc_err=0 crc_err_total=0 rate1=512 rate2=512 prod1=512 prod2=512 dac_err=0 tx_drop=377 hb_ms=0 sma_state=6 m7_us=3411251340 m4_us=3409056179 vdd=5.067 offset=0.5000 aref=3.145 loop_us_avg=33 loop_us_max=5939 loop_hz=30303 cycle_log_ms=1 n_cycle=4 cc=0 cc_hz=0 cc_i_tgt=0.2500 cc_u=0.9131 cc_r=3.7183 cc_tau_ms=7.00
[   9.071] 9
[   9.071] [ADC
[   9.071] 1] STATUS alarm(
[   9.071] s): 0x8
[   9.384] [STATUS] t_ms=3306196 hwm=6 cap=256 dropped=0 dropped_total=51214 crc_err=0 crc_err_total=0 rate1=512 rate2=512 prod1=512 prod2=512 dac_err=0 tx_drop=377 hb_ms=0 sma_state=6 m7_us=3412283456 m4_us=3410088271 vdd=5.067 offset=0.5000 aref=3.145 loop_us_avg=33 loop_us_max=5822 loop_hz=30303 cycle_log_ms=1 n_cycle=4 cc=0 cc_hz=0 cc_i_tgt=0.2500 cc_u=0.9131 cc_r=3.7183 cc_tau_ms=7.00
[  10.074] [ADC1] STATUS alarm(s): 0x8
[  10.387] [STATUS] t_ms=3307196 hwm=6 cap=256 dropped=0 dropped_total=51214 crc_err=0 crc_err_total=0 rate1=512 rate2=512 prod1=512 prod2=512 dac_err=0 tx_drop=377 hb_ms=0 sma_state=6 m7_us=3413315503 m4_us=3411120326 vdd=5.067 offset=0.5000 aref=3.145 loop_us_avg=33 loop_us_max=6004 loop_hz=30303 cycle_log_ms=1 n_cycle=4 cc=0 cc_hz=0 cc_i_tgt=0.2500 cc_u=0.9131 cc_r=3.7183 cc_tau_ms=7.00
[  11.073] [ADC1] STATUS alarm(s): 0x8
[  11.447] [STATUS] t_ms=3308196 hwm=6 cap=256 dropped=0 dropped_total=51214 crc_err=0 crc_err_total=0 rate1=512 rate2=512 prod1=512 prod2=512 dac_err=0 tx_drop=377 hb_ms=0 sma_state=6 m7_us=3414347517 m4_us=3412152351 vdd=5.067 offset=0.5000 aref=3.145 loop_us_avg=33 loop_us_max=5806 loop_hz=30303 cycle_log_ms=1 n_cycle=4 cc=0 cc_hz=0 cc_i_tgt=0.2500 cc_u=0.9131 cc_r=3.7183 cc_tau_ms=7.00
[  12.070] ALM
[  12.070] [ADC1] STATUS
[  12.070] alarm(s): 0xC
[  12.443] [STATUS] t_ms=3309196 hwm=6 cap=256 dropped=0 dropped_total=51214 crc_err=0 crc_err_total=0 rate1=512 rate2=512 prod1=512 prod2=512 dac_err=0 tx_drop=377 hb_ms=0 sma_state=6 m7_us=3415379627 m4_us=3413184431 vdd=5.067 offset=0.5000 aref=3.145 loop_us_avg=33 loop_us_max=5989 loop_hz=30303 cycle_log_ms=1 n_cycle=4 cc=0 cc_hz=0 cc_i_tgt=0.2500 cc_u=0.9131 cc_r=3.7183 cc_tau_ms=7.00
[  13.070] [ADC1] STATUS
[  13.070] alarm(s): 0xC
[  13.507] [STATUS] t_ms=3310196 hwm=6 cap=256 dropped=0 dropped_total=51214 crc_err=0 crc_err_total=0 rate1=512 rate2=512 prod1=512 prod2=512 dac_err=0 tx_drop=377 hb_ms=0 sma_state=6 m7_us=3416411683 m4_us=3414216473 vdd=5.067 offset=0.5000 aref=3.145 loop_us_avg=33 loop_us_max=5811 loop_hz=30303 cycle_log_ms=1 n_cycle=4 cc=0 cc_hz=0 cc_i_tgt=0.2500 cc_u=0.9131 cc_r=3.7183 cc_tau_ms=7.00
[  14.070] 9 PG
[  14.070] AL_ALM
[  14.070] [ADC1] ST
[  14.070] ATUS alarm(s): 0
[  14.070] xC
[  14.505] [STATUS] t_ms=3311196 hwm=6 cap=256 dropped=0 dropped_total=51214 crc_err=0 crc_err_total=0 rate1=512 rate2=512 prod1=512 prod2=512 dac_err=0 tx_drop=377 hb_ms=0 sma_state=6 m7_us=3417443699 m4_us=3415248502 vdd=5.067 offset=0.5000 aref=3.145 loop_us_avg=33 loop_us_max=5948 loop_hz=30303 cycle_log_ms=1 n_cycle=4 cc=0 cc_hz=0 cc_i_tgt=0.2500 cc_u=0.9131 cc_r=3.7183 cc_tau_ms=7.00
[  15.067] _ALM
[  15.067] [ADC1] STA
[  15.067] TUS alarm(s): 0xC
[  15.573] [STATUS] t_ms=3312196 hwm=6 cap=256 dropped=0 dropped_total=51214 crc_err=0 crc_err_total=0 rate1=512 rate2=512 prod1=512 prod2=512 dac_err=0 tx_drop=377 hb_ms=0 sma_state=6 m7_us=3418475799 m4_us=3416280569 vdd=5.067 offset=0.5000 aref=3.145 loop_us_avg=33 loop_us_max=5798 loop_hz=30303 cycle_log_ms=1 n_cycle=4 cc=0 cc_hz=0 cc_i_tgt=0.2500 cc_u=0.9131 cc_r=3.7183 cc_tau_ms=7.00
[  16.073] [ADC1] STATUS alarm(s): 0xC
[  16.573] [STATUS] t_ms=3313196 hwm=6 cap=256 dropped=0 dropped_total=51214 crc_err=0 crc_err_total=0 rate1=512 rate2=512 prod1=512 prod2=512 dac_err=0 tx_drop=377 hb_ms=0 sma_state=6 m7_us=3419507804 m4_us=3417312630 vdd=5.067 offset=0.5000 aref=3.145 loop_us_avg=33 loop_us_max=6033 loop_hz=30303 cycle_log_ms=1 n_cycle=4 cc=0 cc_hz=0 cc_i_tgt=0.2500 cc_u=0.9131 cc_r=3.7183 cc_tau_ms=7.00
[  17.135] [ADC1] STATUS alarm(s): 0xC
[  17.632] [STATUS] t_ms=3314196 hwm=6 cap=256 dropped=0 dropped_total=51214 crc_err=0 crc_err_total=0 rate1=512 rate2=512 prod1=512 prod2=512 dac_err=0 tx_drop=377 hb_ms=0 sma_state=6 m7_us=3420539914 m4_us=3418344713 vdd=5.067 offset=0.5000 aref=3.145 loop_us_avg=33 loop_us_max=5796 loop_hz=30303 cycle_log_ms=1 n_cycle=4 cc=0 cc_hz=0 cc_i_tgt=0.2500 cc_u=0.9131 cc_r=3.7183 cc_tau_ms=7.00
[  18.129] _ALM
[  18.129] [ADC1] STA
[  18.129] TUS alarm(s): 0x
[  18.692] [STATUS] t_ms=3315196 hwm=6 cap=256 dropped=0 dropped_total=51214 crc_err=0 crc_err_total=0 rate1=512 rate2=512 prod1=512 prod2=512 dac_err=0 tx_drop=377 hb_ms=0 sma_state=6 m7_us=3421572024 m4_us=3419376815 vdd=5.067 offset=0.5000 aref=3.145 loop_us_avg=34 loop_us_max=5970 loop_hz=29411 cycle_log_ms=1 n_cycle=4 cc=0 cc_hz=0 cc_i_tgt=0.2500 cc_u=0.9131 cc_r=3.7183 cc_tau_ms=7.00
[  19.129] C9
[  19.129] [ADC1
[  19.129] ] STATUS alarm(s)
[  19.129] : 0x
[  19.692] [STATUS] t_ms=3316196 hwm=6 cap=256 dropped=0 dropped_total=51214 crc_err=0 crc_err_total=0 rate1=512 rate2=512 prod1=512 prod2=512 dac_err=0 tx_drop=377 hb_ms=0 sma_state=6 m7_us=3422604075 m4_us=3420408911 vdd=5.067 offset=0.5000 aref=3.145 loop_us_avg=33 loop_us_max=5814 loop_hz=30303 cycle_log_ms=1 n_cycle=4 cc=0 cc_hz=0 cc_i_tgt=0.2500 cc_u=0.9131 cc_r=3.7183 cc_tau_ms=7.00
[  20.131] M
[  20.131] [ADC1] STATUS
[  20.131] alarm(s): 0x
[  20.697] [STATUS] t_ms=3317196 hwm=6 cap=256 dropped=0 dropped_total=51214 crc_err=0 crc_err_total=0 rate1=512 rate2=512 prod1=512 prod2=512 dac_err=0 tx_drop=377 hb_ms=0 sma_state=6 m7_us=3423636202 m4_us=3421441001 vdd=5.067 offset=0.5000 aref=3.145 loop_us_avg=33 loop_us_max=5914 loop_hz=30303 cycle_log_ms=1 n_cycle=4 cc=0 cc_hz=0 cc_i_tgt=0.2500 cc_u=0.9131 cc_r=3.7183 cc_tau_ms=7.00
[  21.135] [ADC1] STATUS al
[  21.135] arm(s): 0x
[  21.760] [STATUS] t_ms=3318196 hwm=6 cap=256 dropped=0 dropped_total=51214 crc_err=0 crc_err_total=0 rate1=512 rate2=512 prod1=512 prod2=512 dac_err=0 tx_drop=377 hb_ms=0 sma_state=6 m7_us=3424668247 m4_us=3422473081 vdd=5.067 offset=0.5000 aref=3.145 loop_us_avg=33 loop_us_max=5812 loop_hz=30303 cycle_log_ms=1 n_cycle=4 cc=0 cc_hz=0 cc_i_tgt=0.2500 cc_u=0.9131 cc_r=3.7183 cc_tau_ms=7.00
[  22.134] [ADC1] STATUS alarm(s): 0x
[  22.758] [STATUS] t_ms=3319196 hwm=6 cap=256 dropped=0 dropped_total=51214 crc_err=0 crc_err_total=0 rate1=512 rate2=512 prod1=512 prod2=512 dac_err=0 tx_drop=377 hb_ms=0 sma_state=6 m7_us=3425700304 m4_us=3423505135 vdd=5.067 offset=0.5000 aref=3.145 loop_us_avg=33 loop_us_max=5910 loop_hz=30303 cycle_log_ms=1 n_cycle=4 cc=0 cc_hz=0 cc_i_tgt=0.2500 cc_u=0.9131 cc_r=3.7183 cc_tau_ms=7.00
[  23.137] [ADC1] STATUS alarm(s): 0x
[  23.823] [STATUS] t_ms=3320196 hwm=6 cap=256 dropped=0 dropped_total=51214 crc_err=0 crc_err_total=0 rate1=512 rate2=512 prod1=512 prod2=512 dac_err=0 tx_drop=377 hb_ms=0 sma_state=6 m7_us=3426732357 m4_us=3424537161 vdd=5.067 offset=0.5000 aref=3.145 loop_us_avg=33 loop_us_max=5766 loop_hz=30303 cycle_log_ms=1 n_cycle=4 cc=0 cc_hz=0 cc_i_tgt=0.2500 cc_u=0.9131 cc_r=3.7183 cc_tau_ms=7.00
[  24.135] ALM
[  24.135] [ADC1] STATUS
[  24.135] alarm(s): 0x
[  24.884] [STATUS] t_ms=3321196 hwm=6 cap=256 dropped=0 dropped_total=51214 crc_err=0 crc_err_total=0 rate1=512 rate2=512 prod1=512 prod2=512 dac_err=0 tx_drop=377 hb_ms=0 sma_state=6 m7_us=3427764361 m4_us=3425569193 vdd=5.067 offset=0.5000 aref=3.145 loop_us_avg=33 loop_us_max=5961 loop_hz=30303 cycle_log_ms=1 n_cycle=4 cc=0 cc_hz=0 cc_i_tgt=0.2500 cc_u=0.9131 cc_r=3.7183 cc_tau_ms=7.00
[  25.198] ALM
[  25.198] [ADC1] STATU
[  25.198] S alarm(s): 0x
[  25.888] [STATUS] t_ms=3322196 hwm=6 cap=256 dropped=0 dropped_total=51214 crc_err=0 crc_err_total=0 rate1=512 rate2=512 prod1=512 prod2=512 dac_err=0 tx_drop=377 hb_ms=0 sma_state=6 m7_us=3428796546 m4_us=3426601273 vdd=5.067 offset=0.5000 aref=3.145 loop_us_avg=33 loop_us_max=5785 loop_hz=30303 cycle_log_ms=1 n_cycle=4 cc=0 cc_hz=0 cc_i_tgt=0.2500 cc_u=0.9131 cc_r=3.7183 cc_tau_ms=7.00
[  26.204] [ADC1] STATUS alarm(s): 0x
[  26.890] [STATUS] t_ms=3323196 hwm=6 cap=256 dropped=0 dropped_total=51214 crc_err=0 crc_err_total=0 rate1=512 rate2=513 prod1=512 prod2=513 dac_err=0 tx_drop=377 hb_ms=0 sma_state=6 m7_us=3429828624 m4_us=3427634362 vdd=5.067 offset=0.5000 aref=3.145 loop_us_avg=33 loop_us_max=6126 loop_hz=30303 cycle_log_ms=1 n_cycle=4 cc=0 cc_hz=0 cc_i_tgt=0.2500 cc_u=0.9131 cc_r=3.7183 cc_tau_ms=7.00
[  27.204] [ADC1] STATUS alarm(s): 0x
[  27.957] [STATUS] t_ms=3324196 hwm=5 cap=256 dropped=0 dropped_total=51214 crc_err=0 crc_err_total=0 rate1=512 rate2=511 prod1=512 prod2=511 dac_err=0 tx_drop=377 hb_ms=0 sma_state=6 m7_us=3430860592 m4_us=3428665401 vdd=5.067 offset=0.5000 aref=3.145 loop_us_avg=33 loop_us_max=5031 loop_hz=30303 cycle_log_ms=1 n_cycle=4 cc=0 cc_hz=0 cc_i_tgt=0.2500 cc_u=0.9131 cc_r=3.7183 cc_tau_ms=7.00
[  28.206] ALM
[  28.206] [ADC1] STATUS
[  28.206] alarm(s): 0x
[  28.956] [STATUS] t_ms=3325196 hwm=6 cap=256 dropped=0 dropped_total=51214 crc_err=0 crc_err_total=0 rate1=512 rate2=512 prod1=512 prod2=512 dac_err=0 tx_drop=377 hb_ms=0 sma_state=6 m7_us=3431892638 m4_us=3429697478 vdd=5.067 offset=0.5000 aref=3.145 loop_us_avg=33 loop_us_max=6059 loop_hz=30303 cycle_log_ms=1 n_cycle=4 cc=0 cc_hz=0 cc_i_tgt=0.2500 cc_u=0.9131 cc_r=3.7183 cc_tau_ms=7.00
[  29.204] ALM
[  29.204] [ADC1] STATUS
[  29.204] alarm(s): 0x
[  30.017] [STATUS] t_ms=3326196 hwm=6 cap=256 dropped=0 dropped_total=51214 crc_err=0 crc_err_total=0 rate1=512 rate2=512 prod1=512 prod2=512 dac_err=0 tx_drop=377 hb_ms=0 sma_state=6 m7_us=3432924769 m4_us=3430729561 vdd=5.067 offset=0.5000 aref=3.145 loop_us_avg=33 loop_us_max=5835 loop_hz=30303 cycle_log_ms=1 n_cycle=4 cc=0 cc_hz=0 cc_i_tgt=0.2500 cc_u=0.9131 cc_r=3.7183 cc_tau_ms=7.00
[  30.203] 49 PG
[  30.203] AL_ALM
[  30.203] [ADC1]
[  30.203] STATUS alarm(s):
[  30.203] 0x
[  31.020] [STATUS] t_ms=3327196 hwm=6 cap=256 dropped=0 dropped_total=51214 crc_err=0 crc_err_total=0 rate1=512 rate2=512 prod1=512 prod2=512 dac_err=0 tx_drop=377 hb_ms=0 sma_state=6 m7_us=3433956817 m4_us=3431761599 vdd=5.067 offset=0.5000 aref=3.145 loop_us_avg=33 loop_us_max=5963 loop_hz=30303 cycle_log_ms=1 n_cycle=4 cc=0 cc_hz=0 cc_i_tgt=0.2500 cc_u=0.9131 cc_r=3.7183 cc_tau_ms=7.00
[  31.210] ALM
[  31.210] [ADC1] STAT
[  31.210] US alarm(s): 0x
[  31.397] [SMA] [ACT] heat n=2/6 I=250.0mA ms=300
[  31.711] [SMA] [ACT] cool n=2/6 I=0.0mA ms=30000
[  32.083] [STATUS] t_ms=3328196 hwm=6 cap=256 dropped=0 dropped_total=51214 crc_err=0 crc_err_total=0 rate1=512 rate2=513 prod1=512 prod2=513 dac_err=0 tx_drop=377 hb_ms=0 sma_state=6 m7_us=3434988919 m4_us=3432794624 vdd=5.067 offset=0.5000 aref=3.145 loop_us_avg=41 loop_us_max=5824 loop_hz=24390 cycle_log_ms=1 n_cycle=4 cc=0 cc_hz=309 cc_i_tgt=0.2500 cc_u=0.9618 cc_r=3.7174 cc_tau_ms=7.00
[  32.206] [ADC1] STATUS alarm(s): 0x
[  33.138] [STATUS] t_ms=3329196 hwm=5 cap=256 dropped=0 dropped_total=51214 crc_err=0 crc_err_total=0 rate1=512 rate2=512 prod1=512 prod2=512 dac_err=0 tx_drop=377 hb_ms=0 sma_state=6 m7_us=3436020930 m4_us=3433826647 vdd=5.067 offset=0.5000 aref=3.145 loop_us_avg=33 loop_us_max=5167 loop_hz=30303 cycle_log_ms=1 n_cycle=4 cc=0 cc_hz=0 cc_i_tgt=0.2500 cc_u=0.9618 cc_r=3.7174 cc_tau_ms=7.00
[  33.263] 49 PGA
[  33.263] L_ALM
[  33.263] [ADC1] STATUS alarm(s): 0x
[  34.135] [STATUS] t_ms=3330196 hwm=5 cap=256 dropped=0 dropped_total=51214 crc_err=0 crc_err_total=0 rate1=512 rate2=511 prod1=512 prod2=511 dac_err=0 tx_drop=377 hb_ms=0 sma_state=6 m7_us=3437052840 m4_us=3434857676 vdd=5.067 offset=0.5000 aref=3.145 loop_us_avg=33 loop_us_max=5036 loop_hz=30303 cycle_log_ms=1 n_cycle=4 cc=0 cc_hz=0 cc_i_tgt=0.2500 cc_u=0.9618 cc_r=3.7174 cc_tau_ms=7.00
[  34.259] 49 PG
[  34.259] AL_ALM
[  34.259] [ADC1] ST
[  34.259] ATUS alarm(s):
[  34.259] 0x
[  35.195] [STATUS] t_ms=3331196 hwm=6 cap=256 dropped=0 dropped_total=51214 crc_err=0 crc_err_total=0 rate1=512 rate2=512 prod1=512 prod2=512 dac_err=0 tx_drop=377 hb_ms=0 sma_state=6 m7_us=3438084942 m4_us=3435889763 vdd=5.067 offset=0.5000 aref=3.145 loop_us_avg=33 loop_us_max=5965 loop_hz=30303 cycle_log_ms=1 n_cycle=4 cc=0 cc_hz=0 cc_i_tgt=0.2500 cc_u=0.9618 cc_r=3.7174 cc_tau_ms=7.00
[  35.258] 49 P
[  35.258] GAL_ALM
[  35.258] [ADC1] ST
[  35.258] ATUS alarm(s): 0
[  35.258] x
[  36.193] [STATUS] t_ms=3332196 hwm=6 cap=256 dropped=0 dropped_total=51214 crc_err=0 crc_err_total=0 rate1=512 rate2=512 prod1=512 prod2=512 dac_err=0 tx_drop=377 hb_ms=0 sma_state=6 m7_us=3439117047 m4_us=3436921833 vdd=5.067 offset=0.5000 aref=3.145 loop_us_avg=33 loop_us_max=5796 loop_hz=30303 cycle_log_ms=1 n_cycle=4 cc=0 cc_hz=0 cc_i_tgt=0.2500 cc_u=0.9618 cc_r=3.7174 cc_tau_ms=7.00
[  36.255] [ADC1] STATUS
[  36.255] alarm(s): 0x
[  37.257] [STATUS] t_ms=3333196 hwm=6 cap=256 dropped=0 dropped_total=51214 crc_err=0 crc_err_total=0 rate1=512 rate2=512 prod1=512 prod2=512 dac_err=0 tx_drop=377 hb_ms=0 sma_state=6 m7_us=3440149065 m4_us=3437953865 vdd=5.067 offset=0.5000 aref=3.145 loop_us_avg=34 loop_us_max=5981 loop_hz=29411 cycle_log_ms=1 n_cycle=4 cc=0 cc_hz=0 cc_i_tgt=0.2500 cc_u=0.9618 cc_r=3.7174 cc_tau_ms=7.00
[  37.257] [ADC1] STATUS a
[  37.257] larm(s): 0x
[  38.260] [STATUS] t_ms=3334196 hwm=6 cap=256 dropped=0 dropped_total=51214 crc_err=0 crc_err_total=0 rate1=512 rate2=512 prod1=512 prod2=512 dac_err=0 tx_drop=377 hb_ms=0 sma_state=6 m7_us=3441181117 m4_us=3438985910 vdd=5.067 offset=0.5000 aref=3.145 loop_us_avg=33 loop_us_max=5818 loop_hz=30303 cycle_log_ms=1 n_cycle=4 cc=0 cc_hz=0 cc_i_tgt=0.2500 cc_u=0.9618 cc_r=3.7174 cc_tau_ms=7.00
[  38.260] [ADC1] STATUS alarm(s): 0x
[  39.259] 49
[  39.259] [ADC1
[  39.259] ] STATUS alarm(s): 0x
[  39.322] [STATUS] t_ms=3335196 hwm=6 cap=256 dropped=0 dropped_total=51214 crc_err=0 crc_err_total=0 rate1=512 rate2=512 prod1=512 prod2=512 dac_err=0 tx_drop=377 hb_ms=0 sma_state=6 m7_us=3442213176 m4_us=3440017945 vdd=5.067 offset=0.5000 aref=3.145 loop_us_avg=33 loop_us_max=5941 loop_hz=30303 cycle_log_ms=1 n_cycle=4 cc=0 cc_hz=0 cc_i_tgt=0.2500 cc_u=0.9618 cc_r=3.7174 cc_tau_ms=7.00
[  40.258] 49 PGA
[  40.258] L_ALM
[  40.258] [ADC1] STA
[  40.258] TUS alarm(s): 0x
[  40.320] [STATUS] t_ms=3336196 hwm=6 cap=256 dropped=0 dropped_total=51214 crc_err=0 crc_err_total=0 rate1=512 rate2=513 prod1=512 prod2=513 dac_err=0 tx_drop=377 hb_ms=0 sma_state=6 m7_us=3443245278 m4_us=3441050980 vdd=5.067 offset=0.5000 aref=3.145 loop_us_avg=34 loop_us_max=6160 loop_hz=29411 cycle_log_ms=1 n_cycle=4 cc=0 cc_hz=0 cc_i_tgt=0.2500 cc_u=0.9618 cc_r=3.7174 cc_tau_ms=7.00
[  41.320] _ALM
[  41.320] [ADC1] STATU
[  41.320] S alarm(s): 0x
[  41.382] [STATUS] t_ms=3337196 hwm=5 cap=256 dropped=0 dropped_total=51214 crc_err=0 crc_err_total=0 rate1=512 rate2=512 prod1=512 prod2=512 dac_err=0 tx_drop=377 hb_ms=0 sma_state=6 m7_us=3444277285 m4_us=3442083018 vdd=5.067 offset=0.5000 aref=3.145 loop_us_avg=33 loop_us_max=5163 loop_hz=30303 cycle_log_ms=1 n_cycle=4 cc=0 cc_hz=0 cc_i_tgt=0.2500 cc_u=0.9618 cc_r=3.7174 cc_tau_ms=7.00
[  42.319] 49 P
[  42.319] GAL_ALM
[  42.319] [ADC1] S
[  42.319] TATUS alarm(s): 0x
[  42.381] [STATUS] t_ms=3338196 hwm=5 cap=256 dropped=0 dropped_total=51214 crc_err=0 crc_err_total=0 rate1=512 rate2=511 prod1=512 prod2=511 dac_err=0 tx_drop=377 hb_ms=0 sma_state=6 m7_us=3445309246 m4_us=3443114057 vdd=5.067 offset=0.5000 aref=3.145 loop_us_avg=33 loop_us_max=4971 loop_hz=30303 cycle_log_ms=1 n_cycle=4 cc=0 cc_hz=0 cc_i_tgt=0.2500 cc_u=0.9618 cc_r=3.7174 cc_tau_ms=7.00
[  43.322] [ADC1] STATUS alarm(s): 0x
[  43.448] [STATUS] t_ms=3339196 hwm=6 cap=256 dropped=0 dropped_total=51214 crc_err=0 crc_err_total=0 rate1=512 rate2=512 prod1=512 prod2=512 dac_err=0 tx_drop=377 hb_ms=0 sma_state=6 m7_us=3446341249 m4_us=3444146089 vdd=5.067 offset=0.5000 aref=3.145 loop_us_avg=33 loop_us_max=5949 loop_hz=30303 cycle_log_ms=1 n_cycle=4 cc=0 cc_hz=0 cc_i_tgt=0.2500 cc_u=0.9618 cc_r=3.7174 cc_tau_ms=7.00
[  44.318] [ADC1] STATUS alarm(s): 0x
[  44.442] [STATUS] t_ms=3340196 hwm=6 cap=256 dropped=0 dropped_total=51214 crc_err=0 crc_err_total=0 rate1=512 rate2=512 prod1=512 prod2=512 dac_err=0 tx_drop=377 hb_ms=0 sma_state=6 m7_us=3447373257 m4_us=3445178095 vdd=5.067 offset=0.5000 aref=3.145 loop_us_avg=34 loop_us_max=5779 loop_hz=29411 cycle_log_ms=1 n_cycle=4 cc=0 cc_hz=0 cc_i_tgt=0.2500 cc_u=0.9618 cc_r=3.7174 cc_tau_ms=7.00
[  45.322] 49
[  45.322] [ADC1]
[  45.322] STATUS alarm(s):
[  45.322] 0x
[  45.509] [STATUS] t_ms=3341196 hwm=6 cap=256 dropped=0 dropped_total=51214 crc_err=0 crc_err_total=0 rate1=512 rate2=512 prod1=512 prod2=512 dac_err=0 tx_drop=377 hb_ms=0 sma_state=6 m7_us=3448405327 m4_us=3446210159 vdd=5.067 offset=0.5000 aref=3.145 loop_us_avg=33 loop_us_max=5976 loop_hz=30303 cycle_log_ms=1 n_cycle=4 cc=0 cc_hz=0 cc_i_tgt=0.2500 cc_u=0.9618 cc_r=3.7174 cc_tau_ms=7.00
[  46.317] _ALM
[  46.317] [ADC1] STATU
[  46.317] S alarm(s): 0x
[  46.503] [STATUS] t_ms=3342196 hwm=6 cap=256 dropped=0 dropped_total=51214 crc_err=0 crc_err_total=0 rate1=512 rate2=512 prod1=512 prod2=512 dac_err=0 tx_drop=377 hb_ms=0 sma_state=6 m7_us=3449437480 m4_us=3447242239 vdd=5.067 offset=0.5000 aref=3.145 loop_us_avg=33 loop_us_max=5779 loop_hz=30303 cycle_log_ms=1 n_cycle=4 cc=0 cc_hz=0 cc_i_tgt=0.2500 cc_u=0.9618 cc_r=3.7174 cc_tau_ms=7.00
[  47.375] [ADC1] STATUS alarm(s): 0x
[  47.563] [STATUS] t_ms=3343196 hwm=6 cap=256 dropped=0 dropped_total=51214 crc_err=0 crc_err_total=0 rate1=512 rate2=512 prod1=512 prod2=512 dac_err=0 tx_drop=377 hb_ms=0 sma_state=6 m7_us=3450469489 m4_us=3448274294 vdd=5.067 offset=0.5000 aref=3.145 loop_us_avg=33 loop_us_max=6057 loop_hz=30303 cycle_log_ms=1 n_cycle=4 cc=0 cc_hz=0 cc_i_tgt=0.2500 cc_u=0.9618 cc_r=3.7174 cc_tau_ms=7.00
[  48.375] 49
[  48.375] [ADC1
[  48.375] ] STATUS alarm(s
[  48.375] ): 0x
[  48.561] [STATUS] t_ms=3344196 hwm=6 cap=256 dropped=0 dropped_total=51214 crc_err=0 crc_err_total=0 rate1=512 rate2=512 prod1=512 prod2=512 dac_err=0 tx_drop=377 hb_ms=0 sma_state=6 m7_us=3451501548 m4_us=3449306361 vdd=5.067 offset=0.5000 aref=3.145 loop_us_avg=33 loop_us_max=5797 loop_hz=30303 cycle_log_ms=1 n_cycle=4 cc=0 cc_hz=0 cc_i_tgt=0.2500 cc_u=0.9618 cc_r=3.7174 cc_tau_ms=7.00
[  49.374] [ADC1] STATUS alarm(s): 0x
[  49.624] [STATUS] t_ms=3345196 hwm=6 cap=256 dropped=0 dropped_total=51214 crc_err=0 crc_err_total=0 rate1=512 rate2=512 prod1=512 prod2=512 dac_err=0 tx_drop=377 hb_ms=0 sma_state=6 m7_us=3452533646 m4_us=3450338444 vdd=5.067 offset=0.5000 aref=3.145 loop_us_avg=33 loop_us_max=5933 loop_hz=30303 cycle_log_ms=1 n_cycle=4 cc=0 cc_hz=0 cc_i_tgt=0.2500 cc_u=0.9618 cc_r=3.7174 cc_tau_ms=7.00
[  50.374] 49
[  50.374] [ADC1] S
[  50.374] TATUS alarm(s): 0x
[  50.686] [STATUS] t_ms=3346196 hwm=6 cap=256 dropped=0 dropped_total=51214 crc_err=0 crc_err_total=0 rate1=512 rate2=512 prod1=512 prod2=512 dac_err=0 tx_drop=377 hb_ms=0 sma_state=6 m7_us=3453565701 m4_us=3451370540 vdd=5.067 offset=0.5000 aref=3.145 loop_us_avg=33 loop_us_max=5858 loop_hz=30303 cycle_log_ms=1 n_cycle=4 cc=0 cc_hz=0 cc_i_tgt=0.2500 cc_u=0.9618 cc_r=3.7174 cc_tau_ms=7.00
[  51.374] ALM
[  51.374] [ADC1] STATUS
[  51.374] alarm(s): 0x
[  51.684] [STATUS] t_ms=3347196 hwm=6 cap=256 dropped=0 dropped_total=51214 crc_err=0 crc_err_total=0 rate1=512 rate2=512 prod1=512 prod2=512 dac_err=0 tx_drop=377 hb_ms=0 sma_state=6 m7_us=3454597813 m4_us=3452402617 vdd=5.067 offset=0.5000 aref=3.145 loop_us_avg=33 loop_us_max=6037 loop_hz=30303 cycle_log_ms=1 n_cycle=4 cc=0 cc_hz=0 cc_i_tgt=0.2500 cc_u=0.9618 cc_r=3.7174 cc_tau_ms=7.00
[  52.376] 49
[  52.376] [ADC1]
[  52.376] STATUS alarm(s)
[  52.376] : 0x
[  52.692] [STATUS] t_ms=3348196 hwm=6 cap=256 dropped=0 dropped_total=51214 crc_err=0 crc_err_total=0 rate1=512 rate2=512 prod1=512 prod2=512 dac_err=0 tx_drop=377 hb_ms=0 sma_state=6 m7_us=3455629924 m4_us=3453434713 vdd=5.067 offset=0.5000 aref=3.145 loop_us_avg=33 loop_us_max=5823 loop_hz=30303 cycle_log_ms=1 n_cycle=4 cc=0 cc_hz=0 cc_i_tgt=0.2500 cc_u=0.9618 cc_r=3.7174 cc_tau_ms=7.00
[  53.378] [ADC1] STATUS alarm(s): 0x
[  53.756] [STATUS] t_ms=3349196 hwm=6 cap=256 dropped=0 dropped_total=51214 crc_err=0 crc_err_total=0 rate1=512 rate2=512 prod1=512 prod2=512 dac_err=0 tx_drop=377 hb_ms=0 sma_state=6 m7_us=3456662032 m4_us=3454466812 vdd=5.067 offset=0.5000 aref=3.145 loop_us_avg=33 loop_us_max=5980 loop_hz=30303 cycle_log_ms=1 n_cycle=4 cc=0 cc_hz=0 cc_i_tgt=0.2500 cc_u=0.9618 cc_r=3.7174 cc_tau_ms=7.00
[  54.384] [ADC1] STATUS alarm(s): 0x
[  54.760] [STATUS] t_ms=3350196 hwm=6 cap=256 dropped=0 dropped_total=51214 crc_err=0 crc_err_total=0 rate1=512 rate2=512 prod1=512 prod2=512 dac_err=0 tx_drop=377 hb_ms=0 sma_state=6 m7_us=3457694142 m4_us=3455498934 vdd=5.067 offset=0.5000 aref=3.145 loop_us_avg=33 loop_us_max=5825 loop_hz=30303 cycle_log_ms=1 n_cycle=4 cc=0 cc_hz=0 cc_i_tgt=0.2500 cc_u=0.9618 cc_r=3.7174 cc_tau_ms=7.00
[  55.385] 49 P
[  55.385] GAL_ALM
[  55.385] [ADC1] S
[  55.385] TATUS alarm(s): 0x
[  55.822] [STATUS] t_ms=3351196 hwm=6 cap=256 dropped=0 dropped_total=51214 crc_err=0 crc_err_total=0 rate1=512 rate2=512 prod1=512 prod2=512 dac_err=0 tx_drop=377 hb_ms=0 sma_state=6 m7_us=3458726297 m4_us=3456531068 vdd=5.067 offset=0.5000 aref=3.145 loop_us_avg=33 loop_us_max=5958 loop_hz=30303 cycle_log_ms=1 n_cycle=4 cc=0 cc_hz=0 cc_i_tgt=0.2500 cc_u=0.9618 cc_r=3.7174 cc_tau_ms=7.00
[  56.386] 49 P
[  56.386] GAL_ALM
[  56.386] [ADC1]
[  56.386] STATUS alarm(s): 0x
[  56.827] [STATUS] t_ms=3352196 hwm=6 cap=256 dropped=0 dropped_total=51214 crc_err=0 crc_err_total=0 rate1=512 rate2=512 prod1=512 prod2=512 dac_err=0 tx_drop=377 hb_ms=0 sma_state=6 m7_us=3459758536 m4_us=3457563199 vdd=5.067 offset=0.5000 aref=3.145 loop_us_avg=33 loop_us_max=5850 loop_hz=30303 cycle_log_ms=1 n_cycle=4 cc=0 cc_hz=0 cc_i_tgt=0.2500 cc_u=0.9618 cc_r=3.7174 cc_tau_ms=7.00
[  57.452] ALM
[  57.452] [ADC1] STATU
[  57.452] S alarm(s): 0x
[  57.891] [STATUS] t_ms=3353196 hwm=6 cap=256 dropped=0 dropped_total=51214 crc_err=0 crc_err_total=0 rate1=512 rate2=512 prod1=512 prod2=512 dac_err=0 tx_drop=377 hb_ms=0 sma_state=6 m7_us=3460790452 m4_us=3458595289 vdd=5.067 offset=0.5000 aref=3.145 loop_us_avg=33 loop_us_max=5965 loop_hz=30303 cycle_log_ms=1 n_cycle=4 cc=0 cc_hz=0 cc_i_tgt=0.2500 cc_u=0.9618 cc_r=3.7174 cc_tau_ms=7.00
[  58.450] ALM
[  58.450] [ADC1] STATU
[  58.450] S alarm(s): 0x
[  58.890] [STATUS] t_ms=3354196 hwm=6 cap=256 dropped=0 dropped_total=51214 crc_err=0 crc_err_total=0 rate1=512 rate2=512 prod1=512 prod2=512 dac_err=0 tx_drop=377 hb_ms=0 sma_state=6 m7_us=3461822737 m4_us=3459627366 vdd=5.067 offset=0.5000 aref=3.145 loop_us_avg=33 loop_us_max=5782 loop_hz=30303 cycle_log_ms=1 n_cycle=4 cc=0 cc_hz=0 cc_i_tgt=0.2500 cc_u=0.9618 cc_r=3.7174 cc_tau_ms=7.00
[  59.453] [ADC1] STATUS alarm(s): 0x
[  59.951] [STATUS] t_ms=3355196 hwm=6 cap=256 dropped=0 dropped_total=51214 crc_err=0 crc_err_total=0 rate1=512 rate2=512 prod1=512 prod2=512 dac_err=0 tx_drop=377 hb_ms=0 sma_state=6 m7_us=3462854623 m4_us=3460659430 vdd=5.067 offset=0.5000 aref=3.145 loop_us_avg=33 loop_us_max=6017 loop_hz=30303 cycle_log_ms=1 n_cycle=4 cc=0 cc_hz=0 cc_i_tgt=0.2500 cc_u=0.9618 cc_r=3.7174 cc_tau_ms=7.00
[  60.450] [ADC1] STATUS alarm(s): 0x
[  60.951] [STATUS] t_ms=3356196 hwm=6 cap=256 dropped=0 dropped_total=51214 crc_err=0 crc_err_total=0 rate1=512 rate2=512 prod1=512 prod2=512 dac_err=0 tx_drop=377 hb_ms=0 sma_state=6 m7_us=3463886895 m4_us=3461691564 vdd=5.067 offset=0.5000 aref=3.145 loop_us_avg=33 loop_us_max=5801 loop_hz=30303 cycle_log_ms=1 n_cycle=4 cc=0 cc_hz=0 cc_i_tgt=0.2500 cc_u=0.9618 cc_r=3.7174 cc_tau_ms=7.00
[  61.451] 49 PG
[  61.451] AL_ALM
[  61.451] [ADC1] ST
[  61.451] ATUS alarm(s): 0x
[  62.014] [STATUS] t_ms=3357196 hwm=6 cap=256 dropped=0 dropped_total=51214 crc_err=0 crc_err_total=0 rate1=512 rate2=512 prod1=512 prod2=512 dac_err=0 tx_drop=377 hb_ms=0 sma_state=6 m7_us=3464918883 m4_us=3462723699 vdd=5.067 offset=0.5000 aref=3.145 loop_us_avg=33 loop_us_max=5929 loop_hz=30303 cycle_log_ms=1 n_cycle=4 cc=0 cc_hz=0 cc_i_tgt=0.2500 cc_u=0.9618 cc_r=3.7174 cc_tau_ms=7.00
[  62.450] [ADC1] STATUS
[  62.450] alarm(s): 0x
[  62.700] [SMA] [ACT] heat n=3/6 I=250.0mA ms=300
[  63.013] [SMA] [ACT] cool n=3/6 I=0.0mA ms=30000
[  63.013] [STATUS] t_ms=3358196 hwm=6 cap=256 dropped=0 dropped_total=51214 crc_err=0 crc_err_total=0 rate1=512 rate2=512 prod1=512 prod2=512 dac_err=0 tx_drop=377 hb_ms=0 sma_state=6 m7_us=3465951149 m4_us=3463755801 vdd=5.067 offset=0.5000 aref=3.145 loop_us_avg=42 loop_us_max=5814 loop_hz=23809 cycle_log_ms=1 n_cycle=4 cc=0 cc_hz=308 cc_i_tgt=0.2500 cc_u=0.9729 cc_r=3.8858 cc_tau_ms=7.00
[  63.451] [ADC1] STATUS
[  63.451] alarm(s): 0x
[  64.075] [STATUS] t_ms=3359196 hwm=6 cap=256 dropped=0 dropped_total=51214 crc_err=0 crc_err_total=0 rate1=512 rate2=512 prod1=512 prod2=512 dac_err=0 tx_drop=377 hb_ms=0 sma_state=6 m7_us=3466983108 m4_us=3464787907 vdd=5.067 offset=0.5000 aref=3.145 loop_us_avg=33 loop_us_max=5950 loop_hz=30303 cycle_log_ms=1 n_cycle=4 cc=0 cc_hz=0 cc_i_tgt=0.2500 cc_u=0.9729 cc_r=3.8858 cc_tau_ms=7.00
[  64.450] [ADC1] ST
[  64.450] ATUS alarm(s): 0x
[  65.135] [STATUS] t_ms=3360196 hwm=6 cap=256 dropped=0 dropped_total=51214 crc_err=0 crc_err_total=0 rate1=512 rate2=512 prod1=512 prod2=512 dac_err=0 tx_drop=377 hb_ms=0 sma_state=6 m7_us=3468015406 m4_us=3465819999 vdd=5.067 offset=0.5000 aref=3.145 loop_us_avg=33 loop_us_max=5821 loop_hz=30303 cycle_log_ms=1 n_cycle=4 cc=0 cc_hz=0 cc_i_tgt=0.2500 cc_u=0.9729 cc_r=3.8858 cc_tau_ms=7.00
[  65.510] 49
[  65.510] [ADC1]
[  65.510] STATUS alarm(s): 0x
[  66.136] [STATUS] t_ms=3361196 hwm=6 cap=256 dropped=0 dropped_total=51214 crc_err=0 crc_err_total=0 rate1=512 rate2=512 prod1=512 prod2=512 dac_err=0 tx_drop=377 hb_ms=0 sma_state=6 m7_us=3469047318 m4_us=3466852102 vdd=5.067 offset=0.5000 aref=3.145 loop_us_avg=33 loop_us_max=6044 loop_hz=30303 cycle_log_ms=1 n_cycle=4 cc=0 cc_hz=0 cc_i_tgt=0.2500 cc_u=0.9729 cc_r=3.8858 cc_tau_ms=7.00
[  66.514] ALM
[  66.514] [ADC1] STATUS alarm(s): 0x
[  67.139] [STATUS] t_ms=3362196 hwm=6 cap=256 dropped=0 dropped_total=51214 crc_err=0 crc_err_total=0 rate1=512 rate2=512 prod1=512 prod2=512 dac_err=0 tx_drop=377 hb_ms=0 sma_state=6 m7_us=3470079571 m4_us=3467884207 vdd=5.067 offset=0.5000 aref=3.145 loop_us_avg=33 loop_us_max=5818 loop_hz=30303 cycle_log_ms=1 n_cycle=4 cc=0 cc_hz=0 cc_i_tgt=0.2500 cc_u=0.9729 cc_r=3.8858 cc_tau_ms=7.00
[  67.515] 49 PG
[  67.515] AL_ALM
[  67.515] [ADC1] STAT
[  67.515] US alarm(s): 0x
[  68.203] [STATUS] t_ms=3363196 hwm=6 cap=256 dropped=0 dropped_total=51214 crc_err=0 crc_err_total=0 rate1=512 rate2=512 prod1=512 prod2=512 dac_err=0 tx_drop=377 hb_ms=0 sma_state=6 m7_us=3471111595 m4_us=3468916351 vdd=5.067 offset=0.5000 aref=3.145 loop_us_avg=33 loop_us_max=5971 loop_hz=30303 cycle_log_ms=1 n_cycle=4 cc=0 cc_hz=0 cc_i_tgt=0.2500 cc_u=0.9729 cc_r=3.8858 cc_tau_ms=7.00
[  68.517] 49 PG
[  68.517] AL_ALM
[  68.517] [ADC1] STAT
[  68.517] US alarm(s): 0
[  68.517] x
[  69.206] [STATUS] t_ms=3364196 hwm=6 cap=256 dropped=0 dropped_total=51214 crc_err=0 crc_err_total=0 rate1=512 rate2=512 prod1=512 prod2=512 dac_err=0 tx_drop=377 hb_ms=0 sma_state=6 m7_us=3472143737 m4_us=3469948463 vdd=5.067 offset=0.5000 aref=3.145 loop_us_avg=33 loop_us_max=5829 loop_hz=30303 cycle_log_ms=1 n_cycle=4 cc=0 cc_hz=0 cc_i_tgt=0.2500 cc_u=0.9729 cc_r=3.8858 cc_tau_ms=7.00
[  69.521] [ADC1] STA
[  69.521] TUS alarm(s): 0x
[  70.272] [STATUS] t_ms=3365196 hwm=6 cap=256 dropped=0 dropped_total=51214 crc_err=0 crc_err_total=0 rate1=512 rate2=512 prod1=512 prod2=512 dac_err=0 tx_drop=377 hb_ms=0 sma_state=6 m7_us=3473175790 m4_us=3470980607 vdd=5.067 offset=0.5000 aref=3.145 loop_us_avg=33 loop_us_max=5860 loop_hz=30303 cycle_log_ms=1 n_cycle=4 cc=0 cc_hz=0 cc_i_tgt=0.2500 cc_u=0.9729 cc_r=3.8858 cc_tau_ms=7.00
[  70.523] [ADC1] STATUS alarm(s): 0x
[  71.271] [STATUS] t_ms=3366196 hwm=6 cap=256 dropped=0 dropped_total=51214 crc_err=0 crc_err_total=0 rate1=512 rate2=512 prod1=512 prod2=512 dac_err=0 tx_drop=377 hb_ms=0 sma_state=6 m7_us=3474207903 m4_us=3472012729 vdd=5.067 offset=0.5000 aref=3.145 loop_us_avg=33 loop_us_max=5831 loop_hz=30303 cycle_log_ms=1 n_cycle=4 cc=0 cc_hz=0 cc_i_tgt=0.2500 cc_u=0.9729 cc_r=3.8858 cc_tau_ms=7.00
[  71.521] [ADC1] STATUS alarm(s): 0x
[  72.337] [STATUS] t_ms=3367196 hwm=6 cap=256 dropped=0 dropped_total=51214 crc_err=0 crc_err_total=0 rate1=512 rate2=512 prod1=512 prod2=512 dac_err=0 tx_drop=377 hb_ms=0 sma_state=6 m7_us=3475240051 m4_us=3473044822 vdd=5.067 offset=0.5000 aref=3.145 loop_us_avg=33 loop_us_max=5784 loop_hz=30303 cycle_log_ms=1 n_cycle=4 cc=0 cc_hz=0 cc_i_tgt=0.2500 cc_u=0.9729 cc_r=3.8858 cc_tau_ms=7.00
[  72.525] 49
[  72.525] [ADC1
[  72.525] ] STATUS alarm(s): 0
[  73.337] [STATUS] t_ms=3368196 hwm=6 cap=256 dropped=0 dropped_total=51214 crc_err=0 crc_err_total=0 rate1=512 rate2=512 prod1=512 prod2=512 dac_err=0 tx_drop=377 hb_ms=0 sma_state=6 m7_us=3476272084 m4_us=3474076911 vdd=5.067 offset=0.5000 aref=3.145 loop_us_avg=33 loop_us_max=5804 loop_hz=30303 cycle_log_ms=1 n_cycle=4 cc=0 cc_hz=0 cc_i_tgt=0.2500 cc_u=0.9729 cc_r=3.8858 cc_tau_ms=7.00
[  73.523] x49 PGA
[  73.523] L_ALM
[  73.523] [ADC1] ST
[  73.523] ATUS alarm(s): 0
[  74.400] [STATUS] t_ms=3369196 hwm=6 cap=256 dropped=0 dropped_total=51214 crc_err=0 crc_err_total=0 rate1=512 rate2=512 prod1=512 prod2=512 dac_err=0 tx_drop=377 hb_ms=0 sma_state=6 m7_us=3477304224 m4_us=3475109039 vdd=5.067 offset=0.5000 aref=3.145 loop_us_avg=33 loop_us_max=5767 loop_hz=30303 cycle_log_ms=1 n_cycle=4 cc=0 cc_hz=0 cc_i_tgt=0.2500 cc_u=0.9729 cc_r=3.8858 cc_tau_ms=7.00
[  74.587] [ADC1] STATUS alarm
[  74.587] (s): 0
[  75.398] [STATUS] t_ms=3370196 hwm=6 cap=256 dropped=0 dropped_total=51214 crc_err=0 crc_err_total=0 rate1=512 rate2=512 prod1=512 prod2=512 dac_err=0 tx_drop=377 hb_ms=0 sma_state=6 m7_us=3478336335 m4_us=3476141161 vdd=5.067 offset=0.5000 aref=3.145 loop_us_avg=33 loop_us_max=5947 loop_hz=30303 cycle_log_ms=1 n_cycle=4 cc=0 cc_hz=0 cc_i_tgt=0.2500 cc_u=0.9729 cc_r=3.8858 cc_tau_ms=7.00
[  75.588] [ADC1] STATUS alarm(s): 0
[  76.463] [STATUS] t_ms=3371196 hwm=6 cap=256 dropped=0 dropped_total=51214 crc_err=0 crc_err_total=0 rate1=512 rate2=512 prod1=512 prod2=512 dac_err=0 tx_drop=377 hb_ms=0 sma_state=6 m7_us=3479368443 m4_us=3477173263 vdd=5.067 offset=0.5000 aref=3.145 loop_us_avg=33 loop_us_max=5794 loop_hz=30303 cycle_log_ms=1 n_cycle=4 cc=0 cc_hz=0 cc_i_tgt=0.2500 cc_u=0.9729 cc_r=3.8858 cc_tau_ms=7.00
[  76.588] [ADC1] STATUS alarm(s): 0
[  77.461] [STATUS] t_ms=3372196 hwm=6 cap=256 dropped=0 dropped_total=51214 crc_err=0 crc_err_total=0 rate1=512 rate2=512 prod1=512 prod2=512 dac_err=0 tx_drop=377 hb_ms=0 sma_state=6 m7_us=3480400535 m4_us=3478205327 vdd=5.067 offset=0.5000 aref=3.145 loop_us_avg=33 loop_us_max=5799 loop_hz=30303 cycle_log_ms=1 n_cycle=4 cc=0 cc_hz=0 cc_i_tgt=0.2500 cc_u=0.9729 cc_r=3.8858 cc_tau_ms=7.00
[  77.586] x49 PG
[  77.586] AL_ALM
[  77.586] [ADC1] S
[  77.586] TATUS alarm(s): 0
[  78.521] [STATUS] t_ms=3373196 hwm=6 cap=256 dropped=0 dropped_total=51214 crc_err=0 crc_err_total=0 rate1=512 rate2=512 prod1=512 prod2=512 dac_err=0 tx_drop=377 hb_ms=0 sma_state=6 m7_us=3481432563 m4_us=3479237391 vdd=5.067 offset=0.5000 aref=3.145 loop_us_avg=34 loop_us_max=5794 loop_hz=29411 cycle_log_ms=1 n_cycle=4 cc=0 cc_hz=0 cc_i_tgt=0.2500 cc_u=0.9729 cc_r=3.8858 cc_tau_ms=7.00
[  78.583] x49 P
[  78.583] GAL_ALM
[  78.583] [ADC1]
[  78.583] STATUS alarm(s)
[  78.583] : 0
[  79.523] [STATUS] t_ms=3374196 hwm=6 cap=256 dropped=0 dropped_total=51214 crc_err=0 crc_err_total=0 rate1=512 rate2=512 prod1=512 prod2=512 dac_err=0 tx_drop=377 hb_ms=0 sma_state=6 m7_us=3482464661 m4_us=3480269471 vdd=5.067 offset=0.5000 aref=3.145 loop_us_avg=33 loop_us_max=5748 loop_hz=30303 cycle_log_ms=1 n_cycle=4 cc=0 cc_hz=0 cc_i_tgt=0.2500 cc_u=0.9729 cc_r=3.8858 cc_tau_ms=7.00
[  79.587] x49
[  79.587] [ADC1
[  79.587] ] STATUS alarm(s
[  79.587] ): 0
[  80.589] [STATUS] t_ms=3375196 hwm=6 cap=256 dropped=0 dropped_total=51214 crc_err=0 crc_err_total=0 rate1=512 rate2=512 prod1=512 prod2=512 dac_err=0 tx_drop=377 hb_ms=0 sma_state=6 m7_us=3483496723 m4_us=3481301510 vdd=5.067 offset=0.5000 aref=3.145 loop_us_avg=33 loop_us_max=5809 loop_hz=30303 cycle_log_ms=1 n_cycle=4 cc=0 cc_hz=0 cc_i_tgt=0.2500 cc_u=0.9729 cc_r=3.8858 cc_tau_ms=7.00
[  80.589] [ADC1] STATUS alarm(s): 0
[  81.591] [STATUS] t_ms=3376196 hwm=6 cap=256 dropped=0 dropped_total=51214 crc_err=0 crc_err_total=0 rate1=512 rate2=512 prod1=512 prod2=512 dac_err=0 tx_drop=377 hb_ms=0 sma_state=6 m7_us=3484528826 m4_us=3482333615 vdd=5.067 offset=0.5000 aref=3.145 loop_us_avg=33 loop_us_max=5819 loop_hz=30303 cycle_log_ms=1 n_cycle=4 cc=0 cc_hz=0 cc_i_tgt=0.2500 cc_u=0.9729 cc_r=3.8858 cc_tau_ms=7.00
[  81.591] [ADC1] STATUS alarm(s): 0
[  82.651] ALM
[  82.651] [ADC1] STATUS alarm(s): 0
[  82.651] [STATUS] t_ms=3377196 hwm=6 cap=256 dropped=0 dropped_total=51214 crc_err=0 crc_err_total=0 rate1=512 rate2=512 prod1=512 prod2=512 dac_err=0 tx_drop=377 hb_ms=0 sma_state=6 m7_us=3485560877 m4_us=3483365711 vdd=5.067 offset=0.5000 aref=3.145 loop_us_avg=33 loop_us_max=5814 loop_hz=30303 cycle_log_ms=1 n_cycle=4 cc=0 cc_hz=0 cc_i_tgt=0.2500 cc_u=0.9729 cc_r=3.8858 cc_tau_ms=7.00
[  83.651] x49
[  83.651] [ADC1
[  83.651] ] STATUS alarm(s): 0
[  83.651] [STATUS] t_ms=3378196 hwm=6 cap=256 dropped=0 dropped_total=51214 crc_err=0 crc_err_total=0 rate1=512 rate2=512 prod1=512 prod2=512 dac_err=0 tx_drop=377 hb_ms=0 sma_state=6 m7_us=3486592995 m4_us=3484397791 vdd=5.067 offset=0.5000 aref=3.145 loop_us_avg=33 loop_us_max=5830 loop_hz=30303 cycle_log_ms=1 n_cycle=4 cc=0 cc_hz=0 cc_i_tgt=0.2500 cc_u=0.9729 cc_r=3.8858 cc_tau_ms=7.00
[  84.649] ALM
[  84.649] [ADC1] STA
[  84.649] TUS alarm(s): 0
[  84.711] [STATUS] t_ms=3379196 hwm=6 cap=256 dropped=0 dropped_total=51214 crc_err=0 crc_err_total=0 rate1=512 rate2=512 prod1=512 prod2=512 dac_err=0 tx_drop=377 hb_ms=0 sma_state=6 m7_us=3487625138 m4_us=3485429903 vdd=5.067 offset=0.5000 aref=3.145 loop_us_avg=33 loop_us_max=5824 loop_hz=30303 cycle_log_ms=1 n_cycle=4 cc=0 cc_hz=0 cc_i_tgt=0.2500 cc_u=0.9729 cc_r=3.8858 cc_tau_ms=7.00
[  85.649] x49 P
[  85.649] GAL_ALM
[  85.649] [ADC1] STA
[  85.649] TUS alarm(s): 0
[  85.773] [STATUS] t_ms=3380196 hwm=6 cap=256 dropped=0 dropped_total=51214 crc_err=0 crc_err_total=0 rate1=512 rate2=512 prod1=512 prod2=512 dac_err=0 tx_drop=377 hb_ms=0 sma_state=6 m7_us=3488657213 m4_us=3486462006 vdd=5.067 offset=0.5000 aref=3.145 loop_us_avg=33 loop_us_max=5798 loop_hz=30303 cycle_log_ms=1 n_cycle=4 cc=0 cc_hz=0 cc_i_tgt=0.2500 cc_u=0.9729 cc_r=3.8858 cc_tau_ms=7.00
[  86.650] [ADC1] STATUS alarm(s): 0
[  86.774] [STATUS] t_ms=3381196 hwm=6 cap=256 dropped=0 dropped_total=51214 crc_err=0 crc_err_total=0 rate1=512 rate2=512 prod1=512 prod2=512 dac_err=0 tx_drop=377 hb_ms=0 sma_state=6 m7_us=3489689265 m4_us=3487494089 vdd=5.067 offset=0.5000 aref=3.145 loop_us_avg=33 loop_us_max=5868 loop_hz=30303 cycle_log_ms=1 n_cycle=4 cc=0 cc_hz=0 cc_i_tgt=0.2500 cc_u=0.9729 cc_r=3.8858 cc_tau_ms=7.00
[  87.650] [ADC1] STATUS alarm(s): 0
[  87.836] [STATUS] t_ms=3382196 hwm=6 cap=256 dropped=0 dropped_total=51214 crc_err=0 crc_err_total=0 rate1=512 rate2=512 prod1=512 prod2=512 dac_err=0 tx_drop=377 hb_ms=0 sma_state=6 m7_us=3490721373 m4_us=3488526159 vdd=5.067 offset=0.5000 aref=3.145 loop_us_avg=33 loop_us_max=5801 loop_hz=30303 cycle_log_ms=1 n_cycle=4 cc=0 cc_hz=0 cc_i_tgt=0.2500 cc_u=0.9729 cc_r=3.8858 cc_tau_ms=7.00
[  88.649] x49
[  88.649] [ADC1]
[  88.649] STATUS alarm(s): 0
[  88.837] [STATUS] t_ms=3383196 hwm=6 cap=256 dropped=0 dropped_total=51214 crc_err=0 crc_err_total=0 rate1=512 rate2=512 prod1=512 prod2=512 dac_err=0 tx_drop=377 hb_ms=0 sma_state=6 m7_us=3491753426 m4_us=3489558223 vdd=5.067 offset=0.5000 aref=3.145 loop_us_avg=33 loop_us_max=5811 loop_hz=30303 cycle_log_ms=1 n_cycle=4 cc=0 cc_hz=0 cc_i_tgt=0.2500 cc_u=0.9729 cc_r=3.8858 cc_tau_ms=7.00
[  89.651] M
[  89.651] [ADC1] STATUS
[  89.651] alarm(s): 0
[  89.901] [STATUS] t_ms=3384196 hwm=6 cap=256 dropped=0 dropped_total=51214 crc_err=0 crc_err_total=0 rate1=512 rate2=512 prod1=512 prod2=512 dac_err=0 tx_drop=377 hb_ms=0 sma_state=6 m7_us=3492785536 m4_us=3490590313 vdd=5.067 offset=0.5000 aref=3.145 loop_us_avg=33 loop_us_max=5814 loop_hz=30303 cycle_log_ms=1 n_cycle=4 cc=0 cc_hz=0 cc_i_tgt=0.2500 cc_u=0.9729 cc_r=3.8858 cc_tau_ms=7.00
[  90.710] x49 PGA
[  90.710] L_ALM
[  90.710] [ADC1] STAT
[  90.710] US alarm(s): 0
[  90.897] [STATUS] t_ms=3385196 hwm=6 cap=256 dropped=0 dropped_total=51214 crc_err=0 crc_err_total=0 rate1=512 rate2=512 prod1=512 prod2=512 dac_err=0 tx_drop=377 hb_ms=0 sma_state=6 m7_us=3493817585 m4_us=3491622425 vdd=5.067 offset=0.5000 aref=3.145 loop_us_avg=34 loop_us_max=5891 loop_hz=29411 cycle_log_ms=1 n_cycle=4 cc=0 cc_hz=0 cc_i_tgt=0.2500 cc_u=0.9729 cc_r=3.8858 cc_tau_ms=7.00
[  91.709] [ADC1] STATUS ala
[  91.709] rm(s): 0
[  91.958] [STATUS] t_ms=3386196 hwm=6 cap=256 dropped=0 dropped_total=51214 crc_err=0 crc_err_total=0 rate1=512 rate2=512 prod1=512 prod2=512 dac_err=0 tx_drop=377 hb_ms=0 sma_state=6 m7_us=3494849691 m4_us=3492654511 vdd=5.067 offset=0.5000 aref=3.145 loop_us_avg=34 loop_us_max=5773 loop_hz=29411 cycle_log_ms=1 n_cycle=4 cc=0 cc_hz=0 cc_i_tgt=0.2500 cc_u=0.9729 cc_r=3.8858 cc_tau_ms=7.00
[  92.708] [ADC1] STATUS alarm(s): 0
[  92.959] [STATUS] t_ms=3387196 hwm=6 cap=256 dropped=0 dropped_total=51214 crc_err=0 crc_err_total=0 rate1=512 rate2=512 prod1=512 prod2=512 dac_err=0 tx_drop=377 hb_ms=0 sma_state=6 m7_us=3495881810 m4_us=3493686611 vdd=5.067 offset=0.5000 aref=3.145 loop_us_avg=33 loop_us_max=5796 loop_hz=30303 cycle_log_ms=1 n_cycle=4 cc=0 cc_hz=0 cc_i_tgt=0.2500 cc_u=0.9729 cc_r=3.8858 cc_tau_ms=7.00
[  93.710] x49 PG
[  93.710] AL_ALM
[  93.710] [ADC1] S
[  93.710] TATUS alarm(s): 0
[  93.958] [SMA] [ACT] heat n=4/6 I=250.0mA ms=300
[  94.021] [STATUS] t_ms=3388197 hwm=6 cap=256 dropped=0 dropped_total=51214 crc_err=0 crc_err_total=0 rate1=511 rate2=512 prod1=511 prod2=512 dac_err=0 tx_drop=377 hb_ms=0 sma_state=5 m7_us=3496914116 m4_us=3494719706 vdd=5.067 offset=0.5000 aref=3.145 loop_us_avg=34 loop_us_max=5801 loop_hz=29411 cycle_log_ms=1 n_cycle=4 cc=1 cc_hz=41 cc_i_tgt=0.2500 cc_u=0.8997 cc_r=3.7320 cc_tau_ms=7.00
[  94.270] [SMA] [ACT] cool n=4/6 I=0.0mA ms=30000
[  94.709] x49
[  94.709] [ADC1] STATUS alarm(s): 0
[  95.019] [STATUS] t_ms=3389197 hwm=5 cap=256 dropped=0 dropped_total=51214 crc_err=0 crc_err_total=0 rate1=512 rate2=512 prod1=512 prod2=512 dac_err=0 tx_drop=377 hb_ms=0 sma_state=6 m7_us=3497946074 m4_us=3495751754 vdd=5.067 offset=0.5000 aref=3.145 loop_us_avg=41 loop_us_max=5371 loop_hz=24390 cycle_log_ms=1 n_cycle=4 cc=0 cc_hz=261 cc_i_tgt=0.2500 cc_u=0.9792 cc_r=3.8714 cc_tau_ms=7.00
[  95.708] x49 PGA
[  95.708] L_ALM
[  95.708] [ADC1] STA
[  95.708] TUS alarm(s): 0
[  96.085] [STATUS] t_ms=3390197 hwm=5 cap=256 dropped=0 dropped_total=51214 crc_err=0 crc_err_total=0 rate1=512 rate2=512 prod1=512 prod2=512 dac_err=0 tx_drop=377 hb_ms=0 sma_state=6 m7_us=3498978126 m4_us=3496783812 vdd=5.067 offset=0.5000 aref=3.145 loop_us_avg=33 loop_us_max=4904 loop_hz=30303 cycle_log_ms=1 n_cycle=4 cc=0 cc_hz=0 cc_i_tgt=0.2500 cc_u=0.9792 cc_r=3.8714 cc_tau_ms=7.00
[  96.706] [ADC1] STATUS alarm(s): 0
[  97.082] [STATUS] t_ms=3391197 hwm=5 cap=256 dropped=0 dropped_total=51214 crc_err=0 crc_err_total=0 rate1=512 rate2=512 prod1=512 prod2=512 dac_err=0 tx_drop=377 hb_ms=0 sma_state=6 m7_us=3500010233 m4_us=3497815888 vdd=5.067 offset=0.5000 aref=3.145 loop_us_avg=33 loop_us_max=4900 loop_hz=30303 cycle_log_ms=1 n_cycle=4 cc=0 cc_hz=0 cc_i_tgt=0.2500 cc_u=0.9792 cc_r=3.8714 cc_tau_ms=7.00
[  97.710] x4
[  97.710] [ADC1] STATUS alarm(s): 0
[  98.149] [STATUS] t_ms=3392197 hwm=5 cap=256 dropped=0 dropped_total=51214 crc_err=0 crc_err_total=0 rate1=512 rate2=512 prod1=512 prod2=512 dac_err=0 tx_drop=377 hb_ms=0 sma_state=6 m7_us=3501042345 m4_us=3498847972 vdd=5.067 offset=0.5000 aref=3.145 loop_us_avg=33 loop_us_max=4925 loop_hz=30303 cycle_log_ms=1 n_cycle=4 cc=0 cc_hz=0 cc_i_tgt=0.2500 cc_u=0.9792 cc_r=3.8714 cc_tau_ms=7.00
[  98.774] ALM
[  98.774] [ADC1] STAT
[  98.774] US alarm(s):
[  99.151] [STATUS] t_ms=3393197 hwm=5 cap=256 dropped=0 dropped_total=51214 crc_err=0 crc_err_total=0 rate1=512 rate2=512 prod1=512 prod2=512 dac_err=0 tx_drop=377 hb_ms=0 sma_state=6 m7_us=3502074645 m4_us=3499880064 vdd=5.067 offset=0.5000 aref=3.145 loop_us_avg=33 loop_us_max=4942 loop_hz=30303 cycle_log_ms=1 n_cycle=4 cc=0 cc_hz=0 cc_i_tgt=0.2500 cc_u=0.9792 cc_r=3.8714 cc_tau_ms=7.00
[  99.774] 0x49
[  99.774] [ADC
[  99.774] 1] STATUS alarm(s):
[ 100.212] [STATUS] t_ms=3394197 hwm=5 cap=256 dropped=0 dropped_total=51214 crc_err=0 crc_err_total=0 rate1=512 rate2=512 prod1=512 prod2=512 dac_err=0 tx_drop=377 hb_ms=0 sma_state=6 m7_us=3503106714 m4_us=3500912154 vdd=5.067 offset=0.5000 aref=3.145 loop_us_avg=34 loop_us_max=5010 loop_hz=29411 cycle_log_ms=1 n_cycle=4 cc=0 cc_hz=0 cc_i_tgt=0.2500 cc_u=0.9792 cc_r=3.8714 cc_tau_ms=7.00
[ 100.779] [ADC1] STATUS alarm(s):
[ 101.218] [STATUS] t_ms=3395197 hwm=5 cap=256 dropped=0 dropped_total=51214 crc_err=0 crc_err_total=0 rate1=512 rate2=512 prod1=512 prod2=512 dac_err=0 tx_drop=377 hb_ms=0 sma_state=6 m7_us=3504138766 m4_us=3501944234 vdd=5.067 offset=0.5000 aref=3.145 loop_us_avg=33 loop_us_max=4929 loop_hz=30303 cycle_log_ms=1 n_cycle=4 cc=0 cc_hz=0 cc_i_tgt=0.2500 cc_u=0.9792 cc_r=3.8714 cc_tau_ms=7.00
[ 101.779] 0
[ 101.779] [ADC1] STATUS alarm(s):
[ 102.278] [STATUS] t_ms=3396197 hwm=5 cap=256 dropped=0 dropped_total=51214 crc_err=0 crc_err_total=0 rate1=512 rate2=512 prod1=512 prod2=512 dac_err=0 tx_drop=377 hb_ms=0 sma_state=6 m7_us=3505170872 m4_us=3502976324 vdd=5.067 offset=0.5000 aref=3.145 loop_us_avg=34 loop_us_max=4929 loop_hz=29411 cycle_log_ms=1 n_cycle=4 cc=0 cc_hz=0 cc_i_tgt=0.2500 cc_u=0.9792 cc_r=3.8714 cc_tau_ms=7.00
[ 102.779] 0x9
[ 102.779] [ADC1
[ 102.779] ] STATUS alarm(s):
[ 103.283] [STATUS] t_ms=3397197 hwm=5 cap=256 dropped=0 dropped_total=51214 crc_err=0 crc_err_total=0 rate1=512 rate2=512 prod1=512 prod2=512 dac_err=0 tx_drop=377 hb_ms=0 sma_state=6 m7_us=3506202922 m4_us=3504008384 vdd=5.067 offset=0.5000 aref=3.145 loop_us_avg=33 loop_us_max=4930 loop_hz=30303 cycle_log_ms=1 n_cycle=4 cc=0 cc_hz=0 cc_i_tgt=0.2500 cc_u=0.9792 cc_r=3.8714 cc_tau_ms=7.00
[ 103.783] M
[ 103.783] [ADC1] STATUS
[ 103.783] alarm(s):
[ 104.348] [STATUS] t_ms=3398197 hwm=5 cap=256 dropped=0 dropped_total=51214 crc_err=0 crc_err_total=0 rate1=512 rate2=512 prod1=512 prod2=512 dac_err=0 tx_drop=377 hb_ms=0 sma_state=6 m7_us=3507235029 m4_us=3505040471 vdd=5.067 offset=0.5000 aref=3.145 loop_us_avg=34 loop_us_max=4943 loop_hz=29411 cycle_log_ms=1 n_cycle=4 cc=0 cc_hz=0 cc_i_tgt=0.2500 cc_u=0.9792 cc_r=3.8714 cc_tau_ms=7.00
[ 104.782] 0
[ 104.782] [ADC
[ 104.782] 1] STATUS alarm
[ 104.782] (s):
[ 105.340] [STATUS] t_ms=3399197 hwm=5 cap=256 dropped=0 dropped_total=51214 crc_err=0 crc_err_total=0 rate1=512 rate2=512 prod1=512 prod2=512 dac_err=0 tx_drop=377 hb_ms=0 sma_state=6 m7_us=3508267143 m4_us=3506072506 vdd=5.067 offset=0.5000 aref=3.145 loop_us_avg=33 loop_us_max=4996 loop_hz=30303 cycle_log_ms=1 n_cycle=4 cc=0 cc_hz=0 cc_i_tgt=0.2500 cc_u=0.9792 cc_r=3.8714 cc_tau_ms=7.00
[ 105.776] [ADC1] STATUS alarm(s):
[ 106.400] [STATUS] t_ms=3400197 hwm=5 cap=256 dropped=0 dropped_total=51214 crc_err=0 crc_err_total=0 rate1=512 rate2=512 prod1=512 prod2=512 dac_err=0 tx_drop=377 hb_ms=0 sma_state=6 m7_us=3509298903 m4_us=3507104576 vdd=5.067 offset=0.5000 aref=3.145 loop_us_avg=33 loop_us_max=5235 loop_hz=30303 cycle_log_ms=1 n_cycle=4 cc=0 cc_hz=0 cc_i_tgt=0.2500 cc_u=0.9792 cc_r=3.8714 cc_tau_ms=7.00
[ 106.836] [ADC1] S
[ 106.836] TATUS alarm(s):
[ 107.401] [STATUS] t_ms=3401197 hwm=5 cap=256 dropped=0 dropped_total=51214 crc_err=0 crc_err_total=0 rate1=512 rate2=512 prod1=512 prod2=512 dac_err=0 tx_drop=377 hb_ms=0 sma_state=6 m7_us=3510331002 m4_us=3508136637 vdd=5.067 offset=0.5000 aref=3.145 loop_us_avg=33 loop_us_max=4889 loop_hz=30303 cycle_log_ms=1 n_cycle=4 cc=0 cc_hz=0 cc_i_tgt=0.2500 cc_u=0.9792 cc_r=3.8714 cc_tau_ms=7.00
[ 107.839] 0x9 P
[ 107.839] GAL_ALM
[ 107.839] [ADC1]
[ 107.839] STATUS alarm(s):
[ 108.462] [STATUS] t_ms=3402197 hwm=5 cap=256 dropped=0 dropped_total=51214 crc_err=0 crc_err_total=0 rate1=512 rate2=512 prod1=512 prod2=512 dac_err=0 tx_drop=377 hb_ms=0 sma_state=6 m7_us=3511363208 m4_us=3509168682 vdd=5.067 offset=0.5000 aref=3.145 loop_us_avg=33 loop_us_max=5187 loop_hz=30303 cycle_log_ms=1 n_cycle=4 cc=0 cc_hz=0 cc_i_tgt=0.2500 cc_u=0.9792 cc_r=3.8714 cc_tau_ms=7.00
[ 108.836] 0x
[ 108.836] [ADC1]
[ 108.836] STATUS alarm(s
[ 108.836] ):
[ 109.460] [STATUS] t_ms=3403197 hwm=5 cap=256 dropped=0 dropped_total=51214 crc_err=0 crc_err_total=0 rate1=512 rate2=512 prod1=512 prod2=512 dac_err=0 tx_drop=377 hb_ms=0 sma_state=6 m7_us=3512395312 m4_us=3510200736 vdd=5.067 offset=0.5000 aref=3.145 loop_us_avg=34 loop_us_max=4925 loop_hz=29411 cycle_log_ms=1 n_cycle=4 cc=0 cc_hz=0 cc_i_tgt=0.2500 cc_u=0.9792 cc_r=3.8714 cc_tau_ms=7.00
[ 109.834] _ALM
[ 109.834] [ADC1] STA
[ 109.834] TUS alarm(s):
[ 110.520] [STATUS] t_ms=3404197 hwm=5 cap=256 dropped=0 dropped_total=51214 crc_err=0 crc_err_total=0 rate1=512 rate2=512 prod1=512 prod2=512 dac_err=0 tx_drop=377 hb_ms=0 sma_state=6 m7_us=3513427430 m4_us=3511232788 vdd=5.067 offset=0.5000 aref=3.145 loop_us_avg=33 loop_us_max=5059 loop_hz=30303 cycle_log_ms=1 n_cycle=4 cc=0 cc_hz=0 cc_i_tgt=0.2500 cc_u=0.9792 cc_r=3.8714 cc_tau_ms=7.00
[ 110.833] [ADC1] STATUS alarm(s):
[ 111.522] [STATUS] t_ms=3405197 hwm=5 cap=256 dropped=0 dropped_total=51214 crc_err=0 crc_err_total=0 rate1=512 rate2=512 prod1=512 prod2=512 dac_err=0 tx_drop=377 hb_ms=0 sma_state=6 m7_us=3514459439 m4_us=3512264864 vdd=5.067 offset=0.5000 aref=3.145 loop_us_avg=33 loop_us_max=4977 loop_hz=30303 cycle_log_ms=1 n_cycle=4 cc=0 cc_hz=0 cc_i_tgt=0.2500 cc_u=0.9792 cc_r=3.8714 cc_tau_ms=7.00
[ 111.835] 0x9
[ 111.835] [ADC1] STATUS alarm(s):
[ 112.581] [STATUS] t_ms=3406197 hwm=5 cap=256 dropped=0 dropped_total=51214 crc_err=0 crc_err_total=0 rate1=512 rate2=512 prod1=512 prod2=512 dac_err=0 tx_drop=377 hb_ms=0 sma_state=6 m7_us=3515491598 m4_us=3513296976 vdd=5.067 offset=0.5000 aref=3.145 loop_us_avg=33 loop_us_max=5139 loop_hz=30303 cycle_log_ms=1 n_cycle=4 cc=0 cc_hz=0 cc_i_tgt=0.2500 cc_u=0.9792 cc_r=3.8714 cc_tau_ms=7.00
[ 112.828] 0
[ 112.828] [ADC
[ 112.828] 1] STATUS alarm(s):
[ 113.642] [STATUS] t_ms=3407197 hwm=5 cap=256 dropped=0 dropped_total=51214 crc_err=0 crc_err_total=0 rate1=512 rate2=512 prod1=512 prod2=512 dac_err=0 tx_drop=377 hb_ms=0 sma_state=6 m7_us=3516523650 m4_us=3514329076 vdd=5.067 offset=0.5000 aref=3.145 loop_us_avg=34 loop_us_max=4976 loop_hz=29411 cycle_log_ms=1 n_cycle=4 cc=0 cc_hz=0 cc_i_tgt=0.2500 cc_u=0.9792 cc_r=3.8714 cc_tau_ms=7.00
[ 113.895] 0x9
[ 113.895] [ADC1]
[ 113.895] STATUS alarm(s):
[ 114.646] [STATUS] t_ms=3408197 hwm=5 cap=256 dropped=0 dropped_total=51214 crc_err=0 crc_err_total=0 rate1=512 rate2=512 prod1=512 prod2=512 dac_err=0 tx_drop=377 hb_ms=0 sma_state=6 m7_us=3517555409 m4_us=3515361088 vdd=5.067 offset=0.5000 aref=3.145 loop_us_avg=33 loop_us_max=5136 loop_hz=30303 cycle_log_ms=1 n_cycle=4 cc=0 cc_hz=0 cc_i_tgt=0.2500 cc_u=0.9792 cc_r=3.8714 cc_tau_ms=7.00
[ 114.896] M
[ 114.896] [ADC1] STATUS
[ 114.896] alarm(s):
[ 115.651] [STATUS] t_ms=3409197 hwm=9 cap=256 dropped=0 dropped_total=51214 crc_err=0 crc_err_total=0 rate1=512 rate2=512 prod1=512 prod2=512 dac_err=0 tx_drop=377 hb_ms=0 sma_state=6 m7_us=3518587515 m4_us=3516393120 vdd=5.067 offset=0.5000 aref=3.145 loop_us_avg=34 loop_us_max=9643 loop_hz=29411 cycle_log_ms=1 n_cycle=4 cc=0 cc_hz=0 cc_i_tgt=0.2500 cc_u=0.9792 cc_r=3.8714 cc_tau_ms=7.00
[ 115.899] 0x9 PG
[ 115.899] AL_ALM
[ 115.899] [ADC1] STAT
[ 115.899] US alarm(s):
[ 116.707] [STATUS] t_ms=3410197 hwm=5 cap=256 dropped=0 dropped_total=51214 crc_err=0 crc_err_total=0 rate1=512 rate2=512 prod1=512 prod2=512 dac_err=0 tx_drop=377 hb_ms=0 sma_state=6 m7_us=3519619671 m4_us=3517425127 vdd=5.067 offset=0.5000 aref=3.145 loop_us_avg=34 loop_us_max=5111 loop_hz=29411 cycle_log_ms=1 n_cycle=4 cc=0 cc_hz=0 cc_i_tgt=0.2500 cc_u=0.9792 cc_r=3.8714 cc_tau_ms=7.00
[ 116.896] [ADC1] STATUS alarm(s):
[ 117.769] [STATUS] t_ms=3411197 hwm=5 cap=256 dropped=0 dropped_total=51214 crc_err=0 crc_err_total=0 rate1=512 rate2=512 prod1=512 prod2=512 dac_err=0 tx_drop=377 hb_ms=0 sma_state=6 m7_us=3520651677 m4_us=3518457136 vdd=5.067 offset=0.5000 aref=3.145 loop_us_avg=33 loop_us_max=4935 loop_hz=30303 cycle_log_ms=1 n_cycle=4 cc=0 cc_hz=0 cc_i_tgt=0.2500 cc_u=0.9792 cc_r=3.8714 cc_tau_ms=7.00
[ 117.894] 0x9 P
[ 117.894] GAL_ALM
[ 117.894] [ADC1] ST
[ 117.894] ATUS alarm(s):
[ 118.769] [STATUS] t_ms=3412197 hwm=5 cap=256 dropped=0 dropped_total=51214 crc_err=0 crc_err_total=0 rate1=512 rate2=512 prod1=512 prod2=512 dac_err=0 tx_drop=377 hb_ms=0 sma_state=6 m7_us=3521683491 m4_us=3519489136 vdd=5.067 offset=0.5000 aref=3.145 loop_us_avg=33 loop_us_max=5146 loop_hz=30303 cycle_log_ms=1 n_cycle=4 cc=0 cc_hz=0 cc_i_tgt=0.2500 cc_u=0.9792 cc_r=3.8714 cc_tau_ms=7.00
[ 118.894] 0x9
[ 118.894] [ADC1] STATUS alarm(s):
[ 119.834] [STATUS] t_ms=3413197 hwm=5 cap=256 dropped=0 dropped_total=51214 crc_err=0 crc_err_total=0 rate1=512 rate2=512 prod1=512 prod2=512 dac_err=0 tx_drop=377 hb_ms=0 sma_state=6 m7_us=3522715692 m4_us=3520521143 vdd=5.067 offset=0.5000 aref=3.145 loop_us_avg=34 loop_us_max=4989 loop_hz=29411 cycle_log_ms=1 n_cycle=4 cc=0 cc_hz=0 cc_i_tgt=0.2500 cc_u=0.9792 cc_r=3.8714 cc_tau_ms=7.00
[ 119.897] 0x9 PGA
[ 119.897] L_ALM
[ 119.897] [ADC1] STA
[ 119.897] TUS alarm(s): 0
[ 120.839] [STATUS] t_ms=3414197 hwm=5 cap=256 dropped=0 dropped_total=51214 crc_err=0 crc_err_total=0 rate1=512 rate2=512 prod1=512 prod2=512 dac_err=0 tx_drop=377 hb_ms=0 sma_state=6 m7_us=3523747506 m4_us=3521553149 vdd=5.067 offset=0.5000 aref=3.145 loop_us_avg=33 loop_us_max=5192 loop_hz=30303 cycle_log_ms=1 n_cycle=4 cc=0 cc_hz=0 cc_i_tgt=0.2500 cc_u=0.9792 cc_r=3.8714 cc_tau_ms=7.00
[ 120.901] M
[ 120.901] [ADC1] STATU
[ 120.901] S alarm(s): 0
[ 121.843] [STATUS] t_ms=3415197 hwm=5 cap=256 dropped=0 dropped_total=51214 crc_err=0 crc_err_total=0 rate1=512 rate2=512 prod1=512 prod2=512 dac_err=0 tx_drop=377 hb_ms=0 sma_state=6 m7_us=3524779670 m4_us=3522585124 vdd=5.067 offset=0.5000 aref=3.145 loop_us_avg=33 loop_us_max=4941 loop_hz=30303 cycle_log_ms=1 n_cycle=4 cc=0 cc_hz=0 cc_i_tgt=0.2500 cc_u=0.9792 cc_r=3.8714 cc_tau_ms=7.00
[ 121.905] [ADC1] STATUS alarm(s): 0
[ 122.904] [STATUS] t_ms=3416197 hwm=5 cap=256 dropped=0 dropped_total=51214 crc_err=0 crc_err_total=0 rate1=512 rate2=512 prod1=512 prod2=512 dac_err=0 tx_drop=377 hb_ms=0 sma_state=6 m7_us=3525811821 m4_us=3523617146 vdd=5.067 offset=0.5000 aref=3.145 loop_us_avg=33 loop_us_max=5117 loop_hz=30303 cycle_log_ms=1 n_cycle=4 cc=0 cc_hz=0 cc_i_tgt=0.2500 cc_u=0.9792 cc_r=3.8714 cc_tau_ms=7.00
[ 122.904] x8
[ 122.904] [ADC
[ 122.904] 1] STATUS alarm(s): 0
[ 123.907] [STATUS] t_ms=3417197 hwm=5 cap=256 dropped=0 dropped_total=51214 crc_err=0 crc_err_total=0 rate1=512 rate2=512 prod1=512 prod2=512 dac_err=0 tx_drop=377 hb_ms=0 sma_state=6 m7_us=3526843822 m4_us=3524649159 vdd=5.067 offset=0.5000 aref=3.145 loop_us_avg=34 loop_us_max=4978 loop_hz=29411 cycle_log_ms=1 n_cycle=4 cc=0 cc_hz=0 cc_i_tgt=0.2500 cc_u=0.9792 cc_r=3.8714 cc_tau_ms=7.00
[ 123.969] xC9 PG
[ 123.969] AL_ALM
[ 123.969] [ADC1] S
[ 123.969] TATUS alarm(s):
[ 123.969] 0
[ 124.964] xC
[ 124.964] [ADC1
[ 124.964] ] STATUS alarm(s)
[ 124.964] : 0
[ 124.964] [STATUS] t_ms=3418197 hwm=5 cap=256 dropped=0 dropped_total=51214 crc_err=0 crc_err_total=0 rate1=512 rate2=512 prod1=512 prod2=512 dac_err=0 tx_drop=377 hb_ms=0 sma_state=6 m7_us=3527875481 m4_us=3525681152 vdd=5.067 offset=0.5000 aref=3.145 loop_us_avg=33 loop_us_max=5146 loop_hz=30303 cycle_log_ms=1 n_cycle=4 cc=0 cc_hz=0 cc_i_tgt=0.2500 cc_u=0.9792 cc_r=3.8714 cc_tau_ms=7.00
[ 125.213] [SMA] [ACT] heat n=5/6 I=250.0mA ms=300
[ 125.526] [SMA] [ACT] cool n=5/6 I=0.0mA ms=30000
[ 125.965] [ADC1] STATU
[ 125.965] S alarm(s): 0
[ 125.965] [STATUS] t_ms=3419197 hwm=5 cap=256 dropped=0 dropped_total=51214 crc_err=0 crc_err_total=0 rate1=512 rate2=512 prod1=512 prod2=512 dac_err=0 tx_drop=377 hb_ms=0 sma_state=6 m7_us=3528907745 m4_us=3526713172 vdd=5.067 offset=0.5000 aref=3.145 loop_us_avg=42 loop_us_max=4910 loop_hz=23809 cycle_log_ms=1 n_cycle=4 cc=0 cc_hz=309 cc_i_tgt=0.2500 cc_u=0.9635 cc_r=3.8729 cc_tau_ms=7.00
[ 126.963] [ADC1] STATUS alarm(s): 0
[ 127.025] [STATUS] t_ms=3420197 hwm=5 cap=256 dropped=0 dropped_total=51214 crc_err=0 crc_err_total=0 rate1=512 rate2=512 prod1=512 prod2=512 dac_err=0 tx_drop=377 hb_ms=0 sma_state=6 m7_us=3529939843 m4_us=3527745207 vdd=5.067 offset=0.5000 aref=3.145 loop_us_avg=34 loop_us_max=5076 loop_hz=29411 cycle_log_ms=1 n_cycle=4 cc=0 cc_hz=0 cc_i_tgt=0.2500 cc_u=0.9635 cc_r=3.8729 cc_tau_ms=7.00
[ 127.964] [ADC1] STATUS alarm(s): 0
[ 128.091] [STATUS] t_ms=3421197 hwm=5 cap=256 dropped=0 dropped_total=51214 crc_err=0 crc_err_total=0 rate1=512 rate2=512 prod1=512 prod2=512 dac_err=0 tx_drop=377 hb_ms=0 sma_state=6 m7_us=3530971858 m4_us=3528777293 vdd=5.067 offset=0.5000 aref=3.145 loop_us_avg=34 loop_us_max=5001 loop_hz=29411 cycle_log_ms=1 n_cycle=4 cc=0 cc_hz=0 cc_i_tgt=0.2500 cc_u=0.9635 cc_r=3.8729 cc_tau_ms=7.00
[ 128.965] _ALM
[ 128.965] [ADC1] STAT
[ 128.965] US alarm(s): 0
[ 129.090] [STATUS] t_ms=3422197 hwm=5 cap=256 dropped=0 dropped_total=51214 crc_err=0 crc_err_total=0 rate1=512 rate2=512 prod1=512 prod2=512 dac_err=0 tx_drop=377 hb_ms=0 sma_state=6 m7_us=3532003964 m4_us=3529809396 vdd=5.067 offset=0.5000 aref=3.145 loop_us_avg=33 loop_us_max=5143 loop_hz=30303 cycle_log_ms=1 n_cycle=4 cc=0 cc_hz=0 cc_i_tgt=0.2500 cc_u=0.9635 cc_r=3.8729 cc_tau_ms=7.00
[ 129.964] xC
[ 129.964] [ADC1]
[ 129.964] STATUS alarm(s):
[ 129.964] 0
[ 130.151] [STATUS] t_ms=3423197 hwm=5 cap=256 dropped=0 dropped_total=51214 crc_err=0 crc_err_total=0 rate1=512 rate2=512 prod1=512 prod2=512 dac_err=0 tx_drop=377 hb_ms=0 sma_state=6 m7_us=3533035971 m4_us=3530841453 vdd=5.067 offset=0.5000 aref=3.145 loop_us_avg=34 loop_us_max=4922 loop_hz=29411 cycle_log_ms=1 n_cycle=4 cc=0 cc_hz=0 cc_i_tgt=0.2500 cc_u=0.9635 cc_r=3.8729 cc_tau_ms=7.00
[ 131.023] M
[ 131.023] [ADC1] STATUS
[ 131.023] alarm(s): 0
[ 131.148] [STATUS] t_ms=3424197 hwm=5 cap=256 dropped=0 dropped_total=51214 crc_err=0 crc_err_total=0 rate1=512 rate2=512 prod1=512 prod2=512 dac_err=0 tx_drop=377 hb_ms=0 sma_state=6 m7_us=3534068078 m4_us=3531873530 vdd=5.067 offset=0.5000 aref=3.145 loop_us_avg=33 loop_us_max=5088 loop_hz=30303 cycle_log_ms=1 n_cycle=4 cc=0 cc_hz=0 cc_i_tgt=0.2500 cc_u=0.9635 cc_r=3.8729 cc_tau_ms=7.00
[ 132.026] ALM
[ 132.026] [ADC1] STATUS
[ 132.026] alarm(s): 0
[ 132.211] [STATUS] t_ms=3425197 hwm=5 cap=256 dropped=0 dropped_total=51214 crc_err=0 crc_err_total=0 rate1=512 rate2=512 prod1=512 prod2=512 dac_err=0 tx_drop=377 hb_ms=0 sma_state=6 m7_us=3535100183 m4_us=3532905620 vdd=5.067 offset=0.5000 aref=3.145 loop_us_avg=33 loop_us_max=4934 loop_hz=30303 cycle_log_ms=1 n_cycle=4 cc=0 cc_hz=0 cc_i_tgt=0.2500 cc_u=0.9635 cc_r=3.8729 cc_tau_ms=7.00
[ 133.024] xC9
[ 133.024] [ADC1] STATUS alarm(s): 0
[ 133.210] [STATUS] t_ms=3426197 hwm=5 cap=256 dropped=0 dropped_total=51214 crc_err=0 crc_err_total=0 rate1=512 rate2=512 prod1=512 prod2=512 dac_err=0 tx_drop=377 hb_ms=0 sma_state=6 m7_us=3536132343 m4_us=3533937719 vdd=5.067 offset=0.5000 aref=3.145 loop_us_avg=33 loop_us_max=5163 loop_hz=30303 cycle_log_ms=1 n_cycle=4 cc=0 cc_hz=0 cc_i_tgt=0.2500 cc_u=0.9635 cc_r=3.8729 cc_tau_ms=7.00
[ 134.024] xC
[ 134.024] [ADC1] STATUS alarm(s): 0
[ 134.275] [STATUS] t_ms=3427197 hwm=5 cap=256 dropped=0 dropped_total=51214 crc_err=0 crc_err_total=0 rate1=512 rate2=512 prod1=512 prod2=512 dac_err=0 tx_drop=377 hb_ms=0 sma_state=6 m7_us=3537164396 m4_us=3534969840 vdd=5.067 offset=0.5000 aref=3.145 loop_us_avg=33 loop_us_max=4957 loop_hz=30303 cycle_log_ms=1 n_cycle=4 cc=0 cc_hz=0 cc_i_tgt=0.2500 cc_u=0.9635 cc_r=3.8729 cc_tau_ms=7.00
[ 135.021] ALM
[ 135.021] [ADC1] STAT
[ 135.021] US alarm(s): 0
[ 135.271] [STATUS] t_ms=3428197 hwm=5 cap=256 dropped=0 dropped_total=51214 crc_err=0 crc_err_total=0 rate1=512 rate2=512 prod1=512 prod2=512 dac_err=0 tx_drop=377 hb_ms=0 sma_state=6 m7_us=3538196503 m4_us=3536001892 vdd=5.067 offset=0.5000 aref=3.145 loop_us_avg=33 loop_us_max=5163 loop_hz=30303 cycle_log_ms=1 n_cycle=4 cc=0 cc_hz=0 cc_i_tgt=0.2500 cc_u=0.9635 cc_r=3.8729 cc_tau_ms=7.00
[ 136.019] xC9 P
[ 136.019] GAL_ALM
[ 136.019] [ADC1] S
[ 136.019] TATUS alarm(s):
[ 136.019] 0
[ 136.333] [STATUS] t_ms=3429197 hwm=5 cap=256 dropped=0 dropped_total=51214 crc_err=0 crc_err_total=0 rate1=512 rate2=512 prod1=512 prod2=512 dac_err=0 tx_drop=377 hb_ms=0 sma_state=6 m7_us=3539228616 m4_us=3537033930 vdd=5.067 offset=0.5000 aref=3.145 loop_us_avg=33 loop_us_max=4971 loop_hz=30303 cycle_log_ms=1 n_cycle=4 cc=0 cc_hz=0 cc_i_tgt=0.2500 cc_u=0.9635 cc_r=3.8729 cc_tau_ms=7.00
[ 137.022] [ADC1] STATUS alarm(s): 0
[ 137.338] [STATUS] t_ms=3430197 hwm=5 cap=256 dropped=0 dropped_total=51214 crc_err=0 crc_err_total=0 rate1=512 rate2=512 prod1=512 prod2=512 dac_err=0 tx_drop=377 hb_ms=0 sma_state=6 m7_us=3540260324 m4_us=3538066000 vdd=5.067 offset=0.5000 aref=3.145 loop_us_avg=33 loop_us_max=5187 loop_hz=30303 cycle_log_ms=1 n_cycle=4 cc=0 cc_hz=0 cc_i_tgt=0.2500 cc_u=0.9635 cc_r=3.8729 cc_tau_ms=7.00
[ 138.025] ALM
[ 138.025] [ADC1] STAT
[ 138.025] US alarm(s): 0
[ 138.400] [STATUS] t_ms=3431197 hwm=5 cap=256 dropped=0 dropped_total=51214 crc_err=0 crc_err_total=0 rate1=512 rate2=512 prod1=512 prod2=512 dac_err=0 tx_drop=377 hb_ms=0 sma_state=6 m7_us=3541292581 m4_us=3539098016 vdd=5.067 offset=0.5000 aref=3.145 loop_us_avg=33 loop_us_max=4963 loop_hz=30303 cycle_log_ms=1 n_cycle=4 cc=0 cc_hz=0 cc_i_tgt=0.2500 cc_u=0.9635 cc_r=3.8729 cc_tau_ms=7.00
[ 139.084] xC
[ 139.084] [ADC1]
[ 139.084] STATUS alarm(s): 0
[ 139.396] [STATUS] t_ms=3432197 hwm=5 cap=256 dropped=0 dropped_total=51214 crc_err=0 crc_err_total=0 rate1=512 rate2=512 prod1=512 prod2=512 dac_err=0 tx_drop=377 hb_ms=0 sma_state=6 m7_us=3542324732 m4_us=3540130074 vdd=5.067 offset=0.5000 aref=3.145 loop_us_avg=33 loop_us_max=5179 loop_hz=30303 cycle_log_ms=1 n_cycle=4 cc=0 cc_hz=0 cc_i_tgt=0.2500 cc_u=0.9635 cc_r=3.8729 cc_tau_ms=7.00
[ 140.080] xC9
[ 140.080] [ADC1]
[ 140.080] STATUS alarm(s): 0
[ 140.455] [STATUS] t_ms=3433197 hwm=5 cap=256 dropped=0 dropped_total=51214 crc_err=0 crc_err_total=0 rate1=512 rate2=512 prod1=512 prod2=512 dac_err=0 tx_drop=377 hb_ms=0 sma_state=6 m7_us=3543356698 m4_us=3541162122 vdd=5.067 offset=0.5000 aref=3.145 loop_us_avg=33 loop_us_max=4954 loop_hz=30303 cycle_log_ms=1 n_cycle=4 cc=0 cc_hz=0 cc_i_tgt=0.2500 cc_u=0.9635 cc_r=3.8729 cc_tau_ms=7.00
[ 141.079] x
[ 141.079] [ADC1
[ 141.079] ] STATUS alarm(s)
[ 141.079] : 0
[ 141.455] [STATUS] t_ms=3434197 hwm=5 cap=256 dropped=0 dropped_total=51214 crc_err=0 crc_err_total=0 rate1=512 rate2=512 prod1=512 prod2=512 dac_err=0 tx_drop=377 hb_ms=0 sma_state=6 m7_us=3544388946 m4_us=3542194186 vdd=5.067 offset=0.5000 aref=3.145 loop_us_avg=33 loop_us_max=5157 loop_hz=30303 cycle_log_ms=1 n_cycle=4 cc=0 cc_hz=0 cc_i_tgt=0.2500 cc_u=0.9635 cc_r=3.8729 cc_tau_ms=7.00
[ 142.082] [ADC1] STATUS
[ 142.082] alarm(s): 0
[ 142.523] [STATUS] t_ms=3435197 hwm=5 cap=256 dropped=0 dropped_total=51214 crc_err=0 crc_err_total=0 rate1=512 rate2=512 prod1=512 prod2=512 dac_err=0 tx_drop=377 hb_ms=0 sma_state=6 m7_us=3545420555 m4_us=3543226218 vdd=5.067 offset=0.5000 aref=3.145 loop_us_avg=34 loop_us_max=5068 loop_hz=29411 cycle_log_ms=1 n_cycle=4 cc=0 cc_hz=0 cc_i_tgt=0.2500 cc_u=0.9635 cc_r=3.8729 cc_tau_ms=7.00
[ 143.085] M
[ 143.085] [ADC1] STATUS al
[ 143.085] arm(s): 0
[ 143.524] [STATUS] t_ms=3436197 hwm=5 cap=256 dropped=0 dropped_total=51214 crc_err=0 crc_err_total=0 rate1=512 rate2=512 prod1=512 prod2=512 dac_err=0 tx_drop=377 hb_ms=0 sma_state=6 m7_us=3546452861 m4_us=3544258282 vdd=5.067 offset=0.5000 aref=3.145 loop_us_avg=33 loop_us_max=5125 loop_hz=30303 cycle_log_ms=1 n_cycle=4 cc=0 cc_hz=0 cc_i_tgt=0.2500 cc_u=0.9635 cc_r=3.8729 cc_tau_ms=7.00
[ 144.085] [ADC1] STATUS alarm(s): 0
[ 144.585] [STATUS] t_ms=3437197 hwm=5 cap=256 dropped=0 dropped_total=51214 crc_err=0 crc_err_total=0 rate1=512 rate2=512 prod1=512 prod2=512 dac_err=0 tx_drop=377 hb_ms=0 sma_state=6 m7_us=3547484967 m4_us=3545290384 vdd=5.067 offset=0.5000 aref=3.145 loop_us_avg=33 loop_us_max=4987 loop_hz=30303 cycle_log_ms=1 n_cycle=4 cc=0 cc_hz=0 cc_i_tgt=0.2500 cc_u=0.9635 cc_r=3.8729 cc_tau_ms=7.00
[ 145.082] xC9
[ 145.082] [ADC1]
[ 145.082] STATUS alarm(s): 0
[ 145.582] [STATUS] t_ms=3438197 hwm=5 cap=256 dropped=0 dropped_total=51214 crc_err=0 crc_err_total=0 rate1=512 rate2=512 prod1=512 prod2=512 dac_err=0 tx_drop=377 hb_ms=0 sma_state=6 m7_us=3548516973 m4_us=3546322423 vdd=5.067 offset=0.5000 aref=3.145 loop_us_avg=33 loop_us_max=5034 loop_hz=30303 cycle_log_ms=1 n_cycle=4 cc=0 cc_hz=0 cc_i_tgt=0.2500 cc_u=0.9635 cc_r=3.8729 cc_tau_ms=7.00
[ 146.142] xC9
[ 146.142] [ADC1
[ 146.142] ] STATUS alarm(
[ 146.142] s): 0
[ 146.646] [STATUS] t_ms=3439197 hwm=5 cap=256 dropped=0 dropped_total=51214 crc_err=0 crc_err_total=0 rate1=512 rate2=512 prod1=512 prod2=512 dac_err=0 tx_drop=377 hb_ms=0 sma_state=6 m7_us=3549548987 m4_us=3547354448 vdd=5.067 offset=0.5000 aref=3.145 loop_us_avg=34 loop_us_max=4957 loop_hz=29411 cycle_log_ms=1 n_cycle=4 cc=0 cc_hz=0 cc_i_tgt=0.2500 cc_u=0.9635 cc_r=3.8729 cc_tau_ms=7.00
[ 147.147] ALM
[ 147.147] [ADC1] STATU
[ 147.147] S alarm(s): 0
[ 147.650] [STATUS] t_ms=3440197 hwm=5 cap=256 dropped=0 dropped_total=51214 crc_err=0 crc_err_total=0 rate1=512 rate2=512 prod1=512 prod2=512 dac_err=0 tx_drop=377 hb_ms=0 sma_state=6 m7_us=3550581037 m4_us=3548386506 vdd=5.067 offset=0.5000 aref=3.145 loop_us_avg=34 loop_us_max=4928 loop_hz=29411 cycle_log_ms=1 n_cycle=4 cc=0 cc_hz=0 cc_i_tgt=0.2500 cc_u=0.9635 cc_r=3.8729 cc_tau_ms=7.00
[ 148.145] [ADC1] STATUS a
[ 148.145] larm(s): 0
[ 148.710] [STATUS] t_ms=3441197 hwm=5 cap=256 dropped=0 dropped_total=51214 crc_err=0 crc_err_total=0 rate1=512 rate2=512 prod1=512 prod2=512 dac_err=0 tx_drop=377 hb_ms=0 sma_state=6 m7_us=3551613110 m4_us=3549418554 vdd=5.067 offset=0.5000 aref=3.145 loop_us_avg=33 loop_us_max=5028 loop_hz=30303 cycle_log_ms=1 n_cycle=4 cc=0 cc_hz=0 cc_i_tgt=0.2500 cc_u=0.9635 cc_r=3.8729 cc_tau_ms=7.00
[ 149.148] [ADC1] STATUS alarm(s): 0
[ 149.708] [STATUS] t_ms=3442197 hwm=5 cap=256 dropped=0 dropped_total=51214 crc_err=0 crc_err_total=0 rate1=512 rate2=512 prod1=512 prod2=512 dac_err=0 tx_drop=377 hb_ms=0 sma_state=6 m7_us=3552645109 m4_us=3550450567 vdd=5.067 offset=0.5000 aref=3.145 loop_us_avg=33 loop_us_max=4952 loop_hz=30303 cycle_log_ms=1 n_cycle=4 cc=0 cc_hz=0 cc_i_tgt=0.2500 cc_u=0.9635 cc_r=3.8729 cc_tau_ms=7.00
[ 150.146] [ADC1] STATUS alarm(s): 0
[ 150.779] [STATUS] t_ms=3443197 hwm=5 cap=256 dropped=0 dropped_total=51214 crc_err=0 crc_err_total=0 rate1=512 rate2=512 prod1=512 prod2=512 dac_err=0 tx_drop=377 hb_ms=0 sma_state=6 m7_us=3553677123 m4_us=3551482576 vdd=5.067 offset=0.5000 aref=3.145 loop_us_avg=34 loop_us_max=4945 loop_hz=29411 cycle_log_ms=1 n_cycle=4 cc=0 cc_hz=0 cc_i_tgt=0.2500 cc_u=0.9635 cc_r=3.8729 cc_tau_ms=7.00
[ 151.155] M
[ 151.155] [ADC1] STATUS
[ 151.155] alarm(s): 0
[ 151.781] [STATUS] t_ms=3444197 hwm=5 cap=256 dropped=0 dropped_total=51214 crc_err=0 crc_err_total=0 rate1=512 rate2=512 prod1=512 prod2=512 dac_err=0 tx_drop=377 hb_ms=0 sma_state=6 m7_us=3554709168 m4_us=3552514631 vdd=5.067 offset=0.5000 aref=3.145 loop_us_avg=34 loop_us_max=4933 loop_hz=29411 cycle_log_ms=1 n_cycle=4 cc=0 cc_hz=0 cc_i_tgt=0.2500 cc_u=0.9635 cc_r=3.8729 cc_tau_ms=7.00
[ 152.159] xC9
[ 152.159] [ADC1
[ 152.159] ] STATUS alarm(s
[ 152.159] ): 0
[ 152.847] [STATUS] t_ms=3445197 hwm=5 cap=256 dropped=0 dropped_total=51214 crc_err=0 crc_err_total=0 rate1=512 rate2=512 prod1=512 prod2=512 dac_err=0 tx_drop=377 hb_ms=0 sma_state=6 m7_us=3555741238 m4_us=3553546650 vdd=5.067 offset=0.5000 aref=3.145 loop_us_avg=33 loop_us_max=4926 loop_hz=30303 cycle_log_ms=1 n_cycle=4 cc=0 cc_hz=0 cc_i_tgt=0.2500 cc_u=0.9635 cc_r=3.8729 cc_tau_ms=7.00
[ 153.160] xC9 PG
[ 153.160] AL_ALM
[ 153.160] [ADC1] S
[ 153.160] TATUS alarm(s):
[ 153.160] 0
[ 153.850] [STATUS] t_ms=3446197 hwm=5 cap=256 dropped=0 dropped_total=51214 crc_err=0 crc_err_total=0 rate1=512 rate2=512 prod1=512 prod2=512 dac_err=0 tx_drop=377 hb_ms=0 sma_state=6 m7_us=3556773245 m4_us=3554578656 vdd=5.067 offset=0.5000 aref=3.145 loop_us_avg=33 loop_us_max=4984 loop_hz=30303 cycle_log_ms=1 n_cycle=4 cc=0 cc_hz=0 cc_i_tgt=0.2500 cc_u=0.9635 cc_r=3.8729 cc_tau_ms=7.00
[ 154.161] [ADC1] STATUS alarm(s): 0
[ 154.911] [STATUS] t_ms=3447197 hwm=5 cap=256 dropped=0 dropped_total=51214 crc_err=0 crc_err_total=0 rate1=512 rate2=512 prod1=512 prod2=512 dac_err=0 tx_drop=377 hb_ms=0 sma_state=6 m7_us=3557805198 m4_us=3555610618 vdd=5.067 offset=0.5000 aref=3.145 loop_us_avg=33 loop_us_max=4977 loop_hz=30303 cycle_log_ms=1 n_cycle=4 cc=0 cc_hz=0 cc_i_tgt=0.2500 cc_u=0.9635 cc_r=3.8729 cc_tau_ms=7.00
[ 155.163] [ADC1] STATUS alarm(s): 0
[ 155.918] [STATUS] t_ms=3448197 hwm=5 cap=256 dropped=0 dropped_total=51214 crc_err=0 crc_err_total=0 rate1=512 rate2=512 prod1=512 prod2=512 dac_err=0 tx_drop=377 hb_ms=0 sma_state=6 m7_us=3558837153 m4_us=3556642596 vdd=5.067 offset=0.5000 aref=3.145 loop_us_avg=33 loop_us_max=4915 loop_hz=30303 cycle_log_ms=1 n_cycle=4 cc=0 cc_hz=0 cc_i_tgt=0.2500 cc_u=0.9635 cc_r=3.8729 cc_tau_ms=7.00
[ 156.167] ALM
[ 156.167] [ADC1] STAT
[ 156.167] US alarm(s): 0
[ 156.479] [SMA] [ACT] heat n=6/6 I=250.0mA ms=300
[ 156.791] [SMA] [ACT] cool n=6/6 I=0.0mA ms=30000
[ 156.976] [STATUS] t_ms=3449197 hwm=5 cap=256 dropped=0 dropped_total=51214 crc_err=0 crc_err_total=0 rate1=512 rate2=512 prod1=512 prod2=512 dac_err=0 tx_drop=377 hb_ms=0 sma_state=6 m7_us=3559869010 m4_us=3557674608 vdd=5.067 offset=0.5000 aref=3.145 loop_us_avg=42 loop_us_max=4951 loop_hz=23809 cycle_log_ms=1 n_cycle=4 cc=0 cc_hz=308 cc_i_tgt=0.2500 cc_u=0.9632 cc_r=3.8234 cc_tau_ms=7.00
[ 157.226] x49
[ 157.226] [ADC1
[ 157.226] ] STATUS alarm(s): 0
[ 157.980] [STATUS] t_ms=3450197 hwm=5 cap=256 dropped=0 dropped_total=51214 crc_err=0 crc_err_total=0 rate1=512 rate2=512 prod1=512 prod2=512 dac_err=0 tx_drop=377 hb_ms=0 sma_state=6 m7_us=3560901166 m4_us=3558706618 vdd=5.067 offset=0.5000 aref=3.145 loop_us_avg=33 loop_us_max=4987 loop_hz=30303 cycle_log_ms=1 n_cycle=4 cc=0 cc_hz=0 cc_i_tgt=0.2500 cc_u=0.9632 cc_r=3.8234 cc_tau_ms=7.00
[ 158.230] x49 P
[ 158.230] GAL_ALM
[ 158.230] [ADC1] S
[ 158.230] TATUS alarm(s)
[ 158.230] : 0
[ 159.049] [STATUS] t_ms=3451197 hwm=5 cap=256 dropped=0 dropped_total=51214 crc_err=0 crc_err_total=0 rate1=512 rate2=512 prod1=512 prod2=512 dac_err=0 tx_drop=377 hb_ms=0 sma_state=6 m7_us=3561933182 m4_us=3559738608 vdd=5.067 offset=0.5000 aref=3.145 loop_us_avg=34 loop_us_max=4953 loop_hz=29411 cycle_log_ms=1 n_cycle=4 cc=0 cc_hz=0 cc_i_tgt=0.2500 cc_u=0.9632 cc_r=3.8234 cc_tau_ms=7.00
[ 159.234] [ADC1] STATUS alarm(s): 0
[ 160.046] [STATUS] t_ms=3452197 hwm=5 cap=256 dropped=0 dropped_total=51214 crc_err=0 crc_err_total=0 rate1=512 rate2=512 prod1=512 prod2=512 dac_err=0 tx_drop=377 hb_ms=0 sma_state=6 m7_us=3562965229 m4_us=3560770624 vdd=5.067 offset=0.5000 aref=3.145 loop_us_avg=33 loop_us_max=5052 loop_hz=30303 cycle_log_ms=1 n_cycle=4 cc=0 cc_hz=0 cc_i_tgt=0.2500 cc_u=0.9632 cc_r=3.8234 cc_tau_ms=7.00
[ 160.234] [ADC1] STATUS alarm(s): 0
[ 161.108] [STATUS] t_ms=3453197 hwm=5 cap=256 dropped=0 dropped_total=51214 crc_err=0 crc_err_total=0 rate1=512 rate2=512 prod1=512 prod2=512 dac_err=0 tx_drop=377 hb_ms=0 sma_state=6 m7_us=3563997188 m4_us=3561802650 vdd=5.067 offset=0.5000 aref=3.145 loop_us_avg=33 loop_us_max=4959 loop_hz=30303 cycle_log_ms=1 n_cycle=4 cc=0 cc_hz=0 cc_i_tgt=0.2500 cc_u=0.9632 cc_r=3.8234 cc_tau_ms=7.00
[ 161.232] x49 P
[ 161.232] GAL_ALM
[ 161.232] [ADC1] STATUS alarm(s): 0
[ 162.108] [STATUS] t_ms=3454197 hwm=5 cap=256 dropped=0 dropped_total=51214 crc_err=0 crc_err_total=0 rate1=512 rate2=512 prod1=512 prod2=512 dac_err=0 tx_drop=377 hb_ms=0 sma_state=6 m7_us=3565029296 m4_us=3562834714 vdd=5.067 offset=0.5000 aref=3.145 loop_us_avg=34 loop_us_max=4934 loop_hz=29411 cycle_log_ms=1 n_cycle=4 cc=0 cc_hz=0 cc_i_tgt=0.2500 cc_u=0.9632 cc_r=3.8234 cc_tau_ms=7.00
[ 162.233] ALM
[ 162.233] [ADC1] STATU
[ 162.233] S alarm(s): 0
[ 163.167] [STATUS] t_ms=3455197 hwm=5 cap=256 dropped=0 dropped_total=51214 crc_err=0 crc_err_total=0 rate1=512 rate2=512 prod1=512 prod2=512 dac_err=0 tx_drop=377 hb_ms=0 sma_state=6 m7_us=3566061357 m4_us=3563866794 vdd=5.067 offset=0.5000 aref=3.145 loop_us_avg=33 loop_us_max=4978 loop_hz=30303 cycle_log_ms=1 n_cycle=4 cc=0 cc_hz=0 cc_i_tgt=0.2500 cc_u=0.9632 cc_r=3.8234 cc_tau_ms=7.00
[ 163.231] x49
[ 163.231] [ADC1] S
[ 163.231] TATUS alarm(s):
[ 163.231] 0
[ 164.166] [STATUS] t_ms=3456197 hwm=5 cap=256 dropped=0 dropped_total=51214 crc_err=0 crc_err_total=0 rate1=512 rate2=512 prod1=512 prod2=512 dac_err=0 tx_drop=377 hb_ms=0 sma_state=6 m7_us=3567093461 m4_us=3564898922 vdd=5.067 offset=0.5000 aref=3.145 loop_us_avg=34 loop_us_max=4957 loop_hz=29411 cycle_log_ms=1 n_cycle=4 cc=0 cc_hz=0 cc_i_tgt=0.2500 cc_u=0.9632 cc_r=3.8234 cc_tau_ms=7.00
[ 164.228] _ALM
[ 164.228] [ADC1] STAT
[ 164.228] US alarm(s):
[ 165.228] [STATUS] t_ms=3457197 hwm=5 cap=256 dropped=0 dropped_total=51214 crc_err=0 crc_err_total=0 rate1=512 rate2=512 prod1=512 prod2=512 dac_err=0 tx_drop=377 hb_ms=0 sma_state=6 m7_us=3568125567 m4_us=3565931018 vdd=5.067 offset=0.5000 aref=3.145 loop_us_avg=33 loop_us_max=4981 loop_hz=30303 cycle_log_ms=1 n_cycle=4 cc=0 cc_hz=0 cc_i_tgt=0.2500 cc_u=0.9632 cc_r=3.8234 cc_tau_ms=7.00
[ 165.291] [ADC1] STATUS alarm(s):
[ 166.226] [STATUS] t_ms=3458197 hwm=5 cap=256 dropped=0 dropped_total=51214 crc_err=0 crc_err_total=0 rate1=512 rate2=512 prod1=512 prod2=512 dac_err=0 tx_drop=377 hb_ms=0 sma_state=6 m7_us=3569157708 m4_us=3566963114 vdd=5.067 offset=0.5000 aref=3.145 loop_us_avg=33 loop_us_max=4950 loop_hz=30303 cycle_log_ms=1 n_cycle=4 cc=0 cc_hz=0 cc_i_tgt=0.2500 cc_u=0.9632 cc_r=3.8234 cc_tau_ms=7.00
[ 166.288] 0x49
[ 166.288] [ADC1]
[ 166.288] STATUS alarm(s):
[ 167.289] [STATUS] t_ms=3459197 hwm=5 cap=256 dropped=0 dropped_total=51214 crc_err=0 crc_err_total=0 rate1=512 rate2=512 prod1=512 prod2=512 dac_err=0 tx_drop=377 hb_ms=0 sma_state=6 m7_us=3570189785 m4_us=3567995213 vdd=5.067 offset=0.5000 aref=3.145 loop_us_avg=33 loop_us_max=5059 loop_hz=30303 cycle_log_ms=1 n_cycle=4 cc=0 cc_hz=0 cc_i_tgt=0.2500 cc_u=0.9632 cc_r=3.8234 cc_tau_ms=7.00
[ 167.289] 0x49
[ 167.289] [ADC1
[ 167.289] ] STATUS alarm(s)
[ 167.289] :
[ 168.285] 0x4
[ 168.285] [ADC1
[ 168.285] ] STATUS alarm(s
[ 168.285] ):
[ 168.285] [STATUS] t_ms=3460197 hwm=5 cap=256 dropped=0 dropped_total=51214 crc_err=0 crc_err_total=0 rate1=512 rate2=512 prod1=512 prod2=512 dac_err=0 tx_drop=377 hb_ms=0 sma_state=6 m7_us=3571221845 m4_us=3569027300 vdd=5.067 offset=0.5000 aref=3.145 loop_us_avg=33 loop_us_max=5023 loop_hz=30303 cycle_log_ms=1 n_cycle=4 cc=0 cc_hz=0 cc_i_tgt=0.2500 cc_u=0.9632 cc_r=3.8234 cc_tau_ms=7.00
[ 169.291] 0x4
[ 169.291] [ADC1]
[ 169.291] STATUS alarm(s
[ 169.291] ):
[ 169.353] [STATUS] t_ms=3461197 hwm=5 cap=256 dropped=0 dropped_total=51214 crc_err=0 crc_err_total=0 rate1=512 rate2=512 prod1=512 prod2=512 dac_err=0 tx_drop=377 hb_ms=0 sma_state=6 m7_us=3572253971 m4_us=3570059389 vdd=5.067 offset=0.5000 aref=3.145 loop_us_avg=34 loop_us_max=4983 loop_hz=29411 cycle_log_ms=1 n_cycle=4 cc=0 cc_hz=0 cc_i_tgt=0.2500 cc_u=0.9632 cc_r=3.8234 cc_tau_ms=7.00
[ 170.292] [ADC1] STATUS alarm(s):
[ 170.354] [STATUS] t_ms=3462197 hwm=5 cap=256 dropped=0 dropped_total=51214 crc_err=0 crc_err_total=0 rate1=512 rate2=512 prod1=512 prod2=512 dac_err=0 tx_drop=377 hb_ms=0 sma_state=6 m7_us=3573286059 m4_us=3571091431 vdd=5.067 offset=0.5000 aref=3.145 loop_us_avg=34 loop_us_max=5001 loop_hz=29411 cycle_log_ms=1 n_cycle=4 cc=0 cc_hz=0 cc_i_tgt=0.2500 cc_u=0.9632 cc_r=3.8234 cc_tau_ms=7.00
[ 171.292] 0x
[ 171.292] [ADC1] STATUS alarm(s):
[ 171.417] [STATUS] t_ms=3463197 hwm=5 cap=256 dropped=0 dropped_total=51214 crc_err=0 crc_err_total=0 rate1=512 rate2=512 prod1=512 prod2=512 dac_err=0 tx_drop=377 hb_ms=0 sma_state=6 m7_us=3574318066 m4_us=3572123508 vdd=5.067 offset=0.5000 aref=3.145 loop_us_avg=33 loop_us_max=5072 loop_hz=30303 cycle_log_ms=1 n_cycle=4 cc=0 cc_hz=0 cc_i_tgt=0.2500 cc_u=0.9632 cc_r=3.8234 cc_tau_ms=7.00
[ 172.291] 0x49 P
[ 172.291] GAL_ALM
[ 172.291] [ADC1]
[ 172.291] STATUS alarm(s):
[ 172.416] [STATUS] t_ms=3464197 hwm=5 cap=256 dropped=0 dropped_total=51214 crc_err=0 crc_err_total=0 rate1=512 rate2=512 prod1=512 prod2=512 dac_err=0 tx_drop=377 hb_ms=0 sma_state=6 m7_us=3575350172 m4_us=3573155610 vdd=5.067 offset=0.5000 aref=3.145 loop_us_avg=33 loop_us_max=5007 loop_hz=30303 cycle_log_ms=1 n_cycle=4 cc=0 cc_hz=0 cc_i_tgt=0.2500 cc_u=0.9632 cc_r=3.8234 cc_tau_ms=7.00
[ 173.350] 0x
[ 173.350] [ADC
[ 173.350] 1] STATUS alarm(
[ 173.350] s):
[ 173.476] [STATUS] t_ms=3465197 hwm=5 cap=256 dropped=0 dropped_total=51214 crc_err=0 crc_err_total=0 rate1=512 rate2=512 prod1=512 prod2=512 dac_err=0 tx_drop=377 hb_ms=0 sma_state=6 m7_us=3576382231 m4_us=3574187690 vdd=5.067 offset=0.5000 aref=3.145 loop_us_avg=34 loop_us_max=4955 loop_hz=29411 cycle_log_ms=1 n_cycle=4 cc=0 cc_hz=0 cc_i_tgt=0.2500 cc_u=0.9632 cc_r=3.8234 cc_tau_ms=7.00
[ 174.354] 0x49 PG
[ 174.354] AL_ALM
[ 174.354] [ADC1]
[ 174.354] STATUS alarm(s)
[ 174.354] :
[ 174.479] [STATUS] t_ms=3466197 hwm=5 cap=256 dropped=0 dropped_total=51214 crc_err=0 crc_err_total=0 rate1=512 rate2=512 prod1=512 prod2=512 dac_err=0 tx_drop=377 hb_ms=0 sma_state=6 m7_us=3577414337 m4_us=3575219760 vdd=5.067 offset=0.5000 aref=3.145 loop_us_avg=33 loop_us_max=4913 loop_hz=30303 cycle_log_ms=1 n_cycle=4 cc=0 cc_hz=0 cc_i_tgt=0.2500 cc_u=0.9632 cc_r=3.8234 cc_tau_ms=7.00
[ 175.350] 0x49 P
[ 175.350] GAL_ALM
[ 175.350] [ADC1] ST
[ 175.350] ATUS alarm(s):
[ 175.536] [STATUS] t_ms=3467197 hwm=5 cap=256 dropped=0 dropped_total=51214 crc_err=0 crc_err_total=0 rate1=512 rate2=512 prod1=512 prod2=512 dac_err=0 tx_drop=377 hb_ms=0 sma_state=6 m7_us=3578446390 m4_us=3576251844 vdd=5.067 offset=0.5000 aref=3.145 loop_us_avg=33 loop_us_max=4962 loop_hz=30303 cycle_log_ms=1 n_cycle=4 cc=0 cc_hz=0 cc_i_tgt=0.2500 cc_u=0.9632 cc_r=3.8234 cc_tau_ms=7.00
[ 176.348] [ADC1] STATUS alarm(s):
[ 176.534] [STATUS] t_ms=3468197 hwm=5 cap=256 dropped=0 dropped_total=51214 crc_err=0 crc_err_total=0 rate1=512 rate2=512 prod1=512 prod2=512 dac_err=0 tx_drop=377 hb_ms=0 sma_state=6 m7_us=3579478495 m4_us=3577283933 vdd=5.067 offset=0.5000 aref=3.145 loop_us_avg=33 loop_us_max=4936 loop_hz=30303 cycle_log_ms=1 n_cycle=4 cc=0 cc_hz=0 cc_i_tgt=0.2500 cc_u=0.9632 cc_r=3.8234 cc_tau_ms=7.00
[ 177.345] 0x49
[ 177.345] [ADC1] STATUS alarm(s):
[ 177.596] [STATUS] t_ms=3469197 hwm=5 cap=256 dropped=0 dropped_total=51214 crc_err=0 crc_err_total=0 rate1=512 rate2=512 prod1=512 prod2=512 dac_err=0 tx_drop=377 hb_ms=0 sma_state=6 m7_us=3580510598 m4_us=3578316029 vdd=5.067 offset=0.5000 aref=3.145 loop_us_avg=33 loop_us_max=4938 loop_hz=30303 cycle_log_ms=1 n_cycle=4 cc=0 cc_hz=0 cc_i_tgt=0.2500 cc_u=0.9632 cc_r=3.8234 cc_tau_ms=7.00
[ 178.343] 0x49 PG
[ 178.343] AL_ALM
[ 178.343] [ADC1] STAT
[ 178.343] US alarm(s):
[ 178.655] [STATUS] t_ms=3470197 hwm=5 cap=256 dropped=0 dropped_total=51214 crc_err=0 crc_err_total=0 rate1=512 rate2=512 prod1=512 prod2=512 dac_err=0 tx_drop=377 hb_ms=0 sma_state=6 m7_us=3581542667 m4_us=3579348119 vdd=5.067 offset=0.5000 aref=3.145 loop_us_avg=34 loop_us_max=5070 loop_hz=29411 cycle_log_ms=1 n_cycle=4 cc=0 cc_hz=0 cc_i_tgt=0.2500 cc_u=0.9632 cc_r=3.8234 cc_tau_ms=7.00
[ 179.344] 0x49 PG
[ 179.344] AL_ALM
[ 179.344] [ADC1] STA
[ 179.344] TUS alarm(s):
[ 179.657] [STATUS] t_ms=3471197 hwm=5 cap=256 dropped=0 dropped_total=51214 crc_err=0 crc_err_total=0 rate1=512 rate2=512 prod1=512 prod2=512 dac_err=0 tx_drop=377 hb_ms=0 sma_state=6 m7_us=3582574803 m4_us=3580380167 vdd=5.067 offset=0.5000 aref=3.145 loop_us_avg=33 loop_us_max=4946 loop_hz=30303 cycle_log_ms=1 n_cycle=4 cc=0 cc_hz=0 cc_i_tgt=0.2500 cc_u=0.9632 cc_r=3.8234 cc_tau_ms=7.00
[ 180.411] 0x49 PGA
[ 180.411] L_ALM
[ 180.411] [ADC1] STA
[ 180.411] TUS alarm(s):
[ 180.722] [STATUS] t_ms=3472197 hwm=5 cap=256 dropped=0 dropped_total=51214 crc_err=0 crc_err_total=0 rate1=512 rate2=512 prod1=512 prod2=512 dac_err=0 tx_drop=377 hb_ms=0 sma_state=6 m7_us=3583606815 m4_us=3581412205 vdd=5.067 offset=0.5000 aref=3.145 loop_us_avg=33 loop_us_max=5006 loop_hz=30303 cycle_log_ms=1 n_cycle=4 cc=0 cc_hz=0 cc_i_tgt=0.2500 cc_u=0.9632 cc_r=3.8234 cc_tau_ms=7.00
[ 181.405] [ADC1] STATUS alarm(s):
[ 181.718] [STATUS] t_ms=3473197 hwm=5 cap=256 dropped=0 dropped_total=51214 crc_err=0 crc_err_total=0 rate1=512 rate2=512 prod1=512 prod2=512 dac_err=0 tx_drop=377 hb_ms=0 sma_state=6 m7_us=3584638834 m4_us=3582444250 vdd=5.067 offset=0.5000 aref=3.145 loop_us_avg=33 loop_us_max=5038 loop_hz=30303 cycle_log_ms=1 n_cycle=4 cc=0 cc_hz=0 cc_i_tgt=0.2500 cc_u=0.9632 cc_r=3.8234 cc_tau_ms=7.00
[ 182.407] 0x4
[ 182.407] [ADC1] STATUS alarm(s):
[ 182.782] [STATUS] t_ms=3474197 hwm=5 cap=256 dropped=0 dropped_total=51214 crc_err=0 crc_err_total=0 rate1=512 rate2=512 prod1=512 prod2=512 dac_err=0 tx_drop=377 hb_ms=0 sma_state=6 m7_us=3585670899 m4_us=3583476343 vdd=5.067 offset=0.5000 aref=3.145 loop_us_avg=33 loop_us_max=4999 loop_hz=30303 cycle_log_ms=1 n_cycle=4 cc=0 cc_hz=0 cc_i_tgt=0.2500 cc_u=0.9632 cc_r=3.8234 cc_tau_ms=7.00
[ 183.405] ALM
[ 183.405] [ADC1] STAT
[ 183.405] US alarm(s):
[ 183.780] [STATUS] t_ms=3475197 hwm=5 cap=256 dropped=0 dropped_total=51214 crc_err=0 crc_err_total=0 rate1=512 rate2=512 prod1=512 prod2=512 dac_err=0 tx_drop=377 hb_ms=0 sma_state=6 m7_us=3586702957 m4_us=3584508381 vdd=5.067 offset=0.5000 aref=3.145 loop_us_avg=33 loop_us_max=4952 loop_hz=30303 cycle_log_ms=1 n_cycle=4 cc=0 cc_hz=0 cc_i_tgt=0.2500 cc_u=0.9632 cc_r=3.8234 cc_tau_ms=7.00
[ 184.404] 0x49 PGA
[ 184.404] L_ALM
[ 184.404] [ADC1] STAT
[ 184.404] US alarm(s):
[ 184.842] [STATUS] t_ms=3476197 hwm=5 cap=256 dropped=0 dropped_total=51214 crc_err=0 crc_err_total=0 rate1=512 rate2=512 prod1=512 prod2=512 dac_err=0 tx_drop=377 hb_ms=0 sma_state=6 m7_us=3587734964 m4_us=3585540394 vdd=5.067 offset=0.5000 aref=3.145 loop_us_avg=33 loop_us_max=4979 loop_hz=30303 cycle_log_ms=1 n_cycle=4 cc=0 cc_hz=0 cc_i_tgt=0.2500 cc_u=0.9632 cc_r=3.8234 cc_tau_ms=7.00
