[   0.063] [SMA] ARMED (MOSFET on); idle=0.500 V
[   0.064] [STATUS] t_ms=4118276 hwm=4 cap=256 dropped=0 dropped_total=63087 crc_err=0 crc_err_total=0 rate1=512 rate2=512 prod1=512 prod2=512 dac_err=0 tx_drop=377 hb_ms=0 sma_state=0 m7_us=4250431657 m4_us=4248237398 vdd=5.067 offset=0.5000 aref=3.145 loop_us_avg=21 loop_us_max=4642 loop_hz=47619 cycle_log_ms=1 n_cycle=4 cc=0 cc_hz=0 cc_i_tgt=0.5500 cc_u=2.1081 cc_r=3.8184 cc_tau_ms=7.00
[   0.125] GAH_ALM
[   0.125] [ADC1]
[   0.125] STATUS alarm(s):
[   0.125] 0x8D
[   1.061] [STATUS] t_ms=4119276 hwm=5 cap=256 dropped=0 dropped_total=63087 crc_err=0 crc_err_total=0 rate1=512 rate2=512 prod1=512 prod2=512 dac_err=0 tx_drop=377 hb_ms=0 sma_state=0 m7_us=4251463871 m4_us=4249269606 vdd=5.067 offset=0.5000 aref=3.145 loop_us_avg=22 loop_us_max=4661 loop_hz=45454 cycle_log_ms=1 n_cycle=4 cc=0 cc_hz=0 cc_i_tgt=0.5500 cc_u=2.1081 cc_r=3.8184 cc_tau_ms=7.00
[   1.124] GAH_ALM
[   1.124] [ADC1]
[   1.124] STATUS alarm(s): 0
[   1.124] xD
[   2.061] [STATUS] t_ms=4120276 hwm=4 cap=256 dropped=0 dropped_total=63087 crc_err=0 crc_err_total=0 rate1=512 rate2=512 prod1=512 prod2=512 dac_err=0 tx_drop=377 hb_ms=0 sma_state=0 m7_us=4252496178 m4_us=4250301868 vdd=5.067 offset=0.5000 aref=3.145 loop_us_avg=22 loop_us_max=4656 loop_hz=45454 cycle_log_ms=1 n_cycle=4 cc=0 cc_hz=0 cc_i_tgt=0.5500 cc_u=2.1081 cc_r=3.8184 cc_tau_ms=7.00
[   0.062] [SMA] [CC] start i_high=650.0mA i_low=0.0mA t_high=300 t_idle=30000 n=6 (0=cont) tau_ms=7.0 wdt_ms=5000
[   0.062] PGA
[   0.062] L_ALM PGAH_ALM
[   0.062] [
[   0.062] ADC1] STATUS alarm
[   0.123] [SMA] [CC] seed R=3.968 ohm  I=126.0 mA  u=0.500 V  n=103
[   0.123] [SMA] [ACT] heat n=1/6 I=650.0mA ms=300
[   0.435] [SMA] [ACT] cool n=1/6 I=0.0mA ms=30000
[   1.058] [STATUS] t_ms=4121276 hwm=5 cap=256 dropped=0 dropped_total=63087 crc_err=0 crc_err_total=0 rate1=512 rate2=512 prod1=512 prod2=512 dac_err=0 tx_drop=377 hb_ms=0 sma_state=6 m7_us=4253528432 m4_us=4251334102 vdd=5.067 offset=0.5000 aref=3.145 loop_us_avg=41 loop_us_max=4710 loop_hz=24390 cycle_log_ms=1 n_cycle=4 cc=0 cc_hz=307 cc_i_tgt=0.6500 cc_u=2.4752 cc_r=3.8098 cc_tau_ms=7.00
[   1.058] [ADC1] STAT
[   2.058] [STATUS] t_ms=4122276 hwm=5 cap=256 dropped=0 dropped_total=63087 crc_err=0 crc_err_total=0 rate1=512 rate2=512 prod1=512 prod2=512 dac_err=0 tx_drop=377 hb_ms=0 sma_state=6 m7_us=4254560492 m4_us=4252366303 vdd=5.067 offset=0.5000 aref=3.145 loop_us_avg=33 loop_us_max=5023 loop_hz=30303 cycle_log_ms=1 n_cycle=4 cc=0 cc_hz=0 cc_i_tgt=0.6500 cc_u=2.4752 cc_r=3.8098 cc_tau_ms=7.00
[   2.122] [ADC1] STAT
[   3.121] [ADC1] STAT
[   3.121] [STATUS] t_ms=4123276 hwm=5 cap=256 dropped=0 dropped_total=63087 crc_err=0 crc_err_total=0 rate1=512 rate2=512 prod1=512 prod2=512 dac_err=0 tx_drop=377 hb_ms=0 sma_state=6 m7_us=4255592835 m4_us=4253398476 vdd=5.067 offset=0.5000 aref=3.145 loop_us_avg=33 loop_us_max=4900 loop_hz=30303 cycle_log_ms=1 n_cycle=4 cc=0 cc_hz=0 cc_i_tgt=0.6500 cc_u=2.4752 cc_r=3.8098 cc_tau_ms=7.00
[   4.124] US alarm
[   4.124] M
[   4.124] [ADC1] STAT
[   4.124] [STATUS] t_ms=4124276 hwm=5 cap=256 dropped=0 dropped_total=63087 crc_err=0 crc_err_total=0 rate1=512 rate2=513 prod1=512 prod2=513 dac_err=0 tx_drop=377 hb_ms=0 sma_state=6 m7_us=4256625909 m4_us=4254431719 vdd=5.067 offset=0.5000 aref=3.145 loop_us_avg=34 loop_us_max=5090 loop_hz=29411 cycle_log_ms=1 n_cycle=4 cc=0 cc_hz=0 cc_i_tgt=0.6500 cc_u=2.4752 cc_r=3.8098 cc_tau_ms=7.00
[   5.128] US al
[   5.128] _ALM
[   5.128] [ADC1] STAT
[   5.191] [STATUS] t_ms=4125276 hwm=5 cap=256 dropped=0 dropped_total=63087 crc_err=0 crc_err_total=0 rate1=512 rate2=511 prod1=512 prod2=511 dac_err=0 tx_drop=377 hb_ms=0 sma_state=6 m7_us=4257657263 m4_us=4255462915 vdd=5.067 offset=0.5000 aref=3.145 loop_us_avg=33 loop_us_max=4994 loop_hz=30303 cycle_log_ms=1 n_cycle=4 cc=0 cc_hz=0 cc_i_tgt=0.6500 cc_u=2.4752 cc_r=3.8098 cc_tau_ms=7.00
[   6.128] US alarm(s
[   6.128] [ADC1] STAT
[   6.191] [STATUS] t_ms=4126276 hwm=5 cap=256 dropped=0 dropped_total=63087 crc_err=0 crc_err_total=0 rate1=512 rate2=512 prod1=512 prod2=512 dac_err=0 tx_drop=377 hb_ms=0 sma_state=6 m7_us=4258689371 m4_us=4256495110 vdd=5.067 offset=0.5000 aref=3.145 loop_us_avg=34 loop_us_max=5024 loop_hz=29411 cycle_log_ms=1 n_cycle=4 cc=0 cc_hz=0 cc_i_tgt=0.6500 cc_u=2.4752 cc_r=3.8098 cc_tau_ms=7.00
[   7.133] US alarm(s)
[   7.133] [ADC1] STAT
[   7.258] [STATUS] t_ms=4127276 hwm=5 cap=256 dropped=0 dropped_total=63087 crc_err=0 crc_err_total=0 rate1=512 rate2=512 prod1=512 prod2=512 dac_err=0 tx_drop=377 hb_ms=0 sma_state=6 m7_us=4259721528 m4_us=4257527279 vdd=5.067 offset=0.5000 aref=3.145 loop_us_avg=33 loop_us_max=4964 loop_hz=30303 cycle_log_ms=1 n_cycle=4 cc=0 cc_hz=0 cc_i_tgt=0.6500 cc_u=2.4752 cc_r=3.8098 cc_tau_ms=7.00
[   8.138] [ADC1] STAT
[   8.264] [STATUS] t_ms=4128276 hwm=5 cap=256 dropped=0 dropped_total=63087 crc_err=0 crc_err_total=0 rate1=512 rate2=512 prod1=512 prod2=512 dac_err=0 tx_drop=377 hb_ms=0 sma_state=6 m7_us=4260753684 m4_us=4258559427 vdd=5.067 offset=0.5000 aref=3.145 loop_us_avg=33 loop_us_max=4947 loop_hz=30303 cycle_log_ms=1 n_cycle=4 cc=0 cc_hz=0 cc_i_tgt=0.6500 cc_u=2.4752 cc_r=3.8098 cc_tau_ms=7.00
[   9.142] US ala
[   9.142] [ADC1] STAT
[   9.331] [STATUS] t_ms=4129276 hwm=5 cap=256 dropped=0 dropped_total=63087 crc_err=0 crc_err_total=0 rate1=512 rate2=512 prod1=512 prod2=512 dac_err=0 tx_drop=377 hb_ms=0 sma_state=6 m7_us=4261785880 m4_us=4259591599 vdd=5.067 offset=0.5000 aref=3.145 loop_us_avg=33 loop_us_max=4968 loop_hz=30303 cycle_log_ms=1 n_cycle=4 cc=0 cc_hz=0 cc_i_tgt=0.6500 cc_u=2.4752 cc_r=3.8098 cc_tau_ms=7.00
[  10.141] US alar
[  10.141] M
[  10.141] [ADC1] STAT
[  10.329] [STATUS] t_ms=4130276 hwm=5 cap=256 dropped=0 dropped_total=63087 crc_err=0 crc_err_total=0 rate1=512 rate2=512 prod1=512 prod2=512 dac_err=0 tx_drop=377 hb_ms=0 sma_state=6 m7_us=4262818002 m4_us=4260623795 vdd=5.067 offset=0.5000 aref=3.145 loop_us_avg=33 loop_us_max=5014 loop_hz=30303 cycle_log_ms=1 n_cycle=4 cc=0 cc_hz=0 cc_i_tgt=0.6500 cc_u=2.4752 cc_r=3.8098 cc_tau_ms=7.00
[  11.141] US a
[  11.141] larm(s): 0x49 PGA
[  11.141] L_ALM
[  11.141] [ADC1] ST
[  11.141] AT
[  11.389] [STATUS] t_ms=4131276 hwm=5 cap=256 dropped=0 dropped_total=63087 crc_err=0 crc_err_total=0 rate1=512 rate2=512 prod1=512 prod2=512 dac_err=0 tx_drop=377 hb_ms=0 sma_state=6 m7_us=4263850147 m4_us=4261655929 vdd=5.067 offset=0.5000 aref=3.145 loop_us_avg=33 loop_us_max=4922 loop_hz=30303 cycle_log_ms=1 n_cycle=4 cc=0 cc_hz=0 cc_i_tgt=0.6500 cc_u=2.4752 cc_r=3.8098 cc_tau_ms=7.00
[  12.142] US al
[  12.142] _ALM
[  12.142] [ADC1] ST
[  12.142] AT
[  12.393] [STATUS] t_ms=4132276 hwm=5 cap=256 dropped=0 dropped_total=63087 crc_err=0 crc_err_total=0 rate1=512 rate2=512 prod1=512 prod2=512 dac_err=0 tx_drop=377 hb_ms=0 sma_state=6 m7_us=4264882264 m4_us=4262688057 vdd=5.067 offset=0.5000 aref=3.145 loop_us_avg=33 loop_us_max=4958 loop_hz=30303 cycle_log_ms=1 n_cycle=4 cc=0 cc_hz=0 cc_i_tgt=0.6500 cc_u=2.4752 cc_r=3.8098 cc_tau_ms=7.00
[  13.205] [ADC1] STA
[  13.205] T
[  13.455] [STATUS] t_ms=4133276 hwm=5 cap=256 dropped=0 dropped_total=63087 crc_err=0 crc_err_total=0 rate1=512 rate2=512 prod1=512 prod2=512 dac_err=0 tx_drop=377 hb_ms=0 sma_state=6 m7_us=4265914420 m4_us=4263720207 vdd=5.067 offset=0.5000 aref=3.145 loop_us_avg=33 loop_us_max=4904 loop_hz=30303 cycle_log_ms=1 n_cycle=4 cc=0 cc_hz=0 cc_i_tgt=0.6500 cc_u=2.4752 cc_r=3.8098 cc_tau_ms=7.00
[  14.205] [ADC1] STAT
[  14.454] [STATUS] t_ms=4134276 hwm=5 cap=256 dropped=0 dropped_total=63087 crc_err=0 crc_err_total=0 rate1=512 rate2=512 prod1=512 prod2=512 dac_err=0 tx_drop=377 hb_ms=0 sma_state=6 m7_us=4266946529 m4_us=4264752313 vdd=5.067 offset=0.5000 aref=3.145 loop_us_avg=33 loop_us_max=4916 loop_hz=30303 cycle_log_ms=1 n_cycle=4 cc=0 cc_hz=0 cc_i_tgt=0.6500 cc_u=2.4752 cc_r=3.8098 cc_tau_ms=7.00
[  15.202] US al
[  15.202] arm(s): 0x49 PGA
[  15.202] L_ALM
[  15.202] [ADC1] STAT
[  15.513] [STATUS] t_ms=4135276 hwm=5 cap=256 dropped=0 dropped_total=63087 crc_err=0 crc_err_total=0 rate1=512 rate2=512 prod1=512 prod2=512 dac_err=0 tx_drop=377 hb_ms=0 sma_state=6 m7_us=4267978681 m4_us=4265784438 vdd=5.067 offset=0.5000 aref=3.145 loop_us_avg=33 loop_us_max=4923 loop_hz=30303 cycle_log_ms=1 n_cycle=4 cc=0 cc_hz=0 cc_i_tgt=0.6500 cc_u=2.4752 cc_r=3.8098 cc_tau_ms=7.00
[  16.201] US al
[  16.201] _ALM
[  16.201] [ADC1] STA
[  16.201] T
[  16.516] [STATUS] t_ms=4136276 hwm=5 cap=256 dropped=0 dropped_total=63087 crc_err=0 crc_err_total=0 rate1=512 rate2=513 prod1=512 prod2=513 dac_err=0 tx_drop=377 hb_ms=0 sma_state=6 m7_us=4269011739 m4_us=4266817559 vdd=5.067 offset=0.5000 aref=3.145 loop_us_avg=33 loop_us_max=4984 loop_hz=30303 cycle_log_ms=1 n_cycle=4 cc=0 cc_hz=0 cc_i_tgt=0.6500 cc_u=2.4752 cc_r=3.8098 cc_tau_ms=7.00
[  17.209] US alar
[  17.209] [ADC1] STAT
[  17.582] [STATUS] t_ms=4137276 hwm=5 cap=256 dropped=0 dropped_total=63087 crc_err=0 crc_err_total=0 rate1=512 rate2=511 prod1=512 prod2=511 dac_err=0 tx_drop=377 hb_ms=0 sma_state=6 m7_us=4270042950 m4_us=4267848703 vdd=5.067 offset=0.5000 aref=3.145 loop_us_avg=33 loop_us_max=4992 loop_hz=30303 cycle_log_ms=1 n_cycle=4 cc=0 cc_hz=0 cc_i_tgt=0.6500 cc_u=2.4752 cc_r=3.8098 cc_tau_ms=7.00
[  18.211] US alarm(
[  18.211] [ADC1] STAT
[  18.586] [STATUS] t_ms=4138276 hwm=5 cap=256 dropped=0 dropped_total=63087 crc_err=0 crc_err_total=0 rate1=512 rate2=512 prod1=512 prod2=512 dac_err=0 tx_drop=377 hb_ms=0 sma_state=6 m7_us=4271075309 m4_us=4268880854 vdd=5.067 offset=0.5000 aref=3.145 loop_us_avg=33 loop_us_max=5255 loop_hz=30303 cycle_log_ms=1 n_cycle=4 cc=0 cc_hz=0 cc_i_tgt=0.6500 cc_u=2.4752 cc_r=3.8098 cc_tau_ms=7.00
[  19.209] US al
[  19.209] ALM
[  19.209] [ADC1] STAT
[  19.649] [STATUS] t_ms=4139276 hwm=5 cap=256 dropped=0 dropped_total=63087 crc_err=0 crc_err_total=0 rate1=512 rate2=512 prod1=512 prod2=512 dac_err=0 tx_drop=377 hb_ms=0 sma_state=6 m7_us=4272107476 m4_us=4269913023 vdd=5.067 offset=0.5000 aref=3.145 loop_us_avg=34 loop_us_max=5021 loop_hz=29411 cycle_log_ms=1 n_cycle=4 cc=0 cc_hz=0 cc_i_tgt=0.6500 cc_u=2.4752 cc_r=3.8098 cc_tau_ms=7.00
[  20.212] US ala
[  20.212] ALM
[  20.212] [ADC1] STAT
[  20.647] [STATUS] t_ms=4140276 hwm=5 cap=256 dropped=0 dropped_total=63087 crc_err=0 crc_err_total=0 rate1=512 rate2=512 prod1=512 prod2=512 dac_err=0 tx_drop=377 hb_ms=0 sma_state=6 m7_us=4273139622 m4_us=4270945183 vdd=5.067 offset=0.5000 aref=3.145 loop_us_avg=34 loop_us_max=4961 loop_hz=29411 cycle_log_ms=1 n_cycle=4 cc=0 cc_hz=0 cc_i_tgt=0.6500 cc_u=2.4752 cc_r=3.8098 cc_tau_ms=7.00
[  21.272] US alarm(
[  21.272] [ADC1] STAT
[  21.709] [STATUS] t_ms=4141276 hwm=5 cap=256 dropped=0 dropped_total=63087 crc_err=0 crc_err_total=0 rate1=512 rate2=513 prod1=512 prod2=513 dac_err=0 tx_drop=377 hb_ms=0 sma_state=6 m7_us=4274172582 m4_us=4271978407 vdd=5.067 offset=0.5000 aref=3.145 loop_us_avg=34 loop_us_max=4962 loop_hz=29411 cycle_log_ms=1 n_cycle=4 cc=0 cc_hz=0 cc_i_tgt=0.6500 cc_u=2.4752 cc_r=3.8098 cc_tau_ms=7.00
[  22.271] US alar
[  22.271] _ALM
[  22.271] [ADC1] STAT
[  22.707] [STATUS] t_ms=4142276 hwm=5 cap=256 dropped=0 dropped_total=63087 crc_err=0 crc_err_total=0 rate1=512 rate2=511 prod1=512 prod2=511 dac_err=0 tx_drop=377 hb_ms=0 sma_state=6 m7_us=4275203740 m4_us=4273009529 vdd=5.067 offset=0.5000 aref=3.145 loop_us_avg=33 loop_us_max=4984 loop_hz=30303 cycle_log_ms=1 n_cycle=4 cc=0 cc_hz=0 cc_i_tgt=0.6500 cc_u=2.4752 cc_r=3.8098 cc_tau_ms=7.00
[  23.269] [AD
[  23.269] C1] STAT
[  23.769] [STATUS] t_ms=4143276 hwm=5 cap=256 dropped=0 dropped_total=63087 crc_err=0 crc_err_total=0 rate1=512 rate2=512 prod1=512 prod2=512 dac_err=0 tx_drop=377 hb_ms=0 sma_state=6 m7_us=4276235848 m4_us=4274041641 vdd=5.067 offset=0.5000 aref=3.145 loop_us_avg=33 loop_us_max=4949 loop_hz=30303 cycle_log_ms=1 n_cycle=4 cc=0 cc_hz=0 cc_i_tgt=0.6500 cc_u=2.4752 cc_r=3.8098 cc_tau_ms=7.00
[  24.269] [ADC1] STAT
[  24.768] [STATUS] t_ms=4144276 hwm=5 cap=256 dropped=0 dropped_total=63087 crc_err=0 crc_err_total=0 rate1=512 rate2=512 prod1=512 prod2=512 dac_err=0 tx_drop=377 hb_ms=0 sma_state=6 m7_us=4277268888 m4_us=4275073753 vdd=5.067 offset=0.5000 aref=3.145 loop_us_avg=33 loop_us_max=4928 loop_hz=30303 cycle_log_ms=1 n_cycle=4 cc=0 cc_hz=0 cc_i_tgt=0.6500 cc_u=2.4752 cc_r=3.8098 cc_tau_ms=7.00
[  25.266] US
[  25.266] [ADC1] STAT
[  25.830] [STATUS] t_ms=4145276 hwm=6 cap=256 dropped=0 dropped_total=63087 crc_err=0 crc_err_total=0 rate1=512 rate2=512 prod1=512 prod2=512 dac_err=0 tx_drop=377 hb_ms=0 sma_state=6 m7_us=4278300913 m4_us=4276105839 vdd=5.067 offset=0.5000 aref=3.145 loop_us_avg=33 loop_us_max=5863 loop_hz=30303 cycle_log_ms=1 n_cycle=4 cc=0 cc_hz=0 cc_i_tgt=0.6500 cc_u=2.4752 cc_r=3.8098 cc_tau_ms=7.00
[  26.267] US alarm(s
[  26.267] [ADC1] STAT
[  26.830] [STATUS] t_ms=4146276 hwm=6 cap=256 dropped=0 dropped_total=63087 crc_err=0 crc_err_total=0 rate1=512 rate2=512 prod1=512 prod2=512 dac_err=0 tx_drop=377 hb_ms=0 sma_state=6 m7_us=4279333028 m4_us=4277137945 vdd=5.067 offset=0.5000 aref=3.145 loop_us_avg=33 loop_us_max=5787 loop_hz=30303 cycle_log_ms=1 n_cycle=4 cc=0 cc_hz=0 cc_i_tgt=0.6500 cc_u=2.4752 cc_r=3.8098 cc_tau_ms=7.00
[  27.266] US alarm(
[  27.266] [ADC1] STAT
[  27.888] [STATUS] t_ms=4147276 hwm=6 cap=256 dropped=0 dropped_total=63087 crc_err=0 crc_err_total=0 rate1=512 rate2=512 prod1=512 prod2=512 dac_err=0 tx_drop=377 hb_ms=0 sma_state=6 m7_us=4280365130 m4_us=4278170019 vdd=5.067 offset=0.5000 aref=3.145 loop_us_avg=33 loop_us_max=5798 loop_hz=30303 cycle_log_ms=1 n_cycle=4 cc=0 cc_hz=0 cc_i_tgt=0.6500 cc_u=2.4752 cc_r=3.8098 cc_tau_ms=7.00
[  28.327] US alar
[  28.327] [ADC1] STAT
[  28.889] [STATUS] t_ms=4148276 hwm=6 cap=256 dropped=0 dropped_total=63087 crc_err=0 crc_err_total=0 rate1=512 rate2=512 prod1=512 prod2=512 dac_err=0 tx_drop=377 hb_ms=0 sma_state=6 m7_us=4281397241 m4_us=4279202137 vdd=5.067 offset=0.5000 aref=3.145 loop_us_avg=33 loop_us_max=5820 loop_hz=30303 cycle_log_ms=1 n_cycle=4 cc=0 cc_hz=0 cc_i_tgt=0.6500 cc_u=2.4752 cc_r=3.8098 cc_tau_ms=7.00
[  29.328] [ADC1]
[  29.328] STAT
[  29.951] [STATUS] t_ms=4149276 hwm=6 cap=256 dropped=0 dropped_total=63087 crc_err=0 crc_err_total=0 rate1=512 rate2=512 prod1=512 prod2=512 dac_err=0 tx_drop=377 hb_ms=0 sma_state=6 m7_us=4282429338 m4_us=4280234223 vdd=5.067 offset=0.5000 aref=3.145 loop_us_avg=33 loop_us_max=5808 loop_hz=30303 cycle_log_ms=1 n_cycle=4 cc=0 cc_hz=0 cc_i_tgt=0.6500 cc_u=2.4752 cc_r=3.8098 cc_tau_ms=7.00
[  30.330] [ADC1] STAT
[  30.954] [STATUS] t_ms=4150276 hwm=6 cap=256 dropped=0 dropped_total=63087 crc_err=0 crc_err_total=0 rate1=512 rate2=512 prod1=512 prod2=512 dac_err=0 tx_drop=377 hb_ms=0 sma_state=6 m7_us=4283461400 m4_us=4281266326 vdd=5.067 offset=0.5000 aref=3.145 loop_us_avg=33 loop_us_max=5816 loop_hz=30303 cycle_log_ms=1 n_cycle=4 cc=0 cc_hz=0 cc_i_tgt=0.6500 cc_u=2.4752 cc_r=3.8098 cc_tau_ms=7.00
[  31.328] US alarm(s)
[  31.328] [ADC1] STAT
[  31.392] [SMA] [ACT] heat n=2/6 I=650.0mA ms=300
[  31.703] [SMA] [ACT] cool n=2/6 I=0.0mA ms=30000
[  32.015] [STATUS] t_ms=4151276 hwm=6 cap=256 dropped=0 dropped_total=63087 crc_err=0 crc_err_total=0 rate1=512 rate2=512 prod1=512 prod2=512 dac_err=0 tx_drop=377 hb_ms=0 sma_state=6 m7_us=4284493513 m4_us=4282298431 vdd=5.067 offset=0.5000 aref=3.145 loop_us_avg=42 loop_us_max=5777 loop_hz=23809 cycle_log_ms=1 n_cycle=4 cc=0 cc_hz=309 cc_i_tgt=0.6500 cc_u=2.4455 cc_r=3.7826 cc_tau_ms=7.00
[  32.326] US
[  32.326] alarm(s): 0xC9 P
[  32.326] GAL_ALM
[  32.326] [ADC1] S
[  32.326] TAT
[  33.015] [STATUS] t_ms=4152276 hwm=6 cap=256 dropped=0 dropped_total=63087 crc_err=0 crc_err_total=0 rate1=512 rate2=512 prod1=512 prod2=512 dac_err=0 tx_drop=377 hb_ms=0 sma_state=6 m7_us=4285525665 m4_us=4283330582 vdd=5.067 offset=0.5000 aref=3.145 loop_us_avg=33 loop_us_max=5781 loop_hz=30303 cycle_log_ms=1 n_cycle=4 cc=0 cc_hz=0 cc_i_tgt=0.6500 cc_u=2.4455 cc_r=3.7826 cc_tau_ms=7.00
[  33.325] US alarm
[  33.325] [ADC1] STAT
[  34.080] [STATUS] t_ms=4153276 hwm=6 cap=256 dropped=0 dropped_total=63087 crc_err=0 crc_err_total=0 rate1=512 rate2=512 prod1=512 prod2=512 dac_err=0 tx_drop=377 hb_ms=0 sma_state=6 m7_us=4286557815 m4_us=4284362713 vdd=5.067 offset=0.5000 aref=3.145 loop_us_avg=33 loop_us_max=5789 loop_hz=30303 cycle_log_ms=1 n_cycle=4 cc=0 cc_hz=0 cc_i_tgt=0.6500 cc_u=2.4455 cc_r=3.7826 cc_tau_ms=7.00
[  34.330] [ADC
[  34.330] 1] STAT
[  35.081] [STATUS] t_ms=4154276 hwm=6 cap=256 dropped=0 dropped_total=63087 crc_err=0 crc_err_total=0 rate1=512 rate2=512 prod1=512 prod2=512 dac_err=0 tx_drop=377 hb_ms=0 sma_state=6 m7_us=4287589929 m4_us=4285394847 vdd=5.067 offset=0.5000 aref=3.145 loop_us_avg=33 loop_us_max=5863 loop_hz=30303 cycle_log_ms=1 n_cycle=4 cc=0 cc_hz=0 cc_i_tgt=0.6500 cc_u=2.4455 cc_r=3.7826 cc_tau_ms=7.00
[  35.329] [ADC1] STAT
[  36.140] [STATUS] t_ms=4155276 hwm=6 cap=256 dropped=0 dropped_total=63087 crc_err=0 crc_err_total=0 rate1=512 rate2=512 prod1=512 prod2=512 dac_err=0 tx_drop=377 hb_ms=0 sma_state=6 m7_us=4288622103 m4_us=4286427001 vdd=5.067 offset=0.5000 aref=3.145 loop_us_avg=33 loop_us_max=5808 loop_hz=30303 cycle_log_ms=1 n_cycle=4 cc=0 cc_hz=0 cc_i_tgt=0.6500 cc_u=2.4455 cc_r=3.7826 cc_tau_ms=7.00
[  36.390] US al
[  36.390] [ADC1] STAT
[  37.203] [STATUS] t_ms=4156276 hwm=6 cap=256 dropped=0 dropped_total=63087 crc_err=0 crc_err_total=0 rate1=512 rate2=512 prod1=512 prod2=512 dac_err=0 tx_drop=377 hb_ms=0 sma_state=6 m7_us=4289654301 m4_us=4287459177 vdd=5.067 offset=0.5000 aref=3.145 loop_us_avg=33 loop_us_max=5801 loop_hz=30303 cycle_log_ms=1 n_cycle=4 cc=0 cc_hz=0 cc_i_tgt=0.6500 cc_u=2.4455 cc_r=3.7826 cc_tau_ms=7.00
[  37.389] US a
[  37.389] larm(s): 0xC9 PG
[  37.389] AL_ALM
[  37.389] [ADC1] S
[  37.389] TAT
[  38.202] [STATUS] t_ms=4157276 hwm=6 cap=256 dropped=0 dropped_total=63087 crc_err=0 crc_err_total=0 rate1=512 rate2=512 prod1=512 prod2=512 dac_err=0 tx_drop=377 hb_ms=0 sma_state=6 m7_us=4290686452 m4_us=4288491334 vdd=5.067 offset=0.5000 aref=3.145 loop_us_avg=33 loop_us_max=5893 loop_hz=30303 cycle_log_ms=1 n_cycle=4 cc=0 cc_hz=0 cc_i_tgt=0.6500 cc_u=2.4455 cc_r=3.7826 cc_tau_ms=7.00
[  38.393] US alar
[  38.393] [ADC1] STAT
[  39.206] [STATUS] t_ms=4158276 hwm=6 cap=256 dropped=0 dropped_total=63087 crc_err=0 crc_err_total=0 rate1=512 rate2=512 prod1=512 prod2=512 dac_err=0 tx_drop=377 hb_ms=0 sma_state=6 m7_us=4291718611 m4_us=4289523503 vdd=5.067 offset=0.5000 aref=3.145 loop_us_avg=34 loop_us_max=5872 loop_hz=29411 cycle_log_ms=1 n_cycle=4 cc=0 cc_hz=0 cc_i_tgt=0.6500 cc_u=2.4455 cc_r=3.7826 cc_tau_ms=7.00
[  39.395] US alarm
[  39.395] M
[  39.395] [ADC1] STAT
[  40.269] [STATUS] t_ms=4159276 hwm=6 cap=256 dropped=0 dropped_total=63087 crc_err=0 crc_err_total=0 rate1=512 rate2=512 prod1=512 prod2=512 dac_err=0 tx_drop=377 hb_ms=0 sma_state=6 m7_us=4292750764 m4_us=4290555657 vdd=5.067 offset=0.5000 aref=3.145 loop_us_avg=33 loop_us_max=5828 loop_hz=30303 cycle_log_ms=1 n_cycle=4 cc=0 cc_hz=0 cc_i_tgt=0.6500 cc_u=2.4455 cc_r=3.7826 cc_tau_ms=7.00
[  40.396] [ADC1] STAT
[  41.272] [STATUS] t_ms=4160276 hwm=6 cap=256 dropped=0 dropped_total=63087 crc_err=0 crc_err_total=0 rate1=512 rate2=512 prod1=512 prod2=512 dac_err=0 tx_drop=377 hb_ms=0 sma_state=6 m7_us=4293782918 m4_us=4291587846 vdd=5.067 offset=0.5000 aref=3.145 loop_us_avg=33 loop_us_max=5859 loop_hz=30303 cycle_log_ms=1 n_cycle=4 cc=0 cc_hz=0 cc_i_tgt=0.6500 cc_u=2.4455 cc_r=3.7826 cc_tau_ms=7.00
[  41.398] US
[  41.398] [ADC1] STAT
[  42.334] [STATUS] t_ms=4161276 hwm=6 cap=256 dropped=0 dropped_total=63087 crc_err=0 crc_err_total=0 rate1=512 rate2=512 prod1=512 prod2=512 dac_err=0 tx_drop=377 hb_ms=0 sma_state=6 m7_us=4294815115 m4_us=4292619993 vdd=5.067 offset=0.5000 aref=3.145 loop_us_avg=33 loop_us_max=5788 loop_hz=30303 cycle_log_ms=1 n_cycle=4 cc=0 cc_hz=0 cc_i_tgt=0.6500 cc_u=2.4455 cc_r=3.7826 cc_tau_ms=7.00
[  42.397] US alarm(s)
[  42.397] [ADC1] STAT
[  43.391] [STATUS] t_ms=4162276 hwm=6 cap=256 dropped=0 dropped_total=63087 crc_err=0 crc_err_total=0 rate1=512 rate2=512 prod1=512 prod2=512 dac_err=0 tx_drop=377 hb_ms=0 sma_state=6 m7_us=879998 m4_us=4293652188 vdd=5.067 offset=0.5000 aref=3.145 loop_us_avg=33 loop_us_max=5848 loop_hz=30303 cycle_log_ms=1 n_cycle=4 cc=0 cc_hz=0 cc_i_tgt=0.6500 cc_u=2.4455 cc_r=3.7826 cc_tau_ms=7.00
[  43.391] US alarm(
[  43.391] [ADC1] STAT
[  44.391] [STATUS] t_ms=4163276 hwm=6 cap=256 dropped=0 dropped_total=63087 crc_err=0 crc_err_total=0 rate1=512 rate2=512 prod1=512 prod2=512 dac_err=0 tx_drop=377 hb_ms=0 sma_state=6 m7_us=1912255 m4_us=4294684374 vdd=5.067 offset=0.5000 aref=3.145 loop_us_avg=33 loop_us_max=5854 loop_hz=30303 cycle_log_ms=1 n_cycle=4 cc=0 cc_hz=0 cc_i_tgt=0.6500 cc_u=2.4455 cc_r=3.7826 cc_tau_ms=7.00
[  44.452] US alarm(s
[  44.452] [ADC1] STA
[  45.456] [STATUS] t_ms=4164276 hwm=6 cap=256 dropped=0 dropped_total=63087 crc_err=0 crc_err_total=0 rate1=512 rate2=512 prod1=512 prod2=512 dac_err=0 tx_drop=377 hb_ms=0 sma_state=6 m7_us=2944361 m4_us=749260 vdd=5.067 offset=0.5000 aref=3.145 loop_us_avg=34 loop_us_max=5891 loop_hz=29411 cycle_log_ms=1 n_cycle=4 cc=0 cc_hz=0 cc_i_tgt=0.6500 cc_u=2.4455 cc_r=3.7826 cc_tau_ms=7.00
[  45.456] [ADC1] ST
[  46.453] [ADC1] ST
[  46.453] [STATUS] t_ms=4165276 hwm=6 cap=256 dropped=0 dropped_total=63087 crc_err=0 crc_err_total=0 rate1=512 rate2=512 prod1=512 prod2=512 dac_err=0 tx_drop=377 hb_ms=0 sma_state=6 m7_us=3976563 m4_us=1781475 vdd=5.067 offset=0.5000 aref=3.145 loop_us_avg=33 loop_us_max=5815 loop_hz=30303 cycle_log_ms=1 n_cycle=4 cc=0 cc_hz=0 cc_i_tgt=0.6500 cc_u=2.4455 cc_r=3.7826 cc_tau_ms=7.00
[  47.453] AT
[  47.453] [ADC1] STA
[  47.515] [STATUS] t_ms=4166276 hwm=6 cap=256 dropped=0 dropped_total=63087 crc_err=0 crc_err_total=0 rate1=512 rate2=512 prod1=512 prod2=512 dac_err=0 tx_drop=377 hb_ms=0 sma_state=6 m7_us=5008725 m4_us=2813654 vdd=5.067 offset=0.5000 aref=3.145 loop_us_avg=33 loop_us_max=5779 loop_hz=30303 cycle_log_ms=1 n_cycle=4 cc=0 cc_hz=0 cc_i_tgt=0.6500 cc_u=2.4455 cc_r=3.7826 cc_tau_ms=7.00
[  48.458] TUS alarm
[  48.458] M
[  48.458] [ADC1] STAT
[  48.519] [STATUS] t_ms=4167276 hwm=6 cap=256 dropped=0 dropped_total=63087 crc_err=0 crc_err_total=0 rate1=512 rate2=512 prod1=512 prod2=512 dac_err=0 tx_drop=377 hb_ms=0 sma_state=6 m7_us=6040938 m4_us=3845833 vdd=5.067 offset=0.5000 aref=3.145 loop_us_avg=33 loop_us_max=5788 loop_hz=30303 cycle_log_ms=1 n_cycle=4 cc=0 cc_hz=0 cc_i_tgt=0.6500 cc_u=2.4455 cc_r=3.7826 cc_tau_ms=7.00
[  49.455] US ala
[  49.455] [ADC1] STAT
[  49.581] [STATUS] t_ms=4168276 hwm=6 cap=256 dropped=0 dropped_total=63087 crc_err=0 crc_err_total=0 rate1=512 rate2=512 prod1=512 prod2=512 dac_err=0 tx_drop=377 hb_ms=0 sma_state=6 m7_us=7073098 m4_us=4877993 vdd=5.067 offset=0.5000 aref=3.145 loop_us_avg=33 loop_us_max=5811 loop_hz=30303 cycle_log_ms=1 n_cycle=4 cc=0 cc_hz=0 cc_i_tgt=0.6500 cc_u=2.4455 cc_r=3.7826 cc_tau_ms=7.00
[  50.461] US alarm(s)
[  50.461] [ADC1] STAT
[  50.586] [STATUS] t_ms=4169276 hwm=6 cap=256 dropped=0 dropped_total=63087 crc_err=0 crc_err_total=0 rate1=512 rate2=512 prod1=512 prod2=512 dac_err=0 tx_drop=377 hb_ms=0 sma_state=6 m7_us=8105354 m4_us=5910140 vdd=5.067 offset=0.5000 aref=3.145 loop_us_avg=33 loop_us_max=5810 loop_hz=30303 cycle_log_ms=1 n_cycle=4 cc=0 cc_hz=0 cc_i_tgt=0.6500 cc_u=2.4455 cc_r=3.7826 cc_tau_ms=7.00
[  51.459] [ADC1] STAT
[  51.647] [STATUS] t_ms=4170276 hwm=6 cap=256 dropped=0 dropped_total=63087 crc_err=0 crc_err_total=0 rate1=512 rate2=512 prod1=512 prod2=512 dac_err=0 tx_drop=377 hb_ms=0 sma_state=6 m7_us=9137407 m4_us=6942294 vdd=5.067 offset=0.5000 aref=3.145 loop_us_avg=33 loop_us_max=5906 loop_hz=30303 cycle_log_ms=1 n_cycle=4 cc=0 cc_hz=0 cc_i_tgt=0.6500 cc_u=2.4455 cc_r=3.7826 cc_tau_ms=7.00
[  52.598] [ADC1] STAT
[  52.659] [STATUS] t_ms=4171276 hwm=6 cap=256 dropped=0 dropped_total=63087 crc_err=0 crc_err_total=0 rate1=512 rate2=512 prod1=512 prod2=512 dac_err=0 tx_drop=377 hb_ms=0 sma_state=6 m7_us=10169566 m4_us=7974454 vdd=5.067 offset=0.5000 aref=3.145 loop_us_avg=33 loop_us_max=5845 loop_hz=30303 cycle_log_ms=1 n_cycle=4 cc=0 cc_hz=0 cc_i_tgt=0.6500 cc_u=2.4455 cc_r=3.7826 cc_tau_ms=7.00
[  53.471] US
[  53.471] alarm(s): 0x49
[  53.471] [ADC1] STAT
[  53.659] [STATUS] t_ms=4172276 hwm=6 cap=256 dropped=0 dropped_total=63087 crc_err=0 crc_err_total=0 rate1=512 rate2=512 prod1=512 prod2=512 dac_err=0 tx_drop=377 hb_ms=0 sma_state=6 m7_us=11201627 m4_us=9006550 vdd=5.067 offset=0.5000 aref=3.145 loop_us_avg=33 loop_us_max=5820 loop_hz=30303 cycle_log_ms=1 n_cycle=4 cc=0 cc_hz=0 cc_i_tgt=0.6500 cc_u=2.4455 cc_r=3.7826 cc_tau_ms=7.00
[  54.530] US alarm(
[  54.530] [ADC1] STAT
[  54.717] [STATUS] t_ms=4173276 hwm=6 cap=256 dropped=0 dropped_total=63087 crc_err=0 crc_err_total=0 rate1=512 rate2=512 prod1=512 prod2=512 dac_err=0 tx_drop=377 hb_ms=0 sma_state=6 m7_us=12233788 m4_us=10038665 vdd=5.067 offset=0.5000 aref=3.145 loop_us_avg=33 loop_us_max=5760 loop_hz=30303 cycle_log_ms=1 n_cycle=4 cc=0 cc_hz=0 cc_i_tgt=0.6500 cc_u=2.4455 cc_r=3.7826 cc_tau_ms=7.00
[  55.535] US alar
[  55.535] [ADC1] STAT
[  55.723] [STATUS] t_ms=4174276 hwm=6 cap=256 dropped=0 dropped_total=63087 crc_err=0 crc_err_total=0 rate1=512 rate2=512 prod1=512 prod2=512 dac_err=0 tx_drop=377 hb_ms=0 sma_state=6 m7_us=13265919 m4_us=11070777 vdd=5.067 offset=0.5000 aref=3.145 loop_us_avg=33 loop_us_max=5891 loop_hz=30303 cycle_log_ms=1 n_cycle=4 cc=0 cc_hz=0 cc_i_tgt=0.6500 cc_u=2.4455 cc_r=3.7826 cc_tau_ms=7.00
[  56.538] [ADC1] STAT
[  56.788] [STATUS] t_ms=4175276 hwm=6 cap=256 dropped=0 dropped_total=63087 crc_err=0 crc_err_total=0 rate1=512 rate2=512 prod1=512 prod2=512 dac_err=0 tx_drop=377 hb_ms=0 sma_state=6 m7_us=14298045 m4_us=12102927 vdd=5.067 offset=0.5000 aref=3.145 loop_us_avg=33 loop_us_max=5818 loop_hz=30303 cycle_log_ms=1 n_cycle=4 cc=0 cc_hz=0 cc_i_tgt=0.6500 cc_u=2.4455 cc_r=3.7826 cc_tau_ms=7.00
[  57.540] [ADC1] STAT
[  57.789] [STATUS] t_ms=4176276 hwm=6 cap=256 dropped=0 dropped_total=63087 crc_err=0 crc_err_total=0 rate1=512 rate2=512 prod1=512 prod2=512 dac_err=0 tx_drop=377 hb_ms=0 sma_state=6 m7_us=15330252 m4_us=13135100 vdd=5.067 offset=0.5000 aref=3.145 loop_us_avg=33 loop_us_max=5835 loop_hz=30303 cycle_log_ms=1 n_cycle=4 cc=0 cc_hz=0 cc_i_tgt=0.6500 cc_u=2.4455 cc_r=3.7826 cc_tau_ms=7.00
[  58.536] US a
[  58.536] _ALM
[  58.536] [ADC1] STAT
[  58.850] [STATUS] t_ms=4177276 hwm=6 cap=256 dropped=0 dropped_total=63087 crc_err=0 crc_err_total=0 rate1=512 rate2=512 prod1=512 prod2=512 dac_err=0 tx_drop=377 hb_ms=0 sma_state=6 m7_us=16362371 m4_us=14167283 vdd=5.067 offset=0.5000 aref=3.145 loop_us_avg=33 loop_us_max=5842 loop_hz=30303 cycle_log_ms=1 n_cycle=4 cc=0 cc_hz=0 cc_i_tgt=0.6500 cc_u=2.4455 cc_r=3.7826 cc_tau_ms=7.00
[  59.537] US alar
[  59.537] [ADC1] STAT
[  59.851] [STATUS] t_ms=4178276 hwm=6 cap=256 dropped=0 dropped_total=63087 crc_err=0 crc_err_total=0 rate1=512 rate2=512 prod1=512 prod2=512 dac_err=0 tx_drop=377 hb_ms=0 sma_state=6 m7_us=17394466 m4_us=15199395 vdd=5.067 offset=0.5000 aref=3.145 loop_us_avg=34 loop_us_max=5789 loop_hz=29411 cycle_log_ms=1 n_cycle=4 cc=0 cc_hz=0 cc_i_tgt=0.6500 cc_u=2.4455 cc_r=3.7826 cc_tau_ms=7.00
[  60.538] US alarm(
[  60.538] [ADC1] STAT
[  60.912] [STATUS] t_ms=4179276 hwm=6 cap=256 dropped=0 dropped_total=63087 crc_err=0 crc_err_total=0 rate1=512 rate2=512 prod1=512 prod2=512 dac_err=0 tx_drop=377 hb_ms=0 sma_state=6 m7_us=18426625 m4_us=16231555 vdd=5.067 offset=0.5000 aref=3.145 loop_us_avg=33 loop_us_max=5780 loop_hz=30303 cycle_log_ms=1 n_cycle=4 cc=0 cc_hz=0 cc_i_tgt=0.6500 cc_u=2.4455 cc_r=3.7826 cc_tau_ms=7.00
[  61.539] [ADC1] STAT
[  61.913] [STATUS] t_ms=4180276 hwm=6 cap=256 dropped=0 dropped_total=63087 crc_err=0 crc_err_total=0 rate1=512 rate2=512 prod1=512 prod2=512 dac_err=0 tx_drop=377 hb_ms=0 sma_state=6 m7_us=19458848 m4_us=17263727 vdd=5.067 offset=0.5000 aref=3.145 loop_us_avg=33 loop_us_max=5915 loop_hz=30303 cycle_log_ms=1 n_cycle=4 cc=0 cc_hz=0 cc_i_tgt=0.6500 cc_u=2.4455 cc_r=3.7826 cc_tau_ms=7.00
[  62.537] [ADC1] STAT
[  62.662] [SMA] [ACT] heat n=3/6 I=650.0mA ms=300
[  62.973] [STATUS] t_ms=4181276 hwm=6 cap=256 dropped=0 dropped_total=63087 crc_err=0 crc_err_total=0 rate1=512 rate2=513 prod1=512 prod2=513 dac_err=0 tx_drop=377 hb_ms=0 sma_state=5 m7_us=20491142 m4_us=18296919 vdd=5.067 offset=0.5000 aref=3.145 loop_us_avg=41 loop_us_max=5872 loop_hz=24390 cycle_log_ms=1 n_cycle=4 cc=1 cc_hz=281 cc_i_tgt=0.6500 cc_u=2.4092 cc_r=3.7657 cc_tau_ms=7.00
[  62.973] [SMA] [ACT] cool n=3/6 I=0.0mA ms=30000
[  63.596] US alarm(s)
[  63.596] [ADC1] STAT
[  64.034] [STATUS] t_ms=4182276 hwm=5 cap=256 dropped=0 dropped_total=63087 crc_err=0 crc_err_total=0 rate1=512 rate2=511 prod1=512 prod2=511 dac_err=0 tx_drop=377 hb_ms=0 sma_state=6 m7_us=21523149 m4_us=19328063 vdd=5.067 offset=0.5000 aref=3.145 loop_us_avg=34 loop_us_max=5517 loop_hz=29411 cycle_log_ms=1 n_cycle=4 cc=0 cc_hz=21 cc_i_tgt=0.6500 cc_u=2.5189 cc_r=3.8210 cc_tau_ms=7.00
[  64.595] US alar
[  64.595] [ADC1] STAT
[  65.033] [STATUS] t_ms=4183276 hwm=6 cap=256 dropped=0 dropped_total=63087 crc_err=0 crc_err_total=0 rate1=512 rate2=512 prod1=512 prod2=512 dac_err=0 tx_drop=377 hb_ms=0 sma_state=6 m7_us=22555354 m4_us=20360198 vdd=5.067 offset=0.5000 aref=3.145 loop_us_avg=33 loop_us_max=5862 loop_hz=30303 cycle_log_ms=1 n_cycle=4 cc=0 cc_hz=0 cc_i_tgt=0.6500 cc_u=2.5189 cc_r=3.8210 cc_tau_ms=7.00
[  65.597] US alarm(s):
[  65.597] [A
[  65.597] DC1] STAT
[  66.096] [STATUS] t_ms=4184276 hwm=6 cap=256 dropped=0 dropped_total=63087 crc_err=0 crc_err_total=0 rate1=512 rate2=512 prod1=512 prod2=512 dac_err=0 tx_drop=377 hb_ms=0 sma_state=6 m7_us=23587413 m4_us=21392326 vdd=5.067 offset=0.5000 aref=3.145 loop_us_avg=33 loop_us_max=5877 loop_hz=30303 cycle_log_ms=1 n_cycle=4 cc=0 cc_hz=0 cc_i_tgt=0.6500 cc_u=2.5189 cc_r=3.8210 cc_tau_ms=7.00
[  66.593] US alarm(
[  66.593] [ADC1] STAT
[  67.093] [STATUS] t_ms=4185276 hwm=6 cap=256 dropped=0 dropped_total=63087 crc_err=0 crc_err_total=0 rate1=512 rate2=512 prod1=512 prod2=512 dac_err=0 tx_drop=377 hb_ms=0 sma_state=6 m7_us=24619569 m4_us=22424454 vdd=5.067 offset=0.5000 aref=3.145 loop_us_avg=34 loop_us_max=5794 loop_hz=29411 cycle_log_ms=1 n_cycle=4 cc=0 cc_hz=0 cc_i_tgt=0.6500 cc_u=2.5189 cc_r=3.8210 cc_tau_ms=7.00
[  67.592] [ADC1] STAT
[  68.159] [STATUS] t_ms=4186276 hwm=6 cap=256 dropped=0 dropped_total=63087 crc_err=0 crc_err_total=0 rate1=512 rate2=512 prod1=512 prod2=512 dac_err=0 tx_drop=377 hb_ms=0 sma_state=6 m7_us=25651771 m4_us=23456649 vdd=5.067 offset=0.5000 aref=3.145 loop_us_avg=33 loop_us_max=5865 loop_hz=30303 cycle_log_ms=1 n_cycle=4 cc=0 cc_hz=0 cc_i_tgt=0.6500 cc_u=2.5189 cc_r=3.8210 cc_tau_ms=7.00
[  68.599] US alarm
[  68.599] [ADC1] STAT
[  69.163] [STATUS] t_ms=4187276 hwm=6 cap=256 dropped=0 dropped_total=63087 crc_err=0 crc_err_total=0 rate1=512 rate2=512 prod1=512 prod2=512 dac_err=0 tx_drop=377 hb_ms=0 sma_state=6 m7_us=26683928 m4_us=24488815 vdd=5.067 offset=0.5000 aref=3.145 loop_us_avg=33 loop_us_max=5859 loop_hz=30303 cycle_log_ms=1 n_cycle=4 cc=0 cc_hz=0 cc_i_tgt=0.6500 cc_u=2.5189 cc_r=3.8210 cc_tau_ms=7.00
[  69.600] US alarm
[  69.600] [ADC1] STAT
[  70.226] [STATUS] t_ms=4188276 hwm=6 cap=256 dropped=0 dropped_total=63087 crc_err=0 crc_err_total=0 rate1=512 rate2=512 prod1=512 prod2=512 dac_err=0 tx_drop=377 hb_ms=0 sma_state=6 m7_us=27716096 m4_us=25521001 vdd=5.067 offset=0.5000 aref=3.145 loop_us_avg=33 loop_us_max=5842 loop_hz=30303 cycle_log_ms=1 n_cycle=4 cc=0 cc_hz=0 cc_i_tgt=0.6500 cc_u=2.5189 cc_r=3.8210 cc_tau_ms=7.00
[  70.662] US alarm(s
[  70.662] [ADC1] STAT
[  71.226] [STATUS] t_ms=4189276 hwm=6 cap=256 dropped=0 dropped_total=63087 crc_err=0 crc_err_total=0 rate1=512 rate2=512 prod1=512 prod2=512 dac_err=0 tx_drop=377 hb_ms=0 sma_state=6 m7_us=28748276 m4_us=26553161 vdd=5.067 offset=0.5000 aref=3.145 loop_us_avg=33 loop_us_max=5793 loop_hz=30303 cycle_log_ms=1 n_cycle=4 cc=0 cc_hz=0 cc_i_tgt=0.6500 cc_u=2.5189 cc_r=3.8210 cc_tau_ms=7.00
[  71.664] US alar
[  71.664] [ADC1] STAT
[  72.293] [STATUS] t_ms=4190276 hwm=6 cap=256 dropped=0 dropped_total=63087 crc_err=0 crc_err_total=0 rate1=512 rate2=512 prod1=512 prod2=512 dac_err=0 tx_drop=377 hb_ms=0 sma_state=6 m7_us=29780502 m4_us=27585295 vdd=5.067 offset=0.5000 aref=3.145 loop_us_avg=33 loop_us_max=5797 loop_hz=30303 cycle_log_ms=1 n_cycle=4 cc=0 cc_hz=0 cc_i_tgt=0.6500 cc_u=2.5189 cc_r=3.8210 cc_tau_ms=7.00
[  72.672] [ADC1] STAT
[  73.296] [STATUS] t_ms=4191276 hwm=6 cap=256 dropped=0 dropped_total=63087 crc_err=0 crc_err_total=0 rate1=512 rate2=512 prod1=512 prod2=512 dac_err=0 tx_drop=377 hb_ms=0 sma_state=6 m7_us=30812565 m4_us=28617475 vdd=5.067 offset=0.5000 aref=3.145 loop_us_avg=33 loop_us_max=5898 loop_hz=30303 cycle_log_ms=1 n_cycle=4 cc=0 cc_hz=0 cc_i_tgt=0.6500 cc_u=2.5189 cc_r=3.8210 cc_tau_ms=7.00
[  73.673] US alarm
[  73.673] [ADC1] STAT
[  74.302] [STATUS] t_ms=4192276 hwm=6 cap=256 dropped=0 dropped_total=63087 crc_err=0 crc_err_total=0 rate1=512 rate2=512 prod1=512 prod2=512 dac_err=0 tx_drop=377 hb_ms=0 sma_state=6 m7_us=31844720 m4_us=29649625 vdd=5.067 offset=0.5000 aref=3.145 loop_us_avg=33 loop_us_max=5864 loop_hz=30303 cycle_log_ms=1 n_cycle=4 cc=0 cc_hz=0 cc_i_tgt=0.6500 cc_u=2.5189 cc_r=3.8210 cc_tau_ms=7.00
[  74.675] US alarm(s)
[  74.675] [ADC1] STAT
[  75.363] [STATUS] t_ms=4193276 hwm=6 cap=256 dropped=0 dropped_total=63087 crc_err=0 crc_err_total=0 rate1=512 rate2=512 prod1=512 prod2=512 dac_err=0 tx_drop=377 hb_ms=0 sma_state=6 m7_us=32876878 m4_us=30681791 vdd=5.067 offset=0.5000 aref=3.145 loop_us_avg=33 loop_us_max=5815 loop_hz=30303 cycle_log_ms=1 n_cycle=4 cc=0 cc_hz=0 cc_i_tgt=0.6500 cc_u=2.5189 cc_r=3.8210 cc_tau_ms=7.00
[  75.675] US alarm(
[  75.675] M
[  75.675] [ADC1] STAT
[  76.421] [STATUS] t_ms=4194276 hwm=6 cap=256 dropped=0 dropped_total=63087 crc_err=0 crc_err_total=0 rate1=512 rate2=512 prod1=512 prod2=512 dac_err=0 tx_drop=377 hb_ms=0 sma_state=6 m7_us=33909072 m4_us=31713951 vdd=5.067 offset=0.5000 aref=3.145 loop_us_avg=33 loop_us_max=5801 loop_hz=30303 cycle_log_ms=1 n_cycle=4 cc=0 cc_hz=0 cc_i_tgt=0.6500 cc_u=2.5189 cc_r=3.8210 cc_tau_ms=7.00
[  76.671] US ala
[  76.671] M
[  76.671] [ADC1] STAT
[  77.421] [STATUS] t_ms=4195276 hwm=6 cap=256 dropped=0 dropped_total=63087 crc_err=0 crc_err_total=0 rate1=512 rate2=512 prod1=512 prod2=512 dac_err=0 tx_drop=377 hb_ms=0 sma_state=6 m7_us=34941600 m4_us=32746156 vdd=5.067 offset=0.5000 aref=3.145 loop_us_avg=33 loop_us_max=5843 loop_hz=30303 cycle_log_ms=1 n_cycle=4 cc=0 cc_hz=0 cc_i_tgt=0.6500 cc_u=2.5189 cc_r=3.8210 cc_tau_ms=7.00
[  77.672] US alarm(s)
[  77.672] [ADC1] STAT
[  78.483] [STATUS] t_ms=4196276 hwm=6 cap=256 dropped=0 dropped_total=63087 crc_err=0 crc_err_total=0 rate1=512 rate2=512 prod1=512 prod2=512 dac_err=0 tx_drop=377 hb_ms=0 sma_state=6 m7_us=35973552 m4_us=33778367 vdd=5.067 offset=0.5000 aref=3.145 loop_us_avg=33 loop_us_max=6133 loop_hz=30303 cycle_log_ms=1 n_cycle=4 cc=0 cc_hz=0 cc_i_tgt=0.6500 cc_u=2.5189 cc_r=3.8210 cc_tau_ms=7.00
[  78.670] US a
[  78.670] [ADC1] STAT
[  79.482] [STATUS] t_ms=4197276 hwm=6 cap=256 dropped=0 dropped_total=63087 crc_err=0 crc_err_total=0 rate1=512 rate2=512 prod1=512 prod2=512 dac_err=0 tx_drop=377 hb_ms=0 sma_state=6 m7_us=37005666 m4_us=34810569 vdd=5.067 offset=0.5000 aref=3.145 loop_us_avg=33 loop_us_max=5948 loop_hz=30303 cycle_log_ms=1 n_cycle=4 cc=0 cc_hz=0 cc_i_tgt=0.6500 cc_u=2.5189 cc_r=3.8210 cc_tau_ms=7.00
[  79.732] US al
[  79.732] _ALM
[  79.732] [ADC1] STAT
[  80.550] [STATUS] t_ms=4198276 hwm=6 cap=256 dropped=0 dropped_total=63087 crc_err=0 crc_err_total=0 rate1=512 rate2=512 prod1=512 prod2=512 dac_err=0 tx_drop=377 hb_ms=0 sma_state=6 m7_us=38037864 m4_us=35842751 vdd=5.067 offset=0.5000 aref=3.145 loop_us_avg=33 loop_us_max=5800 loop_hz=30303 cycle_log_ms=1 n_cycle=4 cc=0 cc_hz=0 cc_i_tgt=0.6500 cc_u=2.5189 cc_r=3.8210 cc_tau_ms=7.00
[  80.738] US alarm(s):
[  80.738] [ADC1] STAT
[  81.552] [STATUS] t_ms=4199276 hwm=6 cap=256 dropped=0 dropped_total=63087 crc_err=0 crc_err_total=0 rate1=512 rate2=512 prod1=512 prod2=512 dac_err=0 tx_drop=377 hb_ms=0 sma_state=6 m7_us=39069980 m4_us=36874905 vdd=5.067 offset=0.5000 aref=3.145 loop_us_avg=33 loop_us_max=5850 loop_hz=30303 cycle_log_ms=1 n_cycle=4 cc=0 cc_hz=0 cc_i_tgt=0.6500 cc_u=2.5189 cc_r=3.8210 cc_tau_ms=7.00
[  81.742] US alarm(
[  81.742] [ADC1] STAT
[  82.615] [STATUS] t_ms=4200276 hwm=6 cap=256 dropped=0 dropped_total=63087 crc_err=0 crc_err_total=0 rate1=512 rate2=512 prod1=512 prod2=512 dac_err=0 tx_drop=377 hb_ms=0 sma_state=6 m7_us=40102193 m4_us=37907097 vdd=5.067 offset=0.5000 aref=3.145 loop_us_avg=33 loop_us_max=5863 loop_hz=30303 cycle_log_ms=1 n_cycle=4 cc=0 cc_hz=0 cc_i_tgt=0.6500 cc_u=2.5189 cc_r=3.8210 cc_tau_ms=7.00
[  82.740] US alarm(s)
[  82.740] [ADC1] STAT
[  83.609] [STATUS] t_ms=4201276 hwm=6 cap=256 dropped=0 dropped_total=63087 crc_err=0 crc_err_total=0 rate1=512 rate2=512 prod1=512 prod2=512 dac_err=0 tx_drop=377 hb_ms=0 sma_state=6 m7_us=41134352 m4_us=38939257 vdd=5.067 offset=0.5000 aref=3.145 loop_us_avg=33 loop_us_max=5802 loop_hz=30303 cycle_log_ms=1 n_cycle=4 cc=0 cc_hz=0 cc_i_tgt=0.6500 cc_u=2.5189 cc_r=3.8210 cc_tau_ms=7.00
[  83.734] [ADC1] STAT
[  84.674] [STATUS] t_ms=4202276 hwm=6 cap=256 dropped=0 dropped_total=63087 crc_err=0 crc_err_total=0 rate1=512 rate2=512 prod1=512 prod2=512 dac_err=0 tx_drop=377 hb_ms=0 sma_state=6 m7_us=42166501 m4_us=39971433 vdd=5.067 offset=0.5000 aref=3.145 loop_us_avg=33 loop_us_max=5787 loop_hz=30303 cycle_log_ms=1 n_cycle=4 cc=0 cc_hz=0 cc_i_tgt=0.6500 cc_u=2.5189 cc_r=3.8210 cc_tau_ms=7.00
[  84.738] US ala
[  84.738] [ADC1] STA
[  85.673] [STATUS] t_ms=4203276 hwm=6 cap=256 dropped=0 dropped_total=63087 crc_err=0 crc_err_total=0 rate1=512 rate2=512 prod1=512 prod2=512 dac_err=0 tx_drop=377 hb_ms=0 sma_state=6 m7_us=43198761 m4_us=41003670 vdd=5.067 offset=0.5000 aref=3.145 loop_us_avg=34 loop_us_max=5821 loop_hz=29411 cycle_log_ms=1 n_cycle=4 cc=0 cc_hz=0 cc_i_tgt=0.6500 cc_u=2.5189 cc_r=3.8210 cc_tau_ms=7.00
[  85.735] TUS alarm
[  85.735] M
[  85.735] [ADC1] ST
[  86.734] [STATUS] t_ms=4204276 hwm=6 cap=256 dropped=0 dropped_total=63087 crc_err=0 crc_err_total=0 rate1=512 rate2=512 prod1=512 prod2=512 dac_err=0 tx_drop=377 hb_ms=0 sma_state=6 m7_us=44230999 m4_us=42035884 vdd=5.067 offset=0.5000 aref=3.145 loop_us_avg=33 loop_us_max=5784 loop_hz=30303 cycle_log_ms=1 n_cycle=4 cc=0 cc_hz=0 cc_i_tgt=0.6500 cc_u=2.5189 cc_r=3.8210 cc_tau_ms=7.00
[  86.734] ATUS alarm(
[  86.734] [ADC1] STA
[  87.737] [STATUS] t_ms=4205276 hwm=6 cap=256 dropped=0 dropped_total=63087 crc_err=0 crc_err_total=0 rate1=512 rate2=512 prod1=512 prod2=512 dac_err=0 tx_drop=377 hb_ms=0 sma_state=6 m7_us=45263172 m4_us=43068063 vdd=5.067 offset=0.5000 aref=3.145 loop_us_avg=33 loop_us_max=5846 loop_hz=30303 cycle_log_ms=1 n_cycle=4 cc=0 cc_hz=0 cc_i_tgt=0.6500 cc_u=2.5189 cc_r=3.8210 cc_tau_ms=7.00
[  87.737] TUS
[  87.737] alarm(s): 0x9 PGA
[  87.737] L_ALM
[  87.737] [ADC1] S
[  87.737] TAT
[  88.797] US alarm(s): 0x4
[  88.797] [ADC1] S
[  88.797] [STATUS] t_ms=4206276 hwm=6 cap=256 dropped=0 dropped_total=63087 crc_err=0 crc_err_total=0 rate1=511 rate2=512 prod1=512 prod2=513 dac_err=0 tx_drop=377 hb_ms=0 sma_state=6 m7_us=46295407 m4_us=44099210 vdd=5.067 offset=0.5000 aref=3.145 loop_us_avg=33 loop_us_max=5820 loop_hz=30303 cycle_log_ms=1 n_cycle=4 cc=0 cc_hz=0 cc_i_tgt=0.6500 cc_u=2.5189 cc_r=3.8210 cc_tau_ms=7.00
[  88.797] TAT
[  89.796] [ADC1] STAT
[  89.796] [STATUS] t_ms=4207276 hwm=7 cap=256 dropped=0 dropped_total=63087 crc_err=0 crc_err_total=0 rate1=513 rate2=512 prod1=512 prod2=511 dac_err=0 tx_drop=377 hb_ms=0 sma_state=6 m7_us=47327488 m4_us=45132367 vdd=5.067 offset=0.5000 aref=3.145 loop_us_avg=33 loop_us_max=5893 loop_hz=30303 cycle_log_ms=1 n_cycle=4 cc=0 cc_hz=0 cc_i_tgt=0.6500 cc_u=2.5189 cc_r=3.8210 cc_tau_ms=7.00
[  90.795] US al
[  90.795] [ADC1] STAT
[  90.858] [STATUS] t_ms=4208276 hwm=6 cap=256 dropped=0 dropped_total=63087 crc_err=0 crc_err_total=0 rate1=512 rate2=512 prod1=512 prod2=512 dac_err=0 tx_drop=377 hb_ms=0 sma_state=6 m7_us=48359714 m4_us=46164569 vdd=5.067 offset=0.5000 aref=3.145 loop_us_avg=34 loop_us_max=5906 loop_hz=29411 cycle_log_ms=1 n_cycle=4 cc=0 cc_hz=0 cc_i_tgt=0.6500 cc_u=2.5189 cc_r=3.8210 cc_tau_ms=7.00
[  91.794] US alarm(s):
[  91.794] [ADC1] STAT
[  91.855] [STATUS] t_ms=4209276 hwm=6 cap=256 dropped=0 dropped_total=63087 crc_err=0 crc_err_total=0 rate1=512 rate2=512 prod1=512 prod2=512 dac_err=0 tx_drop=377 hb_ms=0 sma_state=6 m7_us=49391898 m4_us=47196748 vdd=5.067 offset=0.5000 aref=3.145 loop_us_avg=33 loop_us_max=5843 loop_hz=30303 cycle_log_ms=1 n_cycle=4 cc=0 cc_hz=0 cc_i_tgt=0.6500 cc_u=2.5189 cc_r=3.8210 cc_tau_ms=7.00
[  92.793] US alarm
[  92.793] ALM
[  92.793] [ADC1] STA
[  92.793] T
[  92.918] [STATUS] t_ms=4210276 hwm=6 cap=256 dropped=0 dropped_total=63087 crc_err=0 crc_err_total=0 rate1=512 rate2=512 prod1=512 prod2=512 dac_err=0 tx_drop=377 hb_ms=0 sma_state=6 m7_us=50424061 m4_us=48228943 vdd=5.067 offset=0.5000 aref=3.145 loop_us_avg=33 loop_us_max=5847 loop_hz=30303 cycle_log_ms=1 n_cycle=4 cc=0 cc_hz=0 cc_i_tgt=0.6500 cc_u=2.5189 cc_r=3.8210 cc_tau_ms=7.00
[  93.794] US al
[  93.794] ALM
[  93.794] [ADC1] STA
[  93.794] T
[  93.919] [STATUS] t_ms=4211276 hwm=6 cap=256 dropped=0 dropped_total=63087 crc_err=0 crc_err_total=0 rate1=512 rate2=512 prod1=512 prod2=512 dac_err=0 tx_drop=377 hb_ms=0 sma_state=6 m7_us=51456217 m4_us=49261113 vdd=5.067 offset=0.5000 aref=3.145 loop_us_avg=33 loop_us_max=5832 loop_hz=30303 cycle_log_ms=1 n_cycle=4 cc=0 cc_hz=0 cc_i_tgt=0.6500 cc_u=2.5189 cc_r=3.8210 cc_tau_ms=7.00
[  93.981] [SMA] [ACT] heat n=4/6 I=650.0mA ms=300
[  94.295] [SMA] [ACT] cool n=4/6 I=0.0mA ms=30000
[  94.792] [ADC
[  94.792] 1] STAT
[  94.981] [STATUS] t_ms=4212276 hwm=6 cap=256 dropped=0 dropped_total=63087 crc_err=0 crc_err_total=0 rate1=512 rate2=512 prod1=512 prod2=512 dac_err=0 tx_drop=377 hb_ms=0 sma_state=6 m7_us=52488454 m4_us=50293286 vdd=5.067 offset=0.5000 aref=3.145 loop_us_avg=42 loop_us_max=5825 loop_hz=23809 cycle_log_ms=1 n_cycle=4 cc=0 cc_hz=309 cc_i_tgt=0.6500 cc_u=2.4592 cc_r=3.7983 cc_tau_ms=7.00
[  95.859] US ala
[  95.859] [ADC1] STAT
[  95.983] [STATUS] t_ms=4213276 hwm=6 cap=256 dropped=0 dropped_total=63087 crc_err=0 crc_err_total=0 rate1=512 rate2=512 prod1=512 prod2=512 dac_err=0 tx_drop=377 hb_ms=0 sma_state=6 m7_us=53520586 m4_us=51325465 vdd=5.067 offset=0.5000 aref=3.145 loop_us_avg=33 loop_us_max=5907 loop_hz=30303 cycle_log_ms=1 n_cycle=4 cc=0 cc_hz=0 cc_i_tgt=0.6500 cc_u=2.4592 cc_r=3.7983 cc_tau_ms=7.00
[  96.857] US alarm(s)
[  96.857] [ADC1] STAT
[  97.046] [STATUS] t_ms=4214276 hwm=6 cap=256 dropped=0 dropped_total=63087 crc_err=0 crc_err_total=0 rate1=512 rate2=512 prod1=512 prod2=512 dac_err=0 tx_drop=377 hb_ms=0 sma_state=6 m7_us=54552744 m4_us=52357638 vdd=5.067 offset=0.5000 aref=3.145 loop_us_avg=33 loop_us_max=5849 loop_hz=30303 cycle_log_ms=1 n_cycle=4 cc=0 cc_hz=0 cc_i_tgt=0.6500 cc_u=2.4592 cc_r=3.7983 cc_tau_ms=7.00
[  97.856] US alarm(
[  97.856] [ADC1] STAT
[  98.045] [STATUS] t_ms=4215276 hwm=6 cap=256 dropped=0 dropped_total=63087 crc_err=0 crc_err_total=0 rate1=512 rate2=512 prod1=512 prod2=512 dac_err=0 tx_drop=377 hb_ms=0 sma_state=6 m7_us=55584898 m4_us=53389801 vdd=5.067 offset=0.5000 aref=3.145 loop_us_avg=33 loop_us_max=5867 loop_hz=30303 cycle_log_ms=1 n_cycle=4 cc=0 cc_hz=0 cc_i_tgt=0.6500 cc_u=2.4592 cc_r=3.7983 cc_tau_ms=7.00
[  98.854] US alarm(s)
[  98.854] [ADC1] STAT
[  99.107] [STATUS] t_ms=4216276 hwm=6 cap=256 dropped=0 dropped_total=63087 crc_err=0 crc_err_total=0 rate1=512 rate2=512 prod1=512 prod2=512 dac_err=0 tx_drop=377 hb_ms=0 sma_state=6 m7_us=56617107 m4_us=54421993 vdd=5.067 offset=0.5000 aref=3.145 loop_us_avg=33 loop_us_max=5814 loop_hz=30303 cycle_log_ms=1 n_cycle=4 cc=0 cc_hz=0 cc_i_tgt=0.6500 cc_u=2.4592 cc_r=3.7983 cc_tau_ms=7.00
[  99.856] [ADC1] STAT
[ 100.109] [STATUS] t_ms=4217276 hwm=6 cap=256 dropped=0 dropped_total=63087 crc_err=0 crc_err_total=0 rate1=512 rate2=512 prod1=512 prod2=512 dac_err=0 tx_drop=377 hb_ms=0 sma_state=6 m7_us=57649263 m4_us=55454153 vdd=5.067 offset=0.5000 aref=3.145 loop_us_avg=33 loop_us_max=5849 loop_hz=30303 cycle_log_ms=1 n_cycle=4 cc=0 cc_hz=0 cc_i_tgt=0.6500 cc_u=2.4592 cc_r=3.7983 cc_tau_ms=7.00
[ 100.864] US al
[ 100.864] [ADC1] STAT
[ 101.175] [STATUS] t_ms=4218276 hwm=6 cap=256 dropped=0 dropped_total=63087 crc_err=0 crc_err_total=0 rate1=512 rate2=512 prod1=512 prod2=512 dac_err=0 tx_drop=377 hb_ms=0 sma_state=6 m7_us=58681443 m4_us=56486303 vdd=5.067 offset=0.5000 aref=3.145 loop_us_avg=33 loop_us_max=5886 loop_hz=30303 cycle_log_ms=1 n_cycle=4 cc=0 cc_hz=0 cc_i_tgt=0.6500 cc_u=2.4592 cc_r=3.7983 cc_tau_ms=7.00
[ 101.860] US alar
[ 101.860] ALM
[ 101.860] [ADC1] STAT
[ 102.175] [STATUS] t_ms=4219276 hwm=6 cap=256 dropped=0 dropped_total=63087 crc_err=0 crc_err_total=0 rate1=512 rate2=512 prod1=512 prod2=512 dac_err=0 tx_drop=377 hb_ms=0 sma_state=6 m7_us=59713632 m4_us=57518489 vdd=5.067 offset=0.5000 aref=3.145 loop_us_avg=33 loop_us_max=5821 loop_hz=30303 cycle_log_ms=1 n_cycle=4 cc=0 cc_hz=0 cc_i_tgt=0.6500 cc_u=2.4592 cc_r=3.7983 cc_tau_ms=7.00
[ 102.861] US al
[ 102.861] _ALM
[ 102.861] [ADC1] STAT
[ 103.233] [STATUS] t_ms=4220276 hwm=6 cap=256 dropped=0 dropped_total=63087 crc_err=0 crc_err_total=0 rate1=512 rate2=512 prod1=512 prod2=512 dac_err=0 tx_drop=377 hb_ms=0 sma_state=6 m7_us=60745692 m4_us=58550585 vdd=5.067 offset=0.5000 aref=3.145 loop_us_avg=33 loop_us_max=5861 loop_hz=30303 cycle_log_ms=1 n_cycle=4 cc=0 cc_hz=0 cc_i_tgt=0.6500 cc_u=2.4592 cc_r=3.7983 cc_tau_ms=7.00
[ 103.925] US alar
[ 103.925] M
[ 103.925] [ADC1] STAT
[ 104.237] [STATUS] t_ms=4221276 hwm=6 cap=256 dropped=0 dropped_total=63087 crc_err=0 crc_err_total=0 rate1=512 rate2=512 prod1=512 prod2=512 dac_err=0 tx_drop=377 hb_ms=0 sma_state=6 m7_us=61777799 m4_us=59582687 vdd=5.067 offset=0.5000 aref=3.145 loop_us_avg=34 loop_us_max=5823 loop_hz=29411 cycle_log_ms=1 n_cycle=4 cc=0 cc_hz=0 cc_i_tgt=0.6500 cc_u=2.4592 cc_r=3.7983 cc_tau_ms=7.00
[ 104.929] [ADC1] STAT
[ 105.304] [STATUS] t_ms=4222276 hwm=6 cap=256 dropped=0 dropped_total=63087 crc_err=0 crc_err_total=0 rate1=512 rate2=512 prod1=512 prod2=512 dac_err=0 tx_drop=377 hb_ms=0 sma_state=6 m7_us=62809931 m4_us=60614838 vdd=5.067 offset=0.5000 aref=3.145 loop_us_avg=33 loop_us_max=5825 loop_hz=30303 cycle_log_ms=1 n_cycle=4 cc=0 cc_hz=0 cc_i_tgt=0.6500 cc_u=2.4592 cc_r=3.7983 cc_tau_ms=7.00
[ 105.929] [ADC1] STAT
[ 106.304] [STATUS] t_ms=4223276 hwm=6 cap=256 dropped=0 dropped_total=63087 crc_err=0 crc_err_total=0 rate1=512 rate2=512 prod1=512 prod2=512 dac_err=0 tx_drop=377 hb_ms=0 sma_state=6 m7_us=63842108 m4_us=61647001 vdd=5.067 offset=0.5000 aref=3.145 loop_us_avg=33 loop_us_max=5837 loop_hz=30303 cycle_log_ms=1 n_cycle=4 cc=0 cc_hz=0 cc_i_tgt=0.6500 cc_u=2.4592 cc_r=3.7983 cc_tau_ms=7.00
[ 106.928] US
[ 106.928] alarm(s): 0xC9 P
[ 106.928] GAL_ALM
[ 106.928] [ADC1] STAT
[ 107.361] [STATUS] t_ms=4224276 hwm=6 cap=256 dropped=0 dropped_total=63087 crc_err=0 crc_err_total=0 rate1=512 rate2=512 prod1=512 prod2=512 dac_err=0 tx_drop=377 hb_ms=0 sma_state=6 m7_us=64874308 m4_us=62679167 vdd=5.067 offset=0.5000 aref=3.145 loop_us_avg=33 loop_us_max=5821 loop_hz=30303 cycle_log_ms=1 n_cycle=4 cc=0 cc_hz=0 cc_i_tgt=0.6500 cc_u=2.4592 cc_r=3.7983 cc_tau_ms=7.00
[ 107.925] US alarm(s
[ 107.925] [ADC1] STAT
[ 108.361] [STATUS] t_ms=4225276 hwm=6 cap=256 dropped=0 dropped_total=63087 crc_err=0 crc_err_total=0 rate1=512 rate2=512 prod1=512 prod2=512 dac_err=0 tx_drop=377 hb_ms=0 sma_state=6 m7_us=65906384 m4_us=63711289 vdd=5.067 offset=0.5000 aref=3.145 loop_us_avg=33 loop_us_max=5809 loop_hz=30303 cycle_log_ms=1 n_cycle=4 cc=0 cc_hz=0 cc_i_tgt=0.6500 cc_u=2.4592 cc_r=3.7983 cc_tau_ms=7.00
[ 108.922] US
[ 108.922] alarm(s): 0xC
[ 108.922] [ADC
[ 108.922] 1] STAT
[ 109.422] [STATUS] t_ms=4226276 hwm=6 cap=256 dropped=0 dropped_total=63087 crc_err=0 crc_err_total=0 rate1=512 rate2=512 prod1=512 prod2=512 dac_err=0 tx_drop=377 hb_ms=0 sma_state=6 m7_us=66938542 m4_us=64743427 vdd=5.067 offset=0.5000 aref=3.145 loop_us_avg=33 loop_us_max=5800 loop_hz=30303 cycle_log_ms=1 n_cycle=4 cc=0 cc_hz=0 cc_i_tgt=0.6500 cc_u=2.4592 cc_r=3.7983 cc_tau_ms=7.00
[ 109.920] [ADC1] STAT
[ 110.479] [STATUS] t_ms=4227276 hwm=6 cap=256 dropped=0 dropped_total=63087 crc_err=0 crc_err_total=0 rate1=512 rate2=512 prod1=512 prod2=512 dac_err=0 tx_drop=377 hb_ms=0 sma_state=6 m7_us=67970711 m4_us=65775555 vdd=5.067 offset=0.5000 aref=3.145 loop_us_avg=33 loop_us_max=5867 loop_hz=30303 cycle_log_ms=1 n_cycle=4 cc=0 cc_hz=0 cc_i_tgt=0.6500 cc_u=2.4592 cc_r=3.7983 cc_tau_ms=7.00
[ 110.919] [ADC1] STAT
[ 111.480] [STATUS] t_ms=4228276 hwm=6 cap=256 dropped=0 dropped_total=63087 crc_err=0 crc_err_total=0 rate1=512 rate2=512 prod1=512 prod2=512 dac_err=0 tx_drop=377 hb_ms=0 sma_state=6 m7_us=69002793 m4_us=66807689 vdd=5.067 offset=0.5000 aref=3.145 loop_us_avg=33 loop_us_max=5842 loop_hz=30303 cycle_log_ms=1 n_cycle=4 cc=0 cc_hz=0 cc_i_tgt=0.6500 cc_u=2.4592 cc_r=3.7983 cc_tau_ms=7.00
[ 111.981] US alarm(s)
[ 111.981] [ADC1] STAT
[ 112.547] [STATUS] t_ms=4229276 hwm=6 cap=256 dropped=0 dropped_total=63087 crc_err=0 crc_err_total=0 rate1=512 rate2=512 prod1=512 prod2=512 dac_err=0 tx_drop=377 hb_ms=0 sma_state=6 m7_us=70034906 m4_us=67839839 vdd=5.067 offset=0.5000 aref=3.145 loop_us_avg=34 loop_us_max=5781 loop_hz=29411 cycle_log_ms=1 n_cycle=4 cc=0 cc_hz=0 cc_i_tgt=0.6500 cc_u=2.4592 cc_r=3.7983 cc_tau_ms=7.00
[ 112.986] US
[ 112.986] alarm(s): 0xC9 P
[ 112.986] GAL_ALM
[ 112.986] [ADC1]
[ 112.986] STAT
[ 113.551] [STATUS] t_ms=4230276 hwm=6 cap=256 dropped=0 dropped_total=63087 crc_err=0 crc_err_total=0 rate1=512 rate2=512 prod1=512 prod2=512 dac_err=0 tx_drop=377 hb_ms=0 sma_state=6 m7_us=71067119 m4_us=68872009 vdd=5.067 offset=0.5000 aref=3.145 loop_us_avg=33 loop_us_max=5898 loop_hz=30303 cycle_log_ms=1 n_cycle=4 cc=0 cc_hz=0 cc_i_tgt=0.6500 cc_u=2.4592 cc_r=3.7983 cc_tau_ms=7.00
[ 113.991] US ala
[ 113.991] [ADC1] STAT
[ 114.613] [STATUS] t_ms=4231276 hwm=6 cap=256 dropped=0 dropped_total=63087 crc_err=0 crc_err_total=0 rate1=512 rate2=512 prod1=512 prod2=512 dac_err=0 tx_drop=377 hb_ms=0 sma_state=6 m7_us=72099359 m4_us=69904182 vdd=5.067 offset=0.5000 aref=3.145 loop_us_avg=33 loop_us_max=5870 loop_hz=30303 cycle_log_ms=1 n_cycle=4 cc=0 cc_hz=0 cc_i_tgt=0.6500 cc_u=2.4592 cc_r=3.7983 cc_tau_ms=7.00
[ 114.989] [ADC1] STAT
[ 115.613] [STATUS] t_ms=4232276 hwm=6 cap=256 dropped=0 dropped_total=63087 crc_err=0 crc_err_total=0 rate1=512 rate2=512 prod1=512 prod2=512 dac_err=0 tx_drop=377 hb_ms=0 sma_state=6 m7_us=73131380 m4_us=70936313 vdd=5.067 offset=0.5000 aref=3.145 loop_us_avg=33 loop_us_max=5958 loop_hz=30303 cycle_log_ms=1 n_cycle=4 cc=0 cc_hz=0 cc_i_tgt=0.6500 cc_u=2.4592 cc_r=3.7983 cc_tau_ms=7.00
[ 115.986] [ADC1] STAT
[ 116.640] [STATUS] t_ms=4233276 hwm=6 cap=256 dropped=0 dropped_total=63087 crc_err=0 crc_err_total=0 rate1=512 rate2=512 prod1=512 prod2=512 dac_err=0 tx_drop=377 hb_ms=0 sma_state=6 m7_us=74163546 m4_us=71968441 vdd=5.067 offset=0.5000 aref=3.145 loop_us_avg=33 loop_us_max=5809 loop_hz=30303 cycle_log_ms=1 n_cycle=4 cc=0 cc_hz=0 cc_i_tgt=0.6500 cc_u=2.4592 cc_r=3.7983 cc_tau_ms=7.00
[ 117.016] US alarm(s
[ 117.016] [ADC1] STAT
[ 117.708] [STATUS] t_ms=4234276 hwm=6 cap=256 dropped=0 dropped_total=63087 crc_err=0 crc_err_total=0 rate1=512 rate2=512 prod1=512 prod2=512 dac_err=0 tx_drop=377 hb_ms=0 sma_state=6 m7_us=75195702 m4_us=73000588 vdd=5.067 offset=0.5000 aref=3.145 loop_us_avg=33 loop_us_max=5821 loop_hz=30303 cycle_log_ms=1 n_cycle=4 cc=0 cc_hz=0 cc_i_tgt=0.6500 cc_u=2.4592 cc_r=3.7983 cc_tau_ms=7.00
[ 118.020] US
[ 118.020] alarm(s): 0xC9
[ 118.020] [ADC1]
[ 118.020] STAT
[ 118.704] [STATUS] t_ms=4235276 hwm=6 cap=256 dropped=0 dropped_total=63087 crc_err=0 crc_err_total=0 rate1=512 rate2=512 prod1=512 prod2=512 dac_err=0 tx_drop=377 hb_ms=0 sma_state=6 m7_us=76227864 m4_us=74032774 vdd=5.067 offset=0.5000 aref=3.145 loop_us_avg=33 loop_us_max=5885 loop_hz=30303 cycle_log_ms=1 n_cycle=4 cc=0 cc_hz=0 cc_i_tgt=0.6500 cc_u=2.4592 cc_r=3.7983 cc_tau_ms=7.00
[ 119.018] US alar
[ 119.018] M
[ 119.018] [ADC1] STAT
[ 119.768] [STATUS] t_ms=4236276 hwm=6 cap=256 dropped=0 dropped_total=63087 crc_err=0 crc_err_total=0 rate1=512 rate2=512 prod1=512 prod2=512 dac_err=0 tx_drop=377 hb_ms=0 sma_state=6 m7_us=77260007 m4_us=75064947 vdd=5.067 offset=0.5000 aref=3.145 loop_us_avg=33 loop_us_max=5772 loop_hz=30303 cycle_log_ms=1 n_cycle=4 cc=0 cc_hz=0 cc_i_tgt=0.6500 cc_u=2.4592 cc_r=3.7983 cc_tau_ms=7.00
[ 120.019] US alarm(
[ 120.019] [ADC1] STAT
[ 120.774] [STATUS] t_ms=4237276 hwm=6 cap=256 dropped=0 dropped_total=63087 crc_err=0 crc_err_total=0 rate1=512 rate2=512 prod1=512 prod2=512 dac_err=0 tx_drop=377 hb_ms=0 sma_state=6 m7_us=78292170 m4_us=76097062 vdd=5.067 offset=0.5000 aref=3.145 loop_us_avg=33 loop_us_max=5755 loop_hz=30303 cycle_log_ms=1 n_cycle=4 cc=0 cc_hz=0 cc_i_tgt=0.6500 cc_u=2.4592 cc_r=3.7983 cc_tau_ms=7.00
[ 121.025] [ADC1] STAT
[ 121.778] [STATUS] t_ms=4238276 hwm=6 cap=256 dropped=0 dropped_total=63087 crc_err=0 crc_err_total=0 rate1=512 rate2=512 prod1=512 prod2=512 dac_err=0 tx_drop=377 hb_ms=0 sma_state=6 m7_us=79324282 m4_us=77129203 vdd=5.067 offset=0.5000 aref=3.145 loop_us_avg=33 loop_us_max=5925 loop_hz=30303 cycle_log_ms=1 n_cycle=4 cc=0 cc_hz=0 cc_i_tgt=0.6500 cc_u=2.4592 cc_r=3.7983 cc_tau_ms=7.00
[ 122.024] [ADC1] STAT
[ 122.831] [STATUS] t_ms=4239276 hwm=6 cap=256 dropped=0 dropped_total=63087 crc_err=0 crc_err_total=0 rate1=512 rate2=512 prod1=512 prod2=512 dac_err=0 tx_drop=377 hb_ms=0 sma_state=6 m7_us=80356450 m4_us=78161353 vdd=5.067 offset=0.5000 aref=3.145 loop_us_avg=33 loop_us_max=5804 loop_hz=30303 cycle_log_ms=1 n_cycle=4 cc=0 cc_hz=0 cc_i_tgt=0.6500 cc_u=2.4592 cc_r=3.7983 cc_tau_ms=7.00
[ 123.018] US alarm(s)
[ 123.018] [ADC1] STAT
[ 123.892] [STATUS] t_ms=4240276 hwm=6 cap=256 dropped=0 dropped_total=63087 crc_err=0 crc_err_total=0 rate1=512 rate2=512 prod1=512 prod2=512 dac_err=0 tx_drop=377 hb_ms=0 sma_state=6 m7_us=81388600 m4_us=79193475 vdd=5.067 offset=0.5000 aref=3.145 loop_us_avg=33 loop_us_max=5794 loop_hz=30303 cycle_log_ms=1 n_cycle=4 cc=0 cc_hz=0 cc_i_tgt=0.6500 cc_u=2.4592 cc_r=3.7983 cc_tau_ms=7.00
[ 124.078] US alar
[ 124.078] [ADC1] STAT
[ 124.892] [STATUS] t_ms=4241276 hwm=6 cap=256 dropped=0 dropped_total=63087 crc_err=0 crc_err_total=0 rate1=512 rate2=512 prod1=512 prod2=512 dac_err=0 tx_drop=377 hb_ms=0 sma_state=6 m7_us=82420708 m4_us=80225583 vdd=5.067 offset=0.5000 aref=3.145 loop_us_avg=33 loop_us_max=5844 loop_hz=30303 cycle_log_ms=1 n_cycle=4 cc=0 cc_hz=0 cc_i_tgt=0.6500 cc_u=2.4592 cc_r=3.7983 cc_tau_ms=7.00
[ 125.080] US alarm(s
[ 125.080] [ADC1] STAT
[ 125.268] [SMA] [ACT] heat n=5/6 I=650.0mA ms=300
[ 125.520] [SMA] [ACT] cool n=5/6 I=0.0mA ms=30000
[ 125.954] [STATUS] t_ms=4242276 hwm=6 cap=256 dropped=0 dropped_total=63087 crc_err=0 crc_err_total=0 rate1=512 rate2=513 prod1=512 prod2=513 dac_err=0 tx_drop=377 hb_ms=0 sma_state=6 m7_us=83452921 m4_us=81258672 vdd=5.067 offset=0.5000 aref=3.145 loop_us_avg=42 loop_us_max=5837 loop_hz=23809 cycle_log_ms=1 n_cycle=4 cc=0 cc_hz=309 cc_i_tgt=0.6500 cc_u=2.4788 cc_r=3.8091 cc_tau_ms=7.00
[ 126.080] [ADC1] STAT
[ 126.954] [STATUS] t_ms=4243276 hwm=5 cap=256 dropped=0 dropped_total=63087 crc_err=0 crc_err_total=0 rate1=512 rate2=511 prod1=512 prod2=511 dac_err=0 tx_drop=377 hb_ms=0 sma_state=6 m7_us=84484873 m4_us=82289759 vdd=5.067 offset=0.5000 aref=3.145 loop_us_avg=33 loop_us_max=5044 loop_hz=30303 cycle_log_ms=1 n_cycle=4 cc=0 cc_hz=0 cc_i_tgt=0.6500 cc_u=2.4788 cc_r=3.8091 cc_tau_ms=7.00
[ 127.081] [ADC1] STAT
[ 128.021] [STATUS] t_ms=4244276 hwm=6 cap=256 dropped=0 dropped_total=63087 crc_err=0 crc_err_total=0 rate1=512 rate2=512 prod1=512 prod2=512 dac_err=0 tx_drop=377 hb_ms=0 sma_state=6 m7_us=85516938 m4_us=83321830 vdd=5.067 offset=0.5000 aref=3.145 loop_us_avg=33 loop_us_max=5853 loop_hz=30303 cycle_log_ms=1 n_cycle=4 cc=0 cc_hz=0 cc_i_tgt=0.6500 cc_u=2.4788 cc_r=3.8091 cc_tau_ms=7.00
[ 128.084] US alarm(s)
[ 128.084] [ADC1] STAT
[ 129.032] [STATUS] t_ms=4245276 hwm=6 cap=256 dropped=0 dropped_total=63087 crc_err=0 crc_err_total=0 rate1=512 rate2=512 prod1=512 prod2=512 dac_err=0 tx_drop=377 hb_ms=0 sma_state=6 m7_us=86549034 m4_us=84353967 vdd=5.067 offset=0.5000 aref=3.145 loop_us_avg=33 loop_us_max=5807 loop_hz=30303 cycle_log_ms=1 n_cycle=4 cc=0 cc_hz=0 cc_i_tgt=0.6500 cc_u=2.4788 cc_r=3.8091 cc_tau_ms=7.00
[ 129.094] US alarm(s
[ 129.094] [ADC1] STAT
[ 130.094] [STATUS] t_ms=4246276 hwm=6 cap=256 dropped=0 dropped_total=63087 crc_err=0 crc_err_total=0 rate1=512 rate2=512 prod1=512 prod2=512 dac_err=0 tx_drop=377 hb_ms=0 sma_state=6 m7_us=87581141 m4_us=85386057 vdd=5.067 offset=0.5000 aref=3.145 loop_us_avg=33 loop_us_max=5845 loop_hz=30303 cycle_log_ms=1 n_cycle=4 cc=0 cc_hz=0 cc_i_tgt=0.6500 cc_u=2.4788 cc_r=3.8091 cc_tau_ms=7.00
[ 130.094] US a
[ 130.094] larm(s): 0x89 PG
[ 130.094] AL_ALM
[ 130.094] [ADC1]
[ 130.094] STA
[ 131.092] [STATUS] t_ms=4247276 hwm=6 cap=256 dropped=0 dropped_total=63087 crc_err=0 crc_err_total=0 rate1=512 rate2=512 prod1=512 prod2=512 dac_err=0 tx_drop=377 hb_ms=0 sma_state=6 m7_us=88613298 m4_us=86418198 vdd=5.067 offset=0.5000 aref=3.145 loop_us_avg=33 loop_us_max=5933 loop_hz=30303 cycle_log_ms=1 n_cycle=4 cc=0 cc_hz=0 cc_i_tgt=0.6500 cc_u=2.4788 cc_r=3.8091 cc_tau_ms=7.00
[ 131.092] TUS alarm(s): 0x89
[ 131.092] [ADC1]
[ 131.092] ST
[ 132.091] [ADC1] S
[ 132.153] [STATUS] t_ms=4248276 hwm=6 cap=256 dropped=0 dropped_total=63087 crc_err=0 crc_err_total=0 rate1=512 rate2=512 prod1=512 prod2=512 dac_err=0 tx_drop=377 hb_ms=0 sma_state=6 m7_us=89645405 m4_us=87450310 vdd=5.067 offset=0.5000 aref=3.145 loop_us_avg=33 loop_us_max=5807 loop_hz=30303 cycle_log_ms=1 n_cycle=4 cc=0 cc_hz=0 cc_i_tgt=0.6500 cc_u=2.4788 cc_r=3.8091 cc_tau_ms=7.00
[ 133.155] TA
[ 133.155] [ADC1] S
[ 133.155] [STATUS] t_ms=4249276 hwm=6 cap=256 dropped=0 dropped_total=63087 crc_err=0 crc_err_total=0 rate1=512 rate2=512 prod1=512 prod2=512 dac_err=0 tx_drop=377 hb_ms=0 sma_state=6 m7_us=90677620 m4_us=88482499 vdd=5.067 offset=0.5000 aref=3.145 loop_us_avg=33 loop_us_max=5864 loop_hz=30303 cycle_log_ms=1 n_cycle=4 cc=0 cc_hz=0 cc_i_tgt=0.6500 cc_u=2.4788 cc_r=3.8091 cc_tau_ms=7.00
[ 134.156] TAT
[ 134.156] US alarm(s): 0x9
[ 134.156] [ADC1] S
[ 134.217] [STATUS] t_ms=4250276 hwm=6 cap=256 dropped=0 dropped_total=63087 crc_err=0 crc_err_total=0 rate1=512 rate2=512 prod1=512 prod2=512 dac_err=0 tx_drop=377 hb_ms=0 sma_state=6 m7_us=91709781 m4_us=89514684 vdd=5.067 offset=0.5000 aref=3.145 loop_us_avg=33 loop_us_max=5824 loop_hz=30303 cycle_log_ms=1 n_cycle=4 cc=0 cc_hz=0 cc_i_tgt=0.6500 cc_u=2.4788 cc_r=3.8091 cc_tau_ms=7.00
[ 135.157] TATUS
[ 135.157] alarm(s): 0x9 PGA
[ 135.157] L_ALM
[ 135.157] [ADC1] S
[ 135.219] [STATUS] t_ms=4251276 hwm=6 cap=256 dropped=0 dropped_total=63087 crc_err=0 crc_err_total=0 rate1=512 rate2=512 prod1=512 prod2=512 dac_err=0 tx_drop=377 hb_ms=0 sma_state=6 m7_us=92741945 m4_us=90546867 vdd=5.067 offset=0.5000 aref=3.145 loop_us_avg=33 loop_us_max=5841 loop_hz=30303 cycle_log_ms=1 n_cycle=4 cc=0 cc_hz=0 cc_i_tgt=0.6500 cc_u=2.4788 cc_r=3.8091 cc_tau_ms=7.00
[ 136.156] TATUS al
[ 136.156] _ALM
[ 136.156] [ADC1] ST
[ 136.281] [STATUS] t_ms=4252276 hwm=6 cap=256 dropped=0 dropped_total=63087 crc_err=0 crc_err_total=0 rate1=512 rate2=512 prod1=512 prod2=512 dac_err=0 tx_drop=377 hb_ms=0 sma_state=6 m7_us=93774095 m4_us=91579001 vdd=5.067 offset=0.5000 aref=3.145 loop_us_avg=33 loop_us_max=5824 loop_hz=30303 cycle_log_ms=1 n_cycle=4 cc=0 cc_hz=0 cc_i_tgt=0.6500 cc_u=2.4788 cc_r=3.8091 cc_tau_ms=7.00
[ 137.156] ATUS alarm(s): 0
[ 137.156] [ADC1] S
[ 137.156] TA
[ 137.280] [STATUS] t_ms=4253276 hwm=6 cap=256 dropped=0 dropped_total=63087 crc_err=0 crc_err_total=0 rate1=512 rate2=512 prod1=512 prod2=512 dac_err=0 tx_drop=377 hb_ms=0 sma_state=6 m7_us=94806257 m4_us=92611151 vdd=5.067 offset=0.5000 aref=3.145 loop_us_avg=33 loop_us_max=5796 loop_hz=30303 cycle_log_ms=1 n_cycle=4 cc=0 cc_hz=0 cc_i_tgt=0.6500 cc_u=2.4788 cc_r=3.8091 cc_tau_ms=7.00
[ 138.158] TU
[ 138.158] [ADC1] STA
[ 138.346] [STATUS] t_ms=4254276 hwm=6 cap=256 dropped=0 dropped_total=63087 crc_err=0 crc_err_total=0 rate1=512 rate2=512 prod1=512 prod2=512 dac_err=0 tx_drop=377 hb_ms=0 sma_state=6 m7_us=95838411 m4_us=93643311 vdd=5.067 offset=0.5000 aref=3.145 loop_us_avg=33 loop_us_max=5887 loop_hz=30303 cycle_log_ms=1 n_cycle=4 cc=0 cc_hz=0 cc_i_tgt=0.6500 cc_u=2.4788 cc_r=3.8091 cc_tau_ms=7.00
[ 139.160] TU
[ 139.160] S alarm(s): 0x49 PG
[ 139.160] AL_ALM
[ 139.160] [ADC1] STA
[ 139.347] [STATUS] t_ms=4255276 hwm=6 cap=256 dropped=0 dropped_total=63087 crc_err=0 crc_err_total=0 rate1=512 rate2=512 prod1=512 prod2=512 dac_err=0 tx_drop=377 hb_ms=0 sma_state=6 m7_us=96870621 m4_us=94675523 vdd=5.067 offset=0.5000 aref=3.145 loop_us_avg=33 loop_us_max=5861 loop_hz=30303 cycle_log_ms=1 n_cycle=4 cc=0 cc_hz=0 cc_i_tgt=0.6500 cc_u=2.4788 cc_r=3.8091 cc_tau_ms=7.00
[ 140.158] TUS
[ 140.158] alarm(s): 0x49 PG
[ 140.158] AL_ALM
[ 140.158] [ADC1] STA
[ 140.406] [STATUS] t_ms=4256276 hwm=6 cap=256 dropped=0 dropped_total=63087 crc_err=0 crc_err_total=0 rate1=512 rate2=512 prod1=512 prod2=512 dac_err=0 tx_drop=377 hb_ms=0 sma_state=6 m7_us=97902877 m4_us=95707750 vdd=5.067 offset=0.5000 aref=3.145 loop_us_avg=33 loop_us_max=5809 loop_hz=30303 cycle_log_ms=1 n_cycle=4 cc=0 cc_hz=0 cc_i_tgt=0.6500 cc_u=2.4788 cc_r=3.8091 cc_tau_ms=7.00
[ 141.218] TUS alarm(
[ 141.218] M
[ 141.218] [ADC1] STA
[ 141.404] [STATUS] t_ms=4257276 hwm=6 cap=256 dropped=0 dropped_total=63087 crc_err=0 crc_err_total=0 rate1=512 rate2=512 prod1=512 prod2=512 dac_err=0 tx_drop=377 hb_ms=0 sma_state=6 m7_us=98935039 m4_us=96739961 vdd=5.067 offset=0.5000 aref=3.145 loop_us_avg=33 loop_us_max=5831 loop_hz=30303 cycle_log_ms=1 n_cycle=4 cc=0 cc_hz=0 cc_i_tgt=0.6500 cc_u=2.4788 cc_r=3.8091 cc_tau_ms=7.00
[ 142.220] TUS alarm(s
[ 142.220] [ADC1] STA
[ 142.472] [STATUS] t_ms=4258276 hwm=6 cap=256 dropped=0 dropped_total=63087 crc_err=0 crc_err_total=0 rate1=512 rate2=512 prod1=512 prod2=512 dac_err=0 tx_drop=377 hb_ms=0 sma_state=6 m7_us=99967238 m4_us=97772143 vdd=5.067 offset=0.5000 aref=3.145 loop_us_avg=33 loop_us_max=5760 loop_hz=30303 cycle_log_ms=1 n_cycle=4 cc=0 cc_hz=0 cc_i_tgt=0.6500 cc_u=2.4788 cc_r=3.8091 cc_tau_ms=7.00
[ 143.227] [ADC1] STA
[ 143.475] [STATUS] t_ms=4259276 hwm=6 cap=256 dropped=0 dropped_total=63087 crc_err=0 crc_err_total=0 rate1=512 rate2=512 prod1=512 prod2=512 dac_err=0 tx_drop=377 hb_ms=0 sma_state=6 m7_us=100999401 m4_us=98804310 vdd=5.067 offset=0.5000 aref=3.145 loop_us_avg=33 loop_us_max=5808 loop_hz=30303 cycle_log_ms=1 n_cycle=4 cc=0 cc_hz=0 cc_i_tgt=0.6500 cc_u=2.4788 cc_r=3.8091 cc_tau_ms=7.00
[ 144.222] TUS a
[ 144.222] [ADC1] STA
[ 144.533] [STATUS] t_ms=4260276 hwm=6 cap=256 dropped=0 dropped_total=63087 crc_err=0 crc_err_total=0 rate1=512 rate2=512 prod1=512 prod2=512 dac_err=0 tx_drop=377 hb_ms=0 sma_state=6 m7_us=102031594 m4_us=99836463 vdd=5.067 offset=0.5000 aref=3.145 loop_us_avg=33 loop_us_max=5786 loop_hz=30303 cycle_log_ms=1 n_cycle=4 cc=0 cc_hz=0 cc_i_tgt=0.6500 cc_u=2.4788 cc_r=3.8091 cc_tau_ms=7.00
[ 145.218] TUS alarm(s
[ 145.218] [ADC1] STA
[ 145.529] [STATUS] t_ms=4261276 hwm=6 cap=256 dropped=0 dropped_total=63087 crc_err=0 crc_err_total=0 rate1=512 rate2=512 prod1=512 prod2=512 dac_err=0 tx_drop=377 hb_ms=0 sma_state=6 m7_us=103063716 m4_us=100868630 vdd=5.067 offset=0.5000 aref=3.145 loop_us_avg=33 loop_us_max=5802 loop_hz=30303 cycle_log_ms=1 n_cycle=4 cc=0 cc_hz=0 cc_i_tgt=0.6500 cc_u=2.4788 cc_r=3.8091 cc_tau_ms=7.00
[ 146.221] TUS alar
[ 146.221] [ADC1] STA
[ 146.596] [STATUS] t_ms=4262276 hwm=6 cap=256 dropped=0 dropped_total=63087 crc_err=0 crc_err_total=0 rate1=512 rate2=512 prod1=512 prod2=512 dac_err=0 tx_drop=377 hb_ms=0 sma_state=6 m7_us=104095875 m4_us=101900774 vdd=5.067 offset=0.5000 aref=3.145 loop_us_avg=33 loop_us_max=5813 loop_hz=30303 cycle_log_ms=1 n_cycle=4 cc=0 cc_hz=0 cc_i_tgt=0.6500 cc_u=2.4788 cc_r=3.8091 cc_tau_ms=7.00
[ 147.222] TUS alar
[ 147.222] ALM
[ 147.222] [ADC1] STA
[ 147.596] [STATUS] t_ms=4263276 hwm=6 cap=256 dropped=0 dropped_total=63087 crc_err=0 crc_err_total=0 rate1=512 rate2=512 prod1=512 prod2=512 dac_err=0 tx_drop=377 hb_ms=0 sma_state=6 m7_us=105128034 m4_us=102932921 vdd=5.067 offset=0.5000 aref=3.145 loop_us_avg=33 loop_us_max=5809 loop_hz=30303 cycle_log_ms=1 n_cycle=4 cc=0 cc_hz=0 cc_i_tgt=0.6500 cc_u=2.4788 cc_r=3.8091 cc_tau_ms=7.00
[ 148.221] [ADC1] STA
[ 148.660] [STATUS] t_ms=4264276 hwm=6 cap=256 dropped=0 dropped_total=63087 crc_err=0 crc_err_total=0 rate1=512 rate2=512 prod1=512 prod2=512 dac_err=0 tx_drop=377 hb_ms=0 sma_state=6 m7_us=106160139 m4_us=103965065 vdd=5.067 offset=0.5000 aref=3.145 loop_us_avg=34 loop_us_max=5825 loop_hz=29411 cycle_log_ms=1 n_cycle=4 cc=0 cc_hz=0 cc_i_tgt=0.6500 cc_u=2.4788 cc_r=3.8091 cc_tau_ms=7.00
[ 149.221] TUS al
[ 149.221] [ADC1] STA
[ 149.654] [STATUS] t_ms=4265276 hwm=6 cap=256 dropped=0 dropped_total=63087 crc_err=0 crc_err_total=0 rate1=512 rate2=512 prod1=512 prod2=512 dac_err=0 tx_drop=377 hb_ms=0 sma_state=6 m7_us=107192292 m4_us=104997225 vdd=5.067 offset=0.5000 aref=3.145 loop_us_avg=33 loop_us_max=5854 loop_hz=30303 cycle_log_ms=1 n_cycle=4 cc=0 cc_hz=0 cc_i_tgt=0.6500 cc_u=2.4788 cc_r=3.8091 cc_tau_ms=7.00
[ 150.284] TUS alarm
[ 150.284] M
[ 150.284] [ADC1] STA
[ 150.722] [STATUS] t_ms=4266276 hwm=6 cap=256 dropped=0 dropped_total=63087 crc_err=0 crc_err_total=0 rate1=512 rate2=512 prod1=512 prod2=512 dac_err=0 tx_drop=377 hb_ms=0 sma_state=6 m7_us=108224448 m4_us=106029375 vdd=5.067 offset=0.5000 aref=3.145 loop_us_avg=33 loop_us_max=5774 loop_hz=30303 cycle_log_ms=1 n_cycle=4 cc=0 cc_hz=0 cc_i_tgt=0.6500 cc_u=2.4788 cc_r=3.8091 cc_tau_ms=7.00
[ 151.289] TUS
[ 151.289] alarm(s): 0x49 PG
[ 151.289] AL_ALM
[ 151.289] [ADC1] STA
[ 151.728] [STATUS] t_ms=4267276 hwm=6 cap=256 dropped=0 dropped_total=63087 crc_err=0 crc_err_total=0 rate1=512 rate2=512 prod1=512 prod2=512 dac_err=0 tx_drop=377 hb_ms=0 sma_state=6 m7_us=109256660 m4_us=107061535 vdd=5.067 offset=0.5000 aref=3.145 loop_us_avg=33 loop_us_max=5853 loop_hz=30303 cycle_log_ms=1 n_cycle=4 cc=0 cc_hz=0 cc_i_tgt=0.6500 cc_u=2.4788 cc_r=3.8091 cc_tau_ms=7.00
[ 152.290] TUS ala
[ 152.290] _ALM
[ 152.290] [ADC1] ST
[ 152.290] A
[ 152.796] [STATUS] t_ms=4268276 hwm=6 cap=256 dropped=0 dropped_total=63087 crc_err=0 crc_err_total=0 rate1=512 rate2=512 prod1=512 prod2=512 dac_err=0 tx_drop=377 hb_ms=0 sma_state=6 m7_us=110288782 m4_us=108093654 vdd=5.067 offset=0.5000 aref=3.145 loop_us_avg=33 loop_us_max=5852 loop_hz=30303 cycle_log_ms=1 n_cycle=4 cc=0 cc_hz=0 cc_i_tgt=0.6500 cc_u=2.4788 cc_r=3.8091 cc_tau_ms=7.00
[ 153.296] [ADC1] STA
[ 153.798] [STATUS] t_ms=4269276 hwm=6 cap=256 dropped=0 dropped_total=63087 crc_err=0 crc_err_total=0 rate1=512 rate2=512 prod1=512 prod2=512 dac_err=0 tx_drop=377 hb_ms=0 sma_state=6 m7_us=111320923 m4_us=109125743 vdd=5.067 offset=0.5000 aref=3.145 loop_us_avg=33 loop_us_max=5815 loop_hz=30303 cycle_log_ms=1 n_cycle=4 cc=0 cc_hz=0 cc_i_tgt=0.6500 cc_u=2.4788 cc_r=3.8091 cc_tau_ms=7.00
[ 154.296] TUS
[ 154.296] [ADC1] STA
[ 154.860] [STATUS] t_ms=4270276 hwm=6 cap=256 dropped=0 dropped_total=63087 crc_err=0 crc_err_total=0 rate1=512 rate2=512 prod1=512 prod2=512 dac_err=0 tx_drop=377 hb_ms=0 sma_state=6 m7_us=112352993 m4_us=110157881 vdd=5.067 offset=0.5000 aref=3.145 loop_us_avg=33 loop_us_max=5897 loop_hz=30303 cycle_log_ms=1 n_cycle=4 cc=0 cc_hz=0 cc_i_tgt=0.6500 cc_u=2.4788 cc_r=3.8091 cc_tau_ms=7.00
[ 155.297] TUS alarm(s)
[ 155.297] [ADC1] STA
[ 155.861] [STATUS] t_ms=4271276 hwm=6 cap=256 dropped=0 dropped_total=63087 crc_err=0 crc_err_total=0 rate1=512 rate2=512 prod1=512 prod2=512 dac_err=0 tx_drop=377 hb_ms=0 sma_state=6 m7_us=113385153 m4_us=111190041 vdd=5.067 offset=0.5000 aref=3.145 loop_us_avg=33 loop_us_max=5835 loop_hz=30303 cycle_log_ms=1 n_cycle=4 cc=0 cc_hz=0 cc_i_tgt=0.6500 cc_u=2.4788 cc_r=3.8091 cc_tau_ms=7.00
[ 156.298] TUS alarm(
[ 156.298] M
[ 156.298] [ADC1] STA
[ 156.486] [SMA] [ACT] heat n=6/6 I=650.0mA ms=300
[ 156.799] [SMA] [ACT] cool n=6/6 I=0.0mA ms=30000
[ 156.924] [STATUS] t_ms=4272276 hwm=6 cap=256 dropped=0 dropped_total=63087 crc_err=0 crc_err_total=0 rate1=512 rate2=512 prod1=512 prod2=512 dac_err=0 tx_drop=377 hb_ms=0 sma_state=6 m7_us=114417254 m4_us=112222169 vdd=5.067 offset=0.5000 aref=3.145 loop_us_avg=41 loop_us_max=5887 loop_hz=24390 cycle_log_ms=1 n_cycle=4 cc=0 cc_hz=308 cc_i_tgt=0.6500 cc_u=2.4588 cc_r=3.8007 cc_tau_ms=7.00
[ 157.299] TUS alar
[ 157.299] [ADC1] STA
[ 157.922] [STATUS] t_ms=4273276 hwm=6 cap=256 dropped=0 dropped_total=63087 crc_err=0 crc_err_total=0 rate1=512 rate2=512 prod1=512 prod2=512 dac_err=0 tx_drop=377 hb_ms=0 sma_state=6 m7_us=115449407 m4_us=113254297 vdd=5.067 offset=0.5000 aref=3.145 loop_us_avg=33 loop_us_max=5785 loop_hz=30303 cycle_log_ms=1 n_cycle=4 cc=0 cc_hz=0 cc_i_tgt=0.6500 cc_u=2.4588 cc_r=3.8007 cc_tau_ms=7.00
[ 158.299] M
[ 158.299] [ADC1] ST
[ 158.980] [STATUS] t_ms=4274276 hwm=6 cap=256 dropped=0 dropped_total=63087 crc_err=0 crc_err_total=0 rate1=512 rate2=512 prod1=512 prod2=512 dac_err=0 tx_drop=377 hb_ms=0 sma_state=6 m7_us=116481570 m4_us=114286479 vdd=5.067 offset=0.5000 aref=3.145 loop_us_avg=33 loop_us_max=5809 loop_hz=30303 cycle_log_ms=1 n_cycle=4 cc=0 cc_hz=0 cc_i_tgt=0.6500 cc_u=2.4588 cc_r=3.8007 cc_tau_ms=7.00
[ 159.356] [ADC1] ST
[ 159.981] [STATUS] t_ms=4275276 hwm=6 cap=256 dropped=0 dropped_total=63087 crc_err=0 crc_err_total=0 rate1=512 rate2=512 prod1=512 prod2=512 dac_err=0 tx_drop=377 hb_ms=0 sma_state=6 m7_us=117513723 m4_us=115318646 vdd=5.067 offset=0.5000 aref=3.145 loop_us_avg=33 loop_us_max=5805 loop_hz=30303 cycle_log_ms=1 n_cycle=4 cc=0 cc_hz=0 cc_i_tgt=0.6500 cc_u=2.4588 cc_r=3.8007 cc_tau_ms=7.00
[ 160.358] AT
[ 160.358] US alarm(s): 0x
[ 160.358] [ADC
[ 160.358] 1] ST
[ 161.051] [STATUS] t_ms=4276276 hwm=6 cap=256 dropped=0 dropped_total=63087 crc_err=0 crc_err_total=0 rate1=512 rate2=513 prod1=512 prod2=513 dac_err=0 tx_drop=377 hb_ms=0 sma_state=6 m7_us=118545985 m4_us=116351780 vdd=5.067 offset=0.5000 aref=3.145 loop_us_avg=34 loop_us_max=6148 loop_hz=29411 cycle_log_ms=1 n_cycle=4 cc=0 cc_hz=0 cc_i_tgt=0.6500 cc_u=2.4588 cc_r=3.8007 cc_tau_ms=7.00
[ 161.362] ATUS a
[ 161.362] _ALM
[ 161.362] [ADC1] ST
[ 162.044] [STATUS] t_ms=4277276 hwm=5 cap=256 dropped=0 dropped_total=63087 crc_err=0 crc_err_total=0 rate1=512 rate2=511 prod1=512 prod2=511 dac_err=0 tx_drop=377 hb_ms=0 sma_state=6 m7_us=119578045 m4_us=117382937 vdd=5.067 offset=0.5000 aref=3.145 loop_us_avg=33 loop_us_max=5023 loop_hz=30303 cycle_log_ms=1 n_cycle=4 cc=0 cc_hz=0 cc_i_tgt=0.6500 cc_u=2.4588 cc_r=3.8007 cc_tau_ms=7.00
[ 162.356] ATUS
[ 162.356] _ALM
[ 162.356] [ADC1] ST
[ 163.109] [STATUS] t_ms=4278276 hwm=6 cap=256 dropped=0 dropped_total=63087 crc_err=0 crc_err_total=0 rate1=512 rate2=512 prod1=512 prod2=512 dac_err=0 tx_drop=377 hb_ms=0 sma_state=6 m7_us=120610161 m4_us=118415087 vdd=5.067 offset=0.5000 aref=3.145 loop_us_avg=33 loop_us_max=5853 loop_hz=30303 cycle_log_ms=1 n_cycle=4 cc=0 cc_hz=0 cc_i_tgt=0.6500 cc_u=2.4588 cc_r=3.8007 cc_tau_ms=7.00
[ 163.362] ATUS alar
[ 163.362] M
[ 163.362] [ADC1] ST
[ 164.116] [STATUS] t_ms=4279276 hwm=6 cap=256 dropped=0 dropped_total=63087 crc_err=0 crc_err_total=0 rate1=512 rate2=512 prod1=512 prod2=512 dac_err=0 tx_drop=377 hb_ms=0 sma_state=6 m7_us=121642358 m4_us=119447238 vdd=5.067 offset=0.5000 aref=3.145 loop_us_avg=34 loop_us_max=5768 loop_hz=29411 cycle_log_ms=1 n_cycle=4 cc=0 cc_hz=0 cc_i_tgt=0.6500 cc_u=2.4588 cc_r=3.8007 cc_tau_ms=7.00
[ 164.366] [ADC1] ST
[ 165.175] [STATUS] t_ms=4280276 hwm=6 cap=256 dropped=0 dropped_total=63087 crc_err=0 crc_err_total=0 rate1=512 rate2=512 prod1=512 prod2=512 dac_err=0 tx_drop=377 hb_ms=0 sma_state=6 m7_us=122674512 m4_us=120479414 vdd=5.067 offset=0.5000 aref=3.145 loop_us_avg=33 loop_us_max=5828 loop_hz=30303 cycle_log_ms=1 n_cycle=4 cc=0 cc_hz=0 cc_i_tgt=0.6500 cc_u=2.4588 cc_r=3.8007 cc_tau_ms=7.00
[ 165.362] ATUS
[ 165.362] alarm(s): 0xC9
[ 165.362] [ADC1] ST
[ 166.174] [STATUS] t_ms=4281276 hwm=6 cap=256 dropped=0 dropped_total=63087 crc_err=0 crc_err_total=0 rate1=512 rate2=512 prod1=512 prod2=512 dac_err=0 tx_drop=377 hb_ms=0 sma_state=6 m7_us=123706672 m4_us=121511561 vdd=5.067 offset=0.5000 aref=3.145 loop_us_avg=33 loop_us_max=5840 loop_hz=30303 cycle_log_ms=1 n_cycle=4 cc=0 cc_hz=0 cc_i_tgt=0.6500 cc_u=2.4588 cc_r=3.8007 cc_tau_ms=7.00
[ 166.363] ATUS ala
[ 166.363] ALM
[ 166.363] [ADC1] ST
[ 167.236] [STATUS] t_ms=4282276 hwm=6 cap=256 dropped=0 dropped_total=63087 crc_err=0 crc_err_total=0 rate1=512 rate2=512 prod1=512 prod2=512 dac_err=0 tx_drop=377 hb_ms=0 sma_state=6 m7_us=124738837 m4_us=122543743 vdd=5.067 offset=0.5000 aref=3.145 loop_us_avg=33 loop_us_max=5828 loop_hz=30303 cycle_log_ms=1 n_cycle=4 cc=0 cc_hz=0 cc_i_tgt=0.6500 cc_u=2.4588 cc_r=3.8007 cc_tau_ms=7.00
[ 167.422] ATUS alar
[ 167.422] [ADC1] ST
[ 168.231] [STATUS] t_ms=4283276 hwm=6 cap=256 dropped=0 dropped_total=63087 crc_err=0 crc_err_total=0 rate1=512 rate2=512 prod1=512 prod2=512 dac_err=0 tx_drop=377 hb_ms=0 sma_state=6 m7_us=125771045 m4_us=123575913 vdd=5.067 offset=0.5000 aref=3.145 loop_us_avg=33 loop_us_max=5793 loop_hz=30303 cycle_log_ms=1 n_cycle=4 cc=0 cc_hz=0 cc_i_tgt=0.6500 cc_u=2.4588 cc_r=3.8007 cc_tau_ms=7.00
[ 168.419] AT
[ 168.419] US alarm(s): 0xC9
[ 168.419] [ADC1
[ 168.419] ] ST
[ 169.295] [STATUS] t_ms=4284276 hwm=6 cap=256 dropped=0 dropped_total=63087 crc_err=0 crc_err_total=0 rate1=512 rate2=512 prod1=512 prod2=512 dac_err=0 tx_drop=377 hb_ms=0 sma_state=6 m7_us=126803198 m4_us=124608073 vdd=5.067 offset=0.5000 aref=3.145 loop_us_avg=33 loop_us_max=5838 loop_hz=30303 cycle_log_ms=1 n_cycle=4 cc=0 cc_hz=0 cc_i_tgt=0.6500 cc_u=2.4588 cc_r=3.8007 cc_tau_ms=7.00
[ 169.421] [ADC1] ST
[ 170.300] [STATUS] t_ms=4285276 hwm=6 cap=256 dropped=0 dropped_total=63087 crc_err=0 crc_err_total=0 rate1=512 rate2=512 prod1=512 prod2=512 dac_err=0 tx_drop=377 hb_ms=0 sma_state=6 m7_us=127835314 m4_us=125640223 vdd=5.067 offset=0.5000 aref=3.145 loop_us_avg=34 loop_us_max=5843 loop_hz=29411 cycle_log_ms=1 n_cycle=4 cc=0 cc_hz=0 cc_i_tgt=0.6500 cc_u=2.4588 cc_r=3.8007 cc_tau_ms=7.00
[ 170.426] ATUS
[ 170.426] alarm(s): 0xC9
[ 170.426] [ADC1] ST
[ 171.362] [STATUS] t_ms=4286276 hwm=6 cap=256 dropped=0 dropped_total=63087 crc_err=0 crc_err_total=0 rate1=512 rate2=512 prod1=512 prod2=512 dac_err=0 tx_drop=377 hb_ms=0 sma_state=6 m7_us=128867458 m4_us=126672351 vdd=5.067 offset=0.5000 aref=3.145 loop_us_avg=33 loop_us_max=5949 loop_hz=30303 cycle_log_ms=1 n_cycle=4 cc=0 cc_hz=0 cc_i_tgt=0.6500 cc_u=2.4588 cc_r=3.8007 cc_tau_ms=7.00
[ 171.424] ATUS
[ 171.424] ALM
[ 171.424] [ADC1] ST
[ 172.360] [STATUS] t_ms=4287276 hwm=6 cap=256 dropped=0 dropped_total=63087 crc_err=0 crc_err_total=0 rate1=512 rate2=512 prod1=512 prod2=512 dac_err=0 tx_drop=377 hb_ms=0 sma_state=6 m7_us=129899567 m4_us=127704470 vdd=5.067 offset=0.5000 aref=3.145 loop_us_avg=33 loop_us_max=5819 loop_hz=30303 cycle_log_ms=1 n_cycle=4 cc=0 cc_hz=0 cc_i_tgt=0.6500 cc_u=2.4588 cc_r=3.8007 cc_tau_ms=7.00
[ 172.423] ATUS ala
[ 172.423] _ALM
[ 172.423] [ADC1] ST
[ 173.424] [STATUS] t_ms=4288276 hwm=6 cap=256 dropped=0 dropped_total=63087 crc_err=0 crc_err_total=0 rate1=512 rate2=512 prod1=512 prod2=512 dac_err=0 tx_drop=377 hb_ms=0 sma_state=6 m7_us=130931726 m4_us=128736617 vdd=5.067 offset=0.5000 aref=3.145 loop_us_avg=33 loop_us_max=5845 loop_hz=30303 cycle_log_ms=1 n_cycle=4 cc=0 cc_hz=0 cc_i_tgt=0.6500 cc_u=2.4588 cc_r=3.8007 cc_tau_ms=7.00
[ 173.424] ATUS ala
[ 173.424] [ADC1] ST
[ 174.425] [STATUS] t_ms=4289276 hwm=6 cap=256 dropped=0 dropped_total=63087 crc_err=0 crc_err_total=0 rate1=512 rate2=512 prod1=512 prod2=512 dac_err=0 tx_drop=377 hb_ms=0 sma_state=6 m7_us=131963889 m4_us=129768767 vdd=5.067 offset=0.5000 aref=3.145 loop_us_avg=33 loop_us_max=5822 loop_hz=30303 cycle_log_ms=1 n_cycle=4 cc=0 cc_hz=0 cc_i_tgt=0.6500 cc_u=2.4588 cc_r=3.8007 cc_tau_ms=7.00
[ 174.425] [ADC1] ST
[ 175.487] [ADC1] ST
[ 175.487] [STATUS] t_ms=4290276 hwm=6 cap=256 dropped=0 dropped_total=63087 crc_err=0 crc_err_total=0 rate1=512 rate2=512 prod1=512 prod2=512 dac_err=0 tx_drop=377 hb_ms=0 sma_state=6 m7_us=132996051 m4_us=130800918 vdd=5.067 offset=0.5000 aref=3.145 loop_us_avg=33 loop_us_max=5819 loop_hz=30303 cycle_log_ms=1 n_cycle=4 cc=0 cc_hz=0 cc_i_tgt=0.6500 cc_u=2.4588 cc_r=3.8007 cc_tau_ms=7.00
[ 176.487] AT
[ 176.487] US alarm(s): 0x8
[ 176.487] [ADC1] ST
[ 176.487] [STATUS] t_ms=4291276 hwm=6 cap=256 dropped=0 dropped_total=63087 crc_err=0 crc_err_total=0 rate1=512 rate2=512 prod1=512 prod2=512 dac_err=0 tx_drop=377 hb_ms=0 sma_state=6 m7_us=134028203 m4_us=131833059 vdd=5.067 offset=0.5000 aref=3.145 loop_us_avg=33 loop_us_max=5850 loop_hz=30303 cycle_log_ms=1 n_cycle=4 cc=0 cc_hz=0 cc_i_tgt=0.6500 cc_u=2.4588 cc_r=3.8007 cc_tau_ms=7.00
[ 177.484] ATUS alarm(
[ 177.484] M
[ 177.484] [ADC1] S
[ 177.546] [STATUS] t_ms=4292276 hwm=6 cap=256 dropped=0 dropped_total=63087 crc_err=0 crc_err_total=0 rate1=512 rate2=512 prod1=512 prod2=512 dac_err=0 tx_drop=377 hb_ms=0 sma_state=6 m7_us=135060310 m4_us=132865215 vdd=5.067 offset=0.5000 aref=3.145 loop_us_avg=33 loop_us_max=5851 loop_hz=30303 cycle_log_ms=1 n_cycle=4 cc=0 cc_hz=0 cc_i_tgt=0.6500 cc_u=2.4588 cc_r=3.8007 cc_tau_ms=7.00
[ 178.487] TATUS a
[ 178.487] ALM
[ 178.487] [ADC1]
[ 178.549] [STATUS] t_ms=4293276 hwm=6 cap=256 dropped=0 dropped_total=63087 crc_err=0 crc_err_total=0 rate1=512 rate2=512 prod1=512 prod2=512 dac_err=0 tx_drop=377 hb_ms=0 sma_state=6 m7_us=136092470 m4_us=133897379 vdd=5.067 offset=0.5000 aref=3.145 loop_us_avg=33 loop_us_max=5818 loop_hz=30303 cycle_log_ms=1 n_cycle=4 cc=0 cc_hz=0 cc_i_tgt=0.6500 cc_u=2.4588 cc_r=3.8007 cc_tau_ms=7.00
[ 179.484] STATU
[ 179.484] S alarm(s): 0x9
[ 179.484] [ADC1
[ 179.484] ]
[ 179.609] [STATUS] t_ms=4294276 hwm=6 cap=256 dropped=0 dropped_total=63087 crc_err=0 crc_err_total=0 rate1=512 rate2=512 prod1=512 prod2=512 dac_err=0 tx_drop=377 hb_ms=0 sma_state=6 m7_us=137124628 m4_us=134929523 vdd=5.067 offset=0.5000 aref=3.145 loop_us_avg=33 loop_us_max=5804 loop_hz=30303 cycle_log_ms=1 n_cycle=4 cc=0 cc_hz=0 cc_i_tgt=0.6500 cc_u=2.4588 cc_r=3.8007 cc_tau_ms=7.00
[ 180.484] [ADC1]
[ 180.610] [STATUS] t_ms=4295276 hwm=6 cap=256 dropped=0 dropped_total=63087 crc_err=0 crc_err_total=0 rate1=512 rate2=512 prod1=512 prod2=512 dac_err=0 tx_drop=377 hb_ms=0 sma_state=6 m7_us=138156778 m4_us=135961660 vdd=5.067 offset=0.5000 aref=3.145 loop_us_avg=33 loop_us_max=5851 loop_hz=30303 cycle_log_ms=1 n_cycle=4 cc=0 cc_hz=0 cc_i_tgt=0.6500 cc_u=2.4588 cc_r=3.8007 cc_tau_ms=7.00
[ 181.485] STATU
[ 181.485] [ADC1]
[ 181.674] [STATUS] t_ms=4296276 hwm=6 cap=256 dropped=0 dropped_total=63087 crc_err=0 crc_err_total=0 rate1=512 rate2=512 prod1=512 prod2=512 dac_err=0 tx_drop=377 hb_ms=0 sma_state=6 m7_us=139188903 m4_us=136993804 vdd=5.067 offset=0.5000 aref=3.145 loop_us_avg=33 loop_us_max=5846 loop_hz=30303 cycle_log_ms=1 n_cycle=4 cc=0 cc_hz=0 cc_i_tgt=0.6500 cc_u=2.4588 cc_r=3.8007 cc_tau_ms=7.00
[ 182.487] STA
[ 182.487] TUS alarm(s): 0x9
[ 182.487] [ADC1]
[ 182.675] [STATUS] t_ms=4297276 hwm=6 cap=256 dropped=0 dropped_total=63087 crc_err=0 crc_err_total=0 rate1=512 rate2=512 prod1=512 prod2=512 dac_err=0 tx_drop=377 hb_ms=0 sma_state=6 m7_us=140221062 m4_us=138025929 vdd=5.067 offset=0.5000 aref=3.145 loop_us_avg=33 loop_us_max=5820 loop_hz=30303 cycle_log_ms=1 n_cycle=4 cc=0 cc_hz=0 cc_i_tgt=0.6500 cc_u=2.4588 cc_r=3.8007 cc_tau_ms=7.00
[ 183.549] STATUS al
[ 183.549] _ALM
[ 183.549] [ADC1]
[ 183.738] [STATUS] t_ms=4298276 hwm=6 cap=256 dropped=0 dropped_total=63087 crc_err=0 crc_err_total=0 rate1=512 rate2=512 prod1=512 prod2=512 dac_err=0 tx_drop=377 hb_ms=0 sma_state=6 m7_us=141253163 m4_us=139058047 vdd=5.067 offset=0.5000 aref=3.145 loop_us_avg=33 loop_us_max=5845 loop_hz=30303 cycle_log_ms=1 n_cycle=4 cc=0 cc_hz=0 cc_i_tgt=0.6500 cc_u=2.4588 cc_r=3.8007 cc_tau_ms=7.00
[ 184.553] ST
[ 184.553] ATUS alarm(s): 0x9
[ 184.553] [ADC1
[ 184.553] ]
[ 184.742] [STATUS] t_ms=4299276 hwm=6 cap=256 dropped=0 dropped_total=63087 crc_err=0 crc_err_total=0 rate1=512 rate2=512 prod1=512 prod2=512 dac_err=0 tx_drop=377 hb_ms=0 sma_state=6 m7_us=142285319 m4_us=140090211 vdd=5.067 offset=0.5000 aref=3.145 loop_us_avg=33 loop_us_max=5833 loop_hz=30303 cycle_log_ms=1 n_cycle=4 cc=0 cc_hz=0 cc_i_tgt=0.6500 cc_u=2.4588 cc_r=3.8007 cc_tau_ms=7.00
