[   0.050] [SMA] ARMED (MOSFET on); idle=0.500 V
[   0.050] [STATUS] t_ms=46180 hwm=4 cap=256 dropped=0 dropped_total=599 crc_err=0 crc_err_total=0 rate1=512 rate2=512 prod1=512 prod2=512 dac_err=0 tx_drop=1179147 hb_ms=0 sma_state=0 m7_us=47529369 m4_us=45335418 vdd=5.067 offset=0.5000 aref=3.145 loop_us_avg=21 loop_us_max=4650 loop_hz=47619 cycle_log_ms=1 n_cycle=4 cc=0 cc_hz=0 cc_i_tgt=0.0000 cc_u=0.0000 cc_r=0.0000 cc_tau_ms=7.00
[   0.619] [ADC1]
[   0.619] STATUS alarm(s
[   0.746] [STATUS] t_ms=47180 hwm=256 cap=256 dropped=62 dropped_total=661 crc_err=0 crc_err_total=0 rate1=479 rate2=479 prod1=481 prod2=481 dac_err=0 tx_drop=1179147 hb_ms=0 sma_state=0 m7_us=48560460 m4_us=46366512 vdd=5.067 offset=0.5000 aref=3.145 loop_us_avg=33 loop_us_max=321075 loop_hz=30303 cycle_log_ms=1 n_cycle=4 cc=0 cc_hz=0 cc_i_tgt=0.0000 cc_u=0.0000 cc_r=0.0000 cc_tau_ms=7.00
[   1.634] [ADC1] STATUS ala
[   1.634] rm(s): 0xC9 PG
[   1.634] AL_ALM
[   1.760] [STATUS] t_ms=48180 hwm=4 cap=256 dropped=0 dropped_total=661 crc_err=0 crc_err_total=0 rate1=512 rate2=512 prod1=512 prod2=512 dac_err=0 tx_drop=1179147 hb_ms=0 sma_state=0 m7_us=49591646 m4_us=47397686 vdd=5.067 offset=0.5000 aref=3.145 loop_us_avg=22 loop_us_max=4663 loop_hz=45454 cycle_log_ms=1 n_cycle=4 cc=0 cc_hz=0 cc_i_tgt=0.0000 cc_u=0.0000 cc_r=0.0000 cc_tau_ms=7.00
[   0.062] [SMA] [CC] start i_high=350.0mA i_low=100.0mA t_high=100 t_idle=10000 n=3 (0=cont) tau_ms=7.0 wdt_ms=5000
[   0.062] [SMA] [ACT] heat n=1/3 I=350.0mA ms=100
[   0.126] [SMA] [ACT] cool n=1/3 I=100.0mA ms=10000
[   0.760] [STATUS] t_ms=49180 hwm=4 cap=256 dropped=0 dropped_total=661 crc_err=0 crc_err_total=0 rate1=512 rate2=512 prod1=512 prod2=512 dac_err=0 tx_drop=1179147 hb_ms=0 sma_state=6 m7_us=50623442 m4_us=48428832 vdd=5.067 offset=0.5000 aref=3.145 loop_us_avg=50 loop_us_max=4684 loop_hz=20000 cycle_log_ms=1 n_cycle=4 cc=1 cc_hz=749 cc_i_tgt=0.1000 cc_u=0.5979 cc_r=6.1231 cc_tau_ms=7.00
[   1.645] [ADC1] STATUS alarm(s
[   1.834] [STATUS] t_ms=50180 hwm=6 cap=256 dropped=0 dropped_total=661 crc_err=0 crc_err_total=0 rate1=512 rate2=512 prod1=512 prod2=512 dac_err=0 tx_drop=1179147 hb_ms=0 sma_state=6 m7_us=51653862 m4_us=49459885 vdd=5.067 offset=0.5000 aref=3.145 loop_us_avg=93 loop_us_max=5485 loop_hz=10752 cycle_log_ms=1 n_cycle=4 cc=1 cc_hz=1024 cc_i_tgt=0.1000 cc_u=0.6379 cc_r=6.3061 cc_tau_ms=7.00
[   2.657] [AD
[   2.657] C1] STATUS alarm(s
[   2.848] [STATUS] t_ms=51180 hwm=5 cap=256 dropped=0 dropped_total=661 crc_err=0 crc_err_total=0 rate1=512 rate2=512 prod1=512 prod2=512 dac_err=0 tx_drop=1179147 hb_ms=0 sma_state=6 m7_us=52685462 m4_us=50490899 vdd=5.067 offset=0.5000 aref=3.145 loop_us_avg=92 loop_us_max=5375 loop_hz=10869 cycle_log_ms=1 n_cycle=4 cc=1 cc_hz=1024 cc_i_tgt=0.1000 cc_u=0.6286 cc_r=6.1821 cc_tau_ms=7.00
[   3.862] [STATUS] t_ms=52180 hwm=6 cap=256 dropped=0 dropped_total=661 crc_err=0 crc_err_total=0 rate1=512 rate2=512 prod1=512 prod2=512 dac_err=0 tx_drop=1179147 hb_ms=0 sma_state=6 m7_us=53715905 m4_us=51521955 vdd=5.067 offset=0.5000 aref=3.145 loop_us_avg=93 loop_us_max=5469 loop_hz=10752 cycle_log_ms=1 n_cycle=4 cc=1 cc_hz=1024 cc_i_tgt=0.1000 cc_u=0.5371 cc_r=4.9507 cc_tau_ms=7.00
[   4.938] [STATUS] t_ms=53180 hwm=5 cap=256 dropped=0 dropped_total=661 crc_err=0 crc_err_total=0 rate1=512 rate2=512 prod1=512 prod2=512 dac_err=0 tx_drop=1179147 hb_ms=0 sma_state=6 m7_us=54747016 m4_us=52552982 vdd=5.067 offset=0.5000 aref=3.145 loop_us_avg=92 loop_us_max=5356 loop_hz=10869 cycle_log_ms=1 n_cycle=4 cc=1 cc_hz=1025 cc_i_tgt=0.1000 cc_u=0.5071 cc_r=4.8804 cc_tau_ms=7.00
[   5.952] [STATUS] t_ms=54180 hwm=5 cap=256 dropped=0 dropped_total=661 crc_err=0 crc_err_total=0 rate1=512 rate2=512 prod1=512 prod2=512 dac_err=0 tx_drop=1179147 hb_ms=0 sma_state=6 m7_us=55778522 m4_us=53583974 vdd=5.067 offset=0.5000 aref=3.145 loop_us_avg=92 loop_us_max=5431 loop_hz=10869 cycle_log_ms=1 n_cycle=4 cc=1 cc_hz=1024 cc_i_tgt=0.1000 cc_u=0.5000 cc_r=4.8887 cc_tau_ms=7.00
[   6.711] [AD
[   6.962] [STATUS] t_ms=55180 hwm=5 cap=256 dropped=0 dropped_total=661 crc_err=0 crc_err_total=0 rate1=512 rate2=512 prod1=512 prod2=512 dac_err=0 tx_drop=1179147 hb_ms=0 sma_state=6 m7_us=56808946 m4_us=54614992 vdd=5.067 offset=0.5000 aref=3.145 loop_us_avg=92 loop_us_max=5400 loop_hz=10869 cycle_log_ms=1 n_cycle=4 cc=1 cc_hz=1024 cc_i_tgt=0.1000 cc_u=0.5000 cc_r=4.8903 cc_tau_ms=7.00
[   8.040] [STATUS] t_ms=56180 hwm=5 cap=256 dropped=0 dropped_total=661 crc_err=0 crc_err_total=0 rate1=512 rate2=512 prod1=512 prod2=512 dac_err=0 tx_drop=1179147 hb_ms=0 sma_state=6 m7_us=57840596 m4_us=55646013 vdd=5.067 offset=0.5000 aref=3.145 loop_us_avg=92 loop_us_max=5369 loop_hz=10869 cycle_log_ms=1 n_cycle=4 cc=1 cc_hz=1024 cc_i_tgt=0.1000 cc_u=0.5039 cc_r=4.9655 cc_tau_ms=7.00
[   9.051] [STATUS] t_ms=57180 hwm=6 cap=256 dropped=0 dropped_total=661 crc_err=0 crc_err_total=0 rate1=512 rate2=512 prod1=512 prod2=512 dac_err=0 tx_drop=1179147 hb_ms=0 sma_state=6 m7_us=58871023 m4_us=56677050 vdd=5.067 offset=0.5000 aref=3.145 loop_us_avg=91 loop_us_max=5425 loop_hz=10989 cycle_log_ms=1 n_cycle=4 cc=1 cc_hz=1024 cc_i_tgt=0.1000 cc_u=0.5033 cc_r=4.9147 cc_tau_ms=7.00
[   9.685] [ADC1
[  10.065] [STATUS] t_ms=58180 hwm=5 cap=256 dropped=0 dropped_total=661 crc_err=0 crc_err_total=0 rate1=512 rate2=512 prod1=512 prod2=512 dac_err=0 tx_drop=1179147 hb_ms=0 sma_state=6 m7_us=59902612 m4_us=57708045 vdd=5.067 offset=0.5000 aref=3.145 loop_us_avg=92 loop_us_max=5373 loop_hz=10869 cycle_log_ms=1 n_cycle=4 cc=1 cc_hz=1024 cc_i_tgt=0.1000 cc_u=0.5000 cc_r=4.8964 cc_tau_ms=7.00
[  10.446] [SMA] [ACT] heat n=2/3 I=350.0mA ms=100
[  10.569] [SMA] [ACT] cool n=2/3 I=100.0mA ms=10000
[  11.072] [STATUS] t_ms=59180 hwm=6 cap=256 dropped=0 dropped_total=661 crc_err=0 crc_err_total=0 rate1=512 rate2=512 prod1=512 prod2=512 dac_err=0 tx_drop=1179147 hb_ms=0 sma_state=6 m7_us=60933015 m4_us=58739059 vdd=5.067 offset=0.5000 aref=3.145 loop_us_avg=91 loop_us_max=5422 loop_hz=10989 cycle_log_ms=1 n_cycle=4 cc=1 cc_hz=1022 cc_i_tgt=0.1000 cc_u=0.5133 cc_r=4.9159 cc_tau_ms=7.00
[  12.145] [STATUS] t_ms=60180 hwm=5 cap=256 dropped=0 dropped_total=661 crc_err=0 crc_err_total=0 rate1=512 rate2=512 prod1=512 prod2=512 dac_err=0 tx_drop=1179147 hb_ms=0 sma_state=6 m7_us=61964610 m4_us=59770035 vdd=5.067 offset=0.5000 aref=3.145 loop_us_avg=93 loop_us_max=5369 loop_hz=10752 cycle_log_ms=1 n_cycle=4 cc=1 cc_hz=1024 cc_i_tgt=0.1000 cc_u=0.5000 cc_r=4.9042 cc_tau_ms=7.00
[  13.156] [STATUS] t_ms=61180 hwm=5 cap=256 dropped=0 dropped_total=661 crc_err=0 crc_err_total=0 rate1=512 rate2=512 prod1=512 prod2=512 dac_err=0 tx_drop=1179147 hb_ms=0 sma_state=6 m7_us=62995033 m4_us=60801066 vdd=5.067 offset=0.5000 aref=3.145 loop_us_avg=91 loop_us_max=5420 loop_hz=10989 cycle_log_ms=1 n_cycle=4 cc=1 cc_hz=1024 cc_i_tgt=0.1000 cc_u=0.5000 cc_r=4.9152 cc_tau_ms=7.00
[  14.170] [STATUS] t_ms=62180 hwm=5 cap=256 dropped=0 dropped_total=661 crc_err=0 crc_err_total=0 rate1=512 rate2=512 prod1=512 prod2=512 dac_err=0 tx_drop=1179147 hb_ms=0 sma_state=6 m7_us=64026688 m4_us=61832112 vdd=5.067 offset=0.5000 aref=3.145 loop_us_avg=93 loop_us_max=5360 loop_hz=10752 cycle_log_ms=1 n_cycle=4 cc=1 cc_hz=1024 cc_i_tgt=0.1000 cc_u=0.5000 cc_r=4.8813 cc_tau_ms=7.00
[  14.744] [ADC1]
[  15.250] [STATUS] t_ms=63180 hwm=6 cap=256 dropped=0 dropped_total=661 crc_err=0 crc_err_total=0 rate1=512 rate2=512 prod1=512 prod2=512 dac_err=0 tx_drop=1179147 hb_ms=0 sma_state=6 m7_us=65057107 m4_us=62863136 vdd=5.067 offset=0.5000 aref=3.145 loop_us_avg=93 loop_us_max=5408 loop_hz=10752 cycle_log_ms=1 n_cycle=4 cc=1 cc_hz=1024 cc_i_tgt=0.1000 cc_u=0.5000 cc_r=4.8927 cc_tau_ms=7.00
[  15.757] [AD
[  16.263] [STATUS] t_ms=64180 hwm=5 cap=256 dropped=0 dropped_total=661 crc_err=0 crc_err_total=0 rate1=512 rate2=512 prod1=512 prod2=512 dac_err=0 tx_drop=1179147 hb_ms=0 sma_state=6 m7_us=66088759 m4_us=63894163 vdd=5.067 offset=0.5000 aref=3.145 loop_us_avg=92 loop_us_max=5349 loop_hz=10869 cycle_log_ms=1 n_cycle=4 cc=1 cc_hz=1024 cc_i_tgt=0.1000 cc_u=0.5000 cc_r=4.8852 cc_tau_ms=7.00
[  17.275] [STATUS] t_ms=65180 hwm=6 cap=256 dropped=0 dropped_total=661 crc_err=0 crc_err_total=0 rate1=512 rate2=512 prod1=512 prod2=512 dac_err=0 tx_drop=1179147 hb_ms=0 sma_state=6 m7_us=67119161 m4_us=64925203 vdd=5.067 offset=0.5000 aref=3.145 loop_us_avg=92 loop_us_max=5422 loop_hz=10869 cycle_log_ms=1 n_cycle=4 cc=1 cc_hz=1024 cc_i_tgt=0.1000 cc_u=0.5000 cc_r=4.8966 cc_tau_ms=7.00
[  18.288] [STATUS] t_ms=66180 hwm=5 cap=256 dropped=0 dropped_total=661 crc_err=0 crc_err_total=0 rate1=512 rate2=512 prod1=512 prod2=512 dac_err=0 tx_drop=1179147 hb_ms=0 sma_state=6 m7_us=68150742 m4_us=65956186 vdd=5.067 offset=0.5000 aref=3.145 loop_us_avg=93 loop_us_max=5370 loop_hz=10752 cycle_log_ms=1 n_cycle=4 cc=1 cc_hz=1024 cc_i_tgt=0.1000 cc_u=0.5209 cc_r=4.9170 cc_tau_ms=7.00
[  19.366] [STATUS] t_ms=67180 hwm=5 cap=256 dropped=0 dropped_total=661 crc_err=0 crc_err_total=0 rate1=512 rate2=512 prod1=512 prod2=512 dac_err=0 tx_drop=1179147 hb_ms=0 sma_state=6 m7_us=69181138 m4_us=66987194 vdd=5.067 offset=0.5000 aref=3.145 loop_us_avg=93 loop_us_max=5404 loop_hz=10752 cycle_log_ms=1 n_cycle=4 cc=1 cc_hz=1024 cc_i_tgt=0.1000 cc_u=0.5038 cc_r=5.2243 cc_tau_ms=7.00
[  20.380] [STATUS] t_ms=68180 hwm=5 cap=256 dropped=0 dropped_total=661 crc_err=0 crc_err_total=0 rate1=512 rate2=512 prod1=512 prod2=512 dac_err=0 tx_drop=1179147 hb_ms=0 sma_state=6 m7_us=70212271 m4_us=68018218 vdd=5.067 offset=0.5000 aref=3.145 loop_us_avg=92 loop_us_max=5354 loop_hz=10869 cycle_log_ms=1 n_cycle=4 cc=1 cc_hz=1025 cc_i_tgt=0.1000 cc_u=0.5028 cc_r=4.8600 cc_tau_ms=7.00
[  20.889] [SMA] [ACT] heat n=3/3 I=350.0mA ms=100
[  20.952] [SMA] [ACT] cool n=3/3 I=100.0mA ms=10000
[  21.391] [STATUS] t_ms=69180 hwm=5 cap=256 dropped=0 dropped_total=661 crc_err=0 crc_err_total=0 rate1=512 rate2=512 prod1=512 prod2=512 dac_err=0 tx_drop=1179147 hb_ms=0 sma_state=6 m7_us=71243790 m4_us=69049206 vdd=5.067 offset=0.5000 aref=3.145 loop_us_avg=91 loop_us_max=5397 loop_hz=10989 cycle_log_ms=1 n_cycle=4 cc=1 cc_hz=1022 cc_i_tgt=0.1000 cc_u=0.5065 cc_r=4.9186 cc_tau_ms=7.00
[  21.774] [ADC1] STATUS alar
[  22.468] [STATUS] t_ms=70180 hwm=6 cap=256 dropped=0 dropped_total=661 crc_err=0 crc_err_total=0 rate1=512 rate2=512 prod1=512 prod2=512 dac_err=0 tx_drop=1179147 hb_ms=0 sma_state=6 m7_us=72274149 m4_us=70080186 vdd=5.067 offset=0.5000 aref=3.145 loop_us_avg=92 loop_us_max=5398 loop_hz=10869 cycle_log_ms=1 n_cycle=4 cc=1 cc_hz=1024 cc_i_tgt=0.1000 cc_u=0.5000 cc_r=4.9295 cc_tau_ms=7.00
[  23.482] [STATUS] t_ms=71180 hwm=5 cap=256 dropped=0 dropped_total=661 crc_err=0 crc_err_total=0 rate1=512 rate2=512 prod1=512 prod2=512 dac_err=0 tx_drop=1179147 hb_ms=0 sma_state=6 m7_us=73305260 m4_us=71111200 vdd=5.067 offset=0.5000 aref=3.145 loop_us_avg=93 loop_us_max=5361 loop_hz=10752 cycle_log_ms=1 n_cycle=4 cc=1 cc_hz=1025 cc_i_tgt=0.1000 cc_u=0.5000 cc_r=4.8422 cc_tau_ms=7.00
[  23.800] [ADC1] STATUS alarm(s)
[  24.492] [STATUS] t_ms=72180 hwm=5 cap=256 dropped=0 dropped_total=661 crc_err=0 crc_err_total=0 rate1=512 rate2=512 prod1=512 prod2=512 dac_err=0 tx_drop=1179147 hb_ms=0 sma_state=6 m7_us=74336898 m4_us=72142282 vdd=5.067 offset=0.5000 aref=3.145 loop_us_avg=93 loop_us_max=5418 loop_hz=10752 cycle_log_ms=1 n_cycle=4 cc=1 cc_hz=1024 cc_i_tgt=0.1000 cc_u=0.5053 cc_r=4.8739 cc_tau_ms=7.00
[  25.508] [STATUS] t_ms=73180 hwm=6 cap=256 dropped=0 dropped_total=661 crc_err=0 crc_err_total=0 rate1=512 rate2=512 prod1=512 prod2=512 dac_err=0 tx_drop=1179147 hb_ms=0 sma_state=6 m7_us=75367325 m4_us=73173376 vdd=5.067 offset=0.5000 aref=3.145 loop_us_avg=93 loop_us_max=5437 loop_hz=10752 cycle_log_ms=1 n_cycle=4 cc=1 cc_hz=1024 cc_i_tgt=0.1000 cc_u=0.5000 cc_r=4.8689 cc_tau_ms=7.00
[  25.826] [
[  25.826] ADC1] STATUS alar
[  26.587] [STATUS] t_ms=74180 hwm=5 cap=256 dropped=0 dropped_total=661 crc_err=0 crc_err_total=0 rate1=512 rate2=512 prod1=512 prod2=512 dac_err=0 tx_drop=1179147 hb_ms=0 sma_state=6 m7_us=76398475 m4_us=74204442 vdd=5.067 offset=0.5000 aref=3.145 loop_us_avg=91 loop_us_max=5346 loop_hz=10989 cycle_log_ms=1 n_cycle=4 cc=1 cc_hz=1025 cc_i_tgt=0.1000 cc_u=0.5074 cc_r=4.9039 cc_tau_ms=7.00
[  27.599] [STATUS] t_ms=75180 hwm=5 cap=256 dropped=0 dropped_total=661 crc_err=0 crc_err_total=0 rate1=512 rate2=512 prod1=512 prod2=512 dac_err=0 tx_drop=1179147 hb_ms=0 sma_state=6 m7_us=77430038 m4_us=75235462 vdd=5.067 offset=0.5000 aref=3.145 loop_us_avg=92 loop_us_max=5435 loop_hz=10869 cycle_log_ms=1 n_cycle=4 cc=1 cc_hz=1024 cc_i_tgt=0.1000 cc_u=0.5074 cc_r=4.9048 cc_tau_ms=7.00
[  27.851] [ADC1]
[  27.851] STATUS alarm(s):
[  28.624] [STATUS] t_ms=76180 hwm=6 cap=256 dropped=0 dropped_total=661 crc_err=0 crc_err_total=0 rate1=512 rate2=512 prod1=512 prod2=512 dac_err=0 tx_drop=1179147 hb_ms=0 sma_state=6 m7_us=78460457 m4_us=76266490 vdd=5.067 offset=0.5000 aref=3.145 loop_us_avg=93 loop_us_max=5404 loop_hz=10752 cycle_log_ms=1 n_cycle=4 cc=1 cc_hz=1024 cc_i_tgt=0.1000 cc_u=0.5027 cc_r=4.8913 cc_tau_ms=7.00
[  28.814] [ADC1] STATUS
[  29.638] [STATUS] t_ms=77180 hwm=5 cap=256 dropped=0 dropped_total=661 crc_err=0 crc_err_total=0 rate1=512 rate2=512 prod1=512 prod2=512 dac_err=0 tx_drop=1179147 hb_ms=0 sma_state=6 m7_us=79492101 m4_us=77297555 vdd=5.067 offset=0.5000 aref=3.145 loop_us_avg=91 loop_us_max=5365 loop_hz=10989 cycle_log_ms=1 n_cycle=4 cc=1 cc_hz=1024 cc_i_tgt=0.1000 cc_u=0.5060 cc_r=4.8905 cc_tau_ms=7.00
[  30.715] [STATUS] t_ms=78180 hwm=5 cap=256 dropped=0 dropped_total=661 crc_err=0 crc_err_total=0 rate1=512 rate2=512 prod1=512 prod2=512 dac_err=0 tx_drop=1179147 hb_ms=0 sma_state=6 m7_us=80522559 m4_us=78328595 vdd=5.067 offset=0.5000 aref=3.145 loop_us_avg=92 loop_us_max=5411 loop_hz=10869 cycle_log_ms=1 n_cycle=4 cc=1 cc_hz=1024 cc_i_tgt=0.1000 cc_u=0.5294 cc_r=5.0255 cc_tau_ms=7.00
[  31.282] [SMA] [ACT] -> idle (done) after 3 cycle(s); still armed
[  31.726] [STATUS] t_ms=79180 hwm=5 cap=256 dropped=0 dropped_total=661 crc_err=0 crc_err_total=0 rate1=512 rate2=512 prod1=512 prod2=512 dac_err=0 tx_drop=1179147 hb_ms=0 sma_state=0 m7_us=81553641 m4_us=79359674 vdd=5.067 offset=0.5000 aref=3.145 loop_us_avg=39 loop_us_max=5365 loop_hz=25641 cycle_log_ms=1 n_cycle=4 cc=0 cc_hz=582 cc_i_tgt=0.1000 cc_u=0.5070 cc_r=4.8810 cc_tau_ms=7.00
[  31.853] [ADC1] STATUS a
[  31.853] larm(s): 0xC9 P
[  31.853] GAL_ALM
[  32.739] [STATUS] t_ms=80180 hwm=4 cap=256 dropped=0 dropped_total=661 crc_err=0 crc_err_total=0 rate1=512 rate2=512 prod1=512 prod2=512 dac_err=0 tx_drop=1179147 hb_ms=0 sma_state=0 m7_us=82584861 m4_us=80390890 vdd=5.067 offset=0.5000 aref=3.145 loop_us_avg=22 loop_us_max=4662 loop_hz=45454 cycle_log_ms=1 n_cycle=4 cc=0 cc_hz=0 cc_i_tgt=0.1000 cc_u=0.5070 cc_r=4.8810 cc_tau_ms=7.00
[  32.866] [ADC1]
[  32.866] STATUS alarm(s
