[   0.060] [SMA] ARMED (MOSFET on); idle=0.500 V
[   0.061] [STATUS] t_ms=2069549 hwm=5 cap=256 dropped=0 dropped_total=33288 crc_err=0 crc_err_total=0 rate1=512 rate2=512 prod1=512 prod2=512 dac_err=0 tx_drop=0 hb_ms=0 sma_state=0 m7_us=2135582688 m4_us=2133387923 vdd=5.067 offset=0.5000 aref=3.145 loop_us_avg=21 loop_us_max=4669 loop_hz=47619 cycle_log_ms=1 n_cycle=4 cc=0 cc_hz=0 cc_i_tgt=0.3500 cc_u=1.5508 cc_r=4.4105 cc_tau_ms=7.00
[   0.061] [ADC1
[   0.061] ] STATUS alarm(
[   1.011] ALM
[   1.011] [ADC1] STATU
[   1.074] S alarm(s): 0x9
[   1.074] [STATUS] t_ms=2070549 hwm=5 cap=256 dropped=0 dropped_total=33288 crc_err=0 crc_err_total=0 rate1=512 rate2=512 prod1=512 prod2=512 dac_err=0 tx_drop=0 hb_ms=0 sma_state=0 m7_us=2136614705 m4_us=2134419939 vdd=5.067 offset=0.5000 aref=3.145 loop_us_avg=22 loop_us_max=4633 loop_hz=45454 cycle_log_ms=1 n_cycle=4 cc=0 cc_hz=0 cc_i_tgt=0.3500 cc_u=1.5508 cc_r=4.4105 cc_tau_ms=7.00
[   2.025] ALM
[   2.025] [A
[   2.025] DC1] STATUS alar
[   2.025] _
[   0.062] [SMA] [CC] start i_high=450.0mA i_low=0.0mA t_high=300 t_idle=30000 n=6 (0=cont) tau_ms=7.0 wdt_ms=5000
[   0.062] [STATUS] t_ms=2071549 hwm=5 cap=256 dropped=0 dropped_total=33288 crc_err=0 crc_err_total=0 rate1=513 rate2=512 prod1=513 prod2=512 dac_err=0 tx_drop=0 hb_ms=0 sma_state=7 m7_us=2137647651 m4_us=2135452956 vdd=5.067 offset=0.5000 aref=3.145 loop_us_avg=22 loop_us_max=4635 loop_hz=45454 cycle_log_ms=1 n_cycle=4 cc=0 cc_hz=0 cc_i_tgt=0.3500 cc_u=0.0000 cc_r=0.0000 cc_tau_ms=7.00
[   0.126] [SMA] [CC] seed R=4.671 ohm  I=107.0 mA  u=0.500 V  n=98
[   0.126] [SMA] [ACT] heat n=1/6 I=450.0mA ms=300
[   0.444] [SMA] [ACT] cool n=1/6 I=0.0mA ms=30000
[   1.016] ALM
[   1.016] [
[   1.016] ADC1] STATUS al
[   1.079] [STATUS] t_ms=2072549 hwm=5 cap=256 dropped=0 dropped_total=33288 crc_err=0 crc_err_total=0 rate1=512 rate2=512 prod1=512 prod2=512 dac_err=0 tx_drop=0 hb_ms=0 sma_state=6 m7_us=2138679661 m4_us=2136484917 vdd=5.067 offset=0.5000 aref=3.145 loop_us_avg=41 loop_us_max=5611 loop_hz=24390 cycle_log_ms=1 n_cycle=4 cc=0 cc_hz=307 cc_i_tgt=0.4500 cc_u=2.0344 cc_r=4.4109 cc_tau_ms=7.00
[   2.033] [ADC1
[   2.033] ] STATUS alarm(
[   2.033] A
[   2.160] [STATUS] t_ms=2073549 hwm=5 cap=256 dropped=0 dropped_total=33288 crc_err=0 crc_err_total=0 rate1=512 rate2=512 prod1=512 prod2=512 dac_err=0 tx_drop=0 hb_ms=0 sma_state=6 m7_us=2139711569 m4_us=2137516818 vdd=5.067 offset=0.5000 aref=3.145 loop_us_avg=33 loop_us_max=5000 loop_hz=30303 cycle_log_ms=1 n_cycle=4 cc=0 cc_hz=0 cc_i_tgt=0.4500 cc_u=2.0344 cc_r=4.4109 cc_tau_ms=7.00
[   3.042] [ADC
[   3.042] 1] STATUS alarm(s):
[   3.168] [STATUS] t_ms=2074549 hwm=5 cap=256 dropped=0 dropped_total=33288 crc_err=0 crc_err_total=0 rate1=512 rate2=512 prod1=512 prod2=512 dac_err=0 tx_drop=0 hb_ms=0 sma_state=6 m7_us=2140743465 m4_us=2138548719 vdd=5.067 offset=0.5000 aref=3.145 loop_us_avg=33 loop_us_max=4998 loop_hz=30303 cycle_log_ms=1 n_cycle=4 cc=0 cc_hz=0 cc_i_tgt=0.4500 cc_u=2.0344 cc_r=4.4109 cc_tau_ms=7.00
[   4.057] [ADC
[   4.057] 1] STATUS alarm(s
[   4.185] [STATUS] t_ms=2075549 hwm=5 cap=256 dropped=0 dropped_total=33288 crc_err=0 crc_err_total=0 rate1=511 rate2=512 prod1=511 prod2=512 dac_err=0 tx_drop=0 hb_ms=0 sma_state=6 m7_us=2141775297 m4_us=2139579648 vdd=5.067 offset=0.5000 aref=3.145 loop_us_avg=33 loop_us_max=4997 loop_hz=30303 cycle_log_ms=1 n_cycle=4 cc=0 cc_hz=0 cc_i_tgt=0.4500 cc_u=2.0344 cc_r=4.4109 cc_tau_ms=7.00
[   5.070] [ADC1] S
[   5.070] TATUS alarm(s): 0x
[   5.197] [STATUS] t_ms=2076549 hwm=6 cap=256 dropped=0 dropped_total=33288 crc_err=0 crc_err_total=0 rate1=512 rate2=512 prod1=512 prod2=512 dac_err=0 tx_drop=0 hb_ms=0 sma_state=6 m7_us=2142807226 m4_us=2140611581 vdd=5.067 offset=0.5000 aref=3.145 loop_us_avg=33 loop_us_max=5804 loop_hz=30303 cycle_log_ms=1 n_cycle=4 cc=0 cc_hz=0 cc_i_tgt=0.4500 cc_u=2.0344 cc_r=4.4109 cc_tau_ms=7.00
[   6.271] [STATUS] t_ms=2077549 hwm=6 cap=256 dropped=0 dropped_total=33288 crc_err=0 crc_err_total=0 rate1=512 rate2=512 prod1=512 prod2=512 dac_err=0 tx_drop=0 hb_ms=0 sma_state=6 m7_us=2143839152 m4_us=2141643504 vdd=5.067 offset=0.5000 aref=3.145 loop_us_avg=33 loop_us_max=5808 loop_hz=30303 cycle_log_ms=1 n_cycle=4 cc=0 cc_hz=0 cc_i_tgt=0.4500 cc_u=2.0344 cc_r=4.4109 cc_tau_ms=7.00
[   7.283] [STATUS] t_ms=2078549 hwm=6 cap=256 dropped=0 dropped_total=33288 crc_err=0 crc_err_total=0 rate1=512 rate2=512 prod1=512 prod2=512 dac_err=0 tx_drop=0 hb_ms=0 sma_state=6 m7_us=2144871153 m4_us=2142675504 vdd=5.067 offset=0.5000 aref=3.145 loop_us_avg=33 loop_us_max=5798 loop_hz=30303 cycle_log_ms=1 n_cycle=4 cc=0 cc_hz=0 cc_i_tgt=0.4500 cc_u=2.0344 cc_r=4.4109 cc_tau_ms=7.00
[   8.105] [A
[   8.105] DC1] STATUS alar
[   8.295] [STATUS] t_ms=2079549 hwm=6 cap=256 dropped=0 dropped_total=33288 crc_err=0 crc_err_total=0 rate1=512 rate2=512 prod1=512 prod2=512 dac_err=0 tx_drop=0 hb_ms=0 sma_state=6 m7_us=2145903124 m4_us=2143707478 vdd=5.067 offset=0.5000 aref=3.145 loop_us_avg=33 loop_us_max=5790 loop_hz=30303 cycle_log_ms=1 n_cycle=4 cc=0 cc_hz=0 cc_i_tgt=0.4500 cc_u=2.0344 cc_r=4.4109 cc_tau_ms=7.00
[   9.119] [ADC1
[   9.375] [STATUS] t_ms=2080549 hwm=6 cap=256 dropped=0 dropped_total=33288 crc_err=0 crc_err_total=0 rate1=512 rate2=512 prod1=512 prod2=512 dac_err=0 tx_drop=0 hb_ms=0 sma_state=6 m7_us=2146935081 m4_us=2144739430 vdd=5.067 offset=0.5000 aref=3.145 loop_us_avg=33 loop_us_max=5837 loop_hz=30303 cycle_log_ms=1 n_cycle=4 cc=0 cc_hz=0 cc_i_tgt=0.4500 cc_u=2.0344 cc_r=4.4109 cc_tau_ms=7.00
[  10.071] [
[  10.071] ADC1] STATUS alarm
[  10.388] [STATUS] t_ms=2081549 hwm=6 cap=256 dropped=0 dropped_total=33288 crc_err=0 crc_err_total=0 rate1=512 rate2=512 prod1=512 prod2=512 dac_err=0 tx_drop=0 hb_ms=0 sma_state=6 m7_us=2147967065 m4_us=2145771418 vdd=5.067 offset=0.5000 aref=3.145 loop_us_avg=33 loop_us_max=5814 loop_hz=30303 cycle_log_ms=1 n_cycle=4 cc=0 cc_hz=0 cc_i_tgt=0.4500 cc_u=2.0344 cc_r=4.4109 cc_tau_ms=7.00
[  11.404] [STATUS] t_ms=2082549 hwm=6 cap=256 dropped=0 dropped_total=33288 crc_err=0 crc_err_total=0 rate1=512 rate2=512 prod1=512 prod2=512 dac_err=0 tx_drop=0 hb_ms=0 sma_state=6 m7_us=2148999022 m4_us=2146803376 vdd=5.067 offset=0.5000 aref=3.145 loop_us_avg=33 loop_us_max=5793 loop_hz=30303 cycle_log_ms=1 n_cycle=4 cc=0 cc_hz=0 cc_i_tgt=0.4500 cc_u=2.0344 cc_r=4.4109 cc_tau_ms=7.00
[  12.481] [STATUS] t_ms=2083549 hwm=6 cap=256 dropped=0 dropped_total=33288 crc_err=0 crc_err_total=0 rate1=512 rate2=512 prod1=512 prod2=512 dac_err=0 tx_drop=0 hb_ms=0 sma_state=6 m7_us=2150030990 m4_us=2147835344 vdd=5.067 offset=0.5000 aref=3.145 loop_us_avg=33 loop_us_max=5806 loop_hz=30303 cycle_log_ms=1 n_cycle=4 cc=0 cc_hz=0 cc_i_tgt=0.4500 cc_u=2.0344 cc_r=4.4109 cc_tau_ms=7.00
[  13.114] [ADC1
[  13.114] ] STATUS alarm(s)
[  13.494] [STATUS] t_ms=2084549 hwm=6 cap=256 dropped=0 dropped_total=33288 crc_err=0 crc_err_total=0 rate1=512 rate2=512 prod1=512 prod2=512 dac_err=0 tx_drop=0 hb_ms=0 sma_state=6 m7_us=2151062935 m4_us=2148867286 vdd=5.067 offset=0.5000 aref=3.145 loop_us_avg=34 loop_us_max=5808 loop_hz=29411 cycle_log_ms=1 n_cycle=4 cc=0 cc_hz=0 cc_i_tgt=0.4500 cc_u=2.0344 cc_r=4.4109 cc_tau_ms=7.00
[  14.130] [A
[  14.130] DC1] STATUS alarm(
[  14.513] [STATUS] t_ms=2085549 hwm=6 cap=256 dropped=0 dropped_total=33288 crc_err=0 crc_err_total=0 rate1=512 rate2=512 prod1=512 prod2=512 dac_err=0 tx_drop=0 hb_ms=0 sma_state=6 m7_us=2152094865 m4_us=2149899216 vdd=5.067 offset=0.5000 aref=3.145 loop_us_avg=33 loop_us_max=5811 loop_hz=30303 cycle_log_ms=1 n_cycle=4 cc=0 cc_hz=0 cc_i_tgt=0.4500 cc_u=2.0344 cc_r=4.4109 cc_tau_ms=7.00
[  15.149] [ADC1] STATUS
[  15.149] alarm(s): 0x49
[  15.530] [STATUS] t_ms=2086549 hwm=6 cap=256 dropped=0 dropped_total=33288 crc_err=0 crc_err_total=0 rate1=512 rate2=512 prod1=512 prod2=512 dac_err=0 tx_drop=0 hb_ms=0 sma_state=6 m7_us=2153126784 m4_us=2150931136 vdd=5.067 offset=0.5000 aref=3.145 loop_us_avg=33 loop_us_max=5805 loop_hz=30303 cycle_log_ms=1 n_cycle=4 cc=0 cc_hz=0 cc_i_tgt=0.4500 cc_u=2.0344 cc_r=4.4109 cc_tau_ms=7.00
[  16.160] ALM
[  16.602] [STATUS] t_ms=2087549 hwm=6 cap=256 dropped=0 dropped_total=33288 crc_err=0 crc_err_total=0 rate1=512 rate2=512 prod1=512 prod2=512 dac_err=0 tx_drop=0 hb_ms=0 sma_state=6 m7_us=2154158650 m4_us=2151963005 vdd=5.067 offset=0.5000 aref=3.145 loop_us_avg=33 loop_us_max=5797 loop_hz=30303 cycle_log_ms=1 n_cycle=4 cc=0 cc_hz=0 cc_i_tgt=0.4500 cc_u=2.0344 cc_r=4.4109 cc_tau_ms=7.00
[  17.174] ALM
[  17.620] [STATUS] t_ms=2088549 hwm=6 cap=256 dropped=0 dropped_total=33288 crc_err=0 crc_err_total=0 rate1=512 rate2=512 prod1=512 prod2=512 dac_err=0 tx_drop=0 hb_ms=0 sma_state=6 m7_us=2155190563 m4_us=2152994918 vdd=5.067 offset=0.5000 aref=3.145 loop_us_avg=33 loop_us_max=5798 loop_hz=30303 cycle_log_ms=1 n_cycle=4 cc=0 cc_hz=0 cc_i_tgt=0.4500 cc_u=2.0344 cc_r=4.4109 cc_tau_ms=7.00
[  18.187] [AD
[  18.187] C1] STATUS alarm(s
[  18.629] [STATUS] t_ms=2089549 hwm=6 cap=256 dropped=0 dropped_total=33288 crc_err=0 crc_err_total=0 rate1=512 rate2=512 prod1=512 prod2=512 dac_err=0 tx_drop=0 hb_ms=0 sma_state=6 m7_us=2156222487 m4_us=2154026838 vdd=5.067 offset=0.5000 aref=3.145 loop_us_avg=33 loop_us_max=5800 loop_hz=30303 cycle_log_ms=1 n_cycle=4 cc=0 cc_hz=0 cc_i_tgt=0.4500 cc_u=2.0344 cc_r=4.4109 cc_tau_ms=7.00
[  19.200] [ADC1]
[  19.200] STATUS alarm(s): 0x
[  19.646] [STATUS] t_ms=2090549 hwm=6 cap=256 dropped=0 dropped_total=33288 crc_err=0 crc_err_total=0 rate1=512 rate2=512 prod1=512 prod2=512 dac_err=0 tx_drop=0 hb_ms=0 sma_state=6 m7_us=2157254401 m4_us=2155058733 vdd=5.067 offset=0.5000 aref=3.145 loop_us_avg=33 loop_us_max=5790 loop_hz=30303 cycle_log_ms=1 n_cycle=4 cc=0 cc_hz=0 cc_i_tgt=0.4500 cc_u=2.0344 cc_r=4.4109 cc_tau_ms=7.00
[  20.154] [
[  20.154] ADC1] STATUS alar
[  20.154] _A
[  20.726] [STATUS] t_ms=2091549 hwm=6 cap=256 dropped=0 dropped_total=33288 crc_err=0 crc_err_total=0 rate1=512 rate2=512 prod1=512 prod2=512 dac_err=0 tx_drop=0 hb_ms=0 sma_state=6 m7_us=2158286286 m4_us=2156090624 vdd=5.067 offset=0.5000 aref=3.145 loop_us_avg=33 loop_us_max=5816 loop_hz=30303 cycle_log_ms=1 n_cycle=4 cc=0 cc_hz=0 cc_i_tgt=0.4500 cc_u=2.0344 cc_r=4.4109 cc_tau_ms=7.00
[  21.169] [ADC1] STATUS alarm(s):
[  21.739] [STATUS] t_ms=2092549 hwm=6 cap=256 dropped=0 dropped_total=33288 crc_err=0 crc_err_total=0 rate1=512 rate2=512 prod1=512 prod2=512 dac_err=0 tx_drop=0 hb_ms=0 sma_state=6 m7_us=2159318165 m4_us=2157122512 vdd=5.067 offset=0.5000 aref=3.145 loop_us_avg=33 loop_us_max=5832 loop_hz=30303 cycle_log_ms=1 n_cycle=4 cc=0 cc_hz=0 cc_i_tgt=0.4500 cc_u=2.0344 cc_r=4.4109 cc_tau_ms=7.00
[  22.753] [STATUS] t_ms=2093549 hwm=6 cap=256 dropped=0 dropped_total=33288 crc_err=0 crc_err_total=0 rate1=512 rate2=512 prod1=512 prod2=512 dac_err=0 tx_drop=0 hb_ms=0 sma_state=6 m7_us=2160350103 m4_us=2158154454 vdd=5.067 offset=0.5000 aref=3.145 loop_us_avg=33 loop_us_max=5796 loop_hz=30303 cycle_log_ms=1 n_cycle=4 cc=0 cc_hz=0 cc_i_tgt=0.4500 cc_u=2.0344 cc_r=4.4109 cc_tau_ms=7.00
[  23.196] [ADC
[  23.825] [STATUS] t_ms=2094549 hwm=6 cap=256 dropped=0 dropped_total=33288 crc_err=0 crc_err_total=0 rate1=512 rate2=512 prod1=512 prod2=512 dac_err=0 tx_drop=0 hb_ms=0 sma_state=6 m7_us=2161382051 m4_us=2159186400 vdd=5.067 offset=0.5000 aref=3.145 loop_us_avg=33 loop_us_max=5792 loop_hz=30303 cycle_log_ms=1 n_cycle=4 cc=0 cc_hz=0 cc_i_tgt=0.4500 cc_u=2.0344 cc_r=4.4109 cc_tau_ms=7.00
[  24.206] [ADC1]
[  24.206] STATUS alarm(s):
[  24.844] [STATUS] t_ms=2095549 hwm=6 cap=256 dropped=0 dropped_total=33288 crc_err=0 crc_err_total=0 rate1=512 rate2=512 prod1=512 prod2=512 dac_err=0 tx_drop=0 hb_ms=0 sma_state=6 m7_us=2162414012 m4_us=2160218368 vdd=5.067 offset=0.5000 aref=3.145 loop_us_avg=33 loop_us_max=5788 loop_hz=30303 cycle_log_ms=1 n_cycle=4 cc=0 cc_hz=0 cc_i_tgt=0.4500 cc_u=2.0344 cc_r=4.4109 cc_tau_ms=7.00
[  25.225] [ADC1] STATU
[  25.225] S alarm(s): 0x49
[  25.861] [STATUS] t_ms=2096549 hwm=6 cap=256 dropped=0 dropped_total=33288 crc_err=0 crc_err_total=0 rate1=512 rate2=512 prod1=512 prod2=512 dac_err=0 tx_drop=0 hb_ms=0 sma_state=6 m7_us=2163445960 m4_us=2161250310 vdd=5.067 offset=0.5000 aref=3.145 loop_us_avg=33 loop_us_max=5895 loop_hz=30303 cycle_log_ms=1 n_cycle=4 cc=0 cc_hz=0 cc_i_tgt=0.4500 cc_u=2.0344 cc_r=4.4109 cc_tau_ms=7.00
[  26.240] [ADC
[  26.240] 1] STATUS alarm(s)
[  26.872] [STATUS] t_ms=2097549 hwm=6 cap=256 dropped=0 dropped_total=33288 crc_err=0 crc_err_total=0 rate1=512 rate2=512 prod1=512 prod2=512 dac_err=0 tx_drop=0 hb_ms=0 sma_state=6 m7_us=2164477901 m4_us=2162282256 vdd=5.067 offset=0.5000 aref=3.145 loop_us_avg=33 loop_us_max=5791 loop_hz=30303 cycle_log_ms=1 n_cycle=4 cc=0 cc_hz=0 cc_i_tgt=0.4500 cc_u=2.0344 cc_r=4.4109 cc_tau_ms=7.00
[  27.949] [STATUS] t_ms=2098549 hwm=6 cap=256 dropped=0 dropped_total=33288 crc_err=0 crc_err_total=0 rate1=512 rate2=512 prod1=512 prod2=512 dac_err=0 tx_drop=0 hb_ms=0 sma_state=6 m7_us=2165509952 m4_us=2163314230 vdd=5.067 offset=0.5000 aref=3.145 loop_us_avg=33 loop_us_max=5790 loop_hz=30303 cycle_log_ms=1 n_cycle=4 cc=0 cc_hz=0 cc_i_tgt=0.4500 cc_u=2.0344 cc_r=4.4109 cc_tau_ms=7.00
[  28.263] [
[  28.958] [STATUS] t_ms=2099549 hwm=6 cap=256 dropped=0 dropped_total=33288 crc_err=0 crc_err_total=0 rate1=512 rate2=512 prod1=512 prod2=512 dac_err=0 tx_drop=0 hb_ms=0 sma_state=6 m7_us=2166541888 m4_us=2164346233 vdd=5.067 offset=0.5000 aref=3.145 loop_us_avg=33 loop_us_max=5889 loop_hz=30303 cycle_log_ms=1 n_cycle=4 cc=0 cc_hz=0 cc_i_tgt=0.4500 cc_u=2.0344 cc_r=4.4109 cc_tau_ms=7.00
[  29.273] ALM
[  29.273] [ADC1
[  29.273] ] STATUS alarm(s)
[  29.973] [STATUS] t_ms=2100549 hwm=6 cap=256 dropped=0 dropped_total=33288 crc_err=0 crc_err_total=0 rate1=512 rate2=512 prod1=512 prod2=512 dac_err=0 tx_drop=0 hb_ms=0 sma_state=6 m7_us=2167574035 m4_us=2165378208 vdd=5.067 offset=0.5000 aref=3.145 loop_us_avg=33 loop_us_max=5907 loop_hz=30303 cycle_log_ms=1 n_cycle=4 cc=0 cc_hz=0 cc_i_tgt=0.4500 cc_u=2.0344 cc_r=4.4109 cc_tau_ms=7.00
[  30.226] ALM
[  30.226] [ADC1]
[  30.226] STATUS alarm(s):
[  31.050] [STATUS] t_ms=2101549 hwm=6 cap=256 dropped=0 dropped_total=33288 crc_err=0 crc_err_total=0 rate1=513 rate2=512 prod1=513 prod2=512 dac_err=0 tx_drop=0 hb_ms=0 sma_state=6 m7_us=2168605945 m4_us=2166411189 vdd=5.067 offset=0.5000 aref=3.145 loop_us_avg=33 loop_us_max=5966 loop_hz=30303 cycle_log_ms=1 n_cycle=4 cc=0 cc_hz=0 cc_i_tgt=0.4500 cc_u=2.0344 cc_r=4.4109 cc_tau_ms=7.00
[  31.239] [ADC1] STATUS al
[  31.239] arm(s): 0x89 PGA
[  31.239] L_A
[  31.430] [SMA] [ACT] heat n=2/6 I=450.0mA ms=300
[  31.748] [SMA] [ACT] cool n=2/6 I=0.0mA ms=30000
[  32.064] [STATUS] t_ms=2102549 hwm=5 cap=256 dropped=0 dropped_total=33288 crc_err=0 crc_err_total=0 rate1=511 rate2=512 prod1=511 prod2=512 dac_err=0 tx_drop=0 hb_ms=0 sma_state=6 m7_us=2169637803 m4_us=2167442160 vdd=5.067 offset=0.5000 aref=3.145 loop_us_avg=41 loop_us_max=5005 loop_hz=24390 cycle_log_ms=1 n_cycle=4 cc=0 cc_hz=307 cc_i_tgt=0.4500 cc_u=1.9152 cc_r=4.4087 cc_tau_ms=7.00
[  32.254] [ADC1] STATUS ala
[  32.254] rm(s): 0x89 PGA
[  32.254] L_A
[  33.079] [STATUS] t_ms=2103549 hwm=6 cap=256 dropped=0 dropped_total=33288 crc_err=0 crc_err_total=0 rate1=512 rate2=512 prod1=512 prod2=512 dac_err=0 tx_drop=0 hb_ms=0 sma_state=6 m7_us=2170669735 m4_us=2168474080 vdd=5.067 offset=0.5000 aref=3.145 loop_us_avg=33 loop_us_max=5805 loop_hz=30303 cycle_log_ms=1 n_cycle=4 cc=0 cc_hz=0 cc_i_tgt=0.4500 cc_u=1.9152 cc_r=4.4087 cc_tau_ms=7.00
[  33.267] [ADC1
[  34.092] [STATUS] t_ms=2104549 hwm=6 cap=256 dropped=0 dropped_total=33288 crc_err=0 crc_err_total=0 rate1=513 rate2=512 prod1=513 prod2=512 dac_err=0 tx_drop=0 hb_ms=0 sma_state=6 m7_us=2171701866 m4_us=2169507007 vdd=5.067 offset=0.5000 aref=3.145 loop_us_avg=34 loop_us_max=5968 loop_hz=29411 cycle_log_ms=1 n_cycle=4 cc=0 cc_hz=0 cc_i_tgt=0.4500 cc_u=1.9152 cc_r=4.4087 cc_tau_ms=7.00
[  34.283] [ADC1
[  34.283] ] STATUS alarm(s)
[  35.173] [STATUS] t_ms=2105549 hwm=5 cap=256 dropped=0 dropped_total=33288 crc_err=0 crc_err_total=0 rate1=512 rate2=512 prod1=512 prod2=512 dac_err=0 tx_drop=0 hb_ms=0 sma_state=6 m7_us=2172733695 m4_us=2170538949 vdd=5.067 offset=0.5000 aref=3.145 loop_us_avg=34 loop_us_max=5147 loop_hz=29411 cycle_log_ms=1 n_cycle=4 cc=0 cc_hz=0 cc_i_tgt=0.4500 cc_u=1.9152 cc_r=4.4087 cc_tau_ms=7.00
[  35.300] [AD
[  35.300] C1] STATUS alarm(s):
[  36.182] [STATUS] t_ms=2106549 hwm=5 cap=256 dropped=0 dropped_total=33288 crc_err=0 crc_err_total=0 rate1=511 rate2=512 prod1=511 prod2=512 dac_err=0 tx_drop=0 hb_ms=0 sma_state=6 m7_us=2173765517 m4_us=2171569862 vdd=5.067 offset=0.5000 aref=3.145 loop_us_avg=33 loop_us_max=4997 loop_hz=30303 cycle_log_ms=1 n_cycle=4 cc=0 cc_hz=0 cc_i_tgt=0.4500 cc_u=1.9152 cc_r=4.4087 cc_tau_ms=7.00
[  36.308] [ADC1] STATUS
[  36.308] alarm(s): 0xC9 P
[  36.308] GAL_A
[  37.199] [STATUS] t_ms=2107549 hwm=6 cap=256 dropped=0 dropped_total=33288 crc_err=0 crc_err_total=0 rate1=512 rate2=512 prod1=512 prod2=512 dac_err=0 tx_drop=0 hb_ms=0 sma_state=6 m7_us=2174797456 m4_us=2172601808 vdd=5.067 offset=0.5000 aref=3.145 loop_us_avg=34 loop_us_max=5810 loop_hz=29411 cycle_log_ms=1 n_cycle=4 cc=0 cc_hz=0 cc_i_tgt=0.4500 cc_u=1.9152 cc_r=4.4087 cc_tau_ms=7.00
[  37.325] [ADC
[  37.325] 1] STATUS alarm(s)
[  38.276] [STATUS] t_ms=2108549 hwm=6 cap=256 dropped=0 dropped_total=33288 crc_err=0 crc_err_total=0 rate1=512 rate2=512 prod1=512 prod2=512 dac_err=0 tx_drop=0 hb_ms=0 sma_state=6 m7_us=2175829455 m4_us=2173633718 vdd=5.067 offset=0.5000 aref=3.145 loop_us_avg=33 loop_us_max=5805 loop_hz=30303 cycle_log_ms=1 n_cycle=4 cc=0 cc_hz=0 cc_i_tgt=0.4500 cc_u=1.9152 cc_r=4.4087 cc_tau_ms=7.00
[  39.291] [STATUS] t_ms=2109549 hwm=6 cap=256 dropped=0 dropped_total=33288 crc_err=0 crc_err_total=0 rate1=512 rate2=512 prod1=512 prod2=512 dac_err=0 tx_drop=0 hb_ms=0 sma_state=6 m7_us=2176861277 m4_us=2174665622 vdd=5.067 offset=0.5000 aref=3.145 loop_us_avg=33 loop_us_max=5893 loop_hz=30303 cycle_log_ms=1 n_cycle=4 cc=0 cc_hz=0 cc_i_tgt=0.4500 cc_u=1.9152 cc_r=4.4087 cc_tau_ms=7.00
[  39.354] [ADC1
[  40.305] [STATUS] t_ms=2110549 hwm=6 cap=256 dropped=0 dropped_total=33288 crc_err=0 crc_err_total=0 rate1=512 rate2=512 prod1=512 prod2=512 dac_err=0 tx_drop=0 hb_ms=0 sma_state=6 m7_us=2177893218 m4_us=2175697574 vdd=5.067 offset=0.5000 aref=3.145 loop_us_avg=33 loop_us_max=5839 loop_hz=30303 cycle_log_ms=1 n_cycle=4 cc=0 cc_hz=0 cc_i_tgt=0.4500 cc_u=1.9152 cc_r=4.4087 cc_tau_ms=7.00
[  40.305] [
[  40.305] ADC1] STATUS alarm
[  41.321] [STATUS] t_ms=2111549 hwm=6 cap=256 dropped=0 dropped_total=33288 crc_err=0 crc_err_total=0 rate1=512 rate2=512 prod1=512 prod2=512 dac_err=0 tx_drop=0 hb_ms=0 sma_state=6 m7_us=2178925182 m4_us=2176729533 vdd=5.067 offset=0.5000 aref=3.145 loop_us_avg=33 loop_us_max=5798 loop_hz=30303 cycle_log_ms=1 n_cycle=4 cc=0 cc_hz=0 cc_i_tgt=0.4500 cc_u=1.9152 cc_r=4.4087 cc_tau_ms=7.00
[  42.382] [
[  42.382] ADC1] STATUS alar
[  42.382] [STATUS] t_ms=2112549 hwm=6 cap=256 dropped=0 dropped_total=33288 crc_err=0 crc_err_total=0 rate1=512 rate2=512 prod1=512 prod2=512 dac_err=0 tx_drop=0 hb_ms=0 sma_state=6 m7_us=2179957174 m4_us=2177761517 vdd=5.067 offset=0.5000 aref=3.145 loop_us_avg=33 loop_us_max=5797 loop_hz=30303 cycle_log_ms=1 n_cycle=4 cc=0 cc_hz=0 cc_i_tgt=0.4500 cc_u=1.9152 cc_r=4.4087 cc_tau_ms=7.00
[  43.394] [STATUS] t_ms=2113549 hwm=6 cap=256 dropped=0 dropped_total=33288 crc_err=0 crc_err_total=0 rate1=512 rate2=512 prod1=512 prod2=512 dac_err=0 tx_drop=0 hb_ms=0 sma_state=6 m7_us=2180989149 m4_us=2178793504 vdd=5.067 offset=0.5000 aref=3.145 loop_us_avg=33 loop_us_max=5801 loop_hz=30303 cycle_log_ms=1 n_cycle=4 cc=0 cc_hz=0 cc_i_tgt=0.4500 cc_u=1.9152 cc_r=4.4087 cc_tau_ms=7.00
[  44.472] [STATUS] t_ms=2114549 hwm=6 cap=256 dropped=0 dropped_total=33288 crc_err=0 crc_err_total=0 rate1=512 rate2=512 prod1=512 prod2=512 dac_err=0 tx_drop=0 hb_ms=0 sma_state=6 m7_us=2182021104 m4_us=2179825462 vdd=5.067 offset=0.5000 aref=3.145 loop_us_avg=33 loop_us_max=5789 loop_hz=30303 cycle_log_ms=1 n_cycle=4 cc=0 cc_hz=0 cc_i_tgt=0.4500 cc_u=1.9152 cc_r=4.4087 cc_tau_ms=7.00
[  45.356] [ADC1]
[  45.356] STATUS alarm(s)
[  45.484] [STATUS] t_ms=2115549 hwm=6 cap=256 dropped=0 dropped_total=33288 crc_err=0 crc_err_total=0 rate1=512 rate2=512 prod1=512 prod2=512 dac_err=0 tx_drop=0 hb_ms=0 sma_state=6 m7_us=2183053070 m4_us=2180857405 vdd=5.067 offset=0.5000 aref=3.145 loop_us_avg=33 loop_us_max=5789 loop_hz=30303 cycle_log_ms=1 n_cycle=4 cc=0 cc_hz=0 cc_i_tgt=0.4500 cc_u=1.9152 cc_r=4.4087 cc_tau_ms=7.00
[  46.371] ALM
[  46.371] [ADC1] STATUS ala
[  46.371] rm(s): 0x9 PGA
[  46.371] L_
[  46.498] [STATUS] t_ms=2116549 hwm=6 cap=256 dropped=0 dropped_total=33288 crc_err=0 crc_err_total=0 rate1=512 rate2=512 prod1=512 prod2=512 dac_err=0 tx_drop=0 hb_ms=0 sma_state=6 m7_us=2184084999 m4_us=2181889353 vdd=5.067 offset=0.5000 aref=3.145 loop_us_avg=33 loop_us_max=5816 loop_hz=30303 cycle_log_ms=1 n_cycle=4 cc=0 cc_hz=0 cc_i_tgt=0.4500 cc_u=1.9152 cc_r=4.4087 cc_tau_ms=7.00
[  47.384] ALM
[  47.384] [
[  47.384] ADC1] STATUS ala
[  47.384] A
[  47.511] [STATUS] t_ms=2117549 hwm=6 cap=256 dropped=0 dropped_total=33288 crc_err=0 crc_err_total=0 rate1=512 rate2=512 prod1=512 prod2=512 dac_err=0 tx_drop=0 hb_ms=0 sma_state=6 m7_us=2185116989 m4_us=2182921341 vdd=5.067 offset=0.5000 aref=3.145 loop_us_avg=33 loop_us_max=5794 loop_hz=30303 cycle_log_ms=1 n_cycle=4 cc=0 cc_hz=0 cc_i_tgt=0.4500 cc_u=1.9152 cc_r=4.4087 cc_tau_ms=7.00
[  48.398] [ADC1] STATUS alarm(s): 0
[  48.588] [STATUS] t_ms=2118549 hwm=6 cap=256 dropped=0 dropped_total=33288 crc_err=0 crc_err_total=0 rate1=512 rate2=512 prod1=512 prod2=512 dac_err=0 tx_drop=0 hb_ms=0 sma_state=6 m7_us=2186148963 m4_us=2183953309 vdd=5.067 offset=0.5000 aref=3.145 loop_us_avg=33 loop_us_max=5799 loop_hz=30303 cycle_log_ms=1 n_cycle=4 cc=0 cc_hz=0 cc_i_tgt=0.4500 cc_u=1.9152 cc_r=4.4087 cc_tau_ms=7.00
[  49.601] [STATUS] t_ms=2119549 hwm=6 cap=256 dropped=0 dropped_total=33288 crc_err=0 crc_err_total=0 rate1=512 rate2=512 prod1=512 prod2=512 dac_err=0 tx_drop=0 hb_ms=0 sma_state=6 m7_us=2187180972 m4_us=2184985312 vdd=5.067 offset=0.5000 aref=3.145 loop_us_avg=33 loop_us_max=5790 loop_hz=30303 cycle_log_ms=1 n_cycle=4 cc=0 cc_hz=0 cc_i_tgt=0.4500 cc_u=1.9152 cc_r=4.4087 cc_tau_ms=7.00
[  50.430] [ADC1
[  50.616] [STATUS] t_ms=2120549 hwm=6 cap=256 dropped=0 dropped_total=33288 crc_err=0 crc_err_total=0 rate1=512 rate2=512 prod1=512 prod2=512 dac_err=0 tx_drop=0 hb_ms=0 sma_state=6 m7_us=2188212949 m4_us=2186017305 vdd=5.067 offset=0.5000 aref=3.145 loop_us_avg=33 loop_us_max=5813 loop_hz=30303 cycle_log_ms=1 n_cycle=4 cc=0 cc_hz=0 cc_i_tgt=0.4500 cc_u=1.9152 cc_r=4.4087 cc_tau_ms=7.00
[  51.441] [ADC1] STATUS al
[  51.441] arm(s): 0xC9 PG
[  51.441] AL_A
[  51.695] [STATUS] t_ms=2121549 hwm=6 cap=256 dropped=0 dropped_total=33288 crc_err=0 crc_err_total=0 rate1=512 rate2=512 prod1=512 prod2=512 dac_err=0 tx_drop=0 hb_ms=0 sma_state=6 m7_us=2189244941 m4_us=2187049293 vdd=5.067 offset=0.5000 aref=3.145 loop_us_avg=33 loop_us_max=5792 loop_hz=30303 cycle_log_ms=1 n_cycle=4 cc=0 cc_hz=0 cc_i_tgt=0.4500 cc_u=1.9152 cc_r=4.4087 cc_tau_ms=7.00
[  52.396] [ADC
[  52.396] 1] STATUS alarm(
[  52.713] [STATUS] t_ms=2122549 hwm=6 cap=256 dropped=0 dropped_total=33288 crc_err=0 crc_err_total=0 rate1=512 rate2=512 prod1=512 prod2=512 dac_err=0 tx_drop=0 hb_ms=0 sma_state=6 m7_us=2190276960 m4_us=2188081299 vdd=5.067 offset=0.5000 aref=3.145 loop_us_avg=33 loop_us_max=5784 loop_hz=30303 cycle_log_ms=1 n_cycle=4 cc=0 cc_hz=0 cc_i_tgt=0.4500 cc_u=1.9152 cc_r=4.4087 cc_tau_ms=7.00
[  53.408] [
[  53.408] ADC1] STATUS alar
[  53.408] A
[  53.723] [STATUS] t_ms=2123549 hwm=6 cap=256 dropped=0 dropped_total=33288 crc_err=0 crc_err_total=0 rate1=512 rate2=512 prod1=512 prod2=512 dac_err=0 tx_drop=0 hb_ms=0 sma_state=6 m7_us=2191308959 m4_us=2189113312 vdd=5.067 offset=0.5000 aref=3.145 loop_us_avg=33 loop_us_max=5807 loop_hz=30303 cycle_log_ms=1 n_cycle=4 cc=0 cc_hz=0 cc_i_tgt=0.4500 cc_u=1.9152 cc_r=4.4087 cc_tau_ms=7.00
[  54.420] [ADC
[  54.737] [STATUS] t_ms=2124549 hwm=6 cap=256 dropped=0 dropped_total=33288 crc_err=0 crc_err_total=0 rate1=512 rate2=512 prod1=512 prod2=512 dac_err=0 tx_drop=0 hb_ms=0 sma_state=6 m7_us=2192341005 m4_us=2190145338 vdd=5.067 offset=0.5000 aref=3.145 loop_us_avg=33 loop_us_max=6007 loop_hz=30303 cycle_log_ms=1 n_cycle=4 cc=0 cc_hz=0 cc_i_tgt=0.4500 cc_u=1.9152 cc_r=4.4087 cc_tau_ms=7.00
[  55.434] [ADC1] STATUS a
[  55.814] [STATUS] t_ms=2125549 hwm=6 cap=256 dropped=0 dropped_total=33288 crc_err=0 crc_err_total=0 rate1=512 rate2=512 prod1=512 prod2=512 dac_err=0 tx_drop=0 hb_ms=0 sma_state=6 m7_us=2193372981 m4_us=2191177334 vdd=5.067 offset=0.5000 aref=3.145 loop_us_avg=33 loop_us_max=5877 loop_hz=30303 cycle_log_ms=1 n_cycle=4 cc=0 cc_hz=0 cc_i_tgt=0.4500 cc_u=1.9152 cc_r=4.4087 cc_tau_ms=7.00
[  56.445] [ADC1] STATUS a
[  56.825] [STATUS] t_ms=2126549 hwm=6 cap=256 dropped=0 dropped_total=33288 crc_err=0 crc_err_total=0 rate1=512 rate2=512 prod1=512 prod2=512 dac_err=0 tx_drop=0 hb_ms=0 sma_state=6 m7_us=2194404955 m4_us=2192209309 vdd=5.067 offset=0.5000 aref=3.145 loop_us_avg=33 loop_us_max=5796 loop_hz=30303 cycle_log_ms=1 n_cycle=4 cc=0 cc_hz=0 cc_i_tgt=0.4500 cc_u=1.9152 cc_r=4.4087 cc_tau_ms=7.00
[  57.458] [ADC
[  57.458] 1] STATUS alarm(s)
[  57.839] [STATUS] t_ms=2127549 hwm=6 cap=256 dropped=0 dropped_total=33288 crc_err=0 crc_err_total=0 rate1=512 rate2=512 prod1=512 prod2=512 dac_err=0 tx_drop=0 hb_ms=0 sma_state=6 m7_us=2195436987 m4_us=2193241337 vdd=5.067 offset=0.5000 aref=3.145 loop_us_avg=33 loop_us_max=5805 loop_hz=30303 cycle_log_ms=1 n_cycle=4 cc=0 cc_hz=0 cc_i_tgt=0.4500 cc_u=1.9152 cc_r=4.4087 cc_tau_ms=7.00
[  58.473] [ADC
[  58.473] 1] STATUS alarm(s)
[  58.916] [STATUS] t_ms=2128549 hwm=6 cap=256 dropped=0 dropped_total=33288 crc_err=0 crc_err_total=0 rate1=512 rate2=512 prod1=512 prod2=512 dac_err=0 tx_drop=0 hb_ms=0 sma_state=6 m7_us=2196469032 m4_us=2194273373 vdd=5.067 offset=0.5000 aref=3.145 loop_us_avg=33 loop_us_max=5777 loop_hz=30303 cycle_log_ms=1 n_cycle=4 cc=0 cc_hz=0 cc_i_tgt=0.4500 cc_u=1.9152 cc_r=4.4087 cc_tau_ms=7.00
[  59.931] [STATUS] t_ms=2129549 hwm=6 cap=256 dropped=0 dropped_total=33288 crc_err=0 crc_err_total=0 rate1=512 rate2=512 prod1=512 prod2=512 dac_err=0 tx_drop=0 hb_ms=0 sma_state=6 m7_us=2197501041 m4_us=2195305386 vdd=5.067 offset=0.5000 aref=3.145 loop_us_avg=33 loop_us_max=5869 loop_hz=30303 cycle_log_ms=1 n_cycle=4 cc=0 cc_hz=0 cc_i_tgt=0.4500 cc_u=1.9152 cc_r=4.4087 cc_tau_ms=7.00
[  60.946] [STATUS] t_ms=2130549 hwm=6 cap=256 dropped=0 dropped_total=33288 crc_err=0 crc_err_total=0 rate1=512 rate2=512 prod1=512 prod2=512 dac_err=0 tx_drop=0 hb_ms=0 sma_state=6 m7_us=2198533046 m4_us=2196337379 vdd=5.067 offset=0.5000 aref=3.145 loop_us_avg=33 loop_us_max=5787 loop_hz=30303 cycle_log_ms=1 n_cycle=4 cc=0 cc_hz=0 cc_i_tgt=0.4500 cc_u=1.9152 cc_r=4.4087 cc_tau_ms=7.00
[  61.517] [ADC1]
[  61.517] STATUS alarm(s):
[  61.961] [STATUS] t_ms=2131549 hwm=6 cap=256 dropped=0 dropped_total=33288 crc_err=0 crc_err_total=0 rate1=512 rate2=512 prod1=512 prod2=512 dac_err=0 tx_drop=0 hb_ms=0 sma_state=6 m7_us=2199565012 m4_us=2197369366 vdd=5.067 offset=0.5000 aref=3.145 loop_us_avg=33 loop_us_max=5810 loop_hz=30303 cycle_log_ms=1 n_cycle=4 cc=0 cc_hz=0 cc_i_tgt=0.4500 cc_u=1.9152 cc_r=4.4087 cc_tau_ms=7.00
[  62.532] [ADC1] STATUS al
[  62.532] _A
[  62.658] [SMA] [ACT] heat n=3/6 I=450.0mA ms=300
[  62.974] [SMA] [ACT] cool n=3/6 I=0.0mA ms=30000
[  63.037] [STATUS] t_ms=2132549 hwm=6 cap=256 dropped=0 dropped_total=33288 crc_err=0 crc_err_total=0 rate1=512 rate2=512 prod1=512 prod2=512 dac_err=0 tx_drop=0 hb_ms=0 sma_state=6 m7_us=2200597027 m4_us=2198401376 vdd=5.067 offset=0.5000 aref=3.145 loop_us_avg=41 loop_us_max=5787 loop_hz=24390 cycle_log_ms=1 n_cycle=4 cc=0 cc_hz=309 cc_i_tgt=0.4500 cc_u=1.9900 cc_r=4.4473 cc_tau_ms=7.00
[  63.539] [
[  63.539] ADC1] STATUS alar
[  64.045] [STATUS] t_ms=2133549 hwm=6 cap=256 dropped=0 dropped_total=33288 crc_err=0 crc_err_total=0 rate1=512 rate2=512 prod1=512 prod2=512 dac_err=0 tx_drop=0 hb_ms=0 sma_state=6 m7_us=2201628994 m4_us=2199433350 vdd=5.067 offset=0.5000 aref=3.145 loop_us_avg=33 loop_us_max=5781 loop_hz=30303 cycle_log_ms=1 n_cycle=4 cc=0 cc_hz=0 cc_i_tgt=0.4500 cc_u=1.9900 cc_r=4.4473 cc_tau_ms=7.00
[  64.491] [ADC1] STATUS alarm(s)
[  65.061] [STATUS] t_ms=2134549 hwm=6 cap=256 dropped=0 dropped_total=33288 crc_err=0 crc_err_total=0 rate1=512 rate2=512 prod1=512 prod2=512 dac_err=0 tx_drop=0 hb_ms=0 sma_state=6 m7_us=2202660967 m4_us=2200465318 vdd=5.067 offset=0.5000 aref=3.145 loop_us_avg=33 loop_us_max=5805 loop_hz=30303 cycle_log_ms=1 n_cycle=4 cc=0 cc_hz=0 cc_i_tgt=0.4500 cc_u=1.9900 cc_r=4.4473 cc_tau_ms=7.00
[  66.135] [STATUS] t_ms=2135549 hwm=6 cap=256 dropped=0 dropped_total=33288 crc_err=0 crc_err_total=0 rate1=512 rate2=512 prod1=512 prod2=512 dac_err=0 tx_drop=0 hb_ms=0 sma_state=6 m7_us=2203692954 m4_us=2201497286 vdd=5.067 offset=0.5000 aref=3.145 loop_us_avg=33 loop_us_max=5804 loop_hz=30303 cycle_log_ms=1 n_cycle=4 cc=0 cc_hz=0 cc_i_tgt=0.4500 cc_u=1.9900 cc_r=4.4473 cc_tau_ms=7.00
[  66.515] [ADC1] STATUS
[  67.147] [STATUS] t_ms=2136549 hwm=6 cap=256 dropped=0 dropped_total=33288 crc_err=0 crc_err_total=0 rate1=512 rate2=512 prod1=512 prod2=512 dac_err=0 tx_drop=0 hb_ms=0 sma_state=6 m7_us=2204724928 m4_us=2202529273 vdd=5.067 offset=0.5000 aref=3.145 loop_us_avg=33 loop_us_max=5820 loop_hz=30303 cycle_log_ms=1 n_cycle=4 cc=0 cc_hz=0 cc_i_tgt=0.4500 cc_u=1.9900 cc_r=4.4473 cc_tau_ms=7.00
[  67.529] [
[  67.529] ADC1] STATUS alar
[  68.163] [STATUS] t_ms=2137549 hwm=6 cap=256 dropped=0 dropped_total=33288 crc_err=0 crc_err_total=0 rate1=512 rate2=512 prod1=512 prod2=512 dac_err=0 tx_drop=0 hb_ms=0 sma_state=6 m7_us=2205756910 m4_us=2203561264 vdd=5.067 offset=0.5000 aref=3.145 loop_us_avg=33 loop_us_max=5792 loop_hz=30303 cycle_log_ms=1 n_cycle=4 cc=0 cc_hz=0 cc_i_tgt=0.4500 cc_u=1.9900 cc_r=4.4473 cc_tau_ms=7.00
[  68.541] ALM
[  68.541] [
[  68.541] ADC1] STATUS alar
[  69.239] [STATUS] t_ms=2138549 hwm=6 cap=256 dropped=0 dropped_total=33288 crc_err=0 crc_err_total=0 rate1=512 rate2=512 prod1=512 prod2=512 dac_err=0 tx_drop=0 hb_ms=0 sma_state=6 m7_us=2206788917 m4_us=2204593270 vdd=5.067 offset=0.5000 aref=3.145 loop_us_avg=33 loop_us_max=5799 loop_hz=30303 cycle_log_ms=1 n_cycle=4 cc=0 cc_hz=0 cc_i_tgt=0.4500 cc_u=1.9900 cc_r=4.4473 cc_tau_ms=7.00
[  69.557] ALM
[  69.557] [ADC1] STATUS a
[  69.557] larm(s): 0x9 PGA
[  69.557] L_
[  70.252] [STATUS] t_ms=2139549 hwm=6 cap=256 dropped=0 dropped_total=33288 crc_err=0 crc_err_total=0 rate1=512 rate2=512 prod1=512 prod2=512 dac_err=0 tx_drop=0 hb_ms=0 sma_state=6 m7_us=2207820903 m4_us=2205625241 vdd=5.067 offset=0.5000 aref=3.145 loop_us_avg=33 loop_us_max=5798 loop_hz=30303 cycle_log_ms=1 n_cycle=4 cc=0 cc_hz=0 cc_i_tgt=0.4500 cc_u=1.9900 cc_r=4.4473 cc_tau_ms=7.00
[  70.569] ALM
[  71.266] [STATUS] t_ms=2140549 hwm=6 cap=256 dropped=0 dropped_total=33288 crc_err=0 crc_err_total=0 rate1=512 rate2=512 prod1=512 prod2=512 dac_err=0 tx_drop=0 hb_ms=0 sma_state=6 m7_us=2208852809 m4_us=2206657165 vdd=5.067 offset=0.5000 aref=3.145 loop_us_avg=33 loop_us_max=5803 loop_hz=30303 cycle_log_ms=1 n_cycle=4 cc=0 cc_hz=0 cc_i_tgt=0.4500 cc_u=1.9900 cc_r=4.4473 cc_tau_ms=7.00
[  71.583] [ADC1] STATUS
[  72.280] [STATUS] t_ms=2141549 hwm=6 cap=256 dropped=0 dropped_total=33288 crc_err=0 crc_err_total=0 rate1=512 rate2=512 prod1=512 prod2=512 dac_err=0 tx_drop=0 hb_ms=0 sma_state=6 m7_us=2209884876 m4_us=2207689126 vdd=5.067 offset=0.5000 aref=3.145 loop_us_avg=33 loop_us_max=5829 loop_hz=30303 cycle_log_ms=1 n_cycle=4 cc=0 cc_hz=0 cc_i_tgt=0.4500 cc_u=1.9900 cc_r=4.4473 cc_tau_ms=7.00
[  72.598] [A
[  72.598] DC1] STATUS alar
[  73.356] [STATUS] t_ms=2142549 hwm=6 cap=256 dropped=0 dropped_total=33288 crc_err=0 crc_err_total=0 rate1=512 rate2=512 prod1=512 prod2=512 dac_err=0 tx_drop=0 hb_ms=0 sma_state=6 m7_us=2210916697 m4_us=2208721050 vdd=5.067 offset=0.5000 aref=3.145 loop_us_avg=34 loop_us_max=5918 loop_hz=29411 cycle_log_ms=1 n_cycle=4 cc=0 cc_hz=0 cc_i_tgt=0.4500 cc_u=1.9900 cc_r=4.4473 cc_tau_ms=7.00
[  73.610] [ADC
[  74.373] [STATUS] t_ms=2143549 hwm=6 cap=256 dropped=0 dropped_total=33288 crc_err=0 crc_err_total=0 rate1=512 rate2=512 prod1=512 prod2=512 dac_err=0 tx_drop=0 hb_ms=0 sma_state=6 m7_us=2211948655 m4_us=2209753011 vdd=5.067 offset=0.5000 aref=3.145 loop_us_avg=33 loop_us_max=5782 loop_hz=30303 cycle_log_ms=1 n_cycle=4 cc=0 cc_hz=0 cc_i_tgt=0.4500 cc_u=1.9900 cc_r=4.4473 cc_tau_ms=7.00
[  74.627] [ADC1]
[  74.627] STATUS alarm(s): 0
[  75.392] [STATUS] t_ms=2144549 hwm=6 cap=256 dropped=0 dropped_total=33288 crc_err=0 crc_err_total=0 rate1=512 rate2=512 prod1=512 prod2=512 dac_err=0 tx_drop=0 hb_ms=0 sma_state=6 m7_us=2212980640 m4_us=2210784986 vdd=5.067 offset=0.5000 aref=3.145 loop_us_avg=33 loop_us_max=5796 loop_hz=30303 cycle_log_ms=1 n_cycle=4 cc=0 cc_hz=0 cc_i_tgt=0.4500 cc_u=1.9900 cc_r=4.4473 cc_tau_ms=7.00
[  76.407] [STATUS] t_ms=2145549 hwm=6 cap=256 dropped=0 dropped_total=33288 crc_err=0 crc_err_total=0 rate1=512 rate2=512 prod1=512 prod2=512 dac_err=0 tx_drop=0 hb_ms=0 sma_state=6 m7_us=2214012649 m4_us=2211816989 vdd=5.067 offset=0.5000 aref=3.145 loop_us_avg=33 loop_us_max=5790 loop_hz=30303 cycle_log_ms=1 n_cycle=4 cc=0 cc_hz=0 cc_i_tgt=0.4500 cc_u=1.9900 cc_r=4.4473 cc_tau_ms=7.00
[  76.598] [
[  77.488] [STATUS] t_ms=2146549 hwm=6 cap=256 dropped=0 dropped_total=33288 crc_err=0 crc_err_total=0 rate1=512 rate2=512 prod1=512 prod2=512 dac_err=0 tx_drop=0 hb_ms=0 sma_state=6 m7_us=2215044659 m4_us=2212849008 vdd=5.067 offset=0.5000 aref=3.145 loop_us_avg=33 loop_us_max=5811 loop_hz=30303 cycle_log_ms=1 n_cycle=4 cc=0 cc_hz=0 cc_i_tgt=0.4500 cc_u=1.9900 cc_r=4.4473 cc_tau_ms=7.00
[  77.615] [ADC1] STATUS al
[  78.497] [STATUS] t_ms=2147549 hwm=6 cap=256 dropped=0 dropped_total=33288 crc_err=0 crc_err_total=0 rate1=512 rate2=512 prod1=512 prod2=512 dac_err=0 tx_drop=0 hb_ms=0 sma_state=6 m7_us=2216076664 m4_us=2213881014 vdd=5.067 offset=0.5000 aref=3.145 loop_us_avg=33 loop_us_max=5803 loop_hz=30303 cycle_log_ms=1 n_cycle=4 cc=0 cc_hz=0 cc_i_tgt=0.4500 cc_u=1.9900 cc_r=4.4473 cc_tau_ms=7.00
[  78.623] [ADC
[  78.623] 1] STATUS alarm(s)
[  79.511] [STATUS] t_ms=2148549 hwm=6 cap=256 dropped=0 dropped_total=33288 crc_err=0 crc_err_total=0 rate1=512 rate2=512 prod1=512 prod2=512 dac_err=0 tx_drop=0 hb_ms=0 sma_state=6 m7_us=2217108681 m4_us=2214913037 vdd=5.067 offset=0.5000 aref=3.145 loop_us_avg=33 loop_us_max=5802 loop_hz=30303 cycle_log_ms=1 n_cycle=4 cc=0 cc_hz=0 cc_i_tgt=0.4500 cc_u=1.9900 cc_r=4.4473 cc_tau_ms=7.00
[  79.636] [ADC1]
[  79.636] STATUS alarm(s)
[  80.590] [STATUS] t_ms=2149549 hwm=6 cap=256 dropped=0 dropped_total=33288 crc_err=0 crc_err_total=0 rate1=512 rate2=512 prod1=512 prod2=512 dac_err=0 tx_drop=0 hb_ms=0 sma_state=6 m7_us=2218140679 m4_us=2215945030 vdd=5.067 offset=0.5000 aref=3.145 loop_us_avg=34 loop_us_max=5807 loop_hz=29411 cycle_log_ms=1 n_cycle=4 cc=0 cc_hz=0 cc_i_tgt=0.4500 cc_u=1.9900 cc_r=4.4473 cc_tau_ms=7.00
[  80.654] [ADC1] STATUS alarm
[  81.608] [STATUS] t_ms=2150549 hwm=6 cap=256 dropped=0 dropped_total=33288 crc_err=0 crc_err_total=0 rate1=512 rate2=512 prod1=512 prod2=512 dac_err=0 tx_drop=0 hb_ms=0 sma_state=6 m7_us=2219172618 m4_us=2216976976 vdd=5.067 offset=0.5000 aref=3.145 loop_us_avg=33 loop_us_max=5798 loop_hz=30303 cycle_log_ms=1 n_cycle=4 cc=0 cc_hz=0 cc_i_tgt=0.4500 cc_u=1.9900 cc_r=4.4473 cc_tau_ms=7.00
[  82.626] [STATUS] t_ms=2151549 hwm=6 cap=256 dropped=0 dropped_total=33288 crc_err=0 crc_err_total=0 rate1=512 rate2=512 prod1=512 prod2=512 dac_err=0 tx_drop=0 hb_ms=0 sma_state=6 m7_us=2220204572 m4_us=2218008922 vdd=5.067 offset=0.5000 aref=3.145 loop_us_avg=33 loop_us_max=5935 loop_hz=30303 cycle_log_ms=1 n_cycle=4 cc=0 cc_hz=0 cc_i_tgt=0.4500 cc_u=1.9900 cc_r=4.4473 cc_tau_ms=7.00
[  82.690] [A
[  83.641] [STATUS] t_ms=2152549 hwm=6 cap=256 dropped=0 dropped_total=33288 crc_err=0 crc_err_total=0 rate1=512 rate2=512 prod1=512 prod2=512 dac_err=0 tx_drop=0 hb_ms=0 sma_state=6 m7_us=2221236502 m4_us=2219040857 vdd=5.067 offset=0.5000 aref=3.145 loop_us_avg=33 loop_us_max=5785 loop_hz=30303 cycle_log_ms=1 n_cycle=4 cc=0 cc_hz=0 cc_i_tgt=0.4500 cc_u=1.9900 cc_r=4.4473 cc_tau_ms=7.00
[  83.641] [ADC
[  83.641] 1] STATUS alarm(s)
[  84.653] [ADC1] STATUS
[  84.653] alarm(s): 0x49 PG
[  84.653] AL_A
[  84.717] [STATUS] t_ms=2153549 hwm=6 cap=256 dropped=0 dropped_total=33288 crc_err=0 crc_err_total=0 rate1=512 rate2=512 prod1=512 prod2=512 dac_err=0 tx_drop=0 hb_ms=0 sma_state=6 m7_us=2222268527 m4_us=2220072838 vdd=5.067 offset=0.5000 aref=3.145 loop_us_avg=33 loop_us_max=5794 loop_hz=30303 cycle_log_ms=1 n_cycle=4 cc=0 cc_hz=0 cc_i_tgt=0.4500 cc_u=1.9900 cc_r=4.4473 cc_tau_ms=7.00
[  85.668] [ADC1] STATUS
[  85.668] alarm(s): 0x49 P
[  85.668] GAL_
[  85.731] [STATUS] t_ms=2154549 hwm=6 cap=256 dropped=0 dropped_total=33288 crc_err=0 crc_err_total=0 rate1=512 rate2=512 prod1=512 prod2=512 dac_err=0 tx_drop=0 hb_ms=0 sma_state=6 m7_us=2223300462 m4_us=2221104813 vdd=5.067 offset=0.5000 aref=3.145 loop_us_avg=33 loop_us_max=5834 loop_hz=30303 cycle_log_ms=1 n_cycle=4 cc=0 cc_hz=0 cc_i_tgt=0.4500 cc_u=1.9900 cc_r=4.4473 cc_tau_ms=7.00
[  86.681] ALM
[  86.745] [STATUS] t_ms=2155549 hwm=6 cap=256 dropped=0 dropped_total=33288 crc_err=0 crc_err_total=0 rate1=512 rate2=512 prod1=512 prod2=512 dac_err=0 tx_drop=0 hb_ms=0 sma_state=6 m7_us=2224332426 m4_us=2222136784 vdd=5.067 offset=0.5000 aref=3.145 loop_us_avg=33 loop_us_max=5789 loop_hz=30303 cycle_log_ms=1 n_cycle=4 cc=0 cc_hz=0 cc_i_tgt=0.4500 cc_u=1.9900 cc_r=4.4473 cc_tau_ms=7.00
[  87.700] ALM
[  87.763] [STATUS] t_ms=2156549 hwm=6 cap=256 dropped=0 dropped_total=33288 crc_err=0 crc_err_total=0 rate1=512 rate2=512 prod1=512 prod2=512 dac_err=0 tx_drop=0 hb_ms=0 sma_state=6 m7_us=2225364388 m4_us=2223168742 vdd=5.067 offset=0.5000 aref=3.145 loop_us_avg=33 loop_us_max=5801 loop_hz=30303 cycle_log_ms=1 n_cycle=4 cc=0 cc_hz=0 cc_i_tgt=0.4500 cc_u=1.9900 cc_r=4.4473 cc_tau_ms=7.00
[  88.708] [ADC
[  88.708] 1] STATUS alarm(s)
[  88.835] [STATUS] t_ms=2157549 hwm=6 cap=256 dropped=0 dropped_total=33288 crc_err=0 crc_err_total=0 rate1=512 rate2=512 prod1=512 prod2=512 dac_err=0 tx_drop=0 hb_ms=0 sma_state=6 m7_us=2226396360 m4_us=2224200704 vdd=5.067 offset=0.5000 aref=3.145 loop_us_avg=34 loop_us_max=5802 loop_hz=29411 cycle_log_ms=1 n_cycle=4 cc=0 cc_hz=0 cc_i_tgt=0.4500 cc_u=1.9900 cc_r=4.4473 cc_tau_ms=7.00
[  89.722] [ADC
[  89.722] 1] STATUS alarm(s
[  89.849] [STATUS] t_ms=2158549 hwm=6 cap=256 dropped=0 dropped_total=33288 crc_err=0 crc_err_total=0 rate1=512 rate2=512 prod1=512 prod2=512 dac_err=0 tx_drop=0 hb_ms=0 sma_state=6 m7_us=2227428338 m4_us=2225232688 vdd=5.067 offset=0.5000 aref=3.145 loop_us_avg=33 loop_us_max=5783 loop_hz=30303 cycle_log_ms=1 n_cycle=4 cc=0 cc_hz=0 cc_i_tgt=0.4500 cc_u=1.9900 cc_r=4.4473 cc_tau_ms=7.00
[  90.736] [ADC1] S
[  90.736] TATUS alarm(s):
[  90.863] [STATUS] t_ms=2159549 hwm=6 cap=256 dropped=0 dropped_total=33288 crc_err=0 crc_err_total=0 rate1=512 rate2=512 prod1=512 prod2=512 dac_err=0 tx_drop=0 hb_ms=0 sma_state=6 m7_us=2228460313 m4_us=2226264662 vdd=5.067 offset=0.5000 aref=3.145 loop_us_avg=33 loop_us_max=5784 loop_hz=30303 cycle_log_ms=1 n_cycle=4 cc=0 cc_hz=0 cc_i_tgt=0.4500 cc_u=1.9900 cc_r=4.4473 cc_tau_ms=7.00
[  91.882] [STATUS] t_ms=2160549 hwm=6 cap=256 dropped=0 dropped_total=33288 crc_err=0 crc_err_total=0 rate1=512 rate2=512 prod1=512 prod2=512 dac_err=0 tx_drop=0 hb_ms=0 sma_state=6 m7_us=2229492257 m4_us=2227296592 vdd=5.067 offset=0.5000 aref=3.145 loop_us_avg=33 loop_us_max=5794 loop_hz=30303 cycle_log_ms=1 n_cycle=4 cc=0 cc_hz=0 cc_i_tgt=0.4500 cc_u=1.9900 cc_r=4.4473 cc_tau_ms=7.00
[  92.710] [ADC1] S
[  92.710] TATUS alarm(s):
[  92.965] [STATUS] t_ms=2161549 hwm=6 cap=256 dropped=0 dropped_total=33288 crc_err=0 crc_err_total=0 rate1=513 rate2=512 prod1=513 prod2=512 dac_err=0 tx_drop=0 hb_ms=0 sma_state=6 m7_us=2230524343 m4_us=2228329529 vdd=5.067 offset=0.5000 aref=3.145 loop_us_avg=34 loop_us_max=5991 loop_hz=29411 cycle_log_ms=1 n_cycle=4 cc=0 cc_hz=0 cc_i_tgt=0.4500 cc_u=1.9900 cc_r=4.4473 cc_tau_ms=7.00
[  93.724] [ADC1] STATUS ala
[  93.724] rm(s): 0xC9 PGA
[  93.724] L_A
[  93.915] [SMA] [ACT] heat n=4/6 I=450.0mA ms=300
[  93.979] [STATUS] t_ms=2162549 hwm=5 cap=256 dropped=0 dropped_total=33288 crc_err=0 crc_err_total=0 rate1=512 rate2=512 prod1=512 prod2=512 dac_err=0 tx_drop=0 hb_ms=0 sma_state=5 m7_us=2231556245 m4_us=2229361484 vdd=5.067 offset=0.5000 aref=3.145 loop_us_avg=34 loop_us_max=5056 loop_hz=29411 cycle_log_ms=1 n_cycle=4 cc=1 cc_hz=26 cc_i_tgt=0.4500 cc_u=1.9877 cc_r=4.4287 cc_tau_ms=7.00
[  94.234] [SMA] [ACT] cool n=4/6 I=0.0mA ms=30000
[  94.743] [ADC1
[  94.743] ] STATUS alarm(s
[  94.998] [STATUS] t_ms=2163549 hwm=6 cap=256 dropped=0 dropped_total=33288 crc_err=0 crc_err_total=0 rate1=512 rate2=512 prod1=512 prod2=512 dac_err=0 tx_drop=0 hb_ms=0 sma_state=6 m7_us=2232588153 m4_us=2230393407 vdd=5.067 offset=0.5000 aref=3.145 loop_us_avg=41 loop_us_max=5422 loop_hz=24390 cycle_log_ms=1 n_cycle=4 cc=0 cc_hz=276 cc_i_tgt=0.4500 cc_u=1.9836 cc_r=4.4201 cc_tau_ms=7.00
[  95.762] [ADC1] S
[  95.762] TATUS alarm(s):
[  96.014] [STATUS] t_ms=2164549 hwm=5 cap=256 dropped=0 dropped_total=33288 crc_err=0 crc_err_total=0 rate1=511 rate2=512 prod1=511 prod2=512 dac_err=0 tx_drop=0 hb_ms=0 sma_state=6 m7_us=2233619986 m4_us=2231424336 vdd=5.067 offset=0.5000 aref=3.145 loop_us_avg=33 loop_us_max=5001 loop_hz=30303 cycle_log_ms=1 n_cycle=4 cc=0 cc_hz=0 cc_i_tgt=0.4500 cc_u=1.9836 cc_r=4.4201 cc_tau_ms=7.00
[  96.774] _A
[  97.094] [STATUS] t_ms=2165549 hwm=6 cap=256 dropped=0 dropped_total=33288 crc_err=0 crc_err_total=0 rate1=512 rate2=512 prod1=512 prod2=512 dac_err=0 tx_drop=0 hb_ms=0 sma_state=6 m7_us=2234651932 m4_us=2232456278 vdd=5.067 offset=0.5000 aref=3.145 loop_us_avg=33 loop_us_max=5784 loop_hz=30303 cycle_log_ms=1 n_cycle=4 cc=0 cc_hz=0 cc_i_tgt=0.4500 cc_u=1.9836 cc_r=4.4201 cc_tau_ms=7.00
[  98.109] [STATUS] t_ms=2166549 hwm=6 cap=256 dropped=0 dropped_total=33288 crc_err=0 crc_err_total=0 rate1=512 rate2=512 prod1=512 prod2=512 dac_err=0 tx_drop=0 hb_ms=0 sma_state=6 m7_us=2235683892 m4_us=2233488230 vdd=5.067 offset=0.5000 aref=3.145 loop_us_avg=33 loop_us_max=5809 loop_hz=30303 cycle_log_ms=1 n_cycle=4 cc=0 cc_hz=0 cc_i_tgt=0.4500 cc_u=1.9836 cc_r=4.4201 cc_tau_ms=7.00
[  98.804] [ADC1] STATUS a
[  98.804] larm(s): 0x49 PGA
[  98.804] L_A
[  99.122] [STATUS] t_ms=2167549 hwm=6 cap=256 dropped=0 dropped_total=33288 crc_err=0 crc_err_total=0 rate1=513 rate2=512 prod1=513 prod2=512 dac_err=0 tx_drop=0 hb_ms=0 sma_state=6 m7_us=2236715940 m4_us=2234521189 vdd=5.067 offset=0.5000 aref=3.145 loop_us_avg=34 loop_us_max=6026 loop_hz=29411 cycle_log_ms=1 n_cycle=4 cc=0 cc_hz=0 cc_i_tgt=0.4500 cc_u=1.9836 cc_r=4.4201 cc_tau_ms=7.00
[  99.824] [A
[  99.824] DC1] STATUS alarm(s
[ 100.140] [STATUS] t_ms=2168549 hwm=5 cap=256 dropped=0 dropped_total=33288 crc_err=0 crc_err_total=0 rate1=511 rate2=512 prod1=511 prod2=512 dac_err=0 tx_drop=0 hb_ms=0 sma_state=6 m7_us=2237747773 m4_us=2235552128 vdd=5.067 offset=0.5000 aref=3.145 loop_us_avg=33 loop_us_max=5004 loop_hz=30303 cycle_log_ms=1 n_cycle=4 cc=0 cc_hz=0 cc_i_tgt=0.4500 cc_u=1.9836 cc_r=4.4201 cc_tau_ms=7.00
[ 100.775] [ADC1] STATUS ala
[ 100.775] _
[ 101.219] [STATUS] t_ms=2169549 hwm=6 cap=256 dropped=0 dropped_total=33288 crc_err=0 crc_err_total=0 rate1=512 rate2=512 prod1=512 prod2=512 dac_err=0 tx_drop=0 hb_ms=0 sma_state=6 m7_us=2238779717 m4_us=2236584070 vdd=5.067 offset=0.5000 aref=3.145 loop_us_avg=33 loop_us_max=5795 loop_hz=30303 cycle_log_ms=1 n_cycle=4 cc=0 cc_hz=0 cc_i_tgt=0.4500 cc_u=1.9836 cc_r=4.4201 cc_tau_ms=7.00
[ 101.793] ALM
[ 101.793] [ADC1] STATUS
[ 101.793] alarm(s): 0x9 PGA
[ 101.793] L_
[ 102.236] [STATUS] t_ms=2170549 hwm=6 cap=256 dropped=0 dropped_total=33288 crc_err=0 crc_err_total=0 rate1=512 rate2=512 prod1=512 prod2=512 dac_err=0 tx_drop=0 hb_ms=0 sma_state=6 m7_us=2239811702 m4_us=2237616032 vdd=5.067 offset=0.5000 aref=3.145 loop_us_avg=33 loop_us_max=5837 loop_hz=30303 cycle_log_ms=1 n_cycle=4 cc=0 cc_hz=0 cc_i_tgt=0.4500 cc_u=1.9836 cc_r=4.4201 cc_tau_ms=7.00
[ 102.809] ALM
[ 103.616] [STATUS] t_ms=2171549 hwm=6 cap=256 dropped=0 dropped_total=33288 crc_err=0 crc_err_total=0 rate1=512 rate2=512 prod1=512 prod2=512 dac_err=0 tx_drop=0 hb_ms=0 sma_state=6 m7_us=2240843638 m4_us=2238647990 vdd=5.067 offset=0.5000 aref=3.145 loop_us_avg=33 loop_us_max=5799 loop_hz=30303 cycle_log_ms=1 n_cycle=4 cc=0 cc_hz=0 cc_i_tgt=0.4500 cc_u=1.9836 cc_r=4.4201 cc_tau_ms=7.00
[ 103.806] [ADC1
[ 104.313] [STATUS] t_ms=2172549 hwm=6 cap=256 dropped=0 dropped_total=33288 crc_err=0 crc_err_total=0 rate1=512 rate2=512 prod1=512 prod2=512 dac_err=0 tx_drop=0 hb_ms=0 sma_state=6 m7_us=2241875592 m4_us=2239679942 vdd=5.067 offset=0.5000 aref=3.145 loop_us_avg=33 loop_us_max=5790 loop_hz=30303 cycle_log_ms=1 n_cycle=4 cc=0 cc_hz=0 cc_i_tgt=0.4500 cc_u=1.9836 cc_r=4.4201 cc_tau_ms=7.00
[ 104.822] [ADC1
[ 104.822] ] STATUS alarm(s
[ 105.328] [STATUS] t_ms=2173549 hwm=6 cap=256 dropped=0 dropped_total=33288 crc_err=0 crc_err_total=0 rate1=512 rate2=512 prod1=512 prod2=512 dac_err=0 tx_drop=0 hb_ms=0 sma_state=6 m7_us=2242907571 m4_us=2240711926 vdd=5.067 offset=0.5000 aref=3.145 loop_us_avg=33 loop_us_max=5793 loop_hz=30303 cycle_log_ms=1 n_cycle=4 cc=0 cc_hz=0 cc_i_tgt=0.4500 cc_u=1.9836 cc_r=4.4201 cc_tau_ms=7.00
[ 105.835] [
[ 106.341] [STATUS] t_ms=2174549 hwm=6 cap=256 dropped=0 dropped_total=33288 crc_err=0 crc_err_total=0 rate1=512 rate2=512 prod1=512 prod2=512 dac_err=0 tx_drop=0 hb_ms=0 sma_state=6 m7_us=2243939573 m4_us=2241743926 vdd=5.067 offset=0.5000 aref=3.145 loop_us_avg=33 loop_us_max=5793 loop_hz=30303 cycle_log_ms=1 n_cycle=4 cc=0 cc_hz=0 cc_i_tgt=0.4500 cc_u=1.9836 cc_r=4.4201 cc_tau_ms=7.00
[ 106.848] [ADC1
[ 106.848] ] STATUS alarm(s)
[ 107.419] [STATUS] t_ms=2175549 hwm=6 cap=256 dropped=0 dropped_total=33288 crc_err=0 crc_err_total=0 rate1=512 rate2=512 prod1=512 prod2=512 dac_err=0 tx_drop=0 hb_ms=0 sma_state=6 m7_us=2244971533 m4_us=2242775888 vdd=5.067 offset=0.5000 aref=3.145 loop_us_avg=33 loop_us_max=5783 loop_hz=30303 cycle_log_ms=1 n_cycle=4 cc=0 cc_hz=0 cc_i_tgt=0.4500 cc_u=1.9836 cc_r=4.4201 cc_tau_ms=7.00
[ 108.433] [STATUS] t_ms=2176549 hwm=6 cap=256 dropped=0 dropped_total=33288 crc_err=0 crc_err_total=0 rate1=512 rate2=512 prod1=512 prod2=512 dac_err=0 tx_drop=0 hb_ms=0 sma_state=6 m7_us=2246003522 m4_us=2243807872 vdd=5.067 offset=0.5000 aref=3.145 loop_us_avg=33 loop_us_max=5806 loop_hz=30303 cycle_log_ms=1 n_cycle=4 cc=0 cc_hz=0 cc_i_tgt=0.4500 cc_u=1.9836 cc_r=4.4201 cc_tau_ms=7.00
[ 109.446] [STATUS] t_ms=2177549 hwm=6 cap=256 dropped=0 dropped_total=33288 crc_err=0 crc_err_total=0 rate1=512 rate2=512 prod1=512 prod2=512 dac_err=0 tx_drop=0 hb_ms=0 sma_state=6 m7_us=2247035506 m4_us=2244839833 vdd=5.067 offset=0.5000 aref=3.145 loop_us_avg=33 loop_us_max=5821 loop_hz=30303 cycle_log_ms=1 n_cycle=4 cc=0 cc_hz=0 cc_i_tgt=0.4500 cc_u=1.9836 cc_r=4.4201 cc_tau_ms=7.00
[ 109.889] [ADC1] STATUS a
[ 110.460] [STATUS] t_ms=2178549 hwm=6 cap=256 dropped=0 dropped_total=33288 crc_err=0 crc_err_total=0 rate1=512 rate2=512 prod1=512 prod2=512 dac_err=0 tx_drop=0 hb_ms=0 sma_state=6 m7_us=2248067460 m4_us=2245871814 vdd=5.067 offset=0.5000 aref=3.145 loop_us_avg=33 loop_us_max=5820 loop_hz=30303 cycle_log_ms=1 n_cycle=4 cc=0 cc_hz=0 cc_i_tgt=0.4500 cc_u=1.9836 cc_r=4.4201 cc_tau_ms=7.00
[ 110.904] [ADC1]
[ 110.904] STATUS alarm(s):
[ 111.541] [STATUS] t_ms=2179549 hwm=6 cap=256 dropped=0 dropped_total=33288 crc_err=0 crc_err_total=0 rate1=512 rate2=512 prod1=512 prod2=512 dac_err=0 tx_drop=0 hb_ms=0 sma_state=6 m7_us=2249099421 m4_us=2246903776 vdd=5.067 offset=0.5000 aref=3.145 loop_us_avg=33 loop_us_max=5797 loop_hz=30303 cycle_log_ms=1 n_cycle=4 cc=0 cc_hz=0 cc_i_tgt=0.4500 cc_u=1.9836 cc_r=4.4201 cc_tau_ms=7.00
[ 111.857] [ADC1] STATUS al
[ 111.857] arm(s): 0x49 PG
[ 111.857] AL_A
[ 112.555] [STATUS] t_ms=2180549 hwm=6 cap=256 dropped=0 dropped_total=33288 crc_err=0 crc_err_total=0 rate1=512 rate2=512 prod1=512 prod2=512 dac_err=0 tx_drop=0 hb_ms=0 sma_state=6 m7_us=2250131368 m4_us=2247935718 vdd=5.067 offset=0.5000 aref=3.145 loop_us_avg=33 loop_us_max=5807 loop_hz=30303 cycle_log_ms=1 n_cycle=4 cc=0 cc_hz=0 cc_i_tgt=0.4500 cc_u=1.9836 cc_r=4.4201 cc_tau_ms=7.00
[ 112.872] [ADC1] STATUS alar
[ 112.872] _A
[ 113.568] [STATUS] t_ms=2181549 hwm=6 cap=256 dropped=0 dropped_total=33288 crc_err=0 crc_err_total=0 rate1=512 rate2=512 prod1=512 prod2=512 dac_err=0 tx_drop=0 hb_ms=0 sma_state=6 m7_us=2251163363 m4_us=2248967718 vdd=5.067 offset=0.5000 aref=3.145 loop_us_avg=33 loop_us_max=5801 loop_hz=30303 cycle_log_ms=1 n_cycle=4 cc=0 cc_hz=0 cc_i_tgt=0.4500 cc_u=1.9836 cc_r=4.4201 cc_tau_ms=7.00
[ 114.645] [STATUS] t_ms=2182549 hwm=6 cap=256 dropped=0 dropped_total=33288 crc_err=0 crc_err_total=0 rate1=512 rate2=512 prod1=512 prod2=512 dac_err=0 tx_drop=0 hb_ms=0 sma_state=6 m7_us=2252195306 m4_us=2249999661 vdd=5.067 offset=0.5000 aref=3.145 loop_us_avg=33 loop_us_max=5785 loop_hz=30303 cycle_log_ms=1 n_cycle=4 cc=0 cc_hz=0 cc_i_tgt=0.4500 cc_u=1.9836 cc_r=4.4201 cc_tau_ms=7.00
[ 114.900] [AD
[ 115.661] [STATUS] t_ms=2183549 hwm=6 cap=256 dropped=0 dropped_total=33288 crc_err=0 crc_err_total=0 rate1=512 rate2=512 prod1=512 prod2=512 dac_err=0 tx_drop=0 hb_ms=0 sma_state=6 m7_us=2253227187 m4_us=2251031539 vdd=5.067 offset=0.5000 aref=3.145 loop_us_avg=33 loop_us_max=5795 loop_hz=30303 cycle_log_ms=1 n_cycle=4 cc=0 cc_hz=0 cc_i_tgt=0.4500 cc_u=1.9836 cc_r=4.4201 cc_tau_ms=7.00
[ 115.914] [ADC1] STATUS al
[ 115.914] arm(s): 0x49 PGA
[ 115.914] L_
[ 116.676] [STATUS] t_ms=2184549 hwm=6 cap=256 dropped=0 dropped_total=33288 crc_err=0 crc_err_total=0 rate1=512 rate2=512 prod1=512 prod2=512 dac_err=0 tx_drop=0 hb_ms=0 sma_state=6 m7_us=2254259112 m4_us=2252063462 vdd=5.067 offset=0.5000 aref=3.145 loop_us_avg=33 loop_us_max=5795 loop_hz=30303 cycle_log_ms=1 n_cycle=4 cc=0 cc_hz=0 cc_i_tgt=0.4500 cc_u=1.9836 cc_r=4.4201 cc_tau_ms=7.00
[ 116.929] ALM
[ 116.929] [ADC1] STATUS a
[ 116.929] larm(s): 0x9 PGA
[ 116.929] L_
[ 117.692] [STATUS] t_ms=2185549 hwm=6 cap=256 dropped=0 dropped_total=33288 crc_err=0 crc_err_total=0 rate1=512 rate2=512 prod1=512 prod2=512 dac_err=0 tx_drop=0 hb_ms=0 sma_state=6 m7_us=2255291055 m4_us=2253095405 vdd=5.067 offset=0.5000 aref=3.145 loop_us_avg=33 loop_us_max=5787 loop_hz=30303 cycle_log_ms=1 n_cycle=4 cc=0 cc_hz=0 cc_i_tgt=0.4500 cc_u=1.9836 cc_r=4.4201 cc_tau_ms=7.00
[ 117.946] ALM
[ 117.946] [ADC1] S
[ 117.946] TATUS alarm(s):
[ 118.772] [STATUS] t_ms=2186549 hwm=6 cap=256 dropped=0 dropped_total=33288 crc_err=0 crc_err_total=0 rate1=512 rate2=512 prod1=512 prod2=512 dac_err=0 tx_drop=0 hb_ms=0 sma_state=6 m7_us=2256322979 m4_us=2254127337 vdd=5.067 offset=0.5000 aref=3.145 loop_us_avg=33 loop_us_max=5788 loop_hz=30303 cycle_log_ms=1 n_cycle=4 cc=0 cc_hz=0 cc_i_tgt=0.4500 cc_u=1.9836 cc_r=4.4201 cc_tau_ms=7.00
[ 119.786] [STATUS] t_ms=2187549 hwm=6 cap=256 dropped=0 dropped_total=33288 crc_err=0 crc_err_total=0 rate1=512 rate2=512 prod1=512 prod2=512 dac_err=0 tx_drop=0 hb_ms=0 sma_state=6 m7_us=2257354907 m4_us=2255159261 vdd=5.067 offset=0.5000 aref=3.145 loop_us_avg=33 loop_us_max=5786 loop_hz=30303 cycle_log_ms=1 n_cycle=4 cc=0 cc_hz=0 cc_i_tgt=0.4500 cc_u=1.9836 cc_r=4.4201 cc_tau_ms=7.00
[ 120.800] [STATUS] t_ms=2188549 hwm=6 cap=256 dropped=0 dropped_total=33288 crc_err=0 crc_err_total=0 rate1=512 rate2=512 prod1=512 prod2=512 dac_err=0 tx_drop=0 hb_ms=0 sma_state=6 m7_us=2258386856 m4_us=2256191213 vdd=5.067 offset=0.5000 aref=3.145 loop_us_avg=33 loop_us_max=5794 loop_hz=30303 cycle_log_ms=1 n_cycle=4 cc=0 cc_hz=0 cc_i_tgt=0.4500 cc_u=1.9836 cc_r=4.4201 cc_tau_ms=7.00
[ 120.927] [ADC1] STATUS
[ 121.815] [STATUS] t_ms=2189549 hwm=6 cap=256 dropped=0 dropped_total=33288 crc_err=0 crc_err_total=0 rate1=512 rate2=512 prod1=512 prod2=512 dac_err=0 tx_drop=0 hb_ms=0 sma_state=6 m7_us=2259418895 m4_us=2257223219 vdd=5.067 offset=0.5000 aref=3.145 loop_us_avg=33 loop_us_max=5803 loop_hz=30303 cycle_log_ms=1 n_cycle=4 cc=0 cc_hz=0 cc_i_tgt=0.4500 cc_u=1.9836 cc_r=4.4201 cc_tau_ms=7.00
[ 121.940] [ADC1] STATUS a
[ 121.940] larm(s): 0xC9 P
[ 121.940] GAL_A
[ 122.892] [STATUS] t_ms=2190549 hwm=6 cap=256 dropped=0 dropped_total=33288 crc_err=0 crc_err_total=0 rate1=512 rate2=512 prod1=512 prod2=512 dac_err=0 tx_drop=0 hb_ms=0 sma_state=6 m7_us=2260450806 m4_us=2258255161 vdd=5.067 offset=0.5000 aref=3.145 loop_us_avg=33 loop_us_max=5808 loop_hz=30303 cycle_log_ms=1 n_cycle=4 cc=0 cc_hz=0 cc_i_tgt=0.4500 cc_u=1.9836 cc_r=4.4201 cc_tau_ms=7.00
[ 122.956] [ADC
[ 122.956] 1] STATUS alarm(s
[ 123.902] [STATUS] t_ms=2191549 hwm=6 cap=256 dropped=0 dropped_total=33288 crc_err=0 crc_err_total=0 rate1=512 rate2=512 prod1=512 prod2=512 dac_err=0 tx_drop=0 hb_ms=0 sma_state=6 m7_us=2261482739 m4_us=2259287091 vdd=5.067 offset=0.5000 aref=3.145 loop_us_avg=33 loop_us_max=5783 loop_hz=30303 cycle_log_ms=1 n_cycle=4 cc=0 cc_hz=0 cc_i_tgt=0.4500 cc_u=1.9836 cc_r=4.4201 cc_tau_ms=7.00
[ 124.919] [STATUS] t_ms=2192549 hwm=6 cap=256 dropped=0 dropped_total=33288 crc_err=0 crc_err_total=0 rate1=512 rate2=512 prod1=512 prod2=512 dac_err=0 tx_drop=0 hb_ms=0 sma_state=6 m7_us=2262514659 m4_us=2260319014 vdd=5.067 offset=0.5000 aref=3.145 loop_us_avg=33 loop_us_max=5802 loop_hz=30303 cycle_log_ms=1 n_cycle=4 cc=0 cc_hz=0 cc_i_tgt=0.4500 cc_u=1.9836 cc_r=4.4201 cc_tau_ms=7.00
[ 125.237] [SMA] [ACT] heat n=5/6 I=450.0mA ms=300
[ 125.556] [SMA] [ACT] cool n=5/6 I=0.0mA ms=30000
[ 125.936] [STATUS] t_ms=2193549 hwm=6 cap=256 dropped=0 dropped_total=33288 crc_err=0 crc_err_total=0 rate1=512 rate2=512 prod1=512 prod2=512 dac_err=0 tx_drop=0 hb_ms=0 sma_state=6 m7_us=2263546612 m4_us=2261350944 vdd=5.067 offset=0.5000 aref=3.145 loop_us_avg=41 loop_us_max=5786 loop_hz=24390 cycle_log_ms=1 n_cycle=4 cc=0 cc_hz=309 cc_i_tgt=0.4500 cc_u=1.9898 cc_r=4.4164 cc_tau_ms=7.00
[ 126.000] [ADC1] STATUS a
[ 127.014] [STATUS] t_ms=2194549 hwm=6 cap=256 dropped=0 dropped_total=33288 crc_err=0 crc_err_total=0 rate1=512 rate2=512 prod1=512 prod2=512 dac_err=0 tx_drop=0 hb_ms=0 sma_state=6 m7_us=2264578551 m4_us=2262382902 vdd=5.067 offset=0.5000 aref=3.145 loop_us_avg=33 loop_us_max=5818 loop_hz=30303 cycle_log_ms=1 n_cycle=4 cc=0 cc_hz=0 cc_i_tgt=0.4500 cc_u=1.9898 cc_r=4.4164 cc_tau_ms=7.00
[ 127.014] [AD
[ 127.014] C1] STATUS alarm
[ 127.014] A
[ 128.029] [ADC1] STATUS
[ 128.029] alarm(s): 0x49 PG
[ 128.029] AL_A
[ 128.029] [STATUS] t_ms=2195549 hwm=6 cap=256 dropped=0 dropped_total=33288 crc_err=0 crc_err_total=0 rate1=512 rate2=512 prod1=512 prod2=512 dac_err=0 tx_drop=0 hb_ms=0 sma_state=6 m7_us=2265610465 m4_us=2263414819 vdd=5.067 offset=0.5000 aref=3.145 loop_us_avg=33 loop_us_max=5806 loop_hz=30303 cycle_log_ms=1 n_cycle=4 cc=0 cc_hz=0 cc_i_tgt=0.4500 cc_u=1.9898 cc_r=4.4164 cc_tau_ms=7.00
[ 129.044] [STATUS] t_ms=2196549 hwm=6 cap=256 dropped=0 dropped_total=33288 crc_err=0 crc_err_total=0 rate1=512 rate2=512 prod1=512 prod2=512 dac_err=0 tx_drop=0 hb_ms=0 sma_state=6 m7_us=2266642402 m4_us=2264446736 vdd=5.067 offset=0.5000 aref=3.145 loop_us_avg=33 loop_us_max=5798 loop_hz=30303 cycle_log_ms=1 n_cycle=4 cc=0 cc_hz=0 cc_i_tgt=0.4500 cc_u=1.9898 cc_r=4.4164 cc_tau_ms=7.00
[ 130.122] [STATUS] t_ms=2197549 hwm=6 cap=256 dropped=0 dropped_total=33288 crc_err=0 crc_err_total=0 rate1=512 rate2=512 prod1=512 prod2=512 dac_err=0 tx_drop=0 hb_ms=0 sma_state=6 m7_us=2267674337 m4_us=2265478694 vdd=5.067 offset=0.5000 aref=3.145 loop_us_avg=33 loop_us_max=5818 loop_hz=30303 cycle_log_ms=1 n_cycle=4 cc=0 cc_hz=0 cc_i_tgt=0.4500 cc_u=1.9898 cc_r=4.4164 cc_tau_ms=7.00
[ 131.011] AL
[ 131.011] M
[ 131.011] [ADC1] STATU
[ 131.011] S alarm(s): 0x9
[ 131.138] [STATUS] t_ms=2198549 hwm=6 cap=256 dropped=0 dropped_total=33288 crc_err=0 crc_err_total=0 rate1=512 rate2=512 prod1=512 prod2=512 dac_err=0 tx_drop=0 hb_ms=0 sma_state=6 m7_us=2268706415 m4_us=2266510646 vdd=5.067 offset=0.5000 aref=3.145 loop_us_avg=33 loop_us_max=5925 loop_hz=30303 cycle_log_ms=1 n_cycle=4 cc=0 cc_hz=0 cc_i_tgt=0.4500 cc_u=1.9898 cc_r=4.4164 cc_tau_ms=7.00
[ 132.025] ALM
[ 132.025] [ADC1] STATUS alarm
[ 132.152] [STATUS] t_ms=2199549 hwm=6 cap=256 dropped=0 dropped_total=33288 crc_err=0 crc_err_total=0 rate1=513 rate2=512 prod1=513 prod2=512 dac_err=0 tx_drop=0 hb_ms=0 sma_state=6 m7_us=2269738302 m4_us=2267543557 vdd=5.067 offset=0.5000 aref=3.145 loop_us_avg=34 loop_us_max=5949 loop_hz=29411 cycle_log_ms=1 n_cycle=4 cc=0 cc_hz=0 cc_i_tgt=0.4500 cc_u=1.9898 cc_r=4.4164 cc_tau_ms=7.00
[ 133.040] [A
[ 133.040] DC1] STATUS alarm(
[ 133.167] [STATUS] t_ms=2200549 hwm=5 cap=256 dropped=0 dropped_total=33288 crc_err=0 crc_err_total=0 rate1=512 rate2=512 prod1=512 prod2=512 dac_err=0 tx_drop=0 hb_ms=0 sma_state=6 m7_us=2270770204 m4_us=2268575461 vdd=5.067 offset=0.5000 aref=3.145 loop_us_avg=33 loop_us_max=5024 loop_hz=30303 cycle_log_ms=1 n_cycle=4 cc=0 cc_hz=0 cc_i_tgt=0.4500 cc_u=1.9898 cc_r=4.4164 cc_tau_ms=7.00
[ 134.245] [STATUS] t_ms=2201549 hwm=5 cap=256 dropped=0 dropped_total=33288 crc_err=0 crc_err_total=0 rate1=511 rate2=512 prod1=511 prod2=512 dac_err=0 tx_drop=0 hb_ms=0 sma_state=6 m7_us=2271802054 m4_us=2269606387 vdd=5.067 offset=0.5000 aref=3.145 loop_us_avg=33 loop_us_max=5003 loop_hz=30303 cycle_log_ms=1 n_cycle=4 cc=0 cc_hz=0 cc_i_tgt=0.4500 cc_u=1.9898 cc_r=4.4164 cc_tau_ms=7.00
[ 135.262] [STATUS] t_ms=2202549 hwm=6 cap=256 dropped=0 dropped_total=33288 crc_err=0 crc_err_total=0 rate1=512 rate2=512 prod1=512 prod2=512 dac_err=0 tx_drop=0 hb_ms=0 sma_state=6 m7_us=2272833962 m4_us=2270638317 vdd=5.067 offset=0.5000 aref=3.145 loop_us_avg=34 loop_us_max=5828 loop_hz=29411 cycle_log_ms=1 n_cycle=4 cc=0 cc_hz=0 cc_i_tgt=0.4500 cc_u=1.9898 cc_r=4.4164 cc_tau_ms=7.00
[ 136.085] [ADC1] STATUS
[ 136.274] [STATUS] t_ms=2203549 hwm=6 cap=256 dropped=0 dropped_total=33288 crc_err=0 crc_err_total=0 rate1=512 rate2=512 prod1=512 prod2=512 dac_err=0 tx_drop=0 hb_ms=0 sma_state=6 m7_us=2273865862 m4_us=2271670214 vdd=5.067 offset=0.5000 aref=3.145 loop_us_avg=33 loop_us_max=5804 loop_hz=30303 cycle_log_ms=1 n_cycle=4 cc=0 cc_hz=0 cc_i_tgt=0.4500 cc_u=1.9898 cc_r=4.4164 cc_tau_ms=7.00
[ 137.103] [ADC
[ 137.103] 1] STATUS alarm(s)
[ 137.294] [STATUS] t_ms=2204549 hwm=6 cap=256 dropped=0 dropped_total=33288 crc_err=0 crc_err_total=0 rate1=512 rate2=512 prod1=512 prod2=512 dac_err=0 tx_drop=0 hb_ms=0 sma_state=6 m7_us=2274897782 m4_us=2272702137 vdd=5.067 offset=0.5000 aref=3.145 loop_us_avg=33 loop_us_max=5801 loop_hz=30303 cycle_log_ms=1 n_cycle=4 cc=0 cc_hz=0 cc_i_tgt=0.4500 cc_u=1.9898 cc_r=4.4164 cc_tau_ms=7.00
[ 138.118] [ADC
[ 138.371] [STATUS] t_ms=2205549 hwm=6 cap=256 dropped=0 dropped_total=33288 crc_err=0 crc_err_total=0 rate1=512 rate2=512 prod1=512 prod2=512 dac_err=0 tx_drop=0 hb_ms=0 sma_state=6 m7_us=2275929717 m4_us=2273734073 vdd=5.067 offset=0.5000 aref=3.145 loop_us_avg=33 loop_us_max=5798 loop_hz=30303 cycle_log_ms=1 n_cycle=4 cc=0 cc_hz=0 cc_i_tgt=0.4500 cc_u=1.9898 cc_r=4.4164 cc_tau_ms=7.00
[ 139.068] [
[ 139.068] ADC1] STATUS alarm(
[ 139.382] [STATUS] t_ms=2206549 hwm=6 cap=256 dropped=0 dropped_total=33288 crc_err=0 crc_err_total=0 rate1=512 rate2=512 prod1=512 prod2=512 dac_err=0 tx_drop=0 hb_ms=0 sma_state=6 m7_us=2276961619 m4_us=2274765974 vdd=5.067 offset=0.5000 aref=3.145 loop_us_avg=33 loop_us_max=5819 loop_hz=30303 cycle_log_ms=1 n_cycle=4 cc=0 cc_hz=0 cc_i_tgt=0.4500 cc_u=1.9898 cc_r=4.4164 cc_tau_ms=7.00
[ 140.397] [STATUS] t_ms=2207549 hwm=6 cap=256 dropped=0 dropped_total=33288 crc_err=0 crc_err_total=0 rate1=512 rate2=512 prod1=512 prod2=512 dac_err=0 tx_drop=0 hb_ms=0 sma_state=6 m7_us=2277993527 m4_us=2275797882 vdd=5.067 offset=0.5000 aref=3.145 loop_us_avg=33 loop_us_max=5801 loop_hz=30303 cycle_log_ms=1 n_cycle=4 cc=0 cc_hz=0 cc_i_tgt=0.4500 cc_u=1.9898 cc_r=4.4164 cc_tau_ms=7.00
[ 141.095] [
[ 141.474] [STATUS] t_ms=2208549 hwm=6 cap=256 dropped=0 dropped_total=33288 crc_err=0 crc_err_total=0 rate1=512 rate2=512 prod1=512 prod2=512 dac_err=0 tx_drop=0 hb_ms=0 sma_state=6 m7_us=2279025602 m4_us=2276829811 vdd=5.067 offset=0.5000 aref=3.145 loop_us_avg=33 loop_us_max=5793 loop_hz=30303 cycle_log_ms=1 n_cycle=4 cc=0 cc_hz=0 cc_i_tgt=0.4500 cc_u=1.9898 cc_r=4.4164 cc_tau_ms=7.00
[ 142.109] [
[ 142.109] ADC1] STATUS al
[ 142.109] _A
[ 142.490] [STATUS] t_ms=2209549 hwm=6 cap=256 dropped=0 dropped_total=33288 crc_err=0 crc_err_total=0 rate1=513 rate2=512 prod1=513 prod2=512 dac_err=0 tx_drop=0 hb_ms=0 sma_state=6 m7_us=2280057497 m4_us=2277862754 vdd=5.067 offset=0.5000 aref=3.145 loop_us_avg=34 loop_us_max=5940 loop_hz=29411 cycle_log_ms=1 n_cycle=4 cc=0 cc_hz=0 cc_i_tgt=0.4500 cc_u=1.9898 cc_r=4.4164 cc_tau_ms=7.00
[ 143.125] [ADC1] STATUS
[ 143.125] alarm(s): 0x49
[ 143.503] [STATUS] t_ms=2210549 hwm=5 cap=256 dropped=0 dropped_total=33288 crc_err=0 crc_err_total=0 rate1=511 rate2=512 prod1=511 prod2=512 dac_err=0 tx_drop=0 hb_ms=0 sma_state=6 m7_us=2281089318 m4_us=2278893670 vdd=5.067 offset=0.5000 aref=3.145 loop_us_avg=33 loop_us_max=4995 loop_hz=30303 cycle_log_ms=1 n_cycle=4 cc=0 cc_hz=0 cc_i_tgt=0.4500 cc_u=1.9898 cc_r=4.4164 cc_tau_ms=7.00
[ 144.135] ALM
[ 144.135] [
[ 144.135] ADC1] STATUS ala
[ 144.518] [STATUS] t_ms=2211549 hwm=6 cap=256 dropped=0 dropped_total=33288 crc_err=0 crc_err_total=0 rate1=512 rate2=512 prod1=512 prod2=512 dac_err=0 tx_drop=0 hb_ms=0 sma_state=6 m7_us=2282121253 m4_us=2279925593 vdd=5.067 offset=0.5000 aref=3.145 loop_us_avg=33 loop_us_max=5795 loop_hz=30303 cycle_log_ms=1 n_cycle=4 cc=0 cc_hz=0 cc_i_tgt=0.4500 cc_u=1.9898 cc_r=4.4164 cc_tau_ms=7.00
[ 145.152] ALM
[ 145.594] [STATUS] t_ms=2212549 hwm=6 cap=256 dropped=0 dropped_total=33288 crc_err=0 crc_err_total=0 rate1=512 rate2=512 prod1=512 prod2=512 dac_err=0 tx_drop=0 hb_ms=0 sma_state=6 m7_us=2283153133 m4_us=2280957485 vdd=5.067 offset=0.5000 aref=3.145 loop_us_avg=34 loop_us_max=5806 loop_hz=29411 cycle_log_ms=1 n_cycle=4 cc=0 cc_hz=0 cc_i_tgt=0.4500 cc_u=1.9898 cc_r=4.4164 cc_tau_ms=7.00
[ 146.611] [STATUS] t_ms=2213549 hwm=6 cap=256 dropped=0 dropped_total=33288 crc_err=0 crc_err_total=0 rate1=512 rate2=512 prod1=512 prod2=512 dac_err=0 tx_drop=0 hb_ms=0 sma_state=6 m7_us=2284184997 m4_us=2281989344 vdd=5.067 offset=0.5000 aref=3.145 loop_us_avg=34 loop_us_max=5809 loop_hz=29411 cycle_log_ms=1 n_cycle=4 cc=0 cc_hz=0 cc_i_tgt=0.4500 cc_u=1.9898 cc_r=4.4164 cc_tau_ms=7.00
[ 147.181] [A
[ 147.181] DC1] STATUS alarm(
[ 147.626] [STATUS] t_ms=2214549 hwm=6 cap=256 dropped=0 dropped_total=33288 crc_err=0 crc_err_total=0 rate1=512 rate2=512 prod1=512 prod2=512 dac_err=0 tx_drop=0 hb_ms=0 sma_state=6 m7_us=2285216881 m4_us=2283021216 vdd=5.067 offset=0.5000 aref=3.145 loop_us_avg=34 loop_us_max=5811 loop_hz=29411 cycle_log_ms=1 n_cycle=4 cc=0 cc_hz=0 cc_i_tgt=0.4500 cc_u=1.9898 cc_r=4.4164 cc_tau_ms=7.00
[ 148.193] [
[ 148.193] ADC1] STATUS alarm
[ 148.637] [STATUS] t_ms=2215549 hwm=6 cap=256 dropped=0 dropped_total=33288 crc_err=0 crc_err_total=0 rate1=512 rate2=512 prod1=512 prod2=512 dac_err=0 tx_drop=0 hb_ms=0 sma_state=6 m7_us=2286248782 m4_us=2284053133 vdd=5.067 offset=0.5000 aref=3.145 loop_us_avg=33 loop_us_max=5801 loop_hz=30303 cycle_log_ms=1 n_cycle=4 cc=0 cc_hz=0 cc_i_tgt=0.4500 cc_u=1.9898 cc_r=4.4164 cc_tau_ms=7.00
[ 149.144] [ADC
[ 149.144] 1] STATUS alarm(s
[ 149.715] [STATUS] t_ms=2216549 hwm=6 cap=256 dropped=0 dropped_total=33288 crc_err=0 crc_err_total=0 rate1=512 rate2=512 prod1=512 prod2=512 dac_err=0 tx_drop=0 hb_ms=0 sma_state=6 m7_us=2287280694 m4_us=2285085046 vdd=5.067 offset=0.5000 aref=3.145 loop_us_avg=34 loop_us_max=5808 loop_hz=29411 cycle_log_ms=1 n_cycle=4 cc=0 cc_hz=0 cc_i_tgt=0.4500 cc_u=1.9898 cc_r=4.4164 cc_tau_ms=7.00
[ 150.161] [ADC
[ 150.161] 1] STATUS alarm(
[ 150.735] [STATUS] t_ms=2217549 hwm=6 cap=256 dropped=0 dropped_total=33288 crc_err=0 crc_err_total=0 rate1=512 rate2=512 prod1=512 prod2=512 dac_err=0 tx_drop=0 hb_ms=0 sma_state=6 m7_us=2288312610 m4_us=2286116960 vdd=5.067 offset=0.5000 aref=3.145 loop_us_avg=33 loop_us_max=5805 loop_hz=30303 cycle_log_ms=1 n_cycle=4 cc=0 cc_hz=0 cc_i_tgt=0.4500 cc_u=1.9898 cc_r=4.4164 cc_tau_ms=7.00
[ 151.752] [STATUS] t_ms=2218549 hwm=6 cap=256 dropped=0 dropped_total=33288 crc_err=0 crc_err_total=0 rate1=512 rate2=512 prod1=512 prod2=512 dac_err=0 tx_drop=0 hb_ms=0 sma_state=6 m7_us=2289344531 m4_us=2287148864 vdd=5.067 offset=0.5000 aref=3.145 loop_us_avg=34 loop_us_max=5890 loop_hz=29411 cycle_log_ms=1 n_cycle=4 cc=0 cc_hz=0 cc_i_tgt=0.4500 cc_u=1.9898 cc_r=4.4164 cc_tau_ms=7.00
[ 152.199] [ADC1] S
[ 152.771] [STATUS] t_ms=2219549 hwm=6 cap=256 dropped=0 dropped_total=33288 crc_err=0 crc_err_total=0 rate1=512 rate2=512 prod1=512 prod2=512 dac_err=0 tx_drop=0 hb_ms=0 sma_state=6 m7_us=2290376424 m4_us=2288180774 vdd=5.067 offset=0.5000 aref=3.145 loop_us_avg=33 loop_us_max=5816 loop_hz=30303 cycle_log_ms=1 n_cycle=4 cc=0 cc_hz=0 cc_i_tgt=0.4500 cc_u=1.9898 cc_r=4.4164 cc_tau_ms=7.00
[ 153.216] [
[ 153.216] ADC1] STATUS al
[ 153.216] _A
[ 153.850] [STATUS] t_ms=2220549 hwm=6 cap=256 dropped=0 dropped_total=33288 crc_err=0 crc_err_total=0 rate1=512 rate2=512 prod1=512 prod2=512 dac_err=0 tx_drop=0 hb_ms=0 sma_state=6 m7_us=2291408329 m4_us=2289212678 vdd=5.067 offset=0.5000 aref=3.145 loop_us_avg=34 loop_us_max=5808 loop_hz=29411 cycle_log_ms=1 n_cycle=4 cc=0 cc_hz=0 cc_i_tgt=0.4500 cc_u=1.9898 cc_r=4.4164 cc_tau_ms=7.00
[ 154.230] [AD
[ 154.230] C1] STATUS alarm(s
[ 154.865] [STATUS] t_ms=2221549 hwm=6 cap=256 dropped=0 dropped_total=33288 crc_err=0 crc_err_total=0 rate1=512 rate2=512 prod1=512 prod2=512 dac_err=0 tx_drop=0 hb_ms=0 sma_state=6 m7_us=2292440192 m4_us=2290244544 vdd=5.067 offset=0.5000 aref=3.145 loop_us_avg=34 loop_us_max=5812 loop_hz=29411 cycle_log_ms=1 n_cycle=4 cc=0 cc_hz=0 cc_i_tgt=0.4500 cc_u=1.9898 cc_r=4.4164 cc_tau_ms=7.00
[ 155.244] [ADC1]
[ 155.244] STATUS alarm(s): 0
[ 155.875] [STATUS] t_ms=2222549 hwm=6 cap=256 dropped=0 dropped_total=33288 crc_err=0 crc_err_total=0 rate1=512 rate2=512 prod1=512 prod2=512 dac_err=0 tx_drop=0 hb_ms=0 sma_state=6 m7_us=2293472093 m4_us=2291276448 vdd=5.067 offset=0.5000 aref=3.145 loop_us_avg=34 loop_us_max=5802 loop_hz=29411 cycle_log_ms=1 n_cycle=4 cc=0 cc_hz=0 cc_i_tgt=0.4500 cc_u=1.9898 cc_r=4.4164 cc_tau_ms=7.00
[ 156.255] ALM
[ 156.509] [SMA] [ACT] heat n=6/6 I=450.0mA ms=300
[ 156.763] [SMA] [ACT] cool n=6/6 I=0.0mA ms=30000
[ 156.952] [STATUS] t_ms=2223549 hwm=6 cap=256 dropped=0 dropped_total=33288 crc_err=0 crc_err_total=0 rate1=512 rate2=512 prod1=512 prod2=512 dac_err=0 tx_drop=0 hb_ms=0 sma_state=6 m7_us=2294503974 m4_us=2292308326 vdd=5.067 offset=0.5000 aref=3.145 loop_us_avg=42 loop_us_max=5810 loop_hz=23809 cycle_log_ms=1 n_cycle=4 cc=0 cc_hz=309 cc_i_tgt=0.4500 cc_u=2.0271 cc_r=4.4650 cc_tau_ms=7.00
[ 157.205] [ADC1]
[ 157.966] [STATUS] t_ms=2224549 hwm=6 cap=256 dropped=0 dropped_total=33288 crc_err=0 crc_err_total=0 rate1=512 rate2=512 prod1=512 prod2=512 dac_err=0 tx_drop=0 hb_ms=0 sma_state=6 m7_us=2295535836 m4_us=2293340182 vdd=5.067 offset=0.5000 aref=3.145 loop_us_avg=33 loop_us_max=5821 loop_hz=30303 cycle_log_ms=1 n_cycle=4 cc=0 cc_hz=0 cc_i_tgt=0.4500 cc_u=2.0271 cc_r=4.4650 cc_tau_ms=7.00
[ 158.220] [ADC1] STATUS
[ 158.980] [STATUS] t_ms=2225549 hwm=6 cap=256 dropped=0 dropped_total=33288 crc_err=0 crc_err_total=0 rate1=512 rate2=512 prod1=512 prod2=512 dac_err=0 tx_drop=0 hb_ms=0 sma_state=6 m7_us=2296567732 m4_us=2294372070 vdd=5.067 offset=0.5000 aref=3.145 loop_us_avg=33 loop_us_max=5831 loop_hz=30303 cycle_log_ms=1 n_cycle=4 cc=0 cc_hz=0 cc_i_tgt=0.4500 cc_u=2.0271 cc_r=4.4650 cc_tau_ms=7.00
[ 159.235] [ADC
[ 159.235] 1] STATUS alarm(
[ 159.995] [STATUS] t_ms=2226549 hwm=6 cap=256 dropped=0 dropped_total=33288 crc_err=0 crc_err_total=0 rate1=512 rate2=512 prod1=512 prod2=512 dac_err=0 tx_drop=0 hb_ms=0 sma_state=6 m7_us=2297599632 m4_us=2295403984 vdd=5.067 offset=0.5000 aref=3.145 loop_us_avg=33 loop_us_max=5807 loop_hz=30303 cycle_log_ms=1 n_cycle=4 cc=0 cc_hz=0 cc_i_tgt=0.4500 cc_u=2.0271 cc_r=4.4650 cc_tau_ms=7.00
[ 160.247] [ADC
[ 160.247] 1] STATUS alarm(
[ 161.076] [STATUS] t_ms=2227549 hwm=6 cap=256 dropped=0 dropped_total=33288 crc_err=0 crc_err_total=0 rate1=512 rate2=512 prod1=512 prod2=512 dac_err=0 tx_drop=0 hb_ms=0 sma_state=6 m7_us=2298631546 m4_us=2296435894 vdd=5.067 offset=0.5000 aref=3.145 loop_us_avg=34 loop_us_max=5787 loop_hz=29411 cycle_log_ms=1 n_cycle=4 cc=0 cc_hz=0 cc_i_tgt=0.4500 cc_u=2.0271 cc_r=4.4650 cc_tau_ms=7.00
[ 162.090] [STATUS] t_ms=2228549 hwm=6 cap=256 dropped=0 dropped_total=33288 crc_err=0 crc_err_total=0 rate1=513 rate2=512 prod1=513 prod2=512 dac_err=0 tx_drop=0 hb_ms=0 sma_state=6 m7_us=2299663577 m4_us=2297468799 vdd=5.067 offset=0.5000 aref=3.145 loop_us_avg=33 loop_us_max=5955 loop_hz=30303 cycle_log_ms=1 n_cycle=4 cc=0 cc_hz=0 cc_i_tgt=0.4500 cc_u=2.0271 cc_r=4.4650 cc_tau_ms=7.00
[ 163.106] [STATUS] t_ms=2229549 hwm=5 cap=256 dropped=0 dropped_total=33288 crc_err=0 crc_err_total=0 rate1=511 rate2=512 prod1=511 prod2=512 dac_err=0 tx_drop=0 hb_ms=0 sma_state=6 m7_us=2300695363 m4_us=2298499712 vdd=5.067 offset=0.5000 aref=3.145 loop_us_avg=33 loop_us_max=5004 loop_hz=30303 cycle_log_ms=1 n_cycle=4 cc=0 cc_hz=0 cc_i_tgt=0.4500 cc_u=2.0271 cc_r=4.4650 cc_tau_ms=7.00
[ 163.296] [ADC1] STATUS
[ 164.119] [STATUS] t_ms=2230549 hwm=6 cap=256 dropped=0 dropped_total=33288 crc_err=0 crc_err_total=0 rate1=512 rate2=512 prod1=512 prod2=512 dac_err=0 tx_drop=0 hb_ms=0 sma_state=6 m7_us=2301727487 m4_us=2299531638 vdd=5.067 offset=0.5000 aref=3.145 loop_us_avg=33 loop_us_max=5894 loop_hz=30303 cycle_log_ms=1 n_cycle=4 cc=0 cc_hz=0 cc_i_tgt=0.4500 cc_u=2.0271 cc_r=4.4650 cc_tau_ms=7.00
[ 164.309] [
[ 164.309] ADC1] STATUS alarm(s
[ 165.197] [STATUS] t_ms=2231549 hwm=6 cap=256 dropped=0 dropped_total=33288 crc_err=0 crc_err_total=0 rate1=513 rate2=512 prod1=513 prod2=512 dac_err=0 tx_drop=0 hb_ms=0 sma_state=6 m7_us=2302759340 m4_us=2300564588 vdd=5.067 offset=0.5000 aref=3.145 loop_us_avg=33 loop_us_max=5994 loop_hz=30303 cycle_log_ms=1 n_cycle=4 cc=0 cc_hz=0 cc_i_tgt=0.4500 cc_u=2.0271 cc_r=4.4650 cc_tau_ms=7.00
[ 165.324] [ADC1] STATUS
[ 165.324] alarm(s): 0x49 PG
[ 165.324] AL_A
[ 166.212] [STATUS] t_ms=2232549 hwm=5 cap=256 dropped=0 dropped_total=33288 crc_err=0 crc_err_total=0 rate1=511 rate2=512 prod1=511 prod2=512 dac_err=0 tx_drop=0 hb_ms=0 sma_state=6 m7_us=2303791141 m4_us=2301595494 vdd=5.067 offset=0.5000 aref=3.145 loop_us_avg=33 loop_us_max=5000 loop_hz=30303 cycle_log_ms=1 n_cycle=4 cc=0 cc_hz=0 cc_i_tgt=0.4500 cc_u=2.0271 cc_r=4.4650 cc_tau_ms=7.00
[ 166.275] [AD
[ 166.275] C1] STATUS alarm(
[ 167.223] [STATUS] t_ms=2233549 hwm=6 cap=256 dropped=0 dropped_total=33288 crc_err=0 crc_err_total=0 rate1=512 rate2=512 prod1=512 prod2=512 dac_err=0 tx_drop=0 hb_ms=0 sma_state=6 m7_us=2304823063 m4_us=2302627414 vdd=5.067 offset=0.5000 aref=3.145 loop_us_avg=33 loop_us_max=5796 loop_hz=30303 cycle_log_ms=1 n_cycle=4 cc=0 cc_hz=0 cc_i_tgt=0.4500 cc_u=2.0271 cc_r=4.4650 cc_tau_ms=7.00
[ 168.301] [STATUS] t_ms=2234549 hwm=6 cap=256 dropped=0 dropped_total=33288 crc_err=0 crc_err_total=0 rate1=512 rate2=512 prod1=512 prod2=512 dac_err=0 tx_drop=0 hb_ms=0 sma_state=6 m7_us=2305855020 m4_us=2303659366 vdd=5.067 offset=0.5000 aref=3.145 loop_us_avg=33 loop_us_max=5805 loop_hz=30303 cycle_log_ms=1 n_cycle=4 cc=0 cc_hz=0 cc_i_tgt=0.4500 cc_u=2.0271 cc_r=4.4650 cc_tau_ms=7.00
[ 168.301] ALM
[ 168.301] [ADC1
[ 169.316] [STATUS] t_ms=2235549 hwm=6 cap=256 dropped=0 dropped_total=33288 crc_err=0 crc_err_total=0 rate1=512 rate2=512 prod1=512 prod2=512 dac_err=0 tx_drop=0 hb_ms=0 sma_state=6 m7_us=2306886952 m4_us=2304691309 vdd=5.067 offset=0.5000 aref=3.145 loop_us_avg=33 loop_us_max=5800 loop_hz=30303 cycle_log_ms=1 n_cycle=4 cc=0 cc_hz=0 cc_i_tgt=0.4500 cc_u=2.0271 cc_r=4.4650 cc_tau_ms=7.00
[ 169.316] [ADC1] STATUS ala
[ 170.331] [STATUS] t_ms=2236549 hwm=6 cap=256 dropped=0 dropped_total=33288 crc_err=0 crc_err_total=0 rate1=512 rate2=512 prod1=512 prod2=512 dac_err=0 tx_drop=0 hb_ms=0 sma_state=6 m7_us=2307918873 m4_us=2305723229 vdd=5.067 offset=0.5000 aref=3.145 loop_us_avg=33 loop_us_max=5814 loop_hz=30303 cycle_log_ms=1 n_cycle=4 cc=0 cc_hz=0 cc_i_tgt=0.4500 cc_u=2.0271 cc_r=4.4650 cc_tau_ms=7.00
[ 171.346] [ADC1] STATUS a
[ 171.346] _A
[ 171.346] [STATUS] t_ms=2237549 hwm=6 cap=256 dropped=0 dropped_total=33288 crc_err=0 crc_err_total=0 rate1=512 rate2=512 prod1=512 prod2=512 dac_err=0 tx_drop=0 hb_ms=0 sma_state=6 m7_us=2308950828 m4_us=2306755184 vdd=5.067 offset=0.5000 aref=3.145 loop_us_avg=33 loop_us_max=5835 loop_hz=30303 cycle_log_ms=1 n_cycle=4 cc=0 cc_hz=0 cc_i_tgt=0.4500 cc_u=2.0271 cc_r=4.4650 cc_tau_ms=7.00
[ 172.424] [STATUS] t_ms=2238549 hwm=6 cap=256 dropped=0 dropped_total=33288 crc_err=0 crc_err_total=0 rate1=512 rate2=512 prod1=512 prod2=512 dac_err=0 tx_drop=0 hb_ms=0 sma_state=6 m7_us=2309982760 m4_us=2307787113 vdd=5.067 offset=0.5000 aref=3.145 loop_us_avg=33 loop_us_max=5784 loop_hz=30303 cycle_log_ms=1 n_cycle=4 cc=0 cc_hz=0 cc_i_tgt=0.4500 cc_u=2.0271 cc_r=4.4650 cc_tau_ms=7.00
[ 173.374] [ADC1]
[ 173.437] [STATUS] t_ms=2239549 hwm=6 cap=256 dropped=0 dropped_total=33288 crc_err=0 crc_err_total=0 rate1=512 rate2=512 prod1=512 prod2=512 dac_err=0 tx_drop=0 hb_ms=0 sma_state=6 m7_us=2311014674 m4_us=2308819008 vdd=5.067 offset=0.5000 aref=3.145 loop_us_avg=33 loop_us_max=5794 loop_hz=30303 cycle_log_ms=1 n_cycle=4 cc=0 cc_hz=0 cc_i_tgt=0.4500 cc_u=2.0271 cc_r=4.4650 cc_tau_ms=7.00
[ 174.391] [ADC1
[ 174.391] ] STATUS alarm(s
[ 174.454] [STATUS] t_ms=2240549 hwm=6 cap=256 dropped=0 dropped_total=33288 crc_err=0 crc_err_total=0 rate1=512 rate2=512 prod1=512 prod2=512 dac_err=0 tx_drop=0 hb_ms=0 sma_state=6 m7_us=2312046575 m4_us=2309850928 vdd=5.067 offset=0.5000 aref=3.145 loop_us_avg=33 loop_us_max=5797 loop_hz=30303 cycle_log_ms=1 n_cycle=4 cc=0 cc_hz=0 cc_i_tgt=0.4500 cc_u=2.0271 cc_r=4.4650 cc_tau_ms=7.00
[ 175.342] [AD
[ 175.342] C1] STATUS alarm
[ 175.469] [STATUS] t_ms=2241549 hwm=6 cap=256 dropped=0 dropped_total=33288 crc_err=0 crc_err_total=0 rate1=512 rate2=512 prod1=512 prod2=512 dac_err=0 tx_drop=0 hb_ms=0 sma_state=6 m7_us=2313078501 m4_us=2310882854 vdd=5.067 offset=0.5000 aref=3.145 loop_us_avg=33 loop_us_max=5793 loop_hz=30303 cycle_log_ms=1 n_cycle=4 cc=0 cc_hz=0 cc_i_tgt=0.4500 cc_u=2.0271 cc_r=4.4650 cc_tau_ms=7.00
[ 176.355] [ADC1] STATUS a
[ 176.355] larm(s): 0x49 PGA
[ 176.355] L_A
[ 176.546] [STATUS] t_ms=2242549 hwm=6 cap=256 dropped=0 dropped_total=33288 crc_err=0 crc_err_total=0 rate1=512 rate2=512 prod1=512 prod2=512 dac_err=0 tx_drop=0 hb_ms=0 sma_state=6 m7_us=2314110403 m4_us=2311914752 vdd=5.067 offset=0.5000 aref=3.145 loop_us_avg=33 loop_us_max=5784 loop_hz=30303 cycle_log_ms=1 n_cycle=4 cc=0 cc_hz=0 cc_i_tgt=0.4500 cc_u=2.0271 cc_r=4.4650 cc_tau_ms=7.00
[ 177.560] [STATUS] t_ms=2243549 hwm=6 cap=256 dropped=0 dropped_total=33288 crc_err=0 crc_err_total=0 rate1=512 rate2=512 prod1=512 prod2=512 dac_err=0 tx_drop=0 hb_ms=0 sma_state=6 m7_us=2315142329 m4_us=2312946685 vdd=5.067 offset=0.5000 aref=3.145 loop_us_avg=33 loop_us_max=5803 loop_hz=30303 cycle_log_ms=1 n_cycle=4 cc=0 cc_hz=0 cc_i_tgt=0.4500 cc_u=2.0271 cc_r=4.4650 cc_tau_ms=7.00
[ 178.384] [ADC1] STATUS a
[ 178.574] [STATUS] t_ms=2244549 hwm=6 cap=256 dropped=0 dropped_total=33288 crc_err=0 crc_err_total=0 rate1=513 rate2=512 prod1=513 prod2=512 dac_err=0 tx_drop=0 hb_ms=0 sma_state=6 m7_us=2316174343 m4_us=2313979599 vdd=5.067 offset=0.5000 aref=3.145 loop_us_avg=34 loop_us_max=5944 loop_hz=29411 cycle_log_ms=1 n_cycle=4 cc=0 cc_hz=0 cc_i_tgt=0.4500 cc_u=2.0271 cc_r=4.4650 cc_tau_ms=7.00
[ 179.431] [
[ 179.431] ADC1] STATUS ala
[ 179.621] [STATUS] t_ms=2245549 hwm=42 cap=256 dropped=0 dropped_total=33288 crc_err=0 crc_err_total=0 rate1=511 rate2=512 prod1=511 prod2=512 dac_err=0 tx_drop=0 hb_ms=0 sma_state=6 m7_us=2317206143 m4_us=2315010496 vdd=5.067 offset=0.5000 aref=3.145 loop_us_avg=35 loop_us_max=42138 loop_hz=28571 cycle_log_ms=1 n_cycle=4 cc=0 cc_hz=0 cc_i_tgt=0.4500 cc_u=2.0271 cc_r=4.4650 cc_tau_ms=7.00
[ 180.384] ALM
[ 180.384] [ADC1]
[ 180.384] STATUS alarm(s):
[ 180.637] [STATUS] t_ms=2246549 hwm=6 cap=256 dropped=0 dropped_total=33288 crc_err=0 crc_err_total=0 rate1=512 rate2=512 prod1=512 prod2=512 dac_err=0 tx_drop=0 hb_ms=0 sma_state=6 m7_us=2318238116 m4_us=2316042426 vdd=5.067 offset=0.5000 aref=3.145 loop_us_avg=33 loop_us_max=5813 loop_hz=30303 cycle_log_ms=1 n_cycle=4 cc=0 cc_hz=0 cc_i_tgt=0.4500 cc_u=2.0271 cc_r=4.4650 cc_tau_ms=7.00
[ 181.399] [ADC1]
[ 181.399] STATUS alarm(s)
[ 181.714] [STATUS] t_ms=2247549 hwm=6 cap=256 dropped=0 dropped_total=33288 crc_err=0 crc_err_total=0 rate1=512 rate2=512 prod1=512 prod2=512 dac_err=0 tx_drop=0 hb_ms=0 sma_state=6 m7_us=2319270011 m4_us=2317074362 vdd=5.067 offset=0.5000 aref=3.145 loop_us_avg=33 loop_us_max=5886 loop_hz=30303 cycle_log_ms=1 n_cycle=4 cc=0 cc_hz=0 cc_i_tgt=0.4500 cc_u=2.0271 cc_r=4.4650 cc_tau_ms=7.00
[ 182.409] [ADC1] STATUS alarm(s):
[ 182.728] [STATUS] t_ms=2248549 hwm=6 cap=256 dropped=0 dropped_total=33288 crc_err=0 crc_err_total=0 rate1=512 rate2=512 prod1=512 prod2=512 dac_err=0 tx_drop=0 hb_ms=0 sma_state=6 m7_us=2320301922 m4_us=2318106272 vdd=5.067 offset=0.5000 aref=3.145 loop_us_avg=33 loop_us_max=5800 loop_hz=30303 cycle_log_ms=1 n_cycle=4 cc=0 cc_hz=0 cc_i_tgt=0.4500 cc_u=2.0271 cc_r=4.4650 cc_tau_ms=7.00
[ 183.738] [STATUS] t_ms=2249549 hwm=6 cap=256 dropped=0 dropped_total=33288 crc_err=0 crc_err_total=0 rate1=512 rate2=512 prod1=512 prod2=512 dac_err=0 tx_drop=0 hb_ms=0 sma_state=6 m7_us=2321333829 m4_us=2319138186 vdd=5.067 offset=0.5000 aref=3.145 loop_us_avg=33 loop_us_max=5802 loop_hz=30303 cycle_log_ms=1 n_cycle=4 cc=0 cc_hz=0 cc_i_tgt=0.4500 cc_u=2.0271 cc_r=4.4650 cc_tau_ms=7.00
[ 184.435] [ADC1]
[ 184.815] [STATUS] t_ms=2250549 hwm=6 cap=256 dropped=0 dropped_total=33288 crc_err=0 crc_err_total=0 rate1=512 rate2=512 prod1=512 prod2=512 dac_err=0 tx_drop=0 hb_ms=0 sma_state=6 m7_us=2322365764 m4_us=2320170118 vdd=5.067 offset=0.5000 aref=3.145 loop_us_avg=33 loop_us_max=5779 loop_hz=30303 cycle_log_ms=1 n_cycle=4 cc=0 cc_hz=0 cc_i_tgt=0.4500 cc_u=2.0271 cc_r=4.4650 cc_tau_ms=7.00
