2026-07-15 17:08:09,085  INFO   root                Session: console_20260715_170809
2026-07-15 17:08:09,085  INFO   root                Output:  C:\Users\yilin\Documents\GitHubRepo_Research\MicroTensileMachine\MicroTensileMachine\Experiment_SMAThermalCharacterization\data\console_20260715_170809
2026-07-15 17:08:09,085  INFO   root                Config:  C:\Users\yilin\Documents\GitHubRepo_Research\MicroTensileMachine\MicroTensileMachine\Experiment_SMAThermalCharacterization\config.yaml  headless=False
2026-07-15 17:08:09,800  INFO   H7Worker            H7 reader thread pinned: priority=above_normal core=31
2026-07-15 17:08:09,805  INFO   PortentaReader      Requested RX buffer 4.0 MB (driver may cap it)
2026-07-15 17:08:09,805  INFO   PortentaReader      Opened COM8 @ 115200 baud, waiting 4.0s for firmware boot...
2026-07-15 17:08:11,055  INFO   Driver_ZaberStage   Configuration saved to zaber_config.json
2026-07-15 17:08:11,086  INFO   Driver_ZaberStage   Connected to X-LSQ300A-E01 on COM5
2026-07-15 17:08:11,086  INFO   ZaberWorker         Zaber ready: DeviceInfo(port='COM5', device_id=50138, serial_number='143153', name='X-LSQ300A-E01', firmware_version='7.48.24004', device_type='Linear Stage', axis_count=1)
2026-07-15 17:08:13,220  INFO   CameraWorker        camera index 0: max width 4000
2026-07-15 17:08:13,809  INFO   PortentaReader      boot banner (8 lines):
2026-07-15 17:08:13,809  INFO   PortentaReader        [ADC1] STATUS alarm(s): 0x4D PGAL_ALM PGAH_ALM
2026-07-15 17:08:13,809  INFO   PortentaReader        [STATUS] t_ms=15268 hwm=3 cap=256 dropped=0 dropped_total=0 crc_err=0 crc_err_total=0 tx_drop=7487 tx_drop_bytes=296662 rate1=512 rate2=512 prod1=512 prod2=512 sma_state=0 m7_us=13886412 m4_us=11617938 vdd=5.500 offset=0.3100 aref=3.145 loop_us_avg=17 loop_us_max=2603 loop_hz=58823 cycle_log_ms=1 n_cycle=4
2026-07-15 17:08:13,809  INFO   PortentaReader        [ADC1] STATUS alarm(s): 0x4D PGAL_ALM PGAH_ALM
2026-07-15 17:08:13,809  INFO   PortentaReader        [STATUS] t_ms=16268 hwm=3 cap=256 dropped=0 dropped_total=0 crc_err=0 crc_err_total=0 tx_drop=8507 tx_drop_bytes=339158 rate1=512 rate2=512 prod1=512 prod2=512 sma_state=0 m7_us=14924313 m4_us=12655577 vdd=5.500 offset=0.3100 aref=3.145 loop_us_avg=17 loop_us_max=3008 loop_hz=58823 cycle_log_ms=1 n_cycle=4
2026-07-15 17:08:13,809  INFO   PortentaReader        [ADC1] STATUS alarm(s): 0xCD PGAL_ALM PGAH_ALM
2026-07-15 17:08:13,809  INFO   PortentaReader        [STATUS] t_ms=17268 hwm=3 cap=256 dropped=0 dropped_total=0 crc_err=0 crc_err_total=0 tx_drop=9527 tx_drop_bytes=381654 rate1=512 rate2=512 prod1=512 prod2=512 sma_state=0 m7_us=15961709 m4_us=13693218 vdd=5.500 offset=0.3100 aref=3.145 loop_us_avg=17 loop_us_max=3440 loop_hz=58823 cycle_log_ms=1 n_cycle=4
2026-07-15 17:08:13,809  INFO   PortentaReader        [ADC1] STATUS alarm(s): 0x8D PGAL_ALM PGAH_ALM
2026-07-15 17:08:13,809  INFO   PortentaReader        [STATUS] t_ms=18268 hwm=3 cap=256 dropped=0 dropped_total=0 crc_err=0 crc_err_total=0 tx_drop=10547 tx_drop_bytes=424150 rate1=512 rate2=512 prod1=512 prod2=512 sma_state=0 m7_us=16999321 m4_us=14730844 vdd=5.500 offset=0.3100 aref=3.145 loop_us_avg=17 loop_us_max=3062 loop_hz=58823 cycle_log_ms=1 n_cycle=4
2026-07-15 17:08:13,809  WARNING  PortentaReader      Opened COM8 but no sample lines seen in 4.0s boot window. If this persists: power-cycle Hat Carrier, re-seat HAT.
2026-07-15 17:08:13,862  INFO   H7Worker            H7 ready: port=COM8 baud=115200 channels=['laser', 'load', 'sma_i', 'sma_r', 'sma_v']
2026-07-15 17:08:13,862  INFO   RecordingCore       Running 10.0 s full system check...
2026-07-15 17:08:16,963  INFO   CameraWorker        Camera ready: cam[0] 1920x1080 MJPG
2026-07-15 17:08:23,874  WARNING  RecordingCore       health H7    FAIL (0) — only 0 samples (need >=20)
2026-07-15 17:08:23,875  INFO   RecordingCore       health stage PASS (630) — 630 reads, pos~80.00 mm
2026-07-15 17:08:31,238  WARNING  RecordingCore       HEALTH WARNING: H7 silent 1.0s — no new samples (critical; other instruments still recording)
2026-07-15 17:08:39,654  WARNING  H7Worker            H7 command 'disarm' failed: WriteFile failed (PermissionError(13, 'The device does not recognize the command.', None, 22))
2026-07-15 17:08:39,655  WARNING  H7Worker            H7 command 'disarm' failed: WriteFile failed (PermissionError(13, 'The device does not recognize the command.', None, 22))
2026-07-15 17:08:39,655  WARNING  H7Worker            H7 command 'disarm' failed: WriteFile failed (PermissionError(13, 'The device does not recognize the command.', None, 22))
2026-07-15 17:08:39,655  WARNING  H7Worker            H7 command 'disarm' failed: WriteFile failed (PermissionError(13, 'The device does not recognize the command.', None, 22))
2026-07-15 17:08:39,655  ERROR  H7Worker            H7 worker crashed: ClearCommError failed (PermissionError(13, 'The device does not recognize the command.', None, 22))
Traceback (most recent call last):
  File "c:\Users\yilin\Documents\GitHubRepo_Research\MicroTensileMachine\MicroTensileMachine\Experiment_SMAThermalCharacterization\workers.py", line 394, in run
    self._main_loop()
  File "c:\Users\yilin\Documents\GitHubRepo_Research\MicroTensileMachine\MicroTensileMachine\Experiment_SMAThermalCharacterization\workers.py", line 438, in _main_loop
    ev = reader.poll_event()
         ^^^^^^^^^^^^^^^^^^^
  File "C:\Users\yilin\Documents\GitHubRepo_Research\MicroTensileMachine\MicroTensileMachine\Calibrate_LaserHead\portenta_reader.py", line 441, in poll_event
    line = self._readline()
           ^^^^^^^^^^^^^^^^
  File "C:\Users\yilin\Documents\GitHubRepo_Research\MicroTensileMachine\MicroTensileMachine\Calibrate_LaserHead\portenta_reader.py", line 390, in _readline
    raw = self._ser.readline()
          ^^^^^^^^^^^^^^^^^^^^
  File "C:\Users\yilin\AppData\Local\Programs\Python\Python312\Lib\site-packages\serial\serialwin32.py", line 275, in read
    raise SerialException("ClearCommError failed ({!r})".format(ctypes.WinError()))
serial.serialutil.SerialException: ClearCommError failed (PermissionError(13, 'The device does not recognize the command.', None, 22))
2026-07-15 17:08:39,657  INFO   H7Worker            H7 worker exit  (pushed=0, dropped=0, filtered=0)
2026-07-15 17:08:44,161  INFO   H7Worker            H7 reader thread pinned: priority=above_normal core=31
2026-07-15 17:08:44,162  INFO   RecordingCore       H7: reconnect requested
2026-07-15 17:08:44,164  INFO   PortentaReader      Requested RX buffer 4.0 MB (driver may cap it)
2026-07-15 17:08:44,164  INFO   PortentaReader      Opened COM8 @ 115200 baud, waiting 4.0s for firmware boot...
2026-07-15 17:08:45,174  WARNING  RecordingCore       HEALTH WARNING: H7 silent 1.0s — no new samples (critical; other instruments still recording)
2026-07-15 17:08:48,159  INFO   PortentaReader      boot banner (53 lines):
2026-07-15 17:08:48,159  INFO   PortentaReader          ADC2CFG rb  : 0x88
2026-07-15 17:08:48,159  INFO   PortentaReader        Frame INTERFACE=0x05 → RDATA1=6B, RDATA2=6B (incl. 00h pad)
2026-07-15 17:08:48,159  INFO   PortentaReader        ---------------------------------
2026-07-15 17:08:48,159  INFO   PortentaReader        [M4] REGDUMP ID=0x23 POWER=0x13 INPMUX=0x45 MODE1=0x40 MODE2=0x8 REFMUX=0x9 ADC2CFG=0x88 ADC2MUX=0x23
2026-07-15 17:08:48,159  INFO   PortentaReader        [M4 cp 11] sampling via timed poll (no DRDY ISR)
2026-07-15 17:08:48,159  INFO   PortentaReader        [M4] streaming via ring buffer. format: t_ms\tsrc\tatst 1a,c [ADC1] ST :C  
2026-07-15 17:08:48,159  INFO   PortentaReader        [STATUS] t_ms=8287 hwm=28 cap=256 dropped=0 dropped_total=0 crc_err=0 crc_err_total=0 tx_drop=318 tx_drop_bytes=12947 rate1=171 rate2=171 prod1=171 prod2=171 sma_state=0 m7_us=6643111 m4_us=4376263 vdd=5.500 offset=0.3100 aref=3.145 loop_us_avg=18 loop_us_max=36558 loop_hz=55555 cycle_log_ms=1 n_cycle=4
2026-07-15 17:08:48,159  INFO   PortentaReader        [ADC1] STATUS alarm(s): 0x4D PGAL_ALM PGAH_ALM
2026-07-15 17:08:48,159  WARNING  PortentaReader      Opened COM8 but no sample lines seen in 4.0s boot window. If this persists: power-cycle Hat Carrier, re-seat HAT.
2026-07-15 17:08:48,220  INFO   H7Worker            H7 ready: port=COM8 baud=115200 channels=['laser', 'load', 'sma_i', 'sma_r', 'sma_v']
2026-07-15 17:09:00,507  WARNING  H7Worker            H7 command 'disarm' failed: WriteFile failed (PermissionError(13, 'The device does not recognize the command.', None, 22))
2026-07-15 17:09:00,507  WARNING  H7Worker            H7 command 'disarm' failed: WriteFile failed (PermissionError(13, 'The device does not recognize the command.', None, 22))
2026-07-15 17:09:00,507  WARNING  H7Worker            H7 command 'disarm' failed: WriteFile failed (PermissionError(13, 'The device does not recognize the command.', None, 22))
2026-07-15 17:09:00,507  ERROR  H7Worker            H7 worker crashed: ClearCommError failed (PermissionError(13, 'The device does not recognize the command.', None, 22))
Traceback (most recent call last):
  File "c:\Users\yilin\Documents\GitHubRepo_Research\MicroTensileMachine\MicroTensileMachine\Experiment_SMAThermalCharacterization\workers.py", line 394, in run
    self._main_loop()
  File "c:\Users\yilin\Documents\GitHubRepo_Research\MicroTensileMachine\MicroTensileMachine\Experiment_SMAThermalCharacterization\workers.py", line 438, in _main_loop
    ev = reader.poll_event()
         ^^^^^^^^^^^^^^^^^^^
  File "C:\Users\yilin\Documents\GitHubRepo_Research\MicroTensileMachine\MicroTensileMachine\Calibrate_LaserHead\portenta_reader.py", line 441, in poll_event
    line = self._readline()
           ^^^^^^^^^^^^^^^^
  File "C:\Users\yilin\Documents\GitHubRepo_Research\MicroTensileMachine\MicroTensileMachine\Calibrate_LaserHead\portenta_reader.py", line 390, in _readline
    raw = self._ser.readline()
          ^^^^^^^^^^^^^^^^^^^^
  File "C:\Users\yilin\AppData\Local\Programs\Python\Python312\Lib\site-packages\serial\serialwin32.py", line 275, in read
    raise SerialException("ClearCommError failed ({!r})".format(ctypes.WinError()))
serial.serialutil.SerialException: ClearCommError failed (PermissionError(13, 'The device does not recognize the command.', None, 22))
2026-07-15 17:09:00,507  INFO   H7Worker            H7 worker exit  (pushed=0, dropped=0, filtered=0)
2026-07-15 17:09:06,791  INFO   H7Worker            H7 reader thread pinned: priority=above_normal core=31
2026-07-15 17:09:06,792  INFO   RecordingCore       H7: reconnect requested
2026-07-15 17:09:06,795  INFO   PortentaReader      Requested RX buffer 4.0 MB (driver may cap it)
2026-07-15 17:09:06,795  INFO   PortentaReader      Opened COM8 @ 115200 baud, waiting 4.0s for firmware boot...
2026-07-15 17:09:07,852  WARNING  RecordingCore       HEALTH WARNING: H7 silent 1.0s — no new samples (critical; other instruments still recording)
2026-07-15 17:09:10,798  INFO   PortentaReader      boot banner (40 lines):
2026-07-15 17:09:10,798  INFO   PortentaReader        [M4] streaming via ring buffer. format: t_ms\tsrc\traw\Vh (1sa
2026-07-15 17:09:10,798  INFO   PortentaReader        [ADC1] Saa(CAAAM
2026-07-15 17:09:10,798  INFO   PortentaReader        [STATUS] t_ms=8268 hwm=28 cap=256 dropped=0 dropped_total=0 crc_err=0 crc_err_total=0 tx_drop=296 tx_drop_bytes=12140 rate1=161 rate2=160 prod1=161 prod2=160 sma_state=0 m7_us=6621785 m4_us=4353658 vdd=5.500 offset=0.3100 aref=3.145 loop_us_avg=18 loop_us_max=37244 loop_hz=55555 cycle_log_ms=1 n_cycle=4
2026-07-15 17:09:10,798  INFO   PortentaReader        [ADC1] STATUS alarm(s): 0xD PGAL_ALM PGAH_ALM
2026-07-15 17:09:10,798  INFO   PortentaReader        [STATUS] t_ms=9268 hwm=3 cap=256 dropped=0 dropped_total=0 crc_err=0 crc_err_total=0 tx_drop=1316 tx_drop_bytes=51564 rate1=512 rate2=512 prod1=512 prod2=512 sma_state=0 m7_us=7658749 m4_us=5390752 vdd=5.500 offset=0.3100 aref=3.145 loop_us_avg=17 loop_us_max=3200 loop_hz=58823 cycle_log_ms=1 n_cycle=4
2026-07-15 17:09:10,798  INFO   PortentaReader        [ADC1] STATUS alarm(s): 0xD PGAL_ALM PGAH_ALM
2026-07-15 17:09:10,798  INFO   PortentaReader        [STATUS] t_ms=10268 hwm=3 cap=256 dropped=0 dropped_total=0 crc_err=0 crc_err_total=0 tx_drop=2336 tx_drop_bytes=91357 rate1=512 rate2=512 prod1=512 prod2=512 sma_state=0 m7_us=8696164 m4_us=6427904 vdd=5.500 offset=0.3100 aref=3.145 loop_us_avg=17 loop_us_max=3236 loop_hz=58823 cycle_log_ms=1 n_cycle=4
2026-07-15 17:09:10,798  INFO   PortentaReader        [ADC1] STATUS alarm(s): 0x4D PGAL_ALM PGAH_ALM
2026-07-15 17:09:10,798  WARNING  PortentaReader      Opened COM8 but no sample lines seen in 4.0s boot window. If this persists: power-cycle Hat Carrier, re-seat HAT.
2026-07-15 17:09:10,864  INFO   H7Worker            H7 ready: port=COM8 baud=115200 channels=['laser', 'load', 'sma_i', 'sma_r', 'sma_v']
2026-07-15 17:09:27,563  WARNING  H7Worker            H7 command 'disarm' failed: WriteFile failed (PermissionError(13, 'The device does not recognize the command.', None, 22))
2026-07-15 17:09:27,563  WARNING  H7Worker            H7 command 'disarm' failed: WriteFile failed (PermissionError(13, 'The device does not recognize the command.', None, 22))
2026-07-15 17:09:27,563  WARNING  H7Worker            H7 command 'disarm' failed: WriteFile failed (PermissionError(13, 'The device does not recognize the command.', None, 22))
2026-07-15 17:09:27,563  WARNING  H7Worker            H7 command 'disarm' failed: WriteFile failed (PermissionError(13, 'The device does not recognize the command.', None, 22))
2026-07-15 17:09:27,563  WARNING  H7Worker            H7 command 'disarm' failed: WriteFile failed (PermissionError(13, 'The device does not recognize the command.', None, 22))
2026-07-15 17:09:27,563  WARNING  H7Worker            H7 command 'disarm' failed: WriteFile failed (PermissionError(13, 'The device does not recognize the command.', None, 22))
2026-07-15 17:09:27,563  WARNING  H7Worker            H7 command 'disarm' failed: WriteFile failed (PermissionError(13, 'The device does not recognize the command.', None, 22))
2026-07-15 17:09:27,563  WARNING  H7Worker            H7 command 'disarm' failed: WriteFile failed (PermissionError(13, 'The device does not recognize the command.', None, 22))
2026-07-15 17:09:27,563  WARNING  H7Worker            H7 command 'disarm' failed: WriteFile failed (PermissionError(13, 'The device does not recognize the command.', None, 22))
2026-07-15 17:09:27,563  WARNING  H7Worker            H7 command 'disarm' failed: WriteFile failed (PermissionError(13, 'The device does not recognize the command.', None, 22))
2026-07-15 17:09:27,563  WARNING  H7Worker            H7 command 'disarm' failed: WriteFile failed (PermissionError(13, 'The device does not recognize the command.', None, 22))
2026-07-15 17:09:27,564  ERROR  H7Worker            H7 worker crashed: ClearCommError failed (PermissionError(13, 'The device does not recognize the command.', None, 22))
Traceback (most recent call last):
  File "c:\Users\yilin\Documents\GitHubRepo_Research\MicroTensileMachine\MicroTensileMachine\Experiment_SMAThermalCharacterization\workers.py", line 394, in run
    self._main_loop()
  File "c:\Users\yilin\Documents\GitHubRepo_Research\MicroTensileMachine\MicroTensileMachine\Experiment_SMAThermalCharacterization\workers.py", line 438, in _main_loop
    ev = reader.poll_event()
         ^^^^^^^^^^^^^^^^^^^
  File "C:\Users\yilin\Documents\GitHubRepo_Research\MicroTensileMachine\MicroTensileMachine\Calibrate_LaserHead\portenta_reader.py", line 441, in poll_event
    line = self._readline()
           ^^^^^^^^^^^^^^^^
  File "C:\Users\yilin\Documents\GitHubRepo_Research\MicroTensileMachine\MicroTensileMachine\Calibrate_LaserHead\portenta_reader.py", line 390, in _readline
    raw = self._ser.readline()
          ^^^^^^^^^^^^^^^^^^^^
  File "C:\Users\yilin\AppData\Local\Programs\Python\Python312\Lib\site-packages\serial\serialwin32.py", line 275, in read
    raise SerialException("ClearCommError failed ({!r})".format(ctypes.WinError()))
serial.serialutil.SerialException: ClearCommError failed (PermissionError(13, 'The device does not recognize the command.', None, 22))
2026-07-15 17:09:27,564  INFO   H7Worker            H7 worker exit  (pushed=0, dropped=0, filtered=0)
2026-07-15 17:09:30,099  INFO   H7Worker            H7 reader thread pinned: priority=above_normal core=31
2026-07-15 17:09:30,100  INFO   RecordingCore       H7: reconnect requested
2026-07-15 17:09:30,102  INFO   PortentaReader      Requested RX buffer 4.0 MB (driver may cap it)
2026-07-15 17:09:30,102  INFO   PortentaReader      Opened COM8 @ 115200 baud, waiting 4.0s for firmware boot...
2026-07-15 17:09:31,150  WARNING  RecordingCore       HEALTH WARNING: H7 silent 1.0s — no new samples (critical; other instruments still recording)
2026-07-15 17:09:34,137  INFO   PortentaReader      boot banner (36 lines):
2026-07-15 17:09:34,138  INFO   PortentaReader        ADS1263 ready (dual-ADC; both paths parked until configureADCx)
2026-07-15 17:09:34,138  INFO   PortentaReader        [M4 cp 8] adc.begin returned TRUE
2026-07-15 17:09:34,138  INFO   PortentaReader        [M4] ADC ready, ID=0x23
2026-07-15 17:09:34,138  INFO   PortentaReader        ADC1 configured: INPMUX=0x45 REFMUX=0x9 VREF=5.000 V rate=400 SPS
2026-07-15 17:09:34,138  INFO   PortentaReader        [M4 cp 9] ADC1 started on AIN4/AIN5 (laser), REF7050 on AIN0/AIN1, PGA in path gain=1
2026-07-15 17:09:34,138  INFO   PortentaReader        ADC2 configured: ADC2MUX=0x23 REF2=0x1 VREF=5.000 V rate=400 SPS gain=1x
2026-07-15 17:09:34,138  INFO   PortentaReader        [M4 cp 10] ADC2 started on AIN2/AIN3 (load), REF7050 shared with ADC1, 400 SPS gain=1
2026-07-15 17:09:34,138  INFO   PortentaReader        --- ADS1263 Config (dual-ADC) ---
2026-07-15 17:09:34,138  WARNING  PortentaReader      Opened COM8 but no sample lines seen in 4.0s boot window. If this persists: power-cycle Hat Carrier, re-seat HAT.
2026-07-15 17:09:34,225  INFO   H7Worker            H7 ready: port=COM8 baud=115200 channels=['laser', 'load', 'sma_i', 'sma_r', 'sma_v']
2026-07-15 17:09:40,718  INFO   H7Worker            H7 worker exit  (pushed=0, dropped=0, filtered=0)
2026-07-15 17:09:40,769  INFO   Driver_ZaberStage   Disconnected
2026-07-15 17:09:40,769  INFO   ZaberWorker         Zaber worker exit  (pushed=4382, dropped=0)
2026-07-15 17:09:40,866  INFO   CameraWorker        Camera worker exit (written=0)
2026-07-15 17:09:40,904  INFO   RecordingCore       Wrote C:\Users\yilin\Documents\GitHubRepo_Research\MicroTensileMachine\MicroTensileMachine\Experiment_SMAThermalCharacterization\data\console_20260715_170809\meta.json
